 CoreServer

 Timestamp is 69152b8b (Wed Nov 12 19:51:23 2025)

 Preferred load address is 10000000

 Start         Length     Name                   Class
 0001:00000000 00086552H .text                   CODE
 0001:00086560 0000282dH .text$x                 CODE
 0002:00000000 0000034cH .idata$5                DATA
 0002:00000350 0000b5f8H .rdata                  DATA
 0002:0000b948 000006ecH .rdata$r                DATA
 0002:0000c038 00003700H .xdata$x                DATA
 0002:0000f738 0000008cH .idata$2                DATA
 0002:0000f7c4 00000014H .idata$3                DATA
 0002:0000f7d8 0000034cH .idata$4                DATA
 0002:0000fb24 000011d6H .idata$6                DATA
 0002:00010d00 00001c2fH .edata                  DATA
 0003:00000000 00000004H .CRT$XCA                DATA
 0003:00000004 000002a4H .CRT$XCU                DATA
 0003:000002a8 00000004H .CRT$XCZ                DATA
 0003:000002ac 00000004H .CRT$XIA                DATA
 0003:000002b0 0000000cH .CRT$XIC                DATA
 0003:000002bc 00000004H .CRT$XIY                DATA
 0003:000002c0 00000004H .CRT$XIZ                DATA
 0003:000002c4 00000004H .CRT$XPA                DATA
 0003:000002c8 00000004H .CRT$XPX                DATA
 0003:000002cc 00000004H .CRT$XPZ                DATA
 0003:000002d0 00000004H .CRT$XTA                DATA
 0003:000002d4 00000004H .CRT$XTB                DATA
 0003:000002d8 00000004H .CRT$XTZ                DATA
 0003:000002e0 00007ca0H .data                   DATA
 0003:00007f80 281b7e2cH .bss                    DATA

  Address         Publics by Value              Rva+Base     Lib:Object

 0001:00000000       ??_H@YGXPAXIHP6EX0@Z@Z     10001000 f i KPartnerSkill.obj
 0001:00000060       ?id@?$ctype@G@std@@$E      10001060 f i KPartnerSkill.obj
 0001:000000a0       ?GetMoney@KInventory@@QAEHXZ 100010a0 f i KThiefSkill.obj
 0001:000000b0       ?SetMoney@KInventory@@QAEHH@Z 100010b0 f i KThiefSkill.obj
 0001:000000d0       ??4KInventory@@QAEAAV0@ABV0@@Z 100010d0 f i KThiefSkill.obj
 0001:00000100       ?GetBuildItem@KItemList@@QAEHH@Z 10001100 f i KThiefSkill.obj
 0001:00000110       ?GetEquipment@KItemList@@QBEHH@Z 10001110 f i KThiefSkill.obj
 0001:00000120       ?GetMoney@KItemList@@QAEHH@Z 10001120 f i KThiefSkill.obj
 0001:00000140       ?Hand@KItemList@@QAEHXZ    10001140 f i KThiefSkill.obj
 0001:00000150       ?GetMaskLock@KItemList@@QAEHXZ 10001150 f i KThiefSkill.obj
 0001:00000160       ?GetItemCount@KItemList@@QAEHXZ 10001160 f i KThiefSkill.obj
 0001:00000170       ??4KItemList@@QAEAAV0@ABV0@@Z 10001170 f i KThiefSkill.obj
 0001:00000190       ??0KThiefSkill@@QAE@XZ     10001190 f   KThiefSkill.obj
 0001:000001c0       ?GetSkillCostType@KThiefSkill@@UBE?AW4NPCATTRIB@@XZ 100011c0 f i KThiefSkill.obj
 0001:000001d0       ?GetAttackRadius@KThiefSkill@@UBEHXZ 100011d0 f i KThiefSkill.obj
 0001:000001e0       ?IsTargetOnly@KThiefSkill@@UBEHXZ 100011e0 f i KThiefSkill.obj
 0001:000001f0       ?IsTargetSelf@KThiefSkill@@UBEHXZ 100011f0 f i KThiefSkill.obj
 0001:00000200       ?IsTargetEnemy@KThiefSkill@@UBEHXZ 10001200 f i KThiefSkill.obj
 0001:00000210       ?IsTargetAlly@KThiefSkill@@UBEHXZ 10001210 f i KThiefSkill.obj
 0001:00000220       ?IsTargetObj@KThiefSkill@@UBEHXZ 10001220 f i KThiefSkill.obj
 0001:00000230       ??_EKThiefSkill@@UAEPAXI@Z 10001230 f i KThiefSkill.obj
 0001:00000230       ??_GKThiefSkill@@UAEPAXI@Z 10001230 f i KThiefSkill.obj
 0001:00000250       ??1KThiefSkill@@UAE@XZ     10001250 f   KThiefSkill.obj
 0001:00000260       ?GetSkillId@KThiefSkill@@UAEHXZ 10001260 f   KThiefSkill.obj
 0001:00000270       ?GetSkillName@KThiefSkill@@UAEPBDXZ 10001270 f   KThiefSkill.obj
 0001:00000280       ?GetSkillStyle@KThiefSkill@@UAEHXZ 10001280 f   KThiefSkill.obj
 0001:00000290       ?LoadSkillLevelData@KThiefSkill@@UAEXKH@Z 10001290 f   KThiefSkill.obj
 0001:000002a0       ?DoSkill@KThiefSkill@@QAEHPAVKNpc@@HH@Z 100012a0 f   KThiefSkill.obj
 0001:000002f0       ?Cast_Redress@KThiefSkill@@AAEHPAVKPlayer@@0@Z 100012f0 f   KThiefSkill.obj
 0001:00000500       ?Cast_ShowLife@KThiefSkill@@AAEHPAVKPlayer@@0@Z 10001500 f   KThiefSkill.obj
 0001:00000590       ?Cast_ShowMana@KThiefSkill@@AAEHPAVKPlayer@@0@Z 10001590 f   KThiefSkill.obj
 0001:00000620       ?Cast_ShowMoney@KThiefSkill@@AAEHPAVKPlayer@@0@Z 10001620 f   KThiefSkill.obj
 0001:000006a0       ?Cast_RunScript@KThiefSkill@@AAEHPAVKPlayer@@0@Z 100016a0 f   KThiefSkill.obj
 0001:000006d0       ?Cast@KThiefSkill@@QAEHPAVKPlayer@@0@Z 100016d0 f   KThiefSkill.obj
 0001:00000750       ?OnSkill@KThiefSkill@@QAEHPAVKNpc@@@Z 10001750 f   KThiefSkill.obj
 0001:00000860       ?CanCastSkill@KThiefSkill@@UBEHHAAH0@Z 10001860 f   KThiefSkill.obj
 0001:00000930       ?LoadSetting@KThiefSkill@@QAEHPAD@Z 10001930 f   KThiefSkill.obj
 0001:00000b20       ?GetSkillCost@KThiefSkill@@UBEHPAX@Z 10001b20 f   KThiefSkill.obj
 0001:00000b70       ?IsAura@ISkill@@UBEHXZ     10001b70 f i KThiefSkill.obj
 0001:00000b80       ?IsPhysical@ISkill@@UBEHXZ 10001b80 f i KThiefSkill.obj
 0001:00000b90       ?GetSkillAttrib@ISkill@@UBEFXZ 10001b90 f i KThiefSkill.obj
 0001:00000ba0       ?IsExpSkill@ISkill@@UBEHXZ 10001ba0 f i KThiefSkill.obj
 0001:00000bb0       ?GetSkillLevelUpScriptId@ISkill@@UBEKXZ 10001bb0 f i KThiefSkill.obj
 0001:00000bc0       ??_GISkill@@UAEPAXI@Z      10001bc0 f i KThiefSkill.obj
 0001:00000bc0       ??_EISkill@@UAEPAXI@Z      10001bc0 f i KThiefSkill.obj
 0001:00000be0       ??0KMissleSet@@QAE@XZ      10001be0 f i KMissle.obj
 0001:00000bf0       ??4KMissleSet@@QAEAAV0@ABV0@@Z 10001bf0 f i KMissle.obj
 0001:00000c20       ??1KMissleSet@@QAE@XZ      10001c20 f i KMissle.obj
 0001:00000d30       ??0KMissle@@QAE@XZ         10001d30 f   KMissle.obj
 0001:00000da0       ??_GKMissle@@UAEPAXI@Z     10001da0 f i KMissle.obj
 0001:00000da0       ??_EKMissle@@UAEPAXI@Z     10001da0 f i KMissle.obj
 0001:00000dc0       ?Release@KMissle@@AAEXXZ   10001dc0 f   KMissle.obj
 0001:00000e10       ??1KMissle@@UAE@XZ         10001e10 f   KMissle.obj
 0001:00000e20       ??_EKNode@@UAEPAXI@Z       10001e20 f i KMissle.obj
 0001:00000e20       ??_GKNode@@UAEPAXI@Z       10001e20 f i KMissle.obj
 0001:00000e40       ?GetInfoFromTabFile@KMissle@@QAEHH@Z 10001e40 f   KMissle.obj
 0001:00000e60       ?GetInfoFromTabFile@KMissle@@QAEHPAVKITabFile@@H@Z 10001e60 f   KMissle.obj
 0001:00001070       ?Init@KMissle@@AAEHHHHHH@Z 10002070 f   KMissle.obj
 0001:00001080       ?Activate@KMissle@@QAEHXZ  10002080 f   KMissle.obj
 0001:000012d0       ?OnWait@KMissle@@AAEXXZ    100022d0 f   KMissle.obj
 0001:000012e0       ?OnCollision@KMissle@@AAEXXZ 100022e0 f   KMissle.obj
 0001:000012f0       ?CheckCollision@KMissle@@AAEHXZ 100022f0 f   KMissle.obj
 0001:000014b0       ?OnFly@KMissle@@AAEXXZ     100024b0 f   KMissle.obj
 0001:00001db0       ?OnVanish@KMissle@@AAEXXZ  10002db0 f   KMissle.obj
 0001:00001dc0       ?CheckBeyondRegion@KMissle@@AAEHHH@Z 10002dc0 f   KMissle.obj
 0001:00002050       ??4KMissle@@AAEAAV0@AAV0@@Z 10003050 f   KMissle.obj
 0001:000021c0       ?ProcessDamage@KMissle@@AAEHH@Z 100031c0 f   KMissle.obj
 0001:00002660       ?DoVanish@KMissle@@AAEXXZ  10003660 f   KMissle.obj
 0001:00002700       ?DoCollision@KMissle@@AAEXXZ 10003700 f   KMissle.obj
 0001:00002780       ?DoFly@KMissle@@AAEXXZ     10003780 f   KMissle.obj
 0001:000027a0       ?GetOffsetAxis@KMissle@@SAHHHHHHHAAH00@Z 100037a0 f   KMissle.obj
 0001:000028d0       ?ProcessCollision@KMissle@@AAEHHHHHHH@Z 100038d0 f   KMissle.obj
 0001:00002a40       ?ProcessCollision@KMissle@@AAEHXZ 10003a40 f   KMissle.obj
 0001:00002a80       ?DoWait@KMissle@@AAEXXZ    10003a80 f   KMissle.obj
 0001:00002a90       ?PrePareFly@KMissle@@AAEHXZ 10003a90 f   KMissle.obj
 0001:00002cf0       ?CheckNearestCollision@KMissle@@AAEHXZ 10003cf0 f   KMissle.obj
 0001:00002eb0       ?FindNearestCollision@KMissle@@AAEHHH@Z 10003eb0 f   KMissle.obj
 0001:00002f80       ?GetMpsPos@KMissle@@QAEXPAH0@Z 10003f80 f   KMissle.obj
 0001:00002fd0       ??_GKIndexNode@@UAEPAXI@Z  10003fd0 f i KMissle.obj
 0001:00002fd0       ??_EKIndexNode@@UAEPAXI@Z  10003fd0 f i KMissle.obj
 0001:00002ff0       ??1KIndexNode@@UAE@XZ      10003ff0 f i KMissle.obj
 0001:00003000       ?Send@KWorldMsg@@QAEHKHHH@Z 10004000 f i KMissle.obj
 0001:00003070       ??_EKWorldMsgNode@@UAEPAXI@Z 10004070 f i KMissle.obj
 0001:00003070       ??_GKWorldMsgNode@@UAEPAXI@Z 10004070 f i KMissle.obj
 0001:00003090       ??1KWorldMsgNode@@UAE@XZ   10004090 f i KMissle.obj
 0001:00003140       ?Init@KMissleSet@@QAEXXZ   10004140 f   KMissleSet.obj
 0001:00003190       ?FindFree@KMissleSet@@QAEHXZ 10004190 f   KMissleSet.obj
 0001:000031a0       ?Add@KMissleSet@@QAEHHHHHHH@Z 100041a0 f   KMissleSet.obj
 0001:00003240       ?Add@KMissleSet@@QAEHHHH@Z 10004240 f   KMissleSet.obj
 0001:00003390       ?CreateMissile@KMissleSet@@QAEHHHHHHHHH@Z 10004390 f   KMissleSet.obj
 0001:000033c0       ?Activate@KMissleSet@@QAEHXZ 100043c0 f   KMissleSet.obj
 0001:000033f0       ?Remove@KMissleSet@@QAEXH@Z 100043f0 f   KMissleSet.obj
 0001:00003440       ?Draw@KMissleSet@@QAEXXZ   10004440 f   KMissleSet.obj
 0001:00003450       ?GetCount@KMissleSet@@QAEHXZ 10004450 f   KMissleSet.obj
 0001:00003470       ?ClearMissles@KMissleSet@@QAEXXZ 10004470 f   KMissleSet.obj
 0001:000034d0       ??0KSkillList@@QAE@XZ      100044d0 f   KSkillList.obj
 0001:00003500       ??1KSkillList@@QAE@XZ      10004500 f   KSkillList.obj
 0001:00003510       ?FindSame@KSkillList@@QAEHH@Z 10004510 f   KSkillList.obj
 0001:00003540       ?FindFree@KSkillList@@QAEHXZ 10004540 f   KSkillList.obj
 0001:00003560       ?SetNpcSkill@KSkillList@@QAEXHHH@Z 10004560 f   KSkillList.obj
 0001:000035f0       ?RemoveNpcSkill@KSkillList@@QAEXH@Z 100045f0 f   KSkillList.obj
 0001:00003620       ?GetCount@KSkillList@@QAEHXZ 10004620 f   KSkillList.obj
 0001:00003640       ?IncreaseLevel@KSkillList@@QAEHHHH@Z 10004640 f   KSkillList.obj
 0001:00003740       ?Add@KSkillList@@QAEHHH_N@Z 10004740 f   KSkillList.obj
 0001:000038a0       ?Remove@KSkillList@@QAEXH@Z 100048a0 f   KSkillList.obj
 0001:00003930       ?GetLevel@KSkillList@@QAEHH@Z 10004930 f   KSkillList.obj
 0001:00003960       ?GetCurrentLevel@KSkillList@@QAEHH@Z 10004960 f   KSkillList.obj
 0001:00003990       ?GetPointAdd@KSkillList@@QAEDH@Z 10004990 f   KSkillList.obj
 0001:000039c0       ?CanCast@KSkillList@@QAEHHK@Z 100049c0 f   KSkillList.obj
 0001:00003a10       ?SetNextCastTime@KSkillList@@QAEXHK@Z 10004a10 f   KSkillList.obj
 0001:00003a40       ?SetMaxCastTime@KSkillList@@QAEXHK@Z 10004a40 f   KSkillList.obj
 0001:00003a70       ?GetEnhanceSkills@KSkillList@@QAEHH@Z 10004a70 f   KSkillList.obj
 0001:00003b00       ?UpdateDBSkillList@KSkillList@@QAEHPAE@Z 10004b00 f   KSkillList.obj
 0001:00003b50       ?ClearSkillLevel@KSkillList@@QAEH_N@Z 10004b50 f   KSkillList.obj
 0001:00003be0       ?SetNpcSkill120@KSkillList@@QAEXHH@Z 10004be0 f   KSkillList.obj
 0001:00003c10       ?AddExpSkill120@KSkillList@@QAEXH@Z 10004c10 f   KSkillList.obj
 0001:00003ff0       ?IncreaseSkill120@KSkillList@@QAEXXZ 10004ff0 f   KSkillList.obj
 0001:000040c0       ?IsAddExp@KSkillList@@QAEHH@Z 100050c0 f   KSkillList.obj
 0001:000041d0       ??0KSkillManager@@QAE@XZ   100051d0 f   KSkillManager.obj
 0001:000041e0       ??1KSkillManager@@QAE@XZ   100051e0 f   KSkillManager.obj
 0001:00004220       ?Init@KSkillManager@@QAEHXZ 10005220 f   KSkillManager.obj
 0001:000043e0       ?InstanceSkill@KSkillManager@@AAEPAVISkill@@KK@Z 100053e0 f   KSkillManager.obj
 0001:00004550       ??4KSkill@@QAEAAV0@ABV0@@Z 10005550 f i KSkillManager.obj
 0001:00004950       ??0KSkill@@QAE@XZ          10005950 f   KSkills.obj
 0001:00004a70       ??_EKSkill@@UAEPAXI@Z      10005a70 f i KSkills.obj
 0001:00004a70       ??_GKSkill@@UAEPAXI@Z      10005a70 f i KSkills.obj
 0001:00004a90       ??1KSkill@@UAE@XZ          10005a90 f   KSkills.obj
 0001:00004aa0       ?CanCastSkill@KSkill@@UBEHHAAH0@Z 10005aa0 f   KSkills.obj
 0001:00004c90       ?Cast@KSkill@@QBEHHHHHW4eSkillLauncherType@@H@Z 10005c90 f   KSkills.obj
 0001:00004eb0       ?Vanish@KSkill@@ABEXPAVKMissle@@@Z 10005eb0 f   KSkills.obj
 0001:00004ec0       ?OnMissleEvent@KSkill@@QBEHGPAVKMissle@@@Z 10005ec0 f   KSkills.obj
 0001:000050d0       ?FlyEvent@KSkill@@ABEXPAVKMissle@@@Z 100060d0 f   KSkills.obj
 0001:000050e0       ?Collidsion@KSkill@@ABEXPAVKMissle@@@Z 100060e0 f   KSkills.obj
 0001:000050f0       ?CastMissles@KSkill@@ABEHHHHHW4eSkillLauncherType@@@Z 100060f0 f   KSkills.obj
 0001:000069a0       ?qsqrt@@YAMM@Z             100079a0 f i KSkills.obj
 0001:000069d0       ?g_GetDistance@@YAHHHHH@Z  100079d0 f i KSkills.obj
 0001:00006a40       ?CastZone@KSkill@@ABEHPAUTOrdinSkillParam@@HHHHH@Z 10007a40 f   KSkills.obj
 0001:00006fb0       ?CastLine@KSkill@@ABEHPAUTOrdinSkillParam@@HHHHH@Z 10007fb0 f   KSkills.obj
 0001:00007410       ?CastExtractiveLineMissle@KSkill@@ABEHPAUTOrdinSkillParam@@HHHHHHH@Z 10008410 f   KSkills.obj
 0001:00007800       ?CastWall@KSkill@@ABEHPAUTOrdinSkillParam@@HHHHH@Z 10008800 f   KSkills.obj
 0001:00007cf0       ?CastCircle@KSkill@@ABEHPAUTOrdinSkillParam@@HHH@Z 10008cf0 f   KSkills.obj
 0001:00008090       ?CastSpread@KSkill@@ABEHPAUTOrdinSkillParam@@HHH@Z 10009090 f   KSkills.obj
 0001:000085f0       ?GetChildSkillNum@KSkill@@QBEHH@Z 100095f0 f   KSkills.obj
 0001:00008600       ?CreateMissle@KSkill@@ABEXHHH@Z 10009600 f   KSkills.obj
 0001:00008800       ?GetInfoFromTabFile@KSkill@@QAEHH@Z 10009800 f   KSkills.obj
 0001:00008820       ?GetInfoFromTabFile@KSkill@@QAEHPAVKITabFile@@H@Z 10009820 f   KSkills.obj
 0001:00008e00       ?LoadSkillLevelData@KSkill@@UAEXKH@Z 10009e00 f   KSkills.obj
 0001:00009040       ?CreateMissleMagicAttribsData@KSkill@@QBEPAVKMissleMagicAttribsData@@H@Z 1000a040 f   KSkills.obj
 0001:00009170       ?GetMissleGenerateTime@KSkill@@QBEIH@Z 1000a170 f   KSkills.obj
 0001:00009270       ?GetSkillIdFromName@KSkill@@SAHPAD@Z 1000a270 f   KSkills.obj
 0001:00009310       ?CastInitiativeSkill@KSkill@@ABEHHHHH@Z 1000a310 f   KSkills.obj
 0001:000093b0       ?CastInitiativeSkill@KSkill@@ABEXHH@Z 1000a3b0 f   KSkills.obj
 0001:000094d0       ?CastPassivitySkill@KSkill@@ABEHHHHHH@Z 1000a4d0 f   KSkills.obj
 0001:000095b0       ?CastStateSkill@KSkill@@QBEHHHHHH@Z 1000a5b0 f   KSkills.obj
 0001:00009600       ?ParseString2MagicAttrib@KSkill@@AAEHKPAD0@Z 1000a600 f   KSkills.obj
 0001:00009db0       ?IsTargetOnly@KSkill@@UBEHXZ 1000adb0 f i KSkills.obj
 0001:00009dc0       ?IsTargetSelf@KSkill@@UBEHXZ 1000adc0 f i KSkills.obj
 0001:00009dd0       ?IsTargetEnemy@KSkill@@UBEHXZ 1000add0 f i KSkills.obj
 0001:00009de0       ?IsTargetAlly@KSkill@@UBEHXZ 1000ade0 f i KSkills.obj
 0001:00009df0       ?IsTargetObj@KSkill@@UBEHXZ 1000adf0 f i KSkills.obj
 0001:00009e00       ?GetSkillLevelUpScriptId@KSkill@@UBEKXZ 1000ae00 f i KSkills.obj
 0001:00009e10       ?GetSkillName@KSkill@@UAEPBDXZ 1000ae10 f i KSkills.obj
 0001:00009e20       ?GetSkillStyle@KSkill@@UAEHXZ 1000ae20 f i KSkills.obj
 0001:00009e30       ?GetAttackRadius@KSkill@@UBEHXZ 1000ae30 f i KSkills.obj
 0001:00009e40       ?GetSkillCost@KSkill@@UBEHPAX@Z 1000ae40 f i KSkills.obj
 0001:00009e50       ?GetSkillCostType@KSkill@@UBE?AW4NPCATTRIB@@XZ 1000ae50 f i KSkills.obj
 0001:00009e60       ?GetSkillId@KSkill@@UAEHXZ 1000ae60 f i KSkills.obj
 0001:00009e70       ?IsAura@KSkill@@UBEHXZ     1000ae70 f i KSkills.obj
 0001:00009e80       ?IsPhysical@KSkill@@UBEHXZ 1000ae80 f i KSkills.obj
 0001:00009e90       ?GetSkillAttrib@KSkill@@UBEFXZ 1000ae90 f i KSkills.obj
 0001:00009ea0       ?IsExpSkill@KSkill@@UBEHXZ 1000aea0 f i KSkills.obj
 0001:00009f40       ?Init@KFaction@@QAEHXZ     1000af40 f   KFaction.obj
 0001:0000a3f0       ?GetID@KFaction@@QAEHHH@Z  1000b3f0 f   KFaction.obj
 0001:0000a420       ?GetID@KFaction@@QAEHHPAD@Z 1000b420 f   KFaction.obj
 0001:0000a4b0       ?GetCamp@KFaction@@QAEHH@Z 1000b4b0 f   KFaction.obj
 0001:0000a5e0       ??1KNpc@@QAE@XZ            1000b5e0 f i KNpc.obj
 0001:0000a640       ??1KList@@QAE@XZ           1000b640 f i KNpc.obj
 0001:0000a650       ??0KNpc@@QAE@XZ            1000b650 f   KNpc.obj
 0001:0000a8f0       ??1KNode@@UAE@XZ           1000b8f0 f i KNpc.obj
 0001:0000a900       ??0KNode@@QAE@XZ           1000b900 f i KNpc.obj
 0001:0000a920       ??0KMagicAttrib@@QAE@XZ    1000b920 f i KNpc.obj
 0001:0000a940       ?Init@KNpc@@QAEXXZ         1000b940 f   KNpc.obj
 0001:0000ad00       ?GetActiveSkill@KNpc@@QAEPAVISkill@@XZ 1000bd00 f   KNpc.obj
 0001:0000ad90       ?SetCurrentCamp@KNpc@@QAEXH@Z 1000bd90 f   KNpc.obj
 0001:0000aef0       ?SetCamp@KNpc@@QAEXH@Z     1000bef0 f   KNpc.obj
 0001:0000b050       ?RestoreCurrentCamp@KNpc@@QAEXXZ 1000c050 f   KNpc.obj
 0001:0000b1b0       ?Activate@KNpc@@QAEXXZ     1000c1b0 f   KNpc.obj
 0001:0000b3c0       ?ProcStatus@KNpc@@QAEXXZ   1000c3c0 f   KNpc.obj
 0001:0000b4a0       ?ProcCommand@KNpc@@QAEXH@Z 1000c4a0 f   KNpc.obj
 0001:0000b6d0       ?ProcessState@KNpc@@QAEHXZ 1000c6d0 f   KNpc.obj
 0001:0000c370       ?DoDeath@KNpc@@AAEXHH@Z    1000d370 f   KNpc.obj
 0001:0000c5d0       ?OnDeath@KNpc@@AAEXXZ      1000d5d0 f   KNpc.obj
 0001:0000c8e0       ?DoDefense@KNpc@@AAEXXZ    1000d8e0 f   KNpc.obj
 0001:0000c8f0       ?OnDefense@KNpc@@AAEXXZ    1000d8f0 f   KNpc.obj
 0001:0000c900       ?DoIdle@KNpc@@AAEXXZ       1000d900 f   KNpc.obj
 0001:0000c920       ?OnIdle@KNpc@@AAEXXZ       1000d920 f   KNpc.obj
 0001:0000c930       ?DoHurt@KNpc@@AAEXHHH@Z    1000d930 f   KNpc.obj
 0001:0000cb60       ?OnHurt@KNpc@@AAEXXZ       1000db60 f   KNpc.obj
 0001:0000cbb0       ?DoSpecial1@KNpc@@AAEXXZ   1000dbb0 f   KNpc.obj
 0001:0000cbc0       ?OnSpecial1@KNpc@@AAEXXZ   1000dbc0 f   KNpc.obj
 0001:0000cc80       ?DoSpecial2@KNpc@@AAEXXZ   1000dc80 f   KNpc.obj
 0001:0000cc90       ?OnSpecial2@KNpc@@AAEXXZ   1000dc90 f   KNpc.obj
 0001:0000cd00       ?DoSpecial3@KNpc@@AAEXXZ   1000dd00 f   KNpc.obj
 0001:0000cd10       ?OnSpecial3@KNpc@@AAEXXZ   1000dd10 f   KNpc.obj
 0001:0000cd20       ?DoSpecial4@KNpc@@AAEXXZ   1000dd20 f   KNpc.obj
 0001:0000cd30       ?OnSpecial4@KNpc@@AAEXXZ   1000dd30 f   KNpc.obj
 0001:0000cd40       ?DoGlide@KNpc@@AAEHF@Z     1000dd40 f   KNpc.obj
 0001:0000d300       ?OnGlide@KNpc@@AAEXXZ      1000e300 f   KNpc.obj
 0001:0000d310       ?GlideTo@KNpc@@AAEXHHF@Z   1000e310 f   KNpc.obj
 0001:0000d350       ?DoStand@KNpc@@AAEXXZ      1000e350 f   KNpc.obj
 0001:0000d390       ?OnStand@KNpc@@AAEXXZ      1000e390 f   KNpc.obj
 0001:0000d3a0       ?DoRevive@KNpc@@AAEXXZ     1000e3a0 f   KNpc.obj
 0001:0000d4c0       ?OnRevive@KNpc@@AAEXXZ     1000e4c0 f   KNpc.obj
 0001:0000d4e0       ?DoRun@KNpc@@AAEXXZ        1000e4e0 f   KNpc.obj
 0001:0000d700       ?OnRun@KNpc@@AAEXH@Z       1000e700 f   KNpc.obj
 0001:0000d7a0       ?DoSit@KNpc@@AAEXXZ        1000e7a0 f   KNpc.obj
 0001:0000d910       ?OnSit@KNpc@@AAEXXZ        1000e910 f   KNpc.obj
 0001:0000d930       ?DoSkill@KNpc@@AAEXHH@Z    1000e930 f   KNpc.obj
 0001:0000dcb0       ?UnDoSkill@KNpc@@AAEXXZ    1000ecb0 f   KNpc.obj
 0001:0000dcd0       ?DoOrdinSkill@KNpc@@AAEHPAVKSkill@@HH@Z 1000ecd0 f   KNpc.obj
 0001:0000de10       ?DoAttack@KNpc@@AAEXXZ     1000ee10 f   KNpc.obj
 0001:0000de60       ?CastMeleeSkill@KNpc@@AAEHPAVKSkill@@@Z 1000ee60 f   KNpc.obj
 0001:0000e0a0       ?DoBlurAttack@KNpc@@AAEHXZ 1000f0a0 f   KNpc.obj
 0001:0000e100       ?DoMagic@KNpc@@AAEXXZ      1000f100 f   KNpc.obj
 0001:0000e150       ?OnSkill@KNpc@@AAEXXZ      1000f150 f   KNpc.obj
 0001:0000e260       ?JumpTo@KNpc@@AAEXHH@Z     1000f260 f   KNpc.obj
 0001:0000e2a0       ?RunTo@KNpc@@AAEXHH@Z      1000f2a0 f   KNpc.obj
 0001:0000e2d0       ?Goto@KNpc@@AAEXHH@Z       1000f2d0 f   KNpc.obj
 0001:0000e300       ?DoWalk@KNpc@@AAEXXZ       1000f300 f   KNpc.obj
 0001:0000e4e0       ?DoPlayerTalk@KNpc@@QAEXPAD@Z 1000f4e0 f   KNpc.obj
 0001:0000e6a0       ?OnPlayerTalk@KNpc@@AAEXXZ 1000f6a0 f   KNpc.obj
 0001:0000e6b0       ?OnWalk@KNpc@@AAEXXZ       1000f6b0 f   KNpc.obj
 0001:0000e6d0       ?GetSkillLevel@KNpc@@QAEHH@Z 1000f6d0 f   KNpc.obj
 0001:0000e700       ?ModifyAttrib@KNpc@@QAEXHPAX@Z 1000f700 f   KNpc.obj
 0001:0000e720       ?CalcDamage@KNpc@@QAEHHHHHW4DAMAGE_TYPE@@HHHHHHHH@Z 1000f720 f   KNpc.obj
 0001:0000f250       ?ReceiveDamage@KNpc@@QAEHHHPAXHHH@Z 10010250 f   KNpc.obj
 0001:0000ff90       ?SetImmediatelySkillEffect@KNpc@@QAEXHPAXH@Z 10010f90 f   KNpc.obj
 0001:0000ffd0       ?AppendSkillEffect@KNpc@@QAEXKHHPAX0@Z 10010fd0 f   KNpc.obj
 0001:00010910       ?ProcMove@KNpc@@AAEXH@Z    10011910 f   KNpc.obj
 0001:00010ea0       ?ProcJump@KNpc@@AAEXH@Z    10011ea0 f   KNpc.obj
 0001:000111c0       ?SendCommand@KNpc@@QAEXW4NPCCMD@@HHH@Z 100121c0 f   KNpc.obj
 0001:00011210       ?SendCommandRandMove@KNpc@@QAEXHHH@Z 10012210 f   KNpc.obj
 0001:00011240       ?NewPath@KNpc@@AAEHHH@Z    10012240 f   KNpc.obj
 0001:00011260       ?NewJump@KNpc@@AAEHHH@Z    10012260 f   KNpc.obj
 0001:000115f0       ?NewGlide@KNpc@@AAEHHHH@Z  100125f0 f   KNpc.obj
 0001:00011980       ?SelfDamage@KNpc@@QAEXH@Z  10012980 f   KNpc.obj
 0001:000119b0       ?Cost@KNpc@@QAEHW4NPCATTRIB@@HH@Z 100129b0 f   KNpc.obj
 0001:00011a20       ?DoJump@KNpc@@AAEXXZ       10012a20 f   KNpc.obj
 0001:00011be0       ?OnJump@KNpc@@AAEHXZ       10012be0 f   KNpc.obj
 0001:00011c30       ?WaitForFrame@KNpc@@AAEHXZ 10012c30 f   KNpc.obj
 0001:00011c60       ?IsReachFrame@KNpc@@AAEHH@Z 10012c60 f   KNpc.obj
 0001:00011c90       ?Load@KNpc@@QAEXHHH@Z      10012c90 f   KNpc.obj
 0001:00011d30       ?GetMpsPos@KNpc@@QAEXPAH0@Z 10012d30 f   KNpc.obj
 0001:00011d80       ?SetActiveSkill@KNpc@@QAEHH@Z 10012d80 f   KNpc.obj
 0001:00011e40       ?SetAuraSkill@KNpc@@QAEXH@Z 10012e40 f   KNpc.obj
 0001:00011f30       ?SetPlayerIdx@KNpc@@QAEHH@Z 10012f30 f   KNpc.obj
 0001:00011f60       ?SendSyncData@KNpc@@QAEHH@Z 10012f60 f   KNpc.obj
 0001:000123c0       ?NormalSync@KNpc@@QAEXXZ   100133c0 f   KNpc.obj
 0001:00012b40       ?BroadCastRevive@KNpc@@QAEXH@Z 10013b40 f   KNpc.obj
 0001:00012ca0       ?SetPos@KNpc@@QAE_NHH@Z    10013ca0 f   KNpc.obj
 0001:00012ec0       ?MoveNpc@KNpc@@QAEXHHHHH_N@Z 10013ec0 f   KNpc.obj
 0001:00012fe0       ?AddBaseLifeMax@KNpc@@QAEXH@Z 10013fe0 f   KNpc.obj
 0001:00013000       ?AddCurLifeMax@KNpc@@QAEXH@Z 10014000 f   KNpc.obj
 0001:00013020       ?AddBaseStaminaMax@KNpc@@QAEXH@Z 10014020 f   KNpc.obj
 0001:00013040       ?AddCurStaminaMax@KNpc@@QAEXH@Z 10014040 f   KNpc.obj
 0001:00013060       ?AddBaseManaMax@KNpc@@QAEXH@Z 10014060 f   KNpc.obj
 0001:00013080       ?AddCurManaMax@KNpc@@QAEXH@Z 10014080 f   KNpc.obj
 0001:000130a0       ?CalcCurLifeReplenish@KNpc@@QAEXXZ 100140a0 f   KNpc.obj
 0001:000130b0       ?Remove@KNpc@@QAEXXZ       100140b0 f   KNpc.obj
 0001:000130c0       ?SetSeries@KNpc@@QAEXH@Z   100140c0 f   KNpc.obj
 0001:000130e0       ?SetStateSkillEffect@KNpc@@QAEXHHHPAXHHH@Z 100140e0 f   KNpc.obj
 0001:00013500       ??_EKStateNode@@UAEPAXI@Z  10014500 f i KNpc.obj
 0001:00013500       ??_GKStateNode@@UAEPAXI@Z  10014500 f i KNpc.obj
 0001:00013520       ??1KStateNode@@UAE@XZ      10014520 f i KNpc.obj
 0001:00013530       ?ModifyMissleCollsion@KNpc@@QAEHH@Z 10014530 f   KNpc.obj
 0001:00013560       ?ModifyMissleLifeTime@KNpc@@QAEHH@Z 10014560 f   KNpc.obj
 0001:00013570       ?ModifyMissleSpeed@KNpc@@QAEHH@Z 10014570 f   KNpc.obj
 0001:00013590       ?DoManyAttack@KNpc@@AAEHXZ 10014590 f   KNpc.obj
 0001:00013650       ?OnManyAttack@KNpc@@AAEXXZ 10014650 f   KNpc.obj
 0001:000136f0       ?DoRunAttack@KNpc@@AAEHXZ  100146f0 f   KNpc.obj
 0001:00013800       ?OnRunAttack@KNpc@@AAEXXZ  10014800 f   KNpc.obj
 0001:000139a0       ?DoJumpAttack@KNpc@@AAEHXZ 100149a0 f   KNpc.obj
 0001:00013a40       ?OnJumpAttack@KNpc@@AAEHXZ 10014a40 f   KNpc.obj
 0001:00013b80       ?CheckHitTarget@KNpc@@AAEHHHH@Z 10014b80 f   KNpc.obj
 0001:00013bf0       ?AddStateInfo@KNpc@@AAEXH@Z 10014bf0 f   KNpc.obj
 0001:00013c40       ?AddStateSkillList@KNpc@@AAEXPAVKStateNode@@@Z 10014c40 f   KNpc.obj
 0001:00013ca0       ?GetNpcCopyFromTemplate@KNpc@@QAEXHHH@Z 10014ca0 f   KNpc.obj
 0001:00014080       ?LoadDataFromTemplate@KNpc@@QAEXHHH@Z 10015080 f   KNpc.obj
 0001:000144e0       ?SetPhysicsDamage@KNpc@@QAEXHH@Z 100154e0 f   KNpc.obj
 0001:00014500       ?SetBaseAttackRating@KNpc@@QAEXH@Z 10015500 f   KNpc.obj
 0001:00014520       ?SetBaseDefence@KNpc@@QAEXH@Z 10015520 f   KNpc.obj
 0001:00014540       ?DeathPunish@KNpc@@QAEXHH@Z 10015540 f   KNpc.obj
 0001:00014ae0       ??1tagSHOW_MSG_SYNC@@QAE@XZ 10015ae0 f i KNpc.obj
 0001:00014b00       ?PlayerDeadCreateMoneyObj@KNpc@@AAEXH@Z 10015b00 f   KNpc.obj
 0001:00014bd0       ?LoseMoney@KNpc@@AAEXH@Z   10015bd0 f   KNpc.obj
 0001:00014cf0       ?LoseSingleItem@KNpc@@AAEXH@Z 10015cf0 f   KNpc.obj
 0001:00015140       ?Revive@KNpc@@QAEXXZ       10016140 f   KNpc.obj
 0001:00015360       ?RestoreLiveData@KNpc@@QAEXXZ 10016360 f   KNpc.obj
 0001:00015370       ?SendDataToNearRegion@KNpc@@QAEXPAXK@Z 10016370 f   KNpc.obj
 0001:000154c0       ?DeathCalcPKValue@KNpc@@QAEHH@Z 100164c0 f   KNpc.obj
 0001:00015710       ?CheckPlayerAround@KNpc@@QAEHH@Z 10016710 f   KNpc.obj
 0001:000157d0       ?SendBloodNo@KNpc@@QAEXKH@Z 100167d0 f   KNpc.obj
 0001:00015880       ?getRandomLevel@KNpc@@QAEHQBNH@Z 10016880 f   KNpc.obj
 0001:00015900       ?IsMagicAttribLuckyLevel@KNpc@@QAEHH@Z 10016900 f   KNpc.obj
 0001:00015a30       ?DropRateItem@KNpc@@QAEXHPBDHHHH@Z 10016a30 f   KNpc.obj
 0001:00016210       ?DropObj@KNpc@@QAEXHHPADHH@Z 10017210 f   KNpc.obj
 0001:000162f0       ?UpdateNpcStateInfo@KNpc@@AAEXXZ 100172f0 f   KNpc.obj
 0001:000163d0       ?BroadCastState@KNpc@@QAEXXZ 100173d0 f   KNpc.obj
 0001:00016540       ?AddPoisonState@KNpc@@AAEXHHHH@Z 10017540 f   KNpc.obj
 0001:00016670       ?ClearNpcState@KNpc@@QAEXXZ 10017670 f   KNpc.obj
 0001:000166d0       ?RestoreNpcBaseInfo@KNpc@@QAEXXZ 100176d0 f   KNpc.obj
 0001:00016b10       ?ChangeWorld@KNpc@@QAEHKHH@Z 10017b10 f   KNpc.obj
 0001:000171a0       ?TobeExchangeServer@KNpc@@QAEXKHH@Z 100181a0 f   KNpc.obj
 0001:00017210       ?IsPlayer@KNpc@@QAEHXZ     10018210 f   KNpc.obj
 0001:00017220       ?IsAlive@KNpc@@QAEHXZ      10018220 f   KNpc.obj
 0001:00017240       ?ClearStateSkillEffect@KNpc@@QAEXXZ 10018240 f   KNpc.obj
 0001:00017310       ?ClearNormalState@KNpc@@QAEXXZ 10018310 f   KNpc.obj
 0001:000173e0       ?CheckTrap@KNpc@@QAEXXZ    100183e0 f   KNpc.obj
 0001:00017480       ?SetFightMode@KNpc@@QAEXH@Z 10018480 f   KNpc.obj
 0001:000174d0       ?TurnTo@KNpc@@QAEXH@Z      100184d0 f   KNpc.obj
 0001:00017630       ?ReCalcStateEffect@KNpc@@QAEXXZ 10018630 f   KNpc.obj
 0001:000176c0       ?GetCurActiveWeaponSkill@KNpc@@QAEHXZ 100186c0 f   KNpc.obj
 0001:00017760       ?BroadCastPosition@KNpc@@QAEXXZ 10018760 f   KNpc.obj
 0001:00017910       ?GetFrameCopyFromTemplate@KNpc@@QAEXHHH@Z 10018910 f   KNpc.obj
 0001:00017ce0       ?LoadFrameFromTemplate@KNpc@@QAEXHHH@Z 10018ce0 f   KNpc.obj
 0001:00017d50       ?ReSetRes@KNpc@@QAEXH@Z    10018d50 f   KNpc.obj
 0001:00017da0       ?AutoDoSkill@KNpc@@QAEXHHHH@Z 10018da0 f   KNpc.obj
 0001:00018360       ?RandMove@KNpc@@QAEXHHH@Z  10019360 f   KNpc.obj
 0001:00018560       ?ExecuteRevive@KNpc@@QAEXXZ 10019560 f   KNpc.obj
 0001:00018580       ?SetTitleEffect@KNpc@@QAEXH@Z 10019580 f   KNpc.obj
 0001:00018740       ?SetTimer@KNpc@@QAEXKH@Z   10019740 f   KNpc.obj
 0001:00018760       ?CloseTimer@KNpc@@QAEXXZ   10019760 f   KNpc.obj
 0001:00018770       ?SaveTimerTask@KNpc@@QAEXXZ 10019770 f   KNpc.obj
 0001:00018790       ?LoadTimerTask@KNpc@@QAEXXZ 10019790 f   KNpc.obj
 0001:000187b0       ?ExecuteTimerScript@KNpc@@QAEHPAD0H@Z 100197b0 f   KNpc.obj
 0001:000187f0       ?ExecuteTimerScript@KNpc@@QAEHKPADH@Z 100197f0 f   KNpc.obj
 0001:00018a00       ?ExecuteScript@KNpc@@QAEHPAD0H@Z 10019a00 f   KNpc.obj
 0001:00018a40       ?ExecuteScript@KNpc@@QAEHKPADH@Z 10019a40 f   KNpc.obj
 0001:00018bb0       ?ExecuteScript@KNpc@@QAEHKPAD0@Z 10019bb0 f   KNpc.obj
 0001:00018d40       ?ExecuteScript@KNpc@@QAEHPAD00@Z 10019d40 f   KNpc.obj
 0001:00018d90       ?ExecuteScript2@KNpc@@QAEHKPAD00@Z 10019d90 f   KNpc.obj
 0001:00018f30       ?ExecuteScript2@KNpc@@QAEHKPADHH@Z 10019f30 f   KNpc.obj
 0001:000190a0       ?ExecuteScript2@KNpc@@QAEHPAD0HH@Z 1001a0a0 f   KNpc.obj
 0001:000190f0       ?ExecuteScript2@KNpc@@QAEHPAD000@Z 1001a0f0 f   KNpc.obj
 0001:00019140       ?MaintainAura@KNpc@@QAEXXZ 1001a140 f   KNpc.obj
 0001:000192e0       ??0KNpcAI@@QAE@XZ          1001a2e0 f   KNpcAI.obj
 0001:000192f0       ?Activate@KNpcAI@@QAEXH@Z  1001a2f0 f   KNpcAI.obj
 0001:00019400       ?ProcessPlayer@KNpcAI@@AAEXXZ 1001a400 f   KNpcAI.obj
 0001:00019420       ?TriggerMapTrap@KNpcAI@@AAEXXZ 1001a420 f   KNpcAI.obj
 0001:00019440       ?TriggerObjectTrap@KNpcAI@@AAEXXZ 1001a440 f   KNpcAI.obj
 0001:00019450       ?GetNearestNpc@KNpcAI@@AAEHH@Z 1001a450 f   KNpcAI.obj
 0001:000199b0       ?GetNpcNumber@KNpcAI@@AAEHH@Z 1001a9b0 f   KNpcAI.obj
 0001:00019bc0       ?KeepAttackRange@KNpcAI@@AAEXHH@Z 1001abc0 f   KNpcAI.obj
 0001:00019d60       ?FollowAttack@KNpcAI@@AAEXH@Z 1001ad60 f   KNpcAI.obj
 0001:00019e60       ?InEyeshot@KNpcAI@@AAEHH@Z 1001ae60 f   KNpcAI.obj
 0001:00019ea0       ?CommonAction@KNpcAI@@AAEXXZ 1001aea0 f   KNpcAI.obj
 0001:00019f90       ?KeepActiveRange@KNpcAI@@AAEHXZ 1001af90 f   KNpcAI.obj
 0001:0001a0b0       ?Flee@KNpcAI@@AAEXH@Z      1001b0b0 f   KNpcAI.obj
 0001:0001a150       ?ProcessAIType01@KNpcAI@@AAEXXZ 1001b150 f   KNpcAI.obj
 0001:0001a310       ?ProcessAIType02@KNpcAI@@AAEXXZ 1001b310 f   KNpcAI.obj
 0001:0001a5a0       ?ProcessAIType03@KNpcAI@@AAEXXZ 1001b5a0 f   KNpcAI.obj
 0001:0001a7b0       ?ProcessAIType04@KNpcAI@@AAEXXZ 1001b7b0 f   KNpcAI.obj
 0001:0001a980       ?ProcessAIType05@KNpcAI@@AAEXXZ 1001b980 f   KNpcAI.obj
 0001:0001abb0       ?ProcessAIType06@KNpcAI@@AAEXXZ 1001bbb0 f   KNpcAI.obj
 0001:0001ad80       ?ProcessAIType07@KNpcAI@@AAEXXZ 1001bd80 f   KNpcAI.obj
 0001:0001af20       ??0KNpcAttribModify@@QAE@XZ 1001bf20 f   KNpcAttribModify.obj
 0001:0001b3e0       ??1KNpcAttribModify@@QAE@XZ 1001c3e0 f   KNpcAttribModify.obj
 0001:0001b3f0       ?ModifyAttrib@KNpcAttribModify@@QAEXPAVKNpc@@PAX@Z 1001c3f0 f   KNpcAttribModify.obj
 0001:0001b420       ?AddColdDamageV@KNpcAttribModify@@AAEXPAVKNpc@@PAX@Z 1001c420 f   KNpcAttribModify.obj
 0001:0001b4b0       ?AddFireDamageV@KNpcAttribModify@@AAEXPAVKNpc@@PAX@Z 1001c4b0 f   KNpcAttribModify.obj
 0001:0001b4e0       ?AddLightingDamageV@KNpcAttribModify@@AAEXPAVKNpc@@PAX@Z 1001c4e0 f   KNpcAttribModify.obj
 0001:0001b510       ?AddPhysicsDamageP@KNpcAttribModify@@AAEXPAVKNpc@@PAX@Z 1001c510 f   KNpcAttribModify.obj
 0001:0001b5d0       ?AddPoisonDamageV@KNpcAttribModify@@AAEXPAVKNpc@@PAX@Z 1001c5d0 f   KNpcAttribModify.obj
 0001:0001b620       ?AddPhysicsDamageV@KNpcAttribModify@@AAEXPAVKNpc@@PAX@Z 1001c620 f   KNpcAttribModify.obj
 0001:0001b640       ?AllresP@KNpcAttribModify@@AAEXPAVKNpc@@PAX@Z 1001c640 f   KNpcAttribModify.obj
 0001:0001b690       ?AllSkillV@KNpcAttribModify@@AAEXPAVKNpc@@PAX@Z 1001c690 f   KNpcAttribModify.obj
 0001:0001b710       ?AttackRatingP@KNpcAttribModify@@AAEXPAVKNpc@@PAX@Z 1001c710 f   KNpcAttribModify.obj
 0001:0001b740       ?AttackRatingV@KNpcAttribModify@@AAEXPAVKNpc@@PAX@Z 1001c740 f   KNpcAttribModify.obj
 0001:0001b760       ?AttackSpeedV@KNpcAttribModify@@AAEXPAVKNpc@@PAX@Z 1001c760 f   KNpcAttribModify.obj
 0001:0001b780       ?BadStatusTimeReduceV@KNpcAttribModify@@AAEXPAVKNpc@@PAX@Z 1001c780 f   KNpcAttribModify.obj
 0001:0001b790       ?BurnTimeReduceP@KNpcAttribModify@@AAEXPAVKNpc@@PAX@Z 1001c790 f   KNpcAttribModify.obj
 0001:0001b7a0       ?CastSpeedV@KNpcAttribModify@@AAEXPAVKNpc@@PAX@Z 1001c7a0 f   KNpcAttribModify.obj
 0001:0001b7c0       ?ChangeCampV@KNpcAttribModify@@AAEXPAVKNpc@@PAX@Z 1001c7c0 f   KNpcAttribModify.obj
 0001:0001b800       ?ColdArmorV@KNpcAttribModify@@AAEXPAVKNpc@@PAX@Z 1001c800 f   KNpcAttribModify.obj
 0001:0001b810       ?ColdresP@KNpcAttribModify@@AAEXPAVKNpc@@PAX@Z 1001c810 f   KNpcAttribModify.obj
 0001:0001b830       ?DeadlyStrikeP@KNpcAttribModify@@AAEXPAVKNpc@@PAX@Z 1001c830 f   KNpcAttribModify.obj
 0001:0001b850       ?DexterityV@KNpcAttribModify@@AAEXPAVKNpc@@PAX@Z 1001c850 f   KNpcAttribModify.obj
 0001:0001b890       ?EarthSkillV@KNpcAttribModify@@AAEXPAVKNpc@@PAX@Z 1001c890 f   KNpcAttribModify.obj
 0001:0001b8a0       ?EnergyV@KNpcAttribModify@@AAEXPAVKNpc@@PAX@Z 1001c8a0 f   KNpcAttribModify.obj
 0001:0001b8e0       ?FastHitRecoverV@KNpcAttribModify@@AAEXPAVKNpc@@PAX@Z 1001c8e0 f   KNpcAttribModify.obj
 0001:0001b900       ?FastWalkRunP@KNpcAttribModify@@AAEXPAVKNpc@@PAX@Z 1001c900 f   KNpcAttribModify.obj
 0001:0001b970       ?FireArmorV@KNpcAttribModify@@AAEXPAVKNpc@@PAX@Z 1001c970 f   KNpcAttribModify.obj
 0001:0001b980       ?FireSkillV@KNpcAttribModify@@AAEXPAVKNpc@@PAX@Z 1001c980 f   KNpcAttribModify.obj
 0001:0001b990       ?FreezeTimeReduceP@KNpcAttribModify@@AAEXPAVKNpc@@PAX@Z 1001c990 f   KNpcAttribModify.obj
 0001:0001b9b0       ?KnockBackP@KNpcAttribModify@@AAEXPAVKNpc@@PAX@Z 1001c9b0 f   KNpcAttribModify.obj
 0001:0001b9d0       ?LifeMaxP@KNpcAttribModify@@AAEXPAVKNpc@@PAX@Z 1001c9d0 f   KNpcAttribModify.obj
 0001:0001ba20       ?LifeMaxV@KNpcAttribModify@@AAEXPAVKNpc@@PAX@Z 1001ca20 f   KNpcAttribModify.obj
 0001:0001ba40       ?LifeReplenishV@KNpcAttribModify@@AAEXPAVKNpc@@PAX@Z 1001ca40 f   KNpcAttribModify.obj
 0001:0001ba60       ?LifeV@KNpcAttribModify@@AAEXPAVKNpc@@PAX@Z 1001ca60 f   KNpcAttribModify.obj
 0001:0001ba80       ?LightingArmorV@KNpcAttribModify@@AAEXPAVKNpc@@PAX@Z 1001ca80 f   KNpcAttribModify.obj
 0001:0001ba90       ?LightingresP@KNpcAttribModify@@AAEXPAVKNpc@@PAX@Z 1001ca90 f   KNpcAttribModify.obj
 0001:0001bab0       ?LuckyV@KNpcAttribModify@@AAEXPAVKNpc@@PAX@Z 1001cab0 f   KNpcAttribModify.obj
 0001:0001bb00       ?ManaMaxP@KNpcAttribModify@@AAEXPAVKNpc@@PAX@Z 1001cb00 f   KNpcAttribModify.obj
 0001:0001bb40       ?ManaMaxV@KNpcAttribModify@@AAEXPAVKNpc@@PAX@Z 1001cb40 f   KNpcAttribModify.obj
 0001:0001bb60       ?ManaReplenishV@KNpcAttribModify@@AAEXPAVKNpc@@PAX@Z 1001cb60 f   KNpcAttribModify.obj
 0001:0001bb80       ?ManaV@KNpcAttribModify@@AAEXPAVKNpc@@PAX@Z 1001cb80 f   KNpcAttribModify.obj
 0001:0001bba0       ?ManaShieldP@KNpcAttribModify@@AAEXPAVKNpc@@PAX@Z 1001cba0 f   KNpcAttribModify.obj
 0001:0001bbc0       ?MeleeDamageReturnP@KNpcAttribModify@@AAEXPAVKNpc@@PAX@Z 1001cbc0 f   KNpcAttribModify.obj
 0001:0001bbe0       ?MeleeDamageReturnV@KNpcAttribModify@@AAEXPAVKNpc@@PAX@Z 1001cbe0 f   KNpcAttribModify.obj
 0001:0001bc00       ?MetalSkillV@KNpcAttribModify@@AAEXPAVKNpc@@PAX@Z 1001cc00 f   KNpcAttribModify.obj
 0001:0001bc10       ?PhysicsArmorV@KNpcAttribModify@@AAEXPAVKNpc@@PAX@Z 1001cc10 f   KNpcAttribModify.obj
 0001:0001bc20       ?PhysicsresP@KNpcAttribModify@@AAEXPAVKNpc@@PAX@Z 1001cc20 f   KNpcAttribModify.obj
 0001:0001bc40       ?Damage2ManaP@KNpcAttribModify@@AAEXPAVKNpc@@PAX@Z 1001cc40 f   KNpcAttribModify.obj
 0001:0001bc60       ?PoisonArmorV@KNpcAttribModify@@AAEXPAVKNpc@@PAX@Z 1001cc60 f   KNpcAttribModify.obj
 0001:0001bc70       ?PoisonDamageReduceV@KNpcAttribModify@@AAEXPAVKNpc@@PAX@Z 1001cc70 f   KNpcAttribModify.obj
 0001:0001bca0       ?PoisonresP@KNpcAttribModify@@AAEXPAVKNpc@@PAX@Z 1001cca0 f   KNpcAttribModify.obj
 0001:0001bcc0       ?PoisonTimeReduceP@KNpcAttribModify@@AAEXPAVKNpc@@PAX@Z 1001ccc0 f   KNpcAttribModify.obj
 0001:0001bce0       ?RangeDamageReturnV@KNpcAttribModify@@AAEXPAVKNpc@@PAX@Z 1001cce0 f   KNpcAttribModify.obj
 0001:0001bd00       ?RangeDamageReturnP@KNpcAttribModify@@AAEXPAVKNpc@@PAX@Z 1001cd00 f   KNpcAttribModify.obj
 0001:0001bd20       ?SlowMissleB@KNpcAttribModify@@AAEXPAVKNpc@@PAX@Z 1001cd20 f   KNpcAttribModify.obj
 0001:0001bd50       ?StaminaMaxP@KNpcAttribModify@@AAEXPAVKNpc@@PAX@Z 1001cd50 f   KNpcAttribModify.obj
 0001:0001bd90       ?StaminaMaxV@KNpcAttribModify@@AAEXPAVKNpc@@PAX@Z 1001cd90 f   KNpcAttribModify.obj
 0001:0001bdb0       ?StaminaReplenishV@KNpcAttribModify@@AAEXPAVKNpc@@PAX@Z 1001cdb0 f   KNpcAttribModify.obj
 0001:0001bdd0       ?StaminaV@KNpcAttribModify@@AAEXPAVKNpc@@PAX@Z 1001cdd0 f   KNpcAttribModify.obj
 0001:0001bdf0       ?StealLifeP@KNpcAttribModify@@AAEXPAVKNpc@@PAX@Z 1001cdf0 f   KNpcAttribModify.obj
 0001:0001be10       ?StealManaP@KNpcAttribModify@@AAEXPAVKNpc@@PAX@Z 1001ce10 f   KNpcAttribModify.obj
 0001:0001be30       ?StealStaminaP@KNpcAttribModify@@AAEXPAVKNpc@@PAX@Z 1001ce30 f   KNpcAttribModify.obj
 0001:0001be50       ?StrengthV@KNpcAttribModify@@AAEXPAVKNpc@@PAX@Z 1001ce50 f   KNpcAttribModify.obj
 0001:0001be90       ?StunTimeReduceP@KNpcAttribModify@@AAEXPAVKNpc@@PAX@Z 1001ce90 f   KNpcAttribModify.obj
 0001:0001beb0       ?VisionRadiusP@KNpcAttribModify@@AAEXPAVKNpc@@PAX@Z 1001ceb0 f   KNpcAttribModify.obj
 0001:0001bed0       ?VitalityV@KNpcAttribModify@@AAEXPAVKNpc@@PAX@Z 1001ced0 f   KNpcAttribModify.obj
 0001:0001bf10       ?WaterSkillV@KNpcAttribModify@@AAEXPAVKNpc@@PAX@Z 1001cf10 f   KNpcAttribModify.obj
 0001:0001bf20       ?WoodSkillV@KNpcAttribModify@@AAEXPAVKNpc@@PAX@Z 1001cf20 f   KNpcAttribModify.obj
 0001:0001bf30       ?FireresP@KNpcAttribModify@@AAEXPAVKNpc@@PAX@Z 1001cf30 f   KNpcAttribModify.obj
 0001:0001bf50       ?ArmorDefenseV@KNpcAttribModify@@AAEXPAVKNpc@@PAX@Z 1001cf50 f   KNpcAttribModify.obj
 0001:0001bf70       ?ColdEnhanceP@KNpcAttribModify@@AAEXPAVKNpc@@PAX@Z 1001cf70 f   KNpcAttribModify.obj
 0001:0001bf90       ?FireEnhanceP@KNpcAttribModify@@AAEXPAVKNpc@@PAX@Z 1001cf90 f   KNpcAttribModify.obj
 0001:0001bfb0       ?LightingEnhanceP@KNpcAttribModify@@AAEXPAVKNpc@@PAX@Z 1001cfb0 f   KNpcAttribModify.obj
 0001:0001bfd0       ?PoisonEnhanceP@KNpcAttribModify@@AAEXPAVKNpc@@PAX@Z 1001cfd0 f   KNpcAttribModify.obj
 0001:0001bff0       ?LifePotionV@KNpcAttribModify@@AAEXPAVKNpc@@PAX@Z 1001cff0 f   KNpcAttribModify.obj
 0001:0001c040       ?ManaPotionV@KNpcAttribModify@@AAEXPAVKNpc@@PAX@Z 1001d040 f   KNpcAttribModify.obj
 0001:0001c090       ?PhysicsResMaxP@KNpcAttribModify@@AAEXPAVKNpc@@PAX@Z 1001d090 f   KNpcAttribModify.obj
 0001:0001c0b0       ?ColdResMaxP@KNpcAttribModify@@AAEXPAVKNpc@@PAX@Z 1001d0b0 f   KNpcAttribModify.obj
 0001:0001c0d0       ?FireResMaxP@KNpcAttribModify@@AAEXPAVKNpc@@PAX@Z 1001d0d0 f   KNpcAttribModify.obj
 0001:0001c0f0       ?LightingResMaxP@KNpcAttribModify@@AAEXPAVKNpc@@PAX@Z 1001d0f0 f   KNpcAttribModify.obj
 0001:0001c110       ?PoisonResMaxP@KNpcAttribModify@@AAEXPAVKNpc@@PAX@Z 1001d110 f   KNpcAttribModify.obj
 0001:0001c130       ?AllResMaxP@KNpcAttribModify@@AAEXPAVKNpc@@PAX@Z 1001d130 f   KNpcAttribModify.obj
 0001:0001c180       ?FatallyStrikeP@KNpcAttribModify@@AAEXPAVKNpc@@PAX@Z 1001d180 f   KNpcAttribModify.obj
 0001:0001c190       ?MixPoisonDamage@KNpcAttribModify@@QAEXPAUKMagicAttrib@@0@Z 1001d190 f   KNpcAttribModify.obj
 0001:0001c240       ?AddPhysicsMagicV@KNpcAttribModify@@AAEXPAVKNpc@@PAX@Z 1001d240 f   KNpcAttribModify.obj
 0001:0001c270       ?AddColdMagicV@KNpcAttribModify@@AAEXPAVKNpc@@PAX@Z 1001d270 f   KNpcAttribModify.obj
 0001:0001c300       ?AddFireMagicV@KNpcAttribModify@@AAEXPAVKNpc@@PAX@Z 1001d300 f   KNpcAttribModify.obj
 0001:0001c330       ?AddLightingMagicV@KNpcAttribModify@@AAEXPAVKNpc@@PAX@Z 1001d330 f   KNpcAttribModify.obj
 0001:0001c360       ?AddPoisonMagicV@KNpcAttribModify@@AAEXPAVKNpc@@PAX@Z 1001d360 f   KNpcAttribModify.obj
 0001:0001c3b0       ?DynamicMagicShieldV@KNpcAttribModify@@AAEXPAVKNpc@@PAX@Z 1001d3b0 f   KNpcAttribModify.obj
 0001:0001c3d0       ?ReturnResP@KNpcAttribModify@@AAEXPAVKNpc@@PAX@Z 1001d3d0 f   KNpcAttribModify.obj
 0001:0001c3f0       ?ExpEnhanceP@KNpcAttribModify@@AAEXPAVKNpc@@PAX@Z 1001d3f0 f   KNpcAttribModify.obj
 0001:0001c410       ?PoisonDamageReturnP@KNpcAttribModify@@AAEXPAVKNpc@@PAX@Z 1001d410 f   KNpcAttribModify.obj
 0001:0001c430       ?ReturnSkillP@KNpcAttribModify@@AAEXPAVKNpc@@PAX@Z 1001d430 f   KNpcAttribModify.obj
 0001:0001c450       ?AutoReplySkill@KNpcAttribModify@@AAEXPAVKNpc@@PAX@Z 1001d450 f   KNpcAttribModify.obj
 0001:0001c4a0       ?LifeReplenishP@KNpcAttribModify@@AAEXPAVKNpc@@PAX@Z 1001d4a0 f   KNpcAttribModify.obj
 0001:0001c4c0       ?IgnoreSkillP@KNpcAttribModify@@AAEXPAVKNpc@@PAX@Z 1001d4c0 f   KNpcAttribModify.obj
 0001:0001c4e0       ?AutoAttackSkill@KNpcAttribModify@@AAEXPAVKNpc@@PAX@Z 1001d4e0 f   KNpcAttribModify.obj
 0001:0001c510       ?Poison2DecManaP@KNpcAttribModify@@AAEXPAVKNpc@@PAX@Z 1001d510 f   KNpcAttribModify.obj
 0001:0001c560       ?SkillAppendSkill@KNpcAttribModify@@AAEXPAVKNpc@@PAX@Z 1001d560 f   KNpcAttribModify.obj
 0001:0001c670       ?HideNpc@KNpcAttribModify@@AAEXPAVKNpc@@PAX@Z 1001d670 f   KNpcAttribModify.obj
 0001:0001c690       ?AutoDeathSkill@KNpcAttribModify@@AAEXPAVKNpc@@PAX@Z 1001d690 f   KNpcAttribModify.obj
 0001:0001c6c0       ?RandMove@KNpcAttribModify@@AAEXPAVKNpc@@PAX@Z 1001d6c0 f   KNpcAttribModify.obj
 0001:0001c6f0       ?IgnoreNegativeStateP@KNpcAttribModify@@AAEXPAVKNpc@@PAX@Z 1001d6f0 f   KNpcAttribModify.obj
 0001:0001c730       ?AutoRescueSkill@KNpcAttribModify@@AAEXPAVKNpc@@PAX@Z 1001d730 f   KNpcAttribModify.obj
 0001:0001c760       ?StaticMagicShieldP@KNpcAttribModify@@AAEXPAVKNpc@@PAX@Z 1001d760 f   KNpcAttribModify.obj
 0001:0001c7b0       ?Init@KNpcDeathCalcExp@@QAEXH@Z 1001d7b0 f   KNpcDeathCalcExp.obj
 0001:0001c7e0       ?Active@KNpcDeathCalcExp@@QAEXXZ 1001d7e0 f   KNpcDeathCalcExp.obj
 0001:0001c830       ?AddDamage@KNpcDeathCalcExp@@QAEXHH@Z 1001d830 f   KNpcDeathCalcExp.obj
 0001:0001c980       ?CalcExp@KNpcDeathCalcExp@@QAEHH@Z 1001d980 f   KNpcDeathCalcExp.obj
 0001:0001ccd0       ?GetDamage@KNpcDeathCalcExp@@QBEHXZ 1001dcd0 f   KNpcDeathCalcExp.obj
 0001:0001cce0       ?Clear@KNpcDeathCalcExp@@QAEXXZ 1001dce0 f   KNpcDeathCalcExp.obj
 0001:0001cd30       ??0KNpcFindPath@@QAE@XZ    1001dd30 f   KNpcFindPath.obj
 0001:0001cd50       ?Init@KNpcFindPath@@QAEXH@Z 1001dd50 f   KNpcFindPath.obj
 0001:0001cd80       ?GetDir@KNpcFindPath@@QAEHHHHHHHPAH0@Z 1001dd80 f   KNpcFindPath.obj
 0001:0001d350       ?Dir64To8@KNpcFindPath@@QAEHH@Z 1001e350 f   KNpcFindPath.obj
 0001:0001d360       ?Dir8To64@KNpcFindPath@@QAEHH@Z 1001e360 f   KNpcFindPath.obj
 0001:0001d370       ?CheckDistance@KNpcFindPath@@QAEHHHHHH@Z 1001e370 f   KNpcFindPath.obj
 0001:0001d3b0       ?CheckBarrier@KNpcFindPath@@QAEHHH@Z 1001e3b0 f   KNpcFindPath.obj
 0001:0001d440       ?Init@KNpcGold@@QAEXH@Z    1001e440 f   KNpcGold.obj
 0001:0001d450       ?Release@KNpcGold@@QAEXXZ  1001e450 f   KNpcGold.obj
 0001:0001d4a0       ?SetGoldType@KNpcGold@@QAEXH@Z 1001e4a0 f   KNpcGold.obj
 0001:0001d4b0       ?SetGoldTypeAndBackData@KNpcGold@@QAEXXZ 1001e4b0 f   KNpcGold.obj
 0001:0001d560       ?RecoverBackData@KNpcGold@@QAEXXZ 1001e560 f   KNpcGold.obj
 0001:0001de00       ?UpdateNpcData@KNpcGold@@AAEXH@Z 1001ee00 f   KNpcGold.obj
 0001:0001ea40       ?RandChangeGold@KNpcGold@@QAEXHH@Z 1001fa40 f   KNpcGold.obj
 0001:0001ea80       ?GetGoldType@KNpcGold@@QAEHXZ 1001fa80 f   KNpcGold.obj
 0001:0001ea90       ?SetGoldCurrentType@KNpcGold@@QAEXH@Z 1001fa90 f   KNpcGold.obj
 0001:0001eb10       ??0KNpcGoldTemplate@@QAE@XZ 1001fb10 f   KNpcGold.obj
 0001:0001eb30       ?Init@KNpcGoldTemplate@@QAEHXZ 1001fb30 f   KNpcGold.obj
 0001:0001f030       ??1KNpcSet@@QAE@XZ         10020030 f i KNpcSet.obj
 0001:0001f090       ??0KNpcSet@@QAE@XZ         10020090 f   KNpcSet.obj
 0001:0001f0c0       ?Init@KNpcSet@@QAEXXZ      100200c0 f   KNpcSet.obj
 0001:0001f2a0       ?LoadPlayerBaseValue@KNpcSet@@QAEXPAD@Z 100202a0 f   KNpcSet.obj
 0001:0001f380       ?IsNpcExist@KNpcSet@@QAEHHK@Z 10020380 f   KNpcSet.obj
 0001:0001f3b0       ?GenOneRelation@KNpcSet@@AAE?AW4NPC_RELATION@@W4NPCKIND@@0W4NPCCAMP@@1W4NPCFIGHT@@2@Z 100203b0 f   KNpcSet.obj
 0001:0001f4c0       ?GenRelationTable@KNpcSet@@AAEHXZ 100204c0 f   KNpcSet.obj
 0001:0001f560       ?SearchID@KNpcSet@@QAEHK@Z 10020560 f   KNpcSet.obj
 0001:0001f5a0       ?SearchName@KNpcSet@@QAEHPAD@Z 100205a0 f   KNpcSet.obj
 0001:0001f600       ?SearchNameID@KNpcSet@@QAEHK@Z 10020600 f   KNpcSet.obj
 0001:0001f660       ?SearchNpcById@KNpcSet@@QAEPAVKNpc@@K@Z 10020660 f   KNpcSet.obj
 0001:0001f6d0       ?FindFree@KNpcSet@@AAEHXZ  100206d0 f   KNpcSet.obj
 0001:0001f6f0       ?Add@KNpcSet@@QAEHHHPAX@Z  100206f0 f   KNpcSet.obj
 0001:0001f8c0       ?Add@KNpcSet@@QAEHHHHHH@Z  100208c0 f   KNpcSet.obj
 0001:0001f950       ?Add@KNpcSet@@QAEHHHHHHHHH@Z 10020950 f   KNpcSet.obj
 0001:0001fb10       ?Remove@KNpcSet@@QAEXH@Z   10020b10 f   KNpcSet.obj
 0001:0001fce0       ?RemoveAll@KNpcSet@@QAEXXZ 10020ce0 f   KNpcSet.obj
 0001:0001fd90       ?SetID@KNpcSet@@AAEHH@Z    10020d90 f   KNpcSet.obj
 0001:0001fdd0       ?GetDistance@KNpcSet@@SAHHH@Z 10020dd0 f   KNpcSet.obj
 0001:0001ff50       ?GetDistanceSquare@KNpcSet@@SAHHH@Z 10020f50 f   KNpcSet.obj
 0001:000200b0       ?GetNextIdx@KNpcSet@@QAEHH@Z 100210b0 f   KNpcSet.obj
 0001:000200e0       ?SyncNpc@KNpcSet@@QAEHKH@Z 100210e0 f   KNpcSet.obj
 0001:00020160       ?ExecuteScript@KNpcSet@@QAEHHPAD0H@Z 10021160 f   KNpcSet.obj
 0001:00020190       ?ExecuteScript@KNpcSet@@QAEHHKPADH@Z 10021190 f   KNpcSet.obj
 0001:00020290       ?ClearActivateFlagOfAllNpc@KNpcSet@@QAEXXZ 10021290 f   KNpcSet.obj
 0001:000202c0       ?GetRelation@KNpcSet@@QAE?AW4NPC_RELATION@@HH@Z 100212c0 f   KNpcSet.obj
 0001:00020620       ?g_GenItemDropRate@@YAPAUKItemDropRate@@PAD@Z 10021620 f   KNpcTemplate.obj
 0001:00020850       ??M@YAHVKItemDropRateNode@@0@Z 10021850 f   KNpcTemplate.obj
 0001:00020890       ??8@YAHVKItemDropRateNode@@0@Z 10021890 f   KNpcTemplate.obj
 0001:000208e0       ?InitNpcBaseData@KNpcTemplate@@QAEXH@Z 100218e0 f   KNpcTemplate.obj
 0001:00021080       ??1KItemDropRateNode@@QAE@XZ 10022080 f i KNpcTemplate.obj
 0001:00021090       ?InitNpcLevelData@KNpcTemplate@@QAEXPAVKTabFile@@HPAVKLuaScript@@HH@Z 10022090 f   KNpcTemplate.obj
 0001:00021fe0       ?GetNpcLevelDataFromScript@KNpcTemplate@@SAHPAVKLuaScript@@PADHH1@Z 10022fe0 f   KNpcTemplate.obj
 0001:00022070       ?GetNpcLevelDataFromScript@KNpcTemplate@@SAHPAVKLuaScript@@PADHHNNN@Z 10023070 f   KNpcTemplate.obj
 0001:00022110       ?UpdateDropRate@KNpcTemplate@@SAPAUKItemDropRate@@PBD@Z 10023110 f   KNpcTemplate.obj
 0001:00022120       ?SkillString2Id@KNpcTemplate@@SAHPAD@Z 10023120 f   KNpcTemplate.obj
 0001:00022200       ?DeleteTree@?$BinSTree@VKItemDropRateNode@@@@AAEXPAV?$TreeNode@VKItemDropRateNode@@@@@Z 10023200 f i KNpcTemplate.obj
 0001:00022240       ??1?$TreeNode@VKItemDropRateNode@@@@QAE@XZ 10023240 f i KNpcTemplate.obj
 0001:000222b0       ??0KPlayer@@QAE@XZ         100232b0 f   KPlayer.obj
 0001:00022420       ??1KPlayerAI@@QAE@XZ       10023420 f i KPlayer.obj
 0001:00022430       ??1KEquipmentArray@@QAE@XZ 10023430 f i KPlayer.obj
 0001:00022440       ??1KPlayerChat@@QAE@XZ     10023440 f i KPlayer.obj
 0001:00022460       ??1CChatFriendTeam@@QAE@XZ 10023460 f i KPlayer.obj
 0001:00022470       ??1KPlayer@@QAE@XZ         10023470 f   KPlayer.obj
 0001:00022520       ?Release@KPlayer@@QAEXXZ   10023520 f   KPlayer.obj
 0001:00022730       ?SetPlayerIndex@KPlayer@@QAEXH@Z 10023730 f   KPlayer.obj
 0001:00022750       ?GetPlayerIndex@KPlayer@@QAEHXZ 10023750 f   KPlayer.obj
 0001:00022760       ?Active@KPlayer@@QAEXXZ    10023760 f   KPlayer.obj
 0001:000228a0       ?ProcessMsg@KPlayer@@QAEXPAVKWorldMsgNode@@@Z 100238a0 f   KPlayer.obj
 0001:000228b0       ?IsWaitingRemove@KPlayer@@QAEHXZ 100238b0 f   KPlayer.obj
 0001:000228d0       ?WaitForRemove@KPlayer@@QAEXXZ 100238d0 f   KPlayer.obj
 0001:000228e0       ?IsLoginTimeOut@KPlayer@@QAEHXZ 100238e0 f   KPlayer.obj
 0001:00022920       ?LoginTimeOut@KPlayer@@QAEXXZ 10023920 f   KPlayer.obj
 0001:00022950       ?Save@KPlayer@@QAEHXZ      10023950 f   KPlayer.obj
 0001:000229b0       ?CanSave@KPlayer@@QAEHXZ   100239b0 f   KPlayer.obj
 0001:00022a40       ?SendSyncData@KPlayer@@QAEHAAHAAI@Z 10023a40 f   KPlayer.obj
 0001:00022cd0       ?SendSyncData_Skill@KPlayer@@QAEHXZ 10023cd0 f   KPlayer.obj
 0001:00022da0       ?SendCurNormalSyncData@KPlayer@@QAEXXZ 10023da0 f   KPlayer.obj
 0001:00022e40       ?QuitGame@KPlayer@@QAEXH@Z 10023e40 f   KPlayer.obj
 0001:00022e50       ?BuyItem@KPlayer@@QAEXPAE@Z 10023e50 f   KPlayer.obj
 0001:00022e90       ?SellItem@KPlayer@@QAEXPAE@Z 10023e90 f   KPlayer.obj
 0001:00022ed0       ?GetLoginRevivalPos@KPlayer@@QAEXPAH00@Z 10023ed0 f   KPlayer.obj
 0001:00022ef0       ?GetDeathRevivalPos@KPlayer@@QAEXPAH00@Z 10023ef0 f   KPlayer.obj
 0001:00022f10       ?SetRevivalPos@KPlayer@@QAEXHH@Z 10023f10 f   KPlayer.obj
 0001:00022f90       ?S2CSendTeamInfo@KPlayer@@QAEXPAE@Z 10023f90 f   KPlayer.obj
 0001:000231d0       ?SendSelfTeamInfo@KPlayer@@QAEXXZ 100241d0 f   KPlayer.obj
 0001:00023470       ?CreateTeam@KPlayer@@QAEHPAE@Z 10024470 f   KPlayer.obj
 0001:00023490       ?SetTeamState@KPlayer@@QAEHPAE@Z 10024490 f   KPlayer.obj
 0001:00023550       ?S2CSendAddTeamInfo@KPlayer@@QAEHPAE@Z 10024550 f   KPlayer.obj
 0001:000237c0       ?AddTeamMember@KPlayer@@QAEHPAE@Z 100247c0 f   KPlayer.obj
 0001:00023dc0       ?LeaveTeam@KPlayer@@QAEXPAE@Z 10024dc0 f   KPlayer.obj
 0001:00023f70       ?TeamKickOne@KPlayer@@QAEXPAE@Z 10024f70 f   KPlayer.obj
 0001:000241c0       ?TeamChangeCaptain@KPlayer@@QAEXPAE@Z 100251c0 f   KPlayer.obj
 0001:00024630       ?TeamDismiss@KPlayer@@QAEXPAE@Z 10025630 f   KPlayer.obj
 0001:000248b0       ?SetPK@KPlayer@@QAEXPAE@Z  100258b0 f   KPlayer.obj
 0001:00024910       ?SendFactionData@KPlayer@@QAEXPAE@Z 10025910 f   KPlayer.obj
 0001:00024920       ?SendFactionData@KPlayer@@AAEXXZ 10025920 f   KPlayer.obj
 0001:000249a0       ?GetAboutPos@KPlayer@@QAEXPAUKMapPos@@@Z 100259a0 f   KPlayer.obj
 0001:00024aa0       ?FindAroundPlayer@KPlayer@@QAEHK@Z 10025aa0 f   KPlayer.obj
 0001:00024b80       ?CheckPlayerAround@KPlayer@@QAEHH@Z 10025b80 f   KPlayer.obj
 0001:00024c60       ?FindAroundNpc@KPlayer@@QAEHK@Z 10025c60 f   KPlayer.obj
 0001:00024d30       ?ResetBaseAttribute@KPlayer@@QAEXD@Z 10025d30 f   KPlayer.obj
 0001:00025030       ?CalcCurLucky@KPlayer@@AAEXXZ 10026030 f   KPlayer.obj
 0001:00025040       ?AddBaseStrength@KPlayer@@AAEXH@Z 10026040 f   KPlayer.obj
 0001:000250f0       ?AddBaseDexterity@KPlayer@@AAEXH@Z 100260f0 f   KPlayer.obj
 0001:000251b0       ?AddBaseVitality@KPlayer@@AAEXH@Z 100261b0 f   KPlayer.obj
 0001:000252f0       ?AddBaseEngergy@KPlayer@@AAEXH@Z 100262f0 f   KPlayer.obj
 0001:000253f0       ?ChangeCurStrength@KPlayer@@QAEXH@Z 100263f0 f   KPlayer.obj
 0001:00025410       ?ChangeCurDexterity@KPlayer@@QAEXH@Z 10026410 f   KPlayer.obj
 0001:00025480       ?ChangeCurVitality@KPlayer@@QAEXH@Z 10026480 f   KPlayer.obj
 0001:00025530       ?ChangeCurEngergy@KPlayer@@QAEXH@Z 10026530 f   KPlayer.obj
 0001:000255a0       ?AddBaseLucky@KPlayer@@QAEXH@Z 100265a0 f   KPlayer.obj
 0001:000255c0       ?SetNpcPhysicsDamage@KPlayer@@AAEXXZ 100265c0 f   KPlayer.obj
 0001:00025680       ?SetNpcAttackRating@KPlayer@@AAEXXZ 10026680 f   KPlayer.obj
 0001:000256b0       ?SetNpcDefence@KPlayer@@AAEXXZ 100266b0 f   KPlayer.obj
 0001:000256e0       ?AddExp@KPlayer@@QAEXMHH@Z 100266e0 f   KPlayer.obj
 0001:00025c70       ?AddSelfExp@KPlayer@@QAEXHH@Z 10026c70 f   KPlayer.obj
 0001:00025e60       ?DirectAddExp@KPlayer@@QAEXH@Z 10026e60 f   KPlayer.obj
 0001:00025f10       ?LevelUp@KPlayer@@QAEXXZ   10026f10 f   KPlayer.obj
 0001:00026580       ?UpdataCurData@KPlayer@@QAEXXZ 10027580 f   KPlayer.obj
 0001:00026fa0       ?ReCalcEquip@KPlayer@@QAEXXZ 10027fa0 f   KPlayer.obj
 0001:00027030       ?ReCalcState@KPlayer@@QAEXXZ 10028030 f   KPlayer.obj
 0001:00027050       ?AddLeadExp@KPlayer@@QAEXH@Z 10028050 f   KPlayer.obj
 0001:00027110       ?LevelAddBaseLifeMax@KPlayer@@AAEXXZ 10028110 f   KPlayer.obj
 0001:00027180       ?LevelAddBaseStaminaMax@KPlayer@@AAEXXZ 10028180 f   KPlayer.obj
 0001:00027200       ?LevelAddBaseManaMax@KPlayer@@AAEXXZ 10028200 f   KPlayer.obj
 0001:00027270       ?ChangePlayerCamp@KPlayer@@QAEXH@Z 10028270 f   KPlayer.obj
 0001:000272a0       ?AddFaction@KPlayer@@QAEHPAD@Z 100282a0 f   KPlayer.obj
 0001:00027340       ?AddFaction@KPlayer@@QAEHH@Z 10028340 f   KPlayer.obj
 0001:000273e0       ?LeaveCurFaction@KPlayer@@QAEHXZ 100283e0 f   KPlayer.obj
 0001:00027450       ?CurFactionOpenSkill@KPlayer@@QAEHH@Z 10028450 f   KPlayer.obj
 0001:000274e0       ?TaskClearTempVal@KPlayer@@QAEXXZ 100284e0 f   KPlayer.obj
 0001:000274f0       ?TaskGetSaveVal@KPlayer@@QAEHH@Z 100284f0 f   KPlayer.obj
 0001:00027510       ?TaskSetSaveVal@KPlayer@@QAEXHH@Z 10028510 f   KPlayer.obj
 0001:000275f0       ?TaskGetClearVal@KPlayer@@QAEHH@Z 100285f0 f   KPlayer.obj
 0001:00027610       ?TaskSetClearVal@KPlayer@@QAEXHH@Z 10028610 f   KPlayer.obj
 0001:00027680       ?CheckRideHorse@KPlayer@@QAEXH@Z 10028680 f   KPlayer.obj
 0001:00027790       ?SetLevel@KPlayer@@QAEXE@Z 10028790 f   KPlayer.obj
 0001:00027f50       ?RefeshPlayer@KPlayer@@QAEX_N@Z 10028f50 f   KPlayer.obj
 0001:00027ff0       ?AddAllSkillPoint@KPlayer@@QAEXH@Z 10028ff0 f   KPlayer.obj
 0001:00028040       ?AddSkillPoint@KPlayer@@QAEXHH@Z 10029040 f   KPlayer.obj
 0001:00028190       ?UpdateSkillPointAdd@KPlayer@@QAEXXZ 10029190 f   KPlayer.obj
 0001:000281e0       ?ServerSendChat@KPlayer@@QAEXPAE@Z 100291e0 f   KPlayer.obj
 0001:00028200       ?AddBaseAttribute@KPlayer@@QAEXPAE@Z 10029200 f   KPlayer.obj
 0001:00028260       ?AddSkillPoint@KPlayer@@QAEXPAE@Z 10029260 f   KPlayer.obj
 0001:00028670       ?ServerPickUpItem@KPlayer@@QAEHPAE@Z 10029670 f   KPlayer.obj
 0001:00028cc0       ?EatItem@KPlayer@@QAEXPAE@Z 10029cc0 f   KPlayer.obj
 0001:00028cf0       ?ServerMoveItem@KPlayer@@QAEXPAE@Z 10029cf0 f   KPlayer.obj
 0001:00028ec0       ?ServerThrowAwayItem@KPlayer@@QAEXPAE@Z 10029ec0 f   KPlayer.obj
 0001:00029120       ?ChatSetTakeChannel@KPlayer@@QAEXPAE@Z 1002a120 f   KPlayer.obj
 0001:00029140       ?ChatTransmitApplyAddFriend@KPlayer@@QAEXPAE@Z 1002a140 f   KPlayer.obj
 0001:00029250       ?ChatAddFriend@KPlayer@@QAEHPAE@Z 1002a250 f   KPlayer.obj
 0001:00029330       ?ChatRefuseFriend@KPlayer@@QAEXPAE@Z 1002a330 f   KPlayer.obj
 0001:00029430       ?ChatResendAllFriend@KPlayer@@QAEXPAE@Z 1002a430 f   KPlayer.obj
 0001:00029470       ?ChatSendOneFriendData@KPlayer@@QAEXPAE@Z 1002a470 f   KPlayer.obj
 0001:00029490       ?ChatDeleteFriend@KPlayer@@QAEXPAE@Z 1002a490 f   KPlayer.obj
 0001:000294b0       ?ChatRedeleteFriend@KPlayer@@QAEXPAE@Z 1002a4b0 f   KPlayer.obj
 0001:000294d0       ?TradeApplyOpen@KPlayer@@QAEXPAE@Z 1002a4d0 f   KPlayer.obj
 0001:00029580       ?TradeApplyClose@KPlayer@@QAEXPAE@Z 1002a580 f   KPlayer.obj
 0001:000295b0       ?TradeApplyStart@KPlayer@@QAEXPAE@Z 1002a5b0 f   KPlayer.obj
 0001:000296b0       ?TradeMoveMoney@KPlayer@@QAEXPAE@Z 1002a6b0 f   KPlayer.obj
 0001:00029710       ?TradeDecision@KPlayer@@QAEXPAE@Z 1002a710 f   KPlayer.obj
 0001:00029d80       ?c2sTradeReplyStart@KPlayer@@QAEXPAE@Z 1002ad80 f   KPlayer.obj
 0001:0002a040       ?SyncTradeState@KPlayer@@QAEXXZ 1002b040 f   KPlayer.obj
 0001:0002a140       ?SendEquipItemInfo@KPlayer@@QAEXH@Z 1002b140 f   KPlayer.obj
 0001:0002a2b0       ?UseTownPortal@KPlayer@@QAEXXZ 1002b2b0 f   KPlayer.obj
 0001:0002a410       ?BackToTownPortal@KPlayer@@QAEXH@Z 1002b410 f   KPlayer.obj
 0001:0002a5f0       ?ClearPortal@KPlayer@@QAEXXZ 1002b5f0 f   KPlayer.obj
 0001:0002a630       ?Revive@KPlayer@@QAEXH@Z   1002b630 f   KPlayer.obj
 0001:0002a7f0       ?RestoreLiveData@KPlayer@@QAEXXZ 1002b7f0 f   KPlayer.obj
 0001:0002a810       ?Pay@KPlayer@@QAEHH@Z      1002b810 f   KPlayer.obj
 0001:0002a830       ?PrePay@KPlayer@@QAEHH@Z   1002b830 f   KPlayer.obj
 0001:0002a860       ?Earn@KPlayer@@QAEHH@Z     1002b860 f   KPlayer.obj
 0001:0002a880       ?LaunchPlayer@KPlayer@@QAEXXZ 1002b880 f   KPlayer.obj
 0001:0002a970       ?StopMove@KPlayer@@QAEXXZ  1002b970 f   KPlayer.obj
 0001:0002a9b0       ?ExecuteScript@KPlayer@@QAEHPAD0H@Z 1002b9b0 f   KPlayer.obj
 0001:0002a9f0       ?ExecuteScript@KPlayer@@QAEHKPADH@Z 1002b9f0 f   KPlayer.obj
 0001:0002abc0       ?ExecuteScript@KPlayer@@QAEHKPAD0@Z 1002bbc0 f   KPlayer.obj
 0001:0002ad80       ?ExecuteScript@KPlayer@@QAEHPAD00@Z 1002bd80 f   KPlayer.obj
 0001:0002add0       ?ExecuteScript2@KPlayer@@QAEHPAD0HHH@Z 1002bdd0 f   KPlayer.obj
 0001:0002ae20       ?ExecuteScript2@KPlayer@@QAEHKPADHHH@Z 1002be20 f   KPlayer.obj
 0001:0002b000       ?ExecuteScript2@KPlayer@@QAEHPAD0H0H@Z 1002c000 f   KPlayer.obj
 0001:0002b050       ?ExecuteScript2@KPlayer@@QAEHKPADH0H@Z 1002c050 f   KPlayer.obj
 0001:0002b230       ?DoScriptAction@KPlayer@@QAEXPAUPLAYER_SCRIPTACTION_SYNC@@@Z 1002c230 f   KPlayer.obj
 0001:0002b280       ?ProcessPlayerSelectFromUI@KPlayer@@QAEXPAE@Z 1002c280 f   KPlayer.obj
 0001:0002b3c0       ?ChatFriendOnLine@KPlayer@@QAEXKH@Z 1002c3c0 f   KPlayer.obj
 0001:0002b490       ?GetFactionName@KPlayer@@QAEXPADH@Z 1002c490 f   KPlayer.obj
 0001:0002b4b0       ?S2CExecuteScript@KPlayer@@AAEXPAD0@Z 1002c4b0 f   KPlayer.obj
 0001:0002b5a0       ?AddTempTaskValue@KPlayer@@QAEHPAX@Z 1002c5a0 f   KPlayer.obj
 0001:0002b5c0       ?DialogNpc@KPlayer@@QAEXPAE@Z 1002c5c0 f   KPlayer.obj
 0001:0002b660       ?CheckTrading@KPlayer@@QAEHXZ 1002c660 f   KPlayer.obj
 0001:0002b670       ?SetFirstDamage@KPlayer@@QAEXXZ 1002c670 f   KPlayer.obj
 0001:0002bae0       ?SetBaseAttackRating@KPlayer@@QAEXXZ 1002cae0 f   KPlayer.obj
 0001:0002bb10       ?SetBaseDefence@KPlayer@@QAEXXZ 1002cb10 f   KPlayer.obj
 0001:0002bb40       ?SetBaseResistData@KPlayer@@QAEXXZ 1002cb40 f   KPlayer.obj
 0001:0002bd50       ?SetBaseSpeedAndRadius@KPlayer@@QAEXXZ 1002cd50 f   KPlayer.obj
 0001:0002be10       ?SetNpcDamageAttrib@KPlayer@@QAEXXZ 1002ce10 f   KPlayer.obj
 0001:0002be20       ?TobeExchangeServer@KPlayer@@QAEXKHH@Z 1002ce20 f   KPlayer.obj
 0001:0002be60       ?IsExchangingServer@KPlayer@@QAEHXZ 1002ce60 f   KPlayer.obj
 0001:0002be70       ?SetLastNetOperationTime@KPlayer@@QAEXH@Z 1002ce70 f   KPlayer.obj
 0001:0002bef0       ?CreateTong@KPlayer@@QAEHHPAD@Z 1002cef0 f   KPlayer.obj
 0001:0002bf10       ?RepairItem@KPlayer@@QAEXK@Z 1002cf10 f   KPlayer.obj
 0001:0002bfc0       ?SetExtPoint@KPlayer@@QAEXHH@Z 1002cfc0 f   KPlayer.obj
 0001:0002bfe0       ?GetExtPoint@KPlayer@@QAEHXZ 1002cfe0 f   KPlayer.obj
 0001:0002bff0       ?PayExtPoint@KPlayer@@QAEHH@Z 1002cff0 f   KPlayer.obj
 0001:0002c020       ?GetExtPointChanged@KPlayer@@QAEHXZ 1002d020 f   KPlayer.obj
 0001:0002c030       ?SetExtPoint2@KPlayer@@QAEXH@Z 1002d030 f   KPlayer.obj
 0001:0002c040       ?SyncBronzeCoin@KPlayer@@QAEXXZ 1002d040 f   KPlayer.obj
 0001:0002c0a0       ?SetBronzeCoin@KPlayer@@QAEXH@Z 1002d0a0 f   KPlayer.obj
 0001:0002c0d0       ?GetBronzeCoin@KPlayer@@QAEHXZ 1002d0d0 f   KPlayer.obj
 0001:0002c120       ?PayBronzeCoin@KPlayer@@QAEHH@Z 1002d120 f   KPlayer.obj
 0001:0002c160       ?SyncLockBronzeCoin@KPlayer@@QAEXXZ 1002d160 f   KPlayer.obj
 0001:0002c1c0       ?SetLockBronzeCoin@KPlayer@@QAEXH@Z 1002d1c0 f   KPlayer.obj
 0001:0002c1f0       ?GetLockBronzeCoin@KPlayer@@QAEHXZ 1002d1f0 f   KPlayer.obj
 0001:0002c240       ?PayLockBronzeCoin@KPlayer@@QAEHH@Z 1002d240 f   KPlayer.obj
 0001:0002c280       ?ProcessEnhance@KPlayer@@QAEXXZ 1002d280 f   KPlayer.obj
 0001:0002c430       ?ProcessRemoveEnhance@KPlayer@@QAEXXZ 1002d430 f   KPlayer.obj
 0001:0002c480       ?ExeScriptButton@KPlayer@@QAEXPAE@Z 1002d480 f   KPlayer.obj
 0001:0002c970       ?BreakItem@KPlayer@@QAEXKH@Z 1002d970 f   KPlayer.obj
 0001:0002caa0       ?HideMask@KPlayer@@QAEXH@Z 1002daa0 f   KPlayer.obj
 0001:0002cb10       ?SendShopItemInfo@KPlayer@@QAEXHH@Z 1002db10 f   KPlayer.obj
 0001:0002cdd0       ?BuyPlayerShop@KPlayer@@QAEXPAE@Z 1002ddd0 f   KPlayer.obj
 0001:0002cfa0       ?RestoreTask@KPlayer@@QAEXXZ 1002dfa0 f   KPlayer.obj
 0001:0002d000       ?ExecuteScriptRet@KPlayer@@QAEHPAD0H@Z 1002e000 f   KPlayer.obj
 0001:0002d040       ?ExecuteScriptRet@KPlayer@@QAEHKPADH@Z 1002e040 f   KPlayer.obj
 0001:0002d230       ?ExecuteScriptRet@KPlayer@@QAEHPAD00@Z 1002e230 f   KPlayer.obj
 0001:0002d280       ?ExecuteScriptRet@KPlayer@@QAEHKPAD0@Z 1002e280 f   KPlayer.obj
 0001:0002d470       ?SetTitle@KPlayer@@QAEXG_N@Z 1002e470 f   KPlayer.obj
 0001:0002d790       ?GetTaxShopItem@KPlayer@@AAEHH@Z 1002e790 f   KPlayer.obj
 0001:0002d7c0       ?AddAntiPaket@KPlayer@@QAEHKK@Z 1002e7c0 f   KPlayer.obj
 0001:0002d820       ?SaveLog@KPlayer@@QAEXHPBD00@Z 1002e820 f   KPlayer.obj
 0001:0002d830       ?SetAutoFlag@KPlayer@@QAEXH@Z 1002e830 f   KPlayer.obj
 0001:0002d8a0       ?LockPlayerInfo@KPlayer@@QAEXEHH@Z 1002e8a0 f   KPlayer.obj
 0001:0002de60       ?SetStoreBoxNum@KPlayer@@QAEXE@Z 1002ee60 f   KPlayer.obj
 0001:0002dec0       ?SetExpandBoxNum@KPlayer@@QAEXE@Z 1002eec0 f   KPlayer.obj
 0001:0002df20       ?SetNumImgAvatar@KPlayer@@QAEXH@Z 1002ef20 f   KPlayer.obj
 0001:0002df40       ?GiveBoxCmd@KPlayer@@QAEXKHH@Z 1002ef40 f   KPlayer.obj
 0001:0002e1d0       ?Release@KPlayerChat@@QAEXXZ 1002f1d0 f   KPlayerChat.obj
 0001:0002e240       ?CheckExist@KPlayerChat@@QAEHK@Z 1002f240 f   KPlayerChat.obj
 0001:0002e290       ?CheckExist@KPlayerChat@@QAEHPAD@Z 1002f290 f   KPlayerChat.obj
 0001:0002e330       ?GetFriendNode@KPlayerChat@@QAEPAVCChatFriend@@K@Z 1002f330 f   KPlayerChat.obj
 0001:0002e380       ?GetTeamNo@KPlayerChat@@QAEHK@Z 1002f380 f   KPlayerChat.obj
 0001:0002e3d0       ?GetName@KPlayerChat@@QAEHKPAD@Z 1002f3d0 f   KPlayerChat.obj
 0001:0002e440       ?SetTakeChannel@KPlayerChat@@QAEXK@Z 1002f440 f   KPlayerChat.obj
 0001:0002e470       ?ServerSendChat@KPlayerChat@@QAEXHPAE@Z 1002f470 f   KPlayerChat.obj
 0001:0002ef70       ?DataBaseAddOne@KPlayerChat@@QAEXHKPAD@Z 1002ff70 f   KPlayerChat.obj
 0001:0002ef90       ?AddFriendData@KPlayerChat@@QAEXHH@Z 1002ff90 f   KPlayerChat.obj
 0001:0002f0f0       ??_ECChatFriend@@UAEPAXI@Z 100300f0 f i KPlayerChat.obj
 0001:0002f0f0       ??_GCChatFriend@@UAEPAXI@Z 100300f0 f i KPlayerChat.obj
 0001:0002f110       ??1CChatFriend@@UAE@XZ     10030110 f i KPlayerChat.obj
 0001:0002f120       ?ResendOneFriendData@KPlayerChat@@QAEXKH@Z 10030120 f   KPlayerChat.obj
 0001:0002f1d0       ?SyncFriendData@KPlayerChat@@QAEHHAAI@Z 100301d0 f   KPlayerChat.obj
 0001:0002f340       ?StartSendFriendData@KPlayerChat@@QAEXXZ 10030340 f   KPlayerChat.obj
 0001:0002f370       ?DeleteFriend@KPlayerChat@@QAEXKK@Z 10030370 f   KPlayerChat.obj
 0001:0002f430       ?DeleteFriendData@KPlayerChat@@QAEXKH@Z 10030430 f   KPlayerChat.obj
 0001:0002f500       ?RedeleteFriend@KPlayerChat@@QAEXKH@Z 10030500 f   KPlayerChat.obj
 0001:0002f570       ?OffLine@KPlayerChat@@QAEXK@Z 10030570 f   KPlayerChat.obj
 0001:0002f5d0       ?GetMsgOffLine@KPlayerChat@@QAEXKH@Z 100305d0 f   KPlayerChat.obj
 0001:0002f670       ?TimerAdd@KPlayerChat@@QAEXXZ 10030670 f   KPlayerChat.obj
 0001:0002f680       ?CheckTalkChannel@KPlayerChat@@QAEHH@Z 10030680 f   KPlayerChat.obj
 0001:0002f6b0       ?SendSystemInfo@KPlayerChat@@SAXHHPAD0H@Z 100306b0 f   KPlayerChat.obj
 0001:0002f7e0       ?SendGlobalSystemInfo@KPlayerChat@@SAXPAD0H@Z 100307e0 f   KPlayerChat.obj
 0001:0002f880       ?SendInfoToGM@KPlayerChat@@SAXPAD00H@Z 10030880 f   KPlayerChat.obj
 0001:0002f980       ?SendInfoToIP@KPlayerChat@@SAXKKPAD00H@Z 10030980 f   KPlayerChat.obj
 0001:0002fa70       ?SendInfoToFaction@KPlayerChat@@SAXHPAD0H@Z 10030a70 f   KPlayerChat.obj
 0001:0002fa80       ?MakeBrother@KPlayerChat@@SAXABV?$list@V?$basic_string@DU?$char_traits@D@std@@V?$allocator@D@2@@std@@V?$allocator@V?$basic_string@DU?$char_traits@D@std@@V?$allocator@D@2@@std@@@2@@std@@@Z 10030a80 f   KPlayerChat.obj
 0001:0002fc40       ?MakeEnemy@KPlayerChat@@SAXPAD0@Z 10030c40 f   KPlayerChat.obj
 0001:0002fd50       ??0CChatFriendTeam@@QAE@XZ 10030d50 f   KPlayerChat.obj
 0001:0002fda0       ?Release@CChatFriendTeam@@QAEXXZ 10030da0 f   KPlayerChat.obj
 0001:0002fe10       ?DataBaseAddOne@CChatFriendTeam@@QAEXHKPAD@Z 10030e10 f   KPlayerChat.obj
 0001:0002fef0       ??1?$basic_string@DU?$char_traits@D@std@@V?$allocator@D@2@@std@@QAE@XZ 10030ef0 f i KPlayerChat.obj
 0001:0002ff30       ?assign@?$basic_string@DU?$char_traits@D@std@@V?$allocator@D@2@@std@@QAEAAV12@ABV12@II@Z 10030f30 f i KPlayerChat.obj
 0001:00030130       ?_Tidy@?$basic_string@DU?$char_traits@D@std@@V?$allocator@D@2@@std@@AAEX_N@Z 10031130 f i KPlayerChat.obj
 0001:00030180       ?_Eos@?$basic_string@DU?$char_traits@D@std@@V?$allocator@D@2@@std@@AAEXI@Z 10031180 f i KPlayerChat.obj
 0001:000301a0       ?_Grow@?$basic_string@DU?$char_traits@D@std@@V?$allocator@D@2@@std@@AAE_NI_N@Z 100311a0 f i KPlayerChat.obj
 0001:000302c0       ?max_size@?$basic_string@DU?$char_traits@D@std@@V?$allocator@D@2@@std@@QBEIXZ 100312c0 f i KPlayerChat.obj
 0001:000302d0       ?_Copy@?$basic_string@DU?$char_traits@D@std@@V?$allocator@D@2@@std@@AAEXI@Z 100312d0 f i KPlayerChat.obj
 0001:000303e0       ?_Split@?$basic_string@DU?$char_traits@D@std@@V?$allocator@D@2@@std@@AAEXXZ 100313e0 f i KPlayerChat.obj
 0001:00030500       ??0KList@@QAE@XZ           10031500 f i KPlayerDBFuns.obj
 0001:00030550       ?AddDBPlayer@KPlayer@@QAEHPADHPAK@Z 10031550 f   KPlayerDBFuns.obj
 0001:00030560       ?LoadDBPlayerInfo@KPlayer@@QAEHPAEAAHAAI@Z 10031560 f   KPlayerDBFuns.obj
 0001:00030820       ?UpdateDBPlayerInfo@KPlayer@@QAEHPAE@Z 10031820 f   KPlayerDBFuns.obj
 0001:00030870       ?LoadPlayerBaseInfo@KPlayer@@AAEHPAEAAPAEAAI@Z 10031870 f   KPlayerDBFuns.obj
 0001:00030db0       ?LoadPlayerItemList@KPlayer@@AAEHPAEAAPAEAAI@Z 10031db0 f   KPlayerDBFuns.obj
 0001:00031190       ?LoadPlayerFightSkillList@KPlayer@@AAEHPAEAAPAEAAI@Z 10032190 f   KPlayerDBFuns.obj
 0001:00031240       ?LoadPlayerLifeSkilllList@KPlayer@@AAEHPAEAAPAEAAI@Z 10032240 f   KPlayerDBFuns.obj
 0001:000312e0       ?LoadPlayerFriendList@KPlayer@@AAEHPAEAAPAEAAI@Z 100322e0 f   KPlayerDBFuns.obj
 0001:000313d0       ?LoadPlayerTaskList@KPlayer@@AAEHPAEAAPAEAAI@Z 100323d0 f   KPlayerDBFuns.obj
 0001:00031570       ?SavePlayerBaseInfo@KPlayer@@AAEHPAE@Z 10032570 f   KPlayerDBFuns.obj
 0001:000318e0       ?SavePlayerItemList@KPlayer@@AAEHPAE@Z 100328e0 f   KPlayerDBFuns.obj
 0001:00031a50       ?SavePlayerFightSkillList@KPlayer@@AAEHPAE@Z 10032a50 f   KPlayerDBFuns.obj
 0001:00031ad0       ?SavePlayerLifeSkilllList@KPlayer@@AAEHPAE@Z 10032ad0 f   KPlayerDBFuns.obj
 0001:00031af0       ?SavePlayerFriendList@KPlayer@@AAEHPAE@Z 10032af0 f   KPlayerDBFuns.obj
 0001:00031b90       ?SavePlayerTaskList@KPlayer@@AAEHPAE@Z 10032b90 f   KPlayerDBFuns.obj
 0001:00031d10       ??0KPlayerFaction@@QAE@XZ  10032d10 f   KPlayerFaction.obj
 0001:00031d20       ?Release@KPlayerFaction@@QAEXXZ 10032d20 f   KPlayerFaction.obj
 0001:00031d40       ?SetSeries@KPlayerFaction@@QAEXH@Z 10032d40 f   KPlayerFaction.obj
 0001:00031d50       ?AddFaction@KPlayerFaction@@QAEHHPAD@Z 10032d50 f   KPlayerFaction.obj
 0001:00031d90       ?AddFaction@KPlayerFaction@@QAEHHH@Z 10032d90 f   KPlayerFaction.obj
 0001:00031df0       ?LeaveFaction@KPlayerFaction@@QAEXXZ 10032df0 f   KPlayerFaction.obj
 0001:00031e00       ?OpenCurSkillLevel@KPlayerFaction@@QAEHHPAVKSkillList@@@Z 10032e00 f   KPlayerFaction.obj
 0001:00031e10       ?GetGurFactionCamp@KPlayerFaction@@QAEHXZ 10032e10 f   KPlayerFaction.obj
 0001:00031e50       ?GetCurFactionNo@KPlayerFaction@@QAEHXZ 10032e50 f   KPlayerFaction.obj
 0001:00031e60       ?GetCurFactionName@KPlayerFaction@@QAEXPAD@Z 10032e60 f   KPlayerFaction.obj
 0001:00031ef0       ??0KPlayerMenuState@@QAE@XZ 10032ef0 f   KPlayerMenuState.obj
 0001:00031f00       ?Release@KPlayerMenuState@@QAEXXZ 10032f00 f   KPlayerMenuState.obj
 0001:00031f40       ?BackupState@KPlayerMenuState@@QAEXXZ 10032f40 f   KPlayerMenuState.obj
 0001:00031f60       ?RestoreState@KPlayerMenuState@@QAEXXZ 10032f60 f   KPlayerMenuState.obj
 0001:00031f80       ?SetState@KPlayerMenuState@@QAEXHHPADHK@Z 10032f80 f   KPlayerMenuState.obj
 0001:000322b0       ?RestoreBackupState@KPlayerMenuState@@QAEXH@Z 100332b0 f   KPlayerMenuState.obj
 0001:00032360       ?Init@KPlayerMenuStateGraph@@QAEHXZ 10033360 f   KPlayerMenuState.obj
 0001:00032420       ?GetStateSpr@KPlayerMenuStateGraph@@QAEXHPAD@Z 10033420 f   KPlayerMenuState.obj
 0001:000324c0       ??0KPlayerPK@@QAE@XZ       100334c0 f   KPlayerPK.obj
 0001:000324d0       ?Init@KPlayerPK@@QAEXH@Z   100334d0 f   KPlayerPK.obj
 0001:00032500       ?Active@KPlayerPK@@QAEXXZ  10033500 f   KPlayerPK.obj
 0001:00032510       ?SetNormalPKState@KPlayerPK@@QAEXE@Z 10033510 f   KPlayerPK.obj
 0001:000325e0       ?GetNormalPKState@KPlayerPK@@QAEEXZ 100335e0 f   KPlayerPK.obj
 0001:000325f0       ?EnmityPKClose@KPlayerPK@@QAEXXZ 100335f0 f   KPlayerPK.obj
 0001:00032720       ?EnmityPKOpen@KPlayerPK@@QAEHH@Z 10033720 f   KPlayerPK.obj
 0001:00032c40       ?GetEnmityPKState@KPlayerPK@@QAEHXZ 10033c40 f   KPlayerPK.obj
 0001:00032c50       ?GetEnmityPKAim@KPlayerPK@@QAEHXZ 10033c50 f   KPlayerPK.obj
 0001:00032c60       ?ExercisePKClose@KPlayerPK@@QAEXXZ 10033c60 f   KPlayerPK.obj
 0001:00032d70       ?ExercisePKOpen@KPlayerPK@@QAEHH@Z 10033d70 f   KPlayerPK.obj
 0001:00032fd0       ?GetExercisePKAim@KPlayerPK@@QAEHXZ 10033fd0 f   KPlayerPK.obj
 0001:00032fe0       ?SetPKValue@KPlayerPK@@QAEXD@Z 10033fe0 f   KPlayerPK.obj
 0001:00033060       ?GetPKValue@KPlayerPK@@QBEDXZ 10034060 f   KPlayerPK.obj
 0001:00033070       ?AddPKValue@KPlayerPK@@QAEXD@Z 10034070 f   KPlayerPK.obj
 0001:000330f0       ?CloseAll@KPlayerPK@@QAEXXZ 100340f0 f   KPlayerPK.obj
 0001:00033110       ?EnmityPKCountDown@KPlayerPK@@QAEXXZ 10034110 f   KPlayerPK.obj
 0001:000332f0       ??0KPlayerSet@@QAE@XZ      100342f0 f   KPlayerSet.obj
 0001:00033380       ??1KPlayerSet@@QAE@XZ      10034380 f   KPlayerSet.obj
 0001:00033400       ?Init@KPlayerSet@@QAEHXZ   10034400 f   KPlayerSet.obj
 0001:000338b0       ?Activate@KPlayerSet@@QAEXXZ 100348b0 f   KPlayerSet.obj
 0001:000338c0       ?FindFree@KPlayerSet@@AAEHXZ 100348c0 f   KPlayerSet.obj
 0001:000338d0       ?FindSame@KPlayerSet@@QAEHK@Z 100348d0 f   KPlayerSet.obj
 0001:00033920       ?GetFirstPlayer@KPlayerSet@@QAEHXZ 10034920 f   KPlayerSet.obj
 0001:00033940       ?GetNextPlayer@KPlayerSet@@QAEHXZ 10034940 f   KPlayerSet.obj
 0001:00033960       ?Add@KPlayerSet@@QAEHPADPAX@Z 10034960 f   KPlayerSet.obj
 0001:00033a30       ?Broadcasting@KPlayerSet@@QAEHPADH@Z 10034a30 f   KPlayerSet.obj
 0001:00033aa0       ?PrepareRemove@KPlayerSet@@QAEXH@Z 10034aa0 f   KPlayerSet.obj
 0001:00033cc0       ?PrepareLoginFailed@KPlayerSet@@QAEXH@Z 10034cc0 f   KPlayerSet.obj
 0001:00033d70       ?PrepareExchange@KPlayerSet@@QAEXH@Z 10034d70 f   KPlayerSet.obj
 0001:00033e00       ?RemoveQuiting@KPlayerSet@@QAEXH@Z 10034e00 f   KPlayerSet.obj
 0001:000340d0       ?RemoveLoginTimeOut@KPlayerSet@@QAEXH@Z 100350d0 f   KPlayerSet.obj
 0001:00034220       ?RemoveExchanging@KPlayerSet@@QAEXH@Z 10035220 f   KPlayerSet.obj
 0001:000344e0       ?ProcessClientMessage@KPlayerSet@@QAEXHPBDH@Z 100354e0 f   KPlayerSet.obj
 0001:00034540       ?GetPlayerName@KPlayerSet@@QAEHHPAD@Z 10035540 f   KPlayerSet.obj
 0001:000345b0       ?GetPlayerAccount@KPlayerSet@@QAEHHPAD@Z 100355b0 f   KPlayerSet.obj
 0001:00034620       ?AttachPlayer@KPlayerSet@@QAEHKPAU_GUID@@@Z 10035620 f   KPlayerSet.obj
 0001:000346d0       ?GetPlayerIndexByGuid@KPlayerSet@@QAEHPAU_GUID@@@Z 100356d0 f   KPlayerSet.obj
 0001:00034760       ?AutoSave@KPlayerSet@@QAEXXZ 10035760 f   KPlayerSet.obj
 0001:00034810       ?GetFirstPlayerEx@KPlayerSet@@QAEHXZ 10035810 f   KPlayerSet.obj
 0001:00034820       ?GetNextPlayerEx@KPlayerSet@@QAEHH@Z 10035820 f   KPlayerSet.obj
 0001:00034840       ??0KLevelAdd@@QAE@XZ       10035840 f   KPlayerSet.obj
 0001:00034900       ?Init@KLevelAdd@@QAEHXZ    10035900 f   KPlayerSet.obj
 0001:00034b10       ?GetLevelExp@KLevelAdd@@QAEHE@Z 10035b10 f   KPlayerSet.obj
 0001:00034b30       ?GetLifePerLevel@KLevelAdd@@QAEHH@Z 10035b30 f   KPlayerSet.obj
 0001:00034b50       ?GetStaminaPerLevel@KLevelAdd@@QAEHHH@Z 10035b50 f   KPlayerSet.obj
 0001:00034b80       ?GetManaPerLevel@KLevelAdd@@QAEHH@Z 10035b80 f   KPlayerSet.obj
 0001:00034ba0       ?GetLifePerVitality@KLevelAdd@@QAEHH@Z 10035ba0 f   KPlayerSet.obj
 0001:00034bc0       ?GetStaminaPerVitality@KLevelAdd@@QAEHH@Z 10035bc0 f   KPlayerSet.obj
 0001:00034be0       ?GetManaPerEnergy@KLevelAdd@@QAEHH@Z 10035be0 f   KPlayerSet.obj
 0001:00034c00       ?GetLeadExpShare@KLevelAdd@@QAEHH@Z 10035c00 f   KPlayerSet.obj
 0001:00034c20       ?GetFireResist@KLevelAdd@@QAEHHH@Z 10035c20 f   KPlayerSet.obj
 0001:00034c70       ?GetColdResist@KLevelAdd@@QAEHHH@Z 10035c70 f   KPlayerSet.obj
 0001:00034cc0       ?GetPoisonResist@KLevelAdd@@QAEHHH@Z 10035cc0 f   KPlayerSet.obj
 0001:00034d10       ?GetLightResist@KLevelAdd@@QAEHHH@Z 10035d10 f   KPlayerSet.obj
 0001:00034d60       ?GetPhysicsResist@KLevelAdd@@QAEHHH@Z 10035d60 f   KPlayerSet.obj
 0001:00034db0       ??0KTeamLeadExp@@QAE@XZ    10035db0 f   KPlayerSet.obj
 0001:00034dd0       ?Init@KTeamLeadExp@@QAEHXZ 10035dd0 f   KPlayerSet.obj
 0001:00034ea0       ?GetLevel@KTeamLeadExp@@QAEHKH@Z 10035ea0 f   KPlayerSet.obj
 0001:00034ef0       ?GetMemNumFromExp@KTeamLeadExp@@QAEHK@Z 10035ef0 f   KPlayerSet.obj
 0001:00034f10       ?GetMemNumFromLevel@KTeamLeadExp@@QAEHH@Z 10035f10 f   KPlayerSet.obj
 0001:00034f30       ?GetLevelExp@KTeamLeadExp@@QAEHH@Z 10035f30 f   KPlayerSet.obj
 0001:00034f50       ??0KNewPlayerAttribute@@QAE@XZ 10035f50 f   KPlayerSet.obj
 0001:00034fb0       ?Init@KNewPlayerAttribute@@QAEHXZ 10035fb0 f   KPlayerSet.obj
 0001:00035180       ?Remove@?$KLinkArrayTemplate@UTMissionPlayerInfo@@$0ELA@@@QAEKPAUTMissionPlayerInfo@@@Z 10036180 f i KPlayerSet.obj
 0001:00035200       ??0KShop@@QAE@XZ           10036200 f   KPlayerShop.obj
 0001:00035210       ?Release@KShop@@QAEXXZ     10036210 f   KPlayerShop.obj
 0001:000353e0       ??0KPlayerTask@@QAE@XZ     100363e0 f   KPlayerTask.obj
 0001:000353f0       ?Release@KPlayerTask@@QAEXXZ 100363f0 f   KPlayerTask.obj
 0001:00035410       ?ClearTempVar@KPlayerTask@@QAEXXZ 10036410 f   KPlayerTask.obj
 0001:00035430       ?GetSaveVal@KPlayerTask@@QAEHH@Z 10036430 f   KPlayerTask.obj
 0001:00035450       ?SetSaveVal@KPlayerTask@@QAEXHH@Z 10036450 f   KPlayerTask.obj
 0001:00035470       ?GetClearVal@KPlayerTask@@QAEHH@Z 10036470 f   KPlayerTask.obj
 0001:00035490       ?SetClearVal@KPlayerTask@@QAEXHH@Z 10036490 f   KPlayerTask.obj
 0001:00035510       ?Release@KPlayerTeam@@QAEXXZ 10036510 f   KPlayerTeam.obj
 0001:00035540       ?CreateTeam@KPlayerTeam@@QAEHHPAUPLAYER_APPLY_CREATE_TEAM@@@Z 10036540 f   KPlayerTeam.obj
 0001:00035740       ?InviteAdd@KPlayerTeam@@QAEXHPAUTEAM_INVITE_ADD_COMMAND@@@Z 10036740 f   KPlayerTeam.obj
 0001:00035920       ?GetInviteReply@KPlayerTeam@@QAEXHHH@Z 10036920 f   KPlayerTeam.obj
 0001:00035f60       ?SetCanTeamFlag@KPlayerTeam@@QAEXHH@Z 10036f60 f   KPlayerTeam.obj
 0001:00035fc0       ??0KTeam@@QAE@XZ           10036fc0 f   KPlayerTeam.obj
 0001:00035fd0       ?Release@KTeam@@QAEXXZ     10036fd0 f   KPlayerTeam.obj
 0001:00036000       ?SetIndex@KTeam@@QAEXH@Z   10037000 f   KPlayerTeam.obj
 0001:00036010       ?FindFree@KTeam@@QAEHXZ    10037010 f   KPlayerTeam.obj
 0001:00036030       ?FindMemberID@KTeam@@QAEHK@Z 10037030 f   KPlayerTeam.obj
 0001:00036090       ?CheckFull@KTeam@@QAEHXZ   10037090 f   KPlayerTeam.obj
 0001:000360b0       ?SetTeamOpen@KTeam@@QAEHXZ 100370b0 f   KPlayerTeam.obj
 0001:000361c0       ?SetTeamClose@KTeam@@QAEHXZ 100371c0 f   KPlayerTeam.obj
 0001:000362b0       ?IsOpen@KTeam@@QAEHXZ      100372b0 f   KPlayerTeam.obj
 0001:000362c0       ?CalcCaptainPower@KTeam@@QAEHXZ 100372c0 f   KPlayerTeam.obj
 0001:000362f0       ?CheckAddCondition@KTeam@@AAEHH@Z 100372f0 f   KPlayerTeam.obj
 0001:00036370       ?CreateTeam@KTeam@@QAEHH@Z 10037370 f   KPlayerTeam.obj
 0001:00036390       ?AddMember@KTeam@@QAEHH@Z  10037390 f   KPlayerTeam.obj
 0001:000363f0       ?DeleteMember@KTeam@@QAEHH@Z 100373f0 f   KPlayerTeam.obj
 0001:000367c0       ?CheckIn@KTeam@@QAEHH@Z    100377c0 f   KPlayerTeam.obj
 0001:00036800       ?Init@KTeamSet@@QAEXXZ     10037800 f   KPlayerTeam.obj
 0001:00036820       ?FindFree@KTeamSet@@AAEHXZ 10037820 f   KPlayerTeam.obj
 0001:00036840       ?CreateTeam@KTeamSet@@QAEHH@Z 10037840 f   KPlayerTeam.obj
 0001:000368b0       ?Init@KPlayerTong@@QAEXH@Z 100378b0 f   KPlayerTong.obj
 0001:000368c0       ?Clear@KPlayerTong@@QAEXXZ 100378c0 f   KPlayerTong.obj
 0001:000368e0       ?CheckCreateCondition@KPlayerTong@@QAEHHPAD@Z 100378e0 f   KPlayerTong.obj
 0001:00036ad0       ?Create@KPlayerTong@@QAEHHPBD@Z 10037ad0 f   KPlayerTong.obj
 0001:00036d70       ?GetOpenFlag@KPlayerTong@@QAEHXZ 10037d70 f   KPlayerTong.obj
 0001:00036d90       ?TransferAddApply@KPlayerTong@@QAEHK@Z 10037d90 f   KPlayerTong.obj
 0001:00036f40       ?CheckAcceptAddApplyCondition@KPlayerTong@@AAEHXZ 10037f40 f   KPlayerTong.obj
 0001:00036f60       ?SendRefuseMessage@KPlayerTong@@QAEXHK@Z 10037f60 f   KPlayerTong.obj
 0001:00037140       ?GetTongName@KPlayerTong@@QAEXPAD@Z 10038140 f   KPlayerTong.obj
 0001:00037180       ?GetTongTitle@KPlayerTong@@QAEXPAD@Z 10038180 f   KPlayerTong.obj
 0001:000371c0       ?CheckAddCondition@KPlayerTong@@QAEHH@Z 100381c0 f   KPlayerTong.obj
 0001:00037280       ?AddTong@KPlayerTong@@QAEHHPAD00@Z 10038280 f   KPlayerTong.obj
 0001:000374a0       ?GetTongNameID@KPlayerTong@@QAEKXZ 100384a0 f   KPlayerTong.obj
 0001:000374b0       ?CanGetManagerInfo@KPlayerTong@@QAEHK@Z 100384b0 f   KPlayerTong.obj
 0001:00037500       ?CanGetMemberInfo@KPlayerTong@@QAEHK@Z 10038500 f   KPlayerTong.obj
 0001:00037550       ?SendSelfInfo@KPlayerTong@@QAEXXZ 10038550 f   KPlayerTong.obj
 0001:00037620       ?CheckInstatePower@KPlayerTong@@QAEHPAUTONG_APPLY_INSTATE_COMMAND@@@Z 10038620 f   KPlayerTong.obj
 0001:00037770       ?CheckKickPower@KPlayerTong@@QAEHPAUTONG_APPLY_KICK_COMMAND@@@Z 10038770 f   KPlayerTong.obj
 0001:000377d0       ?BeInstated@KPlayerTong@@QAEXPAUSTONG_SERVER_TO_CORE_BE_INSTATED@@@Z 100387d0 f   KPlayerTong.obj
 0001:00037820       ?BeKicked@KPlayerTong@@QAEXPAUSTONG_SERVER_TO_CORE_BE_KICKED@@@Z 10038820 f   KPlayerTong.obj
 0001:00037950       ?CheckLeavePower@KPlayerTong@@QAEHPAUTONG_APPLY_LEAVE_COMMAND@@@Z 10038950 f   KPlayerTong.obj
 0001:000379d0       ?Leave@KPlayerTong@@QAEXPAUSTONG_SERVER_TO_CORE_LEAVE@@@Z 100389d0 f   KPlayerTong.obj
 0001:00037be0       ?CheckChangeMasterPower@KPlayerTong@@QAEHPAUTONG_APPLY_CHANGE_MASTER_COMMAND@@@Z 10038be0 f   KPlayerTong.obj
 0001:00037c70       ?CheckGetMasterPower@KPlayerTong@@QAEHPAUSTONG_SERVER_TO_CORE_CHECK_GET_MASTER_POWER@@@Z 10038c70 f   KPlayerTong.obj
 0001:00037d50       ?ChangeAs@KPlayerTong@@QAEXPAUSTONG_SERVER_TO_CORE_CHANGE_AS@@@Z 10038d50 f   KPlayerTong.obj
 0001:00037e90       ?ChangeMaster@KPlayerTong@@QAEXPAD@Z 10038e90 f   KPlayerTong.obj
 0001:00037ef0       ?Login@KPlayerTong@@QAEXPAUSTONG_SERVER_TO_CORE_LOGIN@@@Z 10038ef0 f   KPlayerTong.obj
 0001:000380f0       ?CheckChangeCampPower@KPlayerTong@@QAEHPAUTONG_CHANGE_CAMP_COMMAND@@@Z 100390f0 f   KPlayerTong.obj
 0001:00038190       ?ChangeCamp@KPlayerTong@@QAEXPAUSTONG_SERVER_TO_CORE_CHANGE_CAMP@@@Z 10039190 f   KPlayerTong.obj
 0001:00038230       ?CheckChangeMemberTitlePower@KPlayerTong@@QAEHPAUTONG_CHANGE_MEMBER_TITLE_COMMAND@@@Z 10039230 f   KPlayerTong.obj
 0001:00038290       ?CheckChangeOneTitlePower@KPlayerTong@@QAEHPAUTONG_CHANGE_ONE_TITLE_COMMAND@@@Z 10039290 f   KPlayerTong.obj
 0001:00038330       ?ChangeTitle@KPlayerTong@@QAEXPBD@Z 10039330 f   KPlayerTong.obj
 0001:00038380       ?CheckSaveMoneyPower@KPlayerTong@@QAEHPAUTONG_APPLY_SAVE_MONEY_COMMAND@@@Z 10039380 f   KPlayerTong.obj
 0001:00038430       ?SaveMoney@KPlayerTong@@QAEXPAUSTONG_SERVER_TO_CORE_SAVE_MONEY@@@Z 10039430 f   KPlayerTong.obj
 0001:00038460       ?CheckGetMoneyPower@KPlayerTong@@QAEHPAUTONG_APPLY_GET_MONEY_COMMAND@@@Z 10039460 f   KPlayerTong.obj
 0001:00038510       ?GetMoney@KPlayerTong@@QAEXPAUSTONG_SERVER_TO_CORE_GET_MONEY@@_N@Z 10039510 f   KPlayerTong.obj
 0001:000385a0       ??0KTrade@@QAE@XZ          100395a0 f   KPlayerTrade.obj
 0001:000385c0       ?Release@KTrade@@QAEXXZ    100395c0 f   KPlayerTrade.obj
[...]
 0001:00000cb0       _$E21                      10001cb0 f   KMissle.obj
 0001:00000cd0       _$E28                      10001cd0 f   KMissle.obj
 0001:00000ce0       _$E25                      10001ce0 f   KMissle.obj
 0001:00000d00       _$E27                      10001d00 f   KMissle.obj
 0001:00000d10       _$E26                      10001d10 f   KMissle.obj
 0001:000030a0       _$E35                      100040a0 f   KMissle.obj
 0001:000030c0       _$E34                      100040c0 f   KMissle.obj
 0001:00000b40       _$E25                      10001b40 f   KThiefSkill.obj
 0001:00000b60       _$E24                      10001b60 f   KThiefSkill.obj
 0001:00000070       _$E22                      10001070 f   KPlayerPartner.obj
 0001:00000090       _$E21                      10001090 f   KPlayerPartner.obj
 0001:00000030       _$E22                      10001030 f   KPartnerSkill.obj
 0001:00000050       _$E21                      10001050 f   KPartnerSkill.obj
 0001:00074830       _$E19                      10075830 f   common:Exception.obj
 0001:00074850       _$E18                      10075850 f   common:Exception.obj
 0001:00074250       _$E23                      10075250 f   common:Buffer.obj
 0001:00074270       _$E22                      10075270 f   common:Buffer.obj
 0001:00077a7c       _$E2                       10078a7c f   libcpmt:nomemory.obj
 0001:00077677       __Mbrtowc_lk               10078677 f   libcpmt:xmbtowc.obj
 0001:000770e0       _$E18                      100780e0 f   libcpmt:locale0.obj
 0001:000770ea       _$E15                      100780ea f   libcpmt:locale0.obj
 0001:000770eb       _$E17                      100780eb f   libcpmt:locale0.obj
 0001:000770f7       _$E16                      100780f7 f   libcpmt:locale0.obj
 0001:000775d2       _$E29                      100785d2 f   libcpmt:locale0.obj
 0001:000775fc       _$E25                      100785fc f   libcpmt:locale0.obj
 0001:00077608       _$E28                      10078608 f   libcpmt:locale0.obj
 0001:00076ac3       ?_CleanUp@std@@YAXXZ       10077ac3 f   libcpmt:xlock.obj
 0001:00076a03       _$E24                      10077a03 f   libcpmt:string.obj
 0001:00076a2d       _$E20                      10077a2d f   libcpmt:string.obj
 0001:00076a39       _$E23                      10077a39 f   libcpmt:string.obj
 0001:00075828       _$E18                      10076828 f   libcpmt:wiostrea.obj
 0001:00075832       _$E15                      10076832 f   libcpmt:wiostrea.obj
 0001:0007583c       _$E17                      1007683c f   libcpmt:wiostrea.obj
 0001:00075848       _$E16                      10076848 f   libcpmt:wiostrea.obj
 0001:00075852       _$E24                      10076852 f   libcpmt:wiostrea.obj
 0001:0007585c       _$E21                      1007685c f   libcpmt:wiostrea.obj
 0001:00075866       _$E23                      10076866 f   libcpmt:wiostrea.obj
 0001:00075872       _$E22                      10076872 f   libcpmt:wiostrea.obj
 0001:0007587c       _$E29                      1007687c f   libcpmt:wiostrea.obj
 0001:00075886       _$E26                      10076886 f   libcpmt:wiostrea.obj
 0001:00075893       _$E28                      10076893 f   libcpmt:wiostrea.obj
 0001:0007589f       _$E27                      1007689f f   libcpmt:wiostrea.obj
 0001:000758a9       _$E34                      100768a9 f   libcpmt:wiostrea.obj
 0001:000758b3       _$E31                      100768b3 f   libcpmt:wiostrea.obj
 0001:000758c0       _$E33                      100768c0 f   libcpmt:wiostrea.obj
 0001:000758cc       _$E32                      100768cc f   libcpmt:wiostrea.obj
 0001:000758d6       _$E39                      100768d6 f   libcpmt:wiostrea.obj
 0001:000758e0       _$E36                      100768e0 f   libcpmt:wiostrea.obj
 0001:000758ed       _$E38                      100768ed f   libcpmt:wiostrea.obj
 0001:000758f9       _$E37                      100768f9 f   libcpmt:wiostrea.obj
 0001:00075903       _$E44                      10076903 f   libcpmt:wiostrea.obj
 0001:0007590d       _$E41                      1007690d f   libcpmt:wiostrea.obj
 0001:0007591c       _$E43                      1007691c f   libcpmt:wiostrea.obj
 0001:00075928       _$E42                      10076928 f   libcpmt:wiostrea.obj
 0001:00075947       _$E49                      10076947 f   libcpmt:wiostrea.obj
 0001:00075951       _$E46                      10076951 f   libcpmt:wiostrea.obj
 0001:00075960       _$E48                      10076960 f   libcpmt:wiostrea.obj
 0001:0007596c       _$E47                      1007696c f   libcpmt:wiostrea.obj
 0001:0007598b       _$E54                      1007698b f   libcpmt:wiostrea.obj
 0001:00075995       _$E51                      10076995 f   libcpmt:wiostrea.obj
 0001:000759a4       _$E53                      100769a4 f   libcpmt:wiostrea.obj
 0001:000759b0       _$E52                      100769b0 f   libcpmt:wiostrea.obj
 0001:000759ba       _$E59                      100769ba f   libcpmt:wiostrea.obj
 0001:000759c4       _$E56                      100769c4 f   libcpmt:wiostrea.obj
 0001:000759d3       _$E58                      100769d3 f   libcpmt:wiostrea.obj
 0001:000759df       _$E57                      100769df f   libcpmt:wiostrea.obj
 0001:000766ad       _$E70                      100776ad f   libcpmt:wiostrea.obj
 0001:000766d7       _$E66                      100776d7 f   libcpmt:wiostrea.obj
 0001:000766e3       _$E69                      100776e3 f   libcpmt:wiostrea.obj
 0001:0007486b       _$E18                      1007586b f   libcpmt:iostream.obj
 0001:00074875       _$E15                      10075875 f   libcpmt:iostream.obj
 0001:00074882       _$E17                      10075882 f   libcpmt:iostream.obj
 0001:0007488e       _$E16                      1007588e f   libcpmt:iostream.obj
 0001:00074898       _$E23                      10075898 f   libcpmt:iostream.obj
 0001:000748a2       _$E20                      100758a2 f   libcpmt:iostream.obj
 0001:000748af       _$E22                      100758af f   libcpmt:iostream.obj
 0001:000748bb       _$E21                      100758bb f   libcpmt:iostream.obj
 0001:000748c5       _$E28                      100758c5 f   libcpmt:iostream.obj
 0001:000748cf       _$E25                      100758cf f   libcpmt:iostream.obj
 0001:000748de       _$E27                      100758de f   libcpmt:iostream.obj
 0001:000748ea       _$E26                      100758ea f   libcpmt:iostream.obj
 0001:00074909       _$E33                      10075909 f   libcpmt:iostream.obj
 0001:00074913       _$E30                      10075913 f   libcpmt:iostream.obj
 0001:00074922       _$E32                      10075922 f   libcpmt:iostream.obj
 0001:0007492e       _$E31                      1007592e f   libcpmt:iostream.obj
 0001:0007494d       _$E38                      1007594d f   libcpmt:iostream.obj
 0001:00074957       _$E35                      10075957 f   libcpmt:iostream.obj
 0001:00074964       _$E37                      10075964 f   libcpmt:iostream.obj
 0001:00074970       _$E36                      10075970 f   libcpmt:iostream.obj
 0001:0007497a       _$E43                      1007597a f   libcpmt:iostream.obj
 0001:00074984       _$E40                      10075984 f   libcpmt:iostream.obj
 0001:00074993       _$E42                      10075993 f   libcpmt:iostream.obj
 0001:0007499f       _$E41                      1007599f f   libcpmt:iostream.obj
 0001:000749a9       _$E48                      100759a9 f   libcpmt:iostream.obj
 0001:000749b3       _$E45                      100759b3 f   libcpmt:iostream.obj
 0001:000749c2       _$E47                      100759c2 f   libcpmt:iostream.obj
 0001:000749ce       _$E46                      100759ce f   libcpmt:iostream.obj
 0001:000757e5       _$E60                      100767e5 f   libcpmt:iostream.obj
 0001:0007580f       _$E56                      1007680f f   libcpmt:iostream.obj
 0001:0007581b       _$E59                      1007681b f   libcpmt:iostream.obj
 0001:00085680       _findenv                   10086680 f   LIBCMT:setenv.obj
 0001:000856d8       _copy_environ              100866d8 f   LIBCMT:setenv.obj
 0001:000854ce       _strncnt                   100864ce f   LIBCMT:a_cmp.obj
 0001:00084163       _ctrlevent_capture@4       10085163 f   LIBCMT:winsig.obj
 0001:00084347       _siglookup                 10085347 f   LIBCMT:winsig.obj
 0001:00083c91       _xtoa                      10084c91 f   LIBCMT:xtoa.obj
 0001:00083d63       _x64toa@20                 10084d63 f   LIBCMT:xtoa.obj
 0001:000831c4       __expandtime               100841c4 f   LIBCMT:strftime.obj
 0001:000835b3       __store_str                100845b3 f   LIBCMT:strftime.obj
 0001:000835da       __store_num                100845da f   LIBCMT:strftime.obj
 0001:00083649       __store_number             10084649 f   LIBCMT:strftime.obj
 0001:00083692       __store_winword            10084692 f   LIBCMT:strftime.obj
 0001:000823bd       _getSystemCP               100833bd f   LIBCMT:mbctype.obj
 0001:00082407       _CPtoLCID                  10083407 f   LIBCMT:mbctype.obj
 0001:0008243a       _setSBCS                   1008343a f   LIBCMT:mbctype.obj
 0001:00082463       _setSBUpLow                10083463 f   LIBCMT:mbctype.obj
 0001:00081fd8       _xcptlookup                10082fd8 f   LIBCMT:winxfltr.obj
 0001:00081592       __abstract_cw              10082592 f   LIBCMT:ieee87.obj
 0001:00081624       __hw_cw                    10082624 f   LIBCMT:ieee87.obj
 0001:000816ad       __abstract_sw              100826ad f   LIBCMT:ieee87.obj
 0001:00080c77       _TranslateName             10081c77 f   LIBCMT:getqloc.obj
 0001:00080ccf       _GetLcidFromLangCountry    10081ccf f   LIBCMT:getqloc.obj
 0001:00080d56       _LangCountryEnumProc@4     10081d56 f   LIBCMT:getqloc.obj
 0001:00080f5a       _GetLcidFromLanguage       10081f5a f   LIBCMT:getqloc.obj
 0001:00080fb0       _LanguageEnumProc@4        10081fb0 f   LIBCMT:getqloc.obj
 0001:0008106d       _GetLcidFromCountry        1008206d f   LIBCMT:getqloc.obj
 0001:000810a4       _CountryEnumProc@4         100820a4 f   LIBCMT:getqloc.obj
 0001:0008112a       _GetLcidFromDefault        1008212a f   LIBCMT:getqloc.obj
 0001:00081144       _ProcessCodePage           10082144 f   LIBCMT:getqloc.obj
 0001:000811aa       _TestDefaultCountry        100821aa f   LIBCMT:getqloc.obj
 0001:000811c9       _TestDefaultLanguage       100821c9 f   LIBCMT:getqloc.obj
 0001:0008122b       _IsThisWindowsNT           1008222b f   LIBCMT:getqloc.obj
 0001:00081261       _crtGetLocaleInfoA@16      10082261 f   LIBCMT:getqloc.obj
 0001:00081347       _LcidFromHexString         10082347 f   LIBCMT:getqloc.obj
 0001:00081380       _GetPrimaryLen             10082380 f   LIBCMT:getqloc.obj
 0001:0008064b       __get_lc_lconv             1008164b f   LIBCMT:initmon.obj
 0001:0008076d       _fix_grouping              1008176d f   LIBCMT:initmon.obj
 0001:000807a4       __free_lc_lconv            100817a4 f   LIBCMT:initmon.obj
 0001:00080549       _fix_grouping              10081549 f   LIBCMT:initnum.obj
 0001:0007fe96       __get_lc_time              10080e96 f   LIBCMT:inittime.obj
 0001:000801e4       __free_lc_time             100811e4 f   LIBCMT:inittime.obj
 0001:0007da66       _parse_cmdline             1007ea66 f   LIBCMT:stdargv.obj
 0001:0007d0e2       __tzset_lk                 1007e0e2 f   LIBCMT:tzset.obj
 0001:0007d38a       __isindst_lk               1007e38a f   LIBCMT:tzset.obj
 0001:0007d536       _cvtdate                   1007e536 f   LIBCMT:tzset.obj
 0001:0007cde4       _strncnt                   1007dde4 f   LIBCMT:a_map.obj
 0001:0007be40       ?FindHandler@@YAXPAUEHExceptionRecord@@PAUEHRegistrationNode@@PAU_CONTEXT@@PAXPBU_s_FuncInfo@@EH1@Z 1007ce40 f   LIBCMT:frame.obj
 0001:0007bff3       ?FindHandlerForForeignException@@YAXPAUEHExceptionRecord@@PAUEHRegistrationNode@@PAU_CONTEXT@@PAXPBU_s_FuncInfo@@HH1@Z 1007cff3 f   LIBCMT:frame.obj
 0001:0007c09d       ?TypeMatch@@YAHPBU_s_HandlerType@@PBU_s_CatchableType@@PBU_s_ThrowInfo@@@Z 1007d09d f   LIBCMT:frame.obj
 0001:0007c198       ?FrameUnwindFilter@@YAHPAU_EXCEPTION_POINTERS@@@Z 1007d198 f   LIBCMT:frame.obj
 0001:0007c1ae       ?CatchIt@@YAXPAUEHExceptionRecord@@PAUEHRegistrationNode@@PAU_CONTEXT@@PAXPBU_s_FuncInfo@@PBU_s_HandlerType@@PBU_s_CatchableType@@PBU_s_TryBlockMapEntry@@H1E@Z 1007d1ae f   LIBCMT:frame.obj
 0001:0007c229       ?CallCatchBlock@@YAPAXPAUEHExceptionRecord@@PAUEHRegistrationNode@@PAU_CONTEXT@@PBU_s_FuncInfo@@PAXHK@Z 1007d229 f   LIBCMT:frame.obj
 0001:0007c344       ?ExFilterRethrow@@YAHPAU_EXCEPTION_POINTERS@@@Z 1007d344 f   LIBCMT:frame.obj
 0001:0007c36e       ?BuildCatchObject@@YAXPAUEHExceptionRecord@@PAUEHRegistrationNode@@PBU_s_HandlerType@@PBU_s_CatchableType@@@Z 1007d36e f   LIBCMT:frame.obj
 0001:0007c599       ?AdjustPointer@@YAPAXPAXABUPMD@@@Z 1007d599 f   LIBCMT:frame.obj
 0001:0007bade       __cftoe2                   1007cade f   LIBCMT:cvt.obj
 0001:0007bbf5       __cftof2                   1007cbf5 f   LIBCMT:cvt.obj
 0001:0007bd80       __shift                    1007cd80 f   LIBCMT:cvt.obj
 0001:0007b83d       _write_char                1007c83d f   LIBCMT:output.obj
 0001:0007b872       _write_multi_char          1007c872 f   LIBCMT:output.obj
 0001:0007b8a3       _write_string              1007c8a3 f   LIBCMT:output.obj
 0001:0007b8db       _get_int_arg               1007c8db f   LIBCMT:output.obj
 0001:0007b8e8       _get_int64_arg             1007c8e8 f   LIBCMT:output.obj
 0001:0007b8f8       _get_short_arg             1007c8f8 f   LIBCMT:output.obj
 0001:0007ad0a       _doexit                    1007bd0a f   LIBCMT:crt0dat.obj
 0001:0007adc1       __initterm                 1007bdc1 f   LIBCMT:crt0dat.obj
 0001:0007a7e5       __setlocale_set_cat        1007b7e5 f   LIBCMT:setlocal.obj
 0001:0007a900       __setlocale_get_all        1007b900 f   LIBCMT:setlocal.obj
 0001:00079d60       _flsall                    1007ad60 f   LIBCMT:fflush.obj
 0001:000795e0       LeadUp1                    1007a5e0 f   LIBCMT:memcpy.obj
 0001:0007960c       LeadUp2                    1007a60c f   LIBCMT:memcpy.obj
 0001:00079630       LeadUp3                    1007a630 f   LIBCMT:memcpy.obj
 0001:000796af       UnwindUp0                  1007a6af f   LIBCMT:memcpy.obj
 0001:0007969c       UnwindUp1                  1007a69c f   LIBCMT:memcpy.obj
 0001:00079694       UnwindUp2                  1007a694 f   LIBCMT:memcpy.obj
 0001:0007968c       UnwindUp3                  1007a68c f   LIBCMT:memcpy.obj
 0001:00079684       UnwindUp4                  1007a684 f   LIBCMT:memcpy.obj
 0001:0007967c       UnwindUp5                  1007a67c f   LIBCMT:memcpy.obj
 0001:00079674       UnwindUp6                  1007a674 f   LIBCMT:memcpy.obj
 0001:0007966c       UnwindUp7                  1007a66c f   LIBCMT:memcpy.obj
 0001:000796c8       TrailUp0                   1007a6c8 f   LIBCMT:memcpy.obj
 0001:000796d0       TrailUp1                   1007a6d0 f   LIBCMT:memcpy.obj
 0001:000796dc       TrailUp2                   1007a6dc f   LIBCMT:memcpy.obj
 0001:000796f0       TrailUp3                   1007a6f0 f   LIBCMT:memcpy.obj
 0001:00079768       LeadDown1                  1007a768 f   LIBCMT:memcpy.obj
 0001:00079788       LeadDown2                  1007a788 f   LIBCMT:memcpy.obj
 0001:000797b0       LeadDown3                  1007a7b0 f   LIBCMT:memcpy.obj
 0001:00079804       UnwindDown7                1007a804 f   LIBCMT:memcpy.obj
 0001:0007980c       UnwindDown6                1007a80c f   LIBCMT:memcpy.obj
 0001:00079814       UnwindDown5                1007a814 f   LIBCMT:memcpy.obj
 0001:0007981c       UnwindDown4                1007a81c f   LIBCMT:memcpy.obj
 0001:00079824       UnwindDown3                1007a824 f   LIBCMT:memcpy.obj
 0001:0007982c       UnwindDown2                1007a82c f   LIBCMT:memcpy.obj
 0001:00079834       UnwindDown1                1007a834 f   LIBCMT:memcpy.obj
 0001:00079847       UnwindDown0                1007a847 f   LIBCMT:memcpy.obj
 0001:00079860       TrailDown0                 1007a860 f   LIBCMT:memcpy.obj
 0001:00079868       TrailDown1                 1007a868 f   LIBCMT:memcpy.obj
 0001:00079878       TrailDown2                 1007a878 f   LIBCMT:memcpy.obj
 0001:0007988c       TrailDown3                 1007a88c f   LIBCMT:memcpy.obj
 0001:00078a81       __make_time_t              10079a81 f   LIBCMT:mktime.obj
 0001:000787a0       LeadUp1                    100797a0 f   LIBCMT:memmove.obj
 0001:000787cc       LeadUp2                    100797cc f   LIBCMT:memmove.obj
 0001:000787f0       LeadUp3                    100797f0 f   LIBCMT:memmove.obj
 0001:0007886f       UnwindUp0                  1007986f f   LIBCMT:memmove.obj
 0001:0007885c       UnwindUp1                  1007985c f   LIBCMT:memmove.obj
 0001:00078854       UnwindUp2                  10079854 f   LIBCMT:memmove.obj
 0001:0007884c       UnwindUp3                  1007984c f   LIBCMT:memmove.obj
 0001:00078844       UnwindUp4                  10079844 f   LIBCMT:memmove.obj
 0001:0007883c       UnwindUp5                  1007983c f   LIBCMT:memmove.obj
 0001:00078834       UnwindUp6                  10079834 f   LIBCMT:memmove.obj
 0001:0007882c       UnwindUp7                  1007982c f   LIBCMT:memmove.obj
 0001:00078888       TrailUp0                   10079888 f   LIBCMT:memmove.obj
 0001:00078890       TrailUp1                   10079890 f   LIBCMT:memmove.obj
 0001:0007889c       TrailUp2                   1007989c f   LIBCMT:memmove.obj
 0001:000788b0       TrailUp3                   100798b0 f   LIBCMT:memmove.obj
 0001:00078928       LeadDown1                  10079928 f   LIBCMT:memmove.obj
 0001:00078948       LeadDown2                  10079948 f   LIBCMT:memmove.obj
 0001:00078970       LeadDown3                  10079970 f   LIBCMT:memmove.obj
 0001:000789c4       UnwindDown7                100799c4 f   LIBCMT:memmove.obj
 0001:000789cc       UnwindDown6                100799cc f   LIBCMT:memmove.obj
 0001:000789d4       UnwindDown5                100799d4 f   LIBCMT:memmove.obj
 0001:000789dc       UnwindDown4                100799dc f   LIBCMT:memmove.obj
 0001:000789e4       UnwindDown3                100799e4 f   LIBCMT:memmove.obj
 0001:000789ec       UnwindDown2                100799ec f   LIBCMT:memmove.obj
 0001:000789f4       UnwindDown1                100799f4 f   LIBCMT:memmove.obj
 0001:00078a07       UnwindDown0                10079a07 f   LIBCMT:memmove.obj
 0001:00078a20       TrailDown0                 10079a20 f   LIBCMT:memmove.obj
 0001:00078a28       TrailDown1                 10079a28 f   LIBCMT:memmove.obj
 0001:00078a38       TrailDown2                 10079a38 f   LIBCMT:memmove.obj
 0001:00078a4c       TrailDown3                 10079a4c f   LIBCMT:memmove.obj
 0001:0007817e       ?ArrayUnwindFilter@@YAHPAU_EXCEPTION_POINTERS@@@Z 1007917e f   LIBCMT:ehvecdtr.obj
 0001:00077f48       _gu_return                 10078f48 f   LIBCMT:exsup.obj
 0001:00077f50       __unwind_handler           10078f50 f   LIBCMT:exsup.obj
 0001:00077d63       ?CatchGuardHandler@@YA?AW4_EXCEPTION_DISPOSITION@@PAUEHExceptionRecord@@PAUCatchGuardRN@@PAX2@Z 10078d63 f   LIBCMT:trnsctrl.obj
 0001:00077e3e       ?TranslatorGuardHandler@@YA?AW4_EXCEPTION_DISPOSITION@@PAUEHExceptionRecord@@PAUTranslatorGuardRN@@PAX2@Z 10078e3e f   LIBCMT:trnsctrl.obj
 0001:00085e8c       _$E4                       10086e8c f   comsupp:comutil.obj
 0001:00085e96       _$E1                       10086e96 f   comsupp:comutil.obj
 0001:00085ea8       _$E3                       10086ea8 f   comsupp:comutil.obj
 0001:00085eb4       _$E2                       10086eb4 f   comsupp:comutil.obj
 0001:000858bb       ?_com_invoke_helper@@YAJPAUIDispatch@@JGGPAXPBGPADPAPAUIErrorInfo@@@Z 100868bb f   comsupp:comsupp.obj
