 Heaven

 Timestamp is 6884334e (Sat Jul 26 08:45:50 2025)

 Preferred load address is 10000000

 Start         Length     Name                   Class
 0001:00000000 00068cf6H .text                   CODE
 0001:00068d00 00005ec8H .text$x                 CODE
 0001:0006ebc8 00041408H .textbss                CODE
 0002:00000000 0000345aH .rdata                  DATA
 0002:00003460 0000181eH .rdata$r                DATA
 0002:00004c80 00006bfaH .xdata$x                DATA
 0002:0000b880 0000015cH .edata                  DATA
 0003:00000000 00000104H .CRT$XCA                DATA
 0003:00000104 000001e8H .CRT$XCU                DATA
 0003:000002ec 00000104H .CRT$XCZ                DATA
 0003:000003f0 00000104H .CRT$XIA                DATA
 0003:000004f4 0000010eH .CRT$XIC                DATA
 0003:00000604 00000104H .CRT$XIY                DATA
 0003:00000708 00000104H .CRT$XIZ                DATA
 0003:0000080c 00000104H .CRT$XPA                DATA
 0003:00000910 00000109H .CRT$XPX                DATA
 0003:00000a1c 00000104H .CRT$XPZ                DATA
 0003:00000b20 00000104H .CRT$XTA                DATA
 0003:00000c24 00000104H .CRT$XTB                DATA
 0003:00000d28 00000104H .CRT$XTZ                DATA
 0003:00000e30 00003df4H .data                   DATA
 0003:00004c28 00002335H .bss                    DATA
 0004:00000000 00000064H .idata$2                DATA
 0004:00000064 00000014H .idata$3                DATA
 0004:00000078 00000324H .idata$4                DATA
 0004:0000039c 00000324H .idata$5                DATA
 0004:000006c0 000009aeH .idata$6                DATA
 0005:00000000 00000169H .rsrc$01                DATA
 0005:00000170 000004c9H .rsrc$02                DATA

  Address         Publics by Value              Rva+Base     Lib:Object

 0001:00001270       _DllMain@12                10002270 f   Heaven.obj
 0001:000012a0       _CreateInterface@8         100022a0 f   ServerStage.obj
 0001:00001390       ??1CTaskQueue@CIOCPServer@@QAE@XZ 10002390 f   ServerStage.obj
 0001:00001470       ??1?$stack@PAXV?$deque@PAXV?$allocator@PAX@std@@@std@@@std@@QAE@XZ 10002470 f i ServerStage.obj
 0001:000014c0       ?Push@CTaskQueue@CIOCPServer@@QAEXPAX@Z 100024c0 f   ServerStage.obj
 0001:00001560       ?Pop@CTaskQueue@CIOCPServer@@QAEPAXXZ 10002560 f   ServerStage.obj
 0001:000016d0       ??0CIOCPServer@@QAE@IIIIIIII@Z 100026d0 f   ServerStage.obj
 0001:00001b10       ??_ECIOCPServer@@UAEPAXI@Z 10002b10 f i ServerStage.obj
 0001:00001b10       ??_GCIOCPServer@@UAEPAXI@Z 10002b10 f i ServerStage.obj
 0001:00001b80       ??0IServer@@QAE@XZ         10002b80 f i ServerStage.obj
 0001:00001be0       ??1?$map@IPAUtagClientNode@CIOCPServer@@U?$less@I@std@@V?$allocator@PAUtagClientNode@CIOCPServer@@@4@@std@@QAE@XZ 10002be0 f i ServerStage.obj
 0001:00001c30       ??1?$queue@IV?$deque@IV?$allocator@I@std@@@std@@@std@@QAE@XZ 10002c30 f i ServerStage.obj
 0001:00001c80       ??0CTaskQueue@CIOCPServer@@QAE@XZ 10002c80 f i ServerStage.obj
 0001:00001d20       ??0tagClientNode@CIOCPServer@@QAE@XZ 10002d20 f i ServerStage.obj
 0001:00001dc0       ??1CWin32Exception@Win32@OnlineGameLib@@UAE@XZ 10002dc0 f i ServerStage.obj
 0001:00001e10       ??0CWin32Exception@Win32@OnlineGameLib@@QAE@ABV012@@Z 10002e10 f i ServerStage.obj
 0001:00001e80       ??0CException@Win32@OnlineGameLib@@QAE@ABV012@@Z 10002e80 f i ServerStage.obj
 0001:00001f30       ??0IUnknown@@QAE@XZ        10002f30 f i ServerStage.obj
 0001:00001f60       ??_ECWin32Exception@Win32@OnlineGameLib@@UAEPAXI@Z 10002f60 f i ServerStage.obj
 0001:00001f60       ??_GCWin32Exception@Win32@OnlineGameLib@@UAEPAXI@Z 10002f60 f i ServerStage.obj
 0001:00001fd0       ??1CIOCPServer@@UAE@XZ     10002fd0 f   ServerStage.obj
 0001:00002410       ??_GtagClientNode@CIOCPServer@@QAEPAXI@Z 10003410 f i ServerStage.obj
 0001:00002480       ??1tagClientNode@CIOCPServer@@QAE@XZ 10003480 f i ServerStage.obj
 0001:00002510       ?Startup@CIOCPServer@@UAGJXZ 10003510 f   ServerStage.obj
 0001:00002780       ?Cleanup@CIOCPServer@@UAGJXZ 10003780 f   ServerStage.obj
 0001:00002a00       ?OpenServiceA@CIOCPServer@@UAGJABKABG@Z 10003a00 f   ServerStage.obj
 0001:00002c90       ?CloseService@CIOCPServer@@UAGJXZ 10003c90 f   ServerStage.obj
 0001:00002f00       ?RegisterMsgFilter@CIOCPServer@@UAGJPAXP6GX0ABK1@Z@Z 10003f00 f   ServerStage.obj
 0001:00002f50       ?PreparePackSink@CIOCPServer@@UAGJXZ 10003f50 f   ServerStage.obj
 0001:00002f80       ?PackDataToClient@CIOCPServer@@UAGJABKQBXABI@Z 10003f80 f   ServerStage.obj
 0001:000033a0       ?SendPackToClient@CIOCPServer@@UAGJABK@Z 100043a0 f   ServerStage.obj
 0001:00003910       ?SendData@CIOCPServer@@UAGJABKQBXABI@Z 10004910 f   ServerStage.obj
 0001:00003d70       ?_SendDataEx@CIOCPServer@@AAE_NPAUtagClientNode@1@QBXABI@Z 10004d70 f   ServerStage.obj
 0001:00004160       ?GetPackFromClient@CIOCPServer@@UAGPBXABKAAI@Z 10005160 f   ServerStage.obj
 0001:00004300       ?ShutdownClient@CIOCPServer@@UAGJABK@Z 10005300 f   ServerStage.obj
 0001:00004430       ?GetClientCount@CIOCPServer@@UAGIXZ 10005430 f   ServerStage.obj
 0001:00004480       ?GetClientInfo@CIOCPServer@@UAGPBDABK@Z 10005480 f   ServerStage.obj
 0001:000045e0       ?GetConnectionDetails@CPerConnectionData@@QBE?AV?$basic_string@DU?$char_traits@D@std@@V?$allocator@D@2@@std@@XZ 100055e0 f i ServerStage.obj
 0001:00004650       ?QueryInterface@CIOCPServer@@UAGJABU_GUID@@PAPAX@Z 10005650 f   ServerStage.obj
 0001:00004720       ?AddRef@CIOCPServer@@UAGKXZ 10005720 f   ServerStage.obj
 0001:00004780       ?Release@CIOCPServer@@UAGKXZ 10005780 f   ServerStage.obj
 0001:00004830       ?OnConnectionEstablished@CIOCPServer@@MAEXPAVSocket@CSocketServer@Win32@OnlineGameLib@@PAVCIOBuffer@45@@Z 10005830 f   ServerStage.obj
 0001:000049c0       ??0CPerConnectionData@@QAE@ABV?$basic_string@DU?$char_traits@D@std@@V?$allocator@D@2@@std@@IABJ@Z 100059c0 f i ServerStage.obj
 0001:00004a30       ??1CSocketAddress@Win32@OnlineGameLib@@QAE@XZ 10005a30 f i ServerStage.obj
 0001:00004a80       ?OnConnectionClosing@CIOCPServer@@MAE_NPAVSocket@CSocketServer@Win32@OnlineGameLib@@@Z 10005a80 f   ServerStage.obj
 0001:00004ad0       ?OnConnectionClosed@CIOCPServer@@MAEXPAVSocket@CSocketServer@Win32@OnlineGameLib@@@Z 10005ad0 f   ServerStage.obj
 0001:00004b50       ?ReadCompleted@CIOCPServer@@MAEXPAVSocket@CSocketServer@Win32@OnlineGameLib@@PAVCIOBuffer@45@@Z 10005b50 f   ServerStage.obj
 0001:00004f60       ?GetConnectionFirstParam@CPerConnectionData@@QBEIXZ 10005f60 f i ServerStage.obj
 0001:00004fa0       ?ProcessDataStream@CIOCPServer@@IAEPAVCIOBuffer@Win32@OnlineGameLib@@PAVSocket@CSocketServer@34@PAV234@@Z 10005fa0 f   ServerStage.obj
 0001:000051b0       ?GetMinimumMessageSize@CIOCPServer@@IAEIXZ 100061b0 f   ServerStage.obj
 0001:000051f0       ?GetMessageSize@CIOCPServer@@IAEIPBVCIOBuffer@Win32@OnlineGameLib@@@Z 100061f0 f   ServerStage.obj
 0001:00005260       ?ProcessCommand@CIOCPServer@@IAEXPAVSocket@CSocketServer@Win32@OnlineGameLib@@PBVCIOBuffer@45@@Z 10006260 f   ServerStage.obj
 0001:00005420       ??0CServerFactory@@QAE@XZ  10006420 f   ServerStage.obj
 0001:000054c0       ??_GCServerFactory@@UAEPAXI@Z 100064c0 f i ServerStage.obj
 0001:000054c0       ??_ECServerFactory@@UAEPAXI@Z 100064c0 f i ServerStage.obj
 0001:00005530       ??0IServerFactory@@QAE@XZ  10006530 f i ServerStage.obj
 0001:00005590       ??1CServerFactory@@UAE@XZ  10006590 f   ServerStage.obj
 0001:000055d0       ?SetEnvironment@CServerFactory@@UAGJABI000@Z 100065d0 f   ServerStage.obj
 0001:00005640       ?CreateServerInterface@CServerFactory@@UAGJABU_GUID@@PAPAX@Z 10006640 f   ServerStage.obj
 0001:00005890       ?QueryInterface@CServerFactory@@UAGJABU_GUID@@PAPAX@Z 10006890 f   ServerStage.obj
 0001:00005960       ?AddRef@CServerFactory@@UAGKXZ 10006960 f   ServerStage.obj
 0001:000059c0       ?Release@CServerFactory@@UAGKXZ 100069c0 f   ServerStage.obj
 0001:00005a70       ?HelperThreadFunction@CIOCPServer@@CGIPAX@Z 10006a70 f   ServerStage.obj
 0001:00005b20       ?_HelperThreadFunction@CIOCPServer@@AAEIXZ 10006b20 f   ServerStage.obj
 0001:00005bd0       ?_HelperAddClient@CIOCPServer@@AAE_NXZ 10006bd0 f   ServerStage.obj
 0001:00006340       ?SetConnectionFirstParam@CPerConnectionData@@QAEXI@Z 10007340 f i ServerStage.obj
 0001:00006380       ?GetConnectionSecondParam@CPerConnectionData@@QBEJXZ 10007380 f i ServerStage.obj
 0001:000064f0       ??_GCPerConnectionData@@QAEPAXI@Z 100074f0 f i ServerStage.obj
 0001:00006560       ??1CPerConnectionData@@QAE@XZ 10007560 f i ServerStage.obj
 0001:000065b0       ?_HelperDelClient@CIOCPServer@@AAE_NXZ 100075b0 f   ServerStage.obj
 0001:00006b60       ?RegisterMsgFilter@CIOCPServer@@UAGJKPAUIMessageProcess@@@Z 10007b60 f   ServerStage.obj
 0001:00006c70       ?ProcessMessage@CIOCPServer@@IAEXPAVSocket@CSocketServer@Win32@OnlineGameLib@@PAVCIOBuffer@45@@Z 10007c70 f   ServerStage.obj
 0001:00006f20       ??0?$basic_string@DU?$char_traits@D@std@@V?$allocator@D@2@@std@@QAE@ABV01@@Z 10007f20 f i ServerStage.obj
 0001:00006fa0       ??0?$basic_string@DU?$char_traits@D@std@@V?$allocator@D@2@@std@@QAE@PBDABV?$allocator@D@1@@Z 10007fa0 f i ServerStage.obj
 0001:00007010       ??1?$basic_string@DU?$char_traits@D@std@@V?$allocator@D@2@@std@@QAE@XZ 10008010 f i ServerStage.obj
 0001:00007060       ?c_str@?$basic_string@DU?$char_traits@D@std@@V?$allocator@D@2@@std@@QBEPBDXZ 10008060 f i ServerStage.obj
 0001:000070c0       ??8@YAHABU_GUID@@0@Z       100080c0 f i ServerStage.obj
 0001:00007110       ??0?$map@IPAUtagClientNode@CIOCPServer@@U?$less@I@std@@V?$allocator@PAUtagClientNode@CIOCPServer@@@4@@std@@QAE@ABU?$less@I@1@ABV?$allocator@PAUtagClientNode@CIOCPServer@@@1@@Z 10008110 f i ServerStage.obj
 0001:00007170       ?begin@?$map@IPAUtagClientNode@CIOCPServer@@U?$less@I@std@@V?$allocator@PAUtagClientNode@CIOCPServer@@@4@@std@@QAE?AViterator@?$_Tree@IU?$pair@$$CBIPAUtagClientNode@CIOCPServer@@@std@@U_Kfn@?$map@IPAUtagClientNode@CIOCPServer@@U?$less@I@std@@V?$allocator@PAUtagClientNode@CIOCPServer@@@4@@2@U?$less@I@2@V?$allocator@PAUtagClientNode@CIOCPServer@@@2@@2@XZ 10008170 f i ServerStage.obj
 0001:000071d0       ?end@?$map@IPAUtagClientNode@CIOCPServer@@U?$less@I@std@@V?$allocator@PAUtagClientNode@CIOCPServer@@@4@@std@@QAE?AViterator@?$_Tree@IU?$pair@$$CBIPAUtagClientNode@CIOCPServer@@@std@@U_Kfn@?$map@IPAUtagClientNode@CIOCPServer@@U?$less@I@std@@V?$allocator@PAUtagClientNode@CIOCPServer@@@4@@2@U?$less@I@2@V?$allocator@PAUtagClientNode@CIOCPServer@@@2@@2@XZ 100081d0 f i ServerStage.obj
 0001:00007230       ??A?$map@IPAUtagClientNode@CIOCPServer@@U?$less@I@std@@V?$allocator@PAUtagClientNode@CIOCPServer@@@4@@std@@QAEAAPAUtagClientNode@CIOCPServer@@ABI@Z 10008230 f i ServerStage.obj
 0001:000072b0       ?erase@?$map@IPAUtagClientNode@CIOCPServer@@U?$less@I@std@@V?$allocator@PAUtagClientNode@CIOCPServer@@@4@@std@@QAE?AViterator@?$_Tree@IU?$pair@$$CBIPAUtagClientNode@CIOCPServer@@@std@@U_Kfn@?$map@IPAUtagClientNode@CIOCPServer@@U?$less@I@std@@V?$allocator@PAUtagClientNode@CIOCPServer@@@4@@2@U?$less@I@2@V?$allocator@PAUtagClientNode@CIOCPServer@@@2@@2@V342@0@Z 100082b0 f i ServerStage.obj
 0001:00007320       ??1?$_Tree@IU?$pair@$$CBIPAUtagClientNode@CIOCPServer@@@std@@U_Kfn@?$map@IPAUtagClientNode@CIOCPServer@@U?$less@I@std@@V?$allocator@PAUtagClientNode@CIOCPServer@@@4@@2@U?$less@I@2@V?$allocator@PAUtagClientNode@CIOCPServer@@@2@@std@@QAE@XZ 10008320 f i ServerStage.obj
 0001:00007440       ??0iterator@?$_Tree@IU?$pair@$$CBIPAUtagClientNode@CIOCPServer@@@std@@U_Kfn@?$map@IPAUtagClientNode@CIOCPServer@@U?$less@I@std@@V?$allocator@PAUtagClientNode@CIOCPServer@@@4@@2@U?$less@I@2@V?$allocator@PAUtagClientNode@CIOCPServer@@@2@@std@@QAE@XZ 10008440 f i ServerStage.obj
 0001:00007490       ??Diterator@?$_Tree@IU?$pair@$$CBIPAUtagClientNode@CIOCPServer@@@std@@U_Kfn@?$map@IPAUtagClientNode@CIOCPServer@@U?$less@I@std@@V?$allocator@PAUtagClientNode@CIOCPServer@@@4@@2@U?$less@I@2@V?$allocator@PAUtagClientNode@CIOCPServer@@@2@@std@@QBEAAU?$pair@$$CBIPAUtagClientNode@CIOCPServer@@@2@XZ 10008490 f i ServerStage.obj
 0001:000074e0       ??Eiterator@?$_Tree@IU?$pair@$$CBIPAUtagClientNode@CIOCPServer@@@std@@U_Kfn@?$map@IPAUtagClientNode@CIOCPServer@@U?$less@I@std@@V?$allocator@PAUtagClientNode@CIOCPServer@@@4@@2@U?$less@I@2@V?$allocator@PAUtagClientNode@CIOCPServer@@@2@@std@@QAE?AV012@H@Z 100084e0 f i ServerStage.obj
 0001:00007540       ??9iterator@?$_Tree@IU?$pair@$$CBIPAUtagClientNode@CIOCPServer@@@std@@U_Kfn@?$map@IPAUtagClientNode@CIOCPServer@@U?$less@I@std@@V?$allocator@PAUtagClientNode@CIOCPServer@@@4@@2@U?$less@I@2@V?$allocator@PAUtagClientNode@CIOCPServer@@@2@@std@@QBE_NABV012@@Z 10008540 f i ServerStage.obj
 0001:000075a0       ??0?$queue@IV?$deque@IV?$allocator@I@std@@@std@@@std@@QAE@ABV?$allocator@I@1@@Z 100085a0 f i ServerStage.obj
 0001:000075f0       ?empty@?$queue@IV?$deque@IV?$allocator@I@std@@@std@@@std@@QBE_NXZ 100085f0 f i ServerStage.obj
 0001:00007640       ?front@?$queue@IV?$deque@IV?$allocator@I@std@@@std@@@std@@QAEAAIXZ 10008640 f i ServerStage.obj
 0001:00007690       ?push@?$queue@IV?$deque@IV?$allocator@I@std@@@std@@@std@@QAEXABI@Z 10008690 f i ServerStage.obj
 0001:000076e0       ?pop@?$queue@IV?$deque@IV?$allocator@I@std@@@std@@@std@@QAEXXZ 100086e0 f i ServerStage.obj
 0001:00007730       ??1?$deque@IV?$allocator@I@std@@@std@@QAE@XZ 10008730 f i ServerStage.obj
 0001:00007790       ??0?$list@IV?$allocator@I@std@@@std@@QAE@ABV?$allocator@I@1@@Z 10008790 f i ServerStage.obj
 0001:00007800       ??1?$list@IV?$allocator@I@std@@@std@@QAE@XZ 10008800 f i ServerStage.obj
 0001:000078a0       ?begin@?$list@IV?$allocator@I@std@@@std@@QAE?AViterator@12@XZ 100088a0 f i ServerStage.obj
 0001:00007910       ?end@?$list@IV?$allocator@I@std@@@std@@QAE?AViterator@12@XZ 10008910 f i ServerStage.obj
 0001:00007970       ?size@?$list@IV?$allocator@I@std@@@std@@QBEIXZ 10008970 f i ServerStage.obj
 0001:000079b0       ?push_back@?$list@IV?$allocator@I@std@@@std@@QAEXABI@Z 100089b0 f i ServerStage.obj
 0001:00007a20       ?erase@?$list@IV?$allocator@I@std@@@std@@QAE?AViterator@12@V312@0@Z 10008a20 f i ServerStage.obj
 0001:00007ab0       ?remove@?$list@IV?$allocator@I@std@@@std@@QAEXABI@Z 10008ab0 f i ServerStage.obj
 0001:00007b80       ??0iterator@?$list@IV?$allocator@I@std@@@std@@QAE@XZ 10008b80 f i ServerStage.obj
 0001:00007bd0       ??Diterator@?$list@IV?$allocator@I@std@@@std@@QBEAAIXZ 10008bd0 f i ServerStage.obj
 0001:00007c20       ??Eiterator@?$list@IV?$allocator@I@std@@@std@@QAE?AV012@H@Z 10008c20 f i ServerStage.obj
 0001:00007c80       ??9iterator@?$list@IV?$allocator@I@std@@@std@@QBE_NABV012@@Z 10008c80 f i ServerStage.obj
 0001:00007ce0       ??0?$stack@PAXV?$deque@PAXV?$allocator@PAX@std@@@std@@@std@@QAE@ABV?$allocator@PAX@1@@Z 10008ce0 f i ServerStage.obj
 0001:00007d30       ?empty@?$stack@PAXV?$deque@PAXV?$allocator@PAX@std@@@std@@@std@@QBE_NXZ 10008d30 f i ServerStage.obj
 0001:00007d80       ?top@?$stack@PAXV?$deque@PAXV?$allocator@PAX@std@@@std@@@std@@QAEAAPAXXZ 10008d80 f i ServerStage.obj
 0001:00007dd0       ?push@?$stack@PAXV?$deque@PAXV?$allocator@PAX@std@@@std@@@std@@QAEXABQAX@Z 10008dd0 f i ServerStage.obj
 0001:00007e20       ?pop@?$stack@PAXV?$deque@PAXV?$allocator@PAX@std@@@std@@@std@@QAEXXZ 10008e20 f i ServerStage.obj
 0001:00007e70       ??1?$deque@PAXV?$allocator@PAX@std@@@std@@QAE@XZ 10008e70 f i ServerStage.obj
 0001:00007ed0       ?assign@?$basic_string@DU?$char_traits@D@std@@V?$allocator@D@2@@std@@QAEAAV12@ABV12@II@Z 10008ed0 f i ServerStage.obj
 0001:000080b0       ?copy@?$char_traits@D@std@@SAPADPADPBDI@Z 100090b0 f i ServerStage.obj
 0001:00008100       ?size@?$basic_string@DU?$char_traits@D@std@@V?$allocator@D@2@@std@@QBEIXZ 10009100 f i ServerStage.obj
 0001:00008140       ?assign@?$basic_string@DU?$char_traits@D@std@@V?$allocator@D@2@@std@@QAEAAV12@PBD@Z 10009140 f i ServerStage.obj
 0001:000081a0       ?length@?$char_traits@D@std@@SAIPBD@Z 100091a0 f i ServerStage.obj
 0001:000081f0       ?_Nullstr@?$basic_string@DU?$char_traits@D@std@@V?$allocator@D@2@@std@@CAPBDXZ 100091f0 f i ServerStage.obj
 0001:00008220       ?_Tidy@?$basic_string@DU?$char_traits@D@std@@V?$allocator@D@2@@std@@AAEX_N@Z 10009220 f i ServerStage.obj
 0001:00008330       ?insert@?$map@IPAUtagClientNode@CIOCPServer@@U?$less@I@std@@V?$allocator@PAUtagClientNode@CIOCPServer@@@4@@std@@QAE?AU?$pair@Viterator@?$_Tree@IU?$pair@$$CBIPAUtagClientNode@CIOCPServer@@@std@@U_Kfn@?$map@IPAUtagClientNode@CIOCPServer@@U?$less@I@std@@V?$allocator@PAUtagClientNode@CIOCPServer@@@4@@2@U?$less@I@2@V?$allocator@PAUtagClientNode@CIOCPServer@@@2@@std@@_N@2@ABU?$pair@$$CBIPAUtagClientNode@CIOCPServer@@@2@@Z 10009330 f i ServerStage.obj
 0001:000083c0       ?_Value@?$_Tree@IU?$pair@$$CBIPAUtagClientNode@CIOCPServer@@@std@@U_Kfn@?$map@IPAUtagClientNode@CIOCPServer@@U?$less@I@std@@V?$allocator@PAUtagClientNode@CIOCPServer@@@4@@2@U?$less@I@2@V?$allocator@PAUtagClientNode@CIOCPServer@@@2@@std@@KAAAU?$pair@$$CBIPAUtagClientNode@CIOCPServer@@@2@PAU_Node@12@@Z 100093c0 f i ServerStage.obj
 0001:000083f0       ??0?$_Tree@IU?$pair@$$CBIPAUtagClientNode@CIOCPServer@@@std@@U_Kfn@?$map@IPAUtagClientNode@CIOCPServer@@U?$less@I@std@@V?$allocator@PAUtagClientNode@CIOCPServer@@@4@@2@U?$less@I@2@V?$allocator@PAUtagClientNode@CIOCPServer@@@2@@std@@QAE@ABU?$less@I@1@_NABV?$allocator@PAUtagClientNode@CIOCPServer@@@1@@Z 100093f0 f i ServerStage.obj
 0001:00008460       ?begin@?$_Tree@IU?$pair@$$CBIPAUtagClientNode@CIOCPServer@@@std@@U_Kfn@?$map@IPAUtagClientNode@CIOCPServer@@U?$less@I@std@@V?$allocator@PAUtagClientNode@CIOCPServer@@@4@@2@U?$less@I@2@V?$allocator@PAUtagClientNode@CIOCPServer@@@2@@std@@QAE?AViterator@12@XZ 10009460 f i ServerStage.obj
 0001:000084c0       ?end@?$_Tree@IU?$pair@$$CBIPAUtagClientNode@CIOCPServer@@@std@@U_Kfn@?$map@IPAUtagClientNode@CIOCPServer@@U?$less@I@std@@V?$allocator@PAUtagClientNode@CIOCPServer@@@4@@2@U?$less@I@2@V?$allocator@PAUtagClientNode@CIOCPServer@@@2@@std@@QAE?AViterator@12@XZ 100094c0 f i ServerStage.obj
 0001:00008520       ?erase@?$_Tree@IU?$pair@$$CBIPAUtagClientNode@CIOCPServer@@@std@@U_Kfn@?$map@IPAUtagClientNode@CIOCPServer@@U?$less@I@std@@V?$allocator@PAUtagClientNode@CIOCPServer@@@4@@2@U?$less@I@2@V?$allocator@PAUtagClientNode@CIOCPServer@@@2@@std@@QAE?AViterator@12@V312@0@Z 10009520 f i ServerStage.obj
 0001:000086e0       ?_Freenode@?$_Tree@IU?$pair@$$CBIPAUtagClientNode@CIOCPServer@@@std@@U_Kfn@?$map@IPAUtagClientNode@CIOCPServer@@U?$less@I@std@@V?$allocator@PAUtagClientNode@CIOCPServer@@@4@@2@U?$less@I@2@V?$allocator@PAUtagClientNode@CIOCPServer@@@2@@std@@IAEXPAU_Node@12@@Z 100096e0 f i ServerStage.obj
 0001:00008730       ??0?$pair@$$CBIPAUtagClientNode@CIOCPServer@@@std@@QAE@ABIABQAUtagClientNode@CIOCPServer@@@Z 10009730 f i ServerStage.obj
 0001:00008780       ??0const_iterator@?$_Tree@IU?$pair@$$CBIPAUtagClientNode@CIOCPServer@@@std@@U_Kfn@?$map@IPAUtagClientNode@CIOCPServer@@U?$less@I@std@@V?$allocator@PAUtagClientNode@CIOCPServer@@@4@@2@U?$less@I@2@V?$allocator@PAUtagClientNode@CIOCPServer@@@2@@std@@QAE@XZ 10009780 f i ServerStage.obj
 0001:000087b0       ??Eiterator@?$_Tree@IU?$pair@$$CBIPAUtagClientNode@CIOCPServer@@@std@@U_Kfn@?$map@IPAUtagClientNode@CIOCPServer@@U?$less@I@std@@V?$allocator@PAUtagClientNode@CIOCPServer@@@4@@2@U?$less@I@2@V?$allocator@PAUtagClientNode@CIOCPServer@@@2@@std@@QAEAAV012@XZ 100097b0 f i ServerStage.obj
 0001:00008800       ??8iterator@?$_Tree@IU?$pair@$$CBIPAUtagClientNode@CIOCPServer@@@std@@U_Kfn@?$map@IPAUtagClientNode@CIOCPServer@@U?$less@I@std@@V?$allocator@PAUtagClientNode@CIOCPServer@@@4@@2@U?$less@I@2@V?$allocator@PAUtagClientNode@CIOCPServer@@@2@@std@@QBE_NABV012@@Z 10009800 f i ServerStage.obj
 0001:00008850       ??0?$deque@IV?$allocator@I@std@@@std@@QAE@ABV?$allocator@I@1@@Z 10009850 f i ServerStage.obj
 0001:000088e0       ?empty@?$deque@IV?$allocator@I@std@@@std@@QBE_NXZ 100098e0 f i ServerStage.obj
 0001:00008930       ?front@?$deque@IV?$allocator@I@std@@@std@@QAEAAIXZ 10009930 f i ServerStage.obj
 0001:00008990       ?pop_front@?$deque@IV?$allocator@I@std@@@std@@QAEXXZ 10009990 f i ServerStage.obj
 0001:00008a40       ?push_back@?$deque@IV?$allocator@I@std@@@std@@QAEXABI@Z 10009a40 f i ServerStage.obj
 0001:00008b80       ?insert@?$list@IV?$allocator@I@std@@@std@@QAE?AViterator@12@V312@ABI@Z 10009b80 f i ServerStage.obj
 0001:00008c90       ?erase@?$list@IV?$allocator@I@std@@@std@@QAE?AViterator@12@V312@@Z 10009c90 f i ServerStage.obj
 0001:00008da0       ?_Buynode@?$list@IV?$allocator@I@std@@@std@@IAEPAU_Node@12@PAU312@0@Z 10009da0 f i ServerStage.obj
 0001:00008e50       ?_Freenode@?$list@IV?$allocator@I@std@@@std@@IAEXPAU_Node@12@@Z 10009e50 f i ServerStage.obj
 0001:00008ea0       ?deallocate@?$allocator@I@std@@QAEXPAXI@Z 10009ea0 f i ServerStage.obj
 0001:00008ef0       ?_Next@_Acc@?$list@IV?$allocator@I@std@@@std@@SAAAPAU_Node@23@PAU423@@Z 10009ef0 f i ServerStage.obj
 0001:00008f20       ?_Value@_Acc@?$list@IV?$allocator@I@std@@@std@@SAAAIPAU_Node@23@@Z 10009f20 f i ServerStage.obj
 0001:00008f50       ??0const_iterator@?$list@IV?$allocator@I@std@@@std@@QAE@XZ 10009f50 f i ServerStage.obj
 0001:00008f80       ??0iterator@?$list@IV?$allocator@I@std@@@std@@QAE@PAU_Node@12@@Z 10009f80 f i ServerStage.obj
 0001:00008fd0       ??Eiterator@?$list@IV?$allocator@I@std@@@std@@QAEAAV012@XZ 10009fd0 f i ServerStage.obj
 0001:00009030       ??8iterator@?$list@IV?$allocator@I@std@@@std@@QBE_NABV012@@Z 1000a030 f i ServerStage.obj
 0001:00009080       ??0?$deque@PAXV?$allocator@PAX@std@@@std@@QAE@ABV?$allocator@PAX@1@@Z 1000a080 f i ServerStage.obj
 0001:00009110       ?empty@?$deque@PAXV?$allocator@PAX@std@@@std@@QBE_NXZ 1000a110 f i ServerStage.obj
 0001:00009160       ?back@?$deque@PAXV?$allocator@PAX@std@@@std@@QAEAAPAXXZ 1000a160 f i ServerStage.obj
 0001:000091d0       ?pop_front@?$deque@PAXV?$allocator@PAX@std@@@std@@QAEXXZ 1000a1d0 f i ServerStage.obj
 0001:00009280       ?push_back@?$deque@PAXV?$allocator@PAX@std@@@std@@QAEXABQAX@Z 1000a280 f i ServerStage.obj
 0001:000093c0       ?pop_back@?$deque@PAXV?$allocator@PAX@std@@@std@@QAEXXZ 1000a3c0 f i ServerStage.obj
 0001:00009490       ?assign@?$basic_string@DU?$char_traits@D@std@@V?$allocator@D@2@@std@@QAEAAV12@PBDI@Z 1000a490 f i ServerStage.obj
 0001:00009520       ?erase@?$basic_string@DU?$char_traits@D@std@@V?$allocator@D@2@@std@@QAEAAV12@II@Z 1000a520 f i ServerStage.obj
 0001:00009620       ?move@?$char_traits@D@std@@SAPADPADPBDI@Z 1000a620 f i ServerStage.obj
 0001:00009670       ?capacity@?$basic_string@DU?$char_traits@D@std@@V?$allocator@D@2@@std@@QBEIXZ 1000a670 f i ServerStage.obj
 0001:000096b0       ?_Eos@?$basic_string@DU?$char_traits@D@std@@V?$allocator@D@2@@std@@AAEXI@Z 1000a6b0 f i ServerStage.obj
 0001:00009720       ?assign@?$char_traits@D@std@@SAXAADABD@Z 1000a720 f i ServerStage.obj
 0001:00009760       ?_Grow@?$basic_string@DU?$char_traits@D@std@@V?$allocator@D@2@@std@@AAE_NI_N@Z 1000a760 f i ServerStage.obj
 0001:00009910       ?_Refcnt@?$basic_string@DU?$char_traits@D@std@@V?$allocator@D@2@@std@@AAEAAEPBD@Z 1000a910 f i ServerStage.obj
 0001:00009950       ?deallocate@?$allocator@D@std@@QAEXPAXI@Z 1000a950 f i ServerStage.obj
 0001:000099a0       ?_Charalloc@?$allocator@I@std@@QAEPADI@Z 1000a9a0 f i ServerStage.obj
 0001:000099f0       ?construct@?$allocator@I@std@@QAEXPAIABI@Z 1000a9f0 f i ServerStage.obj
 0001:00009a40       ?destroy@?$allocator@I@std@@QAEXPAI@Z 1000aa40 f i ServerStage.obj
 0001:00009a90       ?deallocate@?$allocator@PAUtagClientNode@CIOCPServer@@@std@@QAEXPAXI@Z 1000aa90 f i ServerStage.obj
 0001:00009ae0       ?size@?$_Tree@IU?$pair@$$CBIPAUtagClientNode@CIOCPServer@@@std@@U_Kfn@?$map@IPAUtagClientNode@CIOCPServer@@U?$less@I@std@@V?$allocator@PAUtagClientNode@CIOCPServer@@@4@@2@U?$less@I@2@V?$allocator@PAUtagClientNode@CIOCPServer@@@2@@std@@QBEIXZ 1000aae0 f i ServerStage.obj
 0001:00009b20       ?insert@?$_Tree@IU?$pair@$$CBIPAUtagClientNode@CIOCPServer@@@std@@U_Kfn@?$map@IPAUtagClientNode@CIOCPServer@@U?$less@I@std@@V?$allocator@PAUtagClientNode@CIOCPServer@@@4@@2@U?$less@I@2@V?$allocator@PAUtagClientNode@CIOCPServer@@@2@@std@@QAE?AU?$pair@Viterator@?$_Tree@IU?$pair@$$CBIPAUtagClientNode@CIOCPServer@@@std@@U_Kfn@?$map@IPAUtagClientNode@CIOCPServer@@U?$less@I@std@@V?$allocator@PAUtagClientNode@CIOCPServer@@@4@@2@U?$less@I@2@V?$allocator@PAUtagClientNode@CIOCPServer@@@2@@std@@_N@2@ABU?$pair@$$CBIPAUtagClientNode@CIOCPServer@@@2@@Z 1000ab20 f i ServerStage.obj
 0001:00009e20       ?erase@?$_Tree@IU?$pair@$$CBIPAUtagClientNode@CIOCPServer@@@std@@U_Kfn@?$map@IPAUtagClientNode@CIOCPServer@@U?$less@I@std@@V?$allocator@PAUtagClientNode@CIOCPServer@@@4@@2@U?$less@I@2@V?$allocator@PAUtagClientNode@CIOCPServer@@@2@@std@@QAE?AViterator@12@V312@@Z 1000ae20 f i ServerStage.obj
 0001:0000a8b0       ?_Erase@?$_Tree@IU?$pair@$$CBIPAUtagClientNode@CIOCPServer@@@std@@U_Kfn@?$map@IPAUtagClientNode@CIOCPServer@@U?$less@I@std@@V?$allocator@PAUtagClientNode@CIOCPServer@@@4@@2@U?$less@I@2@V?$allocator@PAUtagClientNode@CIOCPServer@@@2@@std@@IAEXPAU_Node@12@@Z 1000b8b0 f i ServerStage.obj
 0001:0000a9c0       ?_Init@?$_Tree@IU?$pair@$$CBIPAUtagClientNode@CIOCPServer@@@std@@U_Kfn@?$map@IPAUtagClientNode@CIOCPServer@@U?$less@I@std@@V?$allocator@PAUtagClientNode@CIOCPServer@@@4@@2@U?$less@I@2@V?$allocator@PAUtagClientNode@CIOCPServer@@@2@@std@@IAEXXZ 1000b9c0 f i ServerStage.obj
 0001:0000ab00       ?_Lmost@?$_Tree@IU?$pair@$$CBIPAUtagClientNode@CIOCPServer@@@std@@U_Kfn@?$map@IPAUtagClientNode@CIOCPServer@@U?$less@I@std@@V?$allocator@PAUtagClientNode@CIOCPServer@@@4@@2@U?$less@I@2@V?$allocator@PAUtagClientNode@CIOCPServer@@@2@@std@@IAEAAPAU_Node@12@XZ 1000bb00 f i ServerStage.obj
 0001:0000ab50       ?_Rmost@?$_Tree@IU?$pair@$$CBIPAUtagClientNode@CIOCPServer@@@std@@U_Kfn@?$map@IPAUtagClientNode@CIOCPServer@@U?$less@I@std@@V?$allocator@PAUtagClientNode@CIOCPServer@@@4@@2@U?$less@I@2@V?$allocator@PAUtagClientNode@CIOCPServer@@@2@@std@@IAEAAPAU_Node@12@XZ 1000bb50 f i ServerStage.obj
 0001:0000aba0       ?_Root@?$_Tree@IU?$pair@$$CBIPAUtagClientNode@CIOCPServer@@@std@@U_Kfn@?$map@IPAUtagClientNode@CIOCPServer@@U?$less@I@std@@V?$allocator@PAUtagClientNode@CIOCPServer@@@4@@2@U?$less@I@2@V?$allocator@PAUtagClientNode@CIOCPServer@@@2@@std@@IAEAAPAU_Node@12@XZ 1000bba0 f i ServerStage.obj
 0001:0000abf0       ?_Inc@const_iterator@?$_Tree@IU?$pair@$$CBIPAUtagClientNode@CIOCPServer@@@std@@U_Kfn@?$map@IPAUtagClientNode@CIOCPServer@@U?$less@I@std@@V?$allocator@PAUtagClientNode@CIOCPServer@@@4@@2@U?$less@I@2@V?$allocator@PAUtagClientNode@CIOCPServer@@@2@@std@@QAEXXZ 1000bbf0 f i ServerStage.obj
 0001:0000ad20       ??0iterator@?$_Tree@IU?$pair@$$CBIPAUtagClientNode@CIOCPServer@@@std@@U_Kfn@?$map@IPAUtagClientNode@CIOCPServer@@U?$less@I@std@@V?$allocator@PAUtagClientNode@CIOCPServer@@@4@@2@U?$less@I@2@V?$allocator@PAUtagClientNode@CIOCPServer@@@2@@std@@QAE@PAU_Node@12@@Z 1000bd20 f i ServerStage.obj
 0001:0000ad70       ?begin@?$deque@IV?$allocator@I@std@@@std@@QAE?AViterator@12@XZ 1000bd70 f i ServerStage.obj
 0001:0000add0       ?size@?$deque@IV?$allocator@I@std@@@std@@QBEIXZ 1000bdd0 f i ServerStage.obj
 0001:0000ae10       ?_Buyback@?$deque@IV?$allocator@I@std@@@std@@IAEXXZ 1000be10 f i ServerStage.obj
 0001:0000b090       ?allocate@?$allocator@I@std@@QAEPAIIPBX@Z 1000c090 f i ServerStage.obj
 0001:0000b0e0       ?_Freefront@?$deque@IV?$allocator@I@std@@@std@@IAEXXZ 1000c0e0 f i ServerStage.obj
 0001:0000b200       ??0iterator@?$deque@IV?$allocator@I@std@@@std@@QAE@XZ 1000c200 f i ServerStage.obj
 0001:0000b250       ??Diterator@?$deque@IV?$allocator@I@std@@@std@@QBEAAIXZ 1000c250 f i ServerStage.obj
 0001:0000b290       ?_Prev@_Acc@?$list@IV?$allocator@I@std@@@std@@SAAAPAU_Node@23@PAU423@@Z 1000c290 f i ServerStage.obj
 0001:0000b2c0       ??0const_iterator@?$list@IV?$allocator@I@std@@@std@@QAE@PAU_Node@12@@Z 1000c2c0 f i ServerStage.obj
 0001:0000b300       ?_Mynode@const_iterator@?$list@IV?$allocator@I@std@@@std@@QBEPAU_Node@23@XZ 1000c300 f i ServerStage.obj
 0001:0000b340       ?end@?$deque@PAXV?$allocator@PAX@std@@@std@@QAE?AViterator@12@XZ 1000c340 f i ServerStage.obj
 0001:0000b3a0       ?size@?$deque@PAXV?$allocator@PAX@std@@@std@@QBEIXZ 1000c3a0 f i ServerStage.obj
 0001:0000b3e0       ?_Buyback@?$deque@PAXV?$allocator@PAX@std@@@std@@IAEXXZ 1000c3e0 f i ServerStage.obj
 0001:0000b660       ?_Freeback@?$deque@PAXV?$allocator@PAX@std@@@std@@IAEXXZ 1000c660 f i ServerStage.obj
 0001:0000b7b0       ?_Freefront@?$deque@PAXV?$allocator@PAX@std@@@std@@IAEXXZ 1000c7b0 f i ServerStage.obj
 0001:0000b8d0       ?construct@?$allocator@PAX@std@@QAEXPAPAXABQAX@Z 1000c8d0 f i ServerStage.obj
 0001:0000b920       ?destroy@?$allocator@PAX@std@@QAEXPAPAX@Z 1000c920 f i ServerStage.obj
 0001:0000b970       ??0iterator@?$deque@PAXV?$allocator@PAX@std@@@std@@QAE@XZ 1000c970 f i ServerStage.obj
 0001:0000b9c0       ??Diterator@?$deque@PAXV?$allocator@PAX@std@@@std@@QBEAAPAXXZ 1000c9c0 f i ServerStage.obj
 0001:0000ba00       ??Giterator@?$deque@PAXV?$allocator@PAX@std@@@std@@QBE?AV012@H@Z 1000ca00 f i ServerStage.obj
 0001:0000ba90       ??0?$pair@Viterator@?$_Tree@IU?$pair@$$CBIPAUtagClientNode@CIOCPServer@@@std@@U_Kfn@?$map@IPAUtagClientNode@CIOCPServer@@U?$less@I@std@@V?$allocator@PAUtagClientNode@CIOCPServer@@@4@@2@U?$less@I@2@V?$allocator@PAUtagClientNode@CIOCPServer@@@2@@std@@_N@std@@QAE@ABViterator@?$_Tree@IU?$pair@$$CBIPAUtagClientNode@CIOCPServer@@@std@@U_Kfn@?$map@IPAUtagClientNode@CIOCPServer@@U?$less@I@std@@V?$allocator@PAUtagClientNode@CIOCPServer@@@4@@2@U?$less@I@2@V?$allocator@PAUtagClientNode@CIOCPServer@@@2@@1@AB_N@Z 1000ca90 f i ServerStage.obj
 0001:0000bae0       ?max_size@?$basic_string@DU?$char_traits@D@std@@V?$allocator@D@2@@std@@QBEIXZ 1000cae0 f i ServerStage.obj
 0001:0000bb50       ?_Copy@?$basic_string@DU?$char_traits@D@std@@V?$allocator@D@2@@std@@AAEXI@Z 1000cb50 f i ServerStage.obj
 0001:0000bd00       ?_Split@?$basic_string@DU?$char_traits@D@std@@V?$allocator@D@2@@std@@AAEXXZ 1000cd00 f i ServerStage.obj
 0001:0000bdb0       ??R?$less@I@std@@QBE_NABI0@Z 1000cdb0 f i ServerStage.obj
 0001:0000be00       ??R_Kfn@?$map@IPAUtagClientNode@CIOCPServer@@U?$less@I@std@@V?$allocator@PAUtagClientNode@CIOCPServer@@@4@@std@@QBEABIABU?$pair@$$CBIPAUtagClientNode@CIOCPServer@@@2@@Z 1000ce00 f i ServerStage.obj
 0001:0000be40       ?_Color@?$_Tree@IU?$pair@$$CBIPAUtagClientNode@CIOCPServer@@@std@@U_Kfn@?$map@IPAUtagClientNode@CIOCPServer@@U?$less@I@std@@V?$allocator@PAUtagClientNode@CIOCPServer@@@4@@2@U?$less@I@2@V?$allocator@PAUtagClientNode@CIOCPServer@@@2@@std@@KAAAW4_Redbl@12@PAU_Node@12@@Z 1000ce40 f i ServerStage.obj
 0001:0000be70       ?_Key@?$_Tree@IU?$pair@$$CBIPAUtagClientNode@CIOCPServer@@@std@@U_Kfn@?$map@IPAUtagClientNode@CIOCPServer@@U?$less@I@std@@V?$allocator@PAUtagClientNode@CIOCPServer@@@4@@2@U?$less@I@2@V?$allocator@PAUtagClientNode@CIOCPServer@@@2@@std@@KAABIPAU_Node@12@@Z 1000ce70 f i ServerStage.obj
 0001:0000bec0       ?_Left@?$_Tree@IU?$pair@$$CBIPAUtagClientNode@CIOCPServer@@@std@@U_Kfn@?$map@IPAUtagClientNode@CIOCPServer@@U?$less@I@std@@V?$allocator@PAUtagClientNode@CIOCPServer@@@4@@2@U?$less@I@2@V?$allocator@PAUtagClientNode@CIOCPServer@@@2@@std@@KAAAPAU_Node@12@PAU312@@Z 1000cec0 f i ServerStage.obj
 0001:0000bef0       ?_Parent@?$_Tree@IU?$pair@$$CBIPAUtagClientNode@CIOCPServer@@@std@@U_Kfn@?$map@IPAUtagClientNode@CIOCPServer@@U?$less@I@std@@V?$allocator@PAUtagClientNode@CIOCPServer@@@4@@2@U?$less@I@2@V?$allocator@PAUtagClientNode@CIOCPServer@@@2@@std@@KAAAPAU_Node@12@PAU312@@Z 1000cef0 f i ServerStage.obj
 0001:0000bf20       ?_Right@?$_Tree@IU?$pair@$$CBIPAUtagClientNode@CIOCPServer@@@std@@U_Kfn@?$map@IPAUtagClientNode@CIOCPServer@@U?$less@I@std@@V?$allocator@PAUtagClientNode@CIOCPServer@@@4@@2@U?$less@I@2@V?$allocator@PAUtagClientNode@CIOCPServer@@@2@@std@@KAAAPAU_Node@12@PAU312@@Z 1000cf20 f i ServerStage.obj
 0001:0000bf50       ?_Insert@?$_Tree@IU?$pair@$$CBIPAUtagClientNode@CIOCPServer@@@std@@U_Kfn@?$map@IPAUtagClientNode@CIOCPServer@@U?$less@I@std@@V?$allocator@PAUtagClientNode@CIOCPServer@@@4@@2@U?$less@I@2@V?$allocator@PAUtagClientNode@CIOCPServer@@@2@@std@@IAE?AViterator@12@PAU_Node@12@0ABU?$pair@$$CBIPAUtagClientNode@CIOCPServer@@@2@@Z 1000cf50 f i ServerStage.obj
 0001:0000c570       ?_Lrotate@?$_Tree@IU?$pair@$$CBIPAUtagClientNode@CIOCPServer@@@std@@U_Kfn@?$map@IPAUtagClientNode@CIOCPServer@@U?$less@I@std@@V?$allocator@PAUtagClientNode@CIOCPServer@@@4@@2@U?$less@I@2@V?$allocator@PAUtagClientNode@CIOCPServer@@@2@@std@@IAEXPAU_Node@12@@Z 1000d570 f i ServerStage.obj
 0001:0000c760       ?_Max@?$_Tree@IU?$pair@$$CBIPAUtagClientNode@CIOCPServer@@@std@@U_Kfn@?$map@IPAUtagClientNode@CIOCPServer@@U?$less@I@std@@V?$allocator@PAUtagClientNode@CIOCPServer@@@4@@2@U?$less@I@2@V?$allocator@PAUtagClientNode@CIOCPServer@@@2@@std@@KAPAU_Node@12@PAU312@@Z 1000d760 f i ServerStage.obj
 0001:0000c820       ?_Min@?$_Tree@IU?$pair@$$CBIPAUtagClientNode@CIOCPServer@@@std@@U_Kfn@?$map@IPAUtagClientNode@CIOCPServer@@U?$less@I@std@@V?$allocator@PAUtagClientNode@CIOCPServer@@@4@@2@U?$less@I@2@V?$allocator@PAUtagClientNode@CIOCPServer@@@2@@std@@KAPAU_Node@12@PAU312@@Z 1000d820 f i ServerStage.obj
 0001:0000c8e0       ?_Rrotate@?$_Tree@IU?$pair@$$CBIPAUtagClientNode@CIOCPServer@@@std@@U_Kfn@?$map@IPAUtagClientNode@CIOCPServer@@U?$less@I@std@@V?$allocator@PAUtagClientNode@CIOCPServer@@@4@@2@U?$less@I@2@V?$allocator@PAUtagClientNode@CIOCPServer@@@2@@std@@IAEXPAU_Node@12@@Z 1000d8e0 f i ServerStage.obj
 0001:0000cad0       ?_Buynode@?$_Tree@IU?$pair@$$CBIPAUtagClientNode@CIOCPServer@@@std@@U_Kfn@?$map@IPAUtagClientNode@CIOCPServer@@U?$less@I@std@@V?$allocator@PAUtagClientNode@CIOCPServer@@@4@@2@U?$less@I@2@V?$allocator@PAUtagClientNode@CIOCPServer@@@2@@std@@IAEPAU_Node@12@PAU312@W4_Redbl@12@@Z 1000dad0 f i ServerStage.obj
 0001:0000cb50       ?_Destval@?$_Tree@IU?$pair@$$CBIPAUtagClientNode@CIOCPServer@@@std@@U_Kfn@?$map@IPAUtagClientNode@CIOCPServer@@U?$less@I@std@@V?$allocator@PAUtagClientNode@CIOCPServer@@@4@@2@U?$less@I@2@V?$allocator@PAUtagClientNode@CIOCPServer@@@2@@std@@IAEXPAU?$pair@$$CBIPAUtagClientNode@CIOCPServer@@@2@@Z 1000db50 f i ServerStage.obj
 0001:0000cba0       ??0const_iterator@?$_Tree@IU?$pair@$$CBIPAUtagClientNode@CIOCPServer@@@std@@U_Kfn@?$map@IPAUtagClientNode@CIOCPServer@@U?$less@I@std@@V?$allocator@PAUtagClientNode@CIOCPServer@@@4@@2@U?$less@I@2@V?$allocator@PAUtagClientNode@CIOCPServer@@@2@@std@@QAE@PAU_Node@12@@Z 1000dba0 f i ServerStage.obj
 0001:0000cbe0       ?_Mynode@const_iterator@?$_Tree@IU?$pair@$$CBIPAUtagClientNode@CIOCPServer@@@std@@U_Kfn@?$map@IPAUtagClientNode@CIOCPServer@@U?$less@I@std@@V?$allocator@PAUtagClientNode@CIOCPServer@@@4@@2@U?$less@I@2@V?$allocator@PAUtagClientNode@CIOCPServer@@@2@@std@@QBEPAU_Node@23@XZ 1000dbe0 f i ServerStage.obj
 0001:0000cc20       ??Fiterator@?$_Tree@IU?$pair@$$CBIPAUtagClientNode@CIOCPServer@@@std@@U_Kfn@?$map@IPAUtagClientNode@CIOCPServer@@U?$less@I@std@@V?$allocator@PAUtagClientNode@CIOCPServer@@@4@@2@U?$less@I@2@V?$allocator@PAUtagClientNode@CIOCPServer@@@2@@std@@QAEAAV012@XZ 1000dc20 f i ServerStage.obj
 0001:0000cc70       ?_Freemap@?$deque@IV?$allocator@I@std@@@std@@IAEXXZ 1000dc70 f i ServerStage.obj
 0001:0000ccd0       ?_Freeptr@?$deque@IV?$allocator@I@std@@@std@@IAEXPAPAI@Z 1000dcd0 f i ServerStage.obj
 0001:0000cd30       ?_Getmap@?$deque@IV?$allocator@I@std@@@std@@IAEXXZ 1000dd30 f i ServerStage.obj
 0001:0000cd90       ?_Growmap@?$deque@IV?$allocator@I@std@@@std@@IAEPAPAII@Z 1000dd90 f i ServerStage.obj
 0001:0000ce60       ?_Setptr@?$deque@IV?$allocator@I@std@@@std@@IAEXPAPAIPAI@Z 1000de60 f i ServerStage.obj
 0001:0000cea0       ??0const_iterator@?$deque@IV?$allocator@I@std@@@std@@QAE@XZ 1000dea0 f i ServerStage.obj
 0001:0000cf10       ??0iterator@?$deque@IV?$allocator@I@std@@@std@@QAE@PAIPAPAI@Z 1000df10 f i ServerStage.obj
 0001:0000cf70       ?_Freemap@?$deque@PAXV?$allocator@PAX@std@@@std@@IAEXXZ 1000df70 f i ServerStage.obj
 0001:0000cfd0       ?_Freeptr@?$deque@PAXV?$allocator@PAX@std@@@std@@IAEXPAPAPAX@Z 1000dfd0 f i ServerStage.obj
 0001:0000d030       ?_Getmap@?$deque@PAXV?$allocator@PAX@std@@@std@@IAEXXZ 1000e030 f i ServerStage.obj
 0001:0000d090       ?_Growmap@?$deque@PAXV?$allocator@PAX@std@@@std@@IAEPAPAPAXI@Z 1000e090 f i ServerStage.obj
 0001:0000d160       ?_Setptr@?$deque@PAXV?$allocator@PAX@std@@@std@@IAEXPAPAPAXPAPAX@Z 1000e160 f i ServerStage.obj
 0001:0000d1a0       ?allocate@?$allocator@PAX@std@@QAEPAPAXIPBX@Z 1000e1a0 f i ServerStage.obj
 0001:0000d1f0       ??0const_iterator@?$deque@PAXV?$allocator@PAX@std@@@std@@QAE@XZ 1000e1f0 f i ServerStage.obj
 0001:0000d260       ??0iterator@?$deque@PAXV?$allocator@PAX@std@@@std@@QAE@PAPAXPAPAPAX@Z 1000e260 f i ServerStage.obj
 0001:0000d2c0       ??Ziterator@?$deque@PAXV?$allocator@PAX@std@@@std@@QAEAAV012@H@Z 1000e2c0 f i ServerStage.obj
 0001:0000d310       ?allocate@?$allocator@D@std@@QAEPADIPBX@Z 1000e310 f i ServerStage.obj
 0001:0000d360       ?max_size@?$allocator@D@std@@QBEIXZ 1000e360 f i ServerStage.obj
 0001:0000d3c0       ?_Charalloc@?$allocator@PAUtagClientNode@CIOCPServer@@@std@@QAEPADI@Z 1000e3c0 f i ServerStage.obj
 0001:0000d410       ?_Consval@?$_Tree@IU?$pair@$$CBIPAUtagClientNode@CIOCPServer@@@std@@U_Kfn@?$map@IPAUtagClientNode@CIOCPServer@@U?$less@I@std@@V?$allocator@PAUtagClientNode@CIOCPServer@@@4@@2@U?$less@I@2@V?$allocator@PAUtagClientNode@CIOCPServer@@@2@@std@@IAEXPAU?$pair@$$CBIPAUtagClientNode@CIOCPServer@@@2@ABU32@@Z 1000e410 f i ServerStage.obj
 0001:0000d460       ?_Dec@const_iterator@?$_Tree@IU?$pair@$$CBIPAUtagClientNode@CIOCPServer@@@std@@U_Kfn@?$map@IPAUtagClientNode@CIOCPServer@@U?$less@I@std@@V?$allocator@PAUtagClientNode@CIOCPServer@@@4@@2@U?$less@I@2@V?$allocator@PAUtagClientNode@CIOCPServer@@@2@@std@@QAEXXZ 1000e460 f i ServerStage.obj
 0001:0000d5e0       ??0const_iterator@?$deque@IV?$allocator@I@std@@@std@@QAE@PAIPAPAI@Z 1000e5e0 f i ServerStage.obj
 0001:0000d650       ?_Charalloc@?$allocator@PAX@std@@QAEPADI@Z 1000e650 f i ServerStage.obj
 0001:0000d6a0       ?deallocate@?$allocator@PAX@std@@QAEXPAXI@Z 1000e6a0 f i ServerStage.obj
 0001:0000d6f0       ??0const_iterator@?$deque@PAXV?$allocator@PAX@std@@@std@@QAE@PAPAXPAPAPAX@Z 1000e6f0 f i ServerStage.obj
 0001:0000d760       ??Yiterator@?$deque@PAXV?$allocator@PAX@std@@@std@@QAEAAV012@H@Z 1000e760 f i ServerStage.obj
 0001:0000d7b0       ?_Add@const_iterator@?$deque@PAXV?$allocator@PAX@std@@@std@@IAEXH@Z 1000e7b0 f i ServerStage.obj
 0001:0000d8b0       ??Hstd@@YA?AV?$basic_string@DU?$char_traits@D@std@@V?$allocator@D@2@@0@PBDABV10@@Z 1000e8b0 f i ServerStage.obj
 0001:0000d980       ??Hstd@@YA?AV?$basic_string@DU?$char_traits@D@std@@V?$allocator@D@2@@0@ABV10@PBD@Z 1000e980 f i ServerStage.obj
 0001:0000da40       ??Hstd@@YA?AV?$basic_string@DU?$char_traits@D@std@@V?$allocator@D@2@@0@ABV10@0@Z 1000ea40 f i ServerStage.obj
 0001:0000db00       ?ToString@Win32@OnlineGameLib@@YA?AV?$basic_string@DU?$char_traits@D@std@@V?$allocator@D@2@@std@@K@Z 1000eb00 f i ServerStage.obj
 0001:0000dc40       ?ends@std@@YAAAV?$basic_ostream@DU?$char_traits@D@std@@@1@AAV21@@Z 1000ec40 f i ServerStage.obj
 0001:0000dc90       ??4?$basic_string@DU?$char_traits@D@std@@V?$allocator@D@2@@std@@QAEAAV01@PBD@Z 1000ec90 f i ServerStage.obj
 0001:0000dce0       ?put@?$basic_ostream@DU?$char_traits@D@std@@@std@@QAEAAV12@D@Z 1000ece0 f i ServerStage.obj
 0001:0000de70       ?eq_int_type@?$char_traits@D@std@@SA_NABH0@Z 1000ee70 f i ServerStage.obj
 0001:0000deb0       ?eof@?$char_traits@D@std@@SAHXZ 1000eeb0 f i ServerStage.obj
 0001:0000dee0       ?setstate@?$basic_ios@DU?$char_traits@D@std@@@std@@QAEXH_N@Z 1000eee0 f i ServerStage.obj
 0001:0000df50       ?rdstate@ios_base@std@@QBEHXZ 1000ef50 f i ServerStage.obj
 0001:0000df90       ?rdbuf@?$basic_ios@DU?$char_traits@D@std@@@std@@QBEPAV?$basic_streambuf@DU?$char_traits@D@std@@@2@XZ 1000ef90 f i ServerStage.obj
 0001:0000dfd0       ??0strstream@std@@QAE@XZ   1000efd0 f i ServerStage.obj
 0001:0000e0d0       ??1?$basic_ios@DU?$char_traits@D@std@@@std@@UAE@XZ 1000f0d0 f i ServerStage.obj
 0001:0000e120       ??0?$basic_ios@DU?$char_traits@D@std@@@std@@IAE@XZ 1000f120 f i ServerStage.obj
 0001:0000e180       ??0ios_base@std@@IAE@XZ    1000f180 f i ServerStage.obj
 0001:0000e1f0       ??0locale@std@@QAE@W4_Uninitialized@1@@Z 1000f1f0 f i ServerStage.obj
 0001:0000e230       ??_Gios_base@std@@UAEPAXI@Z 1000f230 f i ServerStage.obj
 0001:0000e230       ??_Eios_base@std@@UAEPAXI@Z 1000f230 f i ServerStage.obj
 0001:0000e2a0       ??0strstreambuf@std@@QAE@H@Z 1000f2a0 f i ServerStage.obj
 0001:0000e350       ??0?$basic_streambuf@DU?$char_traits@D@std@@@std@@IAE@XZ 1000f350 f i ServerStage.obj
 0001:0000e3f0       ??0locale@std@@QAE@XZ      1000f3f0 f i ServerStage.obj
 0001:0000e460       ?_Incref@facet@locale@std@@QAEXXZ 1000f460 f i ServerStage.obj
 0001:0000e4d0       ??1locale@std@@QAE@XZ      1000f4d0 f i ServerStage.obj
 0001:0000e560       ?_Decref@facet@locale@std@@QAEPAV123@XZ 1000f560 f i ServerStage.obj
 0001:0000e600       ??1?$basic_streambuf@DU?$char_traits@D@std@@@std@@UAE@XZ 1000f600 f i ServerStage.obj
 0001:0000e660       ??_Gstrstreambuf@std@@UAEPAXI@Z 1000f660 f i ServerStage.obj
 0001:0000e660       ??_Estrstreambuf@std@@UAEPAXI@Z 1000f660 f i ServerStage.obj
 0001:0000e6d0       ?overflow@?$basic_streambuf@DU?$char_traits@D@std@@@std@@MAEHH@Z 1000f6d0 f i ServerStage.obj
 0001:0000e720       ?pbackfail@?$basic_streambuf@DU?$char_traits@D@std@@@std@@MAEHH@Z 1000f720 f i ServerStage.obj
 0001:0000e770       ?showmanyc@?$basic_streambuf@DU?$char_traits@D@std@@@std@@MAEHXZ 1000f770 f i ServerStage.obj
 0001:0000e7a0       ?underflow@?$basic_streambuf@DU?$char_traits@D@std@@@std@@MAEHXZ 1000f7a0 f i ServerStage.obj
 0001:0000e7e0       ?uflow@?$basic_streambuf@DU?$char_traits@D@std@@@std@@MAEHXZ 1000f7e0 f i ServerStage.obj
 0001:0000e890       ?to_int_type@?$char_traits@D@std@@SAHABD@Z 1000f890 f i ServerStage.obj
 0001:0000e8d0       ?xsgetn@?$basic_streambuf@DU?$char_traits@D@std@@@std@@MAEHPADH@Z 1000f8d0 f i ServerStage.obj
 0001:0000ea50       ?to_char_type@?$char_traits@D@std@@SADABH@Z 1000fa50 f i ServerStage.obj
 0001:0000ea80       ?gptr@?$basic_streambuf@DU?$char_traits@D@std@@@std@@IBEPADXZ 1000fa80 f i ServerStage.obj
 0001:0000eac0       ?xsputn@?$basic_streambuf@DU?$char_traits@D@std@@@std@@MAEHPBDH@Z 1000fac0 f i ServerStage.obj
 0001:0000ec30       ?pptr@?$basic_streambuf@DU?$char_traits@D@std@@@std@@IBEPADXZ 1000fc30 f i ServerStage.obj
 0001:0000ec70       ?seekoff@?$basic_streambuf@DU?$char_traits@D@std@@@std@@MAE?AV?$fpos@H@2@JW4seekdir@ios_base@2@H@Z 1000fc70 f i ServerStage.obj
 0001:0000ecd0       ?seekpos@?$basic_streambuf@DU?$char_traits@D@std@@@std@@MAE?AV?$fpos@H@2@V32@H@Z 1000fcd0 f i ServerStage.obj
 0001:0000ed30       ?setbuf@?$basic_streambuf@DU?$char_traits@D@std@@@std@@MAEPAV12@PADH@Z 1000fd30 f i ServerStage.obj
 0001:0000ed70       ?sync@?$basic_streambuf@DU?$char_traits@D@std@@@std@@MAEHXZ 1000fd70 f i ServerStage.obj
 0001:0000eda0       ?imbue@?$basic_streambuf@DU?$char_traits@D@std@@@std@@MAEXABVlocale@2@@Z 1000fda0 f i ServerStage.obj
 0001:0000edd0       ?freeze@strstream@std@@QAEX_N@Z 1000fdd0 f i ServerStage.obj
 0001:0000ee20       ?str@strstream@std@@QAEPADXZ 1000fe20 f i ServerStage.obj
 0001:0000ee70       ?str@strstreambuf@std@@QAEPADXZ 1000fe70 f i ServerStage.obj
 0001:0000eec0       ??_Estrstream@std@@UAEPAXI@Z 1000fec0 f i ServerStage.obj
 0001:0000eec0       ??_Gstrstream@std@@UAEPAXI@Z 1000fec0 f i ServerStage.obj
 0001:0000ef30       ??_Dstrstream@std@@QAEXXZ  1000ff30 f i ServerStage.obj
 0001:0000ef90       ??0?$basic_iostream@DU?$char_traits@D@std@@@std@@QAE@PAV?$basic_streambuf@DU?$char_traits@D@std@@@1@@Z 1000ff90 f i ServerStage.obj
 0001:0000f0a0       ??0?$basic_ostream@DU?$char_traits@D@std@@@std@@QAE@PAV?$basic_streambuf@DU?$char_traits@D@std@@@1@_N1@Z 100100a0 f i ServerStage.obj
 0001:0000f1a0       ??0?$basic_istream@DU?$char_traits@D@std@@@std@@QAE@PAV?$basic_streambuf@DU?$char_traits@D@std@@@1@_N@Z 100101a0 f i ServerStage.obj
 0001:0000f290       ??1?$basic_istream@DU?$char_traits@D@std@@@std@@UAE@XZ 10010290 f i ServerStage.obj
 0001:0000f2e0       ??1?$basic_iostream@DU?$char_traits@D@std@@@std@@UAE@XZ 100102e0 f i ServerStage.obj
 0001:0000f3b0       ??1?$basic_ostream@DU?$char_traits@D@std@@@std@@UAE@XZ 100103b0 f i ServerStage.obj
 0001:0000f400       ??_E?$basic_ostream@DU?$char_traits@D@std@@@std@@UAEPAXI@Z 10010400 f i ServerStage.obj
 0001:0000f400       ??_G?$basic_ostream@DU?$char_traits@D@std@@@std@@UAEPAXI@Z 10010400 f i ServerStage.obj
 0001:0000f470       ??_G?$basic_ios@DU?$char_traits@D@std@@@std@@UAEPAXI@Z 10010470 f i ServerStage.obj
 0001:0000f470       ??_E?$basic_ios@DU?$char_traits@D@std@@@std@@UAEPAXI@Z 10010470 f i ServerStage.obj
 0001:0000f4e0       ??_G?$basic_istream@DU?$char_traits@D@std@@@std@@UAEPAXI@Z 100104e0 f i ServerStage.obj
 0001:0000f4e0       ??_E?$basic_istream@DU?$char_traits@D@std@@@std@@UAEPAXI@Z 100104e0 f i ServerStage.obj
 0001:0000f550       ??_G?$basic_streambuf@DU?$char_traits@D@std@@@std@@UAEPAXI@Z 10010550 f i ServerStage.obj
 0001:0000f550       ??_E?$basic_streambuf@DU?$char_traits@D@std@@@std@@UAEPAXI@Z 10010550 f i ServerStage.obj
 0001:0000f5c0       ??_E?$basic_iostream@DU?$char_traits@D@std@@@std@@UAEPAXI@Z 100105c0 f i ServerStage.obj
 0001:0000f5c0       ??_G?$basic_iostream@DU?$char_traits@D@std@@@std@@UAEPAXI@Z 100105c0 f i ServerStage.obj
 0001:0000f630       ??_D?$basic_ostream@DU?$char_traits@D@std@@@std@@QAEXXZ 10010630 f i ServerStage.obj
 0001:0000f690       ??_D?$basic_istream@DU?$char_traits@D@std@@@std@@QAEXXZ 10010690 f i ServerStage.obj
 0001:0000f6f0       ??_D?$basic_iostream@DU?$char_traits@D@std@@@std@@QAEXXZ 100106f0 f i ServerStage.obj
 0001:0000f750       ?clear@?$basic_ios@DU?$char_traits@D@std@@@std@@QAEXH_N@Z 10010750 f i ServerStage.obj
 0001:0000f7c0       ?init@?$basic_ios@DU?$char_traits@D@std@@@std@@IAEXPAV?$basic_streambuf@DU?$char_traits@D@std@@@2@_N@Z 100107c0 f i ServerStage.obj
 0001:0000f870       ??0sentry@?$basic_ostream@DU?$char_traits@D@std@@@std@@QAE@AAV12@@Z 10010870 f i ServerStage.obj
 0001:0000f8d0       ??1sentry@?$basic_ostream@DU?$char_traits@D@std@@@std@@QAE@XZ 100108d0 f i ServerStage.obj
 0001:0000f930       ??Bsentry@?$basic_ostream@DU?$char_traits@D@std@@@std@@QBE_NXZ 10010930 f i ServerStage.obj
 0001:0000f970       ??0?$fpos@H@std@@QAE@J@Z   10010970 f i ServerStage.obj
 0001:0000fa00       ?sputc@?$basic_streambuf@DU?$char_traits@D@std@@@std@@QAEHD@Z 10010a00 f i ServerStage.obj
 0001:0000fad0       ?egptr@?$basic_streambuf@DU?$char_traits@D@std@@@std@@IBEPADXZ 10010ad0 f i ServerStage.obj
 0001:0000fb20       ?gbump@?$basic_streambuf@DU?$char_traits@D@std@@@std@@IAEXH@Z 10010b20 f i ServerStage.obj
 0001:0000fb80       ?epptr@?$basic_streambuf@DU?$char_traits@D@std@@@std@@IBEPADXZ 10010b80 f i ServerStage.obj
 0001:0000fbd0       ?_Gninc@?$basic_streambuf@DU?$char_traits@D@std@@@std@@IAEPADXZ 10010bd0 f i ServerStage.obj
 0001:0000fc40       ?pbump@?$basic_streambuf@DU?$char_traits@D@std@@@std@@IAEXH@Z 10010c40 f i ServerStage.obj
 0001:0000fca0       ?_Init@?$basic_streambuf@DU?$char_traits@D@std@@@std@@IAEXXZ 10010ca0 f i ServerStage.obj
 0001:0000fd60       ?opfx@?$basic_ostream@DU?$char_traits@D@std@@@std@@QAE_NXZ 10010d60 f i ServerStage.obj
 0001:0000fe10       ?good@ios_base@std@@QBE_NXZ 10010e10 f i ServerStage.obj
 0001:0000fe60       ?flush@?$basic_ostream@DU?$char_traits@D@std@@@std@@QAEAAV12@XZ 10010e60 f i ServerStage.obj
 0001:0000ff20       ?fail@ios_base@std@@QBE_NXZ 10010f20 f i ServerStage.obj
 0001:0000ff70       ?pubsync@?$basic_streambuf@DU?$char_traits@D@std@@@std@@QAEHXZ 10010f70 f i ServerStage.obj
 0001:0000ffd0       ?osfx@?$basic_ostream@DU?$char_traits@D@std@@@std@@QAEXXZ 10010fd0 f i ServerStage.obj
 0001:00010040       ?flags@ios_base@std@@QBEHXZ 10011040 f i ServerStage.obj
 0001:00010080       ?tie@?$basic_ios@DU?$char_traits@D@std@@@std@@QBEPAV?$basic_ostream@DU?$char_traits@D@std@@@2@XZ 10011080 f i ServerStage.obj
 0001:000100c0       ?setg@?$basic_streambuf@DU?$char_traits@D@std@@@std@@IAEXPAD00@Z 100110c0 f i ServerStage.obj
 0001:00010120       ?setp@?$basic_streambuf@DU?$char_traits@D@std@@@std@@IAEXPAD0@Z 10011120 f i ServerStage.obj
 0001:00010180       ?_Pninc@?$basic_streambuf@DU?$char_traits@D@std@@@std@@IAEPADXZ 10011180 f i ServerStage.obj
 0001:000101f0       ?ToString@Win32@OnlineGameLib@@YA?AV?$basic_string@DU?$char_traits@D@std@@V?$allocator@D@2@@std@@I@Z 100111f0 f i ServerStage.obj
 0001:00010330       ??8std@@YA_NABV?$allocator@D@0@0@Z 10011330 f i ServerStage.obj
 0001:00010360       ?_Widen@std@@YADDPAD@Z     10011360 f i ServerStage.obj
 0001:00010390       ?_Allocate@std@@YAPAIHPAI@Z 10011390 f i ServerStage.obj
 0001:000103f0       ?_Allocate@std@@YAPADHPAD@Z 100113f0 f i ServerStage.obj
 0001:00010450       ?_Construct@std@@YAXPAIABI@Z 10011450 f i ServerStage.obj
 0001:000104c0       ??2@YAPAXIPAX@Z            100114c0 f i ServerStage.obj
 0001:000104f0       ?_Destroy@std@@YAXPAI@Z    100114f0 f i ServerStage.obj
 0001:00010520       ?swap@std@@YAXAAW4_Redbl@?$_Tree@IU?$pair@$$CBIPAUtagClientNode@CIOCPServer@@@std@@U_Kfn@?$map@IPAUtagClientNode@CIOCPServer@@U?$less@I@std@@V?$allocator@PAUtagClientNode@CIOCPServer@@@4@@2@U?$less@I@2@V?$allocator@PAUtagClientNode@CIOCPServer@@@2@@1@0@Z 10011520 f i ServerStage.obj
 0001:00010570       ?_Construct@std@@YAXPAPAXABQAX@Z 10011570 f i ServerStage.obj
 0001:000105e0       ?_Destroy@std@@YAXPAPAX@Z  100115e0 f i ServerStage.obj
 0001:00010610       ?_Destroy@std@@YAXPAU?$pair@$$CBIPAUtagClientNode@CIOCPServer@@@1@@Z 10011610 f i ServerStage.obj
 0001:00010640       ?copy@std@@YAPAPAIPAPAI00@Z 10011640 f i ServerStage.obj
 0001:000106a0       ?copy@std@@YAPAPAPAXPAPAPAX00@Z 100116a0 f i ServerStage.obj
 0001:00010700       ?_Allocate@std@@YAPAPAXHPAPAX@Z 10011700 f i ServerStage.obj
 0001:00010760       ?_Construct@std@@YAXPAU?$pair@$$CBIPAUtagClientNode@CIOCPServer@@@1@ABU21@@Z 10011760 f i ServerStage.obj
 0001:000107e0       ??Y?$basic_string@DU?$char_traits@D@std@@V?$allocator@D@2@@std@@QAEAAV01@ABV01@@Z 100117e0 f i ServerStage.obj
 0001:00010830       ??Y?$basic_string@DU?$char_traits@D@std@@V?$allocator@D@2@@std@@QAEAAV01@PBD@Z 10011830 f i ServerStage.obj
 0001:00010880       ??6?$basic_ostream@DU?$char_traits@D@std@@@std@@QAEAAV01@P6AAAV01@AAV01@@Z@Z 10011880 f i ServerStage.obj
 0001:000108e0       ??6?$basic_ostream@DU?$char_traits@D@std@@@std@@QAEAAV01@I@Z 100118e0 f i ServerStage.obj
 0001:00010b00       ?getloc@ios_base@std@@QBE?AVlocale@2@XZ 10011b00 f i ServerStage.obj
 0001:00010b70       ??0locale@std@@QAE@ABV01@@Z 10011b70 f i ServerStage.obj
 0001:00010bd0       ??6?$basic_ostream@DU?$char_traits@D@std@@@std@@QAEAAV01@K@Z 10011bd0 f i ServerStage.obj
 0001:00010df0       ?append@?$basic_string@DU?$char_traits@D@std@@V?$allocator@D@2@@std@@QAEAAV12@ABV12@@Z 10011df0 f i ServerStage.obj
 0001:00010e40       ?append@?$basic_string@DU?$char_traits@D@std@@V?$allocator@D@2@@std@@QAEAAV12@PBD@Z 10011e40 f i ServerStage.obj
 0001:00010ea0       ?fill@?$basic_ios@DU?$char_traits@D@std@@@std@@QBEDXZ 10011ea0 f i ServerStage.obj
 0001:00010ee0       ?put@?$num_put@DV?$ostreambuf_iterator@DU?$char_traits@D@std@@@std@@@std@@QBE?AV?$ostreambuf_iterator@DU?$char_traits@D@std@@@2@V32@AAVios_base@2@DK@Z 10011ee0 f i ServerStage.obj
 0001:00010f70       ??0CCriticalSection@Win32@OnlineGameLib@@QAE@XZ 10011f70 f i ServerStage.obj
 0001:00010fd0       ??1CCriticalSection@Win32@OnlineGameLib@@QAE@XZ 10011fd0 f i ServerStage.obj
 0001:00011030       ??0Owner@CCriticalSection@Win32@OnlineGameLib@@QAE@AAV123@@Z 10012030 f i ServerStage.obj
 0001:00011090       ?Enter@CCriticalSection@Win32@OnlineGameLib@@QAEXXZ 10012090 f i ServerStage.obj
 0001:000110f0       ??1Owner@CCriticalSection@Win32@OnlineGameLib@@QAE@XZ 100120f0 f i ServerStage.obj
 0001:00011140       ?Leave@CCriticalSection@Win32@OnlineGameLib@@QAEXXZ 10012140 f i ServerStage.obj
 0001:000111a0       ?GetUserPtr@COpaqueUserData@OnlineGameLib@@QBEPAXXZ 100121a0 f i ServerStage.obj
 0001:00011200       ?SetUserPtr@COpaqueUserData@OnlineGameLib@@QAEXPAX@Z 10012200 f i ServerStage.obj
 0001:00011260       ?SetUserData@COpaqueUserData@OnlineGameLib@@QAEXK@Z 10012260 f i ServerStage.obj
 0001:000112b0       ?GetUsed@CIOBuffer@Win32@OnlineGameLib@@QBEIXZ 100122b0 f i ServerStage.obj
 0001:000112f0       ?GetSize@CIOBuffer@Win32@OnlineGameLib@@QBEIXZ 100122f0 f i ServerStage.obj
 0001:00011330       ?GetBuffer@CIOBuffer@Win32@OnlineGameLib@@QBEPBEXZ 10012330 f i ServerStage.obj
 0001:00011370       ??0?$ostreambuf_iterator@DU?$char_traits@D@std@@@std@@QAE@PAV?$basic_streambuf@DU?$char_traits@D@std@@@1@@Z 10012370 f i ServerStage.obj
 0001:000113c0       ?failed@?$ostreambuf_iterator@DU?$char_traits@D@std@@@std@@QBE_NXZ 100123c0 f i ServerStage.obj
 0001:00011400       ?append@?$basic_string@DU?$char_traits@D@std@@V?$allocator@D@2@@std@@QAEAAV12@ABV12@II@Z 10012400 f i ServerStage.obj
 0001:00011510       ?append@?$basic_string@DU?$char_traits@D@std@@V?$allocator@D@2@@std@@QAEAAV12@PBDI@Z 10012510 f i ServerStage.obj
 0001:000115d0       ?OnStartAcceptingConnections@CSocketServer@Win32@OnlineGameLib@@EAEXXZ 100125d0 f i ServerStage.obj
 0001:00011600       ?OnStopAcceptingConnections@CSocketServer@Win32@OnlineGameLib@@EAEXXZ 10012600 f i ServerStage.obj
 0001:00011630       ?OnShutdownInitiated@CSocketServer@Win32@OnlineGameLib@@EAEXXZ 10012630 f i ServerStage.obj
 0001:00011660       ?OnShutdownComplete@CSocketServer@Win32@OnlineGameLib@@EAEXXZ 10012660 f i ServerStage.obj
 0001:00011690       ?OnConnectionCreated@CSocketServer@Win32@OnlineGameLib@@EAEXXZ 10012690 f i ServerStage.obj
 0001:000116c0       ?OnConnectionClientClose@CSocketServer@Win32@OnlineGameLib@@EAEXPAVSocket@123@@Z 100126c0 f i ServerStage.obj
 0001:000116f0       ?OnConnectionReset@CSocketServer@Win32@OnlineGameLib@@EAEXPAVSocket@123@@Z 100126f0 f i ServerStage.obj
 0001:00011720       ?OnConnectionDestroyed@CSocketServer@Win32@OnlineGameLib@@EAEXXZ 10012720 f i ServerStage.obj
 0001:00011750       ?OnBufferCreated@CSocketServer@Win32@OnlineGameLib@@EAEXXZ 10012750 f i ServerStage.obj
 0001:00011780       ?OnBufferAllocated@CSocketServer@Win32@OnlineGameLib@@EAEXXZ 10012780 f i ServerStage.obj
 0001:000117b0       ?OnBufferReleased@CSocketServer@Win32@OnlineGameLib@@EAEXXZ 100127b0 f i ServerStage.obj
 0001:000117e0       ?OnThreadCreated@CSocketServer@Win32@OnlineGameLib@@EAEXXZ 100127e0 f i ServerStage.obj
 0001:00011810       ?OnThreadDestroyed@CSocketServer@Win32@OnlineGameLib@@EAEXXZ 10012810 f i ServerStage.obj
 0001:00011840       ?SetMessageCallback@Socket@CSocketServer@Win32@OnlineGameLib@@QAEXPAUIMessageProcess@@@Z 10012840 f i ServerStage.obj
 0001:00011880       ?GetMessageCallback@Socket@CSocketServer@Win32@OnlineGameLib@@QBEPAUIMessageProcess@@XZ 10012880 f i ServerStage.obj
 0001:000118c0       ?use_facet@std@@YAABV?$num_put@DV?$ostreambuf_iterator@DU?$char_traits@D@std@@@std@@@1@ABVlocale@1@PBV21@_N@Z 100128c0 f i ServerStage.obj
 0001:00011a50       ??0bad_cast@std@@QAE@PBD@Z 10012a50 f i ServerStage.obj
 0001:00011ab0       ??1bad_cast@std@@UAE@XZ    10012ab0 f i ServerStage.obj
 0001:00011b00       ?_Doraise@bad_cast@std@@MBEXXZ 10012b00 f i ServerStage.obj
 0001:00011b60       ??_Ebad_cast@std@@UAEPAXI@Z 10012b60 f i ServerStage.obj
 0001:00011b60       ??_Gbad_cast@std@@UAEPAXI@Z 10012b60 f i ServerStage.obj
 0001:00011bd0       ??0bad_cast@std@@QAE@ABV01@@Z 10012bd0 f i ServerStage.obj
 0001:00011c30       ??Bid@locale@std@@QAEIXZ   10012c30 f i ServerStage.obj
 0001:00011d00       ?id@?$ctype@G@std@@$D      10012d00 f i ServerStage.obj
 0001:00011da0       ?id@?$ctype@G@std@@$E      10012da0 f i ServerStage.obj
 0001:00011dd0       ??0?$num_put@DV?$ostreambuf_iterator@DU?$char_traits@D@std@@@std@@@std@@QAE@I@Z 10012dd0 f i ServerStage.obj
 0001:00011eb0       ??1facet@locale@std@@UAE@XZ 10012eb0 f i ServerStage.obj
 0001:00011ef0       ??0facet@locale@std@@IAE@I@Z 10012ef0 f i ServerStage.obj
 0001:00011f40       ??_Efacet@locale@std@@UAEPAXI@Z 10012f40 f i ServerStage.obj
 0001:00011f40       ??_Gfacet@locale@std@@UAEPAXI@Z 10012f40 f i ServerStage.obj
 0001:00011fb0       ?do_put@?$num_put@DV?$ostreambuf_iterator@DU?$char_traits@D@std@@@std@@@std@@MBE?AV?$ostreambuf_iterator@DU?$char_traits@D@std@@@2@V32@AAVios_base@2@D_N@Z 10012fb0 f i ServerStage.obj
 0001:000122b0       ?width@ios_base@std@@QBEHXZ 100132b0 f i ServerStage.obj
 0001:000122f0       ?width@ios_base@std@@QAEHH@Z 100132f0 f i ServerStage.obj
 0001:00012340       ?do_put@?$num_put@DV?$ostreambuf_iterator@DU?$char_traits@D@std@@@std@@@std@@MBE?AV?$ostreambuf_iterator@DU?$char_traits@D@std@@@2@V32@AAVios_base@2@DJ@Z 10013340 f i ServerStage.obj
 0001:00012400       ?do_put@?$num_put@DV?$ostreambuf_iterator@DU?$char_traits@D@std@@@std@@@std@@MBE?AV?$ostreambuf_iterator@DU?$char_traits@D@std@@@2@V32@AAVios_base@2@DK@Z 10013400 f i ServerStage.obj
 0001:000124c0       ?do_put@?$num_put@DV?$ostreambuf_iterator@DU?$char_traits@D@std@@@std@@@std@@MBE?AV?$ostreambuf_iterator@DU?$char_traits@D@std@@@2@V32@AAVios_base@2@DN@Z 100134c0 f i ServerStage.obj
 0001:000125f0       ?precision@ios_base@std@@QBEHXZ 100135f0 f i ServerStage.obj
 0001:00012630       ?do_put@?$num_put@DV?$ostreambuf_iterator@DU?$char_traits@D@std@@@std@@@std@@MBE?AV?$ostreambuf_iterator@DU?$char_traits@D@std@@@2@V32@AAVios_base@2@DO@Z 10013630 f i ServerStage.obj
 0001:00012760       ?do_put@?$num_put@DV?$ostreambuf_iterator@DU?$char_traits@D@std@@@std@@@std@@MBE?AV?$ostreambuf_iterator@DU?$char_traits@D@std@@@2@V32@AAVios_base@2@DPBX@Z 10013760 f i ServerStage.obj
 0001:000128e0       ??_E?$num_put@DV?$ostreambuf_iterator@DU?$char_traits@D@std@@@std@@@std@@UAEPAXI@Z 100138e0 f i ServerStage.obj
 0001:000128e0       ??_G?$num_put@DV?$ostreambuf_iterator@DU?$char_traits@D@std@@@std@@@std@@UAEPAXI@Z 100138e0 f i ServerStage.obj
 0001:00012950       ??1?$num_put@DV?$ostreambuf_iterator@DU?$char_traits@D@std@@@std@@@std@@UAE@XZ 10013950 f i ServerStage.obj
 0001:000129a0       ??0?$basic_string@DU?$char_traits@D@std@@V?$allocator@D@2@@std@@QAE@ABV?$allocator@D@1@@Z 100139a0 f i ServerStage.obj
 0001:00012a00       ??4?$basic_string@DU?$char_traits@D@std@@V?$allocator@D@2@@std@@QAEAAV01@ABV01@@Z 10013a00 f i ServerStage.obj
 0001:00012a50       ?append@?$basic_string@DU?$char_traits@D@std@@V?$allocator@D@2@@std@@QAEAAV12@ID@Z 10013a50 f i ServerStage.obj
 0001:00012b10       ?assign@?$char_traits@D@std@@SAPADPADIABD@Z 10013b10 f i ServerStage.obj
 0001:00012b60       ?_Ffmt@?$num_put@DV?$ostreambuf_iterator@DU?$char_traits@D@std@@@std@@@std@@KAPADPADDH@Z 10013b60 f i ServerStage.obj
 0001:00012c80       ?_Fput@?$num_put@DV?$ostreambuf_iterator@DU?$char_traits@D@std@@@std@@@std@@KA?AV?$ostreambuf_iterator@DU?$char_traits@D@std@@@2@V32@AAVios_base@2@DPBDII@Z 10013c80 f i ServerStage.obj
 0001:00013150       ?_Ifmt@?$num_put@DV?$ostreambuf_iterator@DU?$char_traits@D@std@@@std@@@std@@KAPADPADDH@Z 10014150 f i ServerStage.obj
 0001:00013260       ?_Iput@?$num_put@DV?$ostreambuf_iterator@DU?$char_traits@D@std@@@std@@@std@@KA?AV?$ostreambuf_iterator@DU?$char_traits@D@std@@@2@V32@AAVios_base@2@DPADI@Z 10014260 f i ServerStage.obj
 0001:00013760       ?_Put@?$num_put@DV?$ostreambuf_iterator@DU?$char_traits@D@std@@@std@@@std@@KA?AV?$ostreambuf_iterator@DU?$char_traits@D@std@@@2@V32@PBDI@Z 10014760 f i ServerStage.obj
 0001:000137f0       ?_Putc@?$num_put@DV?$ostreambuf_iterator@DU?$char_traits@D@std@@@std@@@std@@KA?AV?$ostreambuf_iterator@DU?$char_traits@D@std@@@2@V32@PBDI@Z 100147f0 f i ServerStage.obj
 0001:00013890       ?_Rep@?$num_put@DV?$ostreambuf_iterator@DU?$char_traits@D@std@@@std@@@std@@KA?AV?$ostreambuf_iterator@DU?$char_traits@D@std@@@2@V32@DI@Z 10014890 f i ServerStage.obj
 0001:00013920       ?falsename@?$numpunct@D@std@@QBE?AV?$basic_string@DU?$char_traits@D@std@@V?$allocator@D@2@@2@XZ 10014920 f i ServerStage.obj
 0001:00013990       ?truename@?$numpunct@D@std@@QBE?AV?$basic_string@DU?$char_traits@D@std@@V?$allocator@D@2@@2@XZ 10014990 f i ServerStage.obj
 0001:00013a00       ?assign@?$basic_string@DU?$char_traits@D@std@@V?$allocator@D@2@@std@@QAEAAV12@ABV12@@Z 10014a00 f i ServerStage.obj
 0001:00013a50       ??4?$ostreambuf_iterator@DU?$char_traits@D@std@@@std@@QAEAAV01@D@Z 10014a50 f i ServerStage.obj
 0001:00013af0       ??D?$ostreambuf_iterator@DU?$char_traits@D@std@@@std@@QAEAAV01@XZ 10014af0 f i ServerStage.obj
 0001:00013b20       ??E?$ostreambuf_iterator@DU?$char_traits@D@std@@@std@@QAEAAV01@XZ 10014b20 f i ServerStage.obj
 0001:00013b50       ?decimal_point@?$numpunct@D@std@@QBEDXZ 10014b50 f i ServerStage.obj
 0001:00013bb0       ?thousands_sep@?$numpunct@D@std@@QBEDXZ 10014bb0 f i ServerStage.obj
 0001:00013c10       ?grouping@?$numpunct@D@std@@QBE?AV?$basic_string@DU?$char_traits@D@std@@V?$allocator@D@2@@2@XZ 10014c10 f i ServerStage.obj
 0001:00013c80       ?use_facet@std@@YAABV?$numpunct@D@1@ABVlocale@1@PBV21@_N@Z 10014c80 f i ServerStage.obj
 0001:00013e10       ??0?$numpunct@D@std@@QAE@I@Z 10014e10 f i ServerStage.obj
 0001:00013ef0       ?do_decimal_point@?$numpunct@D@std@@MBEDXZ 10014ef0 f i ServerStage.obj
 0001:00013f30       ?do_thousands_sep@?$numpunct@D@std@@MBEDXZ 10014f30 f i ServerStage.obj
 0001:00013f70       ?do_grouping@?$numpunct@D@std@@MBE?AV?$basic_string@DU?$char_traits@D@std@@V?$allocator@D@2@@2@XZ 10014f70 f i ServerStage.obj
 0001:00013fe0       ?do_falsename@?$numpunct@D@std@@MBE?AV?$basic_string@DU?$char_traits@D@std@@V?$allocator@D@2@@2@XZ 10014fe0 f i ServerStage.obj
 0001:00014050       ?do_truename@?$numpunct@D@std@@MBE?AV?$basic_string@DU?$char_traits@D@std@@V?$allocator@D@2@@2@XZ 10015050 f i ServerStage.obj
 0001:000140c0       ??_G?$numpunct@D@std@@UAEPAXI@Z 100150c0 f i ServerStage.obj
 0001:000140c0       ??_E?$numpunct@D@std@@UAEPAXI@Z 100150c0 f i ServerStage.obj
 0001:00014130       ??1?$numpunct@D@std@@UAE@XZ 10015130 f i ServerStage.obj
 0001:000141d0       ?_Save@?$_Tidyfac@V?$num_put@DV?$ostreambuf_iterator@DU?$char_traits@D@std@@@std@@@std@@@std@@SAPAV?$num_put@DV?$ostreambuf_iterator@DU?$char_traits@D@std@@@std@@@2@PAV32@@Z 100151d0 f i ServerStage.obj
 0001:00014290       ?_Save@?$_Tidyfac@V?$numpunct@D@std@@@std@@SAPAV?$numpunct@D@2@PAV32@@Z 10015290 f i ServerStage.obj
 0001:00014350       ?_Init@?$num_put@DV?$ostreambuf_iterator@DU?$char_traits@D@std@@@std@@@std@@IAEXABV_Locinfo@2@@Z 10015350 f i ServerStage.obj
 0001:00014380       ?_Init@?$numpunct@D@std@@IAEXABV_Locinfo@2@@Z 10015380 f i ServerStage.obj
 0001:00014470       ?_Getlconv@_Locinfo@std@@QBEPBUlconv@@XZ 10015470 f i ServerStage.obj
 0001:000144b0       ?_Getfalse@_Locinfo@std@@QBEPBDXZ 100154b0 f i ServerStage.obj
 0001:000144f0       ?_Gettrue@_Locinfo@std@@QBEPBDXZ 100154f0 f i ServerStage.obj
 0001:00014530       ?_Tidy@?$_Tidyfac@V?$num_put@DV?$ostreambuf_iterator@DU?$char_traits@D@std@@@std@@@std@@@std@@SAXXZ 10015530 f i ServerStage.obj
 0001:00014610       ?_Tidy@?$_Tidyfac@V?$numpunct@D@std@@@std@@SAXXZ 10015610 f i ServerStage.obj
 0001:000146f0       ?_Maklocstr@std@@YAPADPBDPAD@Z 100156f0 f i ServerStage.obj
 0001:00014800       ?id@?$num_put@DV?$ostreambuf_iterator@DU?$char_traits@D@std@@@$D 10015800 f i ServerStage.obj
 0001:000148a0       ?id@?$numpunct@D@std@@$D   100158a0 f i ServerStage.obj
 0001:00014940       ?id@?$numpunct@D@std@@$E   10015940 f i ServerStage.obj
 0001:00014970       ?id@?$num_put@DV?$ostreambuf_iterator@DU?$char_traits@D@std@@@$E 10015970 f i ServerStage.obj
 0001:000149a0       ??_ECIOCPServer@@W7AEPAXI@Z 100159a0 f i ServerStage.obj
 0001:000149b0       ?KSG_DecodeBuf@@YAHIPAEPAI@Z 100159b0 f i ServerStage.obj
 0001:00014aa0       ?KSG_EncodeBuf@@YAHIPAEPAI@Z 10015aa0 f i ServerStage.obj
 0001:00014b90       ??1CException@Win32@OnlineGameLib@@UAE@XZ 10015b90 f i ServerStage.obj
 0001:00014c30       ??_GCException@Win32@OnlineGameLib@@UAEPAXI@Z 10015c30 f i ServerStage.obj
 0001:00014c30       ??_ECException@Win32@OnlineGameLib@@UAEPAXI@Z 10015c30 f i ServerStage.obj
 0001:00014c96       _GetLastError@0            10015c96 f   kernel32:KERNEL32.dll
 0001:00014c9c       _TerminateThread@8         10015c9c f   kernel32:KERNEL32.dll
 0001:00014ca2       _WaitForSingleObject@8     10015ca2 f   kernel32:KERNEL32.dll
 0001:00014ca8       _InterlockedIncrement@4    10015ca8 f   kernel32:KERNEL32.dll
 0001:00014cae       _InterlockedDecrement@4    10015cae f   kernel32:KERNEL32.dll
 0001:00014cb4       _Sleep@4                   10015cb4 f   kernel32:KERNEL32.dll
 0001:00014cba       _InitializeCriticalSection@4 10015cba f   kernel32:KERNEL32.dll
 0001:00014cc0       _DeleteCriticalSection@4   10015cc0 f   kernel32:KERNEL32.dll
 0001:00014cc6       _EnterCriticalSection@4    10015cc6 f   kernel32:KERNEL32.dll
 0001:00014ccc       _LeaveCriticalSection@4    10015ccc f   kernel32:KERNEL32.dll
 0001:00014cd2       _InterlockedExchange@8     10015cd2 f   kernel32:KERNEL32.dll
 0001:00014ce0       ??0CSocketServer@Win32@OnlineGameLib@@IAE@IIII_N0@Z 10015ce0 f   common:SocketServer.obj
 0001:00014e6a       ??1CSocketServer@Win32@OnlineGameLib@@UAE@XZ 10015e6a f   common:SocketServer.obj
 0001:00014f6a       ?Open@CSocketServer@Win32@OnlineGameLib@@IAEXKG@Z 10015f6a f   common:SocketServer.obj
 0001:00014f98       ?ReleaseSockets@CSocketServer@Win32@OnlineGameLib@@AAEXXZ 10015f98 f   common:SocketServer.obj
 0001:000150c4       ?StartAcceptingConnections@CSocketServer@Win32@OnlineGameLib@@QAEXXZ 100160c4 f   common:SocketServer.obj
 0001:00015142       ?StopAcceptingConnections@CSocketServer@Win32@OnlineGameLib@@QAEXXZ 10016142 f   common:SocketServer.obj
 0001:0001526e       ?InitiateShutdown@CSocketServer@Win32@OnlineGameLib@@QAEXXZ 1001626e f   common:SocketServer.obj
 0001:0001533e       ?WaitForShutdownToComplete@CSocketServer@Win32@OnlineGameLib@@QAEXXZ 1001633e f   common:SocketServer.obj
 0001:0001537d       ?CreateListeningSocket@CSocketServer@Win32@OnlineGameLib@@EAEIKG@Z 1001637d f   common:SocketServer.obj
 0001:00015487       ?CreateWorkerThread@CSocketServer@Win32@OnlineGameLib@@EAEPAVWorkerThread@123@AAVCIOCompletionPort@23@@Z 10016487 f   common:SocketServer.obj
 0001:00015516       ?Run@CSocketServer@Win32@OnlineGameLib@@MAEHXZ 10016516 f   common:SocketServer.obj
 0001:00015c66       ?AllocateSocket@CSocketServer@Win32@OnlineGameLib@@AAEPAVSocket@123@I@Z 10016c66 f   common:SocketServer.obj
 0001:00015db8       ?ReleaseSocket@CSocketServer@Win32@OnlineGameLib@@AAEXPAVSocket@123@@Z 10016db8 f   common:SocketServer.obj
 0001:00015ed3       ?DestroySocket@CSocketServer@Win32@OnlineGameLib@@AAEXPAVSocket@123@@Z 10016ed3 f   common:SocketServer.obj
 0001:00015f42       ?OnError@CSocketServer@Win32@OnlineGameLib@@EAEXABV?$basic_string@DU?$char_traits@D@std@@V?$allocator@D@2@@std@@@Z 10016f42 f   common:SocketServer.obj
 0001:00015f6c       ?WriteCompleted@CSocketServer@Win32@OnlineGameLib@@EAEXPAVSocket@123@PAVCIOBuffer@23@@Z 10016f6c f   common:SocketServer.obj
 0001:00016012       ?SetServerDataPtr@CSocketServer@Win32@OnlineGameLib@@KAXPAVSocket@123@PAX@Z 10017012 f   common:SocketServer.obj
 0001:0001602a       ?GetServerDataPtr@CSocketServer@Win32@OnlineGameLib@@KAPAXPBVSocket@123@@Z 1001702a f   common:SocketServer.obj
 0001:0001603e       ?WriteCompleted@CSocketServer@Win32@OnlineGameLib@@KAXPAVSocket@123@@Z 1001703e f   common:SocketServer.obj
 0001:00016052       ?FilterSocketShutdown@CSocketServer@Win32@OnlineGameLib@@EAE_NPAVSocket@123@H@Z 10017052 f   common:SocketServer.obj
 0001:00016068       ?FilterSocketClose@CSocketServer@Win32@OnlineGameLib@@EAE_NPAVSocket@123@@Z 10017068 f   common:SocketServer.obj
 0001:0001607e       ?PostIoOperation@CSocketServer@Win32@OnlineGameLib@@AAEXPAVSocket@123@PAVCIOBuffer@23@W4enumIO_Operation@123@@Z 1001707e f   common:SocketServer.obj
 0001:000160d0       ?GetServer@CSocketServer@Win32@OnlineGameLib@@KAAAV123@PAVSocket@123@@Z 100170d0 f   common:SocketServer.obj
 0001:000160db       ?OnConnectionError@CSocketServer@Win32@OnlineGameLib@@EAEXW4enumConnectionErrorSource@123@PAVSocket@123@PAVCIOBuffer@23@K@Z 100170db f   common:SocketServer.obj
 0001:00016186       ??0Socket@CSocketServer@Win32@OnlineGameLib@@AAE@AAV123@I_N@Z 10017186 f   common:SocketServer.obj
 0001:0001632a       ??1Socket@CSocketServer@Win32@OnlineGameLib@@AAE@XZ 1001732a f   common:SocketServer.obj
 0001:0001645b       ?Attach@Socket@CSocketServer@Win32@OnlineGameLib@@AAEXI@Z 1001745b f   common:SocketServer.obj
 0001:00016555       ?AddRef@Socket@CSocketServer@Win32@OnlineGameLib@@QAEXXZ 10017555 f   common:SocketServer.obj
 0001:00016589       ?Release@Socket@CSocketServer@Win32@OnlineGameLib@@QAEXXZ 10017589 f   common:SocketServer.obj
 0001:0001663f       ?Shutdown@Socket@CSocketServer@Win32@OnlineGameLib@@QAEXH@Z 1001763f f   common:SocketServer.obj
 0001:00016882       ?IsConnected@Socket@CSocketServer@Win32@OnlineGameLib@@QBE_NH@Z 10017882 f   common:SocketServer.obj
 0001:00016900       ?Close@Socket@CSocketServer@Win32@OnlineGameLib@@QAEXXZ 10017900 f   common:SocketServer.obj
 0001:000169ab       ?WritePending@Socket@CSocketServer@Win32@OnlineGameLib@@AAE_NXZ 100179ab f   common:SocketServer.obj
 0001:00016a55       ?WriteCompleted@Socket@CSocketServer@Win32@OnlineGameLib@@AAEXXZ 10017a55 f   common:SocketServer.obj
 0001:00016aa3       ?AbortiveClose@Socket@CSocketServer@Win32@OnlineGameLib@@QAEXXZ 10017aa3 f   common:SocketServer.obj
 0001:00016bb8       ?OnClientClose@Socket@CSocketServer@Win32@OnlineGameLib@@AAEXXZ 10017bb8 f   common:SocketServer.obj
 0001:00016c1a       ?OnConnectionReset@Socket@CSocketServer@Win32@OnlineGameLib@@AAEXXZ 10017c1a f   common:SocketServer.obj
 0001:00016cbc       ?InternalClose@Socket@CSocketServer@Win32@OnlineGameLib@@AAEXXZ 10017cbc f   common:SocketServer.obj
 0001:00016e16       ?Read@Socket@CSocketServer@Win32@OnlineGameLib@@QAE_NPAVCIOBuffer@34@_N@Z 10017e16 f   common:SocketServer.obj
 0001:00016f23       ?Write@Socket@CSocketServer@Win32@OnlineGameLib@@QAE_NPBDI_N@Z 10017f23 f   common:SocketServer.obj
 0001:00016f55       ?Write@Socket@CSocketServer@Win32@OnlineGameLib@@QAE_NPBEI_N@Z 10017f55 f   common:SocketServer.obj
 0001:000170fe       ?Write@Socket@CSocketServer@Win32@OnlineGameLib@@QAE_NPAVCIOBuffer@34@_N@Z 100180fe f   common:SocketServer.obj
 0001:0001727b       ?GetSequenceNumber@Socket@CSocketServer@Win32@OnlineGameLib@@AAEJW4enumSequenceType@1234@@Z 1001827b f   common:SocketServer.obj
 0001:000172c5       ?GetNextBuffer@Socket@CSocketServer@Win32@OnlineGameLib@@AAEPAVCIOBuffer@34@PAV534@@Z 100182c5 f   common:SocketServer.obj
 0001:00017319       ?IsValid@Socket@CSocketServer@Win32@OnlineGameLib@@AAE_NXZ 10018319 f   common:SocketServer.obj
 0001:0001736e       ?OnConnectionError@Socket@CSocketServer@Win32@OnlineGameLib@@AAEXW4enumConnectionErrorSource@234@PAVCIOBuffer@34@K@Z 1001836e f   common:SocketServer.obj
 0001:00017403       ??0SequenceData@Socket@CSocketServer@Win32@OnlineGameLib@@QAE@AAVCCriticalSection@34@@Z 10018403 f   common:SocketServer.obj
 0001:00017443       ?Reset@SequenceData@Socket@CSocketServer@Win32@OnlineGameLib@@QAEXXZ 10018443 f   common:SocketServer.obj
 0001:0001747a       ??0WorkerThread@CSocketServer@Win32@OnlineGameLib@@QAE@AAV123@AAVCIOCompletionPort@23@@Z 1001847a f   common:SocketServer.obj
 0001:00017507       ??1WorkerThread@CSocketServer@Win32@OnlineGameLib@@UAE@XZ 10018507 f   common:SocketServer.obj
 0001:000175a5       ?Run@WorkerThread@CSocketServer@Win32@OnlineGameLib@@MAEHXZ 100185a5 f   common:SocketServer.obj
 0001:000178ee       ?InitiateShutdown@WorkerThread@CSocketServer@Win32@OnlineGameLib@@QAEXXZ 100188ee f   common:SocketServer.obj
 0001:0001791b       ?WaitForShutdownToComplete@WorkerThread@CSocketServer@Win32@OnlineGameLib@@QAEXXZ 1001891b f   common:SocketServer.obj
 0001:00017947       ?HandleOperation@WorkerThread@CSocketServer@Win32@OnlineGameLib@@MAEXPAVSocket@234@PAVCIOBuffer@34@K_N@Z 10018947 f   common:SocketServer.obj
 0001:00017ea2       ?ZeroByteRead@WorkerThread@CSocketServer@Win32@OnlineGameLib@@ABEXPAVSocket@234@PAVCIOBuffer@34@@Z 10018ea2 f   common:SocketServer.obj
 0001:00017f6f       ?Read@WorkerThread@CSocketServer@Win32@OnlineGameLib@@ABEXPAVSocket@234@PAVCIOBuffer@34@@Z 10018f6f f   common:SocketServer.obj
 0001:00018096       ?Write@WorkerThread@CSocketServer@Win32@OnlineGameLib@@ABEXPAVSocket@234@PAVCIOBuffer@34@@Z 10019096 f   common:SocketServer.obj
 0001:00018260       ?OnConnectionClosing@CSocketServer@Win32@OnlineGameLib@@EAE_NPAVSocket@123@@Z 10019260 f i common:SocketServer.obj
 0001:00018280       ?OnConnectionClosed@CSocketServer@Win32@OnlineGameLib@@EAEXPAVSocket@123@@Z 10019280 f i common:SocketServer.obj
 0001:000182a0       ??0CSystemInfo@Win32@OnlineGameLib@@QAE@XZ 100192a0 f i common:SocketServer.obj
 0001:000182e0       ??_ECSocketServer@Win32@OnlineGameLib@@UAEPAXI@Z 100192e0 f i common:SocketServer.obj
 0001:000182e0       ??_GCSocketServer@Win32@OnlineGameLib@@UAEPAXI@Z 100192e0 f i common:SocketServer.obj
 0001:00018320       ??0?$TNodeList@VSocket@CSocketServer@Win32@OnlineGameLib@@@OnlineGameLib@@QAE@XZ 10019320 f i common:SocketServer.obj
 0001:00018350       ??1CManualResetEvent@Win32@OnlineGameLib@@UAE@XZ 10019350 f i common:SocketServer.obj
 0001:00018380       ?Count@CNodeList@OnlineGameLib@@QBEIXZ 10019380 f i common:SocketServer.obj
 0001:000183a0       ?Use@CIOBuffer@Win32@OnlineGameLib@@QAEXI@Z 100193a0 f i common:SocketServer.obj
 0001:000183d0       ?GetEvent@CEvent@Win32@OnlineGameLib@@QBEPAXXZ 100193d0 f i common:SocketServer.obj
 0001:000183f0       ?Empty@CNodeList@OnlineGameLib@@QBE_NXZ 100193f0 f i common:SocketServer.obj
 0001:00018410       ??_GSocket@CSocketServer@Win32@OnlineGameLib@@AAEPAXI@Z 10019410 f i common:SocketServer.obj
 0001:00018450       ?GetWSABUF@CIOBuffer@Win32@OnlineGameLib@@QBEPAU_WSABUF@@XZ 10019450 f i common:SocketServer.obj
 0001:00018470       ?SetServerDataPtr@Socket@CSocketServer@Win32@OnlineGameLib@@AAEXPAX@Z 10019470 f i common:SocketServer.obj
 0001:000184a0       ?GetServerDataPtr@Socket@CSocketServer@Win32@OnlineGameLib@@ABEPAXXZ 100194a0 f i common:SocketServer.obj
 0001:000184d0       ?AddRef@CIOBuffer@Win32@OnlineGameLib@@QAEXXZ 100194d0 f i common:SocketServer.obj
 0001:00018510       ?SetOperation@CIOBuffer@Win32@OnlineGameLib@@QAEXI@Z 10019510 f i common:SocketServer.obj
 0001:00018530       ??0UserData@CSocketServer@Win32@OnlineGameLib@@QAE@XZ 10019530 f i common:SocketServer.obj
 0001:00018560       ??0COpaqueUserData@OnlineGameLib@@IAE@XZ 10019560 f i common:SocketServer.obj
 0001:00018580       ??1UserData@CSocketServer@Win32@OnlineGameLib@@QAE@XZ 10019580 f i common:SocketServer.obj
 0001:000185b0       ??1COpaqueUserData@OnlineGameLib@@IAE@XZ 100195b0 f i common:SocketServer.obj
 0001:000185d0       ??0ServerData@CSocketServer@Win32@OnlineGameLib@@QAE@XZ 100195d0 f i common:SocketServer.obj
 0001:00018600       ??1ServerData@CSocketServer@Win32@OnlineGameLib@@QAE@XZ 10019600 f i common:SocketServer.obj
 0001:00018630       ??_GSequenceData@Socket@CSocketServer@Win32@OnlineGameLib@@QAEPAXI@Z 10019630 f i common:SocketServer.obj
 0001:00018670       ??1SequenceData@Socket@CSocketServer@Win32@OnlineGameLib@@QAE@XZ 10019670 f i common:SocketServer.obj
 0001:000186a0       ??1InOrderBufferList@CIOBuffer@Win32@OnlineGameLib@@QAE@XZ 100196a0 f i common:SocketServer.obj
 0001:000186d0       ??1?$map@IPAVCIOBuffer@Win32@OnlineGameLib@@U?$less@I@std@@V?$allocator@PAVCIOBuffer@Win32@OnlineGameLib@@@5@@std@@QAE@XZ 100196d0 f i common:SocketServer.obj
 0001:00018700       ?SetSequenceNumber@CIOBuffer@Win32@OnlineGameLib@@QAEXI@Z 10019700 f i common:SocketServer.obj
 0001:00018720       ??_EWorkerThread@CSocketServer@Win32@OnlineGameLib@@UAEPAXI@Z 10019720 f i common:SocketServer.obj
 0001:00018720       ??_GWorkerThread@CSocketServer@Win32@OnlineGameLib@@UAEPAXI@Z 10019720 f i common:SocketServer.obj
 0001:00018760       ?GetOperation@CIOBuffer@Win32@OnlineGameLib@@QBEIXZ 10019760 f i common:SocketServer.obj
 0001:00018780       ?SetupZeroByteRead@CIOBuffer@Win32@OnlineGameLib@@QAEXXZ 10019780 f i common:SocketServer.obj
 0001:000187b0       ?SetupRead@CIOBuffer@Win32@OnlineGameLib@@QAEXXZ 100197b0 f i common:SocketServer.obj
 0001:00018810       ?SetupWrite@CIOBuffer@Win32@OnlineGameLib@@QAEXXZ 10019810 f i common:SocketServer.obj
 0001:00018850       ??1?$_Tree@IU?$pair@$$CBIPAVCIOBuffer@Win32@OnlineGameLib@@@std@@U_Kfn@?$map@IPAVCIOBuffer@Win32@OnlineGameLib@@U?$less@I@std@@V?$allocator@PAVCIOBuffer@Win32@OnlineGameLib@@@5@@2@U?$less@I@2@V?$allocator@PAVCIOBuffer@Win32@OnlineGameLib@@@2@@std@@QAE@XZ 10019850 f i common:SocketServer.obj
 0001:00018940       ??0?$vector@PAVWorkerThread@CSocketServer@Win32@OnlineGameLib@@V?$allocator@PAVWorkerThread@CSocketServer@Win32@OnlineGameLib@@@std@@@std@@QAE@ABV?$allocator@PAVWorkerThread@CSocketServer@Win32@OnlineGameLib@@@1@@Z 10019940 f i common:SocketServer.obj
 0001:00018980       ??1?$vector@PAVWorkerThread@CSocketServer@Win32@OnlineGameLib@@V?$allocator@PAVWorkerThread@CSocketServer@Win32@OnlineGameLib@@@std@@@std@@QAE@XZ 10019980 f i common:SocketServer.obj
 0001:000189f0       ?reserve@?$vector@PAVWorkerThread@CSocketServer@Win32@OnlineGameLib@@V?$allocator@PAVWorkerThread@CSocketServer@Win32@OnlineGameLib@@@std@@@std@@QAEXI@Z 100199f0 f i common:SocketServer.obj
 0001:00018ac0       ??A?$vector@PAVWorkerThread@CSocketServer@Win32@OnlineGameLib@@V?$allocator@PAVWorkerThread@CSocketServer@Win32@OnlineGameLib@@@std@@@std@@QAEAAPAVWorkerThread@CSocketServer@Win32@OnlineGameLib@@I@Z 10019ac0 f i common:SocketServer.obj
 0001:00018af0       ?push_back@?$vector@PAVWorkerThread@CSocketServer@Win32@OnlineGameLib@@V?$allocator@PAVWorkerThread@CSocketServer@Win32@OnlineGameLib@@@std@@@std@@QAEXABQAVWorkerThread@CSocketServer@Win32@OnlineGameLib@@@Z 10019af0 f i common:SocketServer.obj
 0001:00018b30       ?begin@?$_Tree@IU?$pair@$$CBIPAVCIOBuffer@Win32@OnlineGameLib@@@std@@U_Kfn@?$map@IPAVCIOBuffer@Win32@OnlineGameLib@@U?$less@I@std@@V?$allocator@PAVCIOBuffer@Win32@OnlineGameLib@@@5@@2@U?$less@I@2@V?$allocator@PAVCIOBuffer@Win32@OnlineGameLib@@@2@@std@@QAE?AViterator@12@XZ 10019b30 f i common:SocketServer.obj
 0001:00018b80       ?end@?$_Tree@IU?$pair@$$CBIPAVCIOBuffer@Win32@OnlineGameLib@@@std@@U_Kfn@?$map@IPAVCIOBuffer@Win32@OnlineGameLib@@U?$less@I@std@@V?$allocator@PAVCIOBuffer@Win32@OnlineGameLib@@@5@@2@U?$less@I@2@V?$allocator@PAVCIOBuffer@Win32@OnlineGameLib@@@2@@std@@QAE?AViterator@12@XZ 10019b80 f i common:SocketServer.obj
 0001:00018bc0       ?erase@?$_Tree@IU?$pair@$$CBIPAVCIOBuffer@Win32@OnlineGameLib@@@std@@U_Kfn@?$map@IPAVCIOBuffer@Win32@OnlineGameLib@@U?$less@I@std@@V?$allocator@PAVCIOBuffer@Win32@OnlineGameLib@@@5@@2@U?$less@I@2@V?$allocator@PAVCIOBuffer@Win32@OnlineGameLib@@@2@@std@@QAE?AViterator@12@V312@0@Z 10019bc0 f i common:SocketServer.obj
 0001:00018d20       ?_Freenode@?$_Tree@IU?$pair@$$CBIPAVCIOBuffer@Win32@OnlineGameLib@@@std@@U_Kfn@?$map@IPAVCIOBuffer@Win32@OnlineGameLib@@U?$less@I@std@@V?$allocator@PAVCIOBuffer@Win32@OnlineGameLib@@@5@@2@U?$less@I@2@V?$allocator@PAVCIOBuffer@Win32@OnlineGameLib@@@2@@std@@IAEXPAU_Node@12@@Z 10019d20 f i common:SocketServer.obj
 0001:00018d50       ?capacity@?$vector@PAVWorkerThread@CSocketServer@Win32@OnlineGameLib@@V?$allocator@PAVWorkerThread@CSocketServer@Win32@OnlineGameLib@@@std@@@std@@QBEIXZ 10019d50 f i common:SocketServer.obj
 0001:00018da0       ?begin@?$vector@PAVWorkerThread@CSocketServer@Win32@OnlineGameLib@@V?$allocator@PAVWorkerThread@CSocketServer@Win32@OnlineGameLib@@@std@@@std@@QAEPAPAVWorkerThread@CSocketServer@Win32@OnlineGameLib@@XZ 10019da0 f i common:SocketServer.obj
[...]
 0003:00005688       ?_Facsav@?$_Tidyfac@V?$num_get@GV?$istreambuf_iterator@GU?$char_traits@G@std@@@std@@@std@@@std@@0PAV?$num_get@GV?$istreambuf_iterator@GU?$char_traits@G@std@@@std@@@2@A 100c2688     libcpmtd:wlocale.obj
 0003:0000568c       ?_Facsav@?$_Tidyfac@V?$num_put@GV?$ostreambuf_iterator@GU?$char_traits@G@std@@@std@@@std@@@std@@0PAV?$num_put@GV?$ostreambuf_iterator@GU?$char_traits@G@std@@@std@@@2@A 100c268c     libcpmtd:wlocale.obj
 0003:00005690       ?_Facsav@?$_Tidyfac@V?$numpunct@G@std@@@std@@0PAV?$numpunct@G@2@A 100c2690     libcpmtd:wlocale.obj
 0003:00005694       ?_Facsav@?$_Tidyfac@V?$collate@G@std@@@std@@0PAV?$collate@G@2@A 100c2694     libcpmtd:wlocale.obj
 0003:00005698       ?_Facsav@?$_Tidyfac@V?$messages@G@std@@@std@@0PAV?$messages@G@2@A 100c2698     libcpmtd:wlocale.obj
 0003:0000569c       ?_Facsav@?$_Tidyfac@V?$money_get@GV?$istreambuf_iterator@GU?$char_traits@G@std@@@std@@@std@@@std@@0PAV?$money_get@GV?$istreambuf_iterator@GU?$char_traits@G@std@@@std@@@2@A 100c269c     libcpmtd:wlocale.obj
 0003:000056a0       ?_Facsav@?$_Tidyfac@V?$money_put@GV?$ostreambuf_iterator@GU?$char_traits@G@std@@@std@@@std@@@std@@0PAV?$money_put@GV?$ostreambuf_iterator@GU?$char_traits@G@std@@@std@@@2@A 100c26a0     libcpmtd:wlocale.obj
 0003:000056a4       ?_Facsav@?$_Tidyfac@V?$moneypunct@G$0A@@std@@@std@@0PAV?$moneypunct@G$0A@@2@A 100c26a4     libcpmtd:wlocale.obj
 0003:000056a8       ?_Facsav@?$_Tidyfac@V?$moneypunct@G$00@std@@@std@@0PAV?$moneypunct@G$00@2@A 100c26a8     libcpmtd:wlocale.obj
 0003:000056ac       ?_Facsav@?$_Tidyfac@V?$time_get@GV?$istreambuf_iterator@GU?$char_traits@G@std@@@std@@@std@@@std@@0PAV?$time_get@GV?$istreambuf_iterator@GU?$char_traits@G@std@@@std@@@2@A 100c26ac     libcpmtd:wlocale.obj
 0003:000056b0       ?_Facsav@?$_Tidyfac@V?$time_put@GV?$ostreambuf_iterator@GU?$char_traits@G@std@@@std@@@std@@@std@@0PAV?$time_put@GV?$ostreambuf_iterator@GU?$char_traits@G@std@@@std@@@2@A 100c26b0     libcpmtd:wlocale.obj
 0003:000056b4       ?_Facsav@?$_Tidyfac@V?$codecvt@GDH@std@@@std@@0PAV?$codecvt@GDH@2@A 100c26b4     libcpmtd:wlocale.obj
 0003:000056b8       ?id@?$money_put@DV?$ostreambuf_iterator@DU?$char_traits@D@std@@@std@@@std@@2V0locale@2@A 100c26b8     libcpmtd:xlocale.obj
 0003:000056bc       ?id@?$moneypunct@D$00@std@@2V0locale@2@A 100c26bc     libcpmtd:xlocale.obj
 0003:000056c0       ?id@?$time_get@DV?$istreambuf_iterator@DU?$char_traits@D@std@@@std@@@std@@2V0locale@2@A 100c26c0     libcpmtd:xlocale.obj
 0003:000056c4       ?id@?$time_put@DV?$ostreambuf_iterator@DU?$char_traits@D@std@@@std@@@std@@2V0locale@2@A 100c26c4     libcpmtd:xlocale.obj
 0003:000056c8       ?id@?$messages@D@std@@2V0locale@2@A 100c26c8     libcpmtd:xlocale.obj
 0003:000056cc       ?id@?$moneypunct@D$0A@@std@@2V0locale@2@A 100c26cc     libcpmtd:xlocale.obj
 0003:000056d0       ?id@?$money_get@DV?$istreambuf_iterator@DU?$char_traits@D@std@@@std@@@std@@2V0locale@2@A 100c26d0     libcpmtd:xlocale.obj
 0003:000056d4       ?id@?$collate@D@std@@2V0locale@2@A 100c26d4     libcpmtd:xlocale.obj
 0003:000056d8       ?_Psave@?1??use_facet@std@@YAABV?$collate@D@2@ABVlocale@2@PBV32@_N@Z@4PBVfacet@42@B 100c26d8     libcpmtd:xlocale.obj
 0003:000056dc       ?_Psave@?1??use_facet@std@@YAABV?$messages@D@2@ABVlocale@2@PBV32@_N@Z@4PBVfacet@42@B 100c26dc     libcpmtd:xlocale.obj
 0003:000056e0       ?_Psave@?1??use_facet@std@@YAABV?$money_get@DV?$istreambuf_iterator@DU?$char_traits@D@std@@@std@@@2@ABVlocale@2@PBV32@_N@Z@4PBVfacet@42@B 100c26e0     libcpmtd:xlocale.obj
 0003:000056e4       ?_Psave@?1??use_facet@std@@YAABV?$money_put@DV?$ostreambuf_iterator@DU?$char_traits@D@std@@@std@@@2@ABVlocale@2@PBV32@_N@Z@4PBVfacet@42@B 100c26e4     libcpmtd:xlocale.obj
 0003:000056e8       ?_Psave@?1??use_facet@std@@YAABV?$moneypunct@D$0A@@2@ABVlocale@2@PBV32@_N@Z@4PBVfacet@42@B 100c26e8     libcpmtd:xlocale.obj
 0003:000056ec       ?_Psave@?1??use_facet@std@@YAABV?$moneypunct@D$00@2@ABVlocale@2@PBV32@_N@Z@4PBVfacet@42@B 100c26ec     libcpmtd:xlocale.obj
 0003:000056f0       ?_Psave@?1??use_facet@std@@YAABV?$time_get@DV?$istreambuf_iterator@DU?$char_traits@D@std@@@std@@@2@ABVlocale@2@PBV32@_N@Z@4PBVfacet@42@B 100c26f0     libcpmtd:xlocale.obj
 0003:000056f4       ?_Psave@?1??use_facet@std@@YAABV?$time_put@DV?$ostreambuf_iterator@DU?$char_traits@D@std@@@std@@@2@ABVlocale@2@PBV32@_N@Z@4PBVfacet@42@B 100c26f4     libcpmtd:xlocale.obj
 0003:000056f8       ?_Facsav@?$_Tidyfac@V?$collate@D@std@@@std@@0PAV?$collate@D@2@A 100c26f8     libcpmtd:xlocale.obj
 0003:000056fc       ?_Facsav@?$_Tidyfac@V?$messages@D@std@@@std@@0PAV?$messages@D@2@A 100c26fc     libcpmtd:xlocale.obj
 0003:00005700       ?_Facsav@?$_Tidyfac@V?$money_get@DV?$istreambuf_iterator@DU?$char_traits@D@std@@@std@@@std@@@std@@0PAV?$money_get@DV?$istreambuf_iterator@DU?$char_traits@D@std@@@std@@@2@A 100c2700     libcpmtd:xlocale.obj
 0003:00005704       ?_Facsav@?$_Tidyfac@V?$money_put@DV?$ostreambuf_iterator@DU?$char_traits@D@std@@@std@@@std@@@std@@0PAV?$money_put@DV?$ostreambuf_iterator@DU?$char_traits@D@std@@@std@@@2@A 100c2704     libcpmtd:xlocale.obj
 0003:00005708       ?_Facsav@?$_Tidyfac@V?$moneypunct@D$0A@@std@@@std@@0PAV?$moneypunct@D$0A@@2@A 100c2708     libcpmtd:xlocale.obj
 0003:0000570c       ?_Facsav@?$_Tidyfac@V?$moneypunct@D$00@std@@@std@@0PAV?$moneypunct@D$00@2@A 100c270c     libcpmtd:xlocale.obj
 0003:00005710       ?_Facsav@?$_Tidyfac@V?$time_get@DV?$istreambuf_iterator@DU?$char_traits@D@std@@@std@@@std@@@std@@0PAV?$time_get@DV?$istreambuf_iterator@DU?$char_traits@D@std@@@std@@@2@A 100c2710     libcpmtd:xlocale.obj
 0003:00005714       ?_Facsav@?$_Tidyfac@V?$time_put@DV?$ostreambuf_iterator@DU?$char_traits@D@std@@@std@@@std@@@std@@0PAV?$time_put@DV?$ostreambuf_iterator@DU?$char_traits@D@std@@@std@@@2@A 100c2714     libcpmtd:xlocale.obj
 0003:00005724       ??_B?1???id@?$numpunct@D@std@@$D@@9@51 100c2724     <common>
 0003:00005736       ??_B?1???id@?$num_put@DV?$ostreambuf_iterator@DU?$char_traits@D@std@@@$D@@9@51 100c2736     <common>
 0003:00005737       ??_B?1???id@?$ctype@G@std@@$D@@9@51 100c2737     <common>
 0003:00005738       ?_Stz@?$fpos@H@std@@0HA    100c2738     <common>
 0003:0000573c       ?_Stinit@?1??_Init@?$basic_filebuf@DU?$char_traits@D@std@@@std@@IAEXPAU_iobuf@@W4_Initfl@23@@Z@4HA 100c273c     <common>
 0003:00005748       ___alternate_form          100c2748     <common>
 0003:00005758       ___no_lead_zeros           100c2758     <common>
 0003:0000575c       ___mbcodepage              100c275c     <common>
 0003:000057e0       ___mbulinfo                100c27e0     <common>
 0003:000057ec       ___ismbcodepage            100c27ec     <common>
 0003:00005800       __mbcasemap                100c2800     <common>
 0003:00005900       __mbctype                  100c2900     <common>
 0003:00005a04       ___mblcid                  100c2a04     <common>
 0003:00005a08       ___sbh_sizeHeaderList      100c2a08     <common>
 0003:00005a18       ___sbh_indGroupDefer       100c2a18     <common>
 0003:00005a1c       ___sbh_pHeaderScan         100c2a1c     <common>
 0003:00005a20       ___sbh_pHeaderDefer        100c2a20     <common>
 0003:00005a24       ___sbh_cntHeaderList       100c2a24     <common>
 0003:00005a28       ___sbh_pHeaderList         100c2a28     <common>
 0003:00005a2c       ___piob                    100c2a2c     <common>
 0003:00005d80       __bufin                    100c2d80     <common>
 0003:00006d80       __nstream                  100c3d80     <common>
 0003:00006d84       ___setlc_active            100c3d84     <common>
 0003:00006d94       ___unguarded_readlc_active 100c3d94     <common>
 0003:00006d98       __crtheap                  100c3d98     <common>
 0003:00006dc0       ___pioinfo                 100c3dc0     <common>
 0003:00006efc       __nhandle                  100c3efc     <common>
 0003:00006f00       ___env_initialized         100c3f00     <common>
 0003:00006f10       ___mbctype_initialized     100c3f10     <common>
 0003:00006f14       ___onexitend               100c3f14     <common>
 0003:00006f18       ___onexitbegin             100c3f18     <common>
 0003:00006f1c       __pfnDumpClient            100c3f1c     <common>
 0003:00006f28       __acmdln                   100c3f28     <common>
 0003:00006f38       __pRawDllMain              100c3f38     <common>
 0003:00006f3c       __pfnReportHook            100c3f3c     <common>
 0003:00006f48       ?_Stinit@?1??_Init@?$basic_filebuf@GU?$char_traits@G@std@@@std@@IAEXPAU_iobuf@@W4_Initfl@23@@Z@4HA 100c3f48     <common>
 0003:00006f54       ??_B?1???id@?$collate@D@std@@$D@@9@51 100c3f54     <common>
 0004:00000000       __IMPORT_DESCRIPTOR_KERNEL32 100c4000     kernel32:KERNEL32.dll
 0004:00000014       __IMPORT_DESCRIPTOR_WS2_32 100c4014     ws2_32:WS2_32.dll
 0004:00000028       __IMPORT_DESCRIPTOR_VERSION 100c4028     Version:VERSION.dll
 0004:0000003c       __IMPORT_DESCRIPTOR_USER32 100c403c     user32:USER32.dll
 0004:00000050       __IMPORT_DESCRIPTOR_ADVAPI32 100c4050     advapi32:ADVAPI32.dll
 0004:00000064       __NULL_IMPORT_DESCRIPTOR   100c4064     kernel32:KERNEL32.dll
 0004:0000039c       __imp__GetUserNameA@8      100c439c     advapi32:ADVAPI32.dll
 0004:000003a0       \177ADVAPI32_NULL_THUNK_DATA 100c43a0     advapi32:ADVAPI32.dll
 0004:000003cc       __imp__WaitForSingleObject@8 100c43cc     kernel32:KERNEL32.dll
 0004:000003d0       __imp__InterlockedIncrement@4 100c43d0     kernel32:KERNEL32.dll
 0004:000003d4       __imp__InterlockedDecrement@4 100c43d4     kernel32:KERNEL32.dll
 0004:000003d8       __imp__Sleep@4             100c43d8     kernel32:KERNEL32.dll
 0004:000003dc       __imp__InitializeCriticalSection@4 100c43dc     kernel32:KERNEL32.dll
 0004:000003e0       __imp__TerminateThread@8   100c43e0     kernel32:KERNEL32.dll
 0004:000003e4       __imp__EnterCriticalSection@4 100c43e4     kernel32:KERNEL32.dll
 0004:000003e8       __imp__LeaveCriticalSection@4 100c43e8     kernel32:KERNEL32.dll
 0004:000003ec       __imp__InterlockedExchange@8 100c43ec     kernel32:KERNEL32.dll
 0004:000003f0       __imp__WriteConsoleA@20    100c43f0     kernel32:KERNEL32.dll
 0004:000003f4       __imp__DeleteCriticalSection@4 100c43f4     kernel32:KERNEL32.dll
 0004:000003f8       __imp__GetLastError@0      100c43f8     kernel32:KERNEL32.dll
 0004:000003fc       __imp__SetEnvironmentVariableA@8 100c43fc     kernel32:KERNEL32.dll
 0004:00000400       __imp__CompareStringW@24   100c4400     kernel32:KERNEL32.dll
 0004:00000404       __imp__CompareStringA@24   100c4404     kernel32:KERNEL32.dll
 0004:00000408       __imp__GetLocaleInfoW@16   100c4408     kernel32:KERNEL32.dll
 0004:0000040c       __imp__ReadFile@20         100c440c     kernel32:KERNEL32.dll
 0004:00000410       __imp__SetStdHandle@8      100c4410     kernel32:KERNEL32.dll
 0004:00000414       __imp__GetStringTypeW@16   100c4414     kernel32:KERNEL32.dll
 0004:00000418       __imp__GetStringTypeA@20   100c4418     kernel32:KERNEL32.dll
 0004:0000041c       __imp__GetVersionExA@4     100c441c     kernel32:KERNEL32.dll
 0004:00000420       __imp__GetUserDefaultLCID@0 100c4420     kernel32:KERNEL32.dll
 0004:00000424       __imp__EnumSystemLocalesA@8 100c4424     kernel32:KERNEL32.dll
 0004:00000428       __imp__GetLocaleInfoA@16   100c4428     kernel32:KERNEL32.dll
 0004:0000042c       __imp__IsValidCodePage@4   100c442c     kernel32:KERNEL32.dll
 0004:00000430       __imp__IsValidLocale@8     100c4430     kernel32:KERNEL32.dll
 0004:00000434       __imp__GetOEMCP@0          100c4434     kernel32:KERNEL32.dll
 0004:00000438       __imp__GetACP@0            100c4438     kernel32:KERNEL32.dll
 0004:0000043c       __imp__GetCPInfo@8         100c443c     kernel32:KERNEL32.dll
 0004:00000440       __imp__IsBadCodePtr@4      100c4440     kernel32:KERNEL32.dll
 0004:00000444       __imp__VirtualAlloc@16     100c4444     kernel32:KERNEL32.dll
 0004:00000448       __imp__HeapReAlloc@16      100c4448     kernel32:KERNEL32.dll
 0004:0000044c       __imp__HeapAlloc@12        100c444c     kernel32:KERNEL32.dll
 0004:00000450       __imp__GetSystemInfo@4     100c4450     kernel32:KERNEL32.dll
 0004:00000454       __imp__WaitForMultipleObjects@16 100c4454     kernel32:KERNEL32.dll
 0004:00000458       __imp__CreateEventA@16     100c4458     kernel32:KERNEL32.dll
 0004:0000045c       __imp__CloseHandle@4       100c445c     kernel32:KERNEL32.dll
 0004:00000460       __imp__ResetEvent@4        100c4460     kernel32:KERNEL32.dll
 0004:00000464       __imp__SetEvent@4          100c4464     kernel32:KERNEL32.dll
 0004:00000468       __imp__PulseEvent@4        100c4468     kernel32:KERNEL32.dll
 0004:0000046c       __imp__OutputDebugStringA@4 100c446c     kernel32:KERNEL32.dll
 0004:00000470       __imp__GetCurrentThreadId@0 100c4470     kernel32:KERNEL32.dll
 0004:00000474       __imp__FormatMessageA@28   100c4474     kernel32:KERNEL32.dll
 0004:00000478       __imp__GetCurrentDirectoryA@8 100c4478     kernel32:KERNEL32.dll
 0004:0000047c       __imp__GetModuleFileNameA@12 100c447c     kernel32:KERNEL32.dll
 0004:00000480       __imp__GetSystemTime@4     100c4480     kernel32:KERNEL32.dll
 0004:00000484       __imp__GetLocalTime@4      100c4484     kernel32:KERNEL32.dll
 0004:00000488       __imp__GetComputerNameA@8  100c4488     kernel32:KERNEL32.dll
 0004:0000048c       __imp__SetLastError@4      100c448c     kernel32:KERNEL32.dll
 0004:00000490       __imp__CreateIoCompletionPort@16 100c4490     kernel32:KERNEL32.dll
 0004:00000494       __imp__PostQueuedCompletionStatus@16 100c4494     kernel32:KERNEL32.dll
 0004:00000498       __imp__GetQueuedCompletionStatus@20 100c4498     kernel32:KERNEL32.dll
 0004:0000049c       __imp__RtlUnwind@16        100c449c     kernel32:KERNEL32.dll
 0004:000004a0       __imp__GetTimeZoneInformation@4 100c44a0     kernel32:KERNEL32.dll
 0004:000004a4       __imp__CreateThread@24     100c44a4     kernel32:KERNEL32.dll
 0004:000004a8       __imp__TlsSetValue@8       100c44a8     kernel32:KERNEL32.dll
 0004:000004ac       __imp__ExitThread@4        100c44ac     kernel32:KERNEL32.dll
 0004:000004b0       __imp__RaiseException@16   100c44b0     kernel32:KERNEL32.dll
 0004:000004b4       __imp__DebugBreak@0        100c44b4     kernel32:KERNEL32.dll
 0004:000004b8       __imp__GetStdHandle@4      100c44b8     kernel32:KERNEL32.dll
 0004:000004bc       __imp__WriteFile@20        100c44bc     kernel32:KERNEL32.dll
 0004:000004c0       __imp__GetProcAddress@8    100c44c0     kernel32:KERNEL32.dll
 0004:000004c4       __imp__LoadLibraryA@4      100c44c4     kernel32:KERNEL32.dll
 0004:000004c8       __imp__GetCommandLineA@0   100c44c8     kernel32:KERNEL32.dll
 0004:000004cc       __imp__GetVersion@0        100c44cc     kernel32:KERNEL32.dll
 0004:000004d0       __imp__IsBadWritePtr@8     100c44d0     kernel32:KERNEL32.dll
 0004:000004d4       __imp__IsBadReadPtr@8      100c44d4     kernel32:KERNEL32.dll
 0004:000004d8       __imp__HeapValidate@12     100c44d8     kernel32:KERNEL32.dll
 0004:000004dc       __imp__TlsAlloc@0          100c44dc     kernel32:KERNEL32.dll
 0004:000004e0       __imp__TlsFree@4           100c44e0     kernel32:KERNEL32.dll
 0004:000004e4       __imp__TlsGetValue@4       100c44e4     kernel32:KERNEL32.dll
 0004:000004e8       __imp__GetCurrentThread@0  100c44e8     kernel32:KERNEL32.dll
 0004:000004ec       __imp__ExitProcess@4       100c44ec     kernel32:KERNEL32.dll
 0004:000004f0       __imp__FatalAppExitA@8     100c44f0     kernel32:KERNEL32.dll
 0004:000004f4       __imp__HeapFree@12         100c44f4     kernel32:KERNEL32.dll
 0004:000004f8       __imp__TerminateProcess@8  100c44f8     kernel32:KERNEL32.dll
 0004:000004fc       __imp__GetCurrentProcess@0 100c44fc     kernel32:KERNEL32.dll
 0004:00000500       __imp__UnhandledExceptionFilter@4 100c4500     kernel32:KERNEL32.dll
 0004:00000504       __imp__SetUnhandledExceptionFilter@4 100c4504     kernel32:KERNEL32.dll
 0004:00000508       __imp__SetConsoleCtrlHandler@8 100c4508     kernel32:KERNEL32.dll
 0004:0000050c       __imp__GetModuleHandleA@4  100c450c     kernel32:KERNEL32.dll
 0004:00000510       __imp__SetHandleCount@4    100c4510     kernel32:KERNEL32.dll
 0004:00000514       __imp__GetFileType@4       100c4514     kernel32:KERNEL32.dll
 0004:00000518       __imp__GetStartupInfoA@4   100c4518     kernel32:KERNEL32.dll
 0004:0000051c       __imp__FreeEnvironmentStringsA@4 100c451c     kernel32:KERNEL32.dll
 0004:00000520       __imp__FreeEnvironmentStringsW@4 100c4520     kernel32:KERNEL32.dll
 0004:00000524       __imp__WideCharToMultiByte@32 100c4524     kernel32:KERNEL32.dll
 0004:00000528       __imp__GetEnvironmentStrings@0 100c4528     kernel32:KERNEL32.dll
 0004:0000052c       __imp__GetEnvironmentStringsW@0 100c452c     kernel32:KERNEL32.dll
 0004:00000530       __imp__HeapDestroy@4       100c4530     kernel32:KERNEL32.dll
 0004:00000534       __imp__HeapCreate@12       100c4534     kernel32:KERNEL32.dll
 0004:00000538       __imp__VirtualFree@12      100c4538     kernel32:KERNEL32.dll
 0004:0000053c       __imp__MultiByteToWideChar@24 100c453c     kernel32:KERNEL32.dll
 0004:00000540       __imp__LCMapStringA@24     100c4540     kernel32:KERNEL32.dll
 0004:00000544       __imp__LCMapStringW@24     100c4544     kernel32:KERNEL32.dll
 0004:00000548       __imp__SetFilePointer@16   100c4548     kernel32:KERNEL32.dll
 0004:0000054c       __imp__FlushFileBuffers@4  100c454c     kernel32:KERNEL32.dll
 0004:00000550       __imp__CreateFileA@28      100c4550     kernel32:KERNEL32.dll
 0004:00000554       \177KERNEL32_NULL_THUNK_DATA 100c4554     kernel32:KERNEL32.dll
 0004:000005cc       __imp__MessageBeep@4       100c45cc     user32:USER32.dll
 0004:000005d0       __imp__wsprintfA           100c45d0     user32:USER32.dll
 0004:000005d4       __imp__MessageBoxA@16      100c45d4     user32:USER32.dll
 0004:000005d8       \177USER32_NULL_THUNK_DATA 100c45d8     user32:USER32.dll
 0004:00000604       __imp__VerQueryValueA@16   100c4604     Version:VERSION.dll
 0004:00000608       __imp__GetFileVersionInfoA@16 100c4608     Version:VERSION.dll
 0004:0000060c       __imp__GetFileVersionInfoSizeA@8 100c460c     Version:VERSION.dll
 0004:00000610       \177VERSION_NULL_THUNK_DATA 100c4610     Version:VERSION.dll
 0004:0000063c       __imp__listen@8            100c463c     ws2_32:WS2_32.dll
 0004:00000640       __imp__WSACleanup@0        100c4640     ws2_32:WS2_32.dll
 0004:00000644       __imp__WSAStartup@8        100c4644     ws2_32:WS2_32.dll
 0004:00000648       __imp__inet_ntoa@4         100c4648     ws2_32:WS2_32.dll
 0004:0000064c       __imp__htons@4             100c464c     ws2_32:WS2_32.dll
 0004:00000650       __imp__bind@12             100c4650     ws2_32:WS2_32.dll
 0004:00000654       __imp__gethostbyname@4     100c4654     ws2_32:WS2_32.dll
 0004:00000658       __imp__WSASend@28          100c4658     ws2_32:WS2_32.dll
 0004:0000065c       __imp__WSARecv@28          100c465c     ws2_32:WS2_32.dll
 0004:00000660       __imp__setsockopt@20       100c4660     ws2_32:WS2_32.dll
 0004:00000664       __imp__shutdown@8          100c4664     ws2_32:WS2_32.dll
 0004:00000668       __imp__WSAAccept@20        100c4668     ws2_32:WS2_32.dll
 0004:0000066c       __imp__connect@12          100c466c     ws2_32:WS2_32.dll
 0004:00000670       __imp__htonl@4             100c4670     ws2_32:WS2_32.dll
 0004:00000674       __imp__inet_addr@4         100c4674     ws2_32:WS2_32.dll
 0004:00000678       __imp__WSASocketA@24       100c4678     ws2_32:WS2_32.dll
 0004:0000067c       __imp__closesocket@4       100c467c     ws2_32:WS2_32.dll
 0004:00000680       __imp__WSAGetLastError@0   100c4680     ws2_32:WS2_32.dll
 0004:00000684       __imp__gethostname@8       100c4684     ws2_32:WS2_32.dll
 0004:00000688       \177WS2_32_NULL_THUNK_DATA 100c4688     ws2_32:WS2_32.dll

 entry point at        0001:00024e10

