 CoreClient

 Timestamp is 69624bd7 (Sat Jan 10 07:53:43 2026)

 Preferred load address is 10000000

 Start         Length     Name                   Class
 0001:00000000 00078bfeH .text                   CODE
 0001:00078c00 000011b3H .text$x                 CODE
 0002:00000000 000002d0H .idata$5                DATA
 0002:000002d0 0000ac24H .rdata                  DATA
 0002:0000aef8 000014f8H .xdata$x                DATA
 0002:0000c3f0 00000078H .idata$2                DATA
 0002:0000c468 00000014H .idata$3                DATA
 0002:0000c47c 000002d0H .idata$4                DATA
 0002:0000c74c 0000136cH .idata$6                DATA
 0002:0000dac0 00001b20H .edata                  DATA
 0003:00000000 00000004H .CRT$XCA                DATA
 0003:00000004 000000e4H .CRT$XCU                DATA
 0003:000000e8 00000004H .CRT$XCZ                DATA
 0003:000000ec 00000004H .CRT$XIA                DATA
 0003:000000f0 00000004H .CRT$XIZ                DATA
 0003:00000100 00006270H .data                   DATA
 0003:00006370 01d61adcH .bss                    DATA

  Address         Publics by Value              Rva+Base     Lib:Object

 0001:00000000       ?GetMoney@KInventory@@QAEHXZ 10001000 f i KThiefSkill.obj
 0001:00000010       ?SetMoney@KInventory@@QAEHH@Z 10001010 f i KThiefSkill.obj
 0001:00000030       ??4KInventory@@QAEAAV0@ABV0@@Z 10001030 f i KThiefSkill.obj
 0001:00000060       ?GetBuildItem@KItemList@@QAEHH@Z 10001060 f i KThiefSkill.obj
 0001:00000070       ?GetEquipment@KItemList@@QBEHH@Z 10001070 f i KThiefSkill.obj
 0001:00000080       ?GetMoney@KItemList@@QAEHH@Z 10001080 f i KThiefSkill.obj
 0001:000000a0       ?Hand@KItemList@@QAEHXZ    100010a0 f i KThiefSkill.obj
 0001:000000b0       ?GetMaskLock@KItemList@@QAEHXZ 100010b0 f i KThiefSkill.obj
 0001:000000c0       ?IsLockOperation@KItemList@@QAEHXZ 100010c0 f i KThiefSkill.obj
 0001:000000d0       ?IsActiveSet@KItemList@@QBEHXZ 100010d0 f i KThiefSkill.obj
 0001:000000e0       ??4KItemList@@QAEAAV0@ABV0@@Z 100010e0 f i KThiefSkill.obj
 0001:00000100       ??0KThiefSkill@@QAE@XZ     10001100 f   KThiefSkill.obj
 0001:00000140       ?GetSkillCostType@KThiefSkill@@UBE?AW4NPCATTRIB@@XZ 10001140 f i KThiefSkill.obj
 0001:00000150       ?GetAttackRadius@KThiefSkill@@UBEHXZ 10001150 f i KThiefSkill.obj
 0001:00000160       ?IsTargetOnly@KThiefSkill@@UBEHXZ 10001160 f i KThiefSkill.obj
 0001:00000170       ?IsTargetSelf@KThiefSkill@@UBEHXZ 10001170 f i KThiefSkill.obj
 0001:00000180       ?IsTargetEnemy@KThiefSkill@@UBEHXZ 10001180 f i KThiefSkill.obj
 0001:00000190       ?IsTargetAlly@KThiefSkill@@UBEHXZ 10001190 f i KThiefSkill.obj
 0001:000001a0       ?IsTargetObj@KThiefSkill@@UBEHXZ 100011a0 f i KThiefSkill.obj
 0001:000001b0       ??_EKThiefSkill@@UAEPAXI@Z 100011b0 f i KThiefSkill.obj
 0001:000001b0       ??_GKThiefSkill@@UAEPAXI@Z 100011b0 f i KThiefSkill.obj
 0001:000001d0       ??1KThiefSkill@@UAE@XZ     100011d0 f   KThiefSkill.obj
 0001:000001e0       ?GetSkillId@KThiefSkill@@UAEHXZ 100011e0 f   KThiefSkill.obj
 0001:000001f0       ?GetSkillName@KThiefSkill@@UAEPBDXZ 100011f0 f   KThiefSkill.obj
 0001:00000200       ?GetSkillStyle@KThiefSkill@@UAEHXZ 10001200 f   KThiefSkill.obj
 0001:00000210       ?LoadSkillLevelData@KThiefSkill@@UAEXKH@Z 10001210 f   KThiefSkill.obj
 0001:00000220       ?DoSkill@KThiefSkill@@QAEHPAVKNpc@@HH@Z 10001220 f   KThiefSkill.obj
 0001:000002e0       ?Cast@KThiefSkill@@QAEHPAVKPlayer@@0@Z 100012e0 f   KThiefSkill.obj
 0001:000002f0       ?OnSkill@KThiefSkill@@QAEHPAVKNpc@@@Z 100012f0 f   KThiefSkill.obj
 0001:000003f0       ?CanCastSkill@KThiefSkill@@UBEHHAAH0@Z 100013f0 f   KThiefSkill.obj
 0001:000004a0       ?GetDesc@KThiefSkill@@QAEXKKPADH_N@Z 100014a0 f   KThiefSkill.obj
 0001:000004d0       ?LoadSetting@KThiefSkill@@QAEHPAD@Z 100014d0 f   KThiefSkill.obj
 0001:00000790       ?GetSkillCost@KThiefSkill@@UBEHPAX@Z 10001790 f   KThiefSkill.obj
 0001:000007b0       ?DrawSkillIcon@KThiefSkill@@UAEXHHHHH@Z 100017b0 f   KThiefSkill.obj
 0001:00000a10       ?IsAura@ISkill@@UBEHXZ     10001a10 f i KThiefSkill.obj
 0001:00000a20       ?IsPhysical@ISkill@@UBEHXZ 10001a20 f i KThiefSkill.obj
 0001:00000a30       ?GetSkillAttrib@ISkill@@UBEFXZ 10001a30 f i KThiefSkill.obj
 0001:00000a40       ?IsExpSkill@ISkill@@UBEHXZ 10001a40 f i KThiefSkill.obj
 0001:00000a50       ?GetSkillLevelUpScriptId@ISkill@@UBEKXZ 10001a50 f i KThiefSkill.obj
 0001:00000a60       ??_GISkill@@UAEPAXI@Z      10001a60 f i KThiefSkill.obj
 0001:00000a60       ??_EISkill@@UAEPAXI@Z      10001a60 f i KThiefSkill.obj
 0001:00000a80       ??4KMapMusic@@QAEAAV0@ABV0@@Z 10001a80 f i KMissle.obj
 0001:00000aa0       ?GetGameTime@KSubWorldSet@@QAEHXZ 10001aa0 f i KMissle.obj
 0001:00000ab0       ?GetGameVersion@KSubWorldSet@@QAEHXZ 10001ab0 f i KMissle.obj
 0001:00000ac0       ?SetPing@KSubWorldSet@@QAEXK@Z 10001ac0 f i KMissle.obj
 0001:00000ad0       ?GetPing@KSubWorldSet@@QAEKXZ 10001ad0 f i KMissle.obj
 0001:00000ae0       ??4KSubWorldSet@@QAEAAV0@ABV0@@Z 10001ae0 f i KMissle.obj
 0001:00000b00       ??1KSubWorldSet@@QAE@XZ    10001b00 f i KMissle.obj
 0001:00000b10       ??0KMissleSet@@QAE@XZ      10001b10 f i KMissle.obj
 0001:00000b20       ??4KMissleSet@@QAEAAV0@ABV0@@Z 10001b20 f i KMissle.obj
 0001:00000b50       ??1KMissleSet@@QAE@XZ      10001b50 f i KMissle.obj
 0001:00000c60       ??0KMissle@@QAE@XZ         10001c60 f   KMissle.obj
 0001:00000d30       ??_EKMissle@@UAEPAXI@Z     10001d30 f i KMissle.obj
 0001:00000d30       ??_GKMissle@@UAEPAXI@Z     10001d30 f i KMissle.obj
 0001:00000d50       ?Release@KMissle@@AAEXXZ   10001d50 f   KMissle.obj
 0001:00000da0       ??1KMissle@@UAE@XZ         10001da0 f   KMissle.obj
 0001:00000df0       ??_EKNode@@UAEPAXI@Z       10001df0 f i KMissle.obj
 0001:00000df0       ??_GKNode@@UAEPAXI@Z       10001df0 f i KMissle.obj
 0001:00000e10       ?GetInfoFromTabFile@KMissle@@QAEHH@Z 10001e10 f   KMissle.obj
 0001:00000e30       ?GetInfoFromTabFile@KMissle@@QAEHPAVKITabFile@@H@Z 10001e30 f   KMissle.obj
 0001:00001350       ??_EKIndexNode@@UAEPAXI@Z  10002350 f i KMissle.obj
 0001:00001350       ??_GKIndexNode@@UAEPAXI@Z  10002350 f i KMissle.obj
 0001:00001370       ??1KIndexNode@@UAE@XZ      10002370 f i KMissle.obj
 0001:00001380       ?Init@KMissle@@AAEHHHHHH@Z 10002380 f   KMissle.obj
 0001:000013a0       ?Activate@KMissle@@QAEHXZ  100023a0 f   KMissle.obj
 0001:00001710       ?OnWait@KMissle@@AAEXXZ    10002710 f   KMissle.obj
 0001:00001720       ?OnCollision@KMissle@@AAEXXZ 10002720 f   KMissle.obj
 0001:00001730       ?CheckCollision@KMissle@@AAEHXZ 10002730 f   KMissle.obj
 0001:000018f0       ?OnFly@KMissle@@AAEXXZ     100028f0 f   KMissle.obj
 0001:00002310       ?Send@KWorldMsg@@QAEHKHHH@Z 10003310 f i KMissle.obj
 0001:00002380       ??_EKWorldMsgNode@@UAEPAXI@Z 10003380 f i KMissle.obj
 0001:00002380       ??_GKWorldMsgNode@@UAEPAXI@Z 10003380 f i KMissle.obj
 0001:000023a0       ??1KWorldMsgNode@@UAE@XZ   100033a0 f i KMissle.obj
 0001:000023b0       ?OnVanish@KMissle@@AAEXXZ  100033b0 f   KMissle.obj
 0001:000023c0       ?Paint@KMissle@@QAEXXZ     100033c0 f   KMissle.obj
 0001:000025b0       ?CheckBeyondRegion@KMissle@@AAEHHH@Z 100035b0 f   KMissle.obj
 0001:00002820       ??4KMissle@@AAEAAV0@AAV0@@Z 10003820 f   KMissle.obj
 0001:00002ae0       ?ProcessDamage@KMissle@@AAEHH@Z 10003ae0 f   KMissle.obj
 0001:00002af0       ?DoVanish@KMissle@@AAEXXZ  10003af0 f   KMissle.obj
 0001:00002b90       ?DoCollision@KMissle@@AAEXXZ 10003b90 f   KMissle.obj
 0001:00002cf0       ?DoFly@KMissle@@AAEXXZ     10003cf0 f   KMissle.obj
 0001:00002d10       ?GetOffsetAxis@KMissle@@SAHHHHHHHAAH00@Z 10003d10 f   KMissle.obj
 0001:00002e20       ?ProcessCollision@KMissle@@AAEHHHHHHH@Z 10003e20 f   KMissle.obj
 0001:00002fd0       ?ProcessCollision@KMissle@@AAEHXZ 10003fd0 f   KMissle.obj
 0001:00003010       ?CreateSpecialEffect@KMissle@@QAEHW4eMissleStatus@@HHHH@Z 10004010 f   KMissle.obj
 0001:000031d0       ??_EKSkillSpecialNode@@UAEPAXI@Z 100041d0 f i KMissle.obj
 0001:000031d0       ??_GKSkillSpecialNode@@UAEPAXI@Z 100041d0 f i KMissle.obj
 0001:000031f0       ??1KSkillSpecialNode@@UAE@XZ 100041f0 f i KMissle.obj
 0001:00003210       ?CreateMissleForShow@KMissle@@SAHPAD00PAUTMissleForShow@@@Z 10004210 f   KMissle.obj
 0001:00003420       ?GetLightInfo@KMissle@@QAEXPAUKLightInfo@@@Z 10004420 f   KMissle.obj
 0001:00003490       ?DoWait@KMissle@@AAEXXZ    10004490 f   KMissle.obj
 0001:00003510       ?PrePareFly@KMissle@@AAEHXZ 10004510 f   KMissle.obj
 0001:00003770       ?CheckNearestCollision@KMissle@@AAEHXZ 10004770 f   KMissle.obj
 0001:00003930       ?FindNearestCollision@KMissle@@AAEHHH@Z 10004930 f   KMissle.obj
 0001:00003a00       ?GetMpsPos@KMissle@@QAEXPAH0@Z 10004a00 f   KMissle.obj
 0001:00003a50       ??0KMissleRes@@QAE@XZ      10004a50 f   KMissleRes.obj
 0001:00003af0       ??1KMissleRes@@QAE@XZ      10004af0 f   KMissleRes.obj
 0001:00003b90       ??1KList@@QAE@XZ           10004b90 f i KMissleRes.obj
 0001:00003ba0       ?LoadResource@KMissleRes@@QAEXHPAD0@Z 10004ba0 f   KMissleRes.obj
 0001:00003c10       ?Init@KMissleRes@@QAEHXZ   10004c10 f   KMissleRes.obj
 0001:00003c20       ?Remove@KMissleRes@@QAEXXZ 10004c20 f   KMissleRes.obj
 0001:00003c30       ?Clear@KMissleRes@@QAEXXZ  10004c30 f   KMissleRes.obj
 0001:00003cd0       ?Draw@KMissleRes@@QAEHHHHHHHH@Z 10004cd0 f   KMissleRes.obj
 0001:00003f70       ?PlaySoundA@KMissleRes@@QAEXHHHH@Z 10004f70 f   KMissleRes.obj
 0001:00004040       ?GetSndVolume@KMissleRes@@QAEHH@Z 10005040 f   KMissleRes.obj
 0001:00004070       ?StopSound@KMissleRes@@QAEXXZ 10005070 f   KMissleRes.obj
 0001:00004100       ?Init@KMissleSet@@QAEXXZ   10005100 f   KMissleSet.obj
 0001:00004150       ?FindFree@KMissleSet@@QAEHXZ 10005150 f   KMissleSet.obj
 0001:00004160       ?Add@KMissleSet@@QAEHHHHHHH@Z 10005160 f   KMissleSet.obj
 0001:00004200       ?Add@KMissleSet@@QAEHHHH@Z 10005200 f   KMissleSet.obj
 0001:00004350       ?CreateMissile@KMissleSet@@QAEHHHHHHHHH@Z 10005350 f   KMissleSet.obj
 0001:00004380       ?Activate@KMissleSet@@QAEHXZ 10005380 f   KMissleSet.obj
 0001:000043b0       ?Remove@KMissleSet@@QAEXH@Z 100053b0 f   KMissleSet.obj
 0001:00004400       ?Draw@KMissleSet@@QAEXXZ   10005400 f   KMissleSet.obj
 0001:00004420       ?GetCount@KMissleSet@@QAEHXZ 10005420 f   KMissleSet.obj
 0001:00004440       ?ClearMissles@KMissleSet@@QAEXXZ 10005440 f   KMissleSet.obj
 0001:00004470       ??0KSkillList@@QAE@XZ      10005470 f   KSkillList.obj
 0001:00004490       ??1KSkillList@@QAE@XZ      10005490 f   KSkillList.obj
 0001:000044a0       ?FindSame@KSkillList@@QAEHH@Z 100054a0 f   KSkillList.obj
 0001:000044d0       ?FindFree@KSkillList@@QAEHXZ 100054d0 f   KSkillList.obj
 0001:000044f0       ?GetCount@KSkillList@@QAEHXZ 100054f0 f   KSkillList.obj
 0001:00004510       ?SetSkillLevel@KSkillList@@QAEXHH@Z 10005510 f   KSkillList.obj
 0001:00004550       ?SetLevel@KSkillList@@QAEHHH@Z 10005550 f   KSkillList.obj
 0001:00004590       ?IncreaseLevel@KSkillList@@QAEHHHH@Z 10005590 f   KSkillList.obj
 0001:00004690       ?Add@KSkillList@@QAEHHH_N@Z 10005690 f   KSkillList.obj
 0001:000047e0       ?Remove@KSkillList@@QAEXH@Z 100057e0 f   KSkillList.obj
 0001:00004870       ?GetLevel@KSkillList@@QAEHH@Z 10005870 f   KSkillList.obj
 0001:000048a0       ?GetCurrentLevel@KSkillList@@QAEHH@Z 100058a0 f   KSkillList.obj
 0001:000048d0       ?GetPointAdd@KSkillList@@QAEDH@Z 100058d0 f   KSkillList.obj
 0001:00004900       ?CanCast@KSkillList@@QAEHHK@Z 10005900 f   KSkillList.obj
 0001:00004950       ?SetNextCastTime@KSkillList@@QAEXHK@Z 10005950 f   KSkillList.obj
 0001:00004980       ?SetMaxCastTime@KSkillList@@QAEXHK@Z 10005980 f   KSkillList.obj
 0001:000049b0       ?GetEnhanceSkills@KSkillList@@QAEHH@Z 100059b0 f   KSkillList.obj
 0001:00004a40       ?GetSkillSortList@KSkillList@@QAEHPAUKUiSkillData@@@Z 10005a40 f   KSkillList.obj
 0001:00004b50       ?GetLeftSkillSortList@KSkillList@@QAEHPAUKUiSkillData@@@Z 10005b50 f   KSkillList.obj
 0001:00004c90       ?GetRightSkillSortList@KSkillList@@QAEHPAUKUiSkillData@@@Z 10005c90 f   KSkillList.obj
 0001:00004dd0       ?GetSkillPosition@KSkillList@@QAEHH@Z 10005dd0 f   KSkillList.obj
 0001:00004ea0       ?GetNextCastTime@KSkillList@@QAEKH@Z 10005ea0 f   KSkillList.obj
 0001:00004ed0       ?GetMaxCastTime@KSkillList@@QAEKH@Z 10005ed0 f   KSkillList.obj
 0001:00004f00       ?GetSkillInfoList@KSkillList@@QAEHHPAUKUiSkillItem@@H@Z 10005f00 f   KSkillList.obj
 0001:000050d0       ?GetSkillState@KSkillList@@QAEHH@Z 100060d0 f   KSkillList.obj
 0001:00005260       ?GetSkillFight@KSkillList@@QAEHH@Z 10006260 f   KSkillList.obj
 0001:000053c0       ?FindSkillAura@KSkillList@@QAEHH@Z 100063c0 f   KSkillList.obj
 0001:000054f0       ?FindSkillRight@KSkillList@@QAEHH@Z 100064f0 f   KSkillList.obj
 0001:00005670       ?FindSkillLifeReplenish@KSkillList@@QAEHXZ 10006670 f   KSkillList.obj
 0001:00005740       ??0KSkillManager@@QAE@XZ   10006740 f   KSkillManager.obj
 0001:00005750       ??1KSkillManager@@QAE@XZ   10006750 f   KSkillManager.obj
 0001:00005790       ?Init@KSkillManager@@QAEHXZ 10006790 f   KSkillManager.obj
 0001:00005950       ?InstanceSkill@KSkillManager@@AAEPAVISkill@@KK@Z 10006950 f   KSkillManager.obj
 0001:00005ac0       ??4KSkill@@QAEAAV0@ABV0@@Z 10006ac0 f i KSkillManager.obj
 0001:00005fe0       ??0KSkill@@QAE@XZ          10006fe0 f   KSkills.obj
 0001:00006120       ??_EKSkill@@UAEPAXI@Z      10007120 f i KSkills.obj
 0001:00006120       ??_GKSkill@@UAEPAXI@Z      10007120 f i KSkills.obj
 0001:00006140       ??1KSkill@@UAE@XZ          10007140 f   KSkills.obj
 0001:00006150       ?CanCastSkill@KSkill@@UBEHHAAH0@Z 10007150 f   KSkills.obj
 0001:00006330       ?Cast@KSkill@@QBEHHHHHW4eSkillLauncherType@@H@Z 10007330 f   KSkills.obj
 0001:00006560       ??_H@YGXPAXIHP6EX0@Z@Z     10007560 f i KSkills.obj
 0001:00006590       ?Vanish@KSkill@@ABEXPAVKMissle@@@Z 10007590 f   KSkills.obj
 0001:000065a0       ?OnMissleEvent@KSkill@@QBEHGPAVKMissle@@@Z 100075a0 f   KSkills.obj
 0001:000067c0       ?FlyEvent@KSkill@@ABEXPAVKMissle@@@Z 100077c0 f   KSkills.obj
 0001:000067d0       ?Collidsion@KSkill@@ABEXPAVKMissle@@@Z 100077d0 f   KSkills.obj
 0001:000067e0       ?CastMissles@KSkill@@ABEHHHHHW4eSkillLauncherType@@@Z 100077e0 f   KSkills.obj
 0001:00008160       ?qsqrt@@YAMM@Z             10009160 f i KSkills.obj
 0001:00008190       ?g_GetDistance@@YAHHHHH@Z  10009190 f i KSkills.obj
 0001:00008200       ?IsTargetOnly@KSkill@@UBEHXZ 10009200 f i KSkills.obj
 0001:00008210       ?IsTargetSelf@KSkill@@UBEHXZ 10009210 f i KSkills.obj
 0001:00008220       ?IsTargetEnemy@KSkill@@UBEHXZ 10009220 f i KSkills.obj
 0001:00008230       ?IsTargetAlly@KSkill@@UBEHXZ 10009230 f i KSkills.obj
 0001:00008240       ?IsTargetObj@KSkill@@UBEHXZ 10009240 f i KSkills.obj
 0001:00008250       ?GetSkillName@KSkill@@UAEPBDXZ 10009250 f i KSkills.obj
 0001:00008260       ?GetSkillStyle@KSkill@@UAEHXZ 10009260 f i KSkills.obj
 0001:00008270       ?GetAttackRadius@KSkill@@UBEHXZ 10009270 f i KSkills.obj
 0001:00008280       ?GetSkillCost@KSkill@@UBEHPAX@Z 10009280 f i KSkills.obj
 0001:00008290       ?GetSkillCostType@KSkill@@UBE?AW4NPCATTRIB@@XZ 10009290 f i KSkills.obj
 0001:000082a0       ?GetSkillId@KSkill@@UAEHXZ 100092a0 f i KSkills.obj
 0001:000082b0       ?IsAura@KSkill@@UBEHXZ     100092b0 f i KSkills.obj
 0001:000082c0       ?IsPhysical@KSkill@@UBEHXZ 100092c0 f i KSkills.obj
 0001:000082d0       ?GetSkillAttrib@KSkill@@UBEFXZ 100092d0 f i KSkills.obj
 0001:000082e0       ?IsExpSkill@KSkill@@UBEHXZ 100092e0 f i KSkills.obj
 0001:000082f0       ?CastZone@KSkill@@ABEHPAUTOrdinSkillParam@@HHHHH@Z 100092f0 f   KSkills.obj
 0001:00008850       ?CastLine@KSkill@@ABEHPAUTOrdinSkillParam@@HHHHH@Z 10009850 f   KSkills.obj
 0001:00008c80       ?CastExtractiveLineMissle@KSkill@@ABEHPAUTOrdinSkillParam@@HHHHHHH@Z 10009c80 f   KSkills.obj
 0001:00009050       ?CastWall@KSkill@@ABEHPAUTOrdinSkillParam@@HHHHH@Z 1000a050 f   KSkills.obj
 0001:00009510       ?CastCircle@KSkill@@ABEHPAUTOrdinSkillParam@@HHH@Z 1000a510 f   KSkills.obj
 0001:00009860       ?CastSpread@KSkill@@ABEHPAUTOrdinSkillParam@@HHH@Z 1000a860 f   KSkills.obj
 0001:00009d80       ?GetChildSkillNum@KSkill@@QBEHH@Z 1000ad80 f   KSkills.obj
 0001:00009d90       ?CreateMissle@KSkill@@ABEXHHH@Z 1000ad90 f   KSkills.obj
 0001:00009fc0       ?GetInfoFromTabFile@KSkill@@QAEHH@Z 1000afc0 f   KSkills.obj
 0001:00009fe0       ?GetInfoFromTabFile@KSkill@@QAEHPAVKITabFile@@H@Z 1000afe0 f   KSkills.obj
 0001:0000a6b0       ?LoadSkillLevelData@KSkill@@UAEXKH@Z 1000b6b0 f   KSkills.obj
 0001:0000a9f0       ?GetMissleGenerateTime@KSkill@@QBEIH@Z 1000b9f0 f   KSkills.obj
 0001:0000ab10       ?GetSkillIdFromName@KSkill@@SAHPAD@Z 1000bb10 f   KSkills.obj
 0001:0000abb0       ?CastInitiativeSkill@KSkill@@ABEHHHHH@Z 1000bbb0 f   KSkills.obj
 0001:0000abc0       ?CastPassivitySkill@KSkill@@ABEHHHHHH@Z 1000bbc0 f   KSkills.obj
 0001:0000abd0       ?ParseString2MagicAttrib@KSkill@@AAEHKPAD0@Z 1000bbd0 f   KSkills.obj
 0001:0000b3b0       ?DrawSkillIcon@KSkill@@UAEXHHHHH@Z 1000c3b0 f   KSkills.obj
 0001:0000b610       ?GetDesc@KSkill@@SAXKKPADH_N@Z 1000c610 f   KSkills.obj
 0001:0000c670       ?GetDescAboutLevel@KSkill@@QAEXPADHH@Z 1000d670 f   KSkills.obj
 0001:0000cc20       ?GetDescAboutEventSkillLevel@KSkill@@QAEXPADH@Z 1000dc20 f   KSkills.obj
 0001:0000ce30       ?PlayPreCastSound@KSkill@@QBEXHHH@Z 1000de30 f   KSkills.obj
 0001:0000cf20       ??0KSkillSpecial@@QAE@XZ   1000df20 f   KSkillSpecial.obj
 0001:0000cf60       ?Init@KSkillSpecial@@QAEHXZ 1000df60 f   KSkillSpecial.obj
 0001:0000cf80       ?Draw@KSkillSpecial@@QAEXH@Z 1000df80 f   KSkillSpecial.obj
 0001:0000d100       ?SetAnimation@KSkillSpecial@@QAEXPADI@Z 1000e100 f   KSkillSpecial.obj
 0001:0000d150       ?Remove@KSkillSpecial@@QAEXXZ 1000e150 f   KSkillSpecial.obj
 0001:0000d160       ??0KList@@QAE@XZ           1000e160 f i KSkillSpecial.obj
 0001:0000d190       ?Init@KFaction@@QAEHXZ     1000e190 f   KFaction.obj
 0001:0000d640       ?GetID@KFaction@@QAEHHH@Z  1000e640 f   KFaction.obj
 0001:0000d670       ?GetID@KFaction@@QAEHHPAD@Z 1000e670 f   KFaction.obj
 0001:0000d700       ?GetCamp@KFaction@@QAEHH@Z 1000e700 f   KFaction.obj
 0001:0000d780       ??1KNpc@@QAE@XZ            1000e780 f i KNpc.obj
 0001:0000d810       ??0KNpc@@QAE@XZ            1000e810 f   KNpc.obj
 0001:0000dac0       ??1KNode@@UAE@XZ           1000eac0 f i KNpc.obj
 0001:0000dad0       ??0KNode@@QAE@XZ           1000ead0 f i KNpc.obj
 0001:0000daf0       ??0KMagicAttrib@@QAE@XZ    1000eaf0 f i KNpc.obj
 0001:0000db10       ?Init@KNpc@@QAEXXZ         1000eb10 f   KNpc.obj
 0001:0000dfb0       ?GetActiveSkill@KNpc@@QAEPAVISkill@@XZ 1000efb0 f   KNpc.obj
 0001:0000e040       ?SetCurrentCamp@KNpc@@QAEXH@Z 1000f040 f   KNpc.obj
 0001:0000e050       ?SetCamp@KNpc@@QAEXH@Z     1000f050 f   KNpc.obj
 0001:0000e060       ?RestoreCurrentCamp@KNpc@@QAEXXZ 1000f060 f   KNpc.obj
 0001:0000e070       ?Activate@KNpc@@QAEXXZ     1000f070 f   KNpc.obj
 0001:0000e3c0       ?AutoFixXY@KNpc@@AAEXXZ    1000f3c0 f   KNpc.obj
 0001:0000e5a0       ?ProcStatus@KNpc@@QAEXXZ   1000f5a0 f   KNpc.obj
 0001:0000e680       ?ProcCommand@KNpc@@QAEXH@Z 1000f680 f   KNpc.obj
 0001:0000e8d0       ?ProcessState@KNpc@@QAEHXZ 1000f8d0 f   KNpc.obj
 0001:0000ed80       ?DoDeath@KNpc@@AAEXHH@Z    1000fd80 f   KNpc.obj
 0001:0000ee50       ?OnDeath@KNpc@@AAEXXZ      1000fe50 f   KNpc.obj
 0001:0000efb0       ?DoDefense@KNpc@@AAEXXZ    1000ffb0 f   KNpc.obj
 0001:0000efc0       ?OnDefense@KNpc@@AAEXXZ    1000ffc0 f   KNpc.obj
 0001:0000efd0       ?DoIdle@KNpc@@AAEXXZ       1000ffd0 f   KNpc.obj
 0001:0000eff0       ?OnIdle@KNpc@@AAEXXZ       1000fff0 f   KNpc.obj
 0001:0000f000       ?DoHurt@KNpc@@AAEXHHH@Z    10010000 f   KNpc.obj
 0001:0000f0f0       ?OnHurt@KNpc@@AAEXXZ       100100f0 f   KNpc.obj
 0001:0000f340       ?DoSpecial1@KNpc@@AAEXXZ   10010340 f   KNpc.obj
 0001:0000f350       ?OnSpecial1@KNpc@@AAEXXZ   10010350 f   KNpc.obj
 0001:0000f430       ?DoSpecial2@KNpc@@AAEXXZ   10010430 f   KNpc.obj
 0001:0000f440       ?OnSpecial2@KNpc@@AAEXXZ   10010440 f   KNpc.obj
 0001:0000f4e0       ?DoSpecial3@KNpc@@AAEXXZ   100104e0 f   KNpc.obj
 0001:0000f4f0       ?OnSpecial3@KNpc@@AAEXXZ   100104f0 f   KNpc.obj
 0001:0000f500       ?DoSpecial4@KNpc@@AAEXXZ   10010500 f   KNpc.obj
 0001:0000f510       ?OnSpecial4@KNpc@@AAEXXZ   10010510 f   KNpc.obj
 0001:0000f520       ?DoGlide@KNpc@@AAEHF@Z     10010520 f   KNpc.obj
 0001:0000fa10       ?OnGlide@KNpc@@AAEXXZ      10010a10 f   KNpc.obj
 0001:0000fa20       ?GlideTo@KNpc@@AAEXHHF@Z   10010a20 f   KNpc.obj
 0001:0000fa60       ?DoStand@KNpc@@AAEXXZ      10010a60 f   KNpc.obj
 0001:0000fb10       ?OnStand@KNpc@@AAEXXZ      10010b10 f   KNpc.obj
 0001:0000fb60       ?DoRevive@KNpc@@AAEXXZ     10010b60 f   KNpc.obj
 0001:0000fbe0       ?OnRevive@KNpc@@AAEXXZ     10010be0 f   KNpc.obj
 0001:0000fbf0       ?DoRun@KNpc@@AAEXXZ        10010bf0 f   KNpc.obj
 0001:0000fcd0       ?OnRun@KNpc@@AAEXH@Z       10010cd0 f   KNpc.obj
 0001:0000fd70       ?DoSit@KNpc@@AAEXXZ        10010d70 f   KNpc.obj
 0001:0000fdb0       ?OnSit@KNpc@@AAEXXZ        10010db0 f   KNpc.obj
 0001:0000fdd0       ?DoSkill@KNpc@@AAEXHH@Z    10010dd0 f   KNpc.obj
 0001:0000ff00       ?UnDoSkill@KNpc@@AAEXXZ    10010f00 f   KNpc.obj
 0001:0000ff40       ?DoOrdinSkill@KNpc@@AAEHPAVKSkill@@HH@Z 10010f40 f   KNpc.obj
 0001:00010300       ?DoAttack@KNpc@@AAEXXZ     10011300 f   KNpc.obj
 0001:00010370       ?CastMeleeSkill@KNpc@@AAEHPAVKSkill@@@Z 10011370 f   KNpc.obj
 0001:000105c0       ?DoBlurAttack@KNpc@@AAEHXZ 100115c0 f   KNpc.obj
 0001:00010640       ?DoMagic@KNpc@@AAEXXZ      10011640 f   KNpc.obj
 0001:000106a0       ?OnSkill@KNpc@@AAEXXZ      100116a0 f   KNpc.obj
 0001:000107d0       ?JumpTo@KNpc@@AAEXHH@Z     100117d0 f   KNpc.obj
 0001:00010820       ?RunTo@KNpc@@AAEXHH@Z      10011820 f   KNpc.obj
 0001:00010860       ?Goto@KNpc@@AAEXHH@Z       10011860 f   KNpc.obj
 0001:000108a0       ?DoWalk@KNpc@@AAEXXZ       100118a0 f   KNpc.obj
 0001:00010940       ?DoPlayerTalk@KNpc@@QAEXPAD@Z 10011940 f   KNpc.obj
 0001:00010950       ?OnPlayerTalk@KNpc@@AAEXXZ 10011950 f   KNpc.obj
 0001:00010960       ?OnWalk@KNpc@@AAEXXZ       10011960 f   KNpc.obj
 0001:00010980       ?GetSkillLevel@KNpc@@QAEHH@Z 10011980 f   KNpc.obj
 0001:000109b0       ?ModifyAttrib@KNpc@@QAEXHPAX@Z 100119b0 f   KNpc.obj
 0001:000109d0       ?SetImmediatelySkillEffect@KNpc@@QAEXHPAXH@Z 100119d0 f   KNpc.obj
 0001:00010a10       ?AppendSkillEffect@KNpc@@QAEXKHHPAX0@Z 10011a10 f   KNpc.obj
 0001:00011310       ?ProcMove@KNpc@@AAEXH@Z    10012310 f   KNpc.obj
 0001:00011820       ?ProcJump@KNpc@@AAEXH@Z    10012820 f   KNpc.obj
 0001:00011b10       ?SendCommand@KNpc@@QAEXW4NPCCMD@@HHH@Z 10012b10 f   KNpc.obj
 0001:00011bd0       ?SendCommandRandMove@KNpc@@QAEXHHH@Z 10012bd0 f   KNpc.obj
 0001:00011c70       ?NewPath@KNpc@@AAEHHH@Z    10012c70 f   KNpc.obj
 0001:00011c90       ?NewJump@KNpc@@AAEHHH@Z    10012c90 f   KNpc.obj
 0001:00012020       ?NewGlide@KNpc@@AAEHHHH@Z  10013020 f   KNpc.obj
 0001:000123b0       ?SelfDamage@KNpc@@QAEXH@Z  100133b0 f   KNpc.obj
 0001:000123e0       ?Cost@KNpc@@QAEHW4NPCATTRIB@@HH@Z 100133e0 f   KNpc.obj
 0001:000124f0       ?DoJump@KNpc@@AAEXXZ       100134f0 f   KNpc.obj
 0001:00012560       ?OnJump@KNpc@@AAEHXZ       10013560 f   KNpc.obj
 0001:000125b0       ?WaitForFrame@KNpc@@AAEHXZ 100135b0 f   KNpc.obj
 0001:000125e0       ?IsReachFrame@KNpc@@AAEHH@Z 100135e0 f   KNpc.obj
 0001:00012610       ?Load@KNpc@@QAEXHHH@Z      10013610 f   KNpc.obj
 0001:00012920       ?GetMpsPos@KNpc@@QAEXPAH0@Z 10013920 f   KNpc.obj
 0001:00012970       ?SetActiveSkill@KNpc@@QAEHH@Z 10013970 f   KNpc.obj
 0001:00012a30       ?SetAuraSkill@KNpc@@QAEXH@Z 10013a30 f   KNpc.obj
 0001:00012b00       ?SetPlayerIdx@KNpc@@QAEHH@Z 10013b00 f   KNpc.obj
 0001:00012b30       ?SetPos@KNpc@@QAE_NHH@Z    10013b30 f   KNpc.obj
 0001:00012ca0       ?MoveNpc@KNpc@@QAEXHHHHH_N@Z 10013ca0 f   KNpc.obj
 0001:00012e60       ?PaintInfo@KNpc@@QAEHH_NHK@Z 10013e60 f   KNpc.obj
 0001:00013310       ?PaintMantle@KNpc@@QAEHHHHH@Z 10014310 f   KNpc.obj
 0001:00013420       ?PaintNpcAuto@KNpc@@QAEXH_NHK@Z 10014420 f   KNpc.obj
 0001:000135c0       ?PaintSeriesNpc@KNpc@@QAEXHH@Z 100145c0 f   KNpc.obj
 0001:000136b0       ?PaintHorseState@KNpc@@QAEXHH@Z 100146b0 f   KNpc.obj
 0001:00013810       ?PaintRankInfo@KNpc@@QAEXHHK@Z 10014810 f   KNpc.obj
 0001:00013b00       ?PaintTransLifeInfo@KNpc@@QAEXHH@Z 10014b00 f   KNpc.obj
 0001:00013cb0       ?PaintShopInfo@KNpc@@QAEXHH@Z 10014cb0 f   KNpc.obj
 0001:00013fa0       ?PaintChat@KNpc@@QAEHH@Z   10014fa0 f   KNpc.obj
 0001:00014110       ?SetChatInfo@KNpc@@QAEHPBD0G@Z 10015110 f   KNpc.obj
 0001:000142f0       ?SetWarning@KNpc@@QAEHH@Z  100152f0 f   KNpc.obj
 0001:00014300       ?PaintWarning@KNpc@@QAEHH_N@Z 10015300 f   KNpc.obj
 0001:00014470       ?PaintLife@KNpc@@QAEHH_N@Z 10015470 f   KNpc.obj
 0001:00014680       ?PaintMana@KNpc@@QAEHH@Z   10015680 f   KNpc.obj
 0001:000147e0       ?Paint@KNpc@@QAEXXZ        100157e0 f   KNpc.obj
 0001:000149a0       ?AddBaseLifeMax@KNpc@@QAEXH@Z 100159a0 f   KNpc.obj
 0001:000149c0       ?AddCurLifeMax@KNpc@@QAEXH@Z 100159c0 f   KNpc.obj
 0001:000149e0       ?AddBaseStaminaMax@KNpc@@QAEXH@Z 100159e0 f   KNpc.obj
 0001:00014a00       ?AddCurStaminaMax@KNpc@@QAEXH@Z 10015a00 f   KNpc.obj
 0001:00014a20       ?AddBaseManaMax@KNpc@@QAEXH@Z 10015a20 f   KNpc.obj
 0001:00014a40       ?AddCurManaMax@KNpc@@QAEXH@Z 10015a40 f   KNpc.obj
 0001:00014a60       ?CalcCurLifeReplenish@KNpc@@QAEXXZ 10015a60 f   KNpc.obj
 0001:00014a70       ?Remove@KNpc@@QAEXXZ       10015a70 f   KNpc.obj
 0001:00014a90       ?RemoveRes@KNpc@@QAEXXZ    10015a90 f   KNpc.obj
 0001:00014aa0       ?SetSeries@KNpc@@QAEXH@Z   10015aa0 f   KNpc.obj
 0001:00014ac0       ?SetStateSkillEffect@KNpc@@QAEXHHHPAXHHH@Z 10015ac0 f   KNpc.obj
 0001:00014d80       ??_EKStateNode@@UAEPAXI@Z  10015d80 f i KNpc.obj
 0001:00014d80       ??_GKStateNode@@UAEPAXI@Z  10015d80 f i KNpc.obj
 0001:00014da0       ??1KStateNode@@UAE@XZ      10015da0 f i KNpc.obj
 0001:00014db0       ?ModifyMissleCollsion@KNpc@@QAEHH@Z 10015db0 f   KNpc.obj
 0001:00014de0       ?ModifyMissleLifeTime@KNpc@@QAEHH@Z 10015de0 f   KNpc.obj
 0001:00014df0       ?ModifyMissleSpeed@KNpc@@QAEHH@Z 10015df0 f   KNpc.obj
 0001:00014e10       ?DoManyAttack@KNpc@@AAEHXZ 10015e10 f   KNpc.obj
 0001:00014f60       ?OnManyAttack@KNpc@@AAEXXZ 10015f60 f   KNpc.obj
 0001:00015010       ?DoRunAttack@KNpc@@AAEHXZ  10016010 f   KNpc.obj
 0001:00015330       ?OnRunAttack@KNpc@@AAEXXZ  10016330 f   KNpc.obj
 0001:00015520       ?DoJumpAttack@KNpc@@AAEHXZ 10016520 f   KNpc.obj
 0001:000157a0       ?OnJumpAttack@KNpc@@AAEHXZ 100167a0 f   KNpc.obj
 0001:000158f0       ?CheckHitTarget@KNpc@@AAEHHHH@Z 100168f0 f   KNpc.obj
 0001:00015960       ?AddStateInfo@KNpc@@AAEXH@Z 10016960 f   KNpc.obj
 0001:000159b0       ?AddStateSkillList@KNpc@@AAEXPAVKStateNode@@@Z 100169b0 f   KNpc.obj
 0001:00015a10       ?AddStateSkillListClient@KNpc@@AAEXPAVKStateNode@@@Z 10016a10 f   KNpc.obj
 0001:00015a80       ?RemoveStateSkillList@KNpc@@AAEXPAE@Z 10016a80 f   KNpc.obj
 0001:00015b20       ?GetNpcCopyFromTemplate@KNpc@@QAEXHHH@Z 10016b20 f   KNpc.obj
 0001:00015d40       ?LoadDataFromTemplate@KNpc@@QAEXHHH@Z 10016d40 f   KNpc.obj
 0001:00015ed0       ?SetPhysicsDamage@KNpc@@QAEXHH@Z 10016ed0 f   KNpc.obj
 0001:00015ef0       ?SetBaseAttackRating@KNpc@@QAEXH@Z 10016ef0 f   KNpc.obj
 0001:00015f10       ?SetBaseDefence@KNpc@@QAEXH@Z 10016f10 f   KNpc.obj
 0001:00015f30       ?SetMenuState@KNpc@@QAEXHPADH@Z 10016f30 f   KNpc.obj
 0001:00015f50       ?GetMenuState@KNpc@@QAEHXZ 10016f50 f   KNpc.obj
 0001:00015f60       ?SearchAroundID@KNpc@@QAEKK@Z 10016f60 f   KNpc.obj
 0001:00015fe0       ?SetSpecialSpr@KNpc@@QAEXPAD@Z 10016fe0 f   KNpc.obj
 0001:00016000       ?SetInstantSpr@KNpc@@QAEXH@Z 10017000 f   KNpc.obj
 0001:00016040       ?GetNormalNpcStandDir@KNpc@@QAEHH@Z 10017040 f   KNpc.obj
 0001:00016060       ?SetNpcState@KNpc@@QAEXPAE@Z 10017060 f   KNpc.obj
 0001:000160f0       ?ClearNpcState@KNpc@@QAEXXZ 100170f0 f   KNpc.obj
 0001:00016150       ?RestoreNpcBaseInfo@KNpc@@QAEXXZ 10017150 f   KNpc.obj
 0001:00016590       ?DrawBorder@KNpc@@QAEXXZ   10017590 f   KNpc.obj
 0001:000165b0       ?DrawMenuState@KNpc@@QAEHH@Z 100175b0 f   KNpc.obj
 0001:000165d0       ?IsPlayer@KNpc@@QAEHXZ     100175d0 f   KNpc.obj
 0001:000165f0       ?IsAlive@KNpc@@QAEHXZ      100175f0 f   KNpc.obj
 0001:00016610       ?ClearStateSkillEffect@KNpc@@QAEXXZ 10017610 f   KNpc.obj
 0001:000166d0       ?ClearNormalState@KNpc@@QAEXXZ 100176d0 f   KNpc.obj
 0001:000167a0       ?CheckTrap@KNpc@@QAEXXZ    100177a0 f   KNpc.obj
 0001:00016830       ?SetFightMode@KNpc@@QAEXH@Z 10017830 f   KNpc.obj
 0001:00016850       ?TurnTo@KNpc@@QAEXH@Z      10017850 f   KNpc.obj
 0001:000169c0       ?ReCalcStateEffect@KNpc@@QAEXXZ 100179c0 f   KNpc.obj
 0001:00016a50       ?GetCurActiveWeaponSkill@KNpc@@QAEHXZ 10017a50 f   KNpc.obj
 0001:00016b00       ?HurtAutoMove@KNpc@@AAEXXZ 10017b00 f   KNpc.obj
 0001:00016ea0       ?ProcNetCommand@KNpc@@QAEXW4NPCCMD@@HHH@Z 10017ea0 f   KNpc.obj
 0001:00016f60       ?ClearBlood@KNpc@@QAEXH@Z  10017f60 f   KNpc.obj
 0001:00016f90       ?SetBlood@KNpc@@QAEXH@Z    10017f90 f   KNpc.obj
 0001:00016ff0       ?PaintBlood@KNpc@@QAEHH@Z  10017ff0 f   KNpc.obj
 0001:00017100       ?EditPos@KNpc@@QAEX_N@Z    10018100 f   KNpc.obj
 0001:00017130       ?SendClientPos2Server@KNpc@@QAEXXZ 10018130 f   KNpc.obj
 0001:000171d0       ?GetNpcPate@KNpc@@QAEHXZ   100181d0 f   KNpc.obj
 0001:00017260       ?GetNpcPatePeopleInfo@KNpc@@QAEHXZ 10018260 f   KNpc.obj
 0001:000172f0       ?FindStateSkill@KNpc@@QAEHH@Z 100182f0 f   KNpc.obj
 0001:00017330       ?GetFrameCopyFromTemplate@KNpc@@QAEXHHH@Z 10018330 f   KNpc.obj
 0001:00017530       ?LoadFrameFromTemplate@KNpc@@QAEXHHH@Z 10018530 f   KNpc.obj
 0001:000175c0       ?ReSetRes@KNpc@@QAEXH@Z    100185c0 f   KNpc.obj
 0001:00017790       ?AutoDoSkill@KNpc@@QAEXHHHH@Z 10018790 f   KNpc.obj
 0001:00017d30       ?RandMove@KNpc@@QAEXHHH@Z  10018d30 f   KNpc.obj
 0001:00017d90       ?ExecuteStand@KNpc@@QAEXXZ 10018d90 f   KNpc.obj
 0001:00017db0       ?SetTitleEffect@KNpc@@QAEXH@Z 10018db0 f   KNpc.obj
 0001:00017ea0       ?ClientGotoPos@KNpc@@QAEXHHH@Z 10018ea0 f   KNpc.obj
 0001:00017f80       ?ExecuteScript@KNpc@@QAEHPAD0H@Z 10018f80 f   KNpc.obj
 0001:00017fc0       ?ExecuteScript@KNpc@@QAEHKPADH@Z 10018fc0 f   KNpc.obj
 0001:00018130       ?ExecuteScript@KNpc@@QAEHKPAD0@Z 10019130 f   KNpc.obj
 0001:000182c0       ?ExecuteScript@KNpc@@QAEHPAD00@Z 100192c0 f   KNpc.obj
 0001:00018310       ?ExecuteScript2@KNpc@@QAEHKPAD00@Z 10019310 f   KNpc.obj
 0001:000184c0       ?ExecuteScript2@KNpc@@QAEHKPADHH@Z 100194c0 f   KNpc.obj
 0001:00018630       ?ExecuteScript2@KNpc@@QAEHPAD0HH@Z 10019630 f   KNpc.obj
 0001:00018680       ?ExecuteScript2@KNpc@@QAEHPAD000@Z 10019680 f   KNpc.obj
 0001:000186d0       ??0?$vector@UFindPathNode@@V?$allocator@UFindPathNode@@@std@@@std@@QAE@ABV?$allocator@UFindPathNode@@@1@@Z 100196d0 f i KNpc.obj
 0001:000186f0       ??1?$vector@UFindPathNode@@V?$allocator@UFindPathNode@@@std@@@std@@QAE@XZ 100196f0 f i KNpc.obj
 0001:00018740       ??0KNpcAI@@QAE@XZ          10019740 f   KNpcAI.obj
 0001:00018750       ?Activate@KNpcAI@@QAEXH@Z  10019750 f   KNpcAI.obj
 0001:00018850       ?ProcessShowNpc@KNpcAI@@AAEHXZ 10019850 f   KNpcAI.obj
 0001:00018910       ?ShowNpcType11@KNpcAI@@AAEHXZ 10019910 f   KNpcAI.obj
 0001:00018a70       ?ShowNpcType12@KNpcAI@@AAEHXZ 10019a70 f   KNpcAI.obj
 0001:00018be0       ?ShowNpcType13@KNpcAI@@AAEHXZ 10019be0 f   KNpcAI.obj
 0001:00018d20       ?ShowNpcType14@KNpcAI@@AAEHXZ 10019d20 f   KNpcAI.obj
 0001:00018ea0       ?ShowNpcType15@KNpcAI@@AAEHXZ 10019ea0 f   KNpcAI.obj
 0001:00018fe0       ?ShowNpcType16@KNpcAI@@AAEHXZ 10019fe0 f   KNpcAI.obj
 0001:00019150       ?ShowNpcType17@KNpcAI@@AAEHXZ 1001a150 f   KNpcAI.obj
 0001:000192e0       ?ProcessPlayer@KNpcAI@@AAEXXZ 1001a2e0 f   KNpcAI.obj
 0001:00019340       ?FollowObject@KNpcAI@@AAEXH@Z 1001a340 f   KNpcAI.obj
 0001:000193d0       ?FollowPeople@KNpcAI@@AAEXH@Z 1001a3d0 f   KNpcAI.obj
 0001:00019850       ?TriggerMapTrap@KNpcAI@@AAEXXZ 1001a850 f   KNpcAI.obj
 0001:00019880       ?TriggerObjectTrap@KNpcAI@@AAEXXZ 1001a880 f   KNpcAI.obj
 0001:00019890       ?GetNearestNpc@KNpcAI@@AAEHH@Z 1001a890 f   KNpcAI.obj
 0001:00019d80       ?IsPlayerCome@KNpcAI@@AAEHXZ 1001ad80 f   KNpcAI.obj
 0001:00019df0       ?GetNpcNumber@KNpcAI@@AAEHH@Z 1001adf0 f   KNpcAI.obj
 0001:00019fe0       ?KeepAttackRange@KNpcAI@@AAEXHH@Z 1001afe0 f   KNpcAI.obj
 0001:0001a190       ?FollowAttack@KNpcAI@@AAEXH@Z 1001b190 f   KNpcAI.obj
 0001:0001a2a0       ?InEyeshot@KNpcAI@@AAEHH@Z 1001b2a0 f   KNpcAI.obj
 0001:0001a2e0       ?CommonAction@KNpcAI@@AAEXXZ 1001b2e0 f   KNpcAI.obj
 0001:0001a3e0       ?KeepActiveRange@KNpcAI@@AAEHXZ 1001b3e0 f   KNpcAI.obj
 0001:0001a510       ?DoShowFlee@KNpcAI@@AAEHH@Z 1001b510 f   KNpcAI.obj
 0001:0001a660       ?Flee@KNpcAI@@AAEXH@Z      1001b660 f   KNpcAI.obj
 0001:0001a710       ?GetRandomNumber@@YAHHH@Z  1001b710 f i KNpcAI.obj
 0001:0001a730       ?ProcessAIType01@KNpcAI@@AAEXXZ 1001b730 f   KNpcAI.obj
 0001:0001a940       ?ProcessAIType02@KNpcAI@@AAEXXZ 1001b940 f   KNpcAI.obj
 0001:0001ac40       ?ProcessAIType03@KNpcAI@@AAEXXZ 1001bc40 f   KNpcAI.obj
 0001:0001aec0       ?ProcessAIType04@KNpcAI@@AAEXXZ 1001bec0 f   KNpcAI.obj
 0001:0001b0a0       ?ProcessAIType05@KNpcAI@@AAEXXZ 1001c0a0 f   KNpcAI.obj
 0001:0001b340       ?ProcessAIType06@KNpcAI@@AAEXXZ 1001c340 f   KNpcAI.obj
 0001:0001b560       ?ProcessAIType07@KNpcAI@@AAEXXZ 1001c560 f   KNpcAI.obj
 0001:0001b6c0       ?ProcessAIType08@KNpcAI@@AAEXXZ 1001c6c0 f   KNpcAI.obj
 0001:0001b840       ??0KNpcAttribModify@@QAE@XZ 1001c840 f   KNpcAttribModify.obj
 0001:0001bd00       ??1KNpcAttribModify@@QAE@XZ 1001cd00 f   KNpcAttribModify.obj
 0001:0001bd10       ?ModifyAttrib@KNpcAttribModify@@QAEXPAVKNpc@@PAX@Z 1001cd10 f   KNpcAttribModify.obj
 0001:0001bd40       ?AddColdDamageV@KNpcAttribModify@@AAEXPAVKNpc@@PAX@Z 1001cd40 f   KNpcAttribModify.obj
 0001:0001bdd0       ?AddFireDamageV@KNpcAttribModify@@AAEXPAVKNpc@@PAX@Z 1001cdd0 f   KNpcAttribModify.obj
 0001:0001be00       ?AddLightingDamageV@KNpcAttribModify@@AAEXPAVKNpc@@PAX@Z 1001ce00 f   KNpcAttribModify.obj
 0001:0001be30       ?AddPhysicsDamageP@KNpcAttribModify@@AAEXPAVKNpc@@PAX@Z 1001ce30 f   KNpcAttribModify.obj
 0001:0001bef0       ?AddPoisonDamageV@KNpcAttribModify@@AAEXPAVKNpc@@PAX@Z 1001cef0 f   KNpcAttribModify.obj
 0001:0001bf40       ?AddPhysicsDamageV@KNpcAttribModify@@AAEXPAVKNpc@@PAX@Z 1001cf40 f   KNpcAttribModify.obj
 0001:0001bf60       ?AllresP@KNpcAttribModify@@AAEXPAVKNpc@@PAX@Z 1001cf60 f   KNpcAttribModify.obj
 0001:0001bfb0       ?AllSkillV@KNpcAttribModify@@AAEXPAVKNpc@@PAX@Z 1001cfb0 f   KNpcAttribModify.obj
 0001:0001c010       ?AttackRatingP@KNpcAttribModify@@AAEXPAVKNpc@@PAX@Z 1001d010 f   KNpcAttribModify.obj
 0001:0001c040       ?AttackRatingV@KNpcAttribModify@@AAEXPAVKNpc@@PAX@Z 1001d040 f   KNpcAttribModify.obj
 0001:0001c060       ?AttackSpeedV@KNpcAttribModify@@AAEXPAVKNpc@@PAX@Z 1001d060 f   KNpcAttribModify.obj
 0001:0001c080       ?BadStatusTimeReduceV@KNpcAttribModify@@AAEXPAVKNpc@@PAX@Z 1001d080 f   KNpcAttribModify.obj
 0001:0001c090       ?BurnTimeReduceP@KNpcAttribModify@@AAEXPAVKNpc@@PAX@Z 1001d090 f   KNpcAttribModify.obj
 0001:0001c0a0       ?CastSpeedV@KNpcAttribModify@@AAEXPAVKNpc@@PAX@Z 1001d0a0 f   KNpcAttribModify.obj
 0001:0001c0c0       ?ChangeCampV@KNpcAttribModify@@AAEXPAVKNpc@@PAX@Z 1001d0c0 f   KNpcAttribModify.obj
 0001:0001c100       ?ColdArmorV@KNpcAttribModify@@AAEXPAVKNpc@@PAX@Z 1001d100 f   KNpcAttribModify.obj
 0001:0001c110       ?ColdresP@KNpcAttribModify@@AAEXPAVKNpc@@PAX@Z 1001d110 f   KNpcAttribModify.obj
 0001:0001c130       ?DeadlyStrikeP@KNpcAttribModify@@AAEXPAVKNpc@@PAX@Z 1001d130 f   KNpcAttribModify.obj
 0001:0001c150       ?DexterityV@KNpcAttribModify@@AAEXPAVKNpc@@PAX@Z 1001d150 f   KNpcAttribModify.obj
 0001:0001c180       ?EarthSkillV@KNpcAttribModify@@AAEXPAVKNpc@@PAX@Z 1001d180 f   KNpcAttribModify.obj
 0001:0001c190       ?EnergyV@KNpcAttribModify@@AAEXPAVKNpc@@PAX@Z 1001d190 f   KNpcAttribModify.obj
 0001:0001c1c0       ?FastHitRecoverV@KNpcAttribModify@@AAEXPAVKNpc@@PAX@Z 1001d1c0 f   KNpcAttribModify.obj
 0001:0001c1e0       ?FastWalkRunP@KNpcAttribModify@@AAEXPAVKNpc@@PAX@Z 1001d1e0 f   KNpcAttribModify.obj
 0001:0001c250       ?FireArmorV@KNpcAttribModify@@AAEXPAVKNpc@@PAX@Z 1001d250 f   KNpcAttribModify.obj
 0001:0001c260       ?FireSkillV@KNpcAttribModify@@AAEXPAVKNpc@@PAX@Z 1001d260 f   KNpcAttribModify.obj
 0001:0001c270       ?FreezeTimeReduceP@KNpcAttribModify@@AAEXPAVKNpc@@PAX@Z 1001d270 f   KNpcAttribModify.obj
 0001:0001c290       ?KnockBackP@KNpcAttribModify@@AAEXPAVKNpc@@PAX@Z 1001d290 f   KNpcAttribModify.obj
 0001:0001c2b0       ?LifeMaxP@KNpcAttribModify@@AAEXPAVKNpc@@PAX@Z 1001d2b0 f   KNpcAttribModify.obj
 0001:0001c300       ?LifeMaxV@KNpcAttribModify@@AAEXPAVKNpc@@PAX@Z 1001d300 f   KNpcAttribModify.obj
 0001:0001c320       ?LifeReplenishV@KNpcAttribModify@@AAEXPAVKNpc@@PAX@Z 1001d320 f   KNpcAttribModify.obj
 0001:0001c340       ?LifeV@KNpcAttribModify@@AAEXPAVKNpc@@PAX@Z 1001d340 f   KNpcAttribModify.obj
 0001:0001c360       ?LightingArmorV@KNpcAttribModify@@AAEXPAVKNpc@@PAX@Z 1001d360 f   KNpcAttribModify.obj
 0001:0001c370       ?LightingresP@KNpcAttribModify@@AAEXPAVKNpc@@PAX@Z 1001d370 f   KNpcAttribModify.obj
 0001:0001c390       ?LuckyV@KNpcAttribModify@@AAEXPAVKNpc@@PAX@Z 1001d390 f   KNpcAttribModify.obj
 0001:0001c3d0       ?ManaMaxP@KNpcAttribModify@@AAEXPAVKNpc@@PAX@Z 1001d3d0 f   KNpcAttribModify.obj
 0001:0001c410       ?ManaMaxV@KNpcAttribModify@@AAEXPAVKNpc@@PAX@Z 1001d410 f   KNpcAttribModify.obj
 0001:0001c430       ?ManaReplenishV@KNpcAttribModify@@AAEXPAVKNpc@@PAX@Z 1001d430 f   KNpcAttribModify.obj
 0001:0001c450       ?ManaV@KNpcAttribModify@@AAEXPAVKNpc@@PAX@Z 1001d450 f   KNpcAttribModify.obj
 0001:0001c470       ?ManaShieldP@KNpcAttribModify@@AAEXPAVKNpc@@PAX@Z 1001d470 f   KNpcAttribModify.obj
 0001:0001c490       ?MeleeDamageReturnP@KNpcAttribModify@@AAEXPAVKNpc@@PAX@Z 1001d490 f   KNpcAttribModify.obj
 0001:0001c4b0       ?MeleeDamageReturnV@KNpcAttribModify@@AAEXPAVKNpc@@PAX@Z 1001d4b0 f   KNpcAttribModify.obj
 0001:0001c4d0       ?MetalSkillV@KNpcAttribModify@@AAEXPAVKNpc@@PAX@Z 1001d4d0 f   KNpcAttribModify.obj
 0001:0001c4e0       ?PhysicsArmorV@KNpcAttribModify@@AAEXPAVKNpc@@PAX@Z 1001d4e0 f   KNpcAttribModify.obj
 0001:0001c4f0       ?PhysicsresP@KNpcAttribModify@@AAEXPAVKNpc@@PAX@Z 1001d4f0 f   KNpcAttribModify.obj
 0001:0001c510       ?Damage2ManaP@KNpcAttribModify@@AAEXPAVKNpc@@PAX@Z 1001d510 f   KNpcAttribModify.obj
 0001:0001c530       ?PoisonArmorV@KNpcAttribModify@@AAEXPAVKNpc@@PAX@Z 1001d530 f   KNpcAttribModify.obj
 0001:0001c540       ?PoisonDamageReduceV@KNpcAttribModify@@AAEXPAVKNpc@@PAX@Z 1001d540 f   KNpcAttribModify.obj
 0001:0001c570       ?PoisonresP@KNpcAttribModify@@AAEXPAVKNpc@@PAX@Z 1001d570 f   KNpcAttribModify.obj
 0001:0001c590       ?PoisonTimeReduceP@KNpcAttribModify@@AAEXPAVKNpc@@PAX@Z 1001d590 f   KNpcAttribModify.obj
 0001:0001c5b0       ?RangeDamageReturnV@KNpcAttribModify@@AAEXPAVKNpc@@PAX@Z 1001d5b0 f   KNpcAttribModify.obj
 0001:0001c5d0       ?RangeDamageReturnP@KNpcAttribModify@@AAEXPAVKNpc@@PAX@Z 1001d5d0 f   KNpcAttribModify.obj
 0001:0001c5f0       ?SlowMissleB@KNpcAttribModify@@AAEXPAVKNpc@@PAX@Z 1001d5f0 f   KNpcAttribModify.obj
 0001:0001c620       ?StaminaMaxP@KNpcAttribModify@@AAEXPAVKNpc@@PAX@Z 1001d620 f   KNpcAttribModify.obj
 0001:0001c660       ?StaminaMaxV@KNpcAttribModify@@AAEXPAVKNpc@@PAX@Z 1001d660 f   KNpcAttribModify.obj
 0001:0001c680       ?StaminaReplenishV@KNpcAttribModify@@AAEXPAVKNpc@@PAX@Z 1001d680 f   KNpcAttribModify.obj
 0001:0001c6a0       ?StaminaV@KNpcAttribModify@@AAEXPAVKNpc@@PAX@Z 1001d6a0 f   KNpcAttribModify.obj
 0001:0001c6c0       ?StealLifeP@KNpcAttribModify@@AAEXPAVKNpc@@PAX@Z 1001d6c0 f   KNpcAttribModify.obj
 0001:0001c6e0       ?StealManaP@KNpcAttribModify@@AAEXPAVKNpc@@PAX@Z 1001d6e0 f   KNpcAttribModify.obj
 0001:0001c700       ?StealStaminaP@KNpcAttribModify@@AAEXPAVKNpc@@PAX@Z 1001d700 f   KNpcAttribModify.obj
 0001:0001c720       ?StrengthV@KNpcAttribModify@@AAEXPAVKNpc@@PAX@Z 1001d720 f   KNpcAttribModify.obj
 0001:0001c750       ?StunTimeReduceP@KNpcAttribModify@@AAEXPAVKNpc@@PAX@Z 1001d750 f   KNpcAttribModify.obj
 0001:0001c770       ?VisionRadiusP@KNpcAttribModify@@AAEXPAVKNpc@@PAX@Z 1001d770 f   KNpcAttribModify.obj
 0001:0001c790       ?VitalityV@KNpcAttribModify@@AAEXPAVKNpc@@PAX@Z 1001d790 f   KNpcAttribModify.obj
 0001:0001c7c0       ?WaterSkillV@KNpcAttribModify@@AAEXPAVKNpc@@PAX@Z 1001d7c0 f   KNpcAttribModify.obj
 0001:0001c7d0       ?WoodSkillV@KNpcAttribModify@@AAEXPAVKNpc@@PAX@Z 1001d7d0 f   KNpcAttribModify.obj
 0001:0001c7e0       ?FireresP@KNpcAttribModify@@AAEXPAVKNpc@@PAX@Z 1001d7e0 f   KNpcAttribModify.obj
 0001:0001c800       ?ArmorDefenseV@KNpcAttribModify@@AAEXPAVKNpc@@PAX@Z 1001d800 f   KNpcAttribModify.obj
 0001:0001c820       ?ColdEnhanceP@KNpcAttribModify@@AAEXPAVKNpc@@PAX@Z 1001d820 f   KNpcAttribModify.obj
 0001:0001c840       ?FireEnhanceP@KNpcAttribModify@@AAEXPAVKNpc@@PAX@Z 1001d840 f   KNpcAttribModify.obj
 0001:0001c860       ?LightingEnhanceP@KNpcAttribModify@@AAEXPAVKNpc@@PAX@Z 1001d860 f   KNpcAttribModify.obj
 0001:0001c880       ?PoisonEnhanceP@KNpcAttribModify@@AAEXPAVKNpc@@PAX@Z 1001d880 f   KNpcAttribModify.obj
 0001:0001c8a0       ?LifePotionV@KNpcAttribModify@@AAEXPAVKNpc@@PAX@Z 1001d8a0 f   KNpcAttribModify.obj
 0001:0001c8f0       ?ManaPotionV@KNpcAttribModify@@AAEXPAVKNpc@@PAX@Z 1001d8f0 f   KNpcAttribModify.obj
 0001:0001c940       ?PhysicsResMaxP@KNpcAttribModify@@AAEXPAVKNpc@@PAX@Z 1001d940 f   KNpcAttribModify.obj
 0001:0001c960       ?ColdResMaxP@KNpcAttribModify@@AAEXPAVKNpc@@PAX@Z 1001d960 f   KNpcAttribModify.obj
 0001:0001c980       ?FireResMaxP@KNpcAttribModify@@AAEXPAVKNpc@@PAX@Z 1001d980 f   KNpcAttribModify.obj
 0001:0001c9a0       ?LightingResMaxP@KNpcAttribModify@@AAEXPAVKNpc@@PAX@Z 1001d9a0 f   KNpcAttribModify.obj
 0001:0001c9c0       ?PoisonResMaxP@KNpcAttribModify@@AAEXPAVKNpc@@PAX@Z 1001d9c0 f   KNpcAttribModify.obj
 0001:0001c9e0       ?AllResMaxP@KNpcAttribModify@@AAEXPAVKNpc@@PAX@Z 1001d9e0 f   KNpcAttribModify.obj
 0001:0001ca30       ?FatallyStrikeP@KNpcAttribModify@@AAEXPAVKNpc@@PAX@Z 1001da30 f   KNpcAttribModify.obj
 0001:0001ca40       ?MixPoisonDamage@KNpcAttribModify@@QAEXPAUKMagicAttrib@@0@Z 1001da40 f   KNpcAttribModify.obj
 0001:0001caf0       ?AddPhysicsMagicV@KNpcAttribModify@@AAEXPAVKNpc@@PAX@Z 1001daf0 f   KNpcAttribModify.obj
 0001:0001cb20       ?AddColdMagicV@KNpcAttribModify@@AAEXPAVKNpc@@PAX@Z 1001db20 f   KNpcAttribModify.obj
 0001:0001cbb0       ?AddFireMagicV@KNpcAttribModify@@AAEXPAVKNpc@@PAX@Z 1001dbb0 f   KNpcAttribModify.obj
 0001:0001cbe0       ?AddLightingMagicV@KNpcAttribModify@@AAEXPAVKNpc@@PAX@Z 1001dbe0 f   KNpcAttribModify.obj
 0001:0001cc10       ?AddPoisonMagicV@KNpcAttribModify@@AAEXPAVKNpc@@PAX@Z 1001dc10 f   KNpcAttribModify.obj
 0001:0001cc60       ?DynamicMagicShieldV@KNpcAttribModify@@AAEXPAVKNpc@@PAX@Z 1001dc60 f   KNpcAttribModify.obj
 0001:0001cc80       ?ReturnResP@KNpcAttribModify@@AAEXPAVKNpc@@PAX@Z 1001dc80 f   KNpcAttribModify.obj
 0001:0001cca0       ?ExpEnhanceP@KNpcAttribModify@@AAEXPAVKNpc@@PAX@Z 1001dca0 f   KNpcAttribModify.obj
 0001:0001ccc0       ?PoisonDamageReturnP@KNpcAttribModify@@AAEXPAVKNpc@@PAX@Z 1001dcc0 f   KNpcAttribModify.obj
 0001:0001cce0       ?ReturnSkillP@KNpcAttribModify@@AAEXPAVKNpc@@PAX@Z 1001dce0 f   KNpcAttribModify.obj
 0001:0001cd00       ?AutoReplySkill@KNpcAttribModify@@AAEXPAVKNpc@@PAX@Z 1001dd00 f   KNpcAttribModify.obj
 0001:0001cd50       ?LifeReplenishP@KNpcAttribModify@@AAEXPAVKNpc@@PAX@Z 1001dd50 f   KNpcAttribModify.obj
 0001:0001cd70       ?IgnoreSkillP@KNpcAttribModify@@AAEXPAVKNpc@@PAX@Z 1001dd70 f   KNpcAttribModify.obj
 0001:0001cd90       ?AutoAttackSkill@KNpcAttribModify@@AAEXPAVKNpc@@PAX@Z 1001dd90 f   KNpcAttribModify.obj
 0001:0001cdc0       ?Poison2DecManaP@KNpcAttribModify@@AAEXPAVKNpc@@PAX@Z 1001ddc0 f   KNpcAttribModify.obj
 0001:0001ce10       ?SkillAppendSkill@KNpcAttribModify@@AAEXPAVKNpc@@PAX@Z 1001de10 f   KNpcAttribModify.obj
 0001:0001cf20       ?HideNpc@KNpcAttribModify@@AAEXPAVKNpc@@PAX@Z 1001df20 f   KNpcAttribModify.obj
 0001:0001cf40       ?AutoDeathSkill@KNpcAttribModify@@AAEXPAVKNpc@@PAX@Z 1001df40 f   KNpcAttribModify.obj
 0001:0001cf70       ?RandMove@KNpcAttribModify@@AAEXPAVKNpc@@PAX@Z 1001df70 f   KNpcAttribModify.obj
 0001:0001cfa0       ?IgnoreNegativeStateP@KNpcAttribModify@@AAEXPAVKNpc@@PAX@Z 1001dfa0 f   KNpcAttribModify.obj
 0001:0001cfe0       ?AutoRescueSkill@KNpcAttribModify@@AAEXPAVKNpc@@PAX@Z 1001dfe0 f   KNpcAttribModify.obj
 0001:0001d010       ?StaticMagicShieldP@KNpcAttribModify@@AAEXPAVKNpc@@PAX@Z 1001e010 f   KNpcAttribModify.obj
 0001:0001d030       ??0KNpcFindPath@@QAE@XZ    1001e030 f   KNpcFindPath.obj
 0001:0001d050       ?Init@KNpcFindPath@@QAEXH@Z 1001e050 f   KNpcFindPath.obj
 0001:0001d080       ?GetDir@KNpcFindPath@@QAEHHHHHHHPAH0@Z 1001e080 f   KNpcFindPath.obj
 0001:0001d650       ?Dir64To8@KNpcFindPath@@QAEHH@Z 1001e650 f   KNpcFindPath.obj
 0001:0001d660       ?Dir8To64@KNpcFindPath@@QAEHH@Z 1001e660 f   KNpcFindPath.obj
 0001:0001d670       ?CheckDistance@KNpcFindPath@@QAEHHHHHH@Z 1001e670 f   KNpcFindPath.obj
 0001:0001d6b0       ?CheckBarrier@KNpcFindPath@@QAEHHH@Z 1001e6b0 f   KNpcFindPath.obj
 0001:0001d720       ?Init@KNpcGold@@QAEXH@Z    1001e720 f   KNpcGold.obj
 0001:0001d730       ?Release@KNpcGold@@QAEXXZ  1001e730 f   KNpcGold.obj
 0001:0001d780       ?SetGoldType@KNpcGold@@QAEXH@Z 1001e780 f   KNpcGold.obj
 0001:0001d790       ?SetGoldTypeAndBackData@KNpcGold@@QAEXXZ 1001e790 f   KNpcGold.obj
 0001:0001d840       ?RecoverBackData@KNpcGold@@QAEXXZ 1001e840 f   KNpcGold.obj
 0001:0001d870       ?UpdateNpcData@KNpcGold@@AAEXH@Z 1001e870 f   KNpcGold.obj
 0001:0001e520       ?GetGoldType@KNpcGold@@QAEHXZ 1001f520 f   KNpcGold.obj
 0001:0001e530       ?SetGoldCurrentType@KNpcGold@@QAEXH@Z 1001f530 f   KNpcGold.obj
 0001:0001e570       ??0KNpcGoldTemplate@@QAE@XZ 1001f570 f   KNpcGold.obj
 0001:0001e590       ?Init@KNpcGoldTemplate@@QAEHXZ 1001f590 f   KNpcGold.obj
 0001:0001e990       ??0KNpcRes@@QAE@XZ         1001f990 f   KNpcRes.obj
 0001:0001ea60       ?Init@KNpcRes@@QAEHPADPAVKNpcResList@@@Z 1001fa60 f   KNpcRes.obj
 0001:0001ec90       ?Remove@KNpcRes@@QAEXH@Z   1001fc90 f   KNpcRes.obj
 0001:0001ecd0       ?Draw@KNpcRes@@QAEXHHHHH@Z 1001fcd0 f   KNpcRes.obj
 0001:0001f6b0       ?GetShadowName@KNpcRes@@SAXPAD0@Z 100206b0 f   KNpcRes.obj
 0001:0001f6d0       ??1KNpcRes@@QAE@XZ         100206d0 f   KNpcRes.obj
 0001:0001f6e0       ?SetHelm@KNpcRes@@QAEHH@Z  100206e0 f   KNpcRes.obj
 0001:0001f7d0       ?SetArmor@KNpcRes@@QAEHH@Z 100207d0 f   KNpcRes.obj
 0001:0001f8e0       ?SetWeapon@KNpcRes@@QAEHH@Z 100208e0 f   KNpcRes.obj
 0001:0001fd10       ?SetHorse@KNpcRes@@QAEHH@Z 10020d10 f   KNpcRes.obj
 0001:0001fe10       ?SetMantle@KNpcRes@@QAEHF@Z 10020e10 f   KNpcRes.obj
 0001:0001ffa0       ?SetAction@KNpcRes@@QAEHH@Z 10020fa0 f   KNpcRes.obj
 0001:000203d0       ?SetRideHorse@KNpcRes@@QAEHH@Z 100213d0 f   KNpcRes.obj
 0001:000207f0       ?SetPos@KNpcRes@@QAEXHHHHHH@Z 100217f0 f   KNpcRes.obj
 0001:00020850       ?SetState@KNpcRes@@QAEXPAVKList@@PAVKNpcResList@@@Z 10021850 f   KNpcRes.obj
 0001:00020a80       ?SetSpecialSpr@KNpcRes@@QAEXPAD@Z 10021a80 f   KNpcRes.obj
 0001:00020b30       ?SetMenuStateSpr@KNpcRes@@AAEXH@Z 10021b30 f   KNpcRes.obj
 0001:00020c20       ?SetBlur@KNpcRes@@QAEXH@Z  10021c20 f   KNpcRes.obj
 0001:00020c50       ?GetSoundName@KNpcRes@@AAEXXZ 10021c50 f   KNpcRes.obj
 0001:00020c70       ?PlaySoundA@KNpcRes@@AAEXHH@Z 10021c70 f   KNpcRes.obj
 0001:00020d40       ?GetSndVolume@KNpcRes@@QAEHH@Z 10021d40 f   KNpcRes.obj
 0001:00020d70       ?StopSound@KNpcRes@@QAEXXZ 10021d70 f   KNpcRes.obj
 0001:00020db0       ?SetMenuState@KNpcRes@@QAEXHPADH@Z 10021db0 f   KNpcRes.obj
 0001:00020df0       ?GetMenuState@KNpcRes@@QAEHXZ 10021df0 f   KNpcRes.obj
 0001:00020e10       ?SetSleepState@KNpcRes@@QAEXH@Z 10021e10 f   KNpcRes.obj
 0001:00020e60       ?GetSleepState@KNpcRes@@QAEHXZ 10021e60 f   KNpcRes.obj
 0001:00020e70       ?DrawBorder@KNpcRes@@QAEXXZ 10021e70 f   KNpcRes.obj
 0001:00020f80       ?DrawMenuState@KNpcRes@@QAEHH@Z 10021f80 f   KNpcRes.obj
 0001:00021070       ?GetNormalNpcStandDir@KNpcRes@@QAEHH@Z 10022070 f   KNpcRes.obj
 0001:000210b0       ?GetSprNumFrames@KNpcRes@@QAEHPBDH@Z 100220b0 f   KNpcRes.obj
 0001:000210e0       ?SetBlurSecMove@KNpcRes@@QAEXHHHH@Z 100220e0 f   KNpcRes.obj
 0001:000211b0       ?RemoveBlurSecMove@KNpcRes@@QAEXH@Z 100221b0 f   KNpcRes.obj
 0001:000211d0       ??0KStateSpr@@QAE@XZ       100221d0 f   KNpcRes.obj
 0001:000211f0       ?Release@KStateSpr@@QAEXXZ 100221f0 f   KNpcRes.obj
 0001:00021210       ??0KNpcBlur@@QAE@XZ        10022210 f   KNpcRes.obj
 0001:00021230       ??1KNpcBlur@@QAE@XZ        10022230 f   KNpcRes.obj
 0001:00021240       ?SetNextNo@KNpcBlur@@QAEXXZ 10022240 f   KNpcRes.obj
 0001:00021260       ?SetMapPos@KNpcBlur@@QAEXHHHH@Z 10022260 f   KNpcRes.obj
 0001:000212c0       ?ChangeAlpha@KNpcBlur@@QAEXXZ 100222c0 f   KNpcRes.obj
 0001:00021370       ?ClearCurNo@KNpcBlur@@QAEXXZ 10022370 f   KNpcRes.obj
 0001:000213a0       ?SetFile@KNpcBlur@@QAEXHPADHHHHH@Z 100223a0 f   KNpcRes.obj
 0001:000214d0       ?Draw@KNpcBlur@@QAEXH@Z    100224d0 f   KNpcRes.obj
 0001:00021510       ?NowGetBlur@KNpcBlur@@QAEHXZ 10022510 f   KNpcRes.obj
 0001:00021520       ?Init@KNpcBlur@@QAEHXZ     10022520 f   KNpcRes.obj
 0001:00021560       ?Remove@KNpcBlur@@QAEXXZ   10022560 f   KNpcRes.obj
 0001:000215a0       ?Remove@KNpcBlur@@QAEXH@Z  100225a0 f   KNpcRes.obj
 0001:000215f0       ?AddObj@KNpcBlur@@QAEXXZ   100225f0 f   KNpcRes.obj
 0001:00021600       ?RemoveObj@KNpcBlur@@QAEXXZ 10022600 f   KNpcRes.obj
 0001:00021650       ??0KNpcResList@@QAE@XZ     10022650 f   KNpcResList.obj
 0001:000216d0       ??1KNpcResList@@QAE@XZ     100226d0 f   KNpcResList.obj
 0001:00021760       ?Init@KNpcResList@@QAEHXZ  10022760 f   KNpcResList.obj
 0001:000217b0       ?FindNpcRes@KNpcResList@@AAEPAVKNpcResNode@@PAD@Z 100227b0 f   KNpcResList.obj
 0001:00021880       ?AddNpcRes@KNpcResList@@QAEPAVKNpcResNode@@PAD@Z 10022880 f   KNpcResList.obj
 0001:00021960       ?AutoCleanup@KNpcResList@@QAEXXZ 10022960 f   KNpcResList.obj
 0001:000219e0       ??0KNpcResNode@@QAE@XZ     100229e0 f   KNpcResNode.obj
 0001:00021ae0       ??_GKNpcResNode@@UAEPAXI@Z 10022ae0 f i KNpcResNode.obj
 0001:00021ae0       ??_EKNpcResNode@@UAEPAXI@Z 10022ae0 f i KNpcResNode.obj
 0001:00021b00       ??1KNpcResNode@@UAE@XZ     10022b00 f   KNpcResNode.obj
 0001:00021ba0       ?Init@KNpcResNode@@QAEHPADPAVCActionName@@1@Z 10022ba0 f   KNpcResNode.obj
 0001:00022a00       ?ComposePathAndName@KNpcResNode@@QAEXPAD00@Z 10023a00 f   KNpcResNode.obj
 0001:00022b00       ?CheckPartExist@KNpcResNode@@QAEHH@Z 10023b00 f   KNpcResNode.obj
 0001:00022b30       ?GetFileName@KNpcResNode@@QAEHHHHPAD0H@Z 10023b30 f   KNpcResNode.obj
 0001:00022b70       ?GetInterval@KNpcResNode@@QAEHHHHH@Z 10023b70 f   KNpcResNode.obj
 0001:00022bb0       ?GetTotalFrames@KNpcResNode@@QAEHHHHH@Z 10023bb0 f   KNpcResNode.obj
 0001:00022bf0       ?GetTotalDirs@KNpcResNode@@QAEHHHHH@Z 10023bf0 f   KNpcResNode.obj
 0001:00022c30       ?GetActNo@KNpcResNode@@QAEHHHH@Z 10023c30 f   KNpcResNode.obj
 0001:00022c70       ?GetSort@KNpcResNode@@QAEHHHHPAHH@Z 10023c70 f   KNpcResNode.obj
 0001:00022cd0       ?GetActionSoundName@KNpcResNode@@QAEXHPAD@Z 10023cd0 f   KNpcResNode.obj
 0001:00022d10       ?GetShadowName@KNpcResNode@@SAXPAD0@Z 10023d10 f   KNpcResNode.obj
 0001:00022da0       ??0CActionName@@QAE@XZ     10023da0 f   KNpcResNode.obj
 0001:00022dd0       ?Init@CActionName@@QAEHPAD@Z 10023dd0 f   KNpcResNode.obj
 0001:00022ef0       ?GetActionNo@CActionName@@QAEHPAD@Z 10023ef0 f   KNpcResNode.obj
 0001:00022f70       ?GetActionCount@CActionName@@QAEHXZ 10023f70 f   KNpcResNode.obj
 0001:00022f80       ?GetActionName@CActionName@@QAEHHPADH@Z 10023f80 f   KNpcResNode.obj
 0001:00022ff0       ??0CShadowFileName@@QAE@XZ 10023ff0 f   KNpcResNode.obj
 0001:00023000       ??1CShadowFileName@@QAE@XZ 10024000 f   KNpcResNode.obj
 0001:00023030       ?Init@CShadowFileName@@QAEXH@Z 10024030 f   KNpcResNode.obj
 0001:00023090       ?GetFile@CShadowFileName@@QAEHHPAH0000PAD@Z 10024090 f   KNpcResNode.obj
 0001:00023120       ??0CStateMagicTable@@QAE@XZ 10024120 f   KNpcResNode.obj
 0001:00023180       ?Init@CStateMagicTable@@QAEHXZ 10024180 f   KNpcResNode.obj
 0001:000233e0       ?GetInfo@CStateMagicTable@@QAEXHPADPAH111111@Z 100243e0 f   KNpcResNode.obj
 0001:000234f0       ??0CRESINFO@@QAE@XZ        100244f0 f   KNpcResNode.obj
 0001:00023500       ??1CRESINFO@@QAE@XZ        10024500 f   KNpcResNode.obj
 0001:00023510       ?AutoDelete@CRESINFO@@QAEXXZ 10024510 f   KNpcResNode.obj
 0001:00023540       ?AutoNew@CRESINFO@@QAEHHH@Z 10024540 f   KNpcResNode.obj
 0001:000235f0       ?GetName@CRESINFO@@QAEHHHPAD0H@Z 100245f0 f   KNpcResNode.obj
 0001:00023680       ?GetInterval@CRESINFO@@QAEHHHH@Z 10024680 f   KNpcResNode.obj
 0001:000236c0       ?GetTotalFrames@CRESINFO@@QAEHHHH@Z 100246c0 f   KNpcResNode.obj
 0001:00023700       ?GetTotalDirs@CRESINFO@@QAEHHHH@Z 10024700 f   KNpcResNode.obj
 0001:00023740       ??0CEquipStyleTable@@QAE@XZ 10024740 f   KNpcResNode.obj
 0001:00023750       ??1CEquipStyleTable@@QAE@XZ 10024750 f   KNpcResNode.obj
 0001:00023760       ?AutoDelete@CEquipStyleTable@@QAEXXZ 10024760 f   KNpcResNode.obj
 0001:00023790       ?AutoNew@CEquipStyleTable@@QAEHHH@Z 10024790 f   KNpcResNode.obj
 0001:000237f0       ?SetValue@CEquipStyleTable@@QAEXHHH@Z 100247f0 f   KNpcResNode.obj
 0001:00023830       ?GetValue@CEquipStyleTable@@QAEHHH@Z 10024830 f   KNpcResNode.obj
 0001:00023870       ??0CSortTable@@QAE@XZ      10024870 f   KNpcResNode.obj
 0001:000238e0       ??1CSortTable@@QAE@XZ      100248e0 f   KNpcResNode.obj
 0001:000238f0       ?Release@CSortTable@@AAEXXZ 100248f0 f   KNpcResNode.obj
 0001:00023940       ?SortStrToNum@CSortTable@@AAEXPADPAHH@Z 10024940 f   KNpcResNode.obj
 0001:000239f0       ?GetTable@CSortTable@@QAEHPADPAVCActionName@@H@Z 100249f0 f   KNpcResNode.obj
 0001:00023ad0       ?GetTable@CSortTable@@QAEHPAVKIniFile@@PAVCActionName@@H@Z 10024ad0 f   KNpcResNode.obj
 0001:00023f40       ?GetSort@CSortTable@@QAEHHHHPAHH@Z 10024f40 f   KNpcResNode.obj
 0001:00024260       ??1KNpcSet@@QAE@XZ         10025260 f i KNpcSet.obj
 0001:000242d0       ??0KNpcSet@@QAE@XZ         100252d0 f   KNpcSet.obj
 0001:00024330       ?Init@KNpcSet@@QAEXXZ      10025330 f   KNpcSet.obj
 0001:000243f0       ?LoadPlayerBaseValue@KNpcSet@@QAEXPAD@Z 100253f0 f   KNpcSet.obj
 0001:00024560       ?IsNpcExist@KNpcSet@@QAEHHK@Z 10025560 f   KNpcSet.obj
 0001:00024590       ?GenOneRelation@KNpcSet@@AAE?AW4NPC_RELATION@@W4NPCKIND@@0W4NPCCAMP@@1W4NPCFIGHT@@2@Z 10025590 f   KNpcSet.obj
 0001:000246a0       ?GenRelationTable@KNpcSet@@AAEHXZ 100256a0 f   KNpcSet.obj
 0001:00024740       ?SearchID@KNpcSet@@QAEHK@Z 10025740 f   KNpcSet.obj
 0001:00024780       ?SearchClientID@KNpcSet@@QAEHUKClientNpcID@@@Z 10025780 f   KNpcSet.obj
 0001:000247d0       ?SearchName@KNpcSet@@QAEHPAD@Z 100257d0 f   KNpcSet.obj
 0001:00024830       ?SearchNameID@KNpcSet@@QAEHK@Z 10025830 f   KNpcSet.obj
 0001:00024890       ?SearchNpcById@KNpcSet@@QAEPAVKNpc@@K@Z 10025890 f   KNpcSet.obj
 0001:00024910       ?FindFree@KNpcSet@@AAEHXZ  10025910 f   KNpcSet.obj
 0001:00024930       ?AddClientNpc@KNpcSet@@QAEHHHHHHH@Z 10025930 f   KNpcSet.obj
 0001:00024a50       ?Add@KNpcSet@@QAEHHHPAX@Z  10025a50 f   KNpcSet.obj
 0001:00024b20       ?Add@KNpcSet@@QAEHHHHHH@Z  10025b20 f   KNpcSet.obj
 0001:00024bb0       ?Add@KNpcSet@@QAEHHHHHHHHH@Z 10025bb0 f   KNpcSet.obj
 0001:00024d50       ?Remove@KNpcSet@@QAEXH@Z   10025d50 f   KNpcSet.obj
 0001:00024dc0       ?RemoveAll@KNpcSet@@QAEXXZ 10025dc0 f   KNpcSet.obj
 0001:00024e70       ?InsertNpcToRegion@KNpcSet@@QAEXH@Z 10025e70 f   KNpcSet.obj
 0001:00024f30       ?GetDistance@KNpcSet@@SAHHH@Z 10025f30 f   KNpcSet.obj
 0001:000250c0       ?GetDistanceSquare@KNpcSet@@SAHHH@Z 100260c0 f   KNpcSet.obj
 0001:00025230       ?GetNextIdx@KNpcSet@@QAEHH@Z 10026230 f   KNpcSet.obj
 0001:00025260       ?CheckBalance@KNpcSet@@QAEXXZ 10026260 f   KNpcSet.obj
 0001:000253f0       ?GetAroundPlayerForTeamInvite@KNpcSet@@QAEHPAUKUiPlayerItem@@H@Z 100263f0 f   KNpcSet.obj
 0001:000255d0       ?GetAroundPlayer@KNpcSet@@QAEHPAUKUiPlayerItem@@H@Z 100265d0 f   KNpcSet.obj
 0001:00025720       ?SetShowNameFlag@KNpcSet@@QAEXH@Z 10026720 f   KNpcSet.obj
 0001:00025750       ?CheckShowName@KNpcSet@@QAEHXZ 10026750 f   KNpcSet.obj
 0001:00025760       ?SetShowLifeFlag@KNpcSet@@QAEXH@Z 10026760 f   KNpcSet.obj
 0001:00025790       ?CheckShowLife@KNpcSet@@QAEHXZ 10026790 f   KNpcSet.obj
 0001:000257a0       ?SetShowChatFlag@KNpcSet@@QAEXH@Z 100267a0 f   KNpcSet.obj
 0001:000257d0       ?CheckShowChat@KNpcSet@@QAEHXZ 100267d0 f   KNpcSet.obj
 0001:000257e0       ?SetShowManaFlag@KNpcSet@@QAEXH@Z 100267e0 f   KNpcSet.obj
 0001:00025810       ?CheckShowMana@KNpcSet@@QAEHXZ 10026810 f   KNpcSet.obj
 0001:00025820       ?AutoGetNpcNear@KNpcSet@@QAEHHHHHQAHHHH@Z 10026820 f   KNpcSet.obj
 0001:00025970       ?GetDistanceMps@KNpcSet@@QAEHHHHH@Z 10026970 f   KNpcSet.obj
 0001:000259b0       ?AutoGetPlayerPk@KNpcSet@@QAEHHHHH@Z 100269b0 f   KNpcSet.obj
 0001:00025ac0       ?ClearActivateFlagOfAllNpc@KNpcSet@@QAEXXZ 10026ac0 f   KNpcSet.obj
 0001:00025b00       ?GetAroundOpenCaptain@KNpcSet@@QAEXH@Z 10026b00 f   KNpcSet.obj
 0001:00025c90       ?SearchNpcAt@KNpcSet@@QAEHHHHH@Z 10026c90 f   KNpcSet.obj
 0001:00025e00       ?IsNpcRequestExist@KNpcSet@@QAEHK@Z 10026e00 f   KNpcSet.obj
 0001:00025e20       ?InsertNpcRequest@KNpcSet@@QAEXK@Z 10026e20 f   KNpcSet.obj
 0001:00025e80       ?RemoveNpcRequest@KNpcSet@@QAEXK@Z 10026e80 f   KNpcSet.obj
 0001:00025ed0       ?GetRequestIndex@KNpcSet@@QAEHK@Z 10026ed0 f   KNpcSet.obj
 0001:00025f10       ?GetRelation@KNpcSet@@QAE?AW4NPC_RELATION@@HH@Z 10026f10 f   KNpcSet.obj
 0001:00026180       ??0KInstantSpecial@@QAE@XZ 10027180 f   KNpcSet.obj
 0001:000261d0       ?LoadSprName@KInstantSpecial@@AAEXXZ 100271d0 f   KNpcSet.obj
 0001:00026290       ?LoadSoundName@KInstantSpecial@@AAEXXZ 10027290 f   KNpcSet.obj
 0001:00026380       ?GetSprName@KInstantSpecial@@QAEXHPADH@Z 10027380 f   KNpcSet.obj
 0001:00026410       ?PlaySoundA@KInstantSpecial@@QAEXH@Z 10027410 f   KNpcSet.obj
 0001:000264b0       ?InitNpcBaseData@KNpcTemplate@@QAEXH@Z 100274b0 f   KNpcTemplate.obj
 0001:00026700       ?InitNpcLevelData@KNpcTemplate@@QAEXPAVKTabFile@@HPAVKLuaScript@@HH@Z 10027700 f   KNpcTemplate.obj
 0001:00026840       ?GetNpcLevelDataFromScript@KNpcTemplate@@SAHPAVKLuaScript@@PADHH1@Z 10027840 f   KNpcTemplate.obj
 0001:000268d0       ?GetNpcLevelDataFromScript@KNpcTemplate@@SAHPAVKLuaScript@@PADHHNNN@Z 100278d0 f   KNpcTemplate.obj
 0001:00026970       ?SkillString2Id@KNpcTemplate@@SAHPAD@Z 10027970 f   KNpcTemplate.obj
 0001:00026a80       ??0KPlayer@@QAE@XZ         10027a80 f   KPlayer.obj
 0001:00026bc0       ??1KPlayerAI@@QAE@XZ       10027bc0 f i KPlayer.obj
 0001:00026bd0       ??1KEquipmentArray@@QAE@XZ 10027bd0 f i KPlayer.obj
 0001:00026be0       ??1KPlayerChat@@QAE@XZ     10027be0 f i KPlayer.obj
 0001:00026c50       ??1CChatFriendTeam@@QAE@XZ 10027c50 f i KPlayer.obj
 0001:00026c60       ??1KPlayer@@QAE@XZ         10027c60 f   KPlayer.obj
 0001:00026d10       ?Release@KPlayer@@QAEXXZ   10027d10 f   KPlayer.obj
 0001:00026e90       ?SetPlayerIndex@KPlayer@@QAEXH@Z 10027e90 f   KPlayer.obj
 0001:00026eb0       ?GetPlayerIndex@KPlayer@@QAEHXZ 10027eb0 f   KPlayer.obj
 0001:00026ec0       ?Active@KPlayer@@QAEXXZ    10027ec0 f   KPlayer.obj
 0001:000270c0       ?ProcessMsg@KPlayer@@QAEXPAVKWorldMsgNode@@@Z 100280c0 f   KPlayer.obj
 0001:000270d0       ?ProcessInputMsg@KPlayer@@QAEXIIJ@Z 100280d0 f   KPlayer.obj
 0001:00027240       ?OnButtonDown@KPlayer@@AAEXHHHW4MOUSE_BUTTON@@@Z 10028240 f   KPlayer.obj
 0001:00027290       ?OnButtonMove@KPlayer@@AAEXHHHW4MOUSE_BUTTON@@@Z 10028290 f   KPlayer.obj
 0001:000272c0       ?OnButtonUp@KPlayer@@AAEXHHW4MOUSE_BUTTON@@@Z 100282c0 f   KPlayer.obj
 0001:000272d0       ?OnMouseMove@KPlayer@@AAEXHH@Z 100282d0 f   KPlayer.obj
 0001:00027430       ?ProcessMouse@KPlayer@@AAEXHHHW4MOUSE_BUTTON@@@Z 10028430 f   KPlayer.obj
 0001:00027a30       ?Walk@KPlayer@@QAEXHH@Z    10028a30 f   KPlayer.obj
 0001:00027c00       ?TurnLeft@KPlayer@@QAEXXZ  10028c00 f   KPlayer.obj
 0001:00027c50       ?TurnRight@KPlayer@@QAEXXZ 10028c50 f   KPlayer.obj
 0001:00027ca0       ?TurnBack@KPlayer@@QAEXXZ  10028ca0 f   KPlayer.obj
 0001:00027cf0       ?FindSelectNpc@KPlayer@@QAEXHHH@Z 10028cf0 f   KPlayer.obj
 0001:00027d70       ?FindSelectObject@KPlayer@@QAEXHH@Z 10028d70 f   KPlayer.obj
 0001:00027da0       ?NetCommandPlayerTalk@KPlayer@@AAEHPAE@Z 10028da0 f   KPlayer.obj
 0001:00027db0       ?ConformIdx@KPlayer@@QAEHH@Z 10028db0 f   KPlayer.obj
 0001:00027dd0       ?ResetBaseAttribute@KPlayer@@QAEXD@Z 10028dd0 f   KPlayer.obj
 0001:000280c0       ?CalcCurLucky@KPlayer@@AAEXXZ 100290c0 f   KPlayer.obj
 0001:000280d0       ?ChangeCurStrength@KPlayer@@QAEXH@Z 100290d0 f   KPlayer.obj
 0001:000280f0       ?ChangeCurDexterity@KPlayer@@QAEXH@Z 100290f0 f   KPlayer.obj
 0001:00028160       ?ChangeCurVitality@KPlayer@@QAEXH@Z 10029160 f   KPlayer.obj
 0001:00028230       ?ChangeCurEngergy@KPlayer@@QAEXH@Z 10029230 f   KPlayer.obj
 0001:000282b0       ?AddBaseLucky@KPlayer@@QAEXH@Z 100292b0 f   KPlayer.obj
 0001:000282d0       ?SetNpcPhysicsDamage@KPlayer@@AAEXXZ 100292d0 f   KPlayer.obj
 0001:000283d0       ?SetNpcAttackRating@KPlayer@@AAEXXZ 100293d0 f   KPlayer.obj
 0001:00028410       ?SetNpcDefence@KPlayer@@AAEXXZ 10029410 f   KPlayer.obj
 0001:00028450       ?AddExp@KPlayer@@QAEXMHH@Z 10029450 f   KPlayer.obj
 0001:00028470       ?AddSelfExp@KPlayer@@QAEXHH@Z 10029470 f   KPlayer.obj
 0001:00028570       ?DirectAddExp@KPlayer@@QAEXH@Z 10029570 f   KPlayer.obj
 0001:000285d0       ?LevelUp@KPlayer@@QAEXXZ   100295d0 f   KPlayer.obj
 0001:00028b40       ?UpdataCurData@KPlayer@@QAEXXZ 10029b40 f   KPlayer.obj
 0001:00029720       ?ReCalcEquip@KPlayer@@QAEXXZ 1002a720 f   KPlayer.obj
 0001:000297c0       ?ReCalcState@KPlayer@@QAEXXZ 1002a7c0 f   KPlayer.obj
 0001:000297f0       ?AddLeadExp@KPlayer@@QAEXH@Z 1002a7f0 f   KPlayer.obj
 0001:00029880       ?LevelAddBaseLifeMax@KPlayer@@AAEXXZ 1002a880 f   KPlayer.obj
 0001:00029900       ?LevelAddBaseStaminaMax@KPlayer@@AAEXXZ 1002a900 f   KPlayer.obj
 0001:00029990       ?LevelAddBaseManaMax@KPlayer@@AAEXXZ 1002a990 f   KPlayer.obj
 0001:00029a10       ?ChangePlayerCamp@KPlayer@@QAEXH@Z 1002aa10 f   KPlayer.obj
 0001:00029a40       ?ApplyTeamInfo@KPlayer@@QAEXK@Z 1002aa40 f   KPlayer.obj
 0001:00029a90       ?ApplySelfTeamInfo@KPlayer@@QAEXXZ 1002aa90 f   KPlayer.obj
 0001:00029ac0       ?ApplyCreateTeam@KPlayer@@QAEHXZ 1002aac0 f   KPlayer.obj
 0001:00029ad0       ?ApplyTeamOpenClose@KPlayer@@QAEHH@Z 1002aad0 f   KPlayer.obj
 0001:00029bc0       ?ApplyAddTeam@KPlayer@@QAEXH@Z 1002abc0 f   KPlayer.obj
 0001:00029d20       ?AcceptTeamMember@KPlayer@@QAEXK@Z 1002ad20 f   KPlayer.obj
 0001:00029dd0       ?TeamDropApplyOne@KPlayer@@QAEXK@Z 1002add0 f   KPlayer.obj
 0001:00029e20       ?LeaveTeam@KPlayer@@QAEXXZ 1002ae20 f   KPlayer.obj
 0001:00029e60       ?TeamKickMember@KPlayer@@QAEXK@Z 1002ae60 f   KPlayer.obj
 0001:00029ec0       ?ApplyTeamChangeCaptain@KPlayer@@QAEXK@Z 1002aec0 f   KPlayer.obj
 0001:00029f20       ?ApplyTeamDismiss@KPlayer@@QAEXXZ 1002af20 f   KPlayer.obj
 0001:00029f80       ?ApplySetPK@KPlayer@@QAEXH@Z 1002af80 f   KPlayer.obj
 0001:00029fd0       ?ApplyFactionData@KPlayer@@QAEXXZ 1002afd0 f   KPlayer.obj
 0001:0002a010       ?SendChat@KPlayer@@QAEXPAUKUiMsgParam@@PAD@Z 1002b010 f   KPlayer.obj
 0001:0002a0a0       ?ApplyAddBaseAttribute@KPlayer@@QAEXHH@Z 1002b0a0 f   KPlayer.obj
 0001:0002a110       ?ApplyAddSkillLevel@KPlayer@@QAEHHH@Z 1002b110 f   KPlayer.obj
 0001:0002a1e0       ?ApplyUseItem@KPlayer@@QAEHHUItemPos@@@Z 1002b1e0 f   KPlayer.obj
 0001:0002a4f0       ?PickUpObj@KPlayer@@QAEXH@Z 1002b4f0 f   KPlayer.obj
 0001:0002a680       ?ObjMouseClick@KPlayer@@QAEXH@Z 1002b680 f   KPlayer.obj
 0001:0002a710       ?MoveItem@KPlayer@@QAEXUItemPos@@0@Z 1002b710 f   KPlayer.obj
 0001:0002a9d0       ?ThrowAwayItem@KPlayer@@QAEHXZ 1002b9d0 f   KPlayer.obj
 0001:0002ac40       ?AutoThrowAwayItem@KPlayer@@QAEHH@Z 1002bc40 f   KPlayer.obj
 0001:0002adb0       ?ChatAddFriend@KPlayer@@QAEXH@Z 1002bdb0 f   KPlayer.obj
 0001:0002ae00       ?ChatRefuseFriend@KPlayer@@QAEXH@Z 1002be00 f   KPlayer.obj
 0001:0002ae50       ?TradeApplyOpen@KPlayer@@QAEXPADH@Z 1002be50 f   KPlayer.obj
 0001:0002aee0       ?TradeApplyClose@KPlayer@@QAEXXZ 1002bee0 f   KPlayer.obj
 0001:0002af30       ?TradeApplyStart@KPlayer@@QAEXH@Z 1002bf30 f   KPlayer.obj
 0001:0002b030       ?TradeMoveMoney@KPlayer@@QAEHH@Z 1002c030 f   KPlayer.obj
 0001:0002b0d0       ?TradeDecision@KPlayer@@QAEXH@Z 1002c0d0 f   KPlayer.obj
 0001:0002b170       ?TradeApplyLock@KPlayer@@QAEXH@Z 1002c170 f   KPlayer.obj
 0001:0002b1f0       ?s2cApplyAddTeam@KPlayer@@QAEXPAE@Z 1002c1f0 f   KPlayer.obj
 0001:0002b450       ?TaskGetSaveVal@KPlayer@@QAEHH@Z 1002c450 f   KPlayer.obj
 0001:0002b470       ?TaskSetSaveVal@KPlayer@@QAEXHH@Z 1002c470 f   KPlayer.obj
 0001:0002b530       ?TaskGetClearVal@KPlayer@@QAEHH@Z 1002c530 f   KPlayer.obj
 0001:0002b550       ?TaskSetClearVal@KPlayer@@QAEXHH@Z 1002c550 f   KPlayer.obj
 0001:0002b570       ?CheckRideHorse@KPlayer@@QAEXH@Z 1002c570 f   KPlayer.obj
 0001:0002b650       ?SetLevel@KPlayer@@QAEXE@Z 1002c650 f   KPlayer.obj
 0001:0002be70       ?RefeshPlayer@KPlayer@@QAEX_N@Z 1002ce70 f   KPlayer.obj
 0001:0002bee0       ?AddAllSkillPoint@KPlayer@@QAEXH@Z 1002cee0 f   KPlayer.obj
 0001:0002bf40       ?AddSkillPoint@KPlayer@@QAEXHH@Z 1002cf40 f   KPlayer.obj
 0001:0002c0a0       ?UpdateSkillPointAdd@KPlayer@@QAEXXZ 1002d0a0 f   KPlayer.obj
 0001:0002c0f0       ?SetDefaultImmedSkill@KPlayer@@QAEXXZ 1002d0f0 f   KPlayer.obj
 0001:0002c190       ?SetLeftSkill@KPlayer@@QAEXH@Z 1002d190 f   KPlayer.obj
 0001:0002c1f0       ?SetRightSkill@KPlayer@@QAEXH@Z 1002d1f0 f   KPlayer.obj
 0001:0002c2e0       ?UpdateWeaponSkill@KPlayer@@QAEXXZ 1002d2e0 f   KPlayer.obj
 0001:0002c3e0       ?SetChatCurChannel@KPlayer@@QAEXH@Z 1002d3e0 f   KPlayer.obj
 0001:0002c400       ?TeamInviteAdd@KPlayer@@QAEXK@Z 1002d400 f   KPlayer.obj
 0001:0002c420       ?ExecuteScript@KPlayer@@QAEHPAD0H@Z 1002d420 f   KPlayer.obj
 0001:0002c460       ?ExecuteScript@KPlayer@@QAEHKPADH@Z 1002d460 f   KPlayer.obj
 0001:0002c640       ?ExecuteScript@KPlayer@@QAEHKPAD0@Z 1002d640 f   KPlayer.obj
 0001:0002c810       ?ExecuteScript@KPlayer@@QAEHPAD00@Z 1002d810 f   KPlayer.obj
 0001:0002c860       ?ExecuteScript2@KPlayer@@QAEHPAD0HHH@Z 1002d860 f   KPlayer.obj
 0001:0002c8b0       ?ExecuteScript2@KPlayer@@QAEHKPADHHH@Z 1002d8b0 f   KPlayer.obj
 0001:0002cab0       ?ExecuteScript2@KPlayer@@QAEHPAD0H0H@Z 1002dab0 f   KPlayer.obj
 0001:0002cb00       ?ExecuteScript2@KPlayer@@QAEHKPADH0H@Z 1002db00 f   KPlayer.obj
 0001:0002cd00       ?DoScriptAction@KPlayer@@QAEXPAUPLAYER_SCRIPTACTION_SYNC@@@Z 1002dd00 f   KPlayer.obj
 0001:0002cd20       ?ProcessPlayerSelectFromUI@KPlayer@@QAEXPAE@Z 1002dd20 f   KPlayer.obj
 0001:0002ce70       ?OnSelectFromUI@KPlayer@@QAEXPAUPLAYER_SELECTUI_COMMAND@@W4UIInfo@@@Z 1002de70 f   KPlayer.obj
 0001:0002d010       ?ChatFriendOnLine@KPlayer@@QAEXKH@Z 1002e010 f   KPlayer.obj
 0001:0002d120       ?GetFactionName@KPlayer@@QAEXPADH@Z 1002e120 f   KPlayer.obj
 0001:0002d140       ?OnScriptAction@KPlayer@@QAEXPAUPLAYER_SCRIPTACTION_SYNC@@@Z 1002e140 f   KPlayer.obj
 0001:0002dfb0       ??_GKLuaScript@@UAEPAXI@Z  1002efb0 f i KPlayer.obj
 0001:0002dfb0       ??_EKLuaScript@@UAEPAXI@Z  1002efb0 f i KPlayer.obj
 0001:0002dfd0       ?s2cTradeChangeState@KPlayer@@QAEXPAE@Z 1002efd0 f   KPlayer.obj
 0001:0002e2d0       ?s2cLevelUp@KPlayer@@QAEXPAE@Z 1002f2d0 f   KPlayer.obj
 0001:0002eb40       ?s2cGetCurAttribute@KPlayer@@QAEXPAE@Z 1002fb40 f   KPlayer.obj
 0001:0002f000       ?s2cSetExp@KPlayer@@QAEXH@Z 10030000 f   KPlayer.obj
 0001:0002f0c0       ?s2cSyncMoney@KPlayer@@QAEXPAE@Z 100300c0 f   KPlayer.obj
 0001:0002f1b0       ?s2cTradeApplyStart@KPlayer@@QAEXPAE@Z 100301b0 f   KPlayer.obj
 0001:0002f290       ?s2cTradeMoneySync@KPlayer@@QAEXPAE@Z 10030290 f   KPlayer.obj
 0001:0002f2d0       ?s2cTradeDecision@KPlayer@@QAEXPAE@Z 100302d0 f   KPlayer.obj
 0001:0002f460       ?GetRightSkillID@KPlayer@@QBEHXZ 10030460 f   KPlayer.obj
 0001:0002f470       ?GetRightSkillLevel@KPlayer@@QBEHXZ 10030470 f   KPlayer.obj
 0001:0002f480       ?ForceReapplyRightAura@KPlayer@@QAEXXZ 10030480 f   KPlayer.obj
 0001:0002f4f0       ?SyncCurPlayer@KPlayer@@QAEXPAE@Z 100304f0 f   KPlayer.obj
 0001:0002fa90       ?CheckTrading@KPlayer@@QAEHXZ 10030a90 f   KPlayer.obj
 0001:0002faa0       ?SetFirstDamage@KPlayer@@QAEXXZ 10030aa0 f   KPlayer.obj
 0001:00030000       ?SetBaseAttackRating@KPlayer@@QAEXXZ 10031000 f   KPlayer.obj
 0001:00030030       ?SetBaseDefence@KPlayer@@QAEXXZ 10031030 f   KPlayer.obj
 0001:00030060       ?SetBaseResistData@KPlayer@@QAEXXZ 10031060 f   KPlayer.obj
 0001:000302d0       ?SetBaseSpeedAndRadius@KPlayer@@QAEXXZ 100312d0 f   KPlayer.obj
 0001:000303b0       ?DialogNpc@KPlayer@@QAEXH@Z 100313b0 f   KPlayer.obj
 0001:00030460       ?CheckObject@KPlayer@@QAEXH@Z 10031460 f   KPlayer.obj
 0001:00030510       ?ShopApplyOpen@KPlayer@@QAEHXZ 10031510 f   KPlayer.obj
 0001:000306a0       ?ShopApplyClose@KPlayer@@QAEHXZ 100316a0 f   KPlayer.obj
 0001:00030740       ?DrawSelectInfo@KPlayer@@QAEXXZ 10031740 f   KPlayer.obj
 0001:000308c0       ?GetEchoDamage@KPlayer@@QAEXPAH00H@Z 100318c0 f   KPlayer.obj
 0001:00031220       ?SetNpcDamageAttrib@KPlayer@@QAEXXZ 10032220 f   KPlayer.obj
 0001:00031230       ?SetBronzeCoin@KPlayer@@QAEXH@Z 10032230 f   KPlayer.obj
 0001:00031240       ?GetBronzeCoin@KPlayer@@QAEHXZ 10032240 f   KPlayer.obj
 0001:00031250       ?SetLockBronzeCoin@KPlayer@@QAEXH@Z 10032250 f   KPlayer.obj
 0001:00031260       ?GetLockBronzeCoin@KPlayer@@QAEHXZ 10032260 f   KPlayer.obj
 0001:00031270       ?HideMask@KPlayer@@QAEXH@Z 10032270 f   KPlayer.obj
 0001:00031330       ?SetExpAddNo@KPlayer@@AAEXH@Z 10032330 f   KPlayer.obj
 0001:00031370       ?ClientSystemMsg@KPlayer@@QAEXPBD0@Z 10032370 f   KPlayer.obj
 0001:000313b0       ?SetAutoFlag@KPlayer@@QAEXH@Z 100323b0 f   KPlayer.obj
 0001:000313c0       ?SetStoreBoxNum@KPlayer@@QAEXE@Z 100323c0 f   KPlayer.obj
 0001:000313e0       ?SetExpandBoxNum@KPlayer@@QAEXE@Z 100323e0 f   KPlayer.obj
 0001:00031400       ?FindSame@KEquipmentArray@@QAEHH@Z 10032400 f   KPlayerAI.obj
 0001:00031420       ?Init@KPlayerAI@@QAEXXZ    10032420 f   KPlayerAI.obj
 0001:00031430       ?Release@KPlayerAI@@QAEXXZ 10032430 f   KPlayerAI.obj
 0001:00031820       ?ResetAuto@KPlayerAI@@QAEXXZ 10032820 f   KPlayerAI.obj
 0001:000318d0       ?SendAroundAuto@KPlayerAI@@QAEXH@Z 100328d0 f   KPlayerAI.obj
 0001:000319c0       ?Active@KPlayerAI@@QAEXXZ  100329c0 f   KPlayerAI.obj
 0001:00032480       ?FindNearNpc2Array@KPlayerAI@@QAEHH@Z 10033480 f   KPlayerAI.obj
 0001:000328c0       ?AutoAddNpc2Array@KPlayerAI@@QAEHH@Z 100338c0 f   KPlayerAI.obj
 0001:00033240       ?PlayerFollowActack@KPlayerAI@@QAEXH@Z 10034240 f   KPlayerAI.obj
 0001:00033b80       ?AutoReturn@KPlayerAI@@QAEHXZ 10034b80 f   KPlayerAI.obj
 0001:00033cd0       ?PlayerMoveMps@KPlayerAI@@QAEHXZ 10034cd0 f   KPlayerAI.obj
 0001:00033ee0       ?MoveTo@KPlayerAI@@QAEXHH@Z 10034ee0 f   KPlayerAI.obj
 0001:00034050       ?IsNotValidNpc@KPlayerAI@@QAEHH@Z 10035050 f   KPlayerAI.obj
 0001:000341e0       ?DefensePlayer@KPlayerAI@@QAEHH@Z 100351e0 f   KPlayerAI.obj
 0001:00034300       ?CheckPlayerRider@KPlayerAI@@QAEXXZ 10035300 f   KPlayerAI.obj
 0001:000343a0       ?AutoBuffSkillState@KPlayerAI@@QAEHXZ 100353a0 f   KPlayerAI.obj
 0001:00034550       ?AutoBuffEmi@KPlayerAI@@QAEHXZ 10035550 f   KPlayerAI.obj
 0001:00034910       ?PlayerSwitchAura@KPlayerAI@@QAEXXZ 10035910 f   KPlayerAI.obj
 0001:00034990       ?PlayerBuffWhenManaSmall@KPlayerAI@@QAEXXZ 10035990 f   KPlayerAI.obj
 0001:00034a60       ?PlayerActiveFightHand@KPlayerAI@@QAEXXZ 10035a60 f   KPlayerAI.obj
 0001:00034b30       ?InviteParty@KPlayerAI@@QAEXXZ 10035b30 f   KPlayerAI.obj
 0001:00034c50       ?CheckPTList@KPlayerAI@@QAEHPBD@Z 10035c50 f   KPlayerAI.obj
 0001:00034cc0       ?IsRAPEquip@KPlayerAI@@QAEHH@Z 10035cc0 f   KPlayerAI.obj
 0001:00034ce0       ?IsEquipSatisfyCondition@KPlayerAI@@QAEHH@Z 10035ce0 f   KPlayerAI.obj
 0001:00034d50       ?PlayerFilterEquip@KPlayerAI@@QAEXXZ 10035d50 f   KPlayerAI.obj
 0001:000350a0       ?FindObjectNearPlayer@KPlayerAI@@QAEHXZ 100360a0 f   KPlayerAI.obj
 0001:000355c0       ?FindNearObject2Array@KPlayerAI@@QAEHXZ 100365c0 f   KPlayerAI.obj
 0001:000357d0       ?IsNotValidObject@KPlayerAI@@QAEHH@Z 100367d0 f   KPlayerAI.obj
 0001:000358d0       ?PlayerFollowObject@KPlayerAI@@QAEHH@Z 100368d0 f   KPlayerAI.obj
 0001:00035ab0       ?PlayerEatAItem@KPlayerAI@@QAEHXZ 10036ab0 f   KPlayerAI.obj
 0001:00036040       ?PlayerUseItem@KPlayerAI@@QAEHH@Z 10037040 f   KPlayerAI.obj
 0001:000364a0       ?EatFullBox@KPlayerAI@@QAEXXZ 100374a0 f   KPlayerAI.obj
 0001:000365a0       ?RepairEquip@KPlayerAI@@QAEHXZ 100375a0 f   KPlayerAI.obj
 0001:00036740       ?SaveMoney@KPlayerAI@@QAEHXZ 10037740 f   KPlayerAI.obj
 0001:000367b0       ?BackToMap@KPlayerAI@@QAEXXZ 100377b0 f   KPlayerAI.obj
 0001:000369e0       ?BackMapTrain@KPlayerAI@@QAEXXZ 100379e0 f   KPlayerAI.obj
 0001:00036c70       ?MoveItemToBox@KPlayerAI@@QAEXXZ 10037c70 f   KPlayerAI.obj
 0001:000370c0       ?PaintActionAuto@KPlayerAI@@QAEXHHHH@Z 100380c0 f   KPlayerAI.obj
 0001:00037100       ?IsWithinTrainingArea@KPlayerAI@@QAEHPAH@Z 10038100 f   KPlayerAI.obj
 0001:00037240       ?ReturnToTrainingArea@KPlayerAI@@QAEXXZ 10038240 f   KPlayerAI.obj
 0001:00037430       ?CanSendPacket@KPlayerAI@@QAEHH@Z 10038430 f   KPlayerAI.obj
 0001:00037510       ?Release@KPlayerChat@@QAEXXZ 10038510 f   KPlayerChat.obj
 0001:000375e0       ?CheckExist@KPlayerChat@@QAEHK@Z 100385e0 f   KPlayerChat.obj
 0001:00037640       ?CheckExist@KPlayerChat@@QAEHPAD@Z 10038640 f   KPlayerChat.obj
 0001:000376e0       ?GetFriendNode@KPlayerChat@@QAEPAVCChatFriend@@K@Z 100386e0 f   KPlayerChat.obj
 0001:00037730       ?GetTeamNo@KPlayerChat@@QAEHK@Z 10038730 f   KPlayerChat.obj
 0001:00037790       ?GetName@KPlayerChat@@QAEHKPAD@Z 10038790 f   KPlayerChat.obj
 0001:00037800       ?SetCurChannel@KPlayerChat@@QAEXHKH@Z 10038800 f   KPlayerChat.obj
 0001:00037880       ?AddChannel@KPlayerChat@@QAEXH@Z 10038880 f   KPlayerChat.obj
 0001:00037900       ?SubChannel@KPlayerChat@@QAEXH@Z 10038900 f   KPlayerChat.obj
 0001:00037970       ?SendTakeChannel@KPlayerChat@@QAEXXZ 10038970 f   KPlayerChat.obj
 0001:000379c0       ?SendSentence@KPlayerChat@@QAEXPAUKUiMsgParam@@PAD@Z 100389c0 f   KPlayerChat.obj
 0001:00037b80       ?QQSendSentence@KPlayerChat@@QAEXKHPAUKUiMsgParam@@PAD@Z 10038b80 f   KPlayerChat.obj
 0001:00037cf0       ?SetTakeChannel@KPlayerChat@@QAEXK@Z 10038cf0 f   KPlayerChat.obj
 0001:00037d20       ?GetChat@KPlayerChat@@QAEXPAUPLAYER_SEND_CHAT_DATA_SYNC@@@Z 10038d20 f   KPlayerChat.obj
 0001:00038260       ?ApplyAddFriend@KPlayerChat@@QAEXKPAD@Z 10039260 f   KPlayerChat.obj
 0001:000383c0       ?GetApplyOneInfo@KPlayerChat@@QAEHPAHPAD1@Z 100393c0 f   KPlayerChat.obj
 0001:00038470       ?SaveTeamInfo@KPlayerChat@@QAEXPAD@Z 10039470 f   KPlayerChat.obj
 0001:00038640       ?SaveTakeChannelInfo@KPlayerChat@@QAEXPAD@Z 10039640 f   KPlayerChat.obj
 0001:00038740       ?LoadTakeChannelInfo@KPlayerChat@@QAEXPAD@Z 10039740 f   KPlayerChat.obj
 0001:000388a0       ?CheckTeamNo@KPlayerChat@@QAEHPAD0@Z 100398a0 f   KPlayerChat.obj
 0001:00038b90       ?LoadTeamName@KPlayerChat@@QAEXPAD@Z 10039b90 f   KPlayerChat.obj
 0001:00038d60       ?AddOne@KPlayerChat@@QAEXKHPADH@Z 10039d60 f   KPlayerChat.obj
 0001:00038e40       ??_ECChatFriend@@UAEPAXI@Z 10039e40 f i KPlayerChat.obj
 0001:00038e40       ??_GCChatFriend@@UAEPAXI@Z 10039e40 f i KPlayerChat.obj
 0001:00038e60       ??1CChatFriend@@UAE@XZ     10039e60 f i KPlayerChat.obj
 0001:00038e70       ?CheckIsFriend@KPlayerChat@@QAEHH@Z 10039e70 f   KPlayerChat.obj
 0001:00038ed0       ?AddTeam@KPlayerChat@@QAEHPAD0@Z 10039ed0 f   KPlayerChat.obj
 0001:00039080       ?RenameTeam@KPlayerChat@@QAEHHPAD0@Z 1003a080 f   KPlayerChat.obj
 0001:00039200       ?DeleteTeam@KPlayerChat@@QAEHHPAD@Z 1003a200 f   KPlayerChat.obj
 0001:00039360       ?OneFriendChangeTeam@KPlayerChat@@QAEHKHH@Z 1003a360 f   KPlayerChat.obj
 0001:00039460       ?GetMsgOffLine@KPlayerChat@@QAEXK@Z 1003a460 f   KPlayerChat.obj
 0001:00039550       ?CheckTakeChannel@KPlayerChat@@QAEHH@Z 1003a550 f   KPlayerChat.obj
 0001:00039580       ?ApplyDeleteFriend@KPlayerChat@@QAEXKHPAD@Z 1003a580 f   KPlayerChat.obj
 0001:000396a0       ?CheckTalkChannel@KPlayerChat@@QAEHH@Z 1003a6a0 f   KPlayerChat.obj
 0001:000396d0       ?SendSelectChannelList@KPlayerChat@@QAEHPAUKUiChatChannel@@H@Z 1003a6d0 f   KPlayerChat.obj
 0001:000398a0       ?SendTakeChannelList@KPlayerChat@@QAEHPAUKUiChatChannel@@H@Z 1003a8a0 f   KPlayerChat.obj
 0001:00039a20       ?GetCurChannel@KPlayerChat@@QAEHPAUKUiChatChannel@@@Z 1003aa20 f   KPlayerChat.obj
 0001:00039b30       ?IGetTeamInfo@KPlayerChat@@QAEHHPAUKUiChatGroupInfo@@@Z 1003ab30 f   KPlayerChat.obj
 0001:00039bb0       ?IGetTeamFriendInfo@KPlayerChat@@QAEHHPAUKUiPlayerItem@@@Z 1003abb0 f   KPlayerChat.obj
 0001:00039c80       ??0CChatFriendTeam@@QAE@XZ 1003ac80 f   KPlayerChat.obj
 0001:00039cd0       ?Release@CChatFriendTeam@@QAEXXZ 1003acd0 f   KPlayerChat.obj
 0001:00039d40       ?SetTime@KCHAT_RECORDER@@AAEXXZ 1003ad40 f   KPlayerChat.obj
 0001:00039dc0       ?SaveSentenceSingle@KCHAT_RECORDER@@QAEXPAD000@Z 1003adc0 f   KPlayerChat.obj
 0001:00039dd0       ?SaveSentenceChannel@KCHAT_RECORDER@@QAEXPAD00@Z 1003add0 f   KPlayerChat.obj
 0001:00039de0       ??0KPlayerFaction@@QAE@XZ  1003ade0 f   KPlayerFaction.obj
 0001:00039df0       ?Release@KPlayerFaction@@QAEXXZ 1003adf0 f   KPlayerFaction.obj
 0001:00039e10       ?SetSeries@KPlayerFaction@@QAEXH@Z 1003ae10 f   KPlayerFaction.obj
 0001:00039e20       ?AddFaction@KPlayerFaction@@QAEHHPAD@Z 1003ae20 f   KPlayerFaction.obj
 0001:00039e60       ?AddFaction@KPlayerFaction@@QAEHHH@Z 1003ae60 f   KPlayerFaction.obj
 0001:00039ec0       ?LeaveFaction@KPlayerFaction@@QAEXXZ 1003aec0 f   KPlayerFaction.obj
 0001:00039ed0       ?OpenCurSkillLevel@KPlayerFaction@@QAEHHPAVKSkillList@@@Z 1003aed0 f   KPlayerFaction.obj
 0001:00039ee0       ?GetGurFactionCamp@KPlayerFaction@@QAEHXZ 1003aee0 f   KPlayerFaction.obj
 0001:00039f20       ?GetCurFactionNo@KPlayerFaction@@QAEHXZ 1003af20 f   KPlayerFaction.obj
 0001:00039f30       ?GetCurFactionName@KPlayerFaction@@QAEXPAD@Z 1003af30 f   KPlayerFaction.obj
 0001:00039f90       ??0KPlayerMenuState@@QAE@XZ 1003af90 f   KPlayerMenuState.obj
 0001:00039fa0       ?Release@KPlayerMenuState@@QAEXXZ 1003afa0 f   KPlayerMenuState.obj
 0001:00039fd0       ?SetState@KPlayerMenuState@@QAEXH@Z 1003afd0 f   KPlayerMenuState.obj
 0001:00039ff0       ?Init@KPlayerMenuStateGraph@@QAEHXZ 1003aff0 f   KPlayerMenuState.obj
 0001:0003a0b0       ?GetStateSpr@KPlayerMenuStateGraph@@QAEXHPAD@Z 1003b0b0 f   KPlayerMenuState.obj
 0001:0003a0f0       ?Init@KPlayerPK@@QAEXXZ    1003b0f0 f   KPlayerPK.obj
 0001:0003a110       ?Active@KPlayerPK@@QAEXXZ  1003b110 f   KPlayerPK.obj
[...]
 0003:01ceb860       ?g_bPingReply@@3HA         11d76860     KCore.obj
 0003:01ceb864       ?g_pClient@@3PAUIClient@@A 11d76864     KCore.obj
 0003:01ceb868       ?g_TitleTabSetting@@3VKTabFile@@A 11d76868     KCore.obj
 0003:01ceb888       ?g_MapTrafficSetting@@3VKIniFile@@A 11d76888     KCore.obj
 0003:01ceb8e8       ?g_StateIniSetting@@3VKIniFile@@A 11d768e8     KCore.obj
 0003:01ceb948       ?g_RankTabSetting@@3VKTabFile@@A 11d76948     KCore.obj
 0003:01ceb968       ?g_ClientWeaponSkillTabFile@@3VKTabFile@@A 11d76968     KCore.obj
 0003:01ceb988       ?g_pAdjustColorTab@@3PAIA  11d76988     KCore.obj
 0003:01ceb98c       ?g_ulAdjustColorCount@@3IA 11d7698c     KCore.obj
 0003:01ceb990       ?g_bUISelIntelActiveWithServer@@3HA 11d76990     KCore.obj
 0003:01ceb994       ?g_bUISpeakActiveWithServer@@3HA 11d76994     KCore.obj
 0003:01ceb998       ?g_bUISelLastSelCount@@3HA 11d76998     KCore.obj
 0003:01ceb99c       ?g_pMusic@@3PAVKMusic@@A   11d7699c     KCore.obj
 0003:01ceb9a0       ?g_pNpcLevelScript@@3PAVKLuaScript@@A 11d769a0     KCore.obj
 0003:01ceb9a8       ?SubWorld@@3PAVKSubWorld@@A 11d769a8     KSubWorld.obj
 0003:01cebaa8       ?nActiveRegionCount@@3HA   11d76aa8     KSubWorldSet.obj
 0003:01cebab0       ?g_SubWorldSet@@3VKSubWorldSet@@A 11d76ab0     KSubWorldSet.obj
 0003:01cf7bb8       ?g_nConquerSeries@@3PAHA   11d82bb8     KMath.obj
 0003:01cf7bcc       ?g_nAccrueSeries@@3PAHA    11d82bcc     KMath.obj
 0003:01cf7be0       ?g_ProtocolProcess@@3VKProtocolProcess@@A 11d82be0     KProtocolProcess.obj
 0003:01cf7fd8       ?g_TempValue@@3PAHA        11d82fd8     ScriptFuns.obj
 0003:01cf87a8       ?g_StoryScriptList@@3VKScriptList@@A 11d837a8     ScriptFuns.obj
 0003:01cf87c0       ?g_ScriptValueSet@@3VKScriptValueSet@@A 11d837c0     KScriptValueSet.obj
 0003:01cf87f4       ?g_pMainScript@@3PAVKLuaScript@@A 11d837f4     KScriptValueSet.obj
 0003:01cf87f8       ?g_szCurScriptDir@@3PADA   11d837f8     KSortScript.obj
 0003:01cf88fc       ?nCurrentScriptNum@@3IA    11d838fc     KSortScript.obj
 0003:01cf8900       ?g_ScriptBinTree@@3V?$BinSTree@VKSortScriptNode@@@@A 11d83900     KSortScript.obj
 0003:01cf8910       ?g_ScriptSet@@3PAVKLuaScript@@A 11d83910     KSortScript.obj
 0003:01cf8988       ?l_pDataChangedNotifyFunc@@3PAUIClientCallback@@A 11d83988     CoreShell.obj
 0003:01cf8990       ?g_ScenePlace@@3VKScenePlaceC@@A 11d83990     KScenePlaceC.obj
 0003:01d65e5c       ?g_pRepresent@@3PAUiRepresentShell@@A 11df0e5c     ImgRef.obj
 0003:01d65e60       ?l_Time@@3IA               11df0e60     ImgRef.obj
 0003:01d65e68       ?g_MagicDesc@@3VKMagicDesc@@A 11df0e68     KMagicDesc.obj
 0003:01d660c8       ?g_StringResourseTabFile@@3VKTabFile@@A 11df10c8     KTaskFuns.obj
 0003:01d660e8       ?Option@@3VKOption@@A      11df10e8     KOption.obj
 0003:01d660f8       ?Ladder@@3VKLadder@@A      11df10f8     KLadder.obj
 0003:01d67ae0       ?g_LoadFile@@3VZLoadFile@@A 11df2ae0     ZLoadFile.obj
 0003:01d67df0       ?g_JXPathFinder@@3VKJXPathFinder@@A 11df2df0     KJXPathFinder.obj
 0003:01d67e3c       __adjust_fdiv              11df2e3c     <common>
 0003:01d67e40       __pRawDllMain              11df2e40     <common>
 0003:01d67e44       ___onexitend               11df2e44     <common>
 0003:01d67e48       ___onexitbegin             11df2e48     <common>

 entry point at        0001:00078b03

 Static symbols

 0001:00076010       _$E9                       10077010 f   KJXPathFinder.obj
 0001:00076020       _$E6                       10077020 f   KJXPathFinder.obj
 0001:00076030       _$E8                       10077030 f   KJXPathFinder.obj
 0001:00076040       _$E7                       10077040 f   KJXPathFinder.obj
 0001:00075a70       _$E28                      10076a70 f   Kautoai.obj
 0001:00075a80       _$E25                      10076a80 f   Kautoai.obj
 0001:00075a90       _$E27                      10076a90 f   Kautoai.obj
 0001:00075aa0       _$E26                      10076aa0 f   Kautoai.obj
 0001:00075ab0       _$E34                      10076ab0 f   Kautoai.obj
 0001:00075ac0       _$E31                      10076ac0 f   Kautoai.obj
 0001:00075ad0       _$E33                      10076ad0 f   Kautoai.obj
 0001:00075ae0       _$E32                      10076ae0 f   Kautoai.obj
 0001:00075410       _$E9                       10076410 f   ZLoadFile.obj
 0001:00075420       _$E6                       10076420 f   ZLoadFile.obj
 0001:00075430       _$E8                       10076430 f   ZLoadFile.obj
 0001:00075440       _$E7                       10076440 f   ZLoadFile.obj
 0001:00075220       _$E9                       10076220 f   KLadder.obj
 0001:00075230       _$E6                       10076230 f   KLadder.obj
 0001:00075240       _$E8                       10076240 f   KLadder.obj
 0001:00075250       _$E7                       10076250 f   KLadder.obj
 0001:00074450       _$E32                      10075450 f   KTaskFuns.obj
 0001:00074460       _$E29                      10075460 f   KTaskFuns.obj
 0001:00074470       _$E31                      10075470 f   KTaskFuns.obj
 0001:00074480       _$E30                      10075480 f   KTaskFuns.obj
 0001:00073d60       _$E9                       10074d60 f   KMagicDesc.obj
 0001:00073d70       _$E6                       10074d70 f   KMagicDesc.obj
 0001:00073d80       _$E8                       10074d80 f   KMagicDesc.obj
 0001:00073d90       _$E7                       10074d90 f   KMagicDesc.obj
 0001:00070a50       _$E7                       10071a50 f   SceneMath.obj
 0001:00070a60       _$E6                       10071a60 f   SceneMath.obj
 0001:0006a2e0       _$E13                      1006b2e0 f   KScenePlaceC.obj
 0001:0006a2f0       _$E10                      1006b2f0 f   KScenePlaceC.obj
 0001:0006a300       _$E12                      1006b300 f   KScenePlaceC.obj
 0001:0006a310       _$E11                      1006b310 f   KScenePlaceC.obj
 0001:0005f240       _$E33                      10060240 f   CoreShell.obj
 0001:0005f250       _$E32                      10060250 f   CoreShell.obj
 0001:0005e890       _$E9                       1005f890 f   KSortScript.obj
 0001:0005e8a0       _$E6                       1005f8a0 f   KSortScript.obj
 0001:0005e8c0       _$E8                       1005f8c0 f   KSortScript.obj
 0001:0005e8d0       _$E7                       1005f8d0 f   KSortScript.obj
 0001:0005e8f0       _$E14                      1005f8f0 f   KSortScript.obj
 0001:0005e900       _$E11                      1005f900 f   KSortScript.obj
 0001:0005e920       _$E13                      1005f920 f   KSortScript.obj
 0001:0005e930       _$E12                      1005f930 f   KSortScript.obj
 0001:0005ea00       ?LoadAllScript@@YAKPAD@Z   1005fa00 f   KSortScript.obj
 0001:0005ed80       ?LoadScriptToSortList@@YAHPAD@Z 1005fd80 f   KSortScript.obj
 0001:0005ee50       ?LoadScriptToSortListA@@YAHPAD@Z 1005fe50 f   KSortScript.obj
 0001:0005e040       _$E9                       1005f040 f   KScriptValueSet.obj
 0001:0005e050       _$E6                       1005f050 f   KScriptValueSet.obj
 0001:0005e060       _$E8                       1005f060 f   KScriptValueSet.obj
 0001:0005e070       _$E7                       1005f070 f   KScriptValueSet.obj
 0001:0005c5b0       _$E32                      1005d5b0 f   ScriptFuns.obj
 0001:0005c5c0       _$E29                      1005d5c0 f   ScriptFuns.obj
 0001:0005c5d0       _$E31                      1005d5d0 f   ScriptFuns.obj
 0001:0005c5e0       _$E30                      1005d5e0 f   ScriptFuns.obj
 0001:00055160       _$E35                      10056160 f   KProtocolProcess.obj
 0001:00055170       _$E32                      10056170 f   KProtocolProcess.obj
 0001:00055180       _$E34                      10056180 f   KProtocolProcess.obj
 0001:00055190       _$E33                      10056190 f   KProtocolProcess.obj
 0001:0005a7f0       ?sParseUGName@@YAHABV?$basic_string@DU?$char_traits@D@std@@V?$allocator@D@2@@std@@PAV12@1@Z 1005b7f0 f   KProtocolProcess.obj
 0001:00052b30       _$E31                      10053b30 f   KSubWorldSet.obj
 0001:00052b40       _$E28                      10053b40 f   KSubWorldSet.obj
 0001:00052b50       _$E30                      10053b50 f   KSubWorldSet.obj
 0001:00052b60       _$E29                      10053b60 f   KSubWorldSet.obj
 0001:00050c50       _$E35                      10051c50 f   KSubWorld.obj
 0001:00050c60       _$E32                      10051c60 f   KSubWorld.obj
 0001:00050c80       _$E34                      10051c80 f   KSubWorld.obj
 0001:00050c90       _$E33                      10051c90 f   KSubWorld.obj
 0001:0004ffa0       _$E10                      10050fa0 f   KCore.obj
 0001:0004ffb0       _$E7                       10050fb0 f   KCore.obj
 0001:0004ffc0       _$E9                       10050fc0 f   KCore.obj
 0001:0004ffd0       _$E8                       10050fd0 f   KCore.obj
 0001:0004ffe0       _$E19                      10050fe0 f   KCore.obj
 0001:0004fff0       _$E16                      10050ff0 f   KCore.obj
 0001:00050000       _$E18                      10051000 f   KCore.obj
 0001:00050010       _$E17                      10051010 f   KCore.obj
 0001:00050020       _$E24                      10051020 f   KCore.obj
 0001:00050030       _$E21                      10051030 f   KCore.obj
 0001:00050040       _$E23                      10051040 f   KCore.obj
 0001:00050050       _$E22                      10051050 f   KCore.obj
 0001:00050060       _$E29                      10051060 f   KCore.obj
 0001:00050070       _$E26                      10051070 f   KCore.obj
 0001:00050080       _$E28                      10051080 f   KCore.obj
 0001:00050090       _$E27                      10051090 f   KCore.obj
 0001:000500a0       _$E34                      100510a0 f   KCore.obj
 0001:000500b0       _$E31                      100510b0 f   KCore.obj
 0001:000500c0       _$E33                      100510c0 f   KCore.obj
 0001:000500d0       _$E32                      100510d0 f   KCore.obj
 0001:000500e0       _$E39                      100510e0 f   KCore.obj
 0001:000500f0       _$E36                      100510f0 f   KCore.obj
 0001:00050110       _$E38                      10051110 f   KCore.obj
 0001:00050120       _$E37                      10051120 f   KCore.obj
 0001:00050140       _$E44                      10051140 f   KCore.obj
 0001:00050150       _$E41                      10051150 f   KCore.obj
 0001:00050160       _$E43                      10051160 f   KCore.obj
 0001:00050170       _$E42                      10051170 f   KCore.obj
 0001:00050180       _$E49                      10051180 f   KCore.obj
 0001:00050190       _$E46                      10051190 f   KCore.obj
 0001:000501a0       _$E48                      100511a0 f   KCore.obj
 0001:000501b0       _$E47                      100511b0 f   KCore.obj
 0001:000501c0       _$E54                      100511c0 f   KCore.obj
 0001:000501d0       _$E51                      100511d0 f   KCore.obj
 0001:000501e0       _$E53                      100511e0 f   KCore.obj
 0001:000501f0       _$E52                      100511f0 f   KCore.obj
 0001:00050200       _$E59                      10051200 f   KCore.obj
 0001:00050210       _$E56                      10051210 f   KCore.obj
 0001:00050220       _$E58                      10051220 f   KCore.obj
 0001:00050230       _$E57                      10051230 f   KCore.obj
 0001:00050240       _$E64                      10051240 f   KCore.obj
 0001:00050250       _$E61                      10051250 f   KCore.obj
 0001:00050260       _$E63                      10051260 f   KCore.obj
 0001:00050270       _$E62                      10051270 f   KCore.obj
 0001:00050280       _$E69                      10051280 f   KCore.obj
 0001:00050290       _$E66                      10051290 f   KCore.obj
 0001:000502a0       _$E68                      100512a0 f   KCore.obj
 0001:000502b0       _$E67                      100512b0 f   KCore.obj
 0001:000502c0       _$E74                      100512c0 f   KCore.obj
 0001:000502d0       _$E71                      100512d0 f   KCore.obj
 0001:000502e0       _$E73                      100512e0 f   KCore.obj
 0001:000502f0       _$E72                      100512f0 f   KCore.obj
 0001:00050300       _$E79                      10051300 f   KCore.obj
 0001:00050310       _$E76                      10051310 f   KCore.obj
 0001:00050320       _$E78                      10051320 f   KCore.obj
 0001:00050330       _$E77                      10051330 f   KCore.obj
 0001:00050340       _$E84                      10051340 f   KCore.obj
 0001:00050350       _$E81                      10051350 f   KCore.obj
 0001:00050360       _$E83                      10051360 f   KCore.obj
 0001:00050370       _$E82                      10051370 f   KCore.obj
 0001:00050380       _$E89                      10051380 f   KCore.obj
 0001:00050390       _$E86                      10051390 f   KCore.obj
 0001:000503a0       _$E88                      100513a0 f   KCore.obj
 0001:000503b0       _$E87                      100513b0 f   KCore.obj
 0001:000503c0       _$E94                      100513c0 f   KCore.obj
 0001:000503d0       _$E91                      100513d0 f   KCore.obj
 0001:000503e0       _$E93                      100513e0 f   KCore.obj
 0001:000503f0       _$E92                      100513f0 f   KCore.obj
 0001:0004fd30       _$E29                      10050d30 f   KViewItem.obj
 0001:0004fd40       _$E28                      10050d40 f   KViewItem.obj
 0001:0004e940       _$E35                      1004f940 f   KObjSet.obj
 0001:0004e950       _$E32                      1004f950 f   KObjSet.obj
 0001:0004e960       _$E34                      1004f960 f   KObjSet.obj
 0001:0004e970       _$E33                      1004f970 f   KObjSet.obj
 0001:0004d710       _$E33                      1004e710 f   KObj.obj
 0001:0004d720       _$E32                      1004e720 f   KObj.obj
 0001:0004caa0       _$E9                       1004daa0 f   KItemSet.obj
 0001:0004cab0       _$E6                       1004dab0 f   KItemSet.obj
 0001:0004cac0       _$E8                       1004dac0 f   KItemSet.obj
 0001:0004cad0       _$E7                       1004dad0 f   KItemSet.obj
 0001:00045640       _$E28                      10046640 f   KItemGenerator.obj
 0001:00045650       _$E25                      10046650 f   KItemGenerator.obj
 0001:00045660       _$E27                      10046660 f   KItemGenerator.obj
 0001:00045670       _$E26                      10046670 f   KItemGenerator.obj
 0001:00045680       _$E34                      10046680 f   KItemGenerator.obj
 0001:00045690       _$E31                      10046690 f   KItemGenerator.obj
 0001:000456a0       _$E33                      100466a0 f   KItemGenerator.obj
 0001:000456b0       _$E32                      100466b0 f   KItemGenerator.obj
 0001:000456c0       _$E39                      100466c0 f   KItemGenerator.obj
 0001:000456d0       _$E36                      100466d0 f   KItemGenerator.obj
 0001:000456e0       _$E38                      100466e0 f   KItemGenerator.obj
 0001:000456f0       _$E37                      100466f0 f   KItemGenerator.obj
 0001:00045270       _$E9                       10046270 f   KItemChangeRes.obj
 0001:00045280       _$E6                       10046280 f   KItemChangeRes.obj
 0001:00045290       _$E8                       10046290 f   KItemChangeRes.obj
 0001:000452a0       _$E7                       100462a0 f   KItemChangeRes.obj
 0001:00041f50       _$E31                      10042f50 f   KItem.obj
 0001:00041f60       _$E28                      10042f60 f   KItem.obj
 0001:00041f80       _$E30                      10042f80 f   KItem.obj
 0001:00041f90       _$E29                      10042f90 f   KItem.obj
 0001:00040c10       _$E31                      10041c10 f   KBuySell.obj
 0001:00040c20       _$E28                      10041c20 f   KBuySell.obj
 0001:00040c30       _$E30                      10041c30 f   KBuySell.obj
 0001:00040c40       _$E29                      10041c40 f   KBuySell.obj
 0001:0003bc30       _$E29                      1003cc30 f   KPlayerTeam.obj
 0001:0003bc40       _$E28                      1003cc40 f   KPlayerTeam.obj
 0001:0003aa20       _$E31                      1003ba20 f   KPlayerSet.obj
 0001:0003aa30       _$E28                      1003ba30 f   KPlayerSet.obj
 0001:0003aa40       _$E30                      1003ba40 f   KPlayerSet.obj
 0001:0003aa50       _$E29                      1003ba50 f   KPlayerSet.obj
 0001:00026a20       _$E36                      10027a20 f   KPlayer.obj
 0001:00026a30       _$E33                      10027a30 f   KPlayer.obj
 0001:00026a50       _$E35                      10027a50 f   KPlayer.obj
 0001:00026a60       _$E34                      10027a60 f   KPlayer.obj
 0001:00024220       _$E35                      10025220 f   KNpcSet.obj
 0001:00024230       _$E32                      10025230 f   KNpcSet.obj
 0001:00024240       _$E34                      10025240 f   KNpcSet.obj
 0001:00024250       _$E33                      10025250 f   KNpcSet.obj
 0001:00021610       _$E9                       10022610 f   KNpcResList.obj
 0001:00021620       _$E6                       10022620 f   KNpcResList.obj
 0001:00021630       _$E8                       10022630 f   KNpcResList.obj
 0001:00021640       _$E7                       10022640 f   KNpcResList.obj
 0001:0001b800       _$E31                      1001c800 f   KNpcAttribModify.obj
 0001:0001b810       _$E28                      1001c810 f   KNpcAttribModify.obj
 0001:0001b820       _$E30                      1001c820 f   KNpcAttribModify.obj
 0001:0001b830       _$E29                      1001c830 f   KNpcAttribModify.obj
 0001:00018720       _$E29                      10019720 f   KNpcAI.obj
 0001:00018730       _$E28                      10019730 f   KNpcAI.obj
 0001:0000d720       _$E35                      1000e720 f   KNpc.obj
 0001:0000d730       _$E32                      1000e730 f   KNpc.obj
 0001:0000d750       _$E34                      1000e750 f   KNpc.obj
 0001:0000d760       _$E33                      1000e760 f   KNpc.obj
 0001:0000cee0       _$E13                      1000dee0 f   KSkillSpecial.obj
 0001:0000cef0       _$E10                      1000def0 f   KSkillSpecial.obj
 0001:0000cf00       _$E12                      1000df00 f   KSkillSpecial.obj
 0001:0000cf10       _$E11                      1000df10 f   KSkillSpecial.obj
 0001:00005700       _$E31                      10006700 f   KSkillManager.obj
 0001:00005710       _$E28                      10006710 f   KSkillManager.obj
 0001:00005720       _$E30                      10006720 f   KSkillManager.obj
 0001:00005730       _$E29                      10006730 f   KSkillManager.obj
 0001:000040c0       _$E9                       100050c0 f   KMissleSet.obj
 0001:000040d0       _$E6                       100050d0 f   KMissleSet.obj
 0001:000040e0       _$E8                       100050e0 f   KMissleSet.obj
 0001:000040f0       _$E7                       100050f0 f   KMissleSet.obj
 0001:00000ba0       _$E35                      10001ba0 f   KMissle.obj
 0001:00000bb0       _$E32                      10001bb0 f   KMissle.obj
 0001:00000bd0       _$E34                      10001bd0 f   KMissle.obj
 0001:00000be0       _$E33                      10001be0 f   KMissle.obj
 0001:00000c00       _$E40                      10001c00 f   KMissle.obj
 0001:00000c10       _$E37                      10001c10 f   KMissle.obj
 0001:00000c30       _$E39                      10001c30 f   KMissle.obj
 0001:00000c40       _$E38                      10001c40 f   KMissle.obj
 0001:00078984       ?ArrayUnwindFilter@@YAHPAU_EXCEPTION_POINTERS@@@Z 10079984 f   MSVCRT:ehvecdtr.obj
