 CoreClient

 Timestamp is 6926736f (Tue Nov 25 22:26:39 2025)

 Preferred load address is 10000000

 Start         Length     Name                   Class
 0001:00000000 0007761eH .text                   CODE
 0001:00077620 000011b3H .text$x                 CODE
 0002:00000000 000002c0H .idata$5                DATA
 0002:000002c0 0000ac1cH .rdata                  DATA
 0002:0000aee0 000014f8H .xdata$x                DATA
 0002:0000c3d8 00000078H .idata$2                DATA
 0002:0000c450 00000014H .idata$3                DATA
 0002:0000c464 000002c0H .idata$4                DATA
 0002:0000c724 00001338H .idata$6                DATA
 0002:0000da60 00001af1H .edata                  DATA
 0003:00000000 00000004H .CRT$XCA                DATA
 0003:00000004 000000e4H .CRT$XCU                DATA
 0003:000000e8 00000004H .CRT$XCZ                DATA
 0003:000000ec 00000004H .CRT$XIA                DATA
 0003:000000f0 00000004H .CRT$XIZ                DATA
 0003:00000100 000059f0H .data                   DATA
 0003:00005af0 01d6199cH .bss                    DATA

  Address         Publics by Value              Rva+Base     Lib:Object

 0001:00000000       ?GetMoney@KInventory@@QAEHXZ 10001000 f i KThiefSkill.obj
 0001:00000010       ?SetMoney@KInventory@@QAEHH@Z 10001010 f i KThiefSkill.obj
 0001:00000030       ??4KInventory@@QAEAAV0@ABV0@@Z 10001030 f i KThiefSkill.obj
 0001:00000060       ?GetBuildItem@KItemList@@QAEHH@Z 10001060 f i KThiefSkill.obj
 0001:00000070       ?GetEquipment@KItemList@@QBEHH@Z 10001070 f i KThiefSkill.obj
 0001:00000080       ?GetMoney@KItemList@@QAEHH@Z 10001080 f i KThiefSkill.obj
 0001:000000a0       ?Hand@KItemList@@QAEHXZ    100010a0 f i KThiefSkill.obj
 0001:000000b0       ?GetMaskLock@KItemList@@QAEHXZ 100010b0 f i KThiefSkill.obj
 0001:000000c0       ?IsLockOperation@KItemList@@QAEHXZ 100010c0 f i KThiefSkill.obj
 0001:000000d0       ?IsActiveSet@KItemList@@QBEHXZ 100010d0 f i KThiefSkill.obj
 0001:000000e0       ??4KItemList@@QAEAAV0@ABV0@@Z 100010e0 f i KThiefSkill.obj
 0001:00000100       ??0KThiefSkill@@QAE@XZ     10001100 f   KThiefSkill.obj
 0001:00000140       ?GetSkillCostType@KThiefSkill@@UBE?AW4NPCATTRIB@@XZ 10001140 f i KThiefSkill.obj
 0001:00000150       ?GetAttackRadius@KThiefSkill@@UBEHXZ 10001150 f i KThiefSkill.obj
 0001:00000160       ?IsTargetOnly@KThiefSkill@@UBEHXZ 10001160 f i KThiefSkill.obj
 0001:00000170       ?IsTargetSelf@KThiefSkill@@UBEHXZ 10001170 f i KThiefSkill.obj
 0001:00000180       ?IsTargetEnemy@KThiefSkill@@UBEHXZ 10001180 f i KThiefSkill.obj
 0001:00000190       ?IsTargetAlly@KThiefSkill@@UBEHXZ 10001190 f i KThiefSkill.obj
 0001:000001a0       ?IsTargetObj@KThiefSkill@@UBEHXZ 100011a0 f i KThiefSkill.obj
 0001:000001b0       ??_EKThiefSkill@@UAEPAXI@Z 100011b0 f i KThiefSkill.obj
 0001:000001b0       ??_GKThiefSkill@@UAEPAXI@Z 100011b0 f i KThiefSkill.obj
 0001:000001d0       ??1KThiefSkill@@UAE@XZ     100011d0 f   KThiefSkill.obj
 0001:000001e0       ?GetSkillId@KThiefSkill@@UAEHXZ 100011e0 f   KThiefSkill.obj
 0001:000001f0       ?GetSkillName@KThiefSkill@@UAEPBDXZ 100011f0 f   KThiefSkill.obj
 0001:00000200       ?GetSkillStyle@KThiefSkill@@UAEHXZ 10001200 f   KThiefSkill.obj
 0001:00000210       ?LoadSkillLevelData@KThiefSkill@@UAEXKH@Z 10001210 f   KThiefSkill.obj
 0001:00000220       ?DoSkill@KThiefSkill@@QAEHPAVKNpc@@HH@Z 10001220 f   KThiefSkill.obj
 0001:000002e0       ?Cast@KThiefSkill@@QAEHPAVKPlayer@@0@Z 100012e0 f   KThiefSkill.obj
 0001:000002f0       ?OnSkill@KThiefSkill@@QAEHPAVKNpc@@@Z 100012f0 f   KThiefSkill.obj
 0001:00000410       ?CanCastSkill@KThiefSkill@@UBEHHAAH0@Z 10001410 f   KThiefSkill.obj
 0001:000004c0       ?GetDesc@KThiefSkill@@QAEXKKPADH_N@Z 100014c0 f   KThiefSkill.obj
 0001:000004f0       ?LoadSetting@KThiefSkill@@QAEHPAD@Z 100014f0 f   KThiefSkill.obj
 0001:000007b0       ?GetSkillCost@KThiefSkill@@UBEHPAX@Z 100017b0 f   KThiefSkill.obj
 0001:000007d0       ?DrawSkillIcon@KThiefSkill@@UAEXHHHHH@Z 100017d0 f   KThiefSkill.obj
 0001:00000a30       ?IsAura@ISkill@@UBEHXZ     10001a30 f i KThiefSkill.obj
 0001:00000a40       ?IsPhysical@ISkill@@UBEHXZ 10001a40 f i KThiefSkill.obj
 0001:00000a50       ?GetSkillAttrib@ISkill@@UBEFXZ 10001a50 f i KThiefSkill.obj
 0001:00000a60       ?IsExpSkill@ISkill@@UBEHXZ 10001a60 f i KThiefSkill.obj
 0001:00000a70       ?GetSkillLevelUpScriptId@ISkill@@UBEKXZ 10001a70 f i KThiefSkill.obj
 0001:00000a80       ??_GISkill@@UAEPAXI@Z      10001a80 f i KThiefSkill.obj
 0001:00000a80       ??_EISkill@@UAEPAXI@Z      10001a80 f i KThiefSkill.obj
 0001:00000aa0       ??4KMapMusic@@QAEAAV0@ABV0@@Z 10001aa0 f i KMissle.obj
 0001:00000ac0       ?GetGameTime@KSubWorldSet@@QAEHXZ 10001ac0 f i KMissle.obj
 0001:00000ad0       ?GetGameVersion@KSubWorldSet@@QAEHXZ 10001ad0 f i KMissle.obj
 0001:00000ae0       ?SetPing@KSubWorldSet@@QAEXK@Z 10001ae0 f i KMissle.obj
 0001:00000af0       ?GetPing@KSubWorldSet@@QAEKXZ 10001af0 f i KMissle.obj
 0001:00000b00       ??4KSubWorldSet@@QAEAAV0@ABV0@@Z 10001b00 f i KMissle.obj
 0001:00000b20       ??1KSubWorldSet@@QAE@XZ    10001b20 f i KMissle.obj
 0001:00000b30       ??0KMissleSet@@QAE@XZ      10001b30 f i KMissle.obj
 0001:00000b40       ??4KMissleSet@@QAEAAV0@ABV0@@Z 10001b40 f i KMissle.obj
 0001:00000b70       ??1KMissleSet@@QAE@XZ      10001b70 f i KMissle.obj
 0001:00000c80       ??0KMissle@@QAE@XZ         10001c80 f   KMissle.obj
 0001:00000d50       ??_EKMissle@@UAEPAXI@Z     10001d50 f i KMissle.obj
 0001:00000d50       ??_GKMissle@@UAEPAXI@Z     10001d50 f i KMissle.obj
 0001:00000d70       ?Release@KMissle@@AAEXXZ   10001d70 f   KMissle.obj
 0001:00000dc0       ??1KMissle@@UAE@XZ         10001dc0 f   KMissle.obj
 0001:00000e10       ??_EKNode@@UAEPAXI@Z       10001e10 f i KMissle.obj
 0001:00000e10       ??_GKNode@@UAEPAXI@Z       10001e10 f i KMissle.obj
 0001:00000e30       ?GetInfoFromTabFile@KMissle@@QAEHH@Z 10001e30 f   KMissle.obj
 0001:00000e50       ?GetInfoFromTabFile@KMissle@@QAEHPAVKITabFile@@H@Z 10001e50 f   KMissle.obj
 0001:00001370       ??_GKIndexNode@@UAEPAXI@Z  10002370 f i KMissle.obj
 0001:00001370       ??_EKIndexNode@@UAEPAXI@Z  10002370 f i KMissle.obj
 0001:00001390       ??1KIndexNode@@UAE@XZ      10002390 f i KMissle.obj
 0001:000013a0       ?Init@KMissle@@AAEHHHHHH@Z 100023a0 f   KMissle.obj
 0001:000013c0       ?Activate@KMissle@@QAEHXZ  100023c0 f   KMissle.obj
 0001:00001730       ?OnWait@KMissle@@AAEXXZ    10002730 f   KMissle.obj
 0001:00001740       ?OnCollision@KMissle@@AAEXXZ 10002740 f   KMissle.obj
 0001:00001750       ?CheckCollision@KMissle@@AAEHXZ 10002750 f   KMissle.obj
 0001:00001910       ?OnFly@KMissle@@AAEXXZ     10002910 f   KMissle.obj
 0001:00002330       ?Send@KWorldMsg@@QAEHKHHH@Z 10003330 f i KMissle.obj
 0001:000023a0       ??_GKWorldMsgNode@@UAEPAXI@Z 100033a0 f i KMissle.obj
 0001:000023a0       ??_EKWorldMsgNode@@UAEPAXI@Z 100033a0 f i KMissle.obj
 0001:000023c0       ??1KWorldMsgNode@@UAE@XZ   100033c0 f i KMissle.obj
 0001:000023d0       ?OnVanish@KMissle@@AAEXXZ  100033d0 f   KMissle.obj
 0001:000023e0       ?Paint@KMissle@@QAEXXZ     100033e0 f   KMissle.obj
 0001:000025d0       ?CheckBeyondRegion@KMissle@@AAEHHH@Z 100035d0 f   KMissle.obj
 0001:00002840       ??4KMissle@@AAEAAV0@AAV0@@Z 10003840 f   KMissle.obj
 0001:00002b00       ?ProcessDamage@KMissle@@AAEHH@Z 10003b00 f   KMissle.obj
 0001:00002b10       ?DoVanish@KMissle@@AAEXXZ  10003b10 f   KMissle.obj
 0001:00002bb0       ?DoCollision@KMissle@@AAEXXZ 10003bb0 f   KMissle.obj
 0001:00002d10       ?DoFly@KMissle@@AAEXXZ     10003d10 f   KMissle.obj
 0001:00002d30       ?GetOffsetAxis@KMissle@@SAHHHHHHHAAH00@Z 10003d30 f   KMissle.obj
 0001:00002e40       ?ProcessCollision@KMissle@@AAEHHHHHHH@Z 10003e40 f   KMissle.obj
 0001:00002ff0       ?ProcessCollision@KMissle@@AAEHXZ 10003ff0 f   KMissle.obj
 0001:00003030       ?CreateSpecialEffect@KMissle@@QAEHW4eMissleStatus@@HHHH@Z 10004030 f   KMissle.obj
 0001:000031f0       ??_GKSkillSpecialNode@@UAEPAXI@Z 100041f0 f i KMissle.obj
 0001:000031f0       ??_EKSkillSpecialNode@@UAEPAXI@Z 100041f0 f i KMissle.obj
 0001:00003210       ??1KSkillSpecialNode@@UAE@XZ 10004210 f i KMissle.obj
 0001:00003230       ?CreateMissleForShow@KMissle@@SAHPAD00PAUTMissleForShow@@@Z 10004230 f   KMissle.obj
 0001:00003440       ?GetLightInfo@KMissle@@QAEXPAUKLightInfo@@@Z 10004440 f   KMissle.obj
 0001:000034b0       ?DoWait@KMissle@@AAEXXZ    100044b0 f   KMissle.obj
 0001:00003530       ?PrePareFly@KMissle@@AAEHXZ 10004530 f   KMissle.obj
 0001:00003790       ?CheckNearestCollision@KMissle@@AAEHXZ 10004790 f   KMissle.obj
 0001:00003950       ?FindNearestCollision@KMissle@@AAEHHH@Z 10004950 f   KMissle.obj
 0001:00003a20       ?GetMpsPos@KMissle@@QAEXPAH0@Z 10004a20 f   KMissle.obj
 0001:00003a70       ??0KMissleRes@@QAE@XZ      10004a70 f   KMissleRes.obj
 0001:00003b10       ??1KMissleRes@@QAE@XZ      10004b10 f   KMissleRes.obj
 0001:00003bb0       ??1KList@@QAE@XZ           10004bb0 f i KMissleRes.obj
 0001:00003bc0       ?LoadResource@KMissleRes@@QAEXHPAD0@Z 10004bc0 f   KMissleRes.obj
 0001:00003c30       ?Init@KMissleRes@@QAEHXZ   10004c30 f   KMissleRes.obj
 0001:00003c40       ?Remove@KMissleRes@@QAEXXZ 10004c40 f   KMissleRes.obj
 0001:00003c50       ?Clear@KMissleRes@@QAEXXZ  10004c50 f   KMissleRes.obj
 0001:00003cf0       ?Draw@KMissleRes@@QAEHHHHHHHH@Z 10004cf0 f   KMissleRes.obj
 0001:00003f90       ?PlaySoundA@KMissleRes@@QAEXHHHH@Z 10004f90 f   KMissleRes.obj
 0001:00004060       ?GetSndVolume@KMissleRes@@QAEHH@Z 10005060 f   KMissleRes.obj
 0001:00004090       ?StopSound@KMissleRes@@QAEXXZ 10005090 f   KMissleRes.obj
 0001:00004120       ?Init@KMissleSet@@QAEXXZ   10005120 f   KMissleSet.obj
 0001:00004170       ?FindFree@KMissleSet@@QAEHXZ 10005170 f   KMissleSet.obj
 0001:00004180       ?Add@KMissleSet@@QAEHHHHHHH@Z 10005180 f   KMissleSet.obj
 0001:00004220       ?Add@KMissleSet@@QAEHHHH@Z 10005220 f   KMissleSet.obj
 0001:00004370       ?CreateMissile@KMissleSet@@QAEHHHHHHHHH@Z 10005370 f   KMissleSet.obj
 0001:000043a0       ?Activate@KMissleSet@@QAEHXZ 100053a0 f   KMissleSet.obj
 0001:000043d0       ?Remove@KMissleSet@@QAEXH@Z 100053d0 f   KMissleSet.obj
 0001:00004420       ?Draw@KMissleSet@@QAEXXZ   10005420 f   KMissleSet.obj
 0001:00004440       ?GetCount@KMissleSet@@QAEHXZ 10005440 f   KMissleSet.obj
 0001:00004460       ?ClearMissles@KMissleSet@@QAEXXZ 10005460 f   KMissleSet.obj
 0001:00004490       ??0KSkillList@@QAE@XZ      10005490 f   KSkillList.obj
 0001:000044b0       ??1KSkillList@@QAE@XZ      100054b0 f   KSkillList.obj
 0001:000044c0       ?FindSame@KSkillList@@QAEHH@Z 100054c0 f   KSkillList.obj
 0001:000044f0       ?FindFree@KSkillList@@QAEHXZ 100054f0 f   KSkillList.obj
 0001:00004510       ?GetCount@KSkillList@@QAEHXZ 10005510 f   KSkillList.obj
 0001:00004530       ?SetSkillLevel@KSkillList@@QAEXHH@Z 10005530 f   KSkillList.obj
 0001:00004570       ?SetLevel@KSkillList@@QAEHHH@Z 10005570 f   KSkillList.obj
 0001:000045b0       ?IncreaseLevel@KSkillList@@QAEHHHH@Z 100055b0 f   KSkillList.obj
 0001:000046b0       ?Add@KSkillList@@QAEHHH_N@Z 100056b0 f   KSkillList.obj
 0001:00004800       ?Remove@KSkillList@@QAEXH@Z 10005800 f   KSkillList.obj
 0001:00004890       ?GetLevel@KSkillList@@QAEHH@Z 10005890 f   KSkillList.obj
 0001:000048c0       ?GetCurrentLevel@KSkillList@@QAEHH@Z 100058c0 f   KSkillList.obj
 0001:000048f0       ?GetPointAdd@KSkillList@@QAEDH@Z 100058f0 f   KSkillList.obj
 0001:00004920       ?CanCast@KSkillList@@QAEHHK@Z 10005920 f   KSkillList.obj
 0001:00004970       ?SetNextCastTime@KSkillList@@QAEXHK@Z 10005970 f   KSkillList.obj
 0001:000049a0       ?SetMaxCastTime@KSkillList@@QAEXHK@Z 100059a0 f   KSkillList.obj
 0001:000049d0       ?GetEnhanceSkills@KSkillList@@QAEHH@Z 100059d0 f   KSkillList.obj
 0001:00004a60       ?GetSkillSortList@KSkillList@@QAEHPAUKUiSkillData@@@Z 10005a60 f   KSkillList.obj
 0001:00004b70       ?GetLeftSkillSortList@KSkillList@@QAEHPAUKUiSkillData@@@Z 10005b70 f   KSkillList.obj
 0001:00004cb0       ?GetRightSkillSortList@KSkillList@@QAEHPAUKUiSkillData@@@Z 10005cb0 f   KSkillList.obj
 0001:00004df0       ?GetSkillPosition@KSkillList@@QAEHH@Z 10005df0 f   KSkillList.obj
 0001:00004ec0       ?GetNextCastTime@KSkillList@@QAEKH@Z 10005ec0 f   KSkillList.obj
 0001:00004ef0       ?GetMaxCastTime@KSkillList@@QAEKH@Z 10005ef0 f   KSkillList.obj
 0001:00004f20       ?GetSkillInfoList@KSkillList@@QAEHHPAUKUiSkillItem@@H@Z 10005f20 f   KSkillList.obj
 0001:000050f0       ?GetSkillState@KSkillList@@QAEHH@Z 100060f0 f   KSkillList.obj
 0001:00005280       ?GetSkillFight@KSkillList@@QAEHH@Z 10006280 f   KSkillList.obj
 0001:000053e0       ?FindSkillAura@KSkillList@@QAEHH@Z 100063e0 f   KSkillList.obj
 0001:00005510       ?FindSkillRight@KSkillList@@QAEHH@Z 10006510 f   KSkillList.obj
 0001:00005690       ?FindSkillLifeReplenish@KSkillList@@QAEHXZ 10006690 f   KSkillList.obj
 0001:00005760       ??0KSkillManager@@QAE@XZ   10006760 f   KSkillManager.obj
 0001:00005770       ??1KSkillManager@@QAE@XZ   10006770 f   KSkillManager.obj
 0001:000057b0       ?Init@KSkillManager@@QAEHXZ 100067b0 f   KSkillManager.obj
 0001:00005970       ?InstanceSkill@KSkillManager@@AAEPAVISkill@@KK@Z 10006970 f   KSkillManager.obj
 0001:00005ae0       ??4KSkill@@QAEAAV0@ABV0@@Z 10006ae0 f i KSkillManager.obj
 0001:00006000       ??0KSkill@@QAE@XZ          10007000 f   KSkills.obj
 0001:00006140       ??_GKSkill@@UAEPAXI@Z      10007140 f i KSkills.obj
 0001:00006140       ??_EKSkill@@UAEPAXI@Z      10007140 f i KSkills.obj
 0001:00006160       ??1KSkill@@UAE@XZ          10007160 f   KSkills.obj
 0001:00006170       ?CanCastSkill@KSkill@@UBEHHAAH0@Z 10007170 f   KSkills.obj
 0001:00006350       ?Cast@KSkill@@QBEHHHHHW4eSkillLauncherType@@H@Z 10007350 f   KSkills.obj
 0001:00006580       ??_H@YGXPAXIHP6EX0@Z@Z     10007580 f i KSkills.obj
 0001:000065b0       ?Vanish@KSkill@@ABEXPAVKMissle@@@Z 100075b0 f   KSkills.obj
 0001:000065c0       ?OnMissleEvent@KSkill@@QBEHGPAVKMissle@@@Z 100075c0 f   KSkills.obj
 0001:000067e0       ?FlyEvent@KSkill@@ABEXPAVKMissle@@@Z 100077e0 f   KSkills.obj
 0001:000067f0       ?Collidsion@KSkill@@ABEXPAVKMissle@@@Z 100077f0 f   KSkills.obj
 0001:00006800       ?CastMissles@KSkill@@ABEHHHHHW4eSkillLauncherType@@@Z 10007800 f   KSkills.obj
 0001:00008180       ?qsqrt@@YAMM@Z             10009180 f i KSkills.obj
 0001:000081b0       ?g_GetDistance@@YAHHHHH@Z  100091b0 f i KSkills.obj
 0001:00008220       ?IsTargetOnly@KSkill@@UBEHXZ 10009220 f i KSkills.obj
 0001:00008230       ?IsTargetSelf@KSkill@@UBEHXZ 10009230 f i KSkills.obj
 0001:00008240       ?IsTargetEnemy@KSkill@@UBEHXZ 10009240 f i KSkills.obj
 0001:00008250       ?IsTargetAlly@KSkill@@UBEHXZ 10009250 f i KSkills.obj
 0001:00008260       ?IsTargetObj@KSkill@@UBEHXZ 10009260 f i KSkills.obj
 0001:00008270       ?GetSkillName@KSkill@@UAEPBDXZ 10009270 f i KSkills.obj
 0001:00008280       ?GetSkillStyle@KSkill@@UAEHXZ 10009280 f i KSkills.obj
 0001:00008290       ?GetAttackRadius@KSkill@@UBEHXZ 10009290 f i KSkills.obj
 0001:000082a0       ?GetSkillCost@KSkill@@UBEHPAX@Z 100092a0 f i KSkills.obj
 0001:000082b0       ?GetSkillCostType@KSkill@@UBE?AW4NPCATTRIB@@XZ 100092b0 f i KSkills.obj
 0001:000082c0       ?GetSkillId@KSkill@@UAEHXZ 100092c0 f i KSkills.obj
 0001:000082d0       ?IsAura@KSkill@@UBEHXZ     100092d0 f i KSkills.obj
 0001:000082e0       ?IsPhysical@KSkill@@UBEHXZ 100092e0 f i KSkills.obj
 0001:000082f0       ?GetSkillAttrib@KSkill@@UBEFXZ 100092f0 f i KSkills.obj
 0001:00008300       ?IsExpSkill@KSkill@@UBEHXZ 10009300 f i KSkills.obj
 0001:00008310       ?CastZone@KSkill@@ABEHPAUTOrdinSkillParam@@HHHHH@Z 10009310 f   KSkills.obj
 0001:00008870       ?CastLine@KSkill@@ABEHPAUTOrdinSkillParam@@HHHHH@Z 10009870 f   KSkills.obj
 0001:00008ca0       ?CastExtractiveLineMissle@KSkill@@ABEHPAUTOrdinSkillParam@@HHHHHHH@Z 10009ca0 f   KSkills.obj
 0001:00009070       ?CastWall@KSkill@@ABEHPAUTOrdinSkillParam@@HHHHH@Z 1000a070 f   KSkills.obj
 0001:00009530       ?CastCircle@KSkill@@ABEHPAUTOrdinSkillParam@@HHH@Z 1000a530 f   KSkills.obj
 0001:00009880       ?CastSpread@KSkill@@ABEHPAUTOrdinSkillParam@@HHH@Z 1000a880 f   KSkills.obj
 0001:00009da0       ?GetChildSkillNum@KSkill@@QBEHH@Z 1000ada0 f   KSkills.obj
 0001:00009db0       ?CreateMissle@KSkill@@ABEXHHH@Z 1000adb0 f   KSkills.obj
 0001:00009fe0       ?GetInfoFromTabFile@KSkill@@QAEHH@Z 1000afe0 f   KSkills.obj
 0001:0000a000       ?GetInfoFromTabFile@KSkill@@QAEHPAVKITabFile@@H@Z 1000b000 f   KSkills.obj
 0001:0000a6d0       ?LoadSkillLevelData@KSkill@@UAEXKH@Z 1000b6d0 f   KSkills.obj
 0001:0000aa10       ?GetMissleGenerateTime@KSkill@@QBEIH@Z 1000ba10 f   KSkills.obj
 0001:0000ab30       ?GetSkillIdFromName@KSkill@@SAHPAD@Z 1000bb30 f   KSkills.obj
 0001:0000abd0       ?CastInitiativeSkill@KSkill@@ABEHHHHH@Z 1000bbd0 f   KSkills.obj
 0001:0000abe0       ?CastPassivitySkill@KSkill@@ABEHHHHHH@Z 1000bbe0 f   KSkills.obj
 0001:0000abf0       ?ParseString2MagicAttrib@KSkill@@AAEHKPAD0@Z 1000bbf0 f   KSkills.obj
 0001:0000b3d0       ?DrawSkillIcon@KSkill@@UAEXHHHHH@Z 1000c3d0 f   KSkills.obj
 0001:0000b630       ?GetDesc@KSkill@@SAXKKPADH_N@Z 1000c630 f   KSkills.obj
 0001:0000c6b0       ?GetDescAboutLevel@KSkill@@QAEXPADHH@Z 1000d6b0 f   KSkills.obj
 0001:0000cc60       ?GetDescAboutEventSkillLevel@KSkill@@QAEXPADH@Z 1000dc60 f   KSkills.obj
 0001:0000ce70       ?PlayPreCastSound@KSkill@@QBEXHHH@Z 1000de70 f   KSkills.obj
 0001:0000cf60       ??0KSkillSpecial@@QAE@XZ   1000df60 f   KSkillSpecial.obj
 0001:0000cfa0       ?Init@KSkillSpecial@@QAEHXZ 1000dfa0 f   KSkillSpecial.obj
 0001:0000cfc0       ?Draw@KSkillSpecial@@QAEXH@Z 1000dfc0 f   KSkillSpecial.obj
 0001:0000d140       ?SetAnimation@KSkillSpecial@@QAEXPADI@Z 1000e140 f   KSkillSpecial.obj
 0001:0000d190       ?Remove@KSkillSpecial@@QAEXXZ 1000e190 f   KSkillSpecial.obj
 0001:0000d1a0       ??0KList@@QAE@XZ           1000e1a0 f i KSkillSpecial.obj
 0001:0000d1d0       ?Init@KFaction@@QAEHXZ     1000e1d0 f   KFaction.obj
 0001:0000d680       ?GetID@KFaction@@QAEHHH@Z  1000e680 f   KFaction.obj
 0001:0000d6b0       ?GetID@KFaction@@QAEHHPAD@Z 1000e6b0 f   KFaction.obj
 0001:0000d740       ?GetCamp@KFaction@@QAEHH@Z 1000e740 f   KFaction.obj
 0001:0000d7c0       ??1KNpc@@QAE@XZ            1000e7c0 f i KNpc.obj
 0001:0000d850       ??0KNpc@@QAE@XZ            1000e850 f   KNpc.obj
 0001:0000db00       ??1KNode@@UAE@XZ           1000eb00 f i KNpc.obj
 0001:0000db10       ??0KNode@@QAE@XZ           1000eb10 f i KNpc.obj
 0001:0000db30       ??0KMagicAttrib@@QAE@XZ    1000eb30 f i KNpc.obj
 0001:0000db50       ?Init@KNpc@@QAEXXZ         1000eb50 f   KNpc.obj
 0001:0000dff0       ?GetActiveSkill@KNpc@@QAEPAVISkill@@XZ 1000eff0 f   KNpc.obj
 0001:0000e080       ?SetCurrentCamp@KNpc@@QAEXH@Z 1000f080 f   KNpc.obj
 0001:0000e090       ?SetCamp@KNpc@@QAEXH@Z     1000f090 f   KNpc.obj
 0001:0000e0a0       ?RestoreCurrentCamp@KNpc@@QAEXXZ 1000f0a0 f   KNpc.obj
 0001:0000e0b0       ?Activate@KNpc@@QAEXXZ     1000f0b0 f   KNpc.obj
 0001:0000e3e0       ?AutoFixXY@KNpc@@AAEXXZ    1000f3e0 f   KNpc.obj
 0001:0000e5c0       ?ProcStatus@KNpc@@QAEXXZ   1000f5c0 f   KNpc.obj
 0001:0000e6a0       ?ProcCommand@KNpc@@QAEXH@Z 1000f6a0 f   KNpc.obj
 0001:0000e8f0       ?ProcessState@KNpc@@QAEHXZ 1000f8f0 f   KNpc.obj
 0001:0000eda0       ?DoDeath@KNpc@@AAEXHH@Z    1000fda0 f   KNpc.obj
 0001:0000ee70       ?OnDeath@KNpc@@AAEXXZ      1000fe70 f   KNpc.obj
 0001:0000efd0       ?DoDefense@KNpc@@AAEXXZ    1000ffd0 f   KNpc.obj
 0001:0000efe0       ?OnDefense@KNpc@@AAEXXZ    1000ffe0 f   KNpc.obj
 0001:0000eff0       ?DoIdle@KNpc@@AAEXXZ       1000fff0 f   KNpc.obj
 0001:0000f010       ?OnIdle@KNpc@@AAEXXZ       10010010 f   KNpc.obj
 0001:0000f020       ?DoHurt@KNpc@@AAEXHHH@Z    10010020 f   KNpc.obj
 0001:0000f110       ?OnHurt@KNpc@@AAEXXZ       10010110 f   KNpc.obj
 0001:0000f360       ?DoSpecial1@KNpc@@AAEXXZ   10010360 f   KNpc.obj
 0001:0000f370       ?OnSpecial1@KNpc@@AAEXXZ   10010370 f   KNpc.obj
 0001:0000f450       ?DoSpecial2@KNpc@@AAEXXZ   10010450 f   KNpc.obj
 0001:0000f460       ?OnSpecial2@KNpc@@AAEXXZ   10010460 f   KNpc.obj
 0001:0000f500       ?DoSpecial3@KNpc@@AAEXXZ   10010500 f   KNpc.obj
 0001:0000f510       ?OnSpecial3@KNpc@@AAEXXZ   10010510 f   KNpc.obj
 0001:0000f520       ?DoSpecial4@KNpc@@AAEXXZ   10010520 f   KNpc.obj
 0001:0000f530       ?OnSpecial4@KNpc@@AAEXXZ   10010530 f   KNpc.obj
 0001:0000f540       ?DoGlide@KNpc@@AAEHF@Z     10010540 f   KNpc.obj
 0001:0000fa30       ?OnGlide@KNpc@@AAEXXZ      10010a30 f   KNpc.obj
 0001:0000fa40       ?GlideTo@KNpc@@AAEXHHF@Z   10010a40 f   KNpc.obj
 0001:0000fa80       ?DoStand@KNpc@@AAEXXZ      10010a80 f   KNpc.obj
 0001:0000fb30       ?OnStand@KNpc@@AAEXXZ      10010b30 f   KNpc.obj
 0001:0000fb80       ?DoRevive@KNpc@@AAEXXZ     10010b80 f   KNpc.obj
 0001:0000fc00       ?OnRevive@KNpc@@AAEXXZ     10010c00 f   KNpc.obj
 0001:0000fc10       ?DoRun@KNpc@@AAEXXZ        10010c10 f   KNpc.obj
 0001:0000fd00       ?OnRun@KNpc@@AAEXH@Z       10010d00 f   KNpc.obj
 0001:0000fda0       ?DoSit@KNpc@@AAEXXZ        10010da0 f   KNpc.obj
 0001:0000fde0       ?OnSit@KNpc@@AAEXXZ        10010de0 f   KNpc.obj
 0001:0000fe00       ?DoSkill@KNpc@@AAEXHH@Z    10010e00 f   KNpc.obj
 0001:0000ff30       ?UnDoSkill@KNpc@@AAEXXZ    10010f30 f   KNpc.obj
 0001:0000ff70       ?DoOrdinSkill@KNpc@@AAEHPAVKSkill@@HH@Z 10010f70 f   KNpc.obj
 0001:00010330       ?DoAttack@KNpc@@AAEXXZ     10011330 f   KNpc.obj
 0001:000103a0       ?CastMeleeSkill@KNpc@@AAEHPAVKSkill@@@Z 100113a0 f   KNpc.obj
 0001:000105f0       ?DoBlurAttack@KNpc@@AAEHXZ 100115f0 f   KNpc.obj
 0001:00010670       ?DoMagic@KNpc@@AAEXXZ      10011670 f   KNpc.obj
 0001:000106d0       ?OnSkill@KNpc@@AAEXXZ      100116d0 f   KNpc.obj
 0001:00010800       ?JumpTo@KNpc@@AAEXHH@Z     10011800 f   KNpc.obj
 0001:00010840       ?RunTo@KNpc@@AAEXHH@Z      10011840 f   KNpc.obj
 0001:00010870       ?Goto@KNpc@@AAEXHH@Z       10011870 f   KNpc.obj
 0001:000108a0       ?DoWalk@KNpc@@AAEXXZ       100118a0 f   KNpc.obj
 0001:00010940       ?DoPlayerTalk@KNpc@@QAEXPAD@Z 10011940 f   KNpc.obj
 0001:00010950       ?OnPlayerTalk@KNpc@@AAEXXZ 10011950 f   KNpc.obj
 0001:00010960       ?OnWalk@KNpc@@AAEXXZ       10011960 f   KNpc.obj
 0001:00010980       ?GetSkillLevel@KNpc@@QAEHH@Z 10011980 f   KNpc.obj
 0001:000109b0       ?ModifyAttrib@KNpc@@QAEXHPAX@Z 100119b0 f   KNpc.obj
 0001:000109d0       ?SetImmediatelySkillEffect@KNpc@@QAEXHPAXH@Z 100119d0 f   KNpc.obj
 0001:00010a10       ?AppendSkillEffect@KNpc@@QAEXKHHPAX0@Z 10011a10 f   KNpc.obj
 0001:00011320       ?ProcMove@KNpc@@AAEXH@Z    10012320 f   KNpc.obj
 0001:00011830       ?ProcJump@KNpc@@AAEXH@Z    10012830 f   KNpc.obj
 0001:00011b20       ?SendCommand@KNpc@@QAEXW4NPCCMD@@HHH@Z 10012b20 f   KNpc.obj
 0001:00011be0       ?SendCommandRandMove@KNpc@@QAEXHHH@Z 10012be0 f   KNpc.obj
 0001:00011c80       ?NewPath@KNpc@@AAEHHH@Z    10012c80 f   KNpc.obj
 0001:00011ca0       ?NewJump@KNpc@@AAEHHH@Z    10012ca0 f   KNpc.obj
 0001:00012030       ?NewGlide@KNpc@@AAEHHHH@Z  10013030 f   KNpc.obj
 0001:000123c0       ?SelfDamage@KNpc@@QAEXH@Z  100133c0 f   KNpc.obj
 0001:000123f0       ?Cost@KNpc@@QAEHW4NPCATTRIB@@HH@Z 100133f0 f   KNpc.obj
 0001:00012500       ?DoJump@KNpc@@AAEXXZ       10013500 f   KNpc.obj
 0001:00012570       ?OnJump@KNpc@@AAEHXZ       10013570 f   KNpc.obj
 0001:000125c0       ?WaitForFrame@KNpc@@AAEHXZ 100135c0 f   KNpc.obj
 0001:000125f0       ?IsReachFrame@KNpc@@AAEHH@Z 100135f0 f   KNpc.obj
 0001:00012620       ?Load@KNpc@@QAEXHHH@Z      10013620 f   KNpc.obj
 0001:00012930       ?GetMpsPos@KNpc@@QAEXPAH0@Z 10013930 f   KNpc.obj
 0001:00012980       ?SetActiveSkill@KNpc@@QAEHH@Z 10013980 f   KNpc.obj
 0001:00012a40       ?SetAuraSkill@KNpc@@QAEXH@Z 10013a40 f   KNpc.obj
 0001:00012b10       ?SetPlayerIdx@KNpc@@QAEHH@Z 10013b10 f   KNpc.obj
 0001:00012b40       ?SetPos@KNpc@@QAE_NHH@Z    10013b40 f   KNpc.obj
 0001:00012cb0       ?MoveNpc@KNpc@@QAEXHHHHH_N@Z 10013cb0 f   KNpc.obj
 0001:00012e70       ?PaintInfo@KNpc@@QAEHH_NHK@Z 10013e70 f   KNpc.obj
 0001:00013320       ?PaintMantle@KNpc@@QAEHHHHH@Z 10014320 f   KNpc.obj
 0001:00013420       ?PaintNpcAuto@KNpc@@QAEXH_NHK@Z 10014420 f   KNpc.obj
 0001:000135c0       ?PaintSeriesNpc@KNpc@@QAEXHH@Z 100145c0 f   KNpc.obj
 0001:000136b0       ?PaintHorseState@KNpc@@QAEXHH@Z 100146b0 f   KNpc.obj
 0001:00013810       ?PaintRankInfo@KNpc@@QAEXHHK@Z 10014810 f   KNpc.obj
 0001:00013b00       ?PaintTransLifeInfo@KNpc@@QAEXHH@Z 10014b00 f   KNpc.obj
 0001:00013cb0       ?PaintShopInfo@KNpc@@QAEXHH@Z 10014cb0 f   KNpc.obj
 0001:00013fa0       ?PaintChat@KNpc@@QAEHH@Z   10014fa0 f   KNpc.obj
 0001:00014110       ?SetChatInfo@KNpc@@QAEHPBD0G@Z 10015110 f   KNpc.obj
 0001:000142f0       ?SetWarning@KNpc@@QAEHH@Z  100152f0 f   KNpc.obj
 0001:00014300       ?PaintWarning@KNpc@@QAEHH_N@Z 10015300 f   KNpc.obj
 0001:00014470       ?PaintLife@KNpc@@QAEHH_N@Z 10015470 f   KNpc.obj
 0001:00014690       ?PaintMana@KNpc@@QAEHH@Z   10015690 f   KNpc.obj
 0001:000147f0       ?Paint@KNpc@@QAEXXZ        100157f0 f   KNpc.obj
 0001:000149b0       ?AddBaseLifeMax@KNpc@@QAEXH@Z 100159b0 f   KNpc.obj
 0001:000149d0       ?AddCurLifeMax@KNpc@@QAEXH@Z 100159d0 f   KNpc.obj
 0001:000149f0       ?AddBaseStaminaMax@KNpc@@QAEXH@Z 100159f0 f   KNpc.obj
 0001:00014a10       ?AddCurStaminaMax@KNpc@@QAEXH@Z 10015a10 f   KNpc.obj
 0001:00014a30       ?AddBaseManaMax@KNpc@@QAEXH@Z 10015a30 f   KNpc.obj
 0001:00014a50       ?AddCurManaMax@KNpc@@QAEXH@Z 10015a50 f   KNpc.obj
 0001:00014a70       ?CalcCurLifeReplenish@KNpc@@QAEXXZ 10015a70 f   KNpc.obj
 0001:00014a80       ?Remove@KNpc@@QAEXXZ       10015a80 f   KNpc.obj
 0001:00014aa0       ?RemoveRes@KNpc@@QAEXXZ    10015aa0 f   KNpc.obj
 0001:00014ab0       ?SetSeries@KNpc@@QAEXH@Z   10015ab0 f   KNpc.obj
 0001:00014ad0       ?SetStateSkillEffect@KNpc@@QAEXHHHPAXHHH@Z 10015ad0 f   KNpc.obj
 0001:00014d90       ??_EKStateNode@@UAEPAXI@Z  10015d90 f i KNpc.obj
 0001:00014d90       ??_GKStateNode@@UAEPAXI@Z  10015d90 f i KNpc.obj
 0001:00014db0       ??1KStateNode@@UAE@XZ      10015db0 f i KNpc.obj
 0001:00014dc0       ?ModifyMissleCollsion@KNpc@@QAEHH@Z 10015dc0 f   KNpc.obj
 0001:00014df0       ?ModifyMissleLifeTime@KNpc@@QAEHH@Z 10015df0 f   KNpc.obj
 0001:00014e00       ?ModifyMissleSpeed@KNpc@@QAEHH@Z 10015e00 f   KNpc.obj
 0001:00014e20       ?DoManyAttack@KNpc@@AAEHXZ 10015e20 f   KNpc.obj
 0001:00014f70       ?OnManyAttack@KNpc@@AAEXXZ 10015f70 f   KNpc.obj
 0001:00015020       ?DoRunAttack@KNpc@@AAEHXZ  10016020 f   KNpc.obj
 0001:00015340       ?OnRunAttack@KNpc@@AAEXXZ  10016340 f   KNpc.obj
 0001:00015530       ?DoJumpAttack@KNpc@@AAEHXZ 10016530 f   KNpc.obj
 0001:000157b0       ?OnJumpAttack@KNpc@@AAEHXZ 100167b0 f   KNpc.obj
 0001:00015900       ?CheckHitTarget@KNpc@@AAEHHHH@Z 10016900 f   KNpc.obj
 0001:00015970       ?AddStateInfo@KNpc@@AAEXH@Z 10016970 f   KNpc.obj
 0001:000159c0       ?AddStateSkillList@KNpc@@AAEXPAVKStateNode@@@Z 100169c0 f   KNpc.obj
 0001:00015a20       ?AddStateSkillListClient@KNpc@@AAEXPAVKStateNode@@@Z 10016a20 f   KNpc.obj
 0001:00015a90       ?RemoveStateSkillList@KNpc@@AAEXPAE@Z 10016a90 f   KNpc.obj
 0001:00015b30       ?GetNpcCopyFromTemplate@KNpc@@QAEXHHH@Z 10016b30 f   KNpc.obj
 0001:00015d30       ?LoadDataFromTemplate@KNpc@@QAEXHHH@Z 10016d30 f   KNpc.obj
 0001:00015ec0       ?SetPhysicsDamage@KNpc@@QAEXHH@Z 10016ec0 f   KNpc.obj
 0001:00015ee0       ?SetBaseAttackRating@KNpc@@QAEXH@Z 10016ee0 f   KNpc.obj
 0001:00015f00       ?SetBaseDefence@KNpc@@QAEXH@Z 10016f00 f   KNpc.obj
 0001:00015f20       ?SetMenuState@KNpc@@QAEXHPADH@Z 10016f20 f   KNpc.obj
 0001:00015f40       ?GetMenuState@KNpc@@QAEHXZ 10016f40 f   KNpc.obj
 0001:00015f50       ?SearchAroundID@KNpc@@QAEKK@Z 10016f50 f   KNpc.obj
 0001:00015fd0       ?SetSpecialSpr@KNpc@@QAEXPAD@Z 10016fd0 f   KNpc.obj
 0001:00015ff0       ?SetInstantSpr@KNpc@@QAEXH@Z 10016ff0 f   KNpc.obj
 0001:00016030       ?GetNormalNpcStandDir@KNpc@@QAEHH@Z 10017030 f   KNpc.obj
 0001:00016050       ?SetNpcState@KNpc@@QAEXPAE@Z 10017050 f   KNpc.obj
 0001:000160e0       ?ClearNpcState@KNpc@@QAEXXZ 100170e0 f   KNpc.obj
 0001:00016140       ?RestoreNpcBaseInfo@KNpc@@QAEXXZ 10017140 f   KNpc.obj
 0001:00016580       ?DrawBorder@KNpc@@QAEXXZ   10017580 f   KNpc.obj
 0001:000165a0       ?DrawMenuState@KNpc@@QAEHH@Z 100175a0 f   KNpc.obj
 0001:000165c0       ?IsPlayer@KNpc@@QAEHXZ     100175c0 f   KNpc.obj
 0001:000165e0       ?IsAlive@KNpc@@QAEHXZ      100175e0 f   KNpc.obj
 0001:00016600       ?ClearStateSkillEffect@KNpc@@QAEXXZ 10017600 f   KNpc.obj
 0001:000166c0       ?ClearNormalState@KNpc@@QAEXXZ 100176c0 f   KNpc.obj
 0001:00016790       ?CheckTrap@KNpc@@QAEXXZ    10017790 f   KNpc.obj
 0001:00016830       ?SetFightMode@KNpc@@QAEXH@Z 10017830 f   KNpc.obj
 0001:00016850       ?TurnTo@KNpc@@QAEXH@Z      10017850 f   KNpc.obj
 0001:000169c0       ?ReCalcStateEffect@KNpc@@QAEXXZ 100179c0 f   KNpc.obj
 0001:00016a50       ?GetCurActiveWeaponSkill@KNpc@@QAEHXZ 10017a50 f   KNpc.obj
 0001:00016b10       ?HurtAutoMove@KNpc@@AAEXXZ 10017b10 f   KNpc.obj
 0001:00016eb0       ?ProcNetCommand@KNpc@@QAEXW4NPCCMD@@HHH@Z 10017eb0 f   KNpc.obj
 0001:00016f70       ?ClearBlood@KNpc@@QAEXH@Z  10017f70 f   KNpc.obj
 0001:00016fa0       ?SetBlood@KNpc@@QAEXH@Z    10017fa0 f   KNpc.obj
 0001:00017000       ?PaintBlood@KNpc@@QAEHH@Z  10018000 f   KNpc.obj
 0001:00017110       ?EditPos@KNpc@@QAEX_N@Z    10018110 f   KNpc.obj
 0001:00017140       ?SendClientPos2Server@KNpc@@QAEXXZ 10018140 f   KNpc.obj
 0001:000171e0       ?GetNpcPate@KNpc@@QAEHXZ   100181e0 f   KNpc.obj
 0001:00017270       ?GetNpcPatePeopleInfo@KNpc@@QAEHXZ 10018270 f   KNpc.obj
 0001:00017300       ?FindStateSkill@KNpc@@QAEHH@Z 10018300 f   KNpc.obj
 0001:00017340       ?GetFrameCopyFromTemplate@KNpc@@QAEXHHH@Z 10018340 f   KNpc.obj
 0001:00017520       ?LoadFrameFromTemplate@KNpc@@QAEXHHH@Z 10018520 f   KNpc.obj
 0001:000175b0       ?ReSetRes@KNpc@@QAEXH@Z    100185b0 f   KNpc.obj
 0001:00017780       ?AutoDoSkill@KNpc@@QAEXHHHH@Z 10018780 f   KNpc.obj
 0001:00017d20       ?RandMove@KNpc@@QAEXHHH@Z  10018d20 f   KNpc.obj
 0001:00017d80       ?ExecuteStand@KNpc@@QAEXXZ 10018d80 f   KNpc.obj
 0001:00017da0       ?SetTitleEffect@KNpc@@QAEXH@Z 10018da0 f   KNpc.obj
 0001:00017e90       ?ClientGotoPos@KNpc@@QAEXHHH@Z 10018e90 f   KNpc.obj
 0001:00017f70       ?ExecuteScript@KNpc@@QAEHPAD0H@Z 10018f70 f   KNpc.obj
 0001:00017fb0       ?ExecuteScript@KNpc@@QAEHKPADH@Z 10018fb0 f   KNpc.obj
 0001:00018120       ?ExecuteScript@KNpc@@QAEHKPAD0@Z 10019120 f   KNpc.obj
 0001:000182b0       ?ExecuteScript@KNpc@@QAEHPAD00@Z 100192b0 f   KNpc.obj
 0001:00018300       ?ExecuteScript2@KNpc@@QAEHKPAD00@Z 10019300 f   KNpc.obj
 0001:000184b0       ?ExecuteScript2@KNpc@@QAEHKPADHH@Z 100194b0 f   KNpc.obj
 0001:00018620       ?ExecuteScript2@KNpc@@QAEHPAD0HH@Z 10019620 f   KNpc.obj
 0001:00018670       ?ExecuteScript2@KNpc@@QAEHPAD000@Z 10019670 f   KNpc.obj
 0001:000186c0       ??0?$vector@UFindPathNode@@V?$allocator@UFindPathNode@@@std@@@std@@QAE@ABV?$allocator@UFindPathNode@@@1@@Z 100196c0 f i KNpc.obj
 0001:000186e0       ??1?$vector@UFindPathNode@@V?$allocator@UFindPathNode@@@std@@@std@@QAE@XZ 100196e0 f i KNpc.obj
 0001:00018730       ??0KNpcAI@@QAE@XZ          10019730 f   KNpcAI.obj
 0001:00018740       ?Activate@KNpcAI@@QAEXH@Z  10019740 f   KNpcAI.obj
 0001:00018840       ?ProcessShowNpc@KNpcAI@@AAEHXZ 10019840 f   KNpcAI.obj
 0001:00018900       ?ShowNpcType11@KNpcAI@@AAEHXZ 10019900 f   KNpcAI.obj
 0001:00018a60       ?ShowNpcType12@KNpcAI@@AAEHXZ 10019a60 f   KNpcAI.obj
 0001:00018bd0       ?ShowNpcType13@KNpcAI@@AAEHXZ 10019bd0 f   KNpcAI.obj
 0001:00018d10       ?ShowNpcType14@KNpcAI@@AAEHXZ 10019d10 f   KNpcAI.obj
 0001:00018e90       ?ShowNpcType15@KNpcAI@@AAEHXZ 10019e90 f   KNpcAI.obj
 0001:00018fd0       ?ShowNpcType16@KNpcAI@@AAEHXZ 10019fd0 f   KNpcAI.obj
 0001:00019140       ?ShowNpcType17@KNpcAI@@AAEHXZ 1001a140 f   KNpcAI.obj
 0001:000192d0       ?ProcessPlayer@KNpcAI@@AAEXXZ 1001a2d0 f   KNpcAI.obj
 0001:00019330       ?FollowObject@KNpcAI@@AAEXH@Z 1001a330 f   KNpcAI.obj
 0001:000193c0       ?FollowPeople@KNpcAI@@AAEXH@Z 1001a3c0 f   KNpcAI.obj
 0001:00019840       ?TriggerMapTrap@KNpcAI@@AAEXXZ 1001a840 f   KNpcAI.obj
 0001:00019870       ?TriggerObjectTrap@KNpcAI@@AAEXXZ 1001a870 f   KNpcAI.obj
 0001:00019880       ?GetNearestNpc@KNpcAI@@AAEHH@Z 1001a880 f   KNpcAI.obj
 0001:00019d70       ?IsPlayerCome@KNpcAI@@AAEHXZ 1001ad70 f   KNpcAI.obj
 0001:00019de0       ?GetNpcNumber@KNpcAI@@AAEHH@Z 1001ade0 f   KNpcAI.obj
 0001:00019fd0       ?KeepAttackRange@KNpcAI@@AAEXHH@Z 1001afd0 f   KNpcAI.obj
 0001:0001a180       ?FollowAttack@KNpcAI@@AAEXH@Z 1001b180 f   KNpcAI.obj
 0001:0001a290       ?InEyeshot@KNpcAI@@AAEHH@Z 1001b290 f   KNpcAI.obj
 0001:0001a2d0       ?CommonAction@KNpcAI@@AAEXXZ 1001b2d0 f   KNpcAI.obj
 0001:0001a3d0       ?KeepActiveRange@KNpcAI@@AAEHXZ 1001b3d0 f   KNpcAI.obj
 0001:0001a500       ?DoShowFlee@KNpcAI@@AAEHH@Z 1001b500 f   KNpcAI.obj
 0001:0001a650       ?Flee@KNpcAI@@AAEXH@Z      1001b650 f   KNpcAI.obj
 0001:0001a700       ?ProcessAIType01@KNpcAI@@AAEXXZ 1001b700 f   KNpcAI.obj
 0001:0001a910       ?GetRandomNumber@@YAHHH@Z  1001b910 f i KNpcAI.obj
 0001:0001a930       ?ProcessAIType02@KNpcAI@@AAEXXZ 1001b930 f   KNpcAI.obj
 0001:0001ac30       ?ProcessAIType03@KNpcAI@@AAEXXZ 1001bc30 f   KNpcAI.obj
 0001:0001aeb0       ?ProcessAIType04@KNpcAI@@AAEXXZ 1001beb0 f   KNpcAI.obj
 0001:0001b090       ?ProcessAIType05@KNpcAI@@AAEXXZ 1001c090 f   KNpcAI.obj
 0001:0001b330       ?ProcessAIType06@KNpcAI@@AAEXXZ 1001c330 f   KNpcAI.obj
 0001:0001b550       ?ProcessAIType07@KNpcAI@@AAEXXZ 1001c550 f   KNpcAI.obj
 0001:0001b6b0       ?ProcessAIType08@KNpcAI@@AAEXXZ 1001c6b0 f   KNpcAI.obj
 0001:0001b840       ??0KNpcAttribModify@@QAE@XZ 1001c840 f   KNpcAttribModify.obj
 0001:0001bd00       ??1KNpcAttribModify@@QAE@XZ 1001cd00 f   KNpcAttribModify.obj
 0001:0001bd10       ?ModifyAttrib@KNpcAttribModify@@QAEXPAVKNpc@@PAX@Z 1001cd10 f   KNpcAttribModify.obj
 0001:0001bd40       ?AddColdDamageV@KNpcAttribModify@@AAEXPAVKNpc@@PAX@Z 1001cd40 f   KNpcAttribModify.obj
 0001:0001bdd0       ?AddFireDamageV@KNpcAttribModify@@AAEXPAVKNpc@@PAX@Z 1001cdd0 f   KNpcAttribModify.obj
 0001:0001be00       ?AddLightingDamageV@KNpcAttribModify@@AAEXPAVKNpc@@PAX@Z 1001ce00 f   KNpcAttribModify.obj
 0001:0001be30       ?AddPhysicsDamageP@KNpcAttribModify@@AAEXPAVKNpc@@PAX@Z 1001ce30 f   KNpcAttribModify.obj
 0001:0001bef0       ?AddPoisonDamageV@KNpcAttribModify@@AAEXPAVKNpc@@PAX@Z 1001cef0 f   KNpcAttribModify.obj
 0001:0001bf40       ?AddPhysicsDamageV@KNpcAttribModify@@AAEXPAVKNpc@@PAX@Z 1001cf40 f   KNpcAttribModify.obj
 0001:0001bf60       ?AllresP@KNpcAttribModify@@AAEXPAVKNpc@@PAX@Z 1001cf60 f   KNpcAttribModify.obj
 0001:0001bfb0       ?AllSkillV@KNpcAttribModify@@AAEXPAVKNpc@@PAX@Z 1001cfb0 f   KNpcAttribModify.obj
 0001:0001c020       ?AttackRatingP@KNpcAttribModify@@AAEXPAVKNpc@@PAX@Z 1001d020 f   KNpcAttribModify.obj
 0001:0001c050       ?AttackRatingV@KNpcAttribModify@@AAEXPAVKNpc@@PAX@Z 1001d050 f   KNpcAttribModify.obj
 0001:0001c070       ?AttackSpeedV@KNpcAttribModify@@AAEXPAVKNpc@@PAX@Z 1001d070 f   KNpcAttribModify.obj
 0001:0001c090       ?BadStatusTimeReduceV@KNpcAttribModify@@AAEXPAVKNpc@@PAX@Z 1001d090 f   KNpcAttribModify.obj
 0001:0001c0a0       ?BurnTimeReduceP@KNpcAttribModify@@AAEXPAVKNpc@@PAX@Z 1001d0a0 f   KNpcAttribModify.obj
 0001:0001c0b0       ?CastSpeedV@KNpcAttribModify@@AAEXPAVKNpc@@PAX@Z 1001d0b0 f   KNpcAttribModify.obj
 0001:0001c0d0       ?ChangeCampV@KNpcAttribModify@@AAEXPAVKNpc@@PAX@Z 1001d0d0 f   KNpcAttribModify.obj
 0001:0001c110       ?ColdArmorV@KNpcAttribModify@@AAEXPAVKNpc@@PAX@Z 1001d110 f   KNpcAttribModify.obj
 0001:0001c120       ?ColdresP@KNpcAttribModify@@AAEXPAVKNpc@@PAX@Z 1001d120 f   KNpcAttribModify.obj
 0001:0001c140       ?DeadlyStrikeP@KNpcAttribModify@@AAEXPAVKNpc@@PAX@Z 1001d140 f   KNpcAttribModify.obj
 0001:0001c160       ?DexterityV@KNpcAttribModify@@AAEXPAVKNpc@@PAX@Z 1001d160 f   KNpcAttribModify.obj
 0001:0001c1a0       ?EarthSkillV@KNpcAttribModify@@AAEXPAVKNpc@@PAX@Z 1001d1a0 f   KNpcAttribModify.obj
 0001:0001c1b0       ?EnergyV@KNpcAttribModify@@AAEXPAVKNpc@@PAX@Z 1001d1b0 f   KNpcAttribModify.obj
 0001:0001c1f0       ?FastHitRecoverV@KNpcAttribModify@@AAEXPAVKNpc@@PAX@Z 1001d1f0 f   KNpcAttribModify.obj
 0001:0001c210       ?FastWalkRunP@KNpcAttribModify@@AAEXPAVKNpc@@PAX@Z 1001d210 f   KNpcAttribModify.obj
 0001:0001c280       ?FireArmorV@KNpcAttribModify@@AAEXPAVKNpc@@PAX@Z 1001d280 f   KNpcAttribModify.obj
 0001:0001c290       ?FireSkillV@KNpcAttribModify@@AAEXPAVKNpc@@PAX@Z 1001d290 f   KNpcAttribModify.obj
 0001:0001c2a0       ?FreezeTimeReduceP@KNpcAttribModify@@AAEXPAVKNpc@@PAX@Z 1001d2a0 f   KNpcAttribModify.obj
 0001:0001c2c0       ?KnockBackP@KNpcAttribModify@@AAEXPAVKNpc@@PAX@Z 1001d2c0 f   KNpcAttribModify.obj
 0001:0001c2e0       ?LifeMaxP@KNpcAttribModify@@AAEXPAVKNpc@@PAX@Z 1001d2e0 f   KNpcAttribModify.obj
 0001:0001c330       ?LifeMaxV@KNpcAttribModify@@AAEXPAVKNpc@@PAX@Z 1001d330 f   KNpcAttribModify.obj
 0001:0001c350       ?LifeReplenishV@KNpcAttribModify@@AAEXPAVKNpc@@PAX@Z 1001d350 f   KNpcAttribModify.obj
 0001:0001c370       ?LifeV@KNpcAttribModify@@AAEXPAVKNpc@@PAX@Z 1001d370 f   KNpcAttribModify.obj
 0001:0001c390       ?LightingArmorV@KNpcAttribModify@@AAEXPAVKNpc@@PAX@Z 1001d390 f   KNpcAttribModify.obj
 0001:0001c3a0       ?LightingresP@KNpcAttribModify@@AAEXPAVKNpc@@PAX@Z 1001d3a0 f   KNpcAttribModify.obj
 0001:0001c3c0       ?LuckyV@KNpcAttribModify@@AAEXPAVKNpc@@PAX@Z 1001d3c0 f   KNpcAttribModify.obj
 0001:0001c400       ?ManaMaxP@KNpcAttribModify@@AAEXPAVKNpc@@PAX@Z 1001d400 f   KNpcAttribModify.obj
 0001:0001c440       ?ManaMaxV@KNpcAttribModify@@AAEXPAVKNpc@@PAX@Z 1001d440 f   KNpcAttribModify.obj
 0001:0001c460       ?ManaReplenishV@KNpcAttribModify@@AAEXPAVKNpc@@PAX@Z 1001d460 f   KNpcAttribModify.obj
 0001:0001c480       ?ManaV@KNpcAttribModify@@AAEXPAVKNpc@@PAX@Z 1001d480 f   KNpcAttribModify.obj
 0001:0001c4a0       ?ManaShieldP@KNpcAttribModify@@AAEXPAVKNpc@@PAX@Z 1001d4a0 f   KNpcAttribModify.obj
 0001:0001c4c0       ?MeleeDamageReturnP@KNpcAttribModify@@AAEXPAVKNpc@@PAX@Z 1001d4c0 f   KNpcAttribModify.obj
 0001:0001c4e0       ?MeleeDamageReturnV@KNpcAttribModify@@AAEXPAVKNpc@@PAX@Z 1001d4e0 f   KNpcAttribModify.obj
 0001:0001c500       ?MetalSkillV@KNpcAttribModify@@AAEXPAVKNpc@@PAX@Z 1001d500 f   KNpcAttribModify.obj
 0001:0001c510       ?PhysicsArmorV@KNpcAttribModify@@AAEXPAVKNpc@@PAX@Z 1001d510 f   KNpcAttribModify.obj
 0001:0001c520       ?PhysicsresP@KNpcAttribModify@@AAEXPAVKNpc@@PAX@Z 1001d520 f   KNpcAttribModify.obj
 0001:0001c540       ?Damage2ManaP@KNpcAttribModify@@AAEXPAVKNpc@@PAX@Z 1001d540 f   KNpcAttribModify.obj
 0001:0001c560       ?PoisonArmorV@KNpcAttribModify@@AAEXPAVKNpc@@PAX@Z 1001d560 f   KNpcAttribModify.obj
 0001:0001c570       ?PoisonDamageReduceV@KNpcAttribModify@@AAEXPAVKNpc@@PAX@Z 1001d570 f   KNpcAttribModify.obj
 0001:0001c5a0       ?PoisonresP@KNpcAttribModify@@AAEXPAVKNpc@@PAX@Z 1001d5a0 f   KNpcAttribModify.obj
 0001:0001c5c0       ?PoisonTimeReduceP@KNpcAttribModify@@AAEXPAVKNpc@@PAX@Z 1001d5c0 f   KNpcAttribModify.obj
 0001:0001c5e0       ?RangeDamageReturnV@KNpcAttribModify@@AAEXPAVKNpc@@PAX@Z 1001d5e0 f   KNpcAttribModify.obj
 0001:0001c600       ?RangeDamageReturnP@KNpcAttribModify@@AAEXPAVKNpc@@PAX@Z 1001d600 f   KNpcAttribModify.obj
 0001:0001c620       ?SlowMissleB@KNpcAttribModify@@AAEXPAVKNpc@@PAX@Z 1001d620 f   KNpcAttribModify.obj
 0001:0001c650       ?StaminaMaxP@KNpcAttribModify@@AAEXPAVKNpc@@PAX@Z 1001d650 f   KNpcAttribModify.obj
 0001:0001c690       ?StaminaMaxV@KNpcAttribModify@@AAEXPAVKNpc@@PAX@Z 1001d690 f   KNpcAttribModify.obj
 0001:0001c6b0       ?StaminaReplenishV@KNpcAttribModify@@AAEXPAVKNpc@@PAX@Z 1001d6b0 f   KNpcAttribModify.obj
 0001:0001c6d0       ?StaminaV@KNpcAttribModify@@AAEXPAVKNpc@@PAX@Z 1001d6d0 f   KNpcAttribModify.obj
 0001:0001c6f0       ?StealLifeP@KNpcAttribModify@@AAEXPAVKNpc@@PAX@Z 1001d6f0 f   KNpcAttribModify.obj
 0001:0001c710       ?StealManaP@KNpcAttribModify@@AAEXPAVKNpc@@PAX@Z 1001d710 f   KNpcAttribModify.obj
 0001:0001c730       ?StealStaminaP@KNpcAttribModify@@AAEXPAVKNpc@@PAX@Z 1001d730 f   KNpcAttribModify.obj
 0001:0001c750       ?StrengthV@KNpcAttribModify@@AAEXPAVKNpc@@PAX@Z 1001d750 f   KNpcAttribModify.obj
 0001:0001c790       ?StunTimeReduceP@KNpcAttribModify@@AAEXPAVKNpc@@PAX@Z 1001d790 f   KNpcAttribModify.obj
 0001:0001c7b0       ?VisionRadiusP@KNpcAttribModify@@AAEXPAVKNpc@@PAX@Z 1001d7b0 f   KNpcAttribModify.obj
 0001:0001c7d0       ?VitalityV@KNpcAttribModify@@AAEXPAVKNpc@@PAX@Z 1001d7d0 f   KNpcAttribModify.obj
 0001:0001c810       ?WaterSkillV@KNpcAttribModify@@AAEXPAVKNpc@@PAX@Z 1001d810 f   KNpcAttribModify.obj
 0001:0001c820       ?WoodSkillV@KNpcAttribModify@@AAEXPAVKNpc@@PAX@Z 1001d820 f   KNpcAttribModify.obj
 0001:0001c830       ?FireresP@KNpcAttribModify@@AAEXPAVKNpc@@PAX@Z 1001d830 f   KNpcAttribModify.obj
 0001:0001c850       ?ArmorDefenseV@KNpcAttribModify@@AAEXPAVKNpc@@PAX@Z 1001d850 f   KNpcAttribModify.obj
 0001:0001c870       ?ColdEnhanceP@KNpcAttribModify@@AAEXPAVKNpc@@PAX@Z 1001d870 f   KNpcAttribModify.obj
 0001:0001c890       ?FireEnhanceP@KNpcAttribModify@@AAEXPAVKNpc@@PAX@Z 1001d890 f   KNpcAttribModify.obj
 0001:0001c8b0       ?LightingEnhanceP@KNpcAttribModify@@AAEXPAVKNpc@@PAX@Z 1001d8b0 f   KNpcAttribModify.obj
 0001:0001c8d0       ?PoisonEnhanceP@KNpcAttribModify@@AAEXPAVKNpc@@PAX@Z 1001d8d0 f   KNpcAttribModify.obj
 0001:0001c8f0       ?LifePotionV@KNpcAttribModify@@AAEXPAVKNpc@@PAX@Z 1001d8f0 f   KNpcAttribModify.obj
 0001:0001c940       ?ManaPotionV@KNpcAttribModify@@AAEXPAVKNpc@@PAX@Z 1001d940 f   KNpcAttribModify.obj
 0001:0001c990       ?PhysicsResMaxP@KNpcAttribModify@@AAEXPAVKNpc@@PAX@Z 1001d990 f   KNpcAttribModify.obj
 0001:0001c9b0       ?ColdResMaxP@KNpcAttribModify@@AAEXPAVKNpc@@PAX@Z 1001d9b0 f   KNpcAttribModify.obj
 0001:0001c9d0       ?FireResMaxP@KNpcAttribModify@@AAEXPAVKNpc@@PAX@Z 1001d9d0 f   KNpcAttribModify.obj
 0001:0001c9f0       ?LightingResMaxP@KNpcAttribModify@@AAEXPAVKNpc@@PAX@Z 1001d9f0 f   KNpcAttribModify.obj
 0001:0001ca10       ?PoisonResMaxP@KNpcAttribModify@@AAEXPAVKNpc@@PAX@Z 1001da10 f   KNpcAttribModify.obj
 0001:0001ca30       ?AllResMaxP@KNpcAttribModify@@AAEXPAVKNpc@@PAX@Z 1001da30 f   KNpcAttribModify.obj
 0001:0001ca80       ?FatallyStrikeP@KNpcAttribModify@@AAEXPAVKNpc@@PAX@Z 1001da80 f   KNpcAttribModify.obj
 0001:0001ca90       ?MixPoisonDamage@KNpcAttribModify@@QAEXPAUKMagicAttrib@@0@Z 1001da90 f   KNpcAttribModify.obj
 0001:0001cb40       ?AddPhysicsMagicV@KNpcAttribModify@@AAEXPAVKNpc@@PAX@Z 1001db40 f   KNpcAttribModify.obj
 0001:0001cb70       ?AddColdMagicV@KNpcAttribModify@@AAEXPAVKNpc@@PAX@Z 1001db70 f   KNpcAttribModify.obj
 0001:0001cc00       ?AddFireMagicV@KNpcAttribModify@@AAEXPAVKNpc@@PAX@Z 1001dc00 f   KNpcAttribModify.obj
 0001:0001cc30       ?AddLightingMagicV@KNpcAttribModify@@AAEXPAVKNpc@@PAX@Z 1001dc30 f   KNpcAttribModify.obj
 0001:0001cc60       ?AddPoisonMagicV@KNpcAttribModify@@AAEXPAVKNpc@@PAX@Z 1001dc60 f   KNpcAttribModify.obj
 0001:0001ccb0       ?DynamicMagicShieldV@KNpcAttribModify@@AAEXPAVKNpc@@PAX@Z 1001dcb0 f   KNpcAttribModify.obj
 0001:0001ccd0       ?ReturnResP@KNpcAttribModify@@AAEXPAVKNpc@@PAX@Z 1001dcd0 f   KNpcAttribModify.obj
 0001:0001ccf0       ?ExpEnhanceP@KNpcAttribModify@@AAEXPAVKNpc@@PAX@Z 1001dcf0 f   KNpcAttribModify.obj
 0001:0001cd10       ?PoisonDamageReturnP@KNpcAttribModify@@AAEXPAVKNpc@@PAX@Z 1001dd10 f   KNpcAttribModify.obj
 0001:0001cd30       ?ReturnSkillP@KNpcAttribModify@@AAEXPAVKNpc@@PAX@Z 1001dd30 f   KNpcAttribModify.obj
 0001:0001cd50       ?AutoReplySkill@KNpcAttribModify@@AAEXPAVKNpc@@PAX@Z 1001dd50 f   KNpcAttribModify.obj
 0001:0001cda0       ?LifeReplenishP@KNpcAttribModify@@AAEXPAVKNpc@@PAX@Z 1001dda0 f   KNpcAttribModify.obj
 0001:0001cdc0       ?IgnoreSkillP@KNpcAttribModify@@AAEXPAVKNpc@@PAX@Z 1001ddc0 f   KNpcAttribModify.obj
 0001:0001cde0       ?AutoAttackSkill@KNpcAttribModify@@AAEXPAVKNpc@@PAX@Z 1001dde0 f   KNpcAttribModify.obj
 0001:0001ce10       ?Poison2DecManaP@KNpcAttribModify@@AAEXPAVKNpc@@PAX@Z 1001de10 f   KNpcAttribModify.obj
 0001:0001ce60       ?SkillAppendSkill@KNpcAttribModify@@AAEXPAVKNpc@@PAX@Z 1001de60 f   KNpcAttribModify.obj
 0001:0001cf70       ?HideNpc@KNpcAttribModify@@AAEXPAVKNpc@@PAX@Z 1001df70 f   KNpcAttribModify.obj
 0001:0001cf90       ?AutoDeathSkill@KNpcAttribModify@@AAEXPAVKNpc@@PAX@Z 1001df90 f   KNpcAttribModify.obj
 0001:0001cfc0       ?RandMove@KNpcAttribModify@@AAEXPAVKNpc@@PAX@Z 1001dfc0 f   KNpcAttribModify.obj
 0001:0001cff0       ?IgnoreNegativeStateP@KNpcAttribModify@@AAEXPAVKNpc@@PAX@Z 1001dff0 f   KNpcAttribModify.obj
 0001:0001d030       ?AutoRescueSkill@KNpcAttribModify@@AAEXPAVKNpc@@PAX@Z 1001e030 f   KNpcAttribModify.obj
 0001:0001d060       ?StaticMagicShieldP@KNpcAttribModify@@AAEXPAVKNpc@@PAX@Z 1001e060 f   KNpcAttribModify.obj
 0001:0001d080       ??0KNpcFindPath@@QAE@XZ    1001e080 f   KNpcFindPath.obj
 0001:0001d0a0       ?Init@KNpcFindPath@@QAEXH@Z 1001e0a0 f   KNpcFindPath.obj
 0001:0001d0d0       ?GetDir@KNpcFindPath@@QAEHHHHHHHPAH0@Z 1001e0d0 f   KNpcFindPath.obj
 0001:0001d6a0       ?Dir64To8@KNpcFindPath@@QAEHH@Z 1001e6a0 f   KNpcFindPath.obj
 0001:0001d6b0       ?Dir8To64@KNpcFindPath@@QAEHH@Z 1001e6b0 f   KNpcFindPath.obj
 0001:0001d6c0       ?CheckDistance@KNpcFindPath@@QAEHHHHHH@Z 1001e6c0 f   KNpcFindPath.obj
 0001:0001d700       ?CheckBarrier@KNpcFindPath@@QAEHHH@Z 1001e700 f   KNpcFindPath.obj
 0001:0001d770       ?Init@KNpcGold@@QAEXH@Z    1001e770 f   KNpcGold.obj
 0001:0001d780       ?Release@KNpcGold@@QAEXXZ  1001e780 f   KNpcGold.obj
 0001:0001d7d0       ?SetGoldType@KNpcGold@@QAEXH@Z 1001e7d0 f   KNpcGold.obj
 0001:0001d7e0       ?SetGoldTypeAndBackData@KNpcGold@@QAEXXZ 1001e7e0 f   KNpcGold.obj
 0001:0001d890       ?RecoverBackData@KNpcGold@@QAEXXZ 1001e890 f   KNpcGold.obj
 0001:0001d8c0       ?UpdateNpcData@KNpcGold@@AAEXH@Z 1001e8c0 f   KNpcGold.obj
 0001:0001e570       ?GetGoldType@KNpcGold@@QAEHXZ 1001f570 f   KNpcGold.obj
 0001:0001e580       ?SetGoldCurrentType@KNpcGold@@QAEXH@Z 1001f580 f   KNpcGold.obj
 0001:0001e5c0       ??0KNpcGoldTemplate@@QAE@XZ 1001f5c0 f   KNpcGold.obj
 0001:0001e5e0       ?Init@KNpcGoldTemplate@@QAEHXZ 1001f5e0 f   KNpcGold.obj
 0001:0001e9e0       ??0KNpcRes@@QAE@XZ         1001f9e0 f   KNpcRes.obj
 0001:0001eab0       ?Init@KNpcRes@@QAEHPADPAVKNpcResList@@@Z 1001fab0 f   KNpcRes.obj
 0001:0001ece0       ?Remove@KNpcRes@@QAEXH@Z   1001fce0 f   KNpcRes.obj
 0001:0001ed20       ?Draw@KNpcRes@@QAEXHHHHH@Z 1001fd20 f   KNpcRes.obj
 0001:0001f700       ?GetShadowName@KNpcRes@@SAXPAD0@Z 10020700 f   KNpcRes.obj
 0001:0001f720       ??1KNpcRes@@QAE@XZ         10020720 f   KNpcRes.obj
 0001:0001f730       ?SetHelm@KNpcRes@@QAEHH@Z  10020730 f   KNpcRes.obj
 0001:0001f820       ?SetArmor@KNpcRes@@QAEHH@Z 10020820 f   KNpcRes.obj
 0001:0001f930       ?SetWeapon@KNpcRes@@QAEHH@Z 10020930 f   KNpcRes.obj
 0001:0001fd60       ?SetHorse@KNpcRes@@QAEHH@Z 10020d60 f   KNpcRes.obj
 0001:0001fe60       ?SetMantle@KNpcRes@@QAEHF@Z 10020e60 f   KNpcRes.obj
 0001:0001fff0       ?SetAction@KNpcRes@@QAEHH@Z 10020ff0 f   KNpcRes.obj
 0001:00020420       ?SetRideHorse@KNpcRes@@QAEHH@Z 10021420 f   KNpcRes.obj
 0001:00020840       ?SetPos@KNpcRes@@QAEXHHHHHH@Z 10021840 f   KNpcRes.obj
 0001:000208a0       ?SetState@KNpcRes@@QAEXPAVKList@@PAVKNpcResList@@@Z 100218a0 f   KNpcRes.obj
 0001:00020ad0       ?SetSpecialSpr@KNpcRes@@QAEXPAD@Z 10021ad0 f   KNpcRes.obj
 0001:00020b80       ?SetMenuStateSpr@KNpcRes@@AAEXH@Z 10021b80 f   KNpcRes.obj
 0001:00020c70       ?SetBlur@KNpcRes@@QAEXH@Z  10021c70 f   KNpcRes.obj
 0001:00020ca0       ?GetSoundName@KNpcRes@@AAEXXZ 10021ca0 f   KNpcRes.obj
 0001:00020cc0       ?PlaySoundA@KNpcRes@@AAEXHH@Z 10021cc0 f   KNpcRes.obj
 0001:00020d90       ?GetSndVolume@KNpcRes@@QAEHH@Z 10021d90 f   KNpcRes.obj
 0001:00020dc0       ?StopSound@KNpcRes@@QAEXXZ 10021dc0 f   KNpcRes.obj
 0001:00020e00       ?SetMenuState@KNpcRes@@QAEXHPADH@Z 10021e00 f   KNpcRes.obj
 0001:00020e40       ?GetMenuState@KNpcRes@@QAEHXZ 10021e40 f   KNpcRes.obj
 0001:00020e60       ?SetSleepState@KNpcRes@@QAEXH@Z 10021e60 f   KNpcRes.obj
 0001:00020eb0       ?GetSleepState@KNpcRes@@QAEHXZ 10021eb0 f   KNpcRes.obj
 0001:00020ec0       ?DrawBorder@KNpcRes@@QAEXXZ 10021ec0 f   KNpcRes.obj
 0001:00020fd0       ?DrawMenuState@KNpcRes@@QAEHH@Z 10021fd0 f   KNpcRes.obj
 0001:000210c0       ?GetNormalNpcStandDir@KNpcRes@@QAEHH@Z 100220c0 f   KNpcRes.obj
 0001:00021100       ?GetSprNumFrames@KNpcRes@@QAEHPBDH@Z 10022100 f   KNpcRes.obj
 0001:00021130       ?SetBlurSecMove@KNpcRes@@QAEXHHHH@Z 10022130 f   KNpcRes.obj
 0001:00021200       ?RemoveBlurSecMove@KNpcRes@@QAEXH@Z 10022200 f   KNpcRes.obj
 0001:00021220       ??0KStateSpr@@QAE@XZ       10022220 f   KNpcRes.obj
 0001:00021240       ?Release@KStateSpr@@QAEXXZ 10022240 f   KNpcRes.obj
 0001:00021260       ??0KNpcBlur@@QAE@XZ        10022260 f   KNpcRes.obj
 0001:00021280       ??1KNpcBlur@@QAE@XZ        10022280 f   KNpcRes.obj
 0001:00021290       ?SetNextNo@KNpcBlur@@QAEXXZ 10022290 f   KNpcRes.obj
 0001:000212b0       ?SetMapPos@KNpcBlur@@QAEXHHHH@Z 100222b0 f   KNpcRes.obj
 0001:00021310       ?ChangeAlpha@KNpcBlur@@QAEXXZ 10022310 f   KNpcRes.obj
 0001:000213c0       ?ClearCurNo@KNpcBlur@@QAEXXZ 100223c0 f   KNpcRes.obj
 0001:000213f0       ?SetFile@KNpcBlur@@QAEXHPADHHHHH@Z 100223f0 f   KNpcRes.obj
 0001:00021520       ?Draw@KNpcBlur@@QAEXH@Z    10022520 f   KNpcRes.obj
 0001:00021560       ?NowGetBlur@KNpcBlur@@QAEHXZ 10022560 f   KNpcRes.obj
 0001:00021570       ?Init@KNpcBlur@@QAEHXZ     10022570 f   KNpcRes.obj
 0001:000215b0       ?Remove@KNpcBlur@@QAEXXZ   100225b0 f   KNpcRes.obj
 0001:000215f0       ?Remove@KNpcBlur@@QAEXH@Z  100225f0 f   KNpcRes.obj
 0001:00021640       ?AddObj@KNpcBlur@@QAEXXZ   10022640 f   KNpcRes.obj
 0001:00021650       ?RemoveObj@KNpcBlur@@QAEXXZ 10022650 f   KNpcRes.obj
 0001:000216a0       ??0KNpcResList@@QAE@XZ     100226a0 f   KNpcResList.obj
 0001:00021720       ??1KNpcResList@@QAE@XZ     10022720 f   KNpcResList.obj
 0001:000217b0       ?Init@KNpcResList@@QAEHXZ  100227b0 f   KNpcResList.obj
 0001:00021800       ?FindNpcRes@KNpcResList@@AAEPAVKNpcResNode@@PAD@Z 10022800 f   KNpcResList.obj
 0001:000218d0       ?AddNpcRes@KNpcResList@@QAEPAVKNpcResNode@@PAD@Z 100228d0 f   KNpcResList.obj
 0001:000219a0       ??0KNpcResNode@@QAE@XZ     100229a0 f   KNpcResNode.obj
 0001:00021a90       ??_EKNpcResNode@@UAEPAXI@Z 10022a90 f i KNpcResNode.obj
 0001:00021a90       ??_GKNpcResNode@@UAEPAXI@Z 10022a90 f i KNpcResNode.obj
 0001:00021ab0       ??1KNpcResNode@@UAE@XZ     10022ab0 f   KNpcResNode.obj
 0001:00021b50       ?Init@KNpcResNode@@QAEHPADPAVCActionName@@1@Z 10022b50 f   KNpcResNode.obj
 0001:000229b0       ?ComposePathAndName@KNpcResNode@@QAEXPAD00@Z 100239b0 f   KNpcResNode.obj
 0001:00022ab0       ?CheckPartExist@KNpcResNode@@QAEHH@Z 10023ab0 f   KNpcResNode.obj
 0001:00022ae0       ?GetFileName@KNpcResNode@@QAEHHHHPAD0H@Z 10023ae0 f   KNpcResNode.obj
 0001:00022b20       ?GetInterval@KNpcResNode@@QAEHHHHH@Z 10023b20 f   KNpcResNode.obj
 0001:00022b60       ?GetTotalFrames@KNpcResNode@@QAEHHHHH@Z 10023b60 f   KNpcResNode.obj
 0001:00022ba0       ?GetTotalDirs@KNpcResNode@@QAEHHHHH@Z 10023ba0 f   KNpcResNode.obj
 0001:00022be0       ?GetActNo@KNpcResNode@@QAEHHHH@Z 10023be0 f   KNpcResNode.obj
 0001:00022c20       ?GetSort@KNpcResNode@@QAEHHHHPAHH@Z 10023c20 f   KNpcResNode.obj
 0001:00022c80       ?GetActionSoundName@KNpcResNode@@QAEXHPAD@Z 10023c80 f   KNpcResNode.obj
 0001:00022cc0       ?GetShadowName@KNpcResNode@@SAXPAD0@Z 10023cc0 f   KNpcResNode.obj
 0001:00022d50       ??0CActionName@@QAE@XZ     10023d50 f   KNpcResNode.obj
 0001:00022d80       ?Init@CActionName@@QAEHPAD@Z 10023d80 f   KNpcResNode.obj
 0001:00022ea0       ?GetActionNo@CActionName@@QAEHPAD@Z 10023ea0 f   KNpcResNode.obj
 0001:00022f20       ?GetActionCount@CActionName@@QAEHXZ 10023f20 f   KNpcResNode.obj
 0001:00022f30       ?GetActionName@CActionName@@QAEHHPADH@Z 10023f30 f   KNpcResNode.obj
 0001:00022fa0       ??0CShadowFileName@@QAE@XZ 10023fa0 f   KNpcResNode.obj
 0001:00022fb0       ??1CShadowFileName@@QAE@XZ 10023fb0 f   KNpcResNode.obj
 0001:00022fe0       ?Init@CShadowFileName@@QAEXH@Z 10023fe0 f   KNpcResNode.obj
 0001:00023040       ?GetFile@CShadowFileName@@QAEHHPAH0000PAD@Z 10024040 f   KNpcResNode.obj
 0001:000230d0       ??0CStateMagicTable@@QAE@XZ 100240d0 f   KNpcResNode.obj
 0001:00023130       ?Init@CStateMagicTable@@QAEHXZ 10024130 f   KNpcResNode.obj
 0001:00023390       ?GetInfo@CStateMagicTable@@QAEXHPADPAH111111@Z 10024390 f   KNpcResNode.obj
 0001:000234a0       ??0CRESINFO@@QAE@XZ        100244a0 f   KNpcResNode.obj
 0001:000234b0       ??1CRESINFO@@QAE@XZ        100244b0 f   KNpcResNode.obj
 0001:000234c0       ?AutoDelete@CRESINFO@@QAEXXZ 100244c0 f   KNpcResNode.obj
 0001:000234f0       ?AutoNew@CRESINFO@@QAEHHH@Z 100244f0 f   KNpcResNode.obj
 0001:000235a0       ?GetName@CRESINFO@@QAEHHHPAD0H@Z 100245a0 f   KNpcResNode.obj
 0001:00023630       ?GetInterval@CRESINFO@@QAEHHHH@Z 10024630 f   KNpcResNode.obj
 0001:00023670       ?GetTotalFrames@CRESINFO@@QAEHHHH@Z 10024670 f   KNpcResNode.obj
 0001:000236b0       ?GetTotalDirs@CRESINFO@@QAEHHHH@Z 100246b0 f   KNpcResNode.obj
 0001:000236f0       ??0CEquipStyleTable@@QAE@XZ 100246f0 f   KNpcResNode.obj
 0001:00023700       ??1CEquipStyleTable@@QAE@XZ 10024700 f   KNpcResNode.obj
 0001:00023710       ?AutoDelete@CEquipStyleTable@@QAEXXZ 10024710 f   KNpcResNode.obj
 0001:00023740       ?AutoNew@CEquipStyleTable@@QAEHHH@Z 10024740 f   KNpcResNode.obj
 0001:000237a0       ?SetValue@CEquipStyleTable@@QAEXHHH@Z 100247a0 f   KNpcResNode.obj
 0001:000237e0       ?GetValue@CEquipStyleTable@@QAEHHH@Z 100247e0 f   KNpcResNode.obj
 0001:00023820       ??0CSortTable@@QAE@XZ      10024820 f   KNpcResNode.obj
 0001:00023890       ??1CSortTable@@QAE@XZ      10024890 f   KNpcResNode.obj
 0001:000238a0       ?Release@CSortTable@@AAEXXZ 100248a0 f   KNpcResNode.obj
 0001:000238f0       ?SortStrToNum@CSortTable@@AAEXPADPAHH@Z 100248f0 f   KNpcResNode.obj
 0001:000239a0       ?GetTable@CSortTable@@QAEHPADPAVCActionName@@H@Z 100249a0 f   KNpcResNode.obj
 0001:00023a80       ?GetTable@CSortTable@@QAEHPAVKIniFile@@PAVCActionName@@H@Z 10024a80 f   KNpcResNode.obj
 0001:00023ef0       ?GetSort@CSortTable@@QAEHHHHPAHH@Z 10024ef0 f   KNpcResNode.obj
 0001:00024210       ??1KNpcSet@@QAE@XZ         10025210 f i KNpcSet.obj
 0001:00024280       ??0KNpcSet@@QAE@XZ         10025280 f   KNpcSet.obj
 0001:000242e0       ?Init@KNpcSet@@QAEXXZ      100252e0 f   KNpcSet.obj
 0001:000243a0       ?LoadPlayerBaseValue@KNpcSet@@QAEXPAD@Z 100253a0 f   KNpcSet.obj
 0001:00024510       ?IsNpcExist@KNpcSet@@QAEHHK@Z 10025510 f   KNpcSet.obj
 0001:00024540       ?GenOneRelation@KNpcSet@@AAE?AW4NPC_RELATION@@W4NPCKIND@@0W4NPCCAMP@@1W4NPCFIGHT@@2@Z 10025540 f   KNpcSet.obj
 0001:00024650       ?GenRelationTable@KNpcSet@@AAEHXZ 10025650 f   KNpcSet.obj
 0001:000246f0       ?SearchID@KNpcSet@@QAEHK@Z 100256f0 f   KNpcSet.obj
 0001:00024730       ?SearchClientID@KNpcSet@@QAEHUKClientNpcID@@@Z 10025730 f   KNpcSet.obj
 0001:00024780       ?SearchName@KNpcSet@@QAEHPAD@Z 10025780 f   KNpcSet.obj
 0001:000247e0       ?SearchNameID@KNpcSet@@QAEHK@Z 100257e0 f   KNpcSet.obj
 0001:00024840       ?SearchNpcById@KNpcSet@@QAEPAVKNpc@@K@Z 10025840 f   KNpcSet.obj
 0001:000248c0       ?FindFree@KNpcSet@@AAEHXZ  100258c0 f   KNpcSet.obj
 0001:000248e0       ?AddClientNpc@KNpcSet@@QAEHHHHHHH@Z 100258e0 f   KNpcSet.obj
 0001:00024a00       ?Add@KNpcSet@@QAEHHHPAX@Z  10025a00 f   KNpcSet.obj
 0001:00024ad0       ?Add@KNpcSet@@QAEHHHHHH@Z  10025ad0 f   KNpcSet.obj
 0001:00024b60       ?Add@KNpcSet@@QAEHHHHHHHHH@Z 10025b60 f   KNpcSet.obj
 0001:00024d00       ?Remove@KNpcSet@@QAEXH@Z   10025d00 f   KNpcSet.obj
 0001:00024d70       ?RemoveAll@KNpcSet@@QAEXXZ 10025d70 f   KNpcSet.obj
 0001:00024e20       ?InsertNpcToRegion@KNpcSet@@QAEXH@Z 10025e20 f   KNpcSet.obj
 0001:00024ee0       ?GetDistance@KNpcSet@@SAHHH@Z 10025ee0 f   KNpcSet.obj
 0001:00025070       ?GetDistanceSquare@KNpcSet@@SAHHH@Z 10026070 f   KNpcSet.obj
 0001:000251e0       ?GetNextIdx@KNpcSet@@QAEHH@Z 100261e0 f   KNpcSet.obj
 0001:00025210       ?CheckBalance@KNpcSet@@QAEXXZ 10026210 f   KNpcSet.obj
 0001:000253a0       ?GetAroundPlayerForTeamInvite@KNpcSet@@QAEHPAUKUiPlayerItem@@H@Z 100263a0 f   KNpcSet.obj
 0001:00025580       ?GetAroundPlayer@KNpcSet@@QAEHPAUKUiPlayerItem@@H@Z 10026580 f   KNpcSet.obj
 0001:000256d0       ?SetShowNameFlag@KNpcSet@@QAEXH@Z 100266d0 f   KNpcSet.obj
 0001:00025700       ?CheckShowName@KNpcSet@@QAEHXZ 10026700 f   KNpcSet.obj
 0001:00025710       ?SetShowLifeFlag@KNpcSet@@QAEXH@Z 10026710 f   KNpcSet.obj
 0001:00025740       ?CheckShowLife@KNpcSet@@QAEHXZ 10026740 f   KNpcSet.obj
 0001:00025750       ?SetShowChatFlag@KNpcSet@@QAEXH@Z 10026750 f   KNpcSet.obj
 0001:00025780       ?CheckShowChat@KNpcSet@@QAEHXZ 10026780 f   KNpcSet.obj
 0001:00025790       ?SetShowManaFlag@KNpcSet@@QAEXH@Z 10026790 f   KNpcSet.obj
 0001:000257c0       ?CheckShowMana@KNpcSet@@QAEHXZ 100267c0 f   KNpcSet.obj
 0001:000257d0       ?AutoGetNpcNear@KNpcSet@@QAEHHHHHQAHHHH@Z 100267d0 f   KNpcSet.obj
 0001:00025920       ?GetDistanceMps@KNpcSet@@QAEHHHHH@Z 10026920 f   KNpcSet.obj
 0001:00025960       ?AutoGetPlayerPk@KNpcSet@@QAEHHHHH@Z 10026960 f   KNpcSet.obj
 0001:00025a70       ?ClearActivateFlagOfAllNpc@KNpcSet@@QAEXXZ 10026a70 f   KNpcSet.obj
 0001:00025ab0       ?GetAroundOpenCaptain@KNpcSet@@QAEXH@Z 10026ab0 f   KNpcSet.obj
 0001:00025c40       ?SearchNpcAt@KNpcSet@@QAEHHHHH@Z 10026c40 f   KNpcSet.obj
 0001:00025db0       ?IsNpcRequestExist@KNpcSet@@QAEHK@Z 10026db0 f   KNpcSet.obj
 0001:00025dd0       ?InsertNpcRequest@KNpcSet@@QAEXK@Z 10026dd0 f   KNpcSet.obj
 0001:00025e30       ?RemoveNpcRequest@KNpcSet@@QAEXK@Z 10026e30 f   KNpcSet.obj
 0001:00025e80       ?GetRequestIndex@KNpcSet@@QAEHK@Z 10026e80 f   KNpcSet.obj
 0001:00025ec0       ?GetRelation@KNpcSet@@QAE?AW4NPC_RELATION@@HH@Z 10026ec0 f   KNpcSet.obj
 0001:00026130       ??0KInstantSpecial@@QAE@XZ 10027130 f   KNpcSet.obj
 0001:00026180       ?LoadSprName@KInstantSpecial@@AAEXXZ 10027180 f   KNpcSet.obj
 0001:00026240       ?LoadSoundName@KInstantSpecial@@AAEXXZ 10027240 f   KNpcSet.obj
 0001:00026330       ?GetSprName@KInstantSpecial@@QAEXHPADH@Z 10027330 f   KNpcSet.obj
 0001:000263c0       ?PlaySoundA@KInstantSpecial@@QAEXH@Z 100273c0 f   KNpcSet.obj
 0001:00026460       ?InitNpcBaseData@KNpcTemplate@@QAEXH@Z 10027460 f   KNpcTemplate.obj
 0001:000266b0       ?InitNpcLevelData@KNpcTemplate@@QAEXPAVKTabFile@@HPAVKLuaScript@@HH@Z 100276b0 f   KNpcTemplate.obj
 0001:000267f0       ?GetNpcLevelDataFromScript@KNpcTemplate@@SAHPAVKLuaScript@@PADHH1@Z 100277f0 f   KNpcTemplate.obj
 0001:00026880       ?GetNpcLevelDataFromScript@KNpcTemplate@@SAHPAVKLuaScript@@PADHHNNN@Z 10027880 f   KNpcTemplate.obj
 0001:00026920       ?SkillString2Id@KNpcTemplate@@SAHPAD@Z 10027920 f   KNpcTemplate.obj
 0001:00026a30       ??0KPlayer@@QAE@XZ         10027a30 f   KPlayer.obj
 0001:00026b70       ??1KPlayerAI@@QAE@XZ       10027b70 f i KPlayer.obj
 0001:00026b80       ??1KEquipmentArray@@QAE@XZ 10027b80 f i KPlayer.obj
 0001:00026b90       ??1KPlayerChat@@QAE@XZ     10027b90 f i KPlayer.obj
 0001:00026c00       ??1CChatFriendTeam@@QAE@XZ 10027c00 f i KPlayer.obj
 0001:00026c10       ??1KPlayer@@QAE@XZ         10027c10 f   KPlayer.obj
 0001:00026cc0       ?Release@KPlayer@@QAEXXZ   10027cc0 f   KPlayer.obj
 0001:00026e40       ?SetPlayerIndex@KPlayer@@QAEXH@Z 10027e40 f   KPlayer.obj
 0001:00026e60       ?GetPlayerIndex@KPlayer@@QAEHXZ 10027e60 f   KPlayer.obj
 0001:00026e70       ?Active@KPlayer@@QAEXXZ    10027e70 f   KPlayer.obj
 0001:00027020       ?ProcessMsg@KPlayer@@QAEXPAVKWorldMsgNode@@@Z 10028020 f   KPlayer.obj
 0001:00027030       ?ProcessInputMsg@KPlayer@@QAEXIIJ@Z 10028030 f   KPlayer.obj
 0001:000271a0       ?OnButtonDown@KPlayer@@AAEXHHHW4MOUSE_BUTTON@@@Z 100281a0 f   KPlayer.obj
 0001:000271f0       ?OnButtonMove@KPlayer@@AAEXHHHW4MOUSE_BUTTON@@@Z 100281f0 f   KPlayer.obj
 0001:00027220       ?OnButtonUp@KPlayer@@AAEXHHW4MOUSE_BUTTON@@@Z 10028220 f   KPlayer.obj
 0001:00027230       ?OnMouseMove@KPlayer@@AAEXHH@Z 10028230 f   KPlayer.obj
 0001:00027390       ?ProcessMouse@KPlayer@@AAEXHHHW4MOUSE_BUTTON@@@Z 10028390 f   KPlayer.obj
 0001:00027980       ?Walk@KPlayer@@QAEXHH@Z    10028980 f   KPlayer.obj
 0001:00027b10       ?TurnLeft@KPlayer@@QAEXXZ  10028b10 f   KPlayer.obj
 0001:00027b60       ?TurnRight@KPlayer@@QAEXXZ 10028b60 f   KPlayer.obj
 0001:00027bb0       ?TurnBack@KPlayer@@QAEXXZ  10028bb0 f   KPlayer.obj
 0001:00027c00       ?FindSelectNpc@KPlayer@@QAEXHHH@Z 10028c00 f   KPlayer.obj
 0001:00027c80       ?FindSelectObject@KPlayer@@QAEXHH@Z 10028c80 f   KPlayer.obj
 0001:00027cb0       ?NetCommandPlayerTalk@KPlayer@@AAEHPAE@Z 10028cb0 f   KPlayer.obj
 0001:00027cc0       ?ConformIdx@KPlayer@@QAEHH@Z 10028cc0 f   KPlayer.obj
 0001:00027ce0       ?ResetBaseAttribute@KPlayer@@QAEXD@Z 10028ce0 f   KPlayer.obj
 0001:00027fd0       ?CalcCurLucky@KPlayer@@AAEXXZ 10028fd0 f   KPlayer.obj
 0001:00027fe0       ?ChangeCurStrength@KPlayer@@QAEXH@Z 10028fe0 f   KPlayer.obj
 0001:00028000       ?ChangeCurDexterity@KPlayer@@QAEXH@Z 10029000 f   KPlayer.obj
 0001:00028070       ?ChangeCurVitality@KPlayer@@QAEXH@Z 10029070 f   KPlayer.obj
 0001:00028140       ?ChangeCurEngergy@KPlayer@@QAEXH@Z 10029140 f   KPlayer.obj
 0001:000281c0       ?AddBaseLucky@KPlayer@@QAEXH@Z 100291c0 f   KPlayer.obj
 0001:000281e0       ?SetNpcPhysicsDamage@KPlayer@@AAEXXZ 100291e0 f   KPlayer.obj
 0001:000282e0       ?SetNpcAttackRating@KPlayer@@AAEXXZ 100292e0 f   KPlayer.obj
 0001:00028320       ?SetNpcDefence@KPlayer@@AAEXXZ 10029320 f   KPlayer.obj
 0001:00028360       ?AddExp@KPlayer@@QAEXMHH@Z 10029360 f   KPlayer.obj
 0001:00028380       ?AddSelfExp@KPlayer@@QAEXHH@Z 10029380 f   KPlayer.obj
 0001:00028480       ?DirectAddExp@KPlayer@@QAEXH@Z 10029480 f   KPlayer.obj
 0001:000284e0       ?LevelUp@KPlayer@@QAEXXZ   100294e0 f   KPlayer.obj
 0001:00028a50       ?UpdataCurData@KPlayer@@QAEXXZ 10029a50 f   KPlayer.obj
 0001:00029630       ?ReCalcEquip@KPlayer@@QAEXXZ 1002a630 f   KPlayer.obj
 0001:000296d0       ?ReCalcState@KPlayer@@QAEXXZ 1002a6d0 f   KPlayer.obj
 0001:00029700       ?AddLeadExp@KPlayer@@QAEXH@Z 1002a700 f   KPlayer.obj
 0001:00029790       ?LevelAddBaseLifeMax@KPlayer@@AAEXXZ 1002a790 f   KPlayer.obj
 0001:00029810       ?LevelAddBaseStaminaMax@KPlayer@@AAEXXZ 1002a810 f   KPlayer.obj
 0001:000298a0       ?LevelAddBaseManaMax@KPlayer@@AAEXXZ 1002a8a0 f   KPlayer.obj
 0001:00029920       ?ChangePlayerCamp@KPlayer@@QAEXH@Z 1002a920 f   KPlayer.obj
 0001:00029950       ?ApplyTeamInfo@KPlayer@@QAEXK@Z 1002a950 f   KPlayer.obj
 0001:000299a0       ?ApplySelfTeamInfo@KPlayer@@QAEXXZ 1002a9a0 f   KPlayer.obj
 0001:000299d0       ?ApplyCreateTeam@KPlayer@@QAEHXZ 1002a9d0 f   KPlayer.obj
 0001:000299e0       ?ApplyTeamOpenClose@KPlayer@@QAEHH@Z 1002a9e0 f   KPlayer.obj
 0001:00029ad0       ?ApplyAddTeam@KPlayer@@QAEXH@Z 1002aad0 f   KPlayer.obj
 0001:00029c30       ?AcceptTeamMember@KPlayer@@QAEXK@Z 1002ac30 f   KPlayer.obj
 0001:00029ce0       ?TeamDropApplyOne@KPlayer@@QAEXK@Z 1002ace0 f   KPlayer.obj
 0001:00029d30       ?LeaveTeam@KPlayer@@QAEXXZ 1002ad30 f   KPlayer.obj
 0001:00029d70       ?TeamKickMember@KPlayer@@QAEXK@Z 1002ad70 f   KPlayer.obj
 0001:00029dd0       ?ApplyTeamChangeCaptain@KPlayer@@QAEXK@Z 1002add0 f   KPlayer.obj
 0001:00029e30       ?ApplyTeamDismiss@KPlayer@@QAEXXZ 1002ae30 f   KPlayer.obj
 0001:00029e90       ?ApplySetPK@KPlayer@@QAEXH@Z 1002ae90 f   KPlayer.obj
 0001:00029ee0       ?ApplyFactionData@KPlayer@@QAEXXZ 1002aee0 f   KPlayer.obj
 0001:00029f20       ?SendChat@KPlayer@@QAEXPAUKUiMsgParam@@PAD@Z 1002af20 f   KPlayer.obj
 0001:00029fb0       ?ApplyAddBaseAttribute@KPlayer@@QAEXHH@Z 1002afb0 f   KPlayer.obj
 0001:0002a020       ?ApplyAddSkillLevel@KPlayer@@QAEHHH@Z 1002b020 f   KPlayer.obj
 0001:0002a0f0       ?ApplyUseItem@KPlayer@@QAEHHUItemPos@@@Z 1002b0f0 f   KPlayer.obj
 0001:0002a400       ?PickUpObj@KPlayer@@QAEXH@Z 1002b400 f   KPlayer.obj
 0001:0002a590       ?ObjMouseClick@KPlayer@@QAEXH@Z 1002b590 f   KPlayer.obj
 0001:0002a620       ?MoveItem@KPlayer@@QAEXUItemPos@@0@Z 1002b620 f   KPlayer.obj
 0001:0002a8e0       ?ThrowAwayItem@KPlayer@@QAEHXZ 1002b8e0 f   KPlayer.obj
 0001:0002ab50       ?AutoThrowAwayItem@KPlayer@@QAEHH@Z 1002bb50 f   KPlayer.obj
 0001:0002acc0       ?ChatAddFriend@KPlayer@@QAEXH@Z 1002bcc0 f   KPlayer.obj
 0001:0002ad10       ?ChatRefuseFriend@KPlayer@@QAEXH@Z 1002bd10 f   KPlayer.obj
 0001:0002ad60       ?TradeApplyOpen@KPlayer@@QAEXPADH@Z 1002bd60 f   KPlayer.obj
 0001:0002adf0       ?TradeApplyClose@KPlayer@@QAEXXZ 1002bdf0 f   KPlayer.obj
 0001:0002ae40       ?TradeApplyStart@KPlayer@@QAEXH@Z 1002be40 f   KPlayer.obj
 0001:0002af40       ?TradeMoveMoney@KPlayer@@QAEHH@Z 1002bf40 f   KPlayer.obj
 0001:0002afe0       ?TradeDecision@KPlayer@@QAEXH@Z 1002bfe0 f   KPlayer.obj
 0001:0002b080       ?TradeApplyLock@KPlayer@@QAEXH@Z 1002c080 f   KPlayer.obj
 0001:0002b100       ?s2cApplyAddTeam@KPlayer@@QAEXPAE@Z 1002c100 f   KPlayer.obj
 0001:0002b350       ?TaskGetSaveVal@KPlayer@@QAEHH@Z 1002c350 f   KPlayer.obj
 0001:0002b370       ?TaskSetSaveVal@KPlayer@@QAEXHH@Z 1002c370 f   KPlayer.obj
 0001:0002b430       ?TaskGetClearVal@KPlayer@@QAEHH@Z 1002c430 f   KPlayer.obj
 0001:0002b450       ?TaskSetClearVal@KPlayer@@QAEXHH@Z 1002c450 f   KPlayer.obj
 0001:0002b470       ?CheckRideHorse@KPlayer@@QAEXH@Z 1002c470 f   KPlayer.obj
 0001:0002b550       ?SetLevel@KPlayer@@QAEXE@Z 1002c550 f   KPlayer.obj
 0001:0002bd70       ?RefeshPlayer@KPlayer@@QAEX_N@Z 1002cd70 f   KPlayer.obj
 0001:0002bde0       ?AddAllSkillPoint@KPlayer@@QAEXH@Z 1002cde0 f   KPlayer.obj
 0001:0002be40       ?AddSkillPoint@KPlayer@@QAEXHH@Z 1002ce40 f   KPlayer.obj
 0001:0002bfa0       ?UpdateSkillPointAdd@KPlayer@@QAEXXZ 1002cfa0 f   KPlayer.obj
 0001:0002bff0       ?SetDefaultImmedSkill@KPlayer@@QAEXXZ 1002cff0 f   KPlayer.obj
 0001:0002c090       ?SetLeftSkill@KPlayer@@QAEXH@Z 1002d090 f   KPlayer.obj
 0001:0002c0f0       ?SetRightSkill@KPlayer@@QAEXH@Z 1002d0f0 f   KPlayer.obj
 0001:0002c1e0       ?UpdateWeaponSkill@KPlayer@@QAEXXZ 1002d1e0 f   KPlayer.obj
 0001:0002c2e0       ?SetChatCurChannel@KPlayer@@QAEXH@Z 1002d2e0 f   KPlayer.obj
 0001:0002c300       ?TeamInviteAdd@KPlayer@@QAEXK@Z 1002d300 f   KPlayer.obj
 0001:0002c320       ?ExecuteScript@KPlayer@@QAEHPAD0H@Z 1002d320 f   KPlayer.obj
 0001:0002c360       ?ExecuteScript@KPlayer@@QAEHKPADH@Z 1002d360 f   KPlayer.obj
 0001:0002c540       ?ExecuteScript@KPlayer@@QAEHKPAD0@Z 1002d540 f   KPlayer.obj
 0001:0002c710       ?ExecuteScript@KPlayer@@QAEHPAD00@Z 1002d710 f   KPlayer.obj
 0001:0002c760       ?ExecuteScript2@KPlayer@@QAEHPAD0HHH@Z 1002d760 f   KPlayer.obj
 0001:0002c7b0       ?ExecuteScript2@KPlayer@@QAEHKPADHHH@Z 1002d7b0 f   KPlayer.obj
 0001:0002c9b0       ?ExecuteScript2@KPlayer@@QAEHPAD0H0H@Z 1002d9b0 f   KPlayer.obj
 0001:0002ca00       ?ExecuteScript2@KPlayer@@QAEHKPADH0H@Z 1002da00 f   KPlayer.obj
 0001:0002cc00       ?DoScriptAction@KPlayer@@QAEXPAUPLAYER_SCRIPTACTION_SYNC@@@Z 1002dc00 f   KPlayer.obj
 0001:0002cc20       ?ProcessPlayerSelectFromUI@KPlayer@@QAEXPAE@Z 1002dc20 f   KPlayer.obj
 0001:0002cd70       ?OnSelectFromUI@KPlayer@@QAEXPAUPLAYER_SELECTUI_COMMAND@@W4UIInfo@@@Z 1002dd70 f   KPlayer.obj
 0001:0002cf10       ?ChatFriendOnLine@KPlayer@@QAEXKH@Z 1002df10 f   KPlayer.obj
 0001:0002d020       ?GetFactionName@KPlayer@@QAEXPADH@Z 1002e020 f   KPlayer.obj
 0001:0002d040       ?OnScriptAction@KPlayer@@QAEXPAUPLAYER_SCRIPTACTION_SYNC@@@Z 1002e040 f   KPlayer.obj
 0001:0002deb0       ??_GKLuaScript@@UAEPAXI@Z  1002eeb0 f i KPlayer.obj
 0001:0002deb0       ??_EKLuaScript@@UAEPAXI@Z  1002eeb0 f i KPlayer.obj
 0001:0002ded0       ?s2cTradeChangeState@KPlayer@@QAEXPAE@Z 1002eed0 f   KPlayer.obj
 0001:0002e1d0       ?s2cLevelUp@KPlayer@@QAEXPAE@Z 1002f1d0 f   KPlayer.obj
 0001:0002ea40       ?s2cGetCurAttribute@KPlayer@@QAEXPAE@Z 1002fa40 f   KPlayer.obj
 0001:0002ef00       ?s2cSetExp@KPlayer@@QAEXH@Z 1002ff00 f   KPlayer.obj
 0001:0002efc0       ?s2cSyncMoney@KPlayer@@QAEXPAE@Z 1002ffc0 f   KPlayer.obj
 0001:0002f0b0       ?s2cTradeApplyStart@KPlayer@@QAEXPAE@Z 100300b0 f   KPlayer.obj
 0001:0002f190       ?s2cTradeMoneySync@KPlayer@@QAEXPAE@Z 10030190 f   KPlayer.obj
 0001:0002f1d0       ?s2cTradeDecision@KPlayer@@QAEXPAE@Z 100301d0 f   KPlayer.obj
 0001:0002f360       ?GetRightSkillID@KPlayer@@QBEHXZ 10030360 f   KPlayer.obj
 0001:0002f370       ?GetRightSkillLevel@KPlayer@@QBEHXZ 10030370 f   KPlayer.obj
 0001:0002f380       ?ForceReapplyRightAura@KPlayer@@QAEXXZ 10030380 f   KPlayer.obj
 0001:0002f3f0       ?SyncCurPlayer@KPlayer@@QAEXPAE@Z 100303f0 f   KPlayer.obj
 0001:0002f990       ?CheckTrading@KPlayer@@QAEHXZ 10030990 f   KPlayer.obj
 0001:0002f9a0       ?SetFirstDamage@KPlayer@@QAEXXZ 100309a0 f   KPlayer.obj
 0001:0002ff00       ?SetBaseAttackRating@KPlayer@@QAEXXZ 10030f00 f   KPlayer.obj
 0001:0002ff30       ?SetBaseDefence@KPlayer@@QAEXXZ 10030f30 f   KPlayer.obj
 0001:0002ff60       ?SetBaseResistData@KPlayer@@QAEXXZ 10030f60 f   KPlayer.obj
 0001:000301d0       ?SetBaseSpeedAndRadius@KPlayer@@QAEXXZ 100311d0 f   KPlayer.obj
 0001:000302b0       ?DialogNpc@KPlayer@@QAEXH@Z 100312b0 f   KPlayer.obj
 0001:00030360       ?CheckObject@KPlayer@@QAEXH@Z 10031360 f   KPlayer.obj
 0001:00030410       ?ShopApplyOpen@KPlayer@@QAEHXZ 10031410 f   KPlayer.obj
 0001:000305a0       ?ShopApplyClose@KPlayer@@QAEHXZ 100315a0 f   KPlayer.obj
 0001:00030640       ?DrawSelectInfo@KPlayer@@QAEXXZ 10031640 f   KPlayer.obj
 0001:000307c0       ?GetEchoDamage@KPlayer@@QAEXPAH00H@Z 100317c0 f   KPlayer.obj
 0001:00031120       ?SetNpcDamageAttrib@KPlayer@@QAEXXZ 10032120 f   KPlayer.obj
 0001:00031130       ?SetBronzeCoin@KPlayer@@QAEXH@Z 10032130 f   KPlayer.obj
 0001:00031140       ?GetBronzeCoin@KPlayer@@QAEHXZ 10032140 f   KPlayer.obj
 0001:00031150       ?SetLockBronzeCoin@KPlayer@@QAEXH@Z 10032150 f   KPlayer.obj
 0001:00031160       ?GetLockBronzeCoin@KPlayer@@QAEHXZ 10032160 f   KPlayer.obj
 0001:00031170       ?HideMask@KPlayer@@QAEXH@Z 10032170 f   KPlayer.obj
 0001:00031230       ?SetExpAddNo@KPlayer@@AAEXH@Z 10032230 f   KPlayer.obj
 0001:00031270       ?ClientSystemMsg@KPlayer@@QAEXPBD0@Z 10032270 f   KPlayer.obj
 0001:000312b0       ?SetAutoFlag@KPlayer@@QAEXH@Z 100322b0 f   KPlayer.obj
 0001:000312c0       ?SetStoreBoxNum@KPlayer@@QAEXE@Z 100322c0 f   KPlayer.obj
 0001:000312e0       ?SetExpandBoxNum@KPlayer@@QAEXE@Z 100322e0 f   KPlayer.obj
 0001:00031300       ?FindSame@KEquipmentArray@@QAEHH@Z 10032300 f   KPlayerAI.obj
 0001:00031320       ?Init@KPlayerAI@@QAEXXZ    10032320 f   KPlayerAI.obj
 0001:00031330       ?Release@KPlayerAI@@QAEXXZ 10032330 f   KPlayerAI.obj
 0001:00031670       ?ResetAuto@KPlayerAI@@QAEXXZ 10032670 f   KPlayerAI.obj
 0001:00031720       ?SendAroundAuto@KPlayerAI@@QAEXH@Z 10032720 f   KPlayerAI.obj
 0001:00031810       ?Active@KPlayerAI@@QAEXXZ  10032810 f   KPlayerAI.obj
 0001:00032250       ?FindNearNpc2Array@KPlayerAI@@QAEHH@Z 10033250 f   KPlayerAI.obj
 0001:00032470       ?AutoAddNpc2Array@KPlayerAI@@QAEHH@Z 10033470 f   KPlayerAI.obj
 0001:00032df0       ?PlayerFollowActack@KPlayerAI@@QAEXH@Z 10033df0 f   KPlayerAI.obj
 0001:00033780       ?AutoReturn@KPlayerAI@@QAEHXZ 10034780 f   KPlayerAI.obj
 0001:000338d0       ?PlayerMoveMps@KPlayerAI@@QAEHXZ 100348d0 f   KPlayerAI.obj
 0001:00033ae0       ?MoveTo@KPlayerAI@@QAEXHH@Z 10034ae0 f   KPlayerAI.obj
 0001:00033c50       ?IsNotValidNpc@KPlayerAI@@QAEHH@Z 10034c50 f   KPlayerAI.obj
 0001:00033de0       ?DefensePlayer@KPlayerAI@@QAEHH@Z 10034de0 f   KPlayerAI.obj
 0001:00033f00       ?CheckPlayerRider@KPlayerAI@@QAEXXZ 10034f00 f   KPlayerAI.obj
 0001:00033fa0       ?AutoBuffSkillState@KPlayerAI@@QAEHXZ 10034fa0 f   KPlayerAI.obj
 0001:00034150       ?AutoBuffEmi@KPlayerAI@@QAEHXZ 10035150 f   KPlayerAI.obj
 0001:00034510       ?PlayerSwitchAura@KPlayerAI@@QAEXXZ 10035510 f   KPlayerAI.obj
 0001:00034590       ?PlayerBuffWhenManaSmall@KPlayerAI@@QAEXXZ 10035590 f   KPlayerAI.obj
 0001:00034660       ?PlayerActiveFightHand@KPlayerAI@@QAEXXZ 10035660 f   KPlayerAI.obj
 0001:00034730       ?InviteParty@KPlayerAI@@QAEXXZ 10035730 f   KPlayerAI.obj
 0001:00034850       ?CheckPTList@KPlayerAI@@QAEHPBD@Z 10035850 f   KPlayerAI.obj
 0001:000348c0       ?IsRAPEquip@KPlayerAI@@QAEHH@Z 100358c0 f   KPlayerAI.obj
 0001:000348e0       ?IsEquipSatisfyCondition@KPlayerAI@@QAEHH@Z 100358e0 f   KPlayerAI.obj
 0001:00034950       ?PlayerFilterEquip@KPlayerAI@@QAEXXZ 10035950 f   KPlayerAI.obj
 0001:00034ca0       ?FindObjectNearPlayer@KPlayerAI@@QAEHXZ 10035ca0 f   KPlayerAI.obj
 0001:000351c0       ?FindNearObject2Array@KPlayerAI@@QAEHXZ 100361c0 f   KPlayerAI.obj
 0001:000353d0       ?IsNotValidObject@KPlayerAI@@QAEHH@Z 100363d0 f   KPlayerAI.obj
 0001:000354d0       ?PlayerFollowObject@KPlayerAI@@QAEHH@Z 100364d0 f   KPlayerAI.obj
 0001:000356b0       ?PlayerEatAItem@KPlayerAI@@QAEHXZ 100366b0 f   KPlayerAI.obj
 0001:00035c40       ?PlayerUseItem@KPlayerAI@@QAEHH@Z 10036c40 f   KPlayerAI.obj
 0001:000360a0       ?EatFullBox@KPlayerAI@@QAEXXZ 100370a0 f   KPlayerAI.obj
 0001:000361a0       ?RepairEquip@KPlayerAI@@QAEHXZ 100371a0 f   KPlayerAI.obj
 0001:00036340       ?SaveMoney@KPlayerAI@@QAEHXZ 10037340 f   KPlayerAI.obj
 0001:000363b0       ?BackToMap@KPlayerAI@@QAEXXZ 100373b0 f   KPlayerAI.obj
 0001:000365e0       ?BackMapTrain@KPlayerAI@@QAEXXZ 100375e0 f   KPlayerAI.obj
 0001:00036870       ?MoveItemToBox@KPlayerAI@@QAEXXZ 10037870 f   KPlayerAI.obj
 0001:00036cc0       ?PaintActionAuto@KPlayerAI@@QAEXHHHH@Z 10037cc0 f   KPlayerAI.obj
 0001:00036d00       ?Release@KPlayerChat@@QAEXXZ 10037d00 f   KPlayerChat.obj
 0001:00036dd0       ?CheckExist@KPlayerChat@@QAEHK@Z 10037dd0 f   KPlayerChat.obj
 0001:00036e30       ?CheckExist@KPlayerChat@@QAEHPAD@Z 10037e30 f   KPlayerChat.obj
 0001:00036ed0       ?GetFriendNode@KPlayerChat@@QAEPAVCChatFriend@@K@Z 10037ed0 f   KPlayerChat.obj
 0001:00036f20       ?GetTeamNo@KPlayerChat@@QAEHK@Z 10037f20 f   KPlayerChat.obj
 0001:00036f80       ?GetName@KPlayerChat@@QAEHKPAD@Z 10037f80 f   KPlayerChat.obj
 0001:00036ff0       ?SetCurChannel@KPlayerChat@@QAEXHKH@Z 10037ff0 f   KPlayerChat.obj
 0001:00037070       ?AddChannel@KPlayerChat@@QAEXH@Z 10038070 f   KPlayerChat.obj
 0001:000370f0       ?SubChannel@KPlayerChat@@QAEXH@Z 100380f0 f   KPlayerChat.obj
 0001:00037160       ?SendTakeChannel@KPlayerChat@@QAEXXZ 10038160 f   KPlayerChat.obj
 0001:000371b0       ?SendSentence@KPlayerChat@@QAEXPAUKUiMsgParam@@PAD@Z 100381b0 f   KPlayerChat.obj
 0001:00037370       ?QQSendSentence@KPlayerChat@@QAEXKHPAUKUiMsgParam@@PAD@Z 10038370 f   KPlayerChat.obj
 0001:000374e0       ?SetTakeChannel@KPlayerChat@@QAEXK@Z 100384e0 f   KPlayerChat.obj
 0001:00037510       ?GetChat@KPlayerChat@@QAEXPAUPLAYER_SEND_CHAT_DATA_SYNC@@@Z 10038510 f   KPlayerChat.obj
 0001:00037a50       ?ApplyAddFriend@KPlayerChat@@QAEXKPAD@Z 10038a50 f   KPlayerChat.obj
 0001:00037bb0       ?GetApplyOneInfo@KPlayerChat@@QAEHPAHPAD1@Z 10038bb0 f   KPlayerChat.obj
 0001:00037c60       ?SaveTeamInfo@KPlayerChat@@QAEXPAD@Z 10038c60 f   KPlayerChat.obj
 0001:00037e30       ?SaveTakeChannelInfo@KPlayerChat@@QAEXPAD@Z 10038e30 f   KPlayerChat.obj
 0001:00037f30       ?LoadTakeChannelInfo@KPlayerChat@@QAEXPAD@Z 10038f30 f   KPlayerChat.obj
 0001:00038090       ?CheckTeamNo@KPlayerChat@@QAEHPAD0@Z 10039090 f   KPlayerChat.obj
 0001:00038380       ?LoadTeamName@KPlayerChat@@QAEXPAD@Z 10039380 f   KPlayerChat.obj
 0001:00038550       ?AddOne@KPlayerChat@@QAEXKHPADH@Z 10039550 f   KPlayerChat.obj
 0001:00038630       ??_ECChatFriend@@UAEPAXI@Z 10039630 f i KPlayerChat.obj
 0001:00038630       ??_GCChatFriend@@UAEPAXI@Z 10039630 f i KPlayerChat.obj
 0001:00038650       ??1CChatFriend@@UAE@XZ     10039650 f i KPlayerChat.obj
 0001:00038660       ?CheckIsFriend@KPlayerChat@@QAEHH@Z 10039660 f   KPlayerChat.obj
 0001:000386c0       ?AddTeam@KPlayerChat@@QAEHPAD0@Z 100396c0 f   KPlayerChat.obj
 0001:00038870       ?RenameTeam@KPlayerChat@@QAEHHPAD0@Z 10039870 f   KPlayerChat.obj
 0001:000389f0       ?DeleteTeam@KPlayerChat@@QAEHHPAD@Z 100399f0 f   KPlayerChat.obj
 0001:00038b50       ?OneFriendChangeTeam@KPlayerChat@@QAEHKHH@Z 10039b50 f   KPlayerChat.obj
 0001:00038c50       ?GetMsgOffLine@KPlayerChat@@QAEXK@Z 10039c50 f   KPlayerChat.obj
 0001:00038d40       ?CheckTakeChannel@KPlayerChat@@QAEHH@Z 10039d40 f   KPlayerChat.obj
 0001:00038d70       ?ApplyDeleteFriend@KPlayerChat@@QAEXKHPAD@Z 10039d70 f   KPlayerChat.obj
 0001:00038e90       ?CheckTalkChannel@KPlayerChat@@QAEHH@Z 10039e90 f   KPlayerChat.obj
 0001:00038ec0       ?SendSelectChannelList@KPlayerChat@@QAEHPAUKUiChatChannel@@H@Z 10039ec0 f   KPlayerChat.obj
 0001:00039090       ?SendTakeChannelList@KPlayerChat@@QAEHPAUKUiChatChannel@@H@Z 1003a090 f   KPlayerChat.obj
 0001:00039210       ?GetCurChannel@KPlayerChat@@QAEHPAUKUiChatChannel@@@Z 1003a210 f   KPlayerChat.obj
 0001:00039320       ?IGetTeamInfo@KPlayerChat@@QAEHHPAUKUiChatGroupInfo@@@Z 1003a320 f   KPlayerChat.obj
 0001:000393a0       ?IGetTeamFriendInfo@KPlayerChat@@QAEHHPAUKUiPlayerItem@@@Z 1003a3a0 f   KPlayerChat.obj
 0001:00039470       ??0CChatFriendTeam@@QAE@XZ 1003a470 f   KPlayerChat.obj
 0001:000394c0       ?Release@CChatFriendTeam@@QAEXXZ 1003a4c0 f   KPlayerChat.obj
 0001:00039530       ?SetTime@KCHAT_RECORDER@@AAEXXZ 1003a530 f   KPlayerChat.obj
 0001:000395b0       ?SaveSentenceSingle@KCHAT_RECORDER@@QAEXPAD000@Z 1003a5b0 f   KPlayerChat.obj
 0001:000395c0       ?SaveSentenceChannel@KCHAT_RECORDER@@QAEXPAD00@Z 1003a5c0 f   KPlayerChat.obj
 0001:000395d0       ??0KPlayerFaction@@QAE@XZ  1003a5d0 f   KPlayerFaction.obj
 0001:000395e0       ?Release@KPlayerFaction@@QAEXXZ 1003a5e0 f   KPlayerFaction.obj
 0001:00039600       ?SetSeries@KPlayerFaction@@QAEXH@Z 1003a600 f   KPlayerFaction.obj
 0001:00039610       ?AddFaction@KPlayerFaction@@QAEHHPAD@Z 1003a610 f   KPlayerFaction.obj
 0001:00039650       ?AddFaction@KPlayerFaction@@QAEHHH@Z 1003a650 f   KPlayerFaction.obj
 0001:000396b0       ?LeaveFaction@KPlayerFaction@@QAEXXZ 1003a6b0 f   KPlayerFaction.obj
 0001:000396c0       ?OpenCurSkillLevel@KPlayerFaction@@QAEHHPAVKSkillList@@@Z 1003a6c0 f   KPlayerFaction.obj
 0001:000396d0       ?GetGurFactionCamp@KPlayerFaction@@QAEHXZ 1003a6d0 f   KPlayerFaction.obj
 0001:00039710       ?GetCurFactionNo@KPlayerFaction@@QAEHXZ 1003a710 f   KPlayerFaction.obj
 0001:00039720       ?GetCurFactionName@KPlayerFaction@@QAEXPAD@Z 1003a720 f   KPlayerFaction.obj
 0001:00039780       ??0KPlayerMenuState@@QAE@XZ 1003a780 f   KPlayerMenuState.obj
 0001:00039790       ?Release@KPlayerMenuState@@QAEXXZ 1003a790 f   KPlayerMenuState.obj
 0001:000397c0       ?SetState@KPlayerMenuState@@QAEXH@Z 1003a7c0 f   KPlayerMenuState.obj
 0001:000397e0       ?Init@KPlayerMenuStateGraph@@QAEHXZ 1003a7e0 f   KPlayerMenuState.obj
 0001:000398a0       ?GetStateSpr@KPlayerMenuStateGraph@@QAEXHPAD@Z 1003a8a0 f   KPlayerMenuState.obj
 0001:000398e0       ?Init@KPlayerPK@@QAEXXZ    1003a8e0 f   KPlayerPK.obj
 0001:00039900       ?Active@KPlayerPK@@QAEXXZ  1003a900 f   KPlayerPK.obj
 0001:00039910       ?SetNormalPKState@KPlayerPK@@QAEXEH@Z 1003a910 f   KPlayerPK.obj
 0001:000399d0       ?ApplySetNormalPKState@KPlayerPK@@QAEXE@Z 1003a9d0 f   KPlayerPK.obj
 0001:00039a20       ?GetNormalPKState@KPlayerPK@@QAEEXZ 1003aa20 f   KPlayerPK.obj
 0001:00039a30       ?ApplyEnmityPK@KPlayerPK@@QAEXPAD@Z 1003aa30 f   KPlayerPK.obj
[...]
 0003:01ceaea0       ?g_bPingReply@@3HA         11d74ea0     KCore.obj
 0003:01ceaea4       ?g_pClient@@3PAUIClient@@A 11d74ea4     KCore.obj
 0003:01ceaea8       ?g_TitleTabSetting@@3VKTabFile@@A 11d74ea8     KCore.obj
 0003:01ceaec8       ?g_MapTrafficSetting@@3VKIniFile@@A 11d74ec8     KCore.obj
 0003:01ceaf28       ?g_StateIniSetting@@3VKIniFile@@A 11d74f28     KCore.obj
 0003:01ceaf88       ?g_RankTabSetting@@3VKTabFile@@A 11d74f88     KCore.obj
 0003:01ceafa8       ?g_ClientWeaponSkillTabFile@@3VKTabFile@@A 11d74fa8     KCore.obj
 0003:01ceafc8       ?g_pAdjustColorTab@@3PAIA  11d74fc8     KCore.obj
 0003:01ceafcc       ?g_ulAdjustColorCount@@3IA 11d74fcc     KCore.obj
 0003:01ceafd0       ?g_bUISelIntelActiveWithServer@@3HA 11d74fd0     KCore.obj
 0003:01ceafd4       ?g_bUISpeakActiveWithServer@@3HA 11d74fd4     KCore.obj
 0003:01ceafd8       ?g_bUISelLastSelCount@@3HA 11d74fd8     KCore.obj
 0003:01ceafdc       ?g_pMusic@@3PAVKMusic@@A   11d74fdc     KCore.obj
 0003:01ceafe0       ?g_pNpcLevelScript@@3PAVKLuaScript@@A 11d74fe0     KCore.obj
 0003:01ceafe8       ?SubWorld@@3PAVKSubWorld@@A 11d74fe8     KSubWorld.obj
 0003:01ceb0e8       ?nActiveRegionCount@@3HA   11d750e8     KSubWorldSet.obj
 0003:01ceb0f0       ?g_SubWorldSet@@3VKSubWorldSet@@A 11d750f0     KSubWorldSet.obj
 0003:01cf71f8       ?g_nConquerSeries@@3PAHA   11d811f8     KMath.obj
 0003:01cf720c       ?g_nAccrueSeries@@3PAHA    11d8120c     KMath.obj
 0003:01cf7220       ?g_ProtocolProcess@@3VKProtocolProcess@@A 11d81220     KProtocolProcess.obj
 0003:01cf7618       ?g_TempValue@@3PAHA        11d81618     ScriptFuns.obj
 0003:01cf7de8       ?g_StoryScriptList@@3VKScriptList@@A 11d81de8     ScriptFuns.obj
 0003:01cf7e00       ?g_ScriptValueSet@@3VKScriptValueSet@@A 11d81e00     KScriptValueSet.obj
 0003:01cf7e34       ?g_pMainScript@@3PAVKLuaScript@@A 11d81e34     KScriptValueSet.obj
 0003:01cf7e38       ?g_szCurScriptDir@@3PADA   11d81e38     KSortScript.obj
 0003:01cf7f3c       ?nCurrentScriptNum@@3IA    11d81f3c     KSortScript.obj
 0003:01cf7f40       ?g_ScriptBinTree@@3V?$BinSTree@VKSortScriptNode@@@@A 11d81f40     KSortScript.obj
 0003:01cf7f50       ?g_ScriptSet@@3PAVKLuaScript@@A 11d81f50     KSortScript.obj
 0003:01cf7fc8       ?l_pDataChangedNotifyFunc@@3PAUIClientCallback@@A 11d81fc8     CoreShell.obj
 0003:01cf7fd0       ?g_ScenePlace@@3VKScenePlaceC@@A 11d81fd0     KScenePlaceC.obj
 0003:01d6549c       ?g_pRepresent@@3PAUiRepresentShell@@A 11def49c     ImgRef.obj
 0003:01d654a0       ?l_Time@@3IA               11def4a0     ImgRef.obj
 0003:01d654a8       ?g_MagicDesc@@3VKMagicDesc@@A 11def4a8     KMagicDesc.obj
 0003:01d65708       ?g_StringResourseTabFile@@3VKTabFile@@A 11def708     KTaskFuns.obj
 0003:01d65728       ?Option@@3VKOption@@A      11def728     KOption.obj
 0003:01d65738       ?Ladder@@3VKLadder@@A      11def738     KLadder.obj
 0003:01d67120       ?g_LoadFile@@3VZLoadFile@@A 11df1120     ZLoadFile.obj
 0003:01d67430       ?g_JXPathFinder@@3VKJXPathFinder@@A 11df1430     KJXPathFinder.obj
 0003:01d6747c       __adjust_fdiv              11df147c     <common>
 0003:01d67480       __pRawDllMain              11df1480     <common>
 0003:01d67484       ___onexitend               11df1484     <common>
 0003:01d67488       ___onexitbegin             11df1488     <common>

 entry point at        0001:00077523

 Static symbols

 0001:00074a50       _$E9                       10075a50 f   KJXPathFinder.obj
 0001:00074a60       _$E6                       10075a60 f   KJXPathFinder.obj
 0001:00074a70       _$E8                       10075a70 f   KJXPathFinder.obj
 0001:00074a80       _$E7                       10075a80 f   KJXPathFinder.obj
 0001:000744b0       _$E28                      100754b0 f   Kautoai.obj
 0001:000744c0       _$E25                      100754c0 f   Kautoai.obj
 0001:000744d0       _$E27                      100754d0 f   Kautoai.obj
 0001:000744e0       _$E26                      100754e0 f   Kautoai.obj
 0001:000744f0       _$E34                      100754f0 f   Kautoai.obj
 0001:00074500       _$E31                      10075500 f   Kautoai.obj
 0001:00074510       _$E33                      10075510 f   Kautoai.obj
 0001:00074520       _$E32                      10075520 f   Kautoai.obj
 0001:00073e50       _$E9                       10074e50 f   ZLoadFile.obj
 0001:00073e60       _$E6                       10074e60 f   ZLoadFile.obj
 0001:00073e70       _$E8                       10074e70 f   ZLoadFile.obj
 0001:00073e80       _$E7                       10074e80 f   ZLoadFile.obj
 0001:00073c60       _$E9                       10074c60 f   KLadder.obj
 0001:00073c70       _$E6                       10074c70 f   KLadder.obj
 0001:00073c80       _$E8                       10074c80 f   KLadder.obj
 0001:00073c90       _$E7                       10074c90 f   KLadder.obj
 0001:00072e90       _$E32                      10073e90 f   KTaskFuns.obj
 0001:00072ea0       _$E29                      10073ea0 f   KTaskFuns.obj
 0001:00072eb0       _$E31                      10073eb0 f   KTaskFuns.obj
 0001:00072ec0       _$E30                      10073ec0 f   KTaskFuns.obj
 0001:000727a0       _$E9                       100737a0 f   KMagicDesc.obj
 0001:000727b0       _$E6                       100737b0 f   KMagicDesc.obj
 0001:000727c0       _$E8                       100737c0 f   KMagicDesc.obj
 0001:000727d0       _$E7                       100737d0 f   KMagicDesc.obj
 0001:0006f490       _$E7                       10070490 f   SceneMath.obj
 0001:0006f4a0       _$E6                       100704a0 f   SceneMath.obj
 0001:00068d20       _$E13                      10069d20 f   KScenePlaceC.obj
 0001:00068d30       _$E10                      10069d30 f   KScenePlaceC.obj
 0001:00068d40       _$E12                      10069d40 f   KScenePlaceC.obj
 0001:00068d50       _$E11                      10069d50 f   KScenePlaceC.obj
 0001:0005e0c0       _$E33                      1005f0c0 f   CoreShell.obj
 0001:0005e0d0       _$E32                      1005f0d0 f   CoreShell.obj
 0001:0005d710       _$E9                       1005e710 f   KSortScript.obj
 0001:0005d720       _$E6                       1005e720 f   KSortScript.obj
 0001:0005d740       _$E8                       1005e740 f   KSortScript.obj
 0001:0005d750       _$E7                       1005e750 f   KSortScript.obj
 0001:0005d770       _$E14                      1005e770 f   KSortScript.obj
 0001:0005d780       _$E11                      1005e780 f   KSortScript.obj
 0001:0005d7a0       _$E13                      1005e7a0 f   KSortScript.obj
 0001:0005d7b0       _$E12                      1005e7b0 f   KSortScript.obj
 0001:0005d880       ?LoadAllScript@@YAKPAD@Z   1005e880 f   KSortScript.obj
 0001:0005dc00       ?LoadScriptToSortList@@YAHPAD@Z 1005ec00 f   KSortScript.obj
 0001:0005dcd0       ?LoadScriptToSortListA@@YAHPAD@Z 1005ecd0 f   KSortScript.obj
 0001:0005cec0       _$E9                       1005dec0 f   KScriptValueSet.obj
 0001:0005ced0       _$E6                       1005ded0 f   KScriptValueSet.obj
 0001:0005cee0       _$E8                       1005dee0 f   KScriptValueSet.obj
 0001:0005cef0       _$E7                       1005def0 f   KScriptValueSet.obj
 0001:0005b3e0       _$E32                      1005c3e0 f   ScriptFuns.obj
 0001:0005b3f0       _$E29                      1005c3f0 f   ScriptFuns.obj
 0001:0005b400       _$E31                      1005c400 f   ScriptFuns.obj
 0001:0005b410       _$E30                      1005c410 f   ScriptFuns.obj
 0001:00054230       _$E35                      10055230 f   KProtocolProcess.obj
 0001:00054240       _$E32                      10055240 f   KProtocolProcess.obj
 0001:00054250       _$E34                      10055250 f   KProtocolProcess.obj
 0001:00054260       _$E33                      10055260 f   KProtocolProcess.obj
 0001:00059680       ?sParseUGName@@YAHABV?$basic_string@DU?$char_traits@D@std@@V?$allocator@D@2@@std@@PAV12@1@Z 1005a680 f   KProtocolProcess.obj
 0001:00051c50       _$E31                      10052c50 f   KSubWorldSet.obj
 0001:00051c60       _$E28                      10052c60 f   KSubWorldSet.obj
 0001:00051c70       _$E30                      10052c70 f   KSubWorldSet.obj
 0001:00051c80       _$E29                      10052c80 f   KSubWorldSet.obj
 0001:0004fd70       _$E35                      10050d70 f   KSubWorld.obj
 0001:0004fd80       _$E32                      10050d80 f   KSubWorld.obj
 0001:0004fda0       _$E34                      10050da0 f   KSubWorld.obj
 0001:0004fdb0       _$E33                      10050db0 f   KSubWorld.obj
 0001:0004f0c0       _$E10                      100500c0 f   KCore.obj
 0001:0004f0d0       _$E7                       100500d0 f   KCore.obj
 0001:0004f0e0       _$E9                       100500e0 f   KCore.obj
 0001:0004f0f0       _$E8                       100500f0 f   KCore.obj
 0001:0004f100       _$E19                      10050100 f   KCore.obj
 0001:0004f110       _$E16                      10050110 f   KCore.obj
 0001:0004f120       _$E18                      10050120 f   KCore.obj
 0001:0004f130       _$E17                      10050130 f   KCore.obj
 0001:0004f140       _$E24                      10050140 f   KCore.obj
 0001:0004f150       _$E21                      10050150 f   KCore.obj
 0001:0004f160       _$E23                      10050160 f   KCore.obj
 0001:0004f170       _$E22                      10050170 f   KCore.obj
 0001:0004f180       _$E29                      10050180 f   KCore.obj
 0001:0004f190       _$E26                      10050190 f   KCore.obj
 0001:0004f1a0       _$E28                      100501a0 f   KCore.obj
 0001:0004f1b0       _$E27                      100501b0 f   KCore.obj
 0001:0004f1c0       _$E34                      100501c0 f   KCore.obj
 0001:0004f1d0       _$E31                      100501d0 f   KCore.obj
 0001:0004f1e0       _$E33                      100501e0 f   KCore.obj
 0001:0004f1f0       _$E32                      100501f0 f   KCore.obj
 0001:0004f200       _$E39                      10050200 f   KCore.obj
 0001:0004f210       _$E36                      10050210 f   KCore.obj
 0001:0004f230       _$E38                      10050230 f   KCore.obj
 0001:0004f240       _$E37                      10050240 f   KCore.obj
 0001:0004f260       _$E44                      10050260 f   KCore.obj
 0001:0004f270       _$E41                      10050270 f   KCore.obj
 0001:0004f280       _$E43                      10050280 f   KCore.obj
 0001:0004f290       _$E42                      10050290 f   KCore.obj
 0001:0004f2a0       _$E49                      100502a0 f   KCore.obj
 0001:0004f2b0       _$E46                      100502b0 f   KCore.obj
 0001:0004f2c0       _$E48                      100502c0 f   KCore.obj
 0001:0004f2d0       _$E47                      100502d0 f   KCore.obj
 0001:0004f2e0       _$E54                      100502e0 f   KCore.obj
 0001:0004f2f0       _$E51                      100502f0 f   KCore.obj
 0001:0004f300       _$E53                      10050300 f   KCore.obj
 0001:0004f310       _$E52                      10050310 f   KCore.obj
 0001:0004f320       _$E59                      10050320 f   KCore.obj
 0001:0004f330       _$E56                      10050330 f   KCore.obj
 0001:0004f340       _$E58                      10050340 f   KCore.obj
 0001:0004f350       _$E57                      10050350 f   KCore.obj
 0001:0004f360       _$E64                      10050360 f   KCore.obj
 0001:0004f370       _$E61                      10050370 f   KCore.obj
 0001:0004f380       _$E63                      10050380 f   KCore.obj
 0001:0004f390       _$E62                      10050390 f   KCore.obj
 0001:0004f3a0       _$E69                      100503a0 f   KCore.obj
 0001:0004f3b0       _$E66                      100503b0 f   KCore.obj
 0001:0004f3c0       _$E68                      100503c0 f   KCore.obj
 0001:0004f3d0       _$E67                      100503d0 f   KCore.obj
 0001:0004f3e0       _$E74                      100503e0 f   KCore.obj
 0001:0004f3f0       _$E71                      100503f0 f   KCore.obj
 0001:0004f400       _$E73                      10050400 f   KCore.obj
 0001:0004f410       _$E72                      10050410 f   KCore.obj
 0001:0004f420       _$E79                      10050420 f   KCore.obj
 0001:0004f430       _$E76                      10050430 f   KCore.obj
 0001:0004f440       _$E78                      10050440 f   KCore.obj
 0001:0004f450       _$E77                      10050450 f   KCore.obj
 0001:0004f460       _$E84                      10050460 f   KCore.obj
 0001:0004f470       _$E81                      10050470 f   KCore.obj
 0001:0004f480       _$E83                      10050480 f   KCore.obj
 0001:0004f490       _$E82                      10050490 f   KCore.obj
 0001:0004f4a0       _$E89                      100504a0 f   KCore.obj
 0001:0004f4b0       _$E86                      100504b0 f   KCore.obj
 0001:0004f4c0       _$E88                      100504c0 f   KCore.obj
 0001:0004f4d0       _$E87                      100504d0 f   KCore.obj
 0001:0004f4e0       _$E94                      100504e0 f   KCore.obj
 0001:0004f4f0       _$E91                      100504f0 f   KCore.obj
 0001:0004f500       _$E93                      10050500 f   KCore.obj
 0001:0004f510       _$E92                      10050510 f   KCore.obj
 0001:0004ee50       _$E29                      1004fe50 f   KViewItem.obj
 0001:0004ee60       _$E28                      1004fe60 f   KViewItem.obj
 0001:0004da60       _$E35                      1004ea60 f   KObjSet.obj
 0001:0004da70       _$E32                      1004ea70 f   KObjSet.obj
 0001:0004da80       _$E34                      1004ea80 f   KObjSet.obj
 0001:0004da90       _$E33                      1004ea90 f   KObjSet.obj
 0001:0004c820       _$E33                      1004d820 f   KObj.obj
 0001:0004c830       _$E32                      1004d830 f   KObj.obj
 0001:0004bed0       _$E9                       1004ced0 f   KItemSet.obj
 0001:0004bee0       _$E6                       1004cee0 f   KItemSet.obj
 0001:0004bef0       _$E8                       1004cef0 f   KItemSet.obj
 0001:0004bf00       _$E7                       1004cf00 f   KItemSet.obj
 0001:00044db0       _$E28                      10045db0 f   KItemGenerator.obj
 0001:00044dc0       _$E25                      10045dc0 f   KItemGenerator.obj
 0001:00044dd0       _$E27                      10045dd0 f   KItemGenerator.obj
 0001:00044de0       _$E26                      10045de0 f   KItemGenerator.obj
 0001:00044df0       _$E34                      10045df0 f   KItemGenerator.obj
 0001:00044e00       _$E31                      10045e00 f   KItemGenerator.obj
 0001:00044e10       _$E33                      10045e10 f   KItemGenerator.obj
 0001:00044e20       _$E32                      10045e20 f   KItemGenerator.obj
 0001:00044e30       _$E39                      10045e30 f   KItemGenerator.obj
 0001:00044e40       _$E36                      10045e40 f   KItemGenerator.obj
 0001:00044e50       _$E38                      10045e50 f   KItemGenerator.obj
 0001:00044e60       _$E37                      10045e60 f   KItemGenerator.obj
 0001:000449e0       _$E9                       100459e0 f   KItemChangeRes.obj
 0001:000449f0       _$E6                       100459f0 f   KItemChangeRes.obj
 0001:00044a00       _$E8                       10045a00 f   KItemChangeRes.obj
 0001:00044a10       _$E7                       10045a10 f   KItemChangeRes.obj
 0001:00041740       _$E31                      10042740 f   KItem.obj
 0001:00041750       _$E28                      10042750 f   KItem.obj
 0001:00041770       _$E30                      10042770 f   KItem.obj
 0001:00041780       _$E29                      10042780 f   KItem.obj
 0001:00040400       _$E31                      10041400 f   KBuySell.obj
 0001:00040410       _$E28                      10041410 f   KBuySell.obj
 0001:00040420       _$E30                      10041420 f   KBuySell.obj
 0001:00040430       _$E29                      10041430 f   KBuySell.obj
 0001:0003b420       _$E29                      1003c420 f   KPlayerTeam.obj
 0001:0003b430       _$E28                      1003c430 f   KPlayerTeam.obj
 0001:0003a210       _$E31                      1003b210 f   KPlayerSet.obj
 0001:0003a220       _$E28                      1003b220 f   KPlayerSet.obj
 0001:0003a230       _$E30                      1003b230 f   KPlayerSet.obj
 0001:0003a240       _$E29                      1003b240 f   KPlayerSet.obj
 0001:000269d0       _$E36                      100279d0 f   KPlayer.obj
 0001:000269e0       _$E33                      100279e0 f   KPlayer.obj
 0001:00026a00       _$E35                      10027a00 f   KPlayer.obj
 0001:00026a10       _$E34                      10027a10 f   KPlayer.obj
 0001:000241d0       _$E35                      100251d0 f   KNpcSet.obj
 0001:000241e0       _$E32                      100251e0 f   KNpcSet.obj
 0001:000241f0       _$E34                      100251f0 f   KNpcSet.obj
 0001:00024200       _$E33                      10025200 f   KNpcSet.obj
 0001:00021660       _$E9                       10022660 f   KNpcResList.obj
 0001:00021670       _$E6                       10022670 f   KNpcResList.obj
 0001:00021680       _$E8                       10022680 f   KNpcResList.obj
 0001:00021690       _$E7                       10022690 f   KNpcResList.obj
 0001:0001b800       _$E31                      1001c800 f   KNpcAttribModify.obj
 0001:0001b810       _$E28                      1001c810 f   KNpcAttribModify.obj
 0001:0001b820       _$E30                      1001c820 f   KNpcAttribModify.obj
 0001:0001b830       _$E29                      1001c830 f   KNpcAttribModify.obj
 0001:00018710       _$E29                      10019710 f   KNpcAI.obj
 0001:00018720       _$E28                      10019720 f   KNpcAI.obj
 0001:0000d760       _$E35                      1000e760 f   KNpc.obj
 0001:0000d770       _$E32                      1000e770 f   KNpc.obj
 0001:0000d790       _$E34                      1000e790 f   KNpc.obj
 0001:0000d7a0       _$E33                      1000e7a0 f   KNpc.obj
 0001:0000cf20       _$E13                      1000df20 f   KSkillSpecial.obj
 0001:0000cf30       _$E10                      1000df30 f   KSkillSpecial.obj
 0001:0000cf40       _$E12                      1000df40 f   KSkillSpecial.obj
 0001:0000cf50       _$E11                      1000df50 f   KSkillSpecial.obj
 0001:00005720       _$E31                      10006720 f   KSkillManager.obj
 0001:00005730       _$E28                      10006730 f   KSkillManager.obj
 0001:00005740       _$E30                      10006740 f   KSkillManager.obj
 0001:00005750       _$E29                      10006750 f   KSkillManager.obj
 0001:000040e0       _$E9                       100050e0 f   KMissleSet.obj
 0001:000040f0       _$E6                       100050f0 f   KMissleSet.obj
 0001:00004100       _$E8                       10005100 f   KMissleSet.obj
 0001:00004110       _$E7                       10005110 f   KMissleSet.obj
 0001:00000bc0       _$E35                      10001bc0 f   KMissle.obj
 0001:00000bd0       _$E32                      10001bd0 f   KMissle.obj
 0001:00000bf0       _$E34                      10001bf0 f   KMissle.obj
 0001:00000c00       _$E33                      10001c00 f   KMissle.obj
 0001:00000c20       _$E40                      10001c20 f   KMissle.obj
 0001:00000c30       _$E37                      10001c30 f   KMissle.obj
 0001:00000c50       _$E39                      10001c50 f   KMissle.obj
 0001:00000c60       _$E38                      10001c60 f   KMissle.obj
 0001:000773b4       ?ArrayUnwindFilter@@YAHPAU_EXCEPTION_POINTERS@@@Z 100783b4 f   MSVCRT:ehvecdtr.obj
