 CoreClient

 Timestamp is 6912700e (Mon Nov 10 18:06:54 2025)

 Preferred load address is 10000000

 Start         Length     Name                   Class
 0001:00000000 000769ceH .text                   CODE
 0001:000769d0 000011b3H .text$x                 CODE
 0002:00000000 000002c0H .idata$5                DATA
 0002:000002c0 0000ac1cH .rdata                  DATA
 0002:0000aee0 000014f8H .xdata$x                DATA
 0002:0000c3d8 00000078H .idata$2                DATA
 0002:0000c450 00000014H .idata$3                DATA
 0002:0000c464 000002c0H .idata$4                DATA
 0002:0000c724 00001338H .idata$6                DATA
 0002:0000da60 00001accH .edata                  DATA
 0003:00000000 00000004H .CRT$XCA                DATA
 0003:00000004 000000e4H .CRT$XCU                DATA
 0003:000000e8 00000004H .CRT$XCZ                DATA
 0003:000000ec 00000004H .CRT$XIA                DATA
 0003:000000f0 00000004H .CRT$XIZ                DATA
 0003:00000100 00005930H .data                   DATA
 0003:00005a30 01d6063cH .bss                    DATA

  Address         Publics by Value              Rva+Base     Lib:Object

 0001:00000000       ?GetMoney@KInventory@@QAEHXZ 10001000 f i KThiefSkill.obj
 0001:00000010       ?SetMoney@KInventory@@QAEHH@Z 10001010 f i KThiefSkill.obj
 0001:00000030       ??4KInventory@@QAEAAV0@ABV0@@Z 10001030 f i KThiefSkill.obj
 0001:00000060       ?GetBuildItem@KItemList@@QAEHH@Z 10001060 f i KThiefSkill.obj
 0001:00000070       ?GetEquipment@KItemList@@QBEHH@Z 10001070 f i KThiefSkill.obj
 0001:00000080       ?GetMoney@KItemList@@QAEHH@Z 10001080 f i KThiefSkill.obj
 0001:000000a0       ?Hand@KItemList@@QAEHXZ    100010a0 f i KThiefSkill.obj
 0001:000000b0       ?GetMaskLock@KItemList@@QAEHXZ 100010b0 f i KThiefSkill.obj
 0001:000000c0       ?IsLockOperation@KItemList@@QAEHXZ 100010c0 f i KThiefSkill.obj
 0001:000000d0       ?IsActiveSet@KItemList@@QBEHXZ 100010d0 f i KThiefSkill.obj
 0001:000000e0       ??4KItemList@@QAEAAV0@ABV0@@Z 100010e0 f i KThiefSkill.obj
 0001:00000100       ??0KThiefSkill@@QAE@XZ     10001100 f   KThiefSkill.obj
 0001:00000140       ?GetSkillCostType@KThiefSkill@@UBE?AW4NPCATTRIB@@XZ 10001140 f i KThiefSkill.obj
 0001:00000150       ?GetAttackRadius@KThiefSkill@@UBEHXZ 10001150 f i KThiefSkill.obj
 0001:00000160       ?IsTargetOnly@KThiefSkill@@UBEHXZ 10001160 f i KThiefSkill.obj
 0001:00000170       ?IsTargetSelf@KThiefSkill@@UBEHXZ 10001170 f i KThiefSkill.obj
 0001:00000180       ?IsTargetEnemy@KThiefSkill@@UBEHXZ 10001180 f i KThiefSkill.obj
 0001:00000190       ?IsTargetAlly@KThiefSkill@@UBEHXZ 10001190 f i KThiefSkill.obj
 0001:000001a0       ?IsTargetObj@KThiefSkill@@UBEHXZ 100011a0 f i KThiefSkill.obj
 0001:000001b0       ??_EKThiefSkill@@UAEPAXI@Z 100011b0 f i KThiefSkill.obj
 0001:000001b0       ??_GKThiefSkill@@UAEPAXI@Z 100011b0 f i KThiefSkill.obj
 0001:000001d0       ??1KThiefSkill@@UAE@XZ     100011d0 f   KThiefSkill.obj
 0001:000001e0       ?GetSkillId@KThiefSkill@@UAEHXZ 100011e0 f   KThiefSkill.obj
 0001:000001f0       ?GetSkillName@KThiefSkill@@UAEPBDXZ 100011f0 f   KThiefSkill.obj
 0001:00000200       ?GetSkillStyle@KThiefSkill@@UAEHXZ 10001200 f   KThiefSkill.obj
 0001:00000210       ?LoadSkillLevelData@KThiefSkill@@UAEXKH@Z 10001210 f   KThiefSkill.obj
 0001:00000220       ?DoSkill@KThiefSkill@@QAEHPAVKNpc@@HH@Z 10001220 f   KThiefSkill.obj
 0001:000002e0       ?Cast@KThiefSkill@@QAEHPAVKPlayer@@0@Z 100012e0 f   KThiefSkill.obj
 0001:000002f0       ?OnSkill@KThiefSkill@@QAEHPAVKNpc@@@Z 100012f0 f   KThiefSkill.obj
 0001:00000420       ?CanCastSkill@KThiefSkill@@UBEHHAAH0@Z 10001420 f   KThiefSkill.obj
 0001:000004d0       ?GetDesc@KThiefSkill@@QAEXKKPADH_N@Z 100014d0 f   KThiefSkill.obj
 0001:00000500       ?LoadSetting@KThiefSkill@@QAEHPAD@Z 10001500 f   KThiefSkill.obj
 0001:000007c0       ?GetSkillCost@KThiefSkill@@UBEHPAX@Z 100017c0 f   KThiefSkill.obj
 0001:000007e0       ?DrawSkillIcon@KThiefSkill@@UAEXHHHHH@Z 100017e0 f   KThiefSkill.obj
 0001:00000a30       ?IsAura@ISkill@@UBEHXZ     10001a30 f i KThiefSkill.obj
 0001:00000a40       ?IsPhysical@ISkill@@UBEHXZ 10001a40 f i KThiefSkill.obj
 0001:00000a50       ?GetSkillAttrib@ISkill@@UBEFXZ 10001a50 f i KThiefSkill.obj
 0001:00000a60       ?IsExpSkill@ISkill@@UBEHXZ 10001a60 f i KThiefSkill.obj
 0001:00000a70       ?GetSkillLevelUpScriptId@ISkill@@UBEKXZ 10001a70 f i KThiefSkill.obj
 0001:00000a80       ??_EISkill@@UAEPAXI@Z      10001a80 f i KThiefSkill.obj
 0001:00000a80       ??_GISkill@@UAEPAXI@Z      10001a80 f i KThiefSkill.obj
 0001:00000aa0       ??4KMapMusic@@QAEAAV0@ABV0@@Z 10001aa0 f i KMissle.obj
 0001:00000ac0       ?GetGameTime@KSubWorldSet@@QAEHXZ 10001ac0 f i KMissle.obj
 0001:00000ad0       ?GetGameVersion@KSubWorldSet@@QAEHXZ 10001ad0 f i KMissle.obj
 0001:00000ae0       ?SetPing@KSubWorldSet@@QAEXK@Z 10001ae0 f i KMissle.obj
 0001:00000af0       ?GetPing@KSubWorldSet@@QAEKXZ 10001af0 f i KMissle.obj
 0001:00000b00       ??4KSubWorldSet@@QAEAAV0@ABV0@@Z 10001b00 f i KMissle.obj
 0001:00000b20       ??1KSubWorldSet@@QAE@XZ    10001b20 f i KMissle.obj
 0001:00000b30       ??0KMissleSet@@QAE@XZ      10001b30 f i KMissle.obj
 0001:00000b40       ??4KMissleSet@@QAEAAV0@ABV0@@Z 10001b40 f i KMissle.obj
 0001:00000b70       ??1KMissleSet@@QAE@XZ      10001b70 f i KMissle.obj
 0001:00000c80       ??0KMissle@@QAE@XZ         10001c80 f   KMissle.obj
 0001:00000d50       ??_GKMissle@@UAEPAXI@Z     10001d50 f i KMissle.obj
 0001:00000d50       ??_EKMissle@@UAEPAXI@Z     10001d50 f i KMissle.obj
 0001:00000d70       ?Release@KMissle@@AAEXXZ   10001d70 f   KMissle.obj
 0001:00000dc0       ??1KMissle@@UAE@XZ         10001dc0 f   KMissle.obj
 0001:00000e10       ??_EKNode@@UAEPAXI@Z       10001e10 f i KMissle.obj
 0001:00000e10       ??_GKNode@@UAEPAXI@Z       10001e10 f i KMissle.obj
 0001:00000e30       ?GetInfoFromTabFile@KMissle@@QAEHH@Z 10001e30 f   KMissle.obj
 0001:00000e50       ?GetInfoFromTabFile@KMissle@@QAEHPAVKITabFile@@H@Z 10001e50 f   KMissle.obj
 0001:00001370       ??_EKIndexNode@@UAEPAXI@Z  10002370 f i KMissle.obj
 0001:00001370       ??_GKIndexNode@@UAEPAXI@Z  10002370 f i KMissle.obj
 0001:00001390       ??1KIndexNode@@UAE@XZ      10002390 f i KMissle.obj
 0001:000013a0       ?Init@KMissle@@AAEHHHHHH@Z 100023a0 f   KMissle.obj
 0001:000013c0       ?Activate@KMissle@@QAEHXZ  100023c0 f   KMissle.obj
 0001:00001730       ?OnWait@KMissle@@AAEXXZ    10002730 f   KMissle.obj
 0001:00001740       ?OnCollision@KMissle@@AAEXXZ 10002740 f   KMissle.obj
 0001:00001750       ?CheckCollision@KMissle@@AAEHXZ 10002750 f   KMissle.obj
 0001:00001910       ?OnFly@KMissle@@AAEXXZ     10002910 f   KMissle.obj
 0001:00002330       ?Send@KWorldMsg@@QAEHKHHH@Z 10003330 f i KMissle.obj
 0001:000023a0       ??_GKWorldMsgNode@@UAEPAXI@Z 100033a0 f i KMissle.obj
 0001:000023a0       ??_EKWorldMsgNode@@UAEPAXI@Z 100033a0 f i KMissle.obj
 0001:000023c0       ??1KWorldMsgNode@@UAE@XZ   100033c0 f i KMissle.obj
 0001:000023d0       ?OnVanish@KMissle@@AAEXXZ  100033d0 f   KMissle.obj
 0001:000023e0       ?Paint@KMissle@@QAEXXZ     100033e0 f   KMissle.obj
 0001:000025d0       ?CheckBeyondRegion@KMissle@@AAEHHH@Z 100035d0 f   KMissle.obj
 0001:00002840       ??4KMissle@@AAEAAV0@AAV0@@Z 10003840 f   KMissle.obj
 0001:00002b00       ?ProcessDamage@KMissle@@AAEHH@Z 10003b00 f   KMissle.obj
 0001:00002b10       ?DoVanish@KMissle@@AAEXXZ  10003b10 f   KMissle.obj
 0001:00002bb0       ?DoCollision@KMissle@@AAEXXZ 10003bb0 f   KMissle.obj
 0001:00002d10       ?DoFly@KMissle@@AAEXXZ     10003d10 f   KMissle.obj
 0001:00002d30       ?GetOffsetAxis@KMissle@@SAHHHHHHHAAH00@Z 10003d30 f   KMissle.obj
 0001:00002e40       ?ProcessCollision@KMissle@@AAEHHHHHHH@Z 10003e40 f   KMissle.obj
 0001:00002ff0       ?ProcessCollision@KMissle@@AAEHXZ 10003ff0 f   KMissle.obj
 0001:00003030       ?CreateSpecialEffect@KMissle@@QAEHW4eMissleStatus@@HHHH@Z 10004030 f   KMissle.obj
 0001:000031f0       ??_EKSkillSpecialNode@@UAEPAXI@Z 100041f0 f i KMissle.obj
 0001:000031f0       ??_GKSkillSpecialNode@@UAEPAXI@Z 100041f0 f i KMissle.obj
 0001:00003210       ??1KSkillSpecialNode@@UAE@XZ 10004210 f i KMissle.obj
 0001:00003230       ?CreateMissleForShow@KMissle@@SAHPAD00PAUTMissleForShow@@@Z 10004230 f   KMissle.obj
 0001:00003440       ?GetLightInfo@KMissle@@QAEXPAUKLightInfo@@@Z 10004440 f   KMissle.obj
 0001:000034b0       ?DoWait@KMissle@@AAEXXZ    100044b0 f   KMissle.obj
 0001:00003530       ?PrePareFly@KMissle@@AAEHXZ 10004530 f   KMissle.obj
 0001:00003790       ?CheckNearestCollision@KMissle@@AAEHXZ 10004790 f   KMissle.obj
 0001:00003950       ?FindNearestCollision@KMissle@@AAEHHH@Z 10004950 f   KMissle.obj
 0001:00003a20       ?GetMpsPos@KMissle@@QAEXPAH0@Z 10004a20 f   KMissle.obj
 0001:00003a70       ??0KMissleRes@@QAE@XZ      10004a70 f   KMissleRes.obj
 0001:00003b10       ??1KMissleRes@@QAE@XZ      10004b10 f   KMissleRes.obj
 0001:00003bb0       ??1KList@@QAE@XZ           10004bb0 f i KMissleRes.obj
 0001:00003bc0       ?LoadResource@KMissleRes@@QAEXHPAD0@Z 10004bc0 f   KMissleRes.obj
 0001:00003c30       ?Init@KMissleRes@@QAEHXZ   10004c30 f   KMissleRes.obj
 0001:00003c40       ?Remove@KMissleRes@@QAEXXZ 10004c40 f   KMissleRes.obj
 0001:00003c50       ?Clear@KMissleRes@@QAEXXZ  10004c50 f   KMissleRes.obj
 0001:00003cf0       ?Draw@KMissleRes@@QAEHHHHHHHH@Z 10004cf0 f   KMissleRes.obj
 0001:00003f90       ?PlaySoundA@KMissleRes@@QAEXHHHH@Z 10004f90 f   KMissleRes.obj
 0001:00004060       ?GetSndVolume@KMissleRes@@QAEHH@Z 10005060 f   KMissleRes.obj
 0001:00004090       ?StopSound@KMissleRes@@QAEXXZ 10005090 f   KMissleRes.obj
 0001:00004120       ?Init@KMissleSet@@QAEXXZ   10005120 f   KMissleSet.obj
 0001:00004170       ?FindFree@KMissleSet@@QAEHXZ 10005170 f   KMissleSet.obj
 0001:00004180       ?Add@KMissleSet@@QAEHHHHHHH@Z 10005180 f   KMissleSet.obj
 0001:00004220       ?Add@KMissleSet@@QAEHHHH@Z 10005220 f   KMissleSet.obj
 0001:00004370       ?CreateMissile@KMissleSet@@QAEHHHHHHHHH@Z 10005370 f   KMissleSet.obj
 0001:000043a0       ?Activate@KMissleSet@@QAEHXZ 100053a0 f   KMissleSet.obj
 0001:000043d0       ?Remove@KMissleSet@@QAEXH@Z 100053d0 f   KMissleSet.obj
 0001:00004420       ?Draw@KMissleSet@@QAEXXZ   10005420 f   KMissleSet.obj
 0001:00004440       ?GetCount@KMissleSet@@QAEHXZ 10005440 f   KMissleSet.obj
 0001:00004460       ?ClearMissles@KMissleSet@@QAEXXZ 10005460 f   KMissleSet.obj
 0001:00004490       ??0KSkillList@@QAE@XZ      10005490 f   KSkillList.obj
 0001:000044b0       ??1KSkillList@@QAE@XZ      100054b0 f   KSkillList.obj
 0001:000044c0       ?FindSame@KSkillList@@QAEHH@Z 100054c0 f   KSkillList.obj
 0001:000044f0       ?FindFree@KSkillList@@QAEHXZ 100054f0 f   KSkillList.obj
 0001:00004510       ?GetCount@KSkillList@@QAEHXZ 10005510 f   KSkillList.obj
 0001:00004530       ?SetSkillLevel@KSkillList@@QAEXHH@Z 10005530 f   KSkillList.obj
 0001:00004570       ?SetLevel@KSkillList@@QAEHHH@Z 10005570 f   KSkillList.obj
 0001:000045b0       ?IncreaseLevel@KSkillList@@QAEHHHH@Z 100055b0 f   KSkillList.obj
 0001:000046b0       ?Add@KSkillList@@QAEHHH_N@Z 100056b0 f   KSkillList.obj
 0001:00004800       ?Remove@KSkillList@@QAEXH@Z 10005800 f   KSkillList.obj
 0001:00004890       ?GetLevel@KSkillList@@QAEHH@Z 10005890 f   KSkillList.obj
 0001:000048c0       ?GetCurrentLevel@KSkillList@@QAEHH@Z 100058c0 f   KSkillList.obj
 0001:000048f0       ?GetPointAdd@KSkillList@@QAEDH@Z 100058f0 f   KSkillList.obj
 0001:00004920       ?CanCast@KSkillList@@QAEHHK@Z 10005920 f   KSkillList.obj
 0001:00004970       ?SetNextCastTime@KSkillList@@QAEXHK@Z 10005970 f   KSkillList.obj
 0001:000049a0       ?SetMaxCastTime@KSkillList@@QAEXHK@Z 100059a0 f   KSkillList.obj
 0001:000049d0       ?GetEnhanceSkills@KSkillList@@QAEHH@Z 100059d0 f   KSkillList.obj
 0001:00004a60       ?GetSkillSortList@KSkillList@@QAEHPAUKUiSkillData@@@Z 10005a60 f   KSkillList.obj
 0001:00004b70       ?GetLeftSkillSortList@KSkillList@@QAEHPAUKUiSkillData@@@Z 10005b70 f   KSkillList.obj
 0001:00004cb0       ?GetRightSkillSortList@KSkillList@@QAEHPAUKUiSkillData@@@Z 10005cb0 f   KSkillList.obj
 0001:00004df0       ?GetSkillPosition@KSkillList@@QAEHH@Z 10005df0 f   KSkillList.obj
 0001:00004ec0       ?GetNextCastTime@KSkillList@@QAEKH@Z 10005ec0 f   KSkillList.obj
 0001:00004ef0       ?GetMaxCastTime@KSkillList@@QAEKH@Z 10005ef0 f   KSkillList.obj
 0001:00004f20       ?GetSkillInfoList@KSkillList@@QAEHHPAUKUiSkillItem@@H@Z 10005f20 f   KSkillList.obj
 0001:000050f0       ?GetSkillState@KSkillList@@QAEHH@Z 100060f0 f   KSkillList.obj
 0001:00005280       ?GetSkillFight@KSkillList@@QAEHH@Z 10006280 f   KSkillList.obj
 0001:000053e0       ?FindSkillAura@KSkillList@@QAEHH@Z 100063e0 f   KSkillList.obj
 0001:00005510       ?FindSkillRight@KSkillList@@QAEHH@Z 10006510 f   KSkillList.obj
 0001:00005690       ?FindSkillLifeReplenish@KSkillList@@QAEHXZ 10006690 f   KSkillList.obj
 0001:00005760       ??0KSkillManager@@QAE@XZ   10006760 f   KSkillManager.obj
 0001:00005770       ??1KSkillManager@@QAE@XZ   10006770 f   KSkillManager.obj
 0001:000057b0       ?Init@KSkillManager@@QAEHXZ 100067b0 f   KSkillManager.obj
 0001:00005970       ?InstanceSkill@KSkillManager@@AAEPAVISkill@@KK@Z 10006970 f   KSkillManager.obj
 0001:00005ae0       ??4KSkill@@QAEAAV0@ABV0@@Z 10006ae0 f i KSkillManager.obj
 0001:00006000       ??0KSkill@@QAE@XZ          10007000 f   KSkills.obj
 0001:00006140       ??_GKSkill@@UAEPAXI@Z      10007140 f i KSkills.obj
 0001:00006140       ??_EKSkill@@UAEPAXI@Z      10007140 f i KSkills.obj
 0001:00006160       ??1KSkill@@UAE@XZ          10007160 f   KSkills.obj
 0001:00006170       ?CanCastSkill@KSkill@@UBEHHAAH0@Z 10007170 f   KSkills.obj
 0001:00006350       ?Cast@KSkill@@QBEHHHHHW4eSkillLauncherType@@H@Z 10007350 f   KSkills.obj
 0001:00006580       ??_H@YGXPAXIHP6EX0@Z@Z     10007580 f i KSkills.obj
 0001:000065b0       ?Vanish@KSkill@@ABEXPAVKMissle@@@Z 100075b0 f   KSkills.obj
 0001:000065c0       ?OnMissleEvent@KSkill@@QBEHGPAVKMissle@@@Z 100075c0 f   KSkills.obj
 0001:000067e0       ?FlyEvent@KSkill@@ABEXPAVKMissle@@@Z 100077e0 f   KSkills.obj
 0001:000067f0       ?Collidsion@KSkill@@ABEXPAVKMissle@@@Z 100077f0 f   KSkills.obj
 0001:00006800       ?CastMissles@KSkill@@ABEHHHHHW4eSkillLauncherType@@@Z 10007800 f   KSkills.obj
 0001:00008160       ?qsqrt@@YAMM@Z             10009160 f i KSkills.obj
 0001:00008190       ?g_GetDistance@@YAHHHHH@Z  10009190 f i KSkills.obj
 0001:00008200       ?IsTargetOnly@KSkill@@UBEHXZ 10009200 f i KSkills.obj
 0001:00008210       ?IsTargetSelf@KSkill@@UBEHXZ 10009210 f i KSkills.obj
 0001:00008220       ?IsTargetEnemy@KSkill@@UBEHXZ 10009220 f i KSkills.obj
 0001:00008230       ?IsTargetAlly@KSkill@@UBEHXZ 10009230 f i KSkills.obj
 0001:00008240       ?IsTargetObj@KSkill@@UBEHXZ 10009240 f i KSkills.obj
 0001:00008250       ?GetSkillName@KSkill@@UAEPBDXZ 10009250 f i KSkills.obj
 0001:00008260       ?GetSkillStyle@KSkill@@UAEHXZ 10009260 f i KSkills.obj
 0001:00008270       ?GetAttackRadius@KSkill@@UBEHXZ 10009270 f i KSkills.obj
 0001:00008280       ?GetSkillCost@KSkill@@UBEHPAX@Z 10009280 f i KSkills.obj
 0001:00008290       ?GetSkillCostType@KSkill@@UBE?AW4NPCATTRIB@@XZ 10009290 f i KSkills.obj
 0001:000082a0       ?GetSkillId@KSkill@@UAEHXZ 100092a0 f i KSkills.obj
 0001:000082b0       ?IsAura@KSkill@@UBEHXZ     100092b0 f i KSkills.obj
 0001:000082c0       ?IsPhysical@KSkill@@UBEHXZ 100092c0 f i KSkills.obj
 0001:000082d0       ?GetSkillAttrib@KSkill@@UBEFXZ 100092d0 f i KSkills.obj
 0001:000082e0       ?IsExpSkill@KSkill@@UBEHXZ 100092e0 f i KSkills.obj
 0001:000082f0       ?CastZone@KSkill@@ABEHPAUTOrdinSkillParam@@HHHHH@Z 100092f0 f   KSkills.obj
 0001:00008850       ?CastLine@KSkill@@ABEHPAUTOrdinSkillParam@@HHHHH@Z 10009850 f   KSkills.obj
 0001:00008c80       ?CastExtractiveLineMissle@KSkill@@ABEHPAUTOrdinSkillParam@@HHHHHHH@Z 10009c80 f   KSkills.obj
 0001:00009050       ?CastWall@KSkill@@ABEHPAUTOrdinSkillParam@@HHHHH@Z 1000a050 f   KSkills.obj
 0001:00009510       ?CastCircle@KSkill@@ABEHPAUTOrdinSkillParam@@HHH@Z 1000a510 f   KSkills.obj
 0001:00009860       ?CastSpread@KSkill@@ABEHPAUTOrdinSkillParam@@HHH@Z 1000a860 f   KSkills.obj
 0001:00009d80       ?GetChildSkillNum@KSkill@@QBEHH@Z 1000ad80 f   KSkills.obj
 0001:00009d90       ?CreateMissle@KSkill@@ABEXHHH@Z 1000ad90 f   KSkills.obj
 0001:00009fc0       ?GetInfoFromTabFile@KSkill@@QAEHH@Z 1000afc0 f   KSkills.obj
 0001:00009fe0       ?GetInfoFromTabFile@KSkill@@QAEHPAVKITabFile@@H@Z 1000afe0 f   KSkills.obj
 0001:0000a6b0       ?LoadSkillLevelData@KSkill@@UAEXKH@Z 1000b6b0 f   KSkills.obj
 0001:0000a9f0       ?GetMissleGenerateTime@KSkill@@QBEIH@Z 1000b9f0 f   KSkills.obj
 0001:0000ab10       ?GetSkillIdFromName@KSkill@@SAHPAD@Z 1000bb10 f   KSkills.obj
 0001:0000abb0       ?CastInitiativeSkill@KSkill@@ABEHHHHH@Z 1000bbb0 f   KSkills.obj
 0001:0000abc0       ?CastPassivitySkill@KSkill@@ABEHHHHHH@Z 1000bbc0 f   KSkills.obj
 0001:0000abd0       ?ParseString2MagicAttrib@KSkill@@AAEHKPAD0@Z 1000bbd0 f   KSkills.obj
 0001:0000b3b0       ?DrawSkillIcon@KSkill@@UAEXHHHHH@Z 1000c3b0 f   KSkills.obj
 0001:0000b610       ?GetDesc@KSkill@@SAXKKPADH_N@Z 1000c610 f   KSkills.obj
 0001:0000c690       ?GetDescAboutLevel@KSkill@@QAEXPADHH@Z 1000d690 f   KSkills.obj
 0001:0000cc40       ?GetDescAboutEventSkillLevel@KSkill@@QAEXPADH@Z 1000dc40 f   KSkills.obj
 0001:0000ce50       ?PlayPreCastSound@KSkill@@QBEXHHH@Z 1000de50 f   KSkills.obj
 0001:0000cf40       ??0KSkillSpecial@@QAE@XZ   1000df40 f   KSkillSpecial.obj
 0001:0000cf80       ?Init@KSkillSpecial@@QAEHXZ 1000df80 f   KSkillSpecial.obj
 0001:0000cfa0       ?Draw@KSkillSpecial@@QAEXH@Z 1000dfa0 f   KSkillSpecial.obj
 0001:0000d120       ?SetAnimation@KSkillSpecial@@QAEXPADI@Z 1000e120 f   KSkillSpecial.obj
 0001:0000d170       ?Remove@KSkillSpecial@@QAEXXZ 1000e170 f   KSkillSpecial.obj
 0001:0000d180       ??0KList@@QAE@XZ           1000e180 f i KSkillSpecial.obj
 0001:0000d1b0       ?Init@KFaction@@QAEHXZ     1000e1b0 f   KFaction.obj
 0001:0000d660       ?GetID@KFaction@@QAEHHH@Z  1000e660 f   KFaction.obj
 0001:0000d690       ?GetID@KFaction@@QAEHHPAD@Z 1000e690 f   KFaction.obj
 0001:0000d720       ?GetCamp@KFaction@@QAEHH@Z 1000e720 f   KFaction.obj
 0001:0000d7a0       ??1KNpc@@QAE@XZ            1000e7a0 f i KNpc.obj
 0001:0000d830       ??0KNpc@@QAE@XZ            1000e830 f   KNpc.obj
 0001:0000dae0       ??1KNode@@UAE@XZ           1000eae0 f i KNpc.obj
 0001:0000daf0       ??0KNode@@QAE@XZ           1000eaf0 f i KNpc.obj
 0001:0000db10       ??0KMagicAttrib@@QAE@XZ    1000eb10 f i KNpc.obj
 0001:0000db30       ?Init@KNpc@@QAEXXZ         1000eb30 f   KNpc.obj
 0001:0000dfc0       ?GetActiveSkill@KNpc@@QAEPAVISkill@@XZ 1000efc0 f   KNpc.obj
 0001:0000e050       ?SetCurrentCamp@KNpc@@QAEXH@Z 1000f050 f   KNpc.obj
 0001:0000e060       ?SetCamp@KNpc@@QAEXH@Z     1000f060 f   KNpc.obj
 0001:0000e070       ?RestoreCurrentCamp@KNpc@@QAEXXZ 1000f070 f   KNpc.obj
 0001:0000e080       ?Activate@KNpc@@QAEXXZ     1000f080 f   KNpc.obj
 0001:0000e3b0       ?AutoFixXY@KNpc@@AAEXXZ    1000f3b0 f   KNpc.obj
 0001:0000e590       ?ProcStatus@KNpc@@QAEXXZ   1000f590 f   KNpc.obj
 0001:0000e670       ?ProcCommand@KNpc@@QAEXH@Z 1000f670 f   KNpc.obj
 0001:0000e8c0       ?ProcessState@KNpc@@QAEHXZ 1000f8c0 f   KNpc.obj
 0001:0000ed70       ?DoDeath@KNpc@@AAEXHH@Z    1000fd70 f   KNpc.obj
 0001:0000ee40       ?OnDeath@KNpc@@AAEXXZ      1000fe40 f   KNpc.obj
 0001:0000efa0       ?DoDefense@KNpc@@AAEXXZ    1000ffa0 f   KNpc.obj
 0001:0000efb0       ?OnDefense@KNpc@@AAEXXZ    1000ffb0 f   KNpc.obj
 0001:0000efc0       ?DoIdle@KNpc@@AAEXXZ       1000ffc0 f   KNpc.obj
 0001:0000efe0       ?OnIdle@KNpc@@AAEXXZ       1000ffe0 f   KNpc.obj
 0001:0000eff0       ?DoHurt@KNpc@@AAEXHHH@Z    1000fff0 f   KNpc.obj
 0001:0000f0e0       ?OnHurt@KNpc@@AAEXXZ       100100e0 f   KNpc.obj
 0001:0000f330       ?DoSpecial1@KNpc@@AAEXXZ   10010330 f   KNpc.obj
 0001:0000f340       ?OnSpecial1@KNpc@@AAEXXZ   10010340 f   KNpc.obj
 0001:0000f420       ?DoSpecial2@KNpc@@AAEXXZ   10010420 f   KNpc.obj
 0001:0000f430       ?OnSpecial2@KNpc@@AAEXXZ   10010430 f   KNpc.obj
 0001:0000f4d0       ?DoSpecial3@KNpc@@AAEXXZ   100104d0 f   KNpc.obj
 0001:0000f4e0       ?OnSpecial3@KNpc@@AAEXXZ   100104e0 f   KNpc.obj
 0001:0000f4f0       ?DoSpecial4@KNpc@@AAEXXZ   100104f0 f   KNpc.obj
 0001:0000f500       ?OnSpecial4@KNpc@@AAEXXZ   10010500 f   KNpc.obj
 0001:0000f510       ?DoGlide@KNpc@@AAEHF@Z     10010510 f   KNpc.obj
 0001:0000fa00       ?OnGlide@KNpc@@AAEXXZ      10010a00 f   KNpc.obj
 0001:0000fa10       ?GlideTo@KNpc@@AAEXHHF@Z   10010a10 f   KNpc.obj
 0001:0000fa50       ?DoStand@KNpc@@AAEXXZ      10010a50 f   KNpc.obj
 0001:0000fb00       ?OnStand@KNpc@@AAEXXZ      10010b00 f   KNpc.obj
 0001:0000fb50       ?DoRevive@KNpc@@AAEXXZ     10010b50 f   KNpc.obj
 0001:0000fbd0       ?OnRevive@KNpc@@AAEXXZ     10010bd0 f   KNpc.obj
 0001:0000fbe0       ?DoRun@KNpc@@AAEXXZ        10010be0 f   KNpc.obj
 0001:0000fcd0       ?OnRun@KNpc@@AAEXH@Z       10010cd0 f   KNpc.obj
 0001:0000fd70       ?DoSit@KNpc@@AAEXXZ        10010d70 f   KNpc.obj
 0001:0000fdb0       ?OnSit@KNpc@@AAEXXZ        10010db0 f   KNpc.obj
 0001:0000fdd0       ?DoSkill@KNpc@@AAEXHH@Z    10010dd0 f   KNpc.obj
 0001:0000ff00       ?UnDoSkill@KNpc@@AAEXXZ    10010f00 f   KNpc.obj
 0001:0000ff40       ?DoOrdinSkill@KNpc@@AAEHPAVKSkill@@HH@Z 10010f40 f   KNpc.obj
 0001:000102f0       ?DoAttack@KNpc@@AAEXXZ     100112f0 f   KNpc.obj
 0001:00010360       ?CastMeleeSkill@KNpc@@AAEHPAVKSkill@@@Z 10011360 f   KNpc.obj
 0001:000105b0       ?DoBlurAttack@KNpc@@AAEHXZ 100115b0 f   KNpc.obj
 0001:00010630       ?DoMagic@KNpc@@AAEXXZ      10011630 f   KNpc.obj
 0001:00010690       ?OnSkill@KNpc@@AAEXXZ      10011690 f   KNpc.obj
 0001:000107c0       ?JumpTo@KNpc@@AAEXHH@Z     100117c0 f   KNpc.obj
 0001:00010800       ?RunTo@KNpc@@AAEXHH@Z      10011800 f   KNpc.obj
 0001:00010830       ?Goto@KNpc@@AAEXHH@Z       10011830 f   KNpc.obj
 0001:00010860       ?DoWalk@KNpc@@AAEXXZ       10011860 f   KNpc.obj
 0001:00010900       ?DoPlayerTalk@KNpc@@QAEXPAD@Z 10011900 f   KNpc.obj
 0001:00010910       ?OnPlayerTalk@KNpc@@AAEXXZ 10011910 f   KNpc.obj
 0001:00010920       ?OnWalk@KNpc@@AAEXXZ       10011920 f   KNpc.obj
 0001:00010940       ?GetSkillLevel@KNpc@@QAEHH@Z 10011940 f   KNpc.obj
 0001:00010970       ?ModifyAttrib@KNpc@@QAEXHPAX@Z 10011970 f   KNpc.obj
 0001:00010990       ?SetImmediatelySkillEffect@KNpc@@QAEXHPAXH@Z 10011990 f   KNpc.obj
 0001:000109d0       ?AppendSkillEffect@KNpc@@QAEXKHHPAX0@Z 100119d0 f   KNpc.obj
 0001:00011310       ?ProcMove@KNpc@@AAEXH@Z    10012310 f   KNpc.obj
 0001:00011820       ?ProcJump@KNpc@@AAEXH@Z    10012820 f   KNpc.obj
 0001:00011b10       ?SendCommand@KNpc@@QAEXW4NPCCMD@@HHH@Z 10012b10 f   KNpc.obj
 0001:00011bd0       ?SendCommandRandMove@KNpc@@QAEXHHH@Z 10012bd0 f   KNpc.obj
 0001:00011c70       ?NewPath@KNpc@@AAEHHH@Z    10012c70 f   KNpc.obj
 0001:00011c90       ?NewJump@KNpc@@AAEHHH@Z    10012c90 f   KNpc.obj
 0001:00012020       ?NewGlide@KNpc@@AAEHHHH@Z  10013020 f   KNpc.obj
 0001:000123b0       ?SelfDamage@KNpc@@QAEXH@Z  100133b0 f   KNpc.obj
 0001:000123e0       ?Cost@KNpc@@QAEHW4NPCATTRIB@@HH@Z 100133e0 f   KNpc.obj
 0001:000124f0       ?DoJump@KNpc@@AAEXXZ       100134f0 f   KNpc.obj
 0001:00012560       ?OnJump@KNpc@@AAEHXZ       10013560 f   KNpc.obj
 0001:000125b0       ?WaitForFrame@KNpc@@AAEHXZ 100135b0 f   KNpc.obj
 0001:000125e0       ?IsReachFrame@KNpc@@AAEHH@Z 100135e0 f   KNpc.obj
 0001:00012610       ?Load@KNpc@@QAEXHHH@Z      10013610 f   KNpc.obj
 0001:00012920       ?GetMpsPos@KNpc@@QAEXPAH0@Z 10013920 f   KNpc.obj
 0001:00012970       ?SetActiveSkill@KNpc@@QAEHH@Z 10013970 f   KNpc.obj
 0001:00012a30       ?SetAuraSkill@KNpc@@QAEXH@Z 10013a30 f   KNpc.obj
 0001:00012b00       ?SetPlayerIdx@KNpc@@QAEHH@Z 10013b00 f   KNpc.obj
 0001:00012b30       ?SetPos@KNpc@@QAE_NHH@Z    10013b30 f   KNpc.obj
 0001:00012ca0       ?MoveNpc@KNpc@@QAEXHHHHH_N@Z 10013ca0 f   KNpc.obj
 0001:00012e60       ?PaintInfo@KNpc@@QAEHH_NHK@Z 10013e60 f   KNpc.obj
 0001:000132e0       ?PaintNpcAuto@KNpc@@QAEXH_NHK@Z 100142e0 f   KNpc.obj
 0001:00013480       ?PaintSeriesNpc@KNpc@@QAEXHH@Z 10014480 f   KNpc.obj
 0001:00013570       ?PaintHorseState@KNpc@@QAEXHH@Z 10014570 f   KNpc.obj
 0001:000136d0       ?PaintRankInfo@KNpc@@QAEXHHK@Z 100146d0 f   KNpc.obj
 0001:000139c0       ?PaintTransLifeInfo@KNpc@@QAEXHH@Z 100149c0 f   KNpc.obj
 0001:00013b70       ?PaintShopInfo@KNpc@@QAEXHH@Z 10014b70 f   KNpc.obj
 0001:00013e60       ?PaintChat@KNpc@@QAEHH@Z   10014e60 f   KNpc.obj
 0001:00013fd0       ?SetChatInfo@KNpc@@QAEHPBD0G@Z 10014fd0 f   KNpc.obj
 0001:000141b0       ?SetWarning@KNpc@@QAEHH@Z  100151b0 f   KNpc.obj
 0001:000141c0       ?PaintWarning@KNpc@@QAEHH_N@Z 100151c0 f   KNpc.obj
 0001:00014330       ?PaintLife@KNpc@@QAEHH_N@Z 10015330 f   KNpc.obj
 0001:00014550       ?PaintMana@KNpc@@QAEHH@Z   10015550 f   KNpc.obj
 0001:000146b0       ?Paint@KNpc@@QAEXXZ        100156b0 f   KNpc.obj
 0001:00014870       ?AddBaseLifeMax@KNpc@@QAEXH@Z 10015870 f   KNpc.obj
 0001:00014890       ?AddCurLifeMax@KNpc@@QAEXH@Z 10015890 f   KNpc.obj
 0001:000148b0       ?AddBaseStaminaMax@KNpc@@QAEXH@Z 100158b0 f   KNpc.obj
 0001:000148d0       ?AddCurStaminaMax@KNpc@@QAEXH@Z 100158d0 f   KNpc.obj
 0001:000148f0       ?AddBaseManaMax@KNpc@@QAEXH@Z 100158f0 f   KNpc.obj
 0001:00014910       ?AddCurManaMax@KNpc@@QAEXH@Z 10015910 f   KNpc.obj
 0001:00014930       ?CalcCurLifeReplenish@KNpc@@QAEXXZ 10015930 f   KNpc.obj
 0001:00014940       ?Remove@KNpc@@QAEXXZ       10015940 f   KNpc.obj
 0001:00014960       ?RemoveRes@KNpc@@QAEXXZ    10015960 f   KNpc.obj
 0001:00014970       ?SetSeries@KNpc@@QAEXH@Z   10015970 f   KNpc.obj
 0001:00014990       ?SetStateSkillEffect@KNpc@@QAEXHHHPAXHHH@Z 10015990 f   KNpc.obj
 0001:00014c50       ??_EKStateNode@@UAEPAXI@Z  10015c50 f i KNpc.obj
 0001:00014c50       ??_GKStateNode@@UAEPAXI@Z  10015c50 f i KNpc.obj
 0001:00014c70       ??1KStateNode@@UAE@XZ      10015c70 f i KNpc.obj
 0001:00014c80       ?ModifyMissleCollsion@KNpc@@QAEHH@Z 10015c80 f   KNpc.obj
 0001:00014cb0       ?ModifyMissleLifeTime@KNpc@@QAEHH@Z 10015cb0 f   KNpc.obj
 0001:00014cc0       ?ModifyMissleSpeed@KNpc@@QAEHH@Z 10015cc0 f   KNpc.obj
 0001:00014ce0       ?DoManyAttack@KNpc@@AAEHXZ 10015ce0 f   KNpc.obj
 0001:00014e30       ?OnManyAttack@KNpc@@AAEXXZ 10015e30 f   KNpc.obj
 0001:00014ee0       ?DoRunAttack@KNpc@@AAEHXZ  10015ee0 f   KNpc.obj
 0001:00015200       ?OnRunAttack@KNpc@@AAEXXZ  10016200 f   KNpc.obj
 0001:000153f0       ?DoJumpAttack@KNpc@@AAEHXZ 100163f0 f   KNpc.obj
 0001:00015670       ?OnJumpAttack@KNpc@@AAEHXZ 10016670 f   KNpc.obj
 0001:000157c0       ?CheckHitTarget@KNpc@@AAEHHHH@Z 100167c0 f   KNpc.obj
 0001:00015830       ?AddStateInfo@KNpc@@AAEXH@Z 10016830 f   KNpc.obj
 0001:00015880       ?AddStateSkillList@KNpc@@AAEXPAVKStateNode@@@Z 10016880 f   KNpc.obj
 0001:000158e0       ?AddStateSkillListClient@KNpc@@AAEXPAVKStateNode@@@Z 100168e0 f   KNpc.obj
 0001:00015950       ?RemoveStateSkillList@KNpc@@AAEXPAE@Z 10016950 f   KNpc.obj
 0001:000159f0       ?GetNpcCopyFromTemplate@KNpc@@QAEXHHH@Z 100169f0 f   KNpc.obj
 0001:00015bf0       ?LoadDataFromTemplate@KNpc@@QAEXHHH@Z 10016bf0 f   KNpc.obj
 0001:00015d80       ?SetPhysicsDamage@KNpc@@QAEXHH@Z 10016d80 f   KNpc.obj
 0001:00015da0       ?SetBaseAttackRating@KNpc@@QAEXH@Z 10016da0 f   KNpc.obj
 0001:00015dc0       ?SetBaseDefence@KNpc@@QAEXH@Z 10016dc0 f   KNpc.obj
 0001:00015de0       ?SetMenuState@KNpc@@QAEXHPADH@Z 10016de0 f   KNpc.obj
 0001:00015e00       ?GetMenuState@KNpc@@QAEHXZ 10016e00 f   KNpc.obj
 0001:00015e10       ?SearchAroundID@KNpc@@QAEKK@Z 10016e10 f   KNpc.obj
 0001:00015e90       ?SetSpecialSpr@KNpc@@QAEXPAD@Z 10016e90 f   KNpc.obj
 0001:00015eb0       ?SetInstantSpr@KNpc@@QAEXH@Z 10016eb0 f   KNpc.obj
 0001:00015ef0       ?GetNormalNpcStandDir@KNpc@@QAEHH@Z 10016ef0 f   KNpc.obj
 0001:00015f10       ?SetNpcState@KNpc@@QAEXPAE@Z 10016f10 f   KNpc.obj
 0001:00015fa0       ?ClearNpcState@KNpc@@QAEXXZ 10016fa0 f   KNpc.obj
 0001:00016000       ?RestoreNpcBaseInfo@KNpc@@QAEXXZ 10017000 f   KNpc.obj
 0001:00016440       ?DrawBorder@KNpc@@QAEXXZ   10017440 f   KNpc.obj
 0001:00016460       ?DrawMenuState@KNpc@@QAEHH@Z 10017460 f   KNpc.obj
 0001:00016480       ?IsPlayer@KNpc@@QAEHXZ     10017480 f   KNpc.obj
 0001:000164a0       ?IsAlive@KNpc@@QAEHXZ      100174a0 f   KNpc.obj
 0001:000164c0       ?ClearStateSkillEffect@KNpc@@QAEXXZ 100174c0 f   KNpc.obj
 0001:00016580       ?ClearNormalState@KNpc@@QAEXXZ 10017580 f   KNpc.obj
 0001:00016650       ?CheckTrap@KNpc@@QAEXXZ    10017650 f   KNpc.obj
 0001:000166f0       ?SetFightMode@KNpc@@QAEXH@Z 100176f0 f   KNpc.obj
 0001:00016710       ?TurnTo@KNpc@@QAEXH@Z      10017710 f   KNpc.obj
 0001:00016880       ?ReCalcStateEffect@KNpc@@QAEXXZ 10017880 f   KNpc.obj
 0001:00016910       ?GetCurActiveWeaponSkill@KNpc@@QAEHXZ 10017910 f   KNpc.obj
 0001:000169e0       ?HurtAutoMove@KNpc@@AAEXXZ 100179e0 f   KNpc.obj
 0001:00016d80       ?ProcNetCommand@KNpc@@QAEXW4NPCCMD@@HHH@Z 10017d80 f   KNpc.obj
 0001:00016e40       ?ClearBlood@KNpc@@QAEXH@Z  10017e40 f   KNpc.obj
 0001:00016e70       ?SetBlood@KNpc@@QAEXH@Z    10017e70 f   KNpc.obj
 0001:00016ed0       ?PaintBlood@KNpc@@QAEHH@Z  10017ed0 f   KNpc.obj
 0001:00016fe0       ?EditPos@KNpc@@QAEX_N@Z    10017fe0 f   KNpc.obj
 0001:00017010       ?SendClientPos2Server@KNpc@@QAEXXZ 10018010 f   KNpc.obj
 0001:000170b0       ?GetNpcPate@KNpc@@QAEHXZ   100180b0 f   KNpc.obj
 0001:00017140       ?GetNpcPatePeopleInfo@KNpc@@QAEHXZ 10018140 f   KNpc.obj
 0001:000171d0       ?FindStateSkill@KNpc@@QAEHH@Z 100181d0 f   KNpc.obj
 0001:00017210       ?GetFrameCopyFromTemplate@KNpc@@QAEXHHH@Z 10018210 f   KNpc.obj
 0001:000173f0       ?LoadFrameFromTemplate@KNpc@@QAEXHHH@Z 100183f0 f   KNpc.obj
 0001:00017480       ?ReSetRes@KNpc@@QAEXH@Z    10018480 f   KNpc.obj
 0001:00017650       ?AutoDoSkill@KNpc@@QAEXHHHH@Z 10018650 f   KNpc.obj
 0001:00017bf0       ?RandMove@KNpc@@QAEXHHH@Z  10018bf0 f   KNpc.obj
 0001:00017c50       ?ExecuteStand@KNpc@@QAEXXZ 10018c50 f   KNpc.obj
 0001:00017c70       ?SetTitleEffect@KNpc@@QAEXH@Z 10018c70 f   KNpc.obj
 0001:00017d60       ?ClientGotoPos@KNpc@@QAEXHHH@Z 10018d60 f   KNpc.obj
 0001:00017e40       ?ExecuteScript@KNpc@@QAEHPAD0H@Z 10018e40 f   KNpc.obj
 0001:00017e80       ?ExecuteScript@KNpc@@QAEHKPADH@Z 10018e80 f   KNpc.obj
 0001:00017ff0       ?ExecuteScript@KNpc@@QAEHKPAD0@Z 10018ff0 f   KNpc.obj
 0001:00018180       ?ExecuteScript@KNpc@@QAEHPAD00@Z 10019180 f   KNpc.obj
 0001:000181d0       ?ExecuteScript2@KNpc@@QAEHKPAD00@Z 100191d0 f   KNpc.obj
 0001:00018380       ?ExecuteScript2@KNpc@@QAEHKPADHH@Z 10019380 f   KNpc.obj
 0001:000184f0       ?ExecuteScript2@KNpc@@QAEHPAD0HH@Z 100194f0 f   KNpc.obj
 0001:00018540       ?ExecuteScript2@KNpc@@QAEHPAD000@Z 10019540 f   KNpc.obj
 0001:00018590       ??0?$vector@UFindPathNode@@V?$allocator@UFindPathNode@@@std@@@std@@QAE@ABV?$allocator@UFindPathNode@@@1@@Z 10019590 f i KNpc.obj
 0001:000185b0       ??1?$vector@UFindPathNode@@V?$allocator@UFindPathNode@@@std@@@std@@QAE@XZ 100195b0 f i KNpc.obj
 0001:00018600       ??0KNpcAI@@QAE@XZ          10019600 f   KNpcAI.obj
 0001:00018610       ?Activate@KNpcAI@@QAEXH@Z  10019610 f   KNpcAI.obj
 0001:00018710       ?ProcessShowNpc@KNpcAI@@AAEHXZ 10019710 f   KNpcAI.obj
 0001:000187d0       ?ShowNpcType11@KNpcAI@@AAEHXZ 100197d0 f   KNpcAI.obj
 0001:00018930       ?ShowNpcType12@KNpcAI@@AAEHXZ 10019930 f   KNpcAI.obj
 0001:00018aa0       ?ShowNpcType13@KNpcAI@@AAEHXZ 10019aa0 f   KNpcAI.obj
 0001:00018be0       ?ShowNpcType14@KNpcAI@@AAEHXZ 10019be0 f   KNpcAI.obj
 0001:00018d60       ?ShowNpcType15@KNpcAI@@AAEHXZ 10019d60 f   KNpcAI.obj
 0001:00018ea0       ?ShowNpcType16@KNpcAI@@AAEHXZ 10019ea0 f   KNpcAI.obj
 0001:00019010       ?ShowNpcType17@KNpcAI@@AAEHXZ 1001a010 f   KNpcAI.obj
 0001:000191a0       ?ProcessPlayer@KNpcAI@@AAEXXZ 1001a1a0 f   KNpcAI.obj
 0001:00019200       ?FollowObject@KNpcAI@@AAEXH@Z 1001a200 f   KNpcAI.obj
 0001:00019290       ?FollowPeople@KNpcAI@@AAEXH@Z 1001a290 f   KNpcAI.obj
 0001:00019710       ?TriggerMapTrap@KNpcAI@@AAEXXZ 1001a710 f   KNpcAI.obj
 0001:00019740       ?TriggerObjectTrap@KNpcAI@@AAEXXZ 1001a740 f   KNpcAI.obj
 0001:00019750       ?GetNearestNpc@KNpcAI@@AAEHH@Z 1001a750 f   KNpcAI.obj
 0001:00019c30       ?IsPlayerCome@KNpcAI@@AAEHXZ 1001ac30 f   KNpcAI.obj
 0001:00019c90       ?GetNpcNumber@KNpcAI@@AAEHH@Z 1001ac90 f   KNpcAI.obj
 0001:00019e80       ?KeepAttackRange@KNpcAI@@AAEXHH@Z 1001ae80 f   KNpcAI.obj
 0001:0001a030       ?FollowAttack@KNpcAI@@AAEXH@Z 1001b030 f   KNpcAI.obj
 0001:0001a140       ?InEyeshot@KNpcAI@@AAEHH@Z 1001b140 f   KNpcAI.obj
 0001:0001a180       ?CommonAction@KNpcAI@@AAEXXZ 1001b180 f   KNpcAI.obj
 0001:0001a280       ?KeepActiveRange@KNpcAI@@AAEHXZ 1001b280 f   KNpcAI.obj
 0001:0001a3b0       ?DoShowFlee@KNpcAI@@AAEHH@Z 1001b3b0 f   KNpcAI.obj
 0001:0001a500       ?Flee@KNpcAI@@AAEXH@Z      1001b500 f   KNpcAI.obj
 0001:0001a5b0       ?ProcessAIType01@KNpcAI@@AAEXXZ 1001b5b0 f   KNpcAI.obj
 0001:0001a760       ?GetRandomNumber@@YAHHH@Z  1001b760 f i KNpcAI.obj
 0001:0001a780       ?ProcessAIType02@KNpcAI@@AAEXXZ 1001b780 f   KNpcAI.obj
 0001:0001aa30       ?ProcessAIType03@KNpcAI@@AAEXXZ 1001ba30 f   KNpcAI.obj
 0001:0001ac50       ?ProcessAIType04@KNpcAI@@AAEXXZ 1001bc50 f   KNpcAI.obj
 0001:0001adf0       ?ProcessAIType05@KNpcAI@@AAEXXZ 1001bdf0 f   KNpcAI.obj
 0001:0001b030       ?ProcessAIType06@KNpcAI@@AAEXXZ 1001c030 f   KNpcAI.obj
 0001:0001b200       ?ProcessAIType07@KNpcAI@@AAEXXZ 1001c200 f   KNpcAI.obj
 0001:0001b3a0       ??0KNpcAttribModify@@QAE@XZ 1001c3a0 f   KNpcAttribModify.obj
 0001:0001b860       ??1KNpcAttribModify@@QAE@XZ 1001c860 f   KNpcAttribModify.obj
 0001:0001b870       ?ModifyAttrib@KNpcAttribModify@@QAEXPAVKNpc@@PAX@Z 1001c870 f   KNpcAttribModify.obj
 0001:0001b8a0       ?AddColdDamageV@KNpcAttribModify@@AAEXPAVKNpc@@PAX@Z 1001c8a0 f   KNpcAttribModify.obj
 0001:0001b930       ?AddFireDamageV@KNpcAttribModify@@AAEXPAVKNpc@@PAX@Z 1001c930 f   KNpcAttribModify.obj
 0001:0001b960       ?AddLightingDamageV@KNpcAttribModify@@AAEXPAVKNpc@@PAX@Z 1001c960 f   KNpcAttribModify.obj
 0001:0001b990       ?AddPhysicsDamageP@KNpcAttribModify@@AAEXPAVKNpc@@PAX@Z 1001c990 f   KNpcAttribModify.obj
 0001:0001ba50       ?AddPoisonDamageV@KNpcAttribModify@@AAEXPAVKNpc@@PAX@Z 1001ca50 f   KNpcAttribModify.obj
 0001:0001baa0       ?AddPhysicsDamageV@KNpcAttribModify@@AAEXPAVKNpc@@PAX@Z 1001caa0 f   KNpcAttribModify.obj
 0001:0001bac0       ?AllresP@KNpcAttribModify@@AAEXPAVKNpc@@PAX@Z 1001cac0 f   KNpcAttribModify.obj
 0001:0001bb10       ?AllSkillV@KNpcAttribModify@@AAEXPAVKNpc@@PAX@Z 1001cb10 f   KNpcAttribModify.obj
 0001:0001bb90       ?AttackRatingP@KNpcAttribModify@@AAEXPAVKNpc@@PAX@Z 1001cb90 f   KNpcAttribModify.obj
 0001:0001bbc0       ?AttackRatingV@KNpcAttribModify@@AAEXPAVKNpc@@PAX@Z 1001cbc0 f   KNpcAttribModify.obj
 0001:0001bbe0       ?AttackSpeedV@KNpcAttribModify@@AAEXPAVKNpc@@PAX@Z 1001cbe0 f   KNpcAttribModify.obj
 0001:0001bc00       ?BadStatusTimeReduceV@KNpcAttribModify@@AAEXPAVKNpc@@PAX@Z 1001cc00 f   KNpcAttribModify.obj
 0001:0001bc10       ?BurnTimeReduceP@KNpcAttribModify@@AAEXPAVKNpc@@PAX@Z 1001cc10 f   KNpcAttribModify.obj
 0001:0001bc20       ?CastSpeedV@KNpcAttribModify@@AAEXPAVKNpc@@PAX@Z 1001cc20 f   KNpcAttribModify.obj
 0001:0001bc40       ?ChangeCampV@KNpcAttribModify@@AAEXPAVKNpc@@PAX@Z 1001cc40 f   KNpcAttribModify.obj
 0001:0001bc80       ?ColdArmorV@KNpcAttribModify@@AAEXPAVKNpc@@PAX@Z 1001cc80 f   KNpcAttribModify.obj
 0001:0001bc90       ?ColdresP@KNpcAttribModify@@AAEXPAVKNpc@@PAX@Z 1001cc90 f   KNpcAttribModify.obj
 0001:0001bcb0       ?DeadlyStrikeP@KNpcAttribModify@@AAEXPAVKNpc@@PAX@Z 1001ccb0 f   KNpcAttribModify.obj
 0001:0001bcd0       ?DexterityV@KNpcAttribModify@@AAEXPAVKNpc@@PAX@Z 1001ccd0 f   KNpcAttribModify.obj
 0001:0001bd10       ?EarthSkillV@KNpcAttribModify@@AAEXPAVKNpc@@PAX@Z 1001cd10 f   KNpcAttribModify.obj
 0001:0001bd20       ?EnergyV@KNpcAttribModify@@AAEXPAVKNpc@@PAX@Z 1001cd20 f   KNpcAttribModify.obj
 0001:0001bd60       ?FastHitRecoverV@KNpcAttribModify@@AAEXPAVKNpc@@PAX@Z 1001cd60 f   KNpcAttribModify.obj
 0001:0001bd80       ?FastWalkRunP@KNpcAttribModify@@AAEXPAVKNpc@@PAX@Z 1001cd80 f   KNpcAttribModify.obj
 0001:0001bdf0       ?FireArmorV@KNpcAttribModify@@AAEXPAVKNpc@@PAX@Z 1001cdf0 f   KNpcAttribModify.obj
 0001:0001be00       ?FireSkillV@KNpcAttribModify@@AAEXPAVKNpc@@PAX@Z 1001ce00 f   KNpcAttribModify.obj
 0001:0001be10       ?FreezeTimeReduceP@KNpcAttribModify@@AAEXPAVKNpc@@PAX@Z 1001ce10 f   KNpcAttribModify.obj
 0001:0001be30       ?KnockBackP@KNpcAttribModify@@AAEXPAVKNpc@@PAX@Z 1001ce30 f   KNpcAttribModify.obj
 0001:0001be50       ?LifeMaxP@KNpcAttribModify@@AAEXPAVKNpc@@PAX@Z 1001ce50 f   KNpcAttribModify.obj
 0001:0001bea0       ?LifeMaxV@KNpcAttribModify@@AAEXPAVKNpc@@PAX@Z 1001cea0 f   KNpcAttribModify.obj
 0001:0001bec0       ?LifeReplenishV@KNpcAttribModify@@AAEXPAVKNpc@@PAX@Z 1001cec0 f   KNpcAttribModify.obj
 0001:0001bee0       ?LifeV@KNpcAttribModify@@AAEXPAVKNpc@@PAX@Z 1001cee0 f   KNpcAttribModify.obj
 0001:0001bf00       ?LightingArmorV@KNpcAttribModify@@AAEXPAVKNpc@@PAX@Z 1001cf00 f   KNpcAttribModify.obj
 0001:0001bf10       ?LightingresP@KNpcAttribModify@@AAEXPAVKNpc@@PAX@Z 1001cf10 f   KNpcAttribModify.obj
 0001:0001bf30       ?LuckyV@KNpcAttribModify@@AAEXPAVKNpc@@PAX@Z 1001cf30 f   KNpcAttribModify.obj
 0001:0001bf80       ?ManaMaxP@KNpcAttribModify@@AAEXPAVKNpc@@PAX@Z 1001cf80 f   KNpcAttribModify.obj
 0001:0001bfc0       ?ManaMaxV@KNpcAttribModify@@AAEXPAVKNpc@@PAX@Z 1001cfc0 f   KNpcAttribModify.obj
 0001:0001bfe0       ?ManaReplenishV@KNpcAttribModify@@AAEXPAVKNpc@@PAX@Z 1001cfe0 f   KNpcAttribModify.obj
 0001:0001c000       ?ManaV@KNpcAttribModify@@AAEXPAVKNpc@@PAX@Z 1001d000 f   KNpcAttribModify.obj
 0001:0001c020       ?ManaShieldP@KNpcAttribModify@@AAEXPAVKNpc@@PAX@Z 1001d020 f   KNpcAttribModify.obj
 0001:0001c040       ?MeleeDamageReturnP@KNpcAttribModify@@AAEXPAVKNpc@@PAX@Z 1001d040 f   KNpcAttribModify.obj
 0001:0001c060       ?MeleeDamageReturnV@KNpcAttribModify@@AAEXPAVKNpc@@PAX@Z 1001d060 f   KNpcAttribModify.obj
 0001:0001c080       ?MetalSkillV@KNpcAttribModify@@AAEXPAVKNpc@@PAX@Z 1001d080 f   KNpcAttribModify.obj
 0001:0001c090       ?PhysicsArmorV@KNpcAttribModify@@AAEXPAVKNpc@@PAX@Z 1001d090 f   KNpcAttribModify.obj
 0001:0001c0a0       ?PhysicsresP@KNpcAttribModify@@AAEXPAVKNpc@@PAX@Z 1001d0a0 f   KNpcAttribModify.obj
 0001:0001c0c0       ?Damage2ManaP@KNpcAttribModify@@AAEXPAVKNpc@@PAX@Z 1001d0c0 f   KNpcAttribModify.obj
 0001:0001c0e0       ?PoisonArmorV@KNpcAttribModify@@AAEXPAVKNpc@@PAX@Z 1001d0e0 f   KNpcAttribModify.obj
 0001:0001c0f0       ?PoisonDamageReduceV@KNpcAttribModify@@AAEXPAVKNpc@@PAX@Z 1001d0f0 f   KNpcAttribModify.obj
 0001:0001c120       ?PoisonresP@KNpcAttribModify@@AAEXPAVKNpc@@PAX@Z 1001d120 f   KNpcAttribModify.obj
 0001:0001c140       ?PoisonTimeReduceP@KNpcAttribModify@@AAEXPAVKNpc@@PAX@Z 1001d140 f   KNpcAttribModify.obj
 0001:0001c160       ?RangeDamageReturnV@KNpcAttribModify@@AAEXPAVKNpc@@PAX@Z 1001d160 f   KNpcAttribModify.obj
 0001:0001c180       ?RangeDamageReturnP@KNpcAttribModify@@AAEXPAVKNpc@@PAX@Z 1001d180 f   KNpcAttribModify.obj
 0001:0001c1a0       ?SlowMissleB@KNpcAttribModify@@AAEXPAVKNpc@@PAX@Z 1001d1a0 f   KNpcAttribModify.obj
 0001:0001c1d0       ?StaminaMaxP@KNpcAttribModify@@AAEXPAVKNpc@@PAX@Z 1001d1d0 f   KNpcAttribModify.obj
 0001:0001c210       ?StaminaMaxV@KNpcAttribModify@@AAEXPAVKNpc@@PAX@Z 1001d210 f   KNpcAttribModify.obj
 0001:0001c230       ?StaminaReplenishV@KNpcAttribModify@@AAEXPAVKNpc@@PAX@Z 1001d230 f   KNpcAttribModify.obj
 0001:0001c250       ?StaminaV@KNpcAttribModify@@AAEXPAVKNpc@@PAX@Z 1001d250 f   KNpcAttribModify.obj
 0001:0001c270       ?StealLifeP@KNpcAttribModify@@AAEXPAVKNpc@@PAX@Z 1001d270 f   KNpcAttribModify.obj
 0001:0001c290       ?StealManaP@KNpcAttribModify@@AAEXPAVKNpc@@PAX@Z 1001d290 f   KNpcAttribModify.obj
 0001:0001c2b0       ?StealStaminaP@KNpcAttribModify@@AAEXPAVKNpc@@PAX@Z 1001d2b0 f   KNpcAttribModify.obj
 0001:0001c2d0       ?StrengthV@KNpcAttribModify@@AAEXPAVKNpc@@PAX@Z 1001d2d0 f   KNpcAttribModify.obj
 0001:0001c310       ?StunTimeReduceP@KNpcAttribModify@@AAEXPAVKNpc@@PAX@Z 1001d310 f   KNpcAttribModify.obj
 0001:0001c330       ?VisionRadiusP@KNpcAttribModify@@AAEXPAVKNpc@@PAX@Z 1001d330 f   KNpcAttribModify.obj
 0001:0001c350       ?VitalityV@KNpcAttribModify@@AAEXPAVKNpc@@PAX@Z 1001d350 f   KNpcAttribModify.obj
 0001:0001c390       ?WaterSkillV@KNpcAttribModify@@AAEXPAVKNpc@@PAX@Z 1001d390 f   KNpcAttribModify.obj
 0001:0001c3a0       ?WoodSkillV@KNpcAttribModify@@AAEXPAVKNpc@@PAX@Z 1001d3a0 f   KNpcAttribModify.obj
 0001:0001c3b0       ?FireresP@KNpcAttribModify@@AAEXPAVKNpc@@PAX@Z 1001d3b0 f   KNpcAttribModify.obj
 0001:0001c3d0       ?ArmorDefenseV@KNpcAttribModify@@AAEXPAVKNpc@@PAX@Z 1001d3d0 f   KNpcAttribModify.obj
 0001:0001c3f0       ?ColdEnhanceP@KNpcAttribModify@@AAEXPAVKNpc@@PAX@Z 1001d3f0 f   KNpcAttribModify.obj
 0001:0001c410       ?FireEnhanceP@KNpcAttribModify@@AAEXPAVKNpc@@PAX@Z 1001d410 f   KNpcAttribModify.obj
 0001:0001c430       ?LightingEnhanceP@KNpcAttribModify@@AAEXPAVKNpc@@PAX@Z 1001d430 f   KNpcAttribModify.obj
 0001:0001c450       ?PoisonEnhanceP@KNpcAttribModify@@AAEXPAVKNpc@@PAX@Z 1001d450 f   KNpcAttribModify.obj
 0001:0001c470       ?LifePotionV@KNpcAttribModify@@AAEXPAVKNpc@@PAX@Z 1001d470 f   KNpcAttribModify.obj
 0001:0001c4c0       ?ManaPotionV@KNpcAttribModify@@AAEXPAVKNpc@@PAX@Z 1001d4c0 f   KNpcAttribModify.obj
 0001:0001c510       ?PhysicsResMaxP@KNpcAttribModify@@AAEXPAVKNpc@@PAX@Z 1001d510 f   KNpcAttribModify.obj
 0001:0001c530       ?ColdResMaxP@KNpcAttribModify@@AAEXPAVKNpc@@PAX@Z 1001d530 f   KNpcAttribModify.obj
 0001:0001c550       ?FireResMaxP@KNpcAttribModify@@AAEXPAVKNpc@@PAX@Z 1001d550 f   KNpcAttribModify.obj
 0001:0001c570       ?LightingResMaxP@KNpcAttribModify@@AAEXPAVKNpc@@PAX@Z 1001d570 f   KNpcAttribModify.obj
 0001:0001c590       ?PoisonResMaxP@KNpcAttribModify@@AAEXPAVKNpc@@PAX@Z 1001d590 f   KNpcAttribModify.obj
 0001:0001c5b0       ?AllResMaxP@KNpcAttribModify@@AAEXPAVKNpc@@PAX@Z 1001d5b0 f   KNpcAttribModify.obj
 0001:0001c600       ?FatallyStrikeP@KNpcAttribModify@@AAEXPAVKNpc@@PAX@Z 1001d600 f   KNpcAttribModify.obj
 0001:0001c610       ?MixPoisonDamage@KNpcAttribModify@@QAEXPAUKMagicAttrib@@0@Z 1001d610 f   KNpcAttribModify.obj
 0001:0001c6c0       ?AddPhysicsMagicV@KNpcAttribModify@@AAEXPAVKNpc@@PAX@Z 1001d6c0 f   KNpcAttribModify.obj
 0001:0001c6f0       ?AddColdMagicV@KNpcAttribModify@@AAEXPAVKNpc@@PAX@Z 1001d6f0 f   KNpcAttribModify.obj
 0001:0001c780       ?AddFireMagicV@KNpcAttribModify@@AAEXPAVKNpc@@PAX@Z 1001d780 f   KNpcAttribModify.obj
 0001:0001c7b0       ?AddLightingMagicV@KNpcAttribModify@@AAEXPAVKNpc@@PAX@Z 1001d7b0 f   KNpcAttribModify.obj
 0001:0001c7e0       ?AddPoisonMagicV@KNpcAttribModify@@AAEXPAVKNpc@@PAX@Z 1001d7e0 f   KNpcAttribModify.obj
 0001:0001c830       ?DynamicMagicShieldV@KNpcAttribModify@@AAEXPAVKNpc@@PAX@Z 1001d830 f   KNpcAttribModify.obj
 0001:0001c850       ?ReturnResP@KNpcAttribModify@@AAEXPAVKNpc@@PAX@Z 1001d850 f   KNpcAttribModify.obj
 0001:0001c870       ?ExpEnhanceP@KNpcAttribModify@@AAEXPAVKNpc@@PAX@Z 1001d870 f   KNpcAttribModify.obj
 0001:0001c890       ?PoisonDamageReturnP@KNpcAttribModify@@AAEXPAVKNpc@@PAX@Z 1001d890 f   KNpcAttribModify.obj
 0001:0001c8b0       ?ReturnSkillP@KNpcAttribModify@@AAEXPAVKNpc@@PAX@Z 1001d8b0 f   KNpcAttribModify.obj
 0001:0001c8d0       ?AutoReplySkill@KNpcAttribModify@@AAEXPAVKNpc@@PAX@Z 1001d8d0 f   KNpcAttribModify.obj
 0001:0001c920       ?LifeReplenishP@KNpcAttribModify@@AAEXPAVKNpc@@PAX@Z 1001d920 f   KNpcAttribModify.obj
 0001:0001c940       ?IgnoreSkillP@KNpcAttribModify@@AAEXPAVKNpc@@PAX@Z 1001d940 f   KNpcAttribModify.obj
 0001:0001c960       ?AutoAttackSkill@KNpcAttribModify@@AAEXPAVKNpc@@PAX@Z 1001d960 f   KNpcAttribModify.obj
 0001:0001c990       ?Poison2DecManaP@KNpcAttribModify@@AAEXPAVKNpc@@PAX@Z 1001d990 f   KNpcAttribModify.obj
 0001:0001c9e0       ?SkillAppendSkill@KNpcAttribModify@@AAEXPAVKNpc@@PAX@Z 1001d9e0 f   KNpcAttribModify.obj
 0001:0001caf0       ?HideNpc@KNpcAttribModify@@AAEXPAVKNpc@@PAX@Z 1001daf0 f   KNpcAttribModify.obj
 0001:0001cb10       ?AutoDeathSkill@KNpcAttribModify@@AAEXPAVKNpc@@PAX@Z 1001db10 f   KNpcAttribModify.obj
 0001:0001cb40       ?RandMove@KNpcAttribModify@@AAEXPAVKNpc@@PAX@Z 1001db40 f   KNpcAttribModify.obj
 0001:0001cb70       ?IgnoreNegativeStateP@KNpcAttribModify@@AAEXPAVKNpc@@PAX@Z 1001db70 f   KNpcAttribModify.obj
 0001:0001cbb0       ?AutoRescueSkill@KNpcAttribModify@@AAEXPAVKNpc@@PAX@Z 1001dbb0 f   KNpcAttribModify.obj
 0001:0001cbe0       ?StaticMagicShieldP@KNpcAttribModify@@AAEXPAVKNpc@@PAX@Z 1001dbe0 f   KNpcAttribModify.obj
 0001:0001cc00       ??0KNpcFindPath@@QAE@XZ    1001dc00 f   KNpcFindPath.obj
 0001:0001cc20       ?Init@KNpcFindPath@@QAEXH@Z 1001dc20 f   KNpcFindPath.obj
 0001:0001cc50       ?GetDir@KNpcFindPath@@QAEHHHHHHHPAH0@Z 1001dc50 f   KNpcFindPath.obj
 0001:0001d220       ?Dir64To8@KNpcFindPath@@QAEHH@Z 1001e220 f   KNpcFindPath.obj
 0001:0001d230       ?Dir8To64@KNpcFindPath@@QAEHH@Z 1001e230 f   KNpcFindPath.obj
 0001:0001d240       ?CheckDistance@KNpcFindPath@@QAEHHHHHH@Z 1001e240 f   KNpcFindPath.obj
 0001:0001d280       ?CheckBarrier@KNpcFindPath@@QAEHHH@Z 1001e280 f   KNpcFindPath.obj
 0001:0001d2f0       ?Init@KNpcGold@@QAEXH@Z    1001e2f0 f   KNpcGold.obj
 0001:0001d300       ?Release@KNpcGold@@QAEXXZ  1001e300 f   KNpcGold.obj
 0001:0001d350       ?SetGoldType@KNpcGold@@QAEXH@Z 1001e350 f   KNpcGold.obj
 0001:0001d360       ?SetGoldTypeAndBackData@KNpcGold@@QAEXXZ 1001e360 f   KNpcGold.obj
 0001:0001d410       ?RecoverBackData@KNpcGold@@QAEXXZ 1001e410 f   KNpcGold.obj
 0001:0001d440       ?UpdateNpcData@KNpcGold@@AAEXH@Z 1001e440 f   KNpcGold.obj
 0001:0001e100       ?GetGoldType@KNpcGold@@QAEHXZ 1001f100 f   KNpcGold.obj
 0001:0001e110       ?SetGoldCurrentType@KNpcGold@@QAEXH@Z 1001f110 f   KNpcGold.obj
 0001:0001e150       ??0KNpcGoldTemplate@@QAE@XZ 1001f150 f   KNpcGold.obj
 0001:0001e170       ?Init@KNpcGoldTemplate@@QAEHXZ 1001f170 f   KNpcGold.obj
 0001:0001e570       ??0KNpcRes@@QAE@XZ         1001f570 f   KNpcRes.obj
 0001:0001e640       ?Init@KNpcRes@@QAEHPADPAVKNpcResList@@@Z 1001f640 f   KNpcRes.obj
 0001:0001e870       ?Remove@KNpcRes@@QAEXH@Z   1001f870 f   KNpcRes.obj
 0001:0001e8b0       ?Draw@KNpcRes@@QAEXHHHHH@Z 1001f8b0 f   KNpcRes.obj
 0001:0001f290       ?GetShadowName@KNpcRes@@SAXPAD0@Z 10020290 f   KNpcRes.obj
 0001:0001f2b0       ??1KNpcRes@@QAE@XZ         100202b0 f   KNpcRes.obj
 0001:0001f2c0       ?SetHelm@KNpcRes@@QAEHH@Z  100202c0 f   KNpcRes.obj
 0001:0001f3b0       ?SetArmor@KNpcRes@@QAEHH@Z 100203b0 f   KNpcRes.obj
 0001:0001f4c0       ?SetWeapon@KNpcRes@@QAEHH@Z 100204c0 f   KNpcRes.obj
 0001:0001f8f0       ?SetHorse@KNpcRes@@QAEHH@Z 100208f0 f   KNpcRes.obj
 0001:0001f9f0       ?SetMantle@KNpcRes@@QAEHF@Z 100209f0 f   KNpcRes.obj
 0001:0001fb10       ?SetAction@KNpcRes@@QAEHH@Z 10020b10 f   KNpcRes.obj
 0001:0001ff40       ?SetRideHorse@KNpcRes@@QAEHH@Z 10020f40 f   KNpcRes.obj
 0001:00020360       ?SetPos@KNpcRes@@QAEXHHHHHH@Z 10021360 f   KNpcRes.obj
 0001:000203c0       ?SetState@KNpcRes@@QAEXPAVKList@@PAVKNpcResList@@@Z 100213c0 f   KNpcRes.obj
 0001:000205f0       ?SetSpecialSpr@KNpcRes@@QAEXPAD@Z 100215f0 f   KNpcRes.obj
 0001:000206a0       ?SetMenuStateSpr@KNpcRes@@AAEXH@Z 100216a0 f   KNpcRes.obj
 0001:00020790       ?SetBlur@KNpcRes@@QAEXH@Z  10021790 f   KNpcRes.obj
 0001:000207c0       ?GetSoundName@KNpcRes@@AAEXXZ 100217c0 f   KNpcRes.obj
 0001:000207e0       ?PlaySoundA@KNpcRes@@AAEXHH@Z 100217e0 f   KNpcRes.obj
 0001:000208b0       ?GetSndVolume@KNpcRes@@QAEHH@Z 100218b0 f   KNpcRes.obj
 0001:000208e0       ?StopSound@KNpcRes@@QAEXXZ 100218e0 f   KNpcRes.obj
 0001:00020920       ?SetMenuState@KNpcRes@@QAEXHPADH@Z 10021920 f   KNpcRes.obj
 0001:00020960       ?GetMenuState@KNpcRes@@QAEHXZ 10021960 f   KNpcRes.obj
 0001:00020980       ?SetSleepState@KNpcRes@@QAEXH@Z 10021980 f   KNpcRes.obj
 0001:000209d0       ?GetSleepState@KNpcRes@@QAEHXZ 100219d0 f   KNpcRes.obj
 0001:000209e0       ?DrawBorder@KNpcRes@@QAEXXZ 100219e0 f   KNpcRes.obj
 0001:00020af0       ?DrawMenuState@KNpcRes@@QAEHH@Z 10021af0 f   KNpcRes.obj
 0001:00020be0       ?GetNormalNpcStandDir@KNpcRes@@QAEHH@Z 10021be0 f   KNpcRes.obj
 0001:00020c20       ?GetSprNumFrames@KNpcRes@@QAEHPBDH@Z 10021c20 f   KNpcRes.obj
 0001:00020c50       ?SetBlurSecMove@KNpcRes@@QAEXHHHH@Z 10021c50 f   KNpcRes.obj
 0001:00020d20       ?RemoveBlurSecMove@KNpcRes@@QAEXH@Z 10021d20 f   KNpcRes.obj
 0001:00020d40       ??0KStateSpr@@QAE@XZ       10021d40 f   KNpcRes.obj
 0001:00020d60       ?Release@KStateSpr@@QAEXXZ 10021d60 f   KNpcRes.obj
 0001:00020d80       ??0KNpcBlur@@QAE@XZ        10021d80 f   KNpcRes.obj
 0001:00020da0       ??1KNpcBlur@@QAE@XZ        10021da0 f   KNpcRes.obj
 0001:00020db0       ?SetNextNo@KNpcBlur@@QAEXXZ 10021db0 f   KNpcRes.obj
 0001:00020dd0       ?SetMapPos@KNpcBlur@@QAEXHHHH@Z 10021dd0 f   KNpcRes.obj
 0001:00020e30       ?ChangeAlpha@KNpcBlur@@QAEXXZ 10021e30 f   KNpcRes.obj
 0001:00020ee0       ?ClearCurNo@KNpcBlur@@QAEXXZ 10021ee0 f   KNpcRes.obj
 0001:00020f10       ?SetFile@KNpcBlur@@QAEXHPADHHHHH@Z 10021f10 f   KNpcRes.obj
 0001:00021040       ?Draw@KNpcBlur@@QAEXH@Z    10022040 f   KNpcRes.obj
 0001:00021080       ?NowGetBlur@KNpcBlur@@QAEHXZ 10022080 f   KNpcRes.obj
 0001:00021090       ?Init@KNpcBlur@@QAEHXZ     10022090 f   KNpcRes.obj
 0001:000210d0       ?Remove@KNpcBlur@@QAEXXZ   100220d0 f   KNpcRes.obj
 0001:00021110       ?Remove@KNpcBlur@@QAEXH@Z  10022110 f   KNpcRes.obj
 0001:00021160       ?AddObj@KNpcBlur@@QAEXXZ   10022160 f   KNpcRes.obj
 0001:00021170       ?RemoveObj@KNpcBlur@@QAEXXZ 10022170 f   KNpcRes.obj
 0001:000211c0       ??0KNpcResList@@QAE@XZ     100221c0 f   KNpcResList.obj
 0001:00021240       ??1KNpcResList@@QAE@XZ     10022240 f   KNpcResList.obj
 0001:000212d0       ?Init@KNpcResList@@QAEHXZ  100222d0 f   KNpcResList.obj
 0001:00021320       ?FindNpcRes@KNpcResList@@AAEPAVKNpcResNode@@PAD@Z 10022320 f   KNpcResList.obj
 0001:000213f0       ?AddNpcRes@KNpcResList@@QAEPAVKNpcResNode@@PAD@Z 100223f0 f   KNpcResList.obj
 0001:000214c0       ??0KNpcResNode@@QAE@XZ     100224c0 f   KNpcResNode.obj
 0001:000215b0       ??_GKNpcResNode@@UAEPAXI@Z 100225b0 f i KNpcResNode.obj
 0001:000215b0       ??_EKNpcResNode@@UAEPAXI@Z 100225b0 f i KNpcResNode.obj
 0001:000215d0       ??1KNpcResNode@@UAE@XZ     100225d0 f   KNpcResNode.obj
 0001:00021670       ?Init@KNpcResNode@@QAEHPADPAVCActionName@@1@Z 10022670 f   KNpcResNode.obj
 0001:000224d0       ?ComposePathAndName@KNpcResNode@@QAEXPAD00@Z 100234d0 f   KNpcResNode.obj
 0001:000225d0       ?CheckPartExist@KNpcResNode@@QAEHH@Z 100235d0 f   KNpcResNode.obj
 0001:00022600       ?GetFileName@KNpcResNode@@QAEHHHHPAD0H@Z 10023600 f   KNpcResNode.obj
 0001:00022640       ?GetInterval@KNpcResNode@@QAEHHHHH@Z 10023640 f   KNpcResNode.obj
 0001:00022680       ?GetTotalFrames@KNpcResNode@@QAEHHHHH@Z 10023680 f   KNpcResNode.obj
 0001:000226c0       ?GetTotalDirs@KNpcResNode@@QAEHHHHH@Z 100236c0 f   KNpcResNode.obj
 0001:00022700       ?GetActNo@KNpcResNode@@QAEHHHH@Z 10023700 f   KNpcResNode.obj
 0001:00022740       ?GetSort@KNpcResNode@@QAEHHHHPAHH@Z 10023740 f   KNpcResNode.obj
 0001:000227a0       ?GetActionSoundName@KNpcResNode@@QAEXHPAD@Z 100237a0 f   KNpcResNode.obj
 0001:000227e0       ?GetShadowName@KNpcResNode@@SAXPAD0@Z 100237e0 f   KNpcResNode.obj
 0001:00022870       ??0CActionName@@QAE@XZ     10023870 f   KNpcResNode.obj
 0001:000228a0       ?Init@CActionName@@QAEHPAD@Z 100238a0 f   KNpcResNode.obj
 0001:000229c0       ?GetActionNo@CActionName@@QAEHPAD@Z 100239c0 f   KNpcResNode.obj
 0001:00022a40       ?GetActionCount@CActionName@@QAEHXZ 10023a40 f   KNpcResNode.obj
 0001:00022a50       ?GetActionName@CActionName@@QAEHHPADH@Z 10023a50 f   KNpcResNode.obj
 0001:00022ac0       ??0CShadowFileName@@QAE@XZ 10023ac0 f   KNpcResNode.obj
 0001:00022ad0       ??1CShadowFileName@@QAE@XZ 10023ad0 f   KNpcResNode.obj
 0001:00022b00       ?Init@CShadowFileName@@QAEXH@Z 10023b00 f   KNpcResNode.obj
 0001:00022b60       ?GetFile@CShadowFileName@@QAEHHPAH0000PAD@Z 10023b60 f   KNpcResNode.obj
 0001:00022bf0       ??0CStateMagicTable@@QAE@XZ 10023bf0 f   KNpcResNode.obj
 0001:00022c50       ?Init@CStateMagicTable@@QAEHXZ 10023c50 f   KNpcResNode.obj
 0001:00022eb0       ?GetInfo@CStateMagicTable@@QAEXHPADPAH111111@Z 10023eb0 f   KNpcResNode.obj
 0001:00022fc0       ??0CRESINFO@@QAE@XZ        10023fc0 f   KNpcResNode.obj
 0001:00022fd0       ??1CRESINFO@@QAE@XZ        10023fd0 f   KNpcResNode.obj
 0001:00022fe0       ?AutoDelete@CRESINFO@@QAEXXZ 10023fe0 f   KNpcResNode.obj
 0001:00023010       ?AutoNew@CRESINFO@@QAEHHH@Z 10024010 f   KNpcResNode.obj
 0001:000230c0       ?GetName@CRESINFO@@QAEHHHPAD0H@Z 100240c0 f   KNpcResNode.obj
 0001:00023150       ?GetInterval@CRESINFO@@QAEHHHH@Z 10024150 f   KNpcResNode.obj
 0001:00023190       ?GetTotalFrames@CRESINFO@@QAEHHHH@Z 10024190 f   KNpcResNode.obj
 0001:000231d0       ?GetTotalDirs@CRESINFO@@QAEHHHH@Z 100241d0 f   KNpcResNode.obj
 0001:00023210       ??0CEquipStyleTable@@QAE@XZ 10024210 f   KNpcResNode.obj
 0001:00023220       ??1CEquipStyleTable@@QAE@XZ 10024220 f   KNpcResNode.obj
 0001:00023230       ?AutoDelete@CEquipStyleTable@@QAEXXZ 10024230 f   KNpcResNode.obj
 0001:00023260       ?AutoNew@CEquipStyleTable@@QAEHHH@Z 10024260 f   KNpcResNode.obj
 0001:000232c0       ?SetValue@CEquipStyleTable@@QAEXHHH@Z 100242c0 f   KNpcResNode.obj
 0001:00023300       ?GetValue@CEquipStyleTable@@QAEHHH@Z 10024300 f   KNpcResNode.obj
 0001:00023340       ??0CSortTable@@QAE@XZ      10024340 f   KNpcResNode.obj
 0001:000233b0       ??1CSortTable@@QAE@XZ      100243b0 f   KNpcResNode.obj
 0001:000233c0       ?Release@CSortTable@@AAEXXZ 100243c0 f   KNpcResNode.obj
 0001:00023410       ?SortStrToNum@CSortTable@@AAEXPADPAHH@Z 10024410 f   KNpcResNode.obj
 0001:000234c0       ?GetTable@CSortTable@@QAEHPADPAVCActionName@@H@Z 100244c0 f   KNpcResNode.obj
 0001:000235a0       ?GetTable@CSortTable@@QAEHPAVKIniFile@@PAVCActionName@@H@Z 100245a0 f   KNpcResNode.obj
 0001:00023a10       ?GetSort@CSortTable@@QAEHHHHPAHH@Z 10024a10 f   KNpcResNode.obj
 0001:00023d30       ??1KNpcSet@@QAE@XZ         10024d30 f i KNpcSet.obj
 0001:00023da0       ??0KNpcSet@@QAE@XZ         10024da0 f   KNpcSet.obj
 0001:00023e00       ?Init@KNpcSet@@QAEXXZ      10024e00 f   KNpcSet.obj
 0001:00023ec0       ?LoadPlayerBaseValue@KNpcSet@@QAEXPAD@Z 10024ec0 f   KNpcSet.obj
 0001:00024030       ?IsNpcExist@KNpcSet@@QAEHHK@Z 10025030 f   KNpcSet.obj
 0001:00024060       ?GenOneRelation@KNpcSet@@AAE?AW4NPC_RELATION@@W4NPCKIND@@0W4NPCCAMP@@1W4NPCFIGHT@@2@Z 10025060 f   KNpcSet.obj
 0001:00024170       ?GenRelationTable@KNpcSet@@AAEHXZ 10025170 f   KNpcSet.obj
 0001:00024210       ?SearchID@KNpcSet@@QAEHK@Z 10025210 f   KNpcSet.obj
 0001:00024250       ?SearchClientID@KNpcSet@@QAEHUKClientNpcID@@@Z 10025250 f   KNpcSet.obj
 0001:000242a0       ?SearchName@KNpcSet@@QAEHPAD@Z 100252a0 f   KNpcSet.obj
 0001:00024300       ?SearchNameID@KNpcSet@@QAEHK@Z 10025300 f   KNpcSet.obj
 0001:00024360       ?SearchNpcById@KNpcSet@@QAEPAVKNpc@@K@Z 10025360 f   KNpcSet.obj
 0001:000243e0       ?FindFree@KNpcSet@@AAEHXZ  100253e0 f   KNpcSet.obj
 0001:00024400       ?AddClientNpc@KNpcSet@@QAEHHHHHHH@Z 10025400 f   KNpcSet.obj
 0001:00024520       ?Add@KNpcSet@@QAEHHHPAX@Z  10025520 f   KNpcSet.obj
 0001:000245f0       ?Add@KNpcSet@@QAEHHHHHH@Z  100255f0 f   KNpcSet.obj
 0001:00024680       ?Add@KNpcSet@@QAEHHHHHHHHH@Z 10025680 f   KNpcSet.obj
 0001:00024820       ?Remove@KNpcSet@@QAEXH@Z   10025820 f   KNpcSet.obj
 0001:00024890       ?RemoveAll@KNpcSet@@QAEXXZ 10025890 f   KNpcSet.obj
 0001:00024930       ?InsertNpcToRegion@KNpcSet@@QAEXH@Z 10025930 f   KNpcSet.obj
 0001:000249f0       ?GetDistance@KNpcSet@@SAHHH@Z 100259f0 f   KNpcSet.obj
 0001:00024b80       ?GetDistanceSquare@KNpcSet@@SAHHH@Z 10025b80 f   KNpcSet.obj
 0001:00024cf0       ?GetNextIdx@KNpcSet@@QAEHH@Z 10025cf0 f   KNpcSet.obj
 0001:00024d20       ?CheckBalance@KNpcSet@@QAEXXZ 10025d20 f   KNpcSet.obj
 0001:00024ea0       ?GetAroundPlayerForTeamInvite@KNpcSet@@QAEHPAUKUiPlayerItem@@H@Z 10025ea0 f   KNpcSet.obj
 0001:00025070       ?GetAroundPlayer@KNpcSet@@QAEHPAUKUiPlayerItem@@H@Z 10026070 f   KNpcSet.obj
 0001:000251c0       ?SetShowNameFlag@KNpcSet@@QAEXH@Z 100261c0 f   KNpcSet.obj
 0001:000251f0       ?CheckShowName@KNpcSet@@QAEHXZ 100261f0 f   KNpcSet.obj
 0001:00025200       ?SetShowLifeFlag@KNpcSet@@QAEXH@Z 10026200 f   KNpcSet.obj
 0001:00025230       ?CheckShowLife@KNpcSet@@QAEHXZ 10026230 f   KNpcSet.obj
 0001:00025240       ?SetShowChatFlag@KNpcSet@@QAEXH@Z 10026240 f   KNpcSet.obj
 0001:00025270       ?CheckShowChat@KNpcSet@@QAEHXZ 10026270 f   KNpcSet.obj
 0001:00025280       ?SetShowManaFlag@KNpcSet@@QAEXH@Z 10026280 f   KNpcSet.obj
 0001:000252b0       ?CheckShowMana@KNpcSet@@QAEHXZ 100262b0 f   KNpcSet.obj
 0001:000252c0       ?AutoGetNpcNear@KNpcSet@@QAEHHHHHQAHHHH@Z 100262c0 f   KNpcSet.obj
 0001:00025410       ?GetDistanceMps@KNpcSet@@QAEHHHHH@Z 10026410 f   KNpcSet.obj
 0001:00025450       ?AutoGetPlayerPk@KNpcSet@@QAEHHHHH@Z 10026450 f   KNpcSet.obj
 0001:00025560       ?ClearActivateFlagOfAllNpc@KNpcSet@@QAEXXZ 10026560 f   KNpcSet.obj
 0001:000255a0       ?GetAroundOpenCaptain@KNpcSet@@QAEXH@Z 100265a0 f   KNpcSet.obj
 0001:00025720       ?SearchNpcAt@KNpcSet@@QAEHHHHH@Z 10026720 f   KNpcSet.obj
 0001:00025890       ?IsNpcRequestExist@KNpcSet@@QAEHK@Z 10026890 f   KNpcSet.obj
 0001:000258b0       ?InsertNpcRequest@KNpcSet@@QAEXK@Z 100268b0 f   KNpcSet.obj
 0001:00025910       ?RemoveNpcRequest@KNpcSet@@QAEXK@Z 10026910 f   KNpcSet.obj
 0001:00025960       ?GetRequestIndex@KNpcSet@@QAEHK@Z 10026960 f   KNpcSet.obj
 0001:000259a0       ?GetRelation@KNpcSet@@QAE?AW4NPC_RELATION@@HH@Z 100269a0 f   KNpcSet.obj
 0001:00025c10       ??0KInstantSpecial@@QAE@XZ 10026c10 f   KNpcSet.obj
 0001:00025c60       ?LoadSprName@KInstantSpecial@@AAEXXZ 10026c60 f   KNpcSet.obj
 0001:00025d20       ?LoadSoundName@KInstantSpecial@@AAEXXZ 10026d20 f   KNpcSet.obj
 0001:00025e10       ?GetSprName@KInstantSpecial@@QAEXHPADH@Z 10026e10 f   KNpcSet.obj
 0001:00025ea0       ?PlaySoundA@KInstantSpecial@@QAEXH@Z 10026ea0 f   KNpcSet.obj
 0001:00025f40       ?InitNpcBaseData@KNpcTemplate@@QAEXH@Z 10026f40 f   KNpcTemplate.obj
 0001:00026190       ?InitNpcLevelData@KNpcTemplate@@QAEXPAVKTabFile@@HPAVKLuaScript@@HH@Z 10027190 f   KNpcTemplate.obj
 0001:000262d0       ?GetNpcLevelDataFromScript@KNpcTemplate@@SAHPAVKLuaScript@@PADHH1@Z 100272d0 f   KNpcTemplate.obj
 0001:00026360       ?GetNpcLevelDataFromScript@KNpcTemplate@@SAHPAVKLuaScript@@PADHHNNN@Z 10027360 f   KNpcTemplate.obj
 0001:00026400       ?SkillString2Id@KNpcTemplate@@SAHPAD@Z 10027400 f   KNpcTemplate.obj
 0001:00026510       ??0KPlayer@@QAE@XZ         10027510 f   KPlayer.obj
 0001:00026650       ??1KPlayerAI@@QAE@XZ       10027650 f i KPlayer.obj
 0001:00026660       ??1KEquipmentArray@@QAE@XZ 10027660 f i KPlayer.obj
 0001:00026670       ??1KPlayerChat@@QAE@XZ     10027670 f i KPlayer.obj
 0001:000266e0       ??1CChatFriendTeam@@QAE@XZ 100276e0 f i KPlayer.obj
 0001:000266f0       ??1KPlayer@@QAE@XZ         100276f0 f   KPlayer.obj
 0001:000267a0       ?Release@KPlayer@@QAEXXZ   100277a0 f   KPlayer.obj
 0001:00026920       ?SetPlayerIndex@KPlayer@@QAEXH@Z 10027920 f   KPlayer.obj
 0001:00026940       ?GetPlayerIndex@KPlayer@@QAEHXZ 10027940 f   KPlayer.obj
 0001:00026950       ?Active@KPlayer@@QAEXXZ    10027950 f   KPlayer.obj
 0001:00026a70       ?ProcessMsg@KPlayer@@QAEXPAVKWorldMsgNode@@@Z 10027a70 f   KPlayer.obj
 0001:00026a80       ?ProcessInputMsg@KPlayer@@QAEXIIJ@Z 10027a80 f   KPlayer.obj
 0001:00026bf0       ?OnButtonDown@KPlayer@@AAEXHHHW4MOUSE_BUTTON@@@Z 10027bf0 f   KPlayer.obj
 0001:00026c40       ?OnButtonMove@KPlayer@@AAEXHHHW4MOUSE_BUTTON@@@Z 10027c40 f   KPlayer.obj
 0001:00026c70       ?OnButtonUp@KPlayer@@AAEXHHW4MOUSE_BUTTON@@@Z 10027c70 f   KPlayer.obj
 0001:00026c80       ?OnMouseMove@KPlayer@@AAEXHH@Z 10027c80 f   KPlayer.obj
 0001:00026de0       ?ProcessMouse@KPlayer@@AAEXHHHW4MOUSE_BUTTON@@@Z 10027de0 f   KPlayer.obj
 0001:00027380       ?Walk@KPlayer@@QAEXHH@Z    10028380 f   KPlayer.obj
 0001:00027520       ?TurnLeft@KPlayer@@QAEXXZ  10028520 f   KPlayer.obj
 0001:00027570       ?TurnRight@KPlayer@@QAEXXZ 10028570 f   KPlayer.obj
 0001:000275c0       ?TurnBack@KPlayer@@QAEXXZ  100285c0 f   KPlayer.obj
 0001:00027610       ?FindSelectNpc@KPlayer@@QAEXHHH@Z 10028610 f   KPlayer.obj
 0001:00027690       ?FindSelectObject@KPlayer@@QAEXHH@Z 10028690 f   KPlayer.obj
 0001:000276c0       ?NetCommandPlayerTalk@KPlayer@@AAEHPAE@Z 100286c0 f   KPlayer.obj
 0001:000276d0       ?ConformIdx@KPlayer@@QAEHH@Z 100286d0 f   KPlayer.obj
 0001:000276f0       ?ResetBaseAttribute@KPlayer@@QAEXD@Z 100286f0 f   KPlayer.obj
 0001:000279d0       ?CalcCurLucky@KPlayer@@AAEXXZ 100289d0 f   KPlayer.obj
 0001:000279e0       ?ChangeCurStrength@KPlayer@@QAEXH@Z 100289e0 f   KPlayer.obj
 0001:00027a00       ?ChangeCurDexterity@KPlayer@@QAEXH@Z 10028a00 f   KPlayer.obj
 0001:00027a80       ?ChangeCurVitality@KPlayer@@QAEXH@Z 10028a80 f   KPlayer.obj
 0001:00027b50       ?ChangeCurEngergy@KPlayer@@QAEXH@Z 10028b50 f   KPlayer.obj
 0001:00027bd0       ?AddBaseLucky@KPlayer@@QAEXH@Z 10028bd0 f   KPlayer.obj
 0001:00027bf0       ?SetNpcPhysicsDamage@KPlayer@@AAEXXZ 10028bf0 f   KPlayer.obj
 0001:00027d10       ?SetNpcAttackRating@KPlayer@@AAEXXZ 10028d10 f   KPlayer.obj
 0001:00027d50       ?SetNpcDefence@KPlayer@@AAEXXZ 10028d50 f   KPlayer.obj
 0001:00027d90       ?AddExp@KPlayer@@QAEXMHH@Z 10028d90 f   KPlayer.obj
 0001:00027db0       ?AddSelfExp@KPlayer@@QAEXHH@Z 10028db0 f   KPlayer.obj
 0001:00027eb0       ?DirectAddExp@KPlayer@@QAEXH@Z 10028eb0 f   KPlayer.obj
 0001:00027f10       ?LevelUp@KPlayer@@QAEXXZ   10028f10 f   KPlayer.obj
 0001:00028460       ?UpdataCurData@KPlayer@@QAEXXZ 10029460 f   KPlayer.obj
 0001:00028fd0       ?ReCalcEquip@KPlayer@@QAEXXZ 10029fd0 f   KPlayer.obj
 0001:00029070       ?ReCalcState@KPlayer@@QAEXXZ 1002a070 f   KPlayer.obj
 0001:000290a0       ?AddLeadExp@KPlayer@@QAEXH@Z 1002a0a0 f   KPlayer.obj
 0001:00029130       ?LevelAddBaseLifeMax@KPlayer@@AAEXXZ 1002a130 f   KPlayer.obj
 0001:000291b0       ?LevelAddBaseStaminaMax@KPlayer@@AAEXXZ 1002a1b0 f   KPlayer.obj
 0001:00029240       ?LevelAddBaseManaMax@KPlayer@@AAEXXZ 1002a240 f   KPlayer.obj
 0001:000292c0       ?ChangePlayerCamp@KPlayer@@QAEXH@Z 1002a2c0 f   KPlayer.obj
 0001:000292f0       ?ApplyTeamInfo@KPlayer@@QAEXK@Z 1002a2f0 f   KPlayer.obj
 0001:00029340       ?ApplySelfTeamInfo@KPlayer@@QAEXXZ 1002a340 f   KPlayer.obj
 0001:00029370       ?ApplyCreateTeam@KPlayer@@QAEHXZ 1002a370 f   KPlayer.obj
 0001:00029380       ?ApplyTeamOpenClose@KPlayer@@QAEHH@Z 1002a380 f   KPlayer.obj
 0001:00029470       ?ApplyAddTeam@KPlayer@@QAEXH@Z 1002a470 f   KPlayer.obj
 0001:000295d0       ?AcceptTeamMember@KPlayer@@QAEXK@Z 1002a5d0 f   KPlayer.obj
 0001:00029680       ?TeamDropApplyOne@KPlayer@@QAEXK@Z 1002a680 f   KPlayer.obj
 0001:000296d0       ?LeaveTeam@KPlayer@@QAEXXZ 1002a6d0 f   KPlayer.obj
 0001:00029710       ?TeamKickMember@KPlayer@@QAEXK@Z 1002a710 f   KPlayer.obj
 0001:00029770       ?ApplyTeamChangeCaptain@KPlayer@@QAEXK@Z 1002a770 f   KPlayer.obj
 0001:000297d0       ?ApplyTeamDismiss@KPlayer@@QAEXXZ 1002a7d0 f   KPlayer.obj
 0001:00029830       ?ApplySetPK@KPlayer@@QAEXH@Z 1002a830 f   KPlayer.obj
 0001:00029880       ?ApplyFactionData@KPlayer@@QAEXXZ 1002a880 f   KPlayer.obj
 0001:000298c0       ?SendChat@KPlayer@@QAEXPAUKUiMsgParam@@PAD@Z 1002a8c0 f   KPlayer.obj
 0001:00029950       ?ApplyAddBaseAttribute@KPlayer@@QAEXHH@Z 1002a950 f   KPlayer.obj
 0001:000299c0       ?ApplyAddSkillLevel@KPlayer@@QAEHHH@Z 1002a9c0 f   KPlayer.obj
 0001:00029a90       ?ApplyUseItem@KPlayer@@QAEHHUItemPos@@@Z 1002aa90 f   KPlayer.obj
 0001:00029da0       ?PickUpObj@KPlayer@@QAEXH@Z 1002ada0 f   KPlayer.obj
 0001:00029f30       ?ObjMouseClick@KPlayer@@QAEXH@Z 1002af30 f   KPlayer.obj
 0001:00029fc0       ?MoveItem@KPlayer@@QAEXUItemPos@@0@Z 1002afc0 f   KPlayer.obj
 0001:0002a280       ?ThrowAwayItem@KPlayer@@QAEHXZ 1002b280 f   KPlayer.obj
 0001:0002a4f0       ?AutoThrowAwayItem@KPlayer@@QAEHH@Z 1002b4f0 f   KPlayer.obj
 0001:0002a660       ?ChatAddFriend@KPlayer@@QAEXH@Z 1002b660 f   KPlayer.obj
 0001:0002a6b0       ?ChatRefuseFriend@KPlayer@@QAEXH@Z 1002b6b0 f   KPlayer.obj
 0001:0002a700       ?TradeApplyOpen@KPlayer@@QAEXPADH@Z 1002b700 f   KPlayer.obj
 0001:0002a790       ?TradeApplyClose@KPlayer@@QAEXXZ 1002b790 f   KPlayer.obj
 0001:0002a7e0       ?TradeApplyStart@KPlayer@@QAEXH@Z 1002b7e0 f   KPlayer.obj
 0001:0002a8e0       ?TradeMoveMoney@KPlayer@@QAEHH@Z 1002b8e0 f   KPlayer.obj
 0001:0002a980       ?TradeDecision@KPlayer@@QAEXH@Z 1002b980 f   KPlayer.obj
 0001:0002aa20       ?TradeApplyLock@KPlayer@@QAEXH@Z 1002ba20 f   KPlayer.obj
 0001:0002aaa0       ?s2cApplyAddTeam@KPlayer@@QAEXPAE@Z 1002baa0 f   KPlayer.obj
 0001:0002acf0       ?TaskGetSaveVal@KPlayer@@QAEHH@Z 1002bcf0 f   KPlayer.obj
 0001:0002ad10       ?TaskSetSaveVal@KPlayer@@QAEXHH@Z 1002bd10 f   KPlayer.obj
 0001:0002add0       ?TaskGetClearVal@KPlayer@@QAEHH@Z 1002bdd0 f   KPlayer.obj
 0001:0002adf0       ?TaskSetClearVal@KPlayer@@QAEXHH@Z 1002bdf0 f   KPlayer.obj
 0001:0002ae10       ?CheckRideHorse@KPlayer@@QAEXH@Z 1002be10 f   KPlayer.obj
 0001:0002aef0       ?SetLevel@KPlayer@@QAEXE@Z 1002bef0 f   KPlayer.obj
 0001:0002b6e0       ?RefeshPlayer@KPlayer@@QAEX_N@Z 1002c6e0 f   KPlayer.obj
 0001:0002b750       ?AddAllSkillPoint@KPlayer@@QAEXH@Z 1002c750 f   KPlayer.obj
 0001:0002b7b0       ?AddSkillPoint@KPlayer@@QAEXHH@Z 1002c7b0 f   KPlayer.obj
 0001:0002b910       ?UpdateSkillPointAdd@KPlayer@@QAEXXZ 1002c910 f   KPlayer.obj
 0001:0002b960       ?SetDefaultImmedSkill@KPlayer@@QAEXXZ 1002c960 f   KPlayer.obj
 0001:0002ba00       ?SetLeftSkill@KPlayer@@QAEXH@Z 1002ca00 f   KPlayer.obj
 0001:0002ba60       ?SetRightSkill@KPlayer@@QAEXH@Z 1002ca60 f   KPlayer.obj
 0001:0002bb50       ?UpdateWeaponSkill@KPlayer@@QAEXXZ 1002cb50 f   KPlayer.obj
 0001:0002bc50       ?SetChatCurChannel@KPlayer@@QAEXH@Z 1002cc50 f   KPlayer.obj
 0001:0002bc70       ?TeamInviteAdd@KPlayer@@QAEXK@Z 1002cc70 f   KPlayer.obj
 0001:0002bc90       ?ExecuteScript@KPlayer@@QAEHPAD0H@Z 1002cc90 f   KPlayer.obj
 0001:0002bcd0       ?ExecuteScript@KPlayer@@QAEHKPADH@Z 1002ccd0 f   KPlayer.obj
 0001:0002beb0       ?ExecuteScript@KPlayer@@QAEHKPAD0@Z 1002ceb0 f   KPlayer.obj
 0001:0002c080       ?ExecuteScript@KPlayer@@QAEHPAD00@Z 1002d080 f   KPlayer.obj
 0001:0002c0d0       ?ExecuteScript2@KPlayer@@QAEHPAD0HHH@Z 1002d0d0 f   KPlayer.obj
 0001:0002c120       ?ExecuteScript2@KPlayer@@QAEHKPADHHH@Z 1002d120 f   KPlayer.obj
 0001:0002c320       ?ExecuteScript2@KPlayer@@QAEHPAD0H0H@Z 1002d320 f   KPlayer.obj
 0001:0002c370       ?ExecuteScript2@KPlayer@@QAEHKPADH0H@Z 1002d370 f   KPlayer.obj
 0001:0002c570       ?DoScriptAction@KPlayer@@QAEXPAUPLAYER_SCRIPTACTION_SYNC@@@Z 1002d570 f   KPlayer.obj
 0001:0002c590       ?ProcessPlayerSelectFromUI@KPlayer@@QAEXPAE@Z 1002d590 f   KPlayer.obj
 0001:0002c6e0       ?OnSelectFromUI@KPlayer@@QAEXPAUPLAYER_SELECTUI_COMMAND@@W4UIInfo@@@Z 1002d6e0 f   KPlayer.obj
 0001:0002c880       ?ChatFriendOnLine@KPlayer@@QAEXKH@Z 1002d880 f   KPlayer.obj
 0001:0002c990       ?GetFactionName@KPlayer@@QAEXPADH@Z 1002d990 f   KPlayer.obj
 0001:0002c9b0       ?OnScriptAction@KPlayer@@QAEXPAUPLAYER_SCRIPTACTION_SYNC@@@Z 1002d9b0 f   KPlayer.obj
 0001:0002d820       ??_EKLuaScript@@UAEPAXI@Z  1002e820 f i KPlayer.obj
 0001:0002d820       ??_GKLuaScript@@UAEPAXI@Z  1002e820 f i KPlayer.obj
 0001:0002d840       ?s2cTradeChangeState@KPlayer@@QAEXPAE@Z 1002e840 f   KPlayer.obj
 0001:0002db50       ?s2cLevelUp@KPlayer@@QAEXPAE@Z 1002eb50 f   KPlayer.obj
 0001:0002e390       ?s2cGetCurAttribute@KPlayer@@QAEXPAE@Z 1002f390 f   KPlayer.obj
 0001:0002e860       ?s2cSetExp@KPlayer@@QAEXH@Z 1002f860 f   KPlayer.obj
 0001:0002e920       ?s2cSyncMoney@KPlayer@@QAEXPAE@Z 1002f920 f   KPlayer.obj
 0001:0002ea10       ?s2cTradeApplyStart@KPlayer@@QAEXPAE@Z 1002fa10 f   KPlayer.obj
 0001:0002eaf0       ?s2cTradeMoneySync@KPlayer@@QAEXPAE@Z 1002faf0 f   KPlayer.obj
 0001:0002eb30       ?s2cTradeDecision@KPlayer@@QAEXPAE@Z 1002fb30 f   KPlayer.obj
 0001:0002ecc0       ?GetRightSkillID@KPlayer@@QBEHXZ 1002fcc0 f   KPlayer.obj
 0001:0002ecd0       ?GetRightSkillLevel@KPlayer@@QBEHXZ 1002fcd0 f   KPlayer.obj
 0001:0002ece0       ?ForceReapplyRightAura@KPlayer@@QAEXXZ 1002fce0 f   KPlayer.obj
 0001:0002ed50       ?SyncCurPlayer@KPlayer@@QAEXPAE@Z 1002fd50 f   KPlayer.obj
 0001:0002f2f0       ?CheckTrading@KPlayer@@QAEHXZ 100302f0 f   KPlayer.obj
 0001:0002f300       ?SetFirstDamage@KPlayer@@QAEXXZ 10030300 f   KPlayer.obj
 0001:0002f860       ?SetBaseAttackRating@KPlayer@@QAEXXZ 10030860 f   KPlayer.obj
 0001:0002f890       ?SetBaseDefence@KPlayer@@QAEXXZ 10030890 f   KPlayer.obj
 0001:0002f8c0       ?SetBaseResistData@KPlayer@@QAEXXZ 100308c0 f   KPlayer.obj
 0001:0002fb20       ?SetBaseSpeedAndRadius@KPlayer@@QAEXXZ 10030b20 f   KPlayer.obj
 0001:0002fc00       ?DialogNpc@KPlayer@@QAEXH@Z 10030c00 f   KPlayer.obj
 0001:0002fca0       ?CheckObject@KPlayer@@QAEXH@Z 10030ca0 f   KPlayer.obj
 0001:0002fd50       ?ShopApplyOpen@KPlayer@@QAEHXZ 10030d50 f   KPlayer.obj
 0001:0002fee0       ?ShopApplyClose@KPlayer@@QAEHXZ 10030ee0 f   KPlayer.obj
 0001:0002ff80       ?DrawSelectInfo@KPlayer@@QAEXXZ 10030f80 f   KPlayer.obj
 0001:00030100       ?GetEchoDamage@KPlayer@@QAEXPAH00H@Z 10031100 f   KPlayer.obj
 0001:00030a40       ?SetNpcDamageAttrib@KPlayer@@QAEXXZ 10031a40 f   KPlayer.obj
 0001:00030a50       ?SetBronzeCoin@KPlayer@@QAEXH@Z 10031a50 f   KPlayer.obj
 0001:00030a60       ?GetBronzeCoin@KPlayer@@QAEHXZ 10031a60 f   KPlayer.obj
 0001:00030a70       ?SetLockBronzeCoin@KPlayer@@QAEXH@Z 10031a70 f   KPlayer.obj
 0001:00030a80       ?GetLockBronzeCoin@KPlayer@@QAEHXZ 10031a80 f   KPlayer.obj
 0001:00030a90       ?HideMask@KPlayer@@QAEXH@Z 10031a90 f   KPlayer.obj
 0001:00030b50       ?SetExpAddNo@KPlayer@@AAEXH@Z 10031b50 f   KPlayer.obj
 0001:00030b90       ?ClientSystemMsg@KPlayer@@QAEXPBD0@Z 10031b90 f   KPlayer.obj
 0001:00030bd0       ?SetAutoFlag@KPlayer@@QAEXH@Z 10031bd0 f   KPlayer.obj
 0001:00030be0       ?SetStoreBoxNum@KPlayer@@QAEXE@Z 10031be0 f   KPlayer.obj
 0001:00030c00       ?SetExpandBoxNum@KPlayer@@QAEXE@Z 10031c00 f   KPlayer.obj
 0001:00030c20       ?FindSame@KEquipmentArray@@QAEHH@Z 10031c20 f   KPlayerAI.obj
 0001:00030c40       ?Init@KPlayerAI@@QAEXXZ    10031c40 f   KPlayerAI.obj
 0001:00030c50       ?Release@KPlayerAI@@QAEXXZ 10031c50 f   KPlayerAI.obj
 0001:00030f70       ?ResetAuto@KPlayerAI@@QAEXXZ 10031f70 f   KPlayerAI.obj
 0001:00031020       ?SendAroundAuto@KPlayerAI@@QAEXH@Z 10032020 f   KPlayerAI.obj
 0001:00031110       ?Active@KPlayerAI@@QAEXXZ  10032110 f   KPlayerAI.obj
 0001:00031970       ?FindNearNpc2Array@KPlayerAI@@QAEHH@Z 10032970 f   KPlayerAI.obj
 0001:00031a60       ?AutoAddNpc2Array@KPlayerAI@@QAEHH@Z 10032a60 f   KPlayerAI.obj
 0001:000323d0       ?PlayerFollowActack@KPlayerAI@@QAEXH@Z 100333d0 f   KPlayerAI.obj
 0001:00032ca0       ?AutoReturn@KPlayerAI@@QAEHXZ 10033ca0 f   KPlayerAI.obj
 0001:00032df0       ?PlayerMoveMps@KPlayerAI@@QAEHXZ 10033df0 f   KPlayerAI.obj
 0001:00033000       ?MoveTo@KPlayerAI@@QAEXHH@Z 10034000 f   KPlayerAI.obj
 0001:00033140       ?IsNotValidNpc@KPlayerAI@@QAEHH@Z 10034140 f   KPlayerAI.obj
 0001:000332d0       ?DefensePlayer@KPlayerAI@@QAEHH@Z 100342d0 f   KPlayerAI.obj
 0001:000333f0       ?CheckPlayerRider@KPlayerAI@@QAEXXZ 100343f0 f   KPlayerAI.obj
 0001:00033490       ?AutoBuffSkillState@KPlayerAI@@QAEHXZ 10034490 f   KPlayerAI.obj
 0001:00033640       ?AutoBuffEmi@KPlayerAI@@QAEHXZ 10034640 f   KPlayerAI.obj
 0001:00033a00       ?PlayerSwitchAura@KPlayerAI@@QAEXXZ 10034a00 f   KPlayerAI.obj
 0001:00033a80       ?PlayerBuffWhenManaSmall@KPlayerAI@@QAEXXZ 10034a80 f   KPlayerAI.obj
 0001:00033b40       ?PlayerActiveFightHand@KPlayerAI@@QAEXXZ 10034b40 f   KPlayerAI.obj
 0001:00033c10       ?InviteParty@KPlayerAI@@QAEXXZ 10034c10 f   KPlayerAI.obj
 0001:00033d30       ?CheckPTList@KPlayerAI@@QAEHPBD@Z 10034d30 f   KPlayerAI.obj
 0001:00033da0       ?IsRAPEquip@KPlayerAI@@QAEHH@Z 10034da0 f   KPlayerAI.obj
 0001:00033dc0       ?IsEquipSatisfyCondition@KPlayerAI@@QAEHH@Z 10034dc0 f   KPlayerAI.obj
 0001:00033e30       ?PlayerFilterEquip@KPlayerAI@@QAEXXZ 10034e30 f   KPlayerAI.obj
 0001:00034180       ?FindObjectNearPlayer@KPlayerAI@@QAEHXZ 10035180 f   KPlayerAI.obj
 0001:000346a0       ?FindNearObject2Array@KPlayerAI@@QAEHXZ 100356a0 f   KPlayerAI.obj
 0001:000348b0       ?IsNotValidObject@KPlayerAI@@QAEHH@Z 100358b0 f   KPlayerAI.obj
 0001:000349b0       ?PlayerFollowObject@KPlayerAI@@QAEHH@Z 100359b0 f   KPlayerAI.obj
 0001:00034b90       ?PlayerEatAItem@KPlayerAI@@QAEHXZ 10035b90 f   KPlayerAI.obj
 0001:00035110       ?PlayerUseItem@KPlayerAI@@QAEHH@Z 10036110 f   KPlayerAI.obj
 0001:00035570       ?EatFullBox@KPlayerAI@@QAEXXZ 10036570 f   KPlayerAI.obj
 0001:00035670       ?RepairEquip@KPlayerAI@@QAEHXZ 10036670 f   KPlayerAI.obj
 0001:00035810       ?SaveMoney@KPlayerAI@@QAEHXZ 10036810 f   KPlayerAI.obj
 0001:00035880       ?BackToMap@KPlayerAI@@QAEXXZ 10036880 f   KPlayerAI.obj
 0001:00035ab0       ?BackMapTrain@KPlayerAI@@QAEXXZ 10036ab0 f   KPlayerAI.obj
 0001:00035d40       ?MoveItemToBox@KPlayerAI@@QAEXXZ 10036d40 f   KPlayerAI.obj
 0001:00036190       ?PaintActionAuto@KPlayerAI@@QAEXHHHH@Z 10037190 f   KPlayerAI.obj
 0001:000361d0       ?Release@KPlayerChat@@QAEXXZ 100371d0 f   KPlayerChat.obj
 0001:000362a0       ?CheckExist@KPlayerChat@@QAEHK@Z 100372a0 f   KPlayerChat.obj
 0001:00036300       ?CheckExist@KPlayerChat@@QAEHPAD@Z 10037300 f   KPlayerChat.obj
 0001:000363a0       ?GetFriendNode@KPlayerChat@@QAEPAVCChatFriend@@K@Z 100373a0 f   KPlayerChat.obj
 0001:000363f0       ?GetTeamNo@KPlayerChat@@QAEHK@Z 100373f0 f   KPlayerChat.obj
 0001:00036450       ?GetName@KPlayerChat@@QAEHKPAD@Z 10037450 f   KPlayerChat.obj
 0001:000364c0       ?SetCurChannel@KPlayerChat@@QAEXHKH@Z 100374c0 f   KPlayerChat.obj
 0001:00036540       ?AddChannel@KPlayerChat@@QAEXH@Z 10037540 f   KPlayerChat.obj
 0001:000365c0       ?SubChannel@KPlayerChat@@QAEXH@Z 100375c0 f   KPlayerChat.obj
 0001:00036630       ?SendTakeChannel@KPlayerChat@@QAEXXZ 10037630 f   KPlayerChat.obj
 0001:00036680       ?SendSentence@KPlayerChat@@QAEXPAUKUiMsgParam@@PAD@Z 10037680 f   KPlayerChat.obj
 0001:00036840       ?QQSendSentence@KPlayerChat@@QAEXKHPAUKUiMsgParam@@PAD@Z 10037840 f   KPlayerChat.obj
 0001:000369b0       ?SetTakeChannel@KPlayerChat@@QAEXK@Z 100379b0 f   KPlayerChat.obj
 0001:000369e0       ?GetChat@KPlayerChat@@QAEXPAUPLAYER_SEND_CHAT_DATA_SYNC@@@Z 100379e0 f   KPlayerChat.obj
 0001:00036f20       ?ApplyAddFriend@KPlayerChat@@QAEXKPAD@Z 10037f20 f   KPlayerChat.obj
 0001:00037080       ?GetApplyOneInfo@KPlayerChat@@QAEHPAHPAD1@Z 10038080 f   KPlayerChat.obj
 0001:00037130       ?SaveTeamInfo@KPlayerChat@@QAEXPAD@Z 10038130 f   KPlayerChat.obj
 0001:00037300       ?SaveTakeChannelInfo@KPlayerChat@@QAEXPAD@Z 10038300 f   KPlayerChat.obj
 0001:00037400       ?LoadTakeChannelInfo@KPlayerChat@@QAEXPAD@Z 10038400 f   KPlayerChat.obj
 0001:00037560       ?CheckTeamNo@KPlayerChat@@QAEHPAD0@Z 10038560 f   KPlayerChat.obj
 0001:00037850       ?LoadTeamName@KPlayerChat@@QAEXPAD@Z 10038850 f   KPlayerChat.obj
 0001:00037a20       ?AddOne@KPlayerChat@@QAEXKHPADH@Z 10038a20 f   KPlayerChat.obj
 0001:00037b00       ??_GCChatFriend@@UAEPAXI@Z 10038b00 f i KPlayerChat.obj
 0001:00037b00       ??_ECChatFriend@@UAEPAXI@Z 10038b00 f i KPlayerChat.obj
 0001:00037b20       ??1CChatFriend@@UAE@XZ     10038b20 f i KPlayerChat.obj
 0001:00037b30       ?CheckIsFriend@KPlayerChat@@QAEHH@Z 10038b30 f   KPlayerChat.obj
 0001:00037b90       ?AddTeam@KPlayerChat@@QAEHPAD0@Z 10038b90 f   KPlayerChat.obj
 0001:00037d40       ?RenameTeam@KPlayerChat@@QAEHHPAD0@Z 10038d40 f   KPlayerChat.obj
 0001:00037ec0       ?DeleteTeam@KPlayerChat@@QAEHHPAD@Z 10038ec0 f   KPlayerChat.obj
 0001:00038020       ?OneFriendChangeTeam@KPlayerChat@@QAEHKHH@Z 10039020 f   KPlayerChat.obj
 0001:00038120       ?GetMsgOffLine@KPlayerChat@@QAEXK@Z 10039120 f   KPlayerChat.obj
 0001:00038210       ?CheckTakeChannel@KPlayerChat@@QAEHH@Z 10039210 f   KPlayerChat.obj
 0001:00038240       ?ApplyDeleteFriend@KPlayerChat@@QAEXKHPAD@Z 10039240 f   KPlayerChat.obj
 0001:00038360       ?CheckTalkChannel@KPlayerChat@@QAEHH@Z 10039360 f   KPlayerChat.obj
 0001:00038390       ?SendSelectChannelList@KPlayerChat@@QAEHPAUKUiChatChannel@@H@Z 10039390 f   KPlayerChat.obj
 0001:00038560       ?SendTakeChannelList@KPlayerChat@@QAEHPAUKUiChatChannel@@H@Z 10039560 f   KPlayerChat.obj
 0001:000386e0       ?GetCurChannel@KPlayerChat@@QAEHPAUKUiChatChannel@@@Z 100396e0 f   KPlayerChat.obj
 0001:000387f0       ?IGetTeamInfo@KPlayerChat@@QAEHHPAUKUiChatGroupInfo@@@Z 100397f0 f   KPlayerChat.obj
 0001:00038870       ?IGetTeamFriendInfo@KPlayerChat@@QAEHHPAUKUiPlayerItem@@@Z 10039870 f   KPlayerChat.obj
 0001:00038940       ??0CChatFriendTeam@@QAE@XZ 10039940 f   KPlayerChat.obj
 0001:00038990       ?Release@CChatFriendTeam@@QAEXXZ 10039990 f   KPlayerChat.obj
 0001:00038a00       ?SetTime@KCHAT_RECORDER@@AAEXXZ 10039a00 f   KPlayerChat.obj
 0001:00038a80       ?SaveSentenceSingle@KCHAT_RECORDER@@QAEXPAD000@Z 10039a80 f   KPlayerChat.obj
 0001:00038a90       ?SaveSentenceChannel@KCHAT_RECORDER@@QAEXPAD00@Z 10039a90 f   KPlayerChat.obj
 0001:00038aa0       ??0KPlayerFaction@@QAE@XZ  10039aa0 f   KPlayerFaction.obj
 0001:00038ab0       ?Release@KPlayerFaction@@QAEXXZ 10039ab0 f   KPlayerFaction.obj
 0001:00038ad0       ?SetSeries@KPlayerFaction@@QAEXH@Z 10039ad0 f   KPlayerFaction.obj
 0001:00038ae0       ?AddFaction@KPlayerFaction@@QAEHHPAD@Z 10039ae0 f   KPlayerFaction.obj
 0001:00038b20       ?AddFaction@KPlayerFaction@@QAEHHH@Z 10039b20 f   KPlayerFaction.obj
 0001:00038b80       ?LeaveFaction@KPlayerFaction@@QAEXXZ 10039b80 f   KPlayerFaction.obj
 0001:00038b90       ?OpenCurSkillLevel@KPlayerFaction@@QAEHHPAVKSkillList@@@Z 10039b90 f   KPlayerFaction.obj
 0001:00038ba0       ?GetGurFactionCamp@KPlayerFaction@@QAEHXZ 10039ba0 f   KPlayerFaction.obj
 0001:00038be0       ?GetCurFactionNo@KPlayerFaction@@QAEHXZ 10039be0 f   KPlayerFaction.obj
 0001:00038bf0       ?GetCurFactionName@KPlayerFaction@@QAEXPAD@Z 10039bf0 f   KPlayerFaction.obj
 0001:00038c50       ??0KPlayerMenuState@@QAE@XZ 10039c50 f   KPlayerMenuState.obj
 0001:00038c60       ?Release@KPlayerMenuState@@QAEXXZ 10039c60 f   KPlayerMenuState.obj
 0001:00038c90       ?SetState@KPlayerMenuState@@QAEXH@Z 10039c90 f   KPlayerMenuState.obj
 0001:00038cb0       ?Init@KPlayerMenuStateGraph@@QAEHXZ 10039cb0 f   KPlayerMenuState.obj
 0001:00038d70       ?GetStateSpr@KPlayerMenuStateGraph@@QAEXHPAD@Z 10039d70 f   KPlayerMenuState.obj
 0001:00038db0       ?Init@KPlayerPK@@QAEXXZ    10039db0 f   KPlayerPK.obj
 0001:00038dd0       ?Active@KPlayerPK@@QAEXXZ  10039dd0 f   KPlayerPK.obj
 0001:00038de0       ?SetNormalPKState@KPlayerPK@@QAEXEH@Z 10039de0 f   KPlayerPK.obj
 0001:00038ea0       ?ApplySetNormalPKState@KPlayerPK@@QAEXE@Z 10039ea0 f   KPlayerPK.obj
 0001:00038ef0       ?GetNormalPKState@KPlayerPK@@QAEEXZ 10039ef0 f   KPlayerPK.obj
 0001:00038f00       ?ApplyEnmityPK@KPlayerPK@@QAEXPAD@Z 10039f00 f   KPlayerPK.obj
 0001:00038f50       ?ApplyEnmityPK@KPlayerPK@@QAEXH@Z 10039f50 f   KPlayerPK.obj
 0001:00039160       ?SetEnmityPKState@KPlayerPK@@QAEXHHPAD@Z 1003a160 f   KPlayerPK.obj
[...]
 0003:01ce9a80       ?g_bPingReply@@3HA         11d72a80     KCore.obj
 0003:01ce9a84       ?g_pClient@@3PAUIClient@@A 11d72a84     KCore.obj
 0003:01ce9a88       ?g_TitleTabSetting@@3VKTabFile@@A 11d72a88     KCore.obj
 0003:01ce9aa8       ?g_MapTrafficSetting@@3VKIniFile@@A 11d72aa8     KCore.obj
 0003:01ce9b08       ?g_StateIniSetting@@3VKIniFile@@A 11d72b08     KCore.obj
 0003:01ce9b68       ?g_RankTabSetting@@3VKTabFile@@A 11d72b68     KCore.obj
 0003:01ce9b88       ?g_ClientWeaponSkillTabFile@@3VKTabFile@@A 11d72b88     KCore.obj
 0003:01ce9ba8       ?g_pAdjustColorTab@@3PAIA  11d72ba8     KCore.obj
 0003:01ce9bac       ?g_ulAdjustColorCount@@3IA 11d72bac     KCore.obj
 0003:01ce9bb0       ?g_bUISelIntelActiveWithServer@@3HA 11d72bb0     KCore.obj
 0003:01ce9bb4       ?g_bUISpeakActiveWithServer@@3HA 11d72bb4     KCore.obj
 0003:01ce9bb8       ?g_bUISelLastSelCount@@3HA 11d72bb8     KCore.obj
 0003:01ce9bbc       ?g_pMusic@@3PAVKMusic@@A   11d72bbc     KCore.obj
 0003:01ce9bc0       ?g_pNpcLevelScript@@3PAVKLuaScript@@A 11d72bc0     KCore.obj
 0003:01ce9bc8       ?SubWorld@@3PAVKSubWorld@@A 11d72bc8     KSubWorld.obj
 0003:01ce9cc8       ?nActiveRegionCount@@3HA   11d72cc8     KSubWorldSet.obj
 0003:01ce9cd0       ?g_SubWorldSet@@3VKSubWorldSet@@A 11d72cd0     KSubWorldSet.obj
 0003:01cf5dd8       ?g_nConquerSeries@@3PAHA   11d7edd8     KMath.obj
 0003:01cf5dec       ?g_nAccrueSeries@@3PAHA    11d7edec     KMath.obj
 0003:01cf5e00       ?g_ProtocolProcess@@3VKProtocolProcess@@A 11d7ee00     KProtocolProcess.obj
 0003:01cf61f8       ?g_TempValue@@3PAHA        11d7f1f8     ScriptFuns.obj
 0003:01cf69c8       ?g_StoryScriptList@@3VKScriptList@@A 11d7f9c8     ScriptFuns.obj
 0003:01cf69e0       ?g_ScriptValueSet@@3VKScriptValueSet@@A 11d7f9e0     KScriptValueSet.obj
 0003:01cf6a14       ?g_pMainScript@@3PAVKLuaScript@@A 11d7fa14     KScriptValueSet.obj
 0003:01cf6a18       ?g_szCurScriptDir@@3PADA   11d7fa18     KSortScript.obj
 0003:01cf6b1c       ?nCurrentScriptNum@@3IA    11d7fb1c     KSortScript.obj
 0003:01cf6b20       ?g_ScriptBinTree@@3V?$BinSTree@VKSortScriptNode@@@@A 11d7fb20     KSortScript.obj
 0003:01cf6b30       ?g_ScriptSet@@3PAVKLuaScript@@A 11d7fb30     KSortScript.obj
 0003:01cf6ba8       ?l_pDataChangedNotifyFunc@@3PAUIClientCallback@@A 11d7fba8     CoreShell.obj
 0003:01cf6bb0       ?g_ScenePlace@@3VKScenePlaceC@@A 11d7fbb0     KScenePlaceC.obj
 0003:01d6407c       ?g_pRepresent@@3PAUiRepresentShell@@A 11ded07c     ImgRef.obj
 0003:01d64080       ?l_Time@@3IA               11ded080     ImgRef.obj
 0003:01d64088       ?g_MagicDesc@@3VKMagicDesc@@A 11ded088     KMagicDesc.obj
 0003:01d642e8       ?g_StringResourseTabFile@@3VKTabFile@@A 11ded2e8     KTaskFuns.obj
 0003:01d64308       ?Option@@3VKOption@@A      11ded308     KOption.obj
 0003:01d64318       ?Ladder@@3VKLadder@@A      11ded318     KLadder.obj
 0003:01d65d00       ?g_LoadFile@@3VZLoadFile@@A 11deed00     ZLoadFile.obj
 0003:01d66010       ?g_JXPathFinder@@3VKJXPathFinder@@A 11def010     KJXPathFinder.obj
 0003:01d6605c       __adjust_fdiv              11def05c     <common>
 0003:01d66060       __pRawDllMain              11def060     <common>
 0003:01d66064       ___onexitend               11def064     <common>
 0003:01d66068       ___onexitbegin             11def068     <common>

 entry point at        0001:000768d3

 Static symbols

 0001:00073df0       _$E9                       10074df0 f   KJXPathFinder.obj
 0001:00073e00       _$E6                       10074e00 f   KJXPathFinder.obj
 0001:00073e10       _$E8                       10074e10 f   KJXPathFinder.obj
 0001:00073e20       _$E7                       10074e20 f   KJXPathFinder.obj
 0001:00073850       _$E28                      10074850 f   Kautoai.obj
 0001:00073860       _$E25                      10074860 f   Kautoai.obj
 0001:00073870       _$E27                      10074870 f   Kautoai.obj
 0001:00073880       _$E26                      10074880 f   Kautoai.obj
 0001:00073890       _$E34                      10074890 f   Kautoai.obj
 0001:000738a0       _$E31                      100748a0 f   Kautoai.obj
 0001:000738b0       _$E33                      100748b0 f   Kautoai.obj
 0001:000738c0       _$E32                      100748c0 f   Kautoai.obj
 0001:000731f0       _$E9                       100741f0 f   ZLoadFile.obj
 0001:00073200       _$E6                       10074200 f   ZLoadFile.obj
 0001:00073210       _$E8                       10074210 f   ZLoadFile.obj
 0001:00073220       _$E7                       10074220 f   ZLoadFile.obj
 0001:00073000       _$E9                       10074000 f   KLadder.obj
 0001:00073010       _$E6                       10074010 f   KLadder.obj
 0001:00073020       _$E8                       10074020 f   KLadder.obj
 0001:00073030       _$E7                       10074030 f   KLadder.obj
 0001:00072230       _$E32                      10073230 f   KTaskFuns.obj
 0001:00072240       _$E29                      10073240 f   KTaskFuns.obj
 0001:00072250       _$E31                      10073250 f   KTaskFuns.obj
 0001:00072260       _$E30                      10073260 f   KTaskFuns.obj
 0001:00071b40       _$E9                       10072b40 f   KMagicDesc.obj
 0001:00071b50       _$E6                       10072b50 f   KMagicDesc.obj
 0001:00071b60       _$E8                       10072b60 f   KMagicDesc.obj
 0001:00071b70       _$E7                       10072b70 f   KMagicDesc.obj
 0001:0006e900       _$E7                       1006f900 f   SceneMath.obj
 0001:0006e910       _$E6                       1006f910 f   SceneMath.obj
 0001:00068190       _$E13                      10069190 f   KScenePlaceC.obj
 0001:000681a0       _$E10                      100691a0 f   KScenePlaceC.obj
 0001:000681b0       _$E12                      100691b0 f   KScenePlaceC.obj
 0001:000681c0       _$E11                      100691c0 f   KScenePlaceC.obj
 0001:0005d5a0       _$E33                      1005e5a0 f   CoreShell.obj
 0001:0005d5b0       _$E32                      1005e5b0 f   CoreShell.obj
 0001:0005cbf0       _$E9                       1005dbf0 f   KSortScript.obj
 0001:0005cc00       _$E6                       1005dc00 f   KSortScript.obj
 0001:0005cc20       _$E8                       1005dc20 f   KSortScript.obj
 0001:0005cc30       _$E7                       1005dc30 f   KSortScript.obj
 0001:0005cc50       _$E14                      1005dc50 f   KSortScript.obj
 0001:0005cc60       _$E11                      1005dc60 f   KSortScript.obj
 0001:0005cc80       _$E13                      1005dc80 f   KSortScript.obj
 0001:0005cc90       _$E12                      1005dc90 f   KSortScript.obj
 0001:0005cd60       ?LoadAllScript@@YAKPAD@Z   1005dd60 f   KSortScript.obj
 0001:0005d0e0       ?LoadScriptToSortList@@YAHPAD@Z 1005e0e0 f   KSortScript.obj
 0001:0005d1b0       ?LoadScriptToSortListA@@YAHPAD@Z 1005e1b0 f   KSortScript.obj
 0001:0005c3a0       _$E9                       1005d3a0 f   KScriptValueSet.obj
 0001:0005c3b0       _$E6                       1005d3b0 f   KScriptValueSet.obj
 0001:0005c3c0       _$E8                       1005d3c0 f   KScriptValueSet.obj
 0001:0005c3d0       _$E7                       1005d3d0 f   KScriptValueSet.obj
 0001:0005a880       _$E32                      1005b880 f   ScriptFuns.obj
 0001:0005a890       _$E29                      1005b890 f   ScriptFuns.obj
 0001:0005a8a0       _$E31                      1005b8a0 f   ScriptFuns.obj
 0001:0005a8b0       _$E30                      1005b8b0 f   ScriptFuns.obj
 0001:000537c0       _$E35                      100547c0 f   KProtocolProcess.obj
 0001:000537d0       _$E32                      100547d0 f   KProtocolProcess.obj
 0001:000537e0       _$E34                      100547e0 f   KProtocolProcess.obj
 0001:000537f0       _$E33                      100547f0 f   KProtocolProcess.obj
 0001:00058b40       ?sParseUGName@@YAHABV?$basic_string@DU?$char_traits@D@std@@V?$allocator@D@2@@std@@PAV12@1@Z 10059b40 f   KProtocolProcess.obj
 0001:000511e0       _$E31                      100521e0 f   KSubWorldSet.obj
 0001:000511f0       _$E28                      100521f0 f   KSubWorldSet.obj
 0001:00051200       _$E30                      10052200 f   KSubWorldSet.obj
 0001:00051210       _$E29                      10052210 f   KSubWorldSet.obj
 0001:0004f320       _$E35                      10050320 f   KSubWorld.obj
 0001:0004f330       _$E32                      10050330 f   KSubWorld.obj
 0001:0004f350       _$E34                      10050350 f   KSubWorld.obj
 0001:0004f360       _$E33                      10050360 f   KSubWorld.obj
 0001:0004e670       _$E10                      1004f670 f   KCore.obj
 0001:0004e680       _$E7                       1004f680 f   KCore.obj
 0001:0004e690       _$E9                       1004f690 f   KCore.obj
 0001:0004e6a0       _$E8                       1004f6a0 f   KCore.obj
 0001:0004e6b0       _$E19                      1004f6b0 f   KCore.obj
 0001:0004e6c0       _$E16                      1004f6c0 f   KCore.obj
 0001:0004e6d0       _$E18                      1004f6d0 f   KCore.obj
 0001:0004e6e0       _$E17                      1004f6e0 f   KCore.obj
 0001:0004e6f0       _$E24                      1004f6f0 f   KCore.obj
 0001:0004e700       _$E21                      1004f700 f   KCore.obj
 0001:0004e710       _$E23                      1004f710 f   KCore.obj
 0001:0004e720       _$E22                      1004f720 f   KCore.obj
 0001:0004e730       _$E29                      1004f730 f   KCore.obj
 0001:0004e740       _$E26                      1004f740 f   KCore.obj
 0001:0004e750       _$E28                      1004f750 f   KCore.obj
 0001:0004e760       _$E27                      1004f760 f   KCore.obj
 0001:0004e770       _$E34                      1004f770 f   KCore.obj
 0001:0004e780       _$E31                      1004f780 f   KCore.obj
 0001:0004e790       _$E33                      1004f790 f   KCore.obj
 0001:0004e7a0       _$E32                      1004f7a0 f   KCore.obj
 0001:0004e7b0       _$E39                      1004f7b0 f   KCore.obj
 0001:0004e7c0       _$E36                      1004f7c0 f   KCore.obj
 0001:0004e7e0       _$E38                      1004f7e0 f   KCore.obj
 0001:0004e7f0       _$E37                      1004f7f0 f   KCore.obj
 0001:0004e810       _$E44                      1004f810 f   KCore.obj
 0001:0004e820       _$E41                      1004f820 f   KCore.obj
 0001:0004e830       _$E43                      1004f830 f   KCore.obj
 0001:0004e840       _$E42                      1004f840 f   KCore.obj
 0001:0004e850       _$E49                      1004f850 f   KCore.obj
 0001:0004e860       _$E46                      1004f860 f   KCore.obj
 0001:0004e870       _$E48                      1004f870 f   KCore.obj
 0001:0004e880       _$E47                      1004f880 f   KCore.obj
 0001:0004e890       _$E54                      1004f890 f   KCore.obj
 0001:0004e8a0       _$E51                      1004f8a0 f   KCore.obj
 0001:0004e8b0       _$E53                      1004f8b0 f   KCore.obj
 0001:0004e8c0       _$E52                      1004f8c0 f   KCore.obj
 0001:0004e8d0       _$E59                      1004f8d0 f   KCore.obj
 0001:0004e8e0       _$E56                      1004f8e0 f   KCore.obj
 0001:0004e8f0       _$E58                      1004f8f0 f   KCore.obj
 0001:0004e900       _$E57                      1004f900 f   KCore.obj
 0001:0004e910       _$E64                      1004f910 f   KCore.obj
 0001:0004e920       _$E61                      1004f920 f   KCore.obj
 0001:0004e930       _$E63                      1004f930 f   KCore.obj
 0001:0004e940       _$E62                      1004f940 f   KCore.obj
 0001:0004e950       _$E69                      1004f950 f   KCore.obj
 0001:0004e960       _$E66                      1004f960 f   KCore.obj
 0001:0004e970       _$E68                      1004f970 f   KCore.obj
 0001:0004e980       _$E67                      1004f980 f   KCore.obj
 0001:0004e990       _$E74                      1004f990 f   KCore.obj
 0001:0004e9a0       _$E71                      1004f9a0 f   KCore.obj
 0001:0004e9b0       _$E73                      1004f9b0 f   KCore.obj
 0001:0004e9c0       _$E72                      1004f9c0 f   KCore.obj
 0001:0004e9d0       _$E79                      1004f9d0 f   KCore.obj
 0001:0004e9e0       _$E76                      1004f9e0 f   KCore.obj
 0001:0004e9f0       _$E78                      1004f9f0 f   KCore.obj
 0001:0004ea00       _$E77                      1004fa00 f   KCore.obj
 0001:0004ea10       _$E84                      1004fa10 f   KCore.obj
 0001:0004ea20       _$E81                      1004fa20 f   KCore.obj
 0001:0004ea30       _$E83                      1004fa30 f   KCore.obj
 0001:0004ea40       _$E82                      1004fa40 f   KCore.obj
 0001:0004ea50       _$E89                      1004fa50 f   KCore.obj
 0001:0004ea60       _$E86                      1004fa60 f   KCore.obj
 0001:0004ea70       _$E88                      1004fa70 f   KCore.obj
 0001:0004ea80       _$E87                      1004fa80 f   KCore.obj
 0001:0004ea90       _$E94                      1004fa90 f   KCore.obj
 0001:0004eaa0       _$E91                      1004faa0 f   KCore.obj
 0001:0004eab0       _$E93                      1004fab0 f   KCore.obj
 0001:0004eac0       _$E92                      1004fac0 f   KCore.obj
 0001:0004e400       _$E29                      1004f400 f   KViewItem.obj
 0001:0004e410       _$E28                      1004f410 f   KViewItem.obj
 0001:0004d010       _$E35                      1004e010 f   KObjSet.obj
 0001:0004d020       _$E32                      1004e020 f   KObjSet.obj
 0001:0004d030       _$E34                      1004e030 f   KObjSet.obj
 0001:0004d040       _$E33                      1004e040 f   KObjSet.obj
 0001:0004bdd0       _$E33                      1004cdd0 f   KObj.obj
 0001:0004bde0       _$E32                      1004cde0 f   KObj.obj
 0001:0004b480       _$E9                       1004c480 f   KItemSet.obj
 0001:0004b490       _$E6                       1004c490 f   KItemSet.obj
 0001:0004b4a0       _$E8                       1004c4a0 f   KItemSet.obj
 0001:0004b4b0       _$E7                       1004c4b0 f   KItemSet.obj
 0001:00044230       _$E28                      10045230 f   KItemGenerator.obj
 0001:00044240       _$E25                      10045240 f   KItemGenerator.obj
 0001:00044250       _$E27                      10045250 f   KItemGenerator.obj
 0001:00044260       _$E26                      10045260 f   KItemGenerator.obj
 0001:00044270       _$E34                      10045270 f   KItemGenerator.obj
 0001:00044280       _$E31                      10045280 f   KItemGenerator.obj
 0001:00044290       _$E33                      10045290 f   KItemGenerator.obj
 0001:000442a0       _$E32                      100452a0 f   KItemGenerator.obj
 0001:000442b0       _$E39                      100452b0 f   KItemGenerator.obj
 0001:000442c0       _$E36                      100452c0 f   KItemGenerator.obj
 0001:000442d0       _$E38                      100452d0 f   KItemGenerator.obj
 0001:000442e0       _$E37                      100452e0 f   KItemGenerator.obj
 0001:00043e60       _$E9                       10044e60 f   KItemChangeRes.obj
 0001:00043e70       _$E6                       10044e70 f   KItemChangeRes.obj
 0001:00043e80       _$E8                       10044e80 f   KItemChangeRes.obj
 0001:00043e90       _$E7                       10044e90 f   KItemChangeRes.obj
 0001:00040bd0       _$E31                      10041bd0 f   KItem.obj
 0001:00040be0       _$E28                      10041be0 f   KItem.obj
 0001:00040c00       _$E30                      10041c00 f   KItem.obj
 0001:00040c10       _$E29                      10041c10 f   KItem.obj
 0001:0003f890       _$E31                      10040890 f   KBuySell.obj
 0001:0003f8a0       _$E28                      100408a0 f   KBuySell.obj
 0001:0003f8b0       _$E30                      100408b0 f   KBuySell.obj
 0001:0003f8c0       _$E29                      100408c0 f   KBuySell.obj
 0001:0003a8c0       _$E29                      1003b8c0 f   KPlayerTeam.obj
 0001:0003a8d0       _$E28                      1003b8d0 f   KPlayerTeam.obj
 0001:000396e0       _$E31                      1003a6e0 f   KPlayerSet.obj
 0001:000396f0       _$E28                      1003a6f0 f   KPlayerSet.obj
 0001:00039700       _$E30                      1003a700 f   KPlayerSet.obj
 0001:00039710       _$E29                      1003a710 f   KPlayerSet.obj
 0001:000264b0       _$E36                      100274b0 f   KPlayer.obj
 0001:000264c0       _$E33                      100274c0 f   KPlayer.obj
 0001:000264e0       _$E35                      100274e0 f   KPlayer.obj
 0001:000264f0       _$E34                      100274f0 f   KPlayer.obj
 0001:00023cf0       _$E35                      10024cf0 f   KNpcSet.obj
 0001:00023d00       _$E32                      10024d00 f   KNpcSet.obj
 0001:00023d10       _$E34                      10024d10 f   KNpcSet.obj
 0001:00023d20       _$E33                      10024d20 f   KNpcSet.obj
 0001:00021180       _$E9                       10022180 f   KNpcResList.obj
 0001:00021190       _$E6                       10022190 f   KNpcResList.obj
 0001:000211a0       _$E8                       100221a0 f   KNpcResList.obj
 0001:000211b0       _$E7                       100221b0 f   KNpcResList.obj
 0001:0001b360       _$E31                      1001c360 f   KNpcAttribModify.obj
 0001:0001b370       _$E28                      1001c370 f   KNpcAttribModify.obj
 0001:0001b380       _$E30                      1001c380 f   KNpcAttribModify.obj
 0001:0001b390       _$E29                      1001c390 f   KNpcAttribModify.obj
 0001:000185e0       _$E29                      100195e0 f   KNpcAI.obj
 0001:000185f0       _$E28                      100195f0 f   KNpcAI.obj
 0001:0000d740       _$E35                      1000e740 f   KNpc.obj
 0001:0000d750       _$E32                      1000e750 f   KNpc.obj
 0001:0000d770       _$E34                      1000e770 f   KNpc.obj
 0001:0000d780       _$E33                      1000e780 f   KNpc.obj
 0001:0000cf00       _$E13                      1000df00 f   KSkillSpecial.obj
 0001:0000cf10       _$E10                      1000df10 f   KSkillSpecial.obj
 0001:0000cf20       _$E12                      1000df20 f   KSkillSpecial.obj
 0001:0000cf30       _$E11                      1000df30 f   KSkillSpecial.obj
 0001:00005720       _$E31                      10006720 f   KSkillManager.obj
 0001:00005730       _$E28                      10006730 f   KSkillManager.obj
 0001:00005740       _$E30                      10006740 f   KSkillManager.obj
 0001:00005750       _$E29                      10006750 f   KSkillManager.obj
 0001:000040e0       _$E9                       100050e0 f   KMissleSet.obj
 0001:000040f0       _$E6                       100050f0 f   KMissleSet.obj
 0001:00004100       _$E8                       10005100 f   KMissleSet.obj
 0001:00004110       _$E7                       10005110 f   KMissleSet.obj
 0001:00000bc0       _$E35                      10001bc0 f   KMissle.obj
 0001:00000bd0       _$E32                      10001bd0 f   KMissle.obj
 0001:00000bf0       _$E34                      10001bf0 f   KMissle.obj
 0001:00000c00       _$E33                      10001c00 f   KMissle.obj
 0001:00000c20       _$E40                      10001c20 f   KMissle.obj
 0001:00000c30       _$E37                      10001c30 f   KMissle.obj
 0001:00000c50       _$E39                      10001c50 f   KMissle.obj
 0001:00000c60       _$E38                      10001c60 f   KMissle.obj
 0001:00076764       ?ArrayUnwindFilter@@YAHPAU_EXCEPTION_POINTERS@@@Z 10077764 f   MSVCRT:ehvecdtr.obj
