 CoreClient

 Timestamp is 6925dc6d (Tue Nov 25 11:42:21 2025)

 Preferred load address is 10000000

 Start         Length     Name                   Class
 0001:00000000 0007750eH .text                   CODE
 0001:00077510 000011b3H .text$x                 CODE
 0002:00000000 000002c0H .idata$5                DATA
 0002:000002c0 0000ac1cH .rdata                  DATA
 0002:0000aee0 000014f8H .xdata$x                DATA
 0002:0000c3d8 00000078H .idata$2                DATA
 0002:0000c450 00000014H .idata$3                DATA
 0002:0000c464 000002c0H .idata$4                DATA
 0002:0000c724 00001338H .idata$6                DATA
 0002:0000da60 00001af1H .edata                  DATA
 0003:00000000 00000004H .CRT$XCA                DATA
 0003:00000004 000000e4H .CRT$XCU                DATA
 0003:000000e8 00000004H .CRT$XCZ                DATA
 0003:000000ec 00000004H .CRT$XIA                DATA
 0003:000000f0 00000004H .CRT$XIZ                DATA
 0003:00000100 000059f0H .data                   DATA
 0003:00005af0 01d6197cH .bss                    DATA

  Address         Publics by Value              Rva+Base     Lib:Object

 0001:00000000       ?GetMoney@KInventory@@QAEHXZ 10001000 f i KThiefSkill.obj
 0001:00000010       ?SetMoney@KInventory@@QAEHH@Z 10001010 f i KThiefSkill.obj
 0001:00000030       ??4KInventory@@QAEAAV0@ABV0@@Z 10001030 f i KThiefSkill.obj
 0001:00000060       ?GetBuildItem@KItemList@@QAEHH@Z 10001060 f i KThiefSkill.obj
 0001:00000070       ?GetEquipment@KItemList@@QBEHH@Z 10001070 f i KThiefSkill.obj
 0001:00000080       ?GetMoney@KItemList@@QAEHH@Z 10001080 f i KThiefSkill.obj
 0001:000000a0       ?Hand@KItemList@@QAEHXZ    100010a0 f i KThiefSkill.obj
 0001:000000b0       ?GetMaskLock@KItemList@@QAEHXZ 100010b0 f i KThiefSkill.obj
 0001:000000c0       ?IsLockOperation@KItemList@@QAEHXZ 100010c0 f i KThiefSkill.obj
 0001:000000d0       ?IsActiveSet@KItemList@@QBEHXZ 100010d0 f i KThiefSkill.obj
 0001:000000e0       ??4KItemList@@QAEAAV0@ABV0@@Z 100010e0 f i KThiefSkill.obj
 0001:00000100       ??0KThiefSkill@@QAE@XZ     10001100 f   KThiefSkill.obj
 0001:00000140       ?GetSkillCostType@KThiefSkill@@UBE?AW4NPCATTRIB@@XZ 10001140 f i KThiefSkill.obj
 0001:00000150       ?GetAttackRadius@KThiefSkill@@UBEHXZ 10001150 f i KThiefSkill.obj
 0001:00000160       ?IsTargetOnly@KThiefSkill@@UBEHXZ 10001160 f i KThiefSkill.obj
 0001:00000170       ?IsTargetSelf@KThiefSkill@@UBEHXZ 10001170 f i KThiefSkill.obj
 0001:00000180       ?IsTargetEnemy@KThiefSkill@@UBEHXZ 10001180 f i KThiefSkill.obj
 0001:00000190       ?IsTargetAlly@KThiefSkill@@UBEHXZ 10001190 f i KThiefSkill.obj
 0001:000001a0       ?IsTargetObj@KThiefSkill@@UBEHXZ 100011a0 f i KThiefSkill.obj
 0001:000001b0       ??_EKThiefSkill@@UAEPAXI@Z 100011b0 f i KThiefSkill.obj
 0001:000001b0       ??_GKThiefSkill@@UAEPAXI@Z 100011b0 f i KThiefSkill.obj
 0001:000001d0       ??1KThiefSkill@@UAE@XZ     100011d0 f   KThiefSkill.obj
 0001:000001e0       ?GetSkillId@KThiefSkill@@UAEHXZ 100011e0 f   KThiefSkill.obj
 0001:000001f0       ?GetSkillName@KThiefSkill@@UAEPBDXZ 100011f0 f   KThiefSkill.obj
 0001:00000200       ?GetSkillStyle@KThiefSkill@@UAEHXZ 10001200 f   KThiefSkill.obj
 0001:00000210       ?LoadSkillLevelData@KThiefSkill@@UAEXKH@Z 10001210 f   KThiefSkill.obj
 0001:00000220       ?DoSkill@KThiefSkill@@QAEHPAVKNpc@@HH@Z 10001220 f   KThiefSkill.obj
 0001:000002e0       ?Cast@KThiefSkill@@QAEHPAVKPlayer@@0@Z 100012e0 f   KThiefSkill.obj
 0001:000002f0       ?OnSkill@KThiefSkill@@QAEHPAVKNpc@@@Z 100012f0 f   KThiefSkill.obj
 0001:00000410       ?CanCastSkill@KThiefSkill@@UBEHHAAH0@Z 10001410 f   KThiefSkill.obj
 0001:000004c0       ?GetDesc@KThiefSkill@@QAEXKKPADH_N@Z 100014c0 f   KThiefSkill.obj
 0001:000004f0       ?LoadSetting@KThiefSkill@@QAEHPAD@Z 100014f0 f   KThiefSkill.obj
 0001:000007b0       ?GetSkillCost@KThiefSkill@@UBEHPAX@Z 100017b0 f   KThiefSkill.obj
 0001:000007d0       ?DrawSkillIcon@KThiefSkill@@UAEXHHHHH@Z 100017d0 f   KThiefSkill.obj
 0001:00000a30       ?IsAura@ISkill@@UBEHXZ     10001a30 f i KThiefSkill.obj
 0001:00000a40       ?IsPhysical@ISkill@@UBEHXZ 10001a40 f i KThiefSkill.obj
 0001:00000a50       ?GetSkillAttrib@ISkill@@UBEFXZ 10001a50 f i KThiefSkill.obj
 0001:00000a60       ?IsExpSkill@ISkill@@UBEHXZ 10001a60 f i KThiefSkill.obj
 0001:00000a70       ?GetSkillLevelUpScriptId@ISkill@@UBEKXZ 10001a70 f i KThiefSkill.obj
 0001:00000a80       ??_GISkill@@UAEPAXI@Z      10001a80 f i KThiefSkill.obj
 0001:00000a80       ??_EISkill@@UAEPAXI@Z      10001a80 f i KThiefSkill.obj
 0001:00000aa0       ??4KMapMusic@@QAEAAV0@ABV0@@Z 10001aa0 f i KMissle.obj
 0001:00000ac0       ?GetGameTime@KSubWorldSet@@QAEHXZ 10001ac0 f i KMissle.obj
 0001:00000ad0       ?GetGameVersion@KSubWorldSet@@QAEHXZ 10001ad0 f i KMissle.obj
 0001:00000ae0       ?SetPing@KSubWorldSet@@QAEXK@Z 10001ae0 f i KMissle.obj
 0001:00000af0       ?GetPing@KSubWorldSet@@QAEKXZ 10001af0 f i KMissle.obj
 0001:00000b00       ??4KSubWorldSet@@QAEAAV0@ABV0@@Z 10001b00 f i KMissle.obj
 0001:00000b20       ??1KSubWorldSet@@QAE@XZ    10001b20 f i KMissle.obj
 0001:00000b30       ??0KMissleSet@@QAE@XZ      10001b30 f i KMissle.obj
 0001:00000b40       ??4KMissleSet@@QAEAAV0@ABV0@@Z 10001b40 f i KMissle.obj
 0001:00000b70       ??1KMissleSet@@QAE@XZ      10001b70 f i KMissle.obj
 0001:00000c80       ??0KMissle@@QAE@XZ         10001c80 f   KMissle.obj
 0001:00000d50       ??_EKMissle@@UAEPAXI@Z     10001d50 f i KMissle.obj
 0001:00000d50       ??_GKMissle@@UAEPAXI@Z     10001d50 f i KMissle.obj
 0001:00000d70       ?Release@KMissle@@AAEXXZ   10001d70 f   KMissle.obj
 0001:00000dc0       ??1KMissle@@UAE@XZ         10001dc0 f   KMissle.obj
 0001:00000e10       ??_EKNode@@UAEPAXI@Z       10001e10 f i KMissle.obj
 0001:00000e10       ??_GKNode@@UAEPAXI@Z       10001e10 f i KMissle.obj
 0001:00000e30       ?GetInfoFromTabFile@KMissle@@QAEHH@Z 10001e30 f   KMissle.obj
 0001:00000e50       ?GetInfoFromTabFile@KMissle@@QAEHPAVKITabFile@@H@Z 10001e50 f   KMissle.obj
 0001:00001370       ??_GKIndexNode@@UAEPAXI@Z  10002370 f i KMissle.obj
 0001:00001370       ??_EKIndexNode@@UAEPAXI@Z  10002370 f i KMissle.obj
 0001:00001390       ??1KIndexNode@@UAE@XZ      10002390 f i KMissle.obj
 0001:000013a0       ?Init@KMissle@@AAEHHHHHH@Z 100023a0 f   KMissle.obj
 0001:000013c0       ?Activate@KMissle@@QAEHXZ  100023c0 f   KMissle.obj
 0001:00001730       ?OnWait@KMissle@@AAEXXZ    10002730 f   KMissle.obj
 0001:00001740       ?OnCollision@KMissle@@AAEXXZ 10002740 f   KMissle.obj
 0001:00001750       ?CheckCollision@KMissle@@AAEHXZ 10002750 f   KMissle.obj
 0001:00001910       ?OnFly@KMissle@@AAEXXZ     10002910 f   KMissle.obj
 0001:00002330       ?Send@KWorldMsg@@QAEHKHHH@Z 10003330 f i KMissle.obj
 0001:000023a0       ??_GKWorldMsgNode@@UAEPAXI@Z 100033a0 f i KMissle.obj
 0001:000023a0       ??_EKWorldMsgNode@@UAEPAXI@Z 100033a0 f i KMissle.obj
 0001:000023c0       ??1KWorldMsgNode@@UAE@XZ   100033c0 f i KMissle.obj
 0001:000023d0       ?OnVanish@KMissle@@AAEXXZ  100033d0 f   KMissle.obj
 0001:000023e0       ?Paint@KMissle@@QAEXXZ     100033e0 f   KMissle.obj
 0001:000025d0       ?CheckBeyondRegion@KMissle@@AAEHHH@Z 100035d0 f   KMissle.obj
 0001:00002840       ??4KMissle@@AAEAAV0@AAV0@@Z 10003840 f   KMissle.obj
 0001:00002b00       ?ProcessDamage@KMissle@@AAEHH@Z 10003b00 f   KMissle.obj
 0001:00002b10       ?DoVanish@KMissle@@AAEXXZ  10003b10 f   KMissle.obj
 0001:00002bb0       ?DoCollision@KMissle@@AAEXXZ 10003bb0 f   KMissle.obj
 0001:00002d10       ?DoFly@KMissle@@AAEXXZ     10003d10 f   KMissle.obj
 0001:00002d30       ?GetOffsetAxis@KMissle@@SAHHHHHHHAAH00@Z 10003d30 f   KMissle.obj
 0001:00002e40       ?ProcessCollision@KMissle@@AAEHHHHHHH@Z 10003e40 f   KMissle.obj
 0001:00002ff0       ?ProcessCollision@KMissle@@AAEHXZ 10003ff0 f   KMissle.obj
 0001:00003030       ?CreateSpecialEffect@KMissle@@QAEHW4eMissleStatus@@HHHH@Z 10004030 f   KMissle.obj
 0001:000031f0       ??_GKSkillSpecialNode@@UAEPAXI@Z 100041f0 f i KMissle.obj
 0001:000031f0       ??_EKSkillSpecialNode@@UAEPAXI@Z 100041f0 f i KMissle.obj
 0001:00003210       ??1KSkillSpecialNode@@UAE@XZ 10004210 f i KMissle.obj
 0001:00003230       ?CreateMissleForShow@KMissle@@SAHPAD00PAUTMissleForShow@@@Z 10004230 f   KMissle.obj
 0001:00003440       ?GetLightInfo@KMissle@@QAEXPAUKLightInfo@@@Z 10004440 f   KMissle.obj
 0001:000034b0       ?DoWait@KMissle@@AAEXXZ    100044b0 f   KMissle.obj
 0001:00003530       ?PrePareFly@KMissle@@AAEHXZ 10004530 f   KMissle.obj
 0001:00003790       ?CheckNearestCollision@KMissle@@AAEHXZ 10004790 f   KMissle.obj
 0001:00003950       ?FindNearestCollision@KMissle@@AAEHHH@Z 10004950 f   KMissle.obj
 0001:00003a20       ?GetMpsPos@KMissle@@QAEXPAH0@Z 10004a20 f   KMissle.obj
 0001:00003a70       ??0KMissleRes@@QAE@XZ      10004a70 f   KMissleRes.obj
 0001:00003b10       ??1KMissleRes@@QAE@XZ      10004b10 f   KMissleRes.obj
 0001:00003bb0       ??1KList@@QAE@XZ           10004bb0 f i KMissleRes.obj
 0001:00003bc0       ?LoadResource@KMissleRes@@QAEXHPAD0@Z 10004bc0 f   KMissleRes.obj
 0001:00003c30       ?Init@KMissleRes@@QAEHXZ   10004c30 f   KMissleRes.obj
 0001:00003c40       ?Remove@KMissleRes@@QAEXXZ 10004c40 f   KMissleRes.obj
 0001:00003c50       ?Clear@KMissleRes@@QAEXXZ  10004c50 f   KMissleRes.obj
 0001:00003cf0       ?Draw@KMissleRes@@QAEHHHHHHHH@Z 10004cf0 f   KMissleRes.obj
 0001:00003f90       ?PlaySoundA@KMissleRes@@QAEXHHHH@Z 10004f90 f   KMissleRes.obj
 0001:00004060       ?GetSndVolume@KMissleRes@@QAEHH@Z 10005060 f   KMissleRes.obj
 0001:00004090       ?StopSound@KMissleRes@@QAEXXZ 10005090 f   KMissleRes.obj
 0001:00004120       ?Init@KMissleSet@@QAEXXZ   10005120 f   KMissleSet.obj
 0001:00004170       ?FindFree@KMissleSet@@QAEHXZ 10005170 f   KMissleSet.obj
 0001:00004180       ?Add@KMissleSet@@QAEHHHHHHH@Z 10005180 f   KMissleSet.obj
 0001:00004220       ?Add@KMissleSet@@QAEHHHH@Z 10005220 f   KMissleSet.obj
 0001:00004370       ?CreateMissile@KMissleSet@@QAEHHHHHHHHH@Z 10005370 f   KMissleSet.obj
 0001:000043a0       ?Activate@KMissleSet@@QAEHXZ 100053a0 f   KMissleSet.obj
 0001:000043d0       ?Remove@KMissleSet@@QAEXH@Z 100053d0 f   KMissleSet.obj
 0001:00004420       ?Draw@KMissleSet@@QAEXXZ   10005420 f   KMissleSet.obj
 0001:00004440       ?GetCount@KMissleSet@@QAEHXZ 10005440 f   KMissleSet.obj
 0001:00004460       ?ClearMissles@KMissleSet@@QAEXXZ 10005460 f   KMissleSet.obj
 0001:00004490       ??0KSkillList@@QAE@XZ      10005490 f   KSkillList.obj
 0001:000044b0       ??1KSkillList@@QAE@XZ      100054b0 f   KSkillList.obj
 0001:000044c0       ?FindSame@KSkillList@@QAEHH@Z 100054c0 f   KSkillList.obj
 0001:000044f0       ?FindFree@KSkillList@@QAEHXZ 100054f0 f   KSkillList.obj
 0001:00004510       ?GetCount@KSkillList@@QAEHXZ 10005510 f   KSkillList.obj
 0001:00004530       ?SetSkillLevel@KSkillList@@QAEXHH@Z 10005530 f   KSkillList.obj
 0001:00004570       ?SetLevel@KSkillList@@QAEHHH@Z 10005570 f   KSkillList.obj
 0001:000045b0       ?IncreaseLevel@KSkillList@@QAEHHHH@Z 100055b0 f   KSkillList.obj
 0001:000046b0       ?Add@KSkillList@@QAEHHH_N@Z 100056b0 f   KSkillList.obj
 0001:00004800       ?Remove@KSkillList@@QAEXH@Z 10005800 f   KSkillList.obj
 0001:00004890       ?GetLevel@KSkillList@@QAEHH@Z 10005890 f   KSkillList.obj
 0001:000048c0       ?GetCurrentLevel@KSkillList@@QAEHH@Z 100058c0 f   KSkillList.obj
 0001:000048f0       ?GetPointAdd@KSkillList@@QAEDH@Z 100058f0 f   KSkillList.obj
 0001:00004920       ?CanCast@KSkillList@@QAEHHK@Z 10005920 f   KSkillList.obj
 0001:00004970       ?SetNextCastTime@KSkillList@@QAEXHK@Z 10005970 f   KSkillList.obj
 0001:000049a0       ?SetMaxCastTime@KSkillList@@QAEXHK@Z 100059a0 f   KSkillList.obj
 0001:000049d0       ?GetEnhanceSkills@KSkillList@@QAEHH@Z 100059d0 f   KSkillList.obj
 0001:00004a60       ?GetSkillSortList@KSkillList@@QAEHPAUKUiSkillData@@@Z 10005a60 f   KSkillList.obj
 0001:00004b70       ?GetLeftSkillSortList@KSkillList@@QAEHPAUKUiSkillData@@@Z 10005b70 f   KSkillList.obj
 0001:00004cb0       ?GetRightSkillSortList@KSkillList@@QAEHPAUKUiSkillData@@@Z 10005cb0 f   KSkillList.obj
 0001:00004df0       ?GetSkillPosition@KSkillList@@QAEHH@Z 10005df0 f   KSkillList.obj
 0001:00004ec0       ?GetNextCastTime@KSkillList@@QAEKH@Z 10005ec0 f   KSkillList.obj
 0001:00004ef0       ?GetMaxCastTime@KSkillList@@QAEKH@Z 10005ef0 f   KSkillList.obj
 0001:00004f20       ?GetSkillInfoList@KSkillList@@QAEHHPAUKUiSkillItem@@H@Z 10005f20 f   KSkillList.obj
 0001:000050f0       ?GetSkillState@KSkillList@@QAEHH@Z 100060f0 f   KSkillList.obj
 0001:00005280       ?GetSkillFight@KSkillList@@QAEHH@Z 10006280 f   KSkillList.obj
 0001:000053e0       ?FindSkillAura@KSkillList@@QAEHH@Z 100063e0 f   KSkillList.obj
 0001:00005510       ?FindSkillRight@KSkillList@@QAEHH@Z 10006510 f   KSkillList.obj
 0001:00005690       ?FindSkillLifeReplenish@KSkillList@@QAEHXZ 10006690 f   KSkillList.obj
 0001:00005760       ??0KSkillManager@@QAE@XZ   10006760 f   KSkillManager.obj
 0001:00005770       ??1KSkillManager@@QAE@XZ   10006770 f   KSkillManager.obj
 0001:000057b0       ?Init@KSkillManager@@QAEHXZ 100067b0 f   KSkillManager.obj
 0001:00005970       ?InstanceSkill@KSkillManager@@AAEPAVISkill@@KK@Z 10006970 f   KSkillManager.obj
 0001:00005ae0       ??4KSkill@@QAEAAV0@ABV0@@Z 10006ae0 f i KSkillManager.obj
 0001:00006000       ??0KSkill@@QAE@XZ          10007000 f   KSkills.obj
 0001:00006140       ??_GKSkill@@UAEPAXI@Z      10007140 f i KSkills.obj
 0001:00006140       ??_EKSkill@@UAEPAXI@Z      10007140 f i KSkills.obj
 0001:00006160       ??1KSkill@@UAE@XZ          10007160 f   KSkills.obj
 0001:00006170       ?CanCastSkill@KSkill@@UBEHHAAH0@Z 10007170 f   KSkills.obj
 0001:00006350       ?Cast@KSkill@@QBEHHHHHW4eSkillLauncherType@@H@Z 10007350 f   KSkills.obj
 0001:00006580       ??_H@YGXPAXIHP6EX0@Z@Z     10007580 f i KSkills.obj
 0001:000065b0       ?Vanish@KSkill@@ABEXPAVKMissle@@@Z 100075b0 f   KSkills.obj
 0001:000065c0       ?OnMissleEvent@KSkill@@QBEHGPAVKMissle@@@Z 100075c0 f   KSkills.obj
 0001:000067e0       ?FlyEvent@KSkill@@ABEXPAVKMissle@@@Z 100077e0 f   KSkills.obj
 0001:000067f0       ?Collidsion@KSkill@@ABEXPAVKMissle@@@Z 100077f0 f   KSkills.obj
 0001:00006800       ?CastMissles@KSkill@@ABEHHHHHW4eSkillLauncherType@@@Z 10007800 f   KSkills.obj
 0001:00008180       ?qsqrt@@YAMM@Z             10009180 f i KSkills.obj
 0001:000081b0       ?g_GetDistance@@YAHHHHH@Z  100091b0 f i KSkills.obj
 0001:00008220       ?IsTargetOnly@KSkill@@UBEHXZ 10009220 f i KSkills.obj
 0001:00008230       ?IsTargetSelf@KSkill@@UBEHXZ 10009230 f i KSkills.obj
 0001:00008240       ?IsTargetEnemy@KSkill@@UBEHXZ 10009240 f i KSkills.obj
 0001:00008250       ?IsTargetAlly@KSkill@@UBEHXZ 10009250 f i KSkills.obj
 0001:00008260       ?IsTargetObj@KSkill@@UBEHXZ 10009260 f i KSkills.obj
 0001:00008270       ?GetSkillName@KSkill@@UAEPBDXZ 10009270 f i KSkills.obj
 0001:00008280       ?GetSkillStyle@KSkill@@UAEHXZ 10009280 f i KSkills.obj
 0001:00008290       ?GetAttackRadius@KSkill@@UBEHXZ 10009290 f i KSkills.obj
 0001:000082a0       ?GetSkillCost@KSkill@@UBEHPAX@Z 100092a0 f i KSkills.obj
 0001:000082b0       ?GetSkillCostType@KSkill@@UBE?AW4NPCATTRIB@@XZ 100092b0 f i KSkills.obj
 0001:000082c0       ?GetSkillId@KSkill@@UAEHXZ 100092c0 f i KSkills.obj
 0001:000082d0       ?IsAura@KSkill@@UBEHXZ     100092d0 f i KSkills.obj
 0001:000082e0       ?IsPhysical@KSkill@@UBEHXZ 100092e0 f i KSkills.obj
 0001:000082f0       ?GetSkillAttrib@KSkill@@UBEFXZ 100092f0 f i KSkills.obj
 0001:00008300       ?IsExpSkill@KSkill@@UBEHXZ 10009300 f i KSkills.obj
 0001:00008310       ?CastZone@KSkill@@ABEHPAUTOrdinSkillParam@@HHHHH@Z 10009310 f   KSkills.obj
 0001:00008870       ?CastLine@KSkill@@ABEHPAUTOrdinSkillParam@@HHHHH@Z 10009870 f   KSkills.obj
 0001:00008ca0       ?CastExtractiveLineMissle@KSkill@@ABEHPAUTOrdinSkillParam@@HHHHHHH@Z 10009ca0 f   KSkills.obj
 0001:00009070       ?CastWall@KSkill@@ABEHPAUTOrdinSkillParam@@HHHHH@Z 1000a070 f   KSkills.obj
 0001:00009530       ?CastCircle@KSkill@@ABEHPAUTOrdinSkillParam@@HHH@Z 1000a530 f   KSkills.obj
 0001:00009880       ?CastSpread@KSkill@@ABEHPAUTOrdinSkillParam@@HHH@Z 1000a880 f   KSkills.obj
 0001:00009da0       ?GetChildSkillNum@KSkill@@QBEHH@Z 1000ada0 f   KSkills.obj
 0001:00009db0       ?CreateMissle@KSkill@@ABEXHHH@Z 1000adb0 f   KSkills.obj
 0001:00009fe0       ?GetInfoFromTabFile@KSkill@@QAEHH@Z 1000afe0 f   KSkills.obj
 0001:0000a000       ?GetInfoFromTabFile@KSkill@@QAEHPAVKITabFile@@H@Z 1000b000 f   KSkills.obj
 0001:0000a6d0       ?LoadSkillLevelData@KSkill@@UAEXKH@Z 1000b6d0 f   KSkills.obj
 0001:0000aa10       ?GetMissleGenerateTime@KSkill@@QBEIH@Z 1000ba10 f   KSkills.obj
 0001:0000ab30       ?GetSkillIdFromName@KSkill@@SAHPAD@Z 1000bb30 f   KSkills.obj
 0001:0000abd0       ?CastInitiativeSkill@KSkill@@ABEHHHHH@Z 1000bbd0 f   KSkills.obj
 0001:0000abe0       ?CastPassivitySkill@KSkill@@ABEHHHHHH@Z 1000bbe0 f   KSkills.obj
 0001:0000abf0       ?ParseString2MagicAttrib@KSkill@@AAEHKPAD0@Z 1000bbf0 f   KSkills.obj
 0001:0000b3d0       ?DrawSkillIcon@KSkill@@UAEXHHHHH@Z 1000c3d0 f   KSkills.obj
 0001:0000b630       ?GetDesc@KSkill@@SAXKKPADH_N@Z 1000c630 f   KSkills.obj
 0001:0000c6b0       ?GetDescAboutLevel@KSkill@@QAEXPADHH@Z 1000d6b0 f   KSkills.obj
 0001:0000cc60       ?GetDescAboutEventSkillLevel@KSkill@@QAEXPADH@Z 1000dc60 f   KSkills.obj
 0001:0000ce70       ?PlayPreCastSound@KSkill@@QBEXHHH@Z 1000de70 f   KSkills.obj
 0001:0000cf60       ??0KSkillSpecial@@QAE@XZ   1000df60 f   KSkillSpecial.obj
 0001:0000cfa0       ?Init@KSkillSpecial@@QAEHXZ 1000dfa0 f   KSkillSpecial.obj
 0001:0000cfc0       ?Draw@KSkillSpecial@@QAEXH@Z 1000dfc0 f   KSkillSpecial.obj
 0001:0000d140       ?SetAnimation@KSkillSpecial@@QAEXPADI@Z 1000e140 f   KSkillSpecial.obj
 0001:0000d190       ?Remove@KSkillSpecial@@QAEXXZ 1000e190 f   KSkillSpecial.obj
 0001:0000d1a0       ??0KList@@QAE@XZ           1000e1a0 f i KSkillSpecial.obj
 0001:0000d1d0       ?Init@KFaction@@QAEHXZ     1000e1d0 f   KFaction.obj
 0001:0000d680       ?GetID@KFaction@@QAEHHH@Z  1000e680 f   KFaction.obj
 0001:0000d6b0       ?GetID@KFaction@@QAEHHPAD@Z 1000e6b0 f   KFaction.obj
 0001:0000d740       ?GetCamp@KFaction@@QAEHH@Z 1000e740 f   KFaction.obj
 0001:0000d7c0       ??1KNpc@@QAE@XZ            1000e7c0 f i KNpc.obj
 0001:0000d850       ??0KNpc@@QAE@XZ            1000e850 f   KNpc.obj
 0001:0000db00       ??1KNode@@UAE@XZ           1000eb00 f i KNpc.obj
 0001:0000db10       ??0KNode@@QAE@XZ           1000eb10 f i KNpc.obj
 0001:0000db30       ??0KMagicAttrib@@QAE@XZ    1000eb30 f i KNpc.obj
 0001:0000db50       ?Init@KNpc@@QAEXXZ         1000eb50 f   KNpc.obj
 0001:0000dff0       ?GetActiveSkill@KNpc@@QAEPAVISkill@@XZ 1000eff0 f   KNpc.obj
 0001:0000e080       ?SetCurrentCamp@KNpc@@QAEXH@Z 1000f080 f   KNpc.obj
 0001:0000e090       ?SetCamp@KNpc@@QAEXH@Z     1000f090 f   KNpc.obj
 0001:0000e0a0       ?RestoreCurrentCamp@KNpc@@QAEXXZ 1000f0a0 f   KNpc.obj
 0001:0000e0b0       ?Activate@KNpc@@QAEXXZ     1000f0b0 f   KNpc.obj
 0001:0000e3e0       ?AutoFixXY@KNpc@@AAEXXZ    1000f3e0 f   KNpc.obj
 0001:0000e5c0       ?ProcStatus@KNpc@@QAEXXZ   1000f5c0 f   KNpc.obj
 0001:0000e6a0       ?ProcCommand@KNpc@@QAEXH@Z 1000f6a0 f   KNpc.obj
 0001:0000e8f0       ?ProcessState@KNpc@@QAEHXZ 1000f8f0 f   KNpc.obj
 0001:0000eda0       ?DoDeath@KNpc@@AAEXHH@Z    1000fda0 f   KNpc.obj
 0001:0000ee70       ?OnDeath@KNpc@@AAEXXZ      1000fe70 f   KNpc.obj
 0001:0000efd0       ?DoDefense@KNpc@@AAEXXZ    1000ffd0 f   KNpc.obj
 0001:0000efe0       ?OnDefense@KNpc@@AAEXXZ    1000ffe0 f   KNpc.obj
 0001:0000eff0       ?DoIdle@KNpc@@AAEXXZ       1000fff0 f   KNpc.obj
 0001:0000f010       ?OnIdle@KNpc@@AAEXXZ       10010010 f   KNpc.obj
 0001:0000f020       ?DoHurt@KNpc@@AAEXHHH@Z    10010020 f   KNpc.obj
 0001:0000f110       ?OnHurt@KNpc@@AAEXXZ       10010110 f   KNpc.obj
 0001:0000f360       ?DoSpecial1@KNpc@@AAEXXZ   10010360 f   KNpc.obj
 0001:0000f370       ?OnSpecial1@KNpc@@AAEXXZ   10010370 f   KNpc.obj
 0001:0000f450       ?DoSpecial2@KNpc@@AAEXXZ   10010450 f   KNpc.obj
 0001:0000f460       ?OnSpecial2@KNpc@@AAEXXZ   10010460 f   KNpc.obj
 0001:0000f500       ?DoSpecial3@KNpc@@AAEXXZ   10010500 f   KNpc.obj
 0001:0000f510       ?OnSpecial3@KNpc@@AAEXXZ   10010510 f   KNpc.obj
 0001:0000f520       ?DoSpecial4@KNpc@@AAEXXZ   10010520 f   KNpc.obj
 0001:0000f530       ?OnSpecial4@KNpc@@AAEXXZ   10010530 f   KNpc.obj
 0001:0000f540       ?DoGlide@KNpc@@AAEHF@Z     10010540 f   KNpc.obj
 0001:0000fa30       ?OnGlide@KNpc@@AAEXXZ      10010a30 f   KNpc.obj
 0001:0000fa40       ?GlideTo@KNpc@@AAEXHHF@Z   10010a40 f   KNpc.obj
 0001:0000fa80       ?DoStand@KNpc@@AAEXXZ      10010a80 f   KNpc.obj
 0001:0000fb30       ?OnStand@KNpc@@AAEXXZ      10010b30 f   KNpc.obj
 0001:0000fb80       ?DoRevive@KNpc@@AAEXXZ     10010b80 f   KNpc.obj
 0001:0000fc00       ?OnRevive@KNpc@@AAEXXZ     10010c00 f   KNpc.obj
 0001:0000fc10       ?DoRun@KNpc@@AAEXXZ        10010c10 f   KNpc.obj
 0001:0000fd00       ?OnRun@KNpc@@AAEXH@Z       10010d00 f   KNpc.obj
 0001:0000fda0       ?DoSit@KNpc@@AAEXXZ        10010da0 f   KNpc.obj
 0001:0000fde0       ?OnSit@KNpc@@AAEXXZ        10010de0 f   KNpc.obj
 0001:0000fe00       ?DoSkill@KNpc@@AAEXHH@Z    10010e00 f   KNpc.obj
 0001:0000ff30       ?UnDoSkill@KNpc@@AAEXXZ    10010f30 f   KNpc.obj
 0001:0000ff70       ?DoOrdinSkill@KNpc@@AAEHPAVKSkill@@HH@Z 10010f70 f   KNpc.obj
 0001:00010330       ?DoAttack@KNpc@@AAEXXZ     10011330 f   KNpc.obj
 0001:000103a0       ?CastMeleeSkill@KNpc@@AAEHPAVKSkill@@@Z 100113a0 f   KNpc.obj
 0001:000105f0       ?DoBlurAttack@KNpc@@AAEHXZ 100115f0 f   KNpc.obj
 0001:00010670       ?DoMagic@KNpc@@AAEXXZ      10011670 f   KNpc.obj
 0001:000106d0       ?OnSkill@KNpc@@AAEXXZ      100116d0 f   KNpc.obj
 0001:00010800       ?JumpTo@KNpc@@AAEXHH@Z     10011800 f   KNpc.obj
 0001:00010840       ?RunTo@KNpc@@AAEXHH@Z      10011840 f   KNpc.obj
 0001:00010870       ?Goto@KNpc@@AAEXHH@Z       10011870 f   KNpc.obj
 0001:000108a0       ?DoWalk@KNpc@@AAEXXZ       100118a0 f   KNpc.obj
 0001:00010940       ?DoPlayerTalk@KNpc@@QAEXPAD@Z 10011940 f   KNpc.obj
 0001:00010950       ?OnPlayerTalk@KNpc@@AAEXXZ 10011950 f   KNpc.obj
 0001:00010960       ?OnWalk@KNpc@@AAEXXZ       10011960 f   KNpc.obj
 0001:00010980       ?GetSkillLevel@KNpc@@QAEHH@Z 10011980 f   KNpc.obj
 0001:000109b0       ?ModifyAttrib@KNpc@@QAEXHPAX@Z 100119b0 f   KNpc.obj
 0001:000109d0       ?SetImmediatelySkillEffect@KNpc@@QAEXHPAXH@Z 100119d0 f   KNpc.obj
 0001:00010a10       ?AppendSkillEffect@KNpc@@QAEXKHHPAX0@Z 10011a10 f   KNpc.obj
 0001:00011350       ?ProcMove@KNpc@@AAEXH@Z    10012350 f   KNpc.obj
 0001:00011860       ?ProcJump@KNpc@@AAEXH@Z    10012860 f   KNpc.obj
 0001:00011b50       ?SendCommand@KNpc@@QAEXW4NPCCMD@@HHH@Z 10012b50 f   KNpc.obj
 0001:00011c10       ?SendCommandRandMove@KNpc@@QAEXHHH@Z 10012c10 f   KNpc.obj
 0001:00011cb0       ?NewPath@KNpc@@AAEHHH@Z    10012cb0 f   KNpc.obj
 0001:00011cd0       ?NewJump@KNpc@@AAEHHH@Z    10012cd0 f   KNpc.obj
 0001:00012060       ?NewGlide@KNpc@@AAEHHHH@Z  10013060 f   KNpc.obj
 0001:000123f0       ?SelfDamage@KNpc@@QAEXH@Z  100133f0 f   KNpc.obj
 0001:00012420       ?Cost@KNpc@@QAEHW4NPCATTRIB@@HH@Z 10013420 f   KNpc.obj
 0001:00012530       ?DoJump@KNpc@@AAEXXZ       10013530 f   KNpc.obj
 0001:000125a0       ?OnJump@KNpc@@AAEHXZ       100135a0 f   KNpc.obj
 0001:000125f0       ?WaitForFrame@KNpc@@AAEHXZ 100135f0 f   KNpc.obj
 0001:00012620       ?IsReachFrame@KNpc@@AAEHH@Z 10013620 f   KNpc.obj
 0001:00012650       ?Load@KNpc@@QAEXHHH@Z      10013650 f   KNpc.obj
 0001:00012960       ?GetMpsPos@KNpc@@QAEXPAH0@Z 10013960 f   KNpc.obj
 0001:000129b0       ?SetActiveSkill@KNpc@@QAEHH@Z 100139b0 f   KNpc.obj
 0001:00012a70       ?SetAuraSkill@KNpc@@QAEXH@Z 10013a70 f   KNpc.obj
 0001:00012b40       ?SetPlayerIdx@KNpc@@QAEHH@Z 10013b40 f   KNpc.obj
 0001:00012b70       ?SetPos@KNpc@@QAE_NHH@Z    10013b70 f   KNpc.obj
 0001:00012ce0       ?MoveNpc@KNpc@@QAEXHHHHH_N@Z 10013ce0 f   KNpc.obj
 0001:00012ea0       ?PaintInfo@KNpc@@QAEHH_NHK@Z 10013ea0 f   KNpc.obj
 0001:00013350       ?PaintMantle@KNpc@@QAEHHHHH@Z 10014350 f   KNpc.obj
 0001:00013450       ?PaintNpcAuto@KNpc@@QAEXH_NHK@Z 10014450 f   KNpc.obj
 0001:000135f0       ?PaintSeriesNpc@KNpc@@QAEXHH@Z 100145f0 f   KNpc.obj
 0001:000136e0       ?PaintHorseState@KNpc@@QAEXHH@Z 100146e0 f   KNpc.obj
 0001:00013840       ?PaintRankInfo@KNpc@@QAEXHHK@Z 10014840 f   KNpc.obj
 0001:00013b30       ?PaintTransLifeInfo@KNpc@@QAEXHH@Z 10014b30 f   KNpc.obj
 0001:00013ce0       ?PaintShopInfo@KNpc@@QAEXHH@Z 10014ce0 f   KNpc.obj
 0001:00013fd0       ?PaintChat@KNpc@@QAEHH@Z   10014fd0 f   KNpc.obj
 0001:00014140       ?SetChatInfo@KNpc@@QAEHPBD0G@Z 10015140 f   KNpc.obj
 0001:00014320       ?SetWarning@KNpc@@QAEHH@Z  10015320 f   KNpc.obj
 0001:00014330       ?PaintWarning@KNpc@@QAEHH_N@Z 10015330 f   KNpc.obj
 0001:000144a0       ?PaintLife@KNpc@@QAEHH_N@Z 100154a0 f   KNpc.obj
 0001:000146c0       ?PaintMana@KNpc@@QAEHH@Z   100156c0 f   KNpc.obj
 0001:00014820       ?Paint@KNpc@@QAEXXZ        10015820 f   KNpc.obj
 0001:000149e0       ?AddBaseLifeMax@KNpc@@QAEXH@Z 100159e0 f   KNpc.obj
 0001:00014a00       ?AddCurLifeMax@KNpc@@QAEXH@Z 10015a00 f   KNpc.obj
 0001:00014a20       ?AddBaseStaminaMax@KNpc@@QAEXH@Z 10015a20 f   KNpc.obj
 0001:00014a40       ?AddCurStaminaMax@KNpc@@QAEXH@Z 10015a40 f   KNpc.obj
 0001:00014a60       ?AddBaseManaMax@KNpc@@QAEXH@Z 10015a60 f   KNpc.obj
 0001:00014a80       ?AddCurManaMax@KNpc@@QAEXH@Z 10015a80 f   KNpc.obj
 0001:00014aa0       ?CalcCurLifeReplenish@KNpc@@QAEXXZ 10015aa0 f   KNpc.obj
 0001:00014ab0       ?Remove@KNpc@@QAEXXZ       10015ab0 f   KNpc.obj
 0001:00014ad0       ?RemoveRes@KNpc@@QAEXXZ    10015ad0 f   KNpc.obj
 0001:00014ae0       ?SetSeries@KNpc@@QAEXH@Z   10015ae0 f   KNpc.obj
 0001:00014b00       ?SetStateSkillEffect@KNpc@@QAEXHHHPAXHHH@Z 10015b00 f   KNpc.obj
 0001:00014dc0       ??_EKStateNode@@UAEPAXI@Z  10015dc0 f i KNpc.obj
 0001:00014dc0       ??_GKStateNode@@UAEPAXI@Z  10015dc0 f i KNpc.obj
 0001:00014de0       ??1KStateNode@@UAE@XZ      10015de0 f i KNpc.obj
 0001:00014df0       ?ModifyMissleCollsion@KNpc@@QAEHH@Z 10015df0 f   KNpc.obj
 0001:00014e20       ?ModifyMissleLifeTime@KNpc@@QAEHH@Z 10015e20 f   KNpc.obj
 0001:00014e30       ?ModifyMissleSpeed@KNpc@@QAEHH@Z 10015e30 f   KNpc.obj
 0001:00014e50       ?DoManyAttack@KNpc@@AAEHXZ 10015e50 f   KNpc.obj
 0001:00014fa0       ?OnManyAttack@KNpc@@AAEXXZ 10015fa0 f   KNpc.obj
 0001:00015050       ?DoRunAttack@KNpc@@AAEHXZ  10016050 f   KNpc.obj
 0001:00015370       ?OnRunAttack@KNpc@@AAEXXZ  10016370 f   KNpc.obj
 0001:00015560       ?DoJumpAttack@KNpc@@AAEHXZ 10016560 f   KNpc.obj
 0001:000157e0       ?OnJumpAttack@KNpc@@AAEHXZ 100167e0 f   KNpc.obj
 0001:00015930       ?CheckHitTarget@KNpc@@AAEHHHH@Z 10016930 f   KNpc.obj
 0001:000159a0       ?AddStateInfo@KNpc@@AAEXH@Z 100169a0 f   KNpc.obj
 0001:000159f0       ?AddStateSkillList@KNpc@@AAEXPAVKStateNode@@@Z 100169f0 f   KNpc.obj
 0001:00015a50       ?AddStateSkillListClient@KNpc@@AAEXPAVKStateNode@@@Z 10016a50 f   KNpc.obj
 0001:00015ac0       ?RemoveStateSkillList@KNpc@@AAEXPAE@Z 10016ac0 f   KNpc.obj
 0001:00015b60       ?GetNpcCopyFromTemplate@KNpc@@QAEXHHH@Z 10016b60 f   KNpc.obj
 0001:00015d60       ?LoadDataFromTemplate@KNpc@@QAEXHHH@Z 10016d60 f   KNpc.obj
 0001:00015ef0       ?SetPhysicsDamage@KNpc@@QAEXHH@Z 10016ef0 f   KNpc.obj
 0001:00015f10       ?SetBaseAttackRating@KNpc@@QAEXH@Z 10016f10 f   KNpc.obj
 0001:00015f30       ?SetBaseDefence@KNpc@@QAEXH@Z 10016f30 f   KNpc.obj
 0001:00015f50       ?SetMenuState@KNpc@@QAEXHPADH@Z 10016f50 f   KNpc.obj
 0001:00015f70       ?GetMenuState@KNpc@@QAEHXZ 10016f70 f   KNpc.obj
 0001:00015f80       ?SearchAroundID@KNpc@@QAEKK@Z 10016f80 f   KNpc.obj
 0001:00016000       ?SetSpecialSpr@KNpc@@QAEXPAD@Z 10017000 f   KNpc.obj
 0001:00016020       ?SetInstantSpr@KNpc@@QAEXH@Z 10017020 f   KNpc.obj
 0001:00016060       ?GetNormalNpcStandDir@KNpc@@QAEHH@Z 10017060 f   KNpc.obj
 0001:00016080       ?SetNpcState@KNpc@@QAEXPAE@Z 10017080 f   KNpc.obj
 0001:00016110       ?ClearNpcState@KNpc@@QAEXXZ 10017110 f   KNpc.obj
 0001:00016170       ?RestoreNpcBaseInfo@KNpc@@QAEXXZ 10017170 f   KNpc.obj
 0001:000165b0       ?DrawBorder@KNpc@@QAEXXZ   100175b0 f   KNpc.obj
 0001:000165d0       ?DrawMenuState@KNpc@@QAEHH@Z 100175d0 f   KNpc.obj
 0001:000165f0       ?IsPlayer@KNpc@@QAEHXZ     100175f0 f   KNpc.obj
 0001:00016610       ?IsAlive@KNpc@@QAEHXZ      10017610 f   KNpc.obj
 0001:00016630       ?ClearStateSkillEffect@KNpc@@QAEXXZ 10017630 f   KNpc.obj
 0001:000166f0       ?ClearNormalState@KNpc@@QAEXXZ 100176f0 f   KNpc.obj
 0001:000167c0       ?CheckTrap@KNpc@@QAEXXZ    100177c0 f   KNpc.obj
 0001:00016860       ?SetFightMode@KNpc@@QAEXH@Z 10017860 f   KNpc.obj
 0001:00016880       ?TurnTo@KNpc@@QAEXH@Z      10017880 f   KNpc.obj
 0001:000169f0       ?ReCalcStateEffect@KNpc@@QAEXXZ 100179f0 f   KNpc.obj
 0001:00016a80       ?GetCurActiveWeaponSkill@KNpc@@QAEHXZ 10017a80 f   KNpc.obj
 0001:00016b50       ?HurtAutoMove@KNpc@@AAEXXZ 10017b50 f   KNpc.obj
 0001:00016ef0       ?ProcNetCommand@KNpc@@QAEXW4NPCCMD@@HHH@Z 10017ef0 f   KNpc.obj
 0001:00016fb0       ?ClearBlood@KNpc@@QAEXH@Z  10017fb0 f   KNpc.obj
 0001:00016fe0       ?SetBlood@KNpc@@QAEXH@Z    10017fe0 f   KNpc.obj
 0001:00017040       ?PaintBlood@KNpc@@QAEHH@Z  10018040 f   KNpc.obj
 0001:00017150       ?EditPos@KNpc@@QAEX_N@Z    10018150 f   KNpc.obj
 0001:00017180       ?SendClientPos2Server@KNpc@@QAEXXZ 10018180 f   KNpc.obj
 0001:00017220       ?GetNpcPate@KNpc@@QAEHXZ   10018220 f   KNpc.obj
 0001:000172b0       ?GetNpcPatePeopleInfo@KNpc@@QAEHXZ 100182b0 f   KNpc.obj
 0001:00017340       ?FindStateSkill@KNpc@@QAEHH@Z 10018340 f   KNpc.obj
 0001:00017380       ?GetFrameCopyFromTemplate@KNpc@@QAEXHHH@Z 10018380 f   KNpc.obj
 0001:00017560       ?LoadFrameFromTemplate@KNpc@@QAEXHHH@Z 10018560 f   KNpc.obj
 0001:000175f0       ?ReSetRes@KNpc@@QAEXH@Z    100185f0 f   KNpc.obj
 0001:000177c0       ?AutoDoSkill@KNpc@@QAEXHHHH@Z 100187c0 f   KNpc.obj
 0001:00017d60       ?RandMove@KNpc@@QAEXHHH@Z  10018d60 f   KNpc.obj
 0001:00017dc0       ?ExecuteStand@KNpc@@QAEXXZ 10018dc0 f   KNpc.obj
 0001:00017de0       ?SetTitleEffect@KNpc@@QAEXH@Z 10018de0 f   KNpc.obj
 0001:00017ed0       ?ClientGotoPos@KNpc@@QAEXHHH@Z 10018ed0 f   KNpc.obj
 0001:00017fb0       ?ExecuteScript@KNpc@@QAEHPAD0H@Z 10018fb0 f   KNpc.obj
 0001:00017ff0       ?ExecuteScript@KNpc@@QAEHKPADH@Z 10018ff0 f   KNpc.obj
 0001:00018160       ?ExecuteScript@KNpc@@QAEHKPAD0@Z 10019160 f   KNpc.obj
 0001:000182f0       ?ExecuteScript@KNpc@@QAEHPAD00@Z 100192f0 f   KNpc.obj
 0001:00018340       ?ExecuteScript2@KNpc@@QAEHKPAD00@Z 10019340 f   KNpc.obj
 0001:000184f0       ?ExecuteScript2@KNpc@@QAEHKPADHH@Z 100194f0 f   KNpc.obj
 0001:00018660       ?ExecuteScript2@KNpc@@QAEHPAD0HH@Z 10019660 f   KNpc.obj
 0001:000186b0       ?ExecuteScript2@KNpc@@QAEHPAD000@Z 100196b0 f   KNpc.obj
 0001:00018700       ??0?$vector@UFindPathNode@@V?$allocator@UFindPathNode@@@std@@@std@@QAE@ABV?$allocator@UFindPathNode@@@1@@Z 10019700 f i KNpc.obj
 0001:00018720       ??1?$vector@UFindPathNode@@V?$allocator@UFindPathNode@@@std@@@std@@QAE@XZ 10019720 f i KNpc.obj
 0001:00018770       ??0KNpcAI@@QAE@XZ          10019770 f   KNpcAI.obj
 0001:00018780       ?Activate@KNpcAI@@QAEXH@Z  10019780 f   KNpcAI.obj
 0001:00018880       ?ProcessShowNpc@KNpcAI@@AAEHXZ 10019880 f   KNpcAI.obj
 0001:00018940       ?ShowNpcType11@KNpcAI@@AAEHXZ 10019940 f   KNpcAI.obj
 0001:00018aa0       ?ShowNpcType12@KNpcAI@@AAEHXZ 10019aa0 f   KNpcAI.obj
 0001:00018c10       ?ShowNpcType13@KNpcAI@@AAEHXZ 10019c10 f   KNpcAI.obj
 0001:00018d50       ?ShowNpcType14@KNpcAI@@AAEHXZ 10019d50 f   KNpcAI.obj
 0001:00018ed0       ?ShowNpcType15@KNpcAI@@AAEHXZ 10019ed0 f   KNpcAI.obj
 0001:00019010       ?ShowNpcType16@KNpcAI@@AAEHXZ 1001a010 f   KNpcAI.obj
 0001:00019180       ?ShowNpcType17@KNpcAI@@AAEHXZ 1001a180 f   KNpcAI.obj
 0001:00019310       ?ProcessPlayer@KNpcAI@@AAEXXZ 1001a310 f   KNpcAI.obj
 0001:00019370       ?FollowObject@KNpcAI@@AAEXH@Z 1001a370 f   KNpcAI.obj
 0001:00019400       ?FollowPeople@KNpcAI@@AAEXH@Z 1001a400 f   KNpcAI.obj
 0001:00019880       ?TriggerMapTrap@KNpcAI@@AAEXXZ 1001a880 f   KNpcAI.obj
 0001:000198b0       ?TriggerObjectTrap@KNpcAI@@AAEXXZ 1001a8b0 f   KNpcAI.obj
 0001:000198c0       ?GetNearestNpc@KNpcAI@@AAEHH@Z 1001a8c0 f   KNpcAI.obj
 0001:00019db0       ?IsPlayerCome@KNpcAI@@AAEHXZ 1001adb0 f   KNpcAI.obj
 0001:00019e20       ?GetNpcNumber@KNpcAI@@AAEHH@Z 1001ae20 f   KNpcAI.obj
 0001:0001a010       ?KeepAttackRange@KNpcAI@@AAEXHH@Z 1001b010 f   KNpcAI.obj
 0001:0001a1c0       ?FollowAttack@KNpcAI@@AAEXH@Z 1001b1c0 f   KNpcAI.obj
 0001:0001a2d0       ?InEyeshot@KNpcAI@@AAEHH@Z 1001b2d0 f   KNpcAI.obj
 0001:0001a310       ?CommonAction@KNpcAI@@AAEXXZ 1001b310 f   KNpcAI.obj
 0001:0001a410       ?KeepActiveRange@KNpcAI@@AAEHXZ 1001b410 f   KNpcAI.obj
 0001:0001a540       ?DoShowFlee@KNpcAI@@AAEHH@Z 1001b540 f   KNpcAI.obj
 0001:0001a690       ?Flee@KNpcAI@@AAEXH@Z      1001b690 f   KNpcAI.obj
 0001:0001a740       ?ProcessAIType01@KNpcAI@@AAEXXZ 1001b740 f   KNpcAI.obj
 0001:0001a950       ?GetRandomNumber@@YAHHH@Z  1001b950 f i KNpcAI.obj
 0001:0001a970       ?ProcessAIType02@KNpcAI@@AAEXXZ 1001b970 f   KNpcAI.obj
 0001:0001ac70       ?ProcessAIType03@KNpcAI@@AAEXXZ 1001bc70 f   KNpcAI.obj
 0001:0001aef0       ?ProcessAIType04@KNpcAI@@AAEXXZ 1001bef0 f   KNpcAI.obj
 0001:0001b0d0       ?ProcessAIType05@KNpcAI@@AAEXXZ 1001c0d0 f   KNpcAI.obj
 0001:0001b370       ?ProcessAIType06@KNpcAI@@AAEXXZ 1001c370 f   KNpcAI.obj
 0001:0001b590       ?ProcessAIType07@KNpcAI@@AAEXXZ 1001c590 f   KNpcAI.obj
 0001:0001b6f0       ?ProcessAIType08@KNpcAI@@AAEXXZ 1001c6f0 f   KNpcAI.obj
 0001:0001b880       ??0KNpcAttribModify@@QAE@XZ 1001c880 f   KNpcAttribModify.obj
 0001:0001bd40       ??1KNpcAttribModify@@QAE@XZ 1001cd40 f   KNpcAttribModify.obj
 0001:0001bd50       ?ModifyAttrib@KNpcAttribModify@@QAEXPAVKNpc@@PAX@Z 1001cd50 f   KNpcAttribModify.obj
 0001:0001bd80       ?AddColdDamageV@KNpcAttribModify@@AAEXPAVKNpc@@PAX@Z 1001cd80 f   KNpcAttribModify.obj
 0001:0001be10       ?AddFireDamageV@KNpcAttribModify@@AAEXPAVKNpc@@PAX@Z 1001ce10 f   KNpcAttribModify.obj
 0001:0001be40       ?AddLightingDamageV@KNpcAttribModify@@AAEXPAVKNpc@@PAX@Z 1001ce40 f   KNpcAttribModify.obj
 0001:0001be70       ?AddPhysicsDamageP@KNpcAttribModify@@AAEXPAVKNpc@@PAX@Z 1001ce70 f   KNpcAttribModify.obj
 0001:0001bf30       ?AddPoisonDamageV@KNpcAttribModify@@AAEXPAVKNpc@@PAX@Z 1001cf30 f   KNpcAttribModify.obj
 0001:0001bf80       ?AddPhysicsDamageV@KNpcAttribModify@@AAEXPAVKNpc@@PAX@Z 1001cf80 f   KNpcAttribModify.obj
 0001:0001bfa0       ?AllresP@KNpcAttribModify@@AAEXPAVKNpc@@PAX@Z 1001cfa0 f   KNpcAttribModify.obj
 0001:0001bff0       ?AllSkillV@KNpcAttribModify@@AAEXPAVKNpc@@PAX@Z 1001cff0 f   KNpcAttribModify.obj
 0001:0001c070       ?AttackRatingP@KNpcAttribModify@@AAEXPAVKNpc@@PAX@Z 1001d070 f   KNpcAttribModify.obj
 0001:0001c0a0       ?AttackRatingV@KNpcAttribModify@@AAEXPAVKNpc@@PAX@Z 1001d0a0 f   KNpcAttribModify.obj
 0001:0001c0c0       ?AttackSpeedV@KNpcAttribModify@@AAEXPAVKNpc@@PAX@Z 1001d0c0 f   KNpcAttribModify.obj
 0001:0001c0e0       ?BadStatusTimeReduceV@KNpcAttribModify@@AAEXPAVKNpc@@PAX@Z 1001d0e0 f   KNpcAttribModify.obj
 0001:0001c0f0       ?BurnTimeReduceP@KNpcAttribModify@@AAEXPAVKNpc@@PAX@Z 1001d0f0 f   KNpcAttribModify.obj
 0001:0001c100       ?CastSpeedV@KNpcAttribModify@@AAEXPAVKNpc@@PAX@Z 1001d100 f   KNpcAttribModify.obj
 0001:0001c120       ?ChangeCampV@KNpcAttribModify@@AAEXPAVKNpc@@PAX@Z 1001d120 f   KNpcAttribModify.obj
 0001:0001c160       ?ColdArmorV@KNpcAttribModify@@AAEXPAVKNpc@@PAX@Z 1001d160 f   KNpcAttribModify.obj
 0001:0001c170       ?ColdresP@KNpcAttribModify@@AAEXPAVKNpc@@PAX@Z 1001d170 f   KNpcAttribModify.obj
 0001:0001c190       ?DeadlyStrikeP@KNpcAttribModify@@AAEXPAVKNpc@@PAX@Z 1001d190 f   KNpcAttribModify.obj
 0001:0001c1b0       ?DexterityV@KNpcAttribModify@@AAEXPAVKNpc@@PAX@Z 1001d1b0 f   KNpcAttribModify.obj
 0001:0001c1f0       ?EarthSkillV@KNpcAttribModify@@AAEXPAVKNpc@@PAX@Z 1001d1f0 f   KNpcAttribModify.obj
 0001:0001c200       ?EnergyV@KNpcAttribModify@@AAEXPAVKNpc@@PAX@Z 1001d200 f   KNpcAttribModify.obj
 0001:0001c240       ?FastHitRecoverV@KNpcAttribModify@@AAEXPAVKNpc@@PAX@Z 1001d240 f   KNpcAttribModify.obj
 0001:0001c260       ?FastWalkRunP@KNpcAttribModify@@AAEXPAVKNpc@@PAX@Z 1001d260 f   KNpcAttribModify.obj
 0001:0001c2d0       ?FireArmorV@KNpcAttribModify@@AAEXPAVKNpc@@PAX@Z 1001d2d0 f   KNpcAttribModify.obj
 0001:0001c2e0       ?FireSkillV@KNpcAttribModify@@AAEXPAVKNpc@@PAX@Z 1001d2e0 f   KNpcAttribModify.obj
 0001:0001c2f0       ?FreezeTimeReduceP@KNpcAttribModify@@AAEXPAVKNpc@@PAX@Z 1001d2f0 f   KNpcAttribModify.obj
 0001:0001c310       ?KnockBackP@KNpcAttribModify@@AAEXPAVKNpc@@PAX@Z 1001d310 f   KNpcAttribModify.obj
 0001:0001c330       ?LifeMaxP@KNpcAttribModify@@AAEXPAVKNpc@@PAX@Z 1001d330 f   KNpcAttribModify.obj
 0001:0001c380       ?LifeMaxV@KNpcAttribModify@@AAEXPAVKNpc@@PAX@Z 1001d380 f   KNpcAttribModify.obj
 0001:0001c3a0       ?LifeReplenishV@KNpcAttribModify@@AAEXPAVKNpc@@PAX@Z 1001d3a0 f   KNpcAttribModify.obj
 0001:0001c3c0       ?LifeV@KNpcAttribModify@@AAEXPAVKNpc@@PAX@Z 1001d3c0 f   KNpcAttribModify.obj
 0001:0001c3e0       ?LightingArmorV@KNpcAttribModify@@AAEXPAVKNpc@@PAX@Z 1001d3e0 f   KNpcAttribModify.obj
 0001:0001c3f0       ?LightingresP@KNpcAttribModify@@AAEXPAVKNpc@@PAX@Z 1001d3f0 f   KNpcAttribModify.obj
 0001:0001c410       ?LuckyV@KNpcAttribModify@@AAEXPAVKNpc@@PAX@Z 1001d410 f   KNpcAttribModify.obj
 0001:0001c450       ?ManaMaxP@KNpcAttribModify@@AAEXPAVKNpc@@PAX@Z 1001d450 f   KNpcAttribModify.obj
 0001:0001c490       ?ManaMaxV@KNpcAttribModify@@AAEXPAVKNpc@@PAX@Z 1001d490 f   KNpcAttribModify.obj
 0001:0001c4b0       ?ManaReplenishV@KNpcAttribModify@@AAEXPAVKNpc@@PAX@Z 1001d4b0 f   KNpcAttribModify.obj
 0001:0001c4d0       ?ManaV@KNpcAttribModify@@AAEXPAVKNpc@@PAX@Z 1001d4d0 f   KNpcAttribModify.obj
 0001:0001c4f0       ?ManaShieldP@KNpcAttribModify@@AAEXPAVKNpc@@PAX@Z 1001d4f0 f   KNpcAttribModify.obj
 0001:0001c510       ?MeleeDamageReturnP@KNpcAttribModify@@AAEXPAVKNpc@@PAX@Z 1001d510 f   KNpcAttribModify.obj
 0001:0001c530       ?MeleeDamageReturnV@KNpcAttribModify@@AAEXPAVKNpc@@PAX@Z 1001d530 f   KNpcAttribModify.obj
 0001:0001c550       ?MetalSkillV@KNpcAttribModify@@AAEXPAVKNpc@@PAX@Z 1001d550 f   KNpcAttribModify.obj
 0001:0001c560       ?PhysicsArmorV@KNpcAttribModify@@AAEXPAVKNpc@@PAX@Z 1001d560 f   KNpcAttribModify.obj
 0001:0001c570       ?PhysicsresP@KNpcAttribModify@@AAEXPAVKNpc@@PAX@Z 1001d570 f   KNpcAttribModify.obj
 0001:0001c590       ?Damage2ManaP@KNpcAttribModify@@AAEXPAVKNpc@@PAX@Z 1001d590 f   KNpcAttribModify.obj
 0001:0001c5b0       ?PoisonArmorV@KNpcAttribModify@@AAEXPAVKNpc@@PAX@Z 1001d5b0 f   KNpcAttribModify.obj
 0001:0001c5c0       ?PoisonDamageReduceV@KNpcAttribModify@@AAEXPAVKNpc@@PAX@Z 1001d5c0 f   KNpcAttribModify.obj
 0001:0001c5f0       ?PoisonresP@KNpcAttribModify@@AAEXPAVKNpc@@PAX@Z 1001d5f0 f   KNpcAttribModify.obj
 0001:0001c610       ?PoisonTimeReduceP@KNpcAttribModify@@AAEXPAVKNpc@@PAX@Z 1001d610 f   KNpcAttribModify.obj
 0001:0001c630       ?RangeDamageReturnV@KNpcAttribModify@@AAEXPAVKNpc@@PAX@Z 1001d630 f   KNpcAttribModify.obj
 0001:0001c650       ?RangeDamageReturnP@KNpcAttribModify@@AAEXPAVKNpc@@PAX@Z 1001d650 f   KNpcAttribModify.obj
 0001:0001c670       ?SlowMissleB@KNpcAttribModify@@AAEXPAVKNpc@@PAX@Z 1001d670 f   KNpcAttribModify.obj
 0001:0001c6a0       ?StaminaMaxP@KNpcAttribModify@@AAEXPAVKNpc@@PAX@Z 1001d6a0 f   KNpcAttribModify.obj
 0001:0001c6e0       ?StaminaMaxV@KNpcAttribModify@@AAEXPAVKNpc@@PAX@Z 1001d6e0 f   KNpcAttribModify.obj
 0001:0001c700       ?StaminaReplenishV@KNpcAttribModify@@AAEXPAVKNpc@@PAX@Z 1001d700 f   KNpcAttribModify.obj
 0001:0001c720       ?StaminaV@KNpcAttribModify@@AAEXPAVKNpc@@PAX@Z 1001d720 f   KNpcAttribModify.obj
 0001:0001c740       ?StealLifeP@KNpcAttribModify@@AAEXPAVKNpc@@PAX@Z 1001d740 f   KNpcAttribModify.obj
 0001:0001c760       ?StealManaP@KNpcAttribModify@@AAEXPAVKNpc@@PAX@Z 1001d760 f   KNpcAttribModify.obj
 0001:0001c780       ?StealStaminaP@KNpcAttribModify@@AAEXPAVKNpc@@PAX@Z 1001d780 f   KNpcAttribModify.obj
 0001:0001c7a0       ?StrengthV@KNpcAttribModify@@AAEXPAVKNpc@@PAX@Z 1001d7a0 f   KNpcAttribModify.obj
 0001:0001c7e0       ?StunTimeReduceP@KNpcAttribModify@@AAEXPAVKNpc@@PAX@Z 1001d7e0 f   KNpcAttribModify.obj
 0001:0001c800       ?VisionRadiusP@KNpcAttribModify@@AAEXPAVKNpc@@PAX@Z 1001d800 f   KNpcAttribModify.obj
 0001:0001c820       ?VitalityV@KNpcAttribModify@@AAEXPAVKNpc@@PAX@Z 1001d820 f   KNpcAttribModify.obj
 0001:0001c860       ?WaterSkillV@KNpcAttribModify@@AAEXPAVKNpc@@PAX@Z 1001d860 f   KNpcAttribModify.obj
 0001:0001c870       ?WoodSkillV@KNpcAttribModify@@AAEXPAVKNpc@@PAX@Z 1001d870 f   KNpcAttribModify.obj
 0001:0001c880       ?FireresP@KNpcAttribModify@@AAEXPAVKNpc@@PAX@Z 1001d880 f   KNpcAttribModify.obj
 0001:0001c8a0       ?ArmorDefenseV@KNpcAttribModify@@AAEXPAVKNpc@@PAX@Z 1001d8a0 f   KNpcAttribModify.obj
 0001:0001c8c0       ?ColdEnhanceP@KNpcAttribModify@@AAEXPAVKNpc@@PAX@Z 1001d8c0 f   KNpcAttribModify.obj
 0001:0001c8e0       ?FireEnhanceP@KNpcAttribModify@@AAEXPAVKNpc@@PAX@Z 1001d8e0 f   KNpcAttribModify.obj
 0001:0001c900       ?LightingEnhanceP@KNpcAttribModify@@AAEXPAVKNpc@@PAX@Z 1001d900 f   KNpcAttribModify.obj
 0001:0001c920       ?PoisonEnhanceP@KNpcAttribModify@@AAEXPAVKNpc@@PAX@Z 1001d920 f   KNpcAttribModify.obj
 0001:0001c940       ?LifePotionV@KNpcAttribModify@@AAEXPAVKNpc@@PAX@Z 1001d940 f   KNpcAttribModify.obj
 0001:0001c990       ?ManaPotionV@KNpcAttribModify@@AAEXPAVKNpc@@PAX@Z 1001d990 f   KNpcAttribModify.obj
 0001:0001c9e0       ?PhysicsResMaxP@KNpcAttribModify@@AAEXPAVKNpc@@PAX@Z 1001d9e0 f   KNpcAttribModify.obj
 0001:0001ca00       ?ColdResMaxP@KNpcAttribModify@@AAEXPAVKNpc@@PAX@Z 1001da00 f   KNpcAttribModify.obj
 0001:0001ca20       ?FireResMaxP@KNpcAttribModify@@AAEXPAVKNpc@@PAX@Z 1001da20 f   KNpcAttribModify.obj
 0001:0001ca40       ?LightingResMaxP@KNpcAttribModify@@AAEXPAVKNpc@@PAX@Z 1001da40 f   KNpcAttribModify.obj
 0001:0001ca60       ?PoisonResMaxP@KNpcAttribModify@@AAEXPAVKNpc@@PAX@Z 1001da60 f   KNpcAttribModify.obj
 0001:0001ca80       ?AllResMaxP@KNpcAttribModify@@AAEXPAVKNpc@@PAX@Z 1001da80 f   KNpcAttribModify.obj
 0001:0001cad0       ?FatallyStrikeP@KNpcAttribModify@@AAEXPAVKNpc@@PAX@Z 1001dad0 f   KNpcAttribModify.obj
 0001:0001cae0       ?MixPoisonDamage@KNpcAttribModify@@QAEXPAUKMagicAttrib@@0@Z 1001dae0 f   KNpcAttribModify.obj
 0001:0001cb90       ?AddPhysicsMagicV@KNpcAttribModify@@AAEXPAVKNpc@@PAX@Z 1001db90 f   KNpcAttribModify.obj
 0001:0001cbc0       ?AddColdMagicV@KNpcAttribModify@@AAEXPAVKNpc@@PAX@Z 1001dbc0 f   KNpcAttribModify.obj
 0001:0001cc50       ?AddFireMagicV@KNpcAttribModify@@AAEXPAVKNpc@@PAX@Z 1001dc50 f   KNpcAttribModify.obj
 0001:0001cc80       ?AddLightingMagicV@KNpcAttribModify@@AAEXPAVKNpc@@PAX@Z 1001dc80 f   KNpcAttribModify.obj
 0001:0001ccb0       ?AddPoisonMagicV@KNpcAttribModify@@AAEXPAVKNpc@@PAX@Z 1001dcb0 f   KNpcAttribModify.obj
 0001:0001cd00       ?DynamicMagicShieldV@KNpcAttribModify@@AAEXPAVKNpc@@PAX@Z 1001dd00 f   KNpcAttribModify.obj
 0001:0001cd20       ?ReturnResP@KNpcAttribModify@@AAEXPAVKNpc@@PAX@Z 1001dd20 f   KNpcAttribModify.obj
 0001:0001cd40       ?ExpEnhanceP@KNpcAttribModify@@AAEXPAVKNpc@@PAX@Z 1001dd40 f   KNpcAttribModify.obj
 0001:0001cd60       ?PoisonDamageReturnP@KNpcAttribModify@@AAEXPAVKNpc@@PAX@Z 1001dd60 f   KNpcAttribModify.obj
 0001:0001cd80       ?ReturnSkillP@KNpcAttribModify@@AAEXPAVKNpc@@PAX@Z 1001dd80 f   KNpcAttribModify.obj
 0001:0001cda0       ?AutoReplySkill@KNpcAttribModify@@AAEXPAVKNpc@@PAX@Z 1001dda0 f   KNpcAttribModify.obj
 0001:0001cdf0       ?LifeReplenishP@KNpcAttribModify@@AAEXPAVKNpc@@PAX@Z 1001ddf0 f   KNpcAttribModify.obj
 0001:0001ce10       ?IgnoreSkillP@KNpcAttribModify@@AAEXPAVKNpc@@PAX@Z 1001de10 f   KNpcAttribModify.obj
 0001:0001ce30       ?AutoAttackSkill@KNpcAttribModify@@AAEXPAVKNpc@@PAX@Z 1001de30 f   KNpcAttribModify.obj
 0001:0001ce60       ?Poison2DecManaP@KNpcAttribModify@@AAEXPAVKNpc@@PAX@Z 1001de60 f   KNpcAttribModify.obj
 0001:0001ceb0       ?SkillAppendSkill@KNpcAttribModify@@AAEXPAVKNpc@@PAX@Z 1001deb0 f   KNpcAttribModify.obj
 0001:0001cfc0       ?HideNpc@KNpcAttribModify@@AAEXPAVKNpc@@PAX@Z 1001dfc0 f   KNpcAttribModify.obj
 0001:0001cfe0       ?AutoDeathSkill@KNpcAttribModify@@AAEXPAVKNpc@@PAX@Z 1001dfe0 f   KNpcAttribModify.obj
 0001:0001d010       ?RandMove@KNpcAttribModify@@AAEXPAVKNpc@@PAX@Z 1001e010 f   KNpcAttribModify.obj
 0001:0001d040       ?IgnoreNegativeStateP@KNpcAttribModify@@AAEXPAVKNpc@@PAX@Z 1001e040 f   KNpcAttribModify.obj
 0001:0001d080       ?AutoRescueSkill@KNpcAttribModify@@AAEXPAVKNpc@@PAX@Z 1001e080 f   KNpcAttribModify.obj
 0001:0001d0b0       ?StaticMagicShieldP@KNpcAttribModify@@AAEXPAVKNpc@@PAX@Z 1001e0b0 f   KNpcAttribModify.obj
 0001:0001d0d0       ??0KNpcFindPath@@QAE@XZ    1001e0d0 f   KNpcFindPath.obj
 0001:0001d0f0       ?Init@KNpcFindPath@@QAEXH@Z 1001e0f0 f   KNpcFindPath.obj
 0001:0001d120       ?GetDir@KNpcFindPath@@QAEHHHHHHHPAH0@Z 1001e120 f   KNpcFindPath.obj
 0001:0001d6f0       ?Dir64To8@KNpcFindPath@@QAEHH@Z 1001e6f0 f   KNpcFindPath.obj
 0001:0001d700       ?Dir8To64@KNpcFindPath@@QAEHH@Z 1001e700 f   KNpcFindPath.obj
 0001:0001d710       ?CheckDistance@KNpcFindPath@@QAEHHHHHH@Z 1001e710 f   KNpcFindPath.obj
 0001:0001d750       ?CheckBarrier@KNpcFindPath@@QAEHHH@Z 1001e750 f   KNpcFindPath.obj
 0001:0001d7c0       ?Init@KNpcGold@@QAEXH@Z    1001e7c0 f   KNpcGold.obj
 0001:0001d7d0       ?Release@KNpcGold@@QAEXXZ  1001e7d0 f   KNpcGold.obj
 0001:0001d820       ?SetGoldType@KNpcGold@@QAEXH@Z 1001e820 f   KNpcGold.obj
 0001:0001d830       ?SetGoldTypeAndBackData@KNpcGold@@QAEXXZ 1001e830 f   KNpcGold.obj
 0001:0001d8e0       ?RecoverBackData@KNpcGold@@QAEXXZ 1001e8e0 f   KNpcGold.obj
 0001:0001d910       ?UpdateNpcData@KNpcGold@@AAEXH@Z 1001e910 f   KNpcGold.obj
 0001:0001e5c0       ?GetGoldType@KNpcGold@@QAEHXZ 1001f5c0 f   KNpcGold.obj
 0001:0001e5d0       ?SetGoldCurrentType@KNpcGold@@QAEXH@Z 1001f5d0 f   KNpcGold.obj
 0001:0001e610       ??0KNpcGoldTemplate@@QAE@XZ 1001f610 f   KNpcGold.obj
 0001:0001e630       ?Init@KNpcGoldTemplate@@QAEHXZ 1001f630 f   KNpcGold.obj
 0001:0001ea30       ??0KNpcRes@@QAE@XZ         1001fa30 f   KNpcRes.obj
 0001:0001eb00       ?Init@KNpcRes@@QAEHPADPAVKNpcResList@@@Z 1001fb00 f   KNpcRes.obj
 0001:0001ed30       ?Remove@KNpcRes@@QAEXH@Z   1001fd30 f   KNpcRes.obj
 0001:0001ed70       ?Draw@KNpcRes@@QAEXHHHHH@Z 1001fd70 f   KNpcRes.obj
 0001:0001f750       ?GetShadowName@KNpcRes@@SAXPAD0@Z 10020750 f   KNpcRes.obj
 0001:0001f770       ??1KNpcRes@@QAE@XZ         10020770 f   KNpcRes.obj
 0001:0001f780       ?SetHelm@KNpcRes@@QAEHH@Z  10020780 f   KNpcRes.obj
 0001:0001f870       ?SetArmor@KNpcRes@@QAEHH@Z 10020870 f   KNpcRes.obj
 0001:0001f980       ?SetWeapon@KNpcRes@@QAEHH@Z 10020980 f   KNpcRes.obj
 0001:0001fdb0       ?SetHorse@KNpcRes@@QAEHH@Z 10020db0 f   KNpcRes.obj
 0001:0001feb0       ?SetMantle@KNpcRes@@QAEHF@Z 10020eb0 f   KNpcRes.obj
 0001:00020040       ?SetAction@KNpcRes@@QAEHH@Z 10021040 f   KNpcRes.obj
 0001:00020470       ?SetRideHorse@KNpcRes@@QAEHH@Z 10021470 f   KNpcRes.obj
 0001:00020890       ?SetPos@KNpcRes@@QAEXHHHHHH@Z 10021890 f   KNpcRes.obj
 0001:000208f0       ?SetState@KNpcRes@@QAEXPAVKList@@PAVKNpcResList@@@Z 100218f0 f   KNpcRes.obj
 0001:00020b20       ?SetSpecialSpr@KNpcRes@@QAEXPAD@Z 10021b20 f   KNpcRes.obj
 0001:00020bd0       ?SetMenuStateSpr@KNpcRes@@AAEXH@Z 10021bd0 f   KNpcRes.obj
 0001:00020cc0       ?SetBlur@KNpcRes@@QAEXH@Z  10021cc0 f   KNpcRes.obj
 0001:00020cf0       ?GetSoundName@KNpcRes@@AAEXXZ 10021cf0 f   KNpcRes.obj
 0001:00020d10       ?PlaySoundA@KNpcRes@@AAEXHH@Z 10021d10 f   KNpcRes.obj
 0001:00020de0       ?GetSndVolume@KNpcRes@@QAEHH@Z 10021de0 f   KNpcRes.obj
 0001:00020e10       ?StopSound@KNpcRes@@QAEXXZ 10021e10 f   KNpcRes.obj
 0001:00020e50       ?SetMenuState@KNpcRes@@QAEXHPADH@Z 10021e50 f   KNpcRes.obj
 0001:00020e90       ?GetMenuState@KNpcRes@@QAEHXZ 10021e90 f   KNpcRes.obj
 0001:00020eb0       ?SetSleepState@KNpcRes@@QAEXH@Z 10021eb0 f   KNpcRes.obj
 0001:00020f00       ?GetSleepState@KNpcRes@@QAEHXZ 10021f00 f   KNpcRes.obj
 0001:00020f10       ?DrawBorder@KNpcRes@@QAEXXZ 10021f10 f   KNpcRes.obj
 0001:00021020       ?DrawMenuState@KNpcRes@@QAEHH@Z 10022020 f   KNpcRes.obj
 0001:00021110       ?GetNormalNpcStandDir@KNpcRes@@QAEHH@Z 10022110 f   KNpcRes.obj
 0001:00021150       ?GetSprNumFrames@KNpcRes@@QAEHPBDH@Z 10022150 f   KNpcRes.obj
 0001:00021180       ?SetBlurSecMove@KNpcRes@@QAEXHHHH@Z 10022180 f   KNpcRes.obj
 0001:00021250       ?RemoveBlurSecMove@KNpcRes@@QAEXH@Z 10022250 f   KNpcRes.obj
 0001:00021270       ??0KStateSpr@@QAE@XZ       10022270 f   KNpcRes.obj
 0001:00021290       ?Release@KStateSpr@@QAEXXZ 10022290 f   KNpcRes.obj
 0001:000212b0       ??0KNpcBlur@@QAE@XZ        100222b0 f   KNpcRes.obj
 0001:000212d0       ??1KNpcBlur@@QAE@XZ        100222d0 f   KNpcRes.obj
 0001:000212e0       ?SetNextNo@KNpcBlur@@QAEXXZ 100222e0 f   KNpcRes.obj
 0001:00021300       ?SetMapPos@KNpcBlur@@QAEXHHHH@Z 10022300 f   KNpcRes.obj
 0001:00021360       ?ChangeAlpha@KNpcBlur@@QAEXXZ 10022360 f   KNpcRes.obj
 0001:00021410       ?ClearCurNo@KNpcBlur@@QAEXXZ 10022410 f   KNpcRes.obj
 0001:00021440       ?SetFile@KNpcBlur@@QAEXHPADHHHHH@Z 10022440 f   KNpcRes.obj
 0001:00021570       ?Draw@KNpcBlur@@QAEXH@Z    10022570 f   KNpcRes.obj
 0001:000215b0       ?NowGetBlur@KNpcBlur@@QAEHXZ 100225b0 f   KNpcRes.obj
 0001:000215c0       ?Init@KNpcBlur@@QAEHXZ     100225c0 f   KNpcRes.obj
 0001:00021600       ?Remove@KNpcBlur@@QAEXXZ   10022600 f   KNpcRes.obj
 0001:00021640       ?Remove@KNpcBlur@@QAEXH@Z  10022640 f   KNpcRes.obj
 0001:00021690       ?AddObj@KNpcBlur@@QAEXXZ   10022690 f   KNpcRes.obj
 0001:000216a0       ?RemoveObj@KNpcBlur@@QAEXXZ 100226a0 f   KNpcRes.obj
 0001:000216f0       ??0KNpcResList@@QAE@XZ     100226f0 f   KNpcResList.obj
 0001:00021770       ??1KNpcResList@@QAE@XZ     10022770 f   KNpcResList.obj
 0001:00021800       ?Init@KNpcResList@@QAEHXZ  10022800 f   KNpcResList.obj
 0001:00021850       ?FindNpcRes@KNpcResList@@AAEPAVKNpcResNode@@PAD@Z 10022850 f   KNpcResList.obj
 0001:00021920       ?AddNpcRes@KNpcResList@@QAEPAVKNpcResNode@@PAD@Z 10022920 f   KNpcResList.obj
 0001:000219f0       ??0KNpcResNode@@QAE@XZ     100229f0 f   KNpcResNode.obj
 0001:00021ae0       ??_EKNpcResNode@@UAEPAXI@Z 10022ae0 f i KNpcResNode.obj
 0001:00021ae0       ??_GKNpcResNode@@UAEPAXI@Z 10022ae0 f i KNpcResNode.obj
 0001:00021b00       ??1KNpcResNode@@UAE@XZ     10022b00 f   KNpcResNode.obj
 0001:00021ba0       ?Init@KNpcResNode@@QAEHPADPAVCActionName@@1@Z 10022ba0 f   KNpcResNode.obj
 0001:00022a00       ?ComposePathAndName@KNpcResNode@@QAEXPAD00@Z 10023a00 f   KNpcResNode.obj
 0001:00022b00       ?CheckPartExist@KNpcResNode@@QAEHH@Z 10023b00 f   KNpcResNode.obj
 0001:00022b30       ?GetFileName@KNpcResNode@@QAEHHHHPAD0H@Z 10023b30 f   KNpcResNode.obj
 0001:00022b70       ?GetInterval@KNpcResNode@@QAEHHHHH@Z 10023b70 f   KNpcResNode.obj
 0001:00022bb0       ?GetTotalFrames@KNpcResNode@@QAEHHHHH@Z 10023bb0 f   KNpcResNode.obj
 0001:00022bf0       ?GetTotalDirs@KNpcResNode@@QAEHHHHH@Z 10023bf0 f   KNpcResNode.obj
 0001:00022c30       ?GetActNo@KNpcResNode@@QAEHHHH@Z 10023c30 f   KNpcResNode.obj
 0001:00022c70       ?GetSort@KNpcResNode@@QAEHHHHPAHH@Z 10023c70 f   KNpcResNode.obj
 0001:00022cd0       ?GetActionSoundName@KNpcResNode@@QAEXHPAD@Z 10023cd0 f   KNpcResNode.obj
 0001:00022d10       ?GetShadowName@KNpcResNode@@SAXPAD0@Z 10023d10 f   KNpcResNode.obj
 0001:00022da0       ??0CActionName@@QAE@XZ     10023da0 f   KNpcResNode.obj
 0001:00022dd0       ?Init@CActionName@@QAEHPAD@Z 10023dd0 f   KNpcResNode.obj
 0001:00022ef0       ?GetActionNo@CActionName@@QAEHPAD@Z 10023ef0 f   KNpcResNode.obj
 0001:00022f70       ?GetActionCount@CActionName@@QAEHXZ 10023f70 f   KNpcResNode.obj
 0001:00022f80       ?GetActionName@CActionName@@QAEHHPADH@Z 10023f80 f   KNpcResNode.obj
 0001:00022ff0       ??0CShadowFileName@@QAE@XZ 10023ff0 f   KNpcResNode.obj
 0001:00023000       ??1CShadowFileName@@QAE@XZ 10024000 f   KNpcResNode.obj
 0001:00023030       ?Init@CShadowFileName@@QAEXH@Z 10024030 f   KNpcResNode.obj
 0001:00023090       ?GetFile@CShadowFileName@@QAEHHPAH0000PAD@Z 10024090 f   KNpcResNode.obj
 0001:00023120       ??0CStateMagicTable@@QAE@XZ 10024120 f   KNpcResNode.obj
 0001:00023180       ?Init@CStateMagicTable@@QAEHXZ 10024180 f   KNpcResNode.obj
 0001:000233e0       ?GetInfo@CStateMagicTable@@QAEXHPADPAH111111@Z 100243e0 f   KNpcResNode.obj
 0001:000234f0       ??0CRESINFO@@QAE@XZ        100244f0 f   KNpcResNode.obj
 0001:00023500       ??1CRESINFO@@QAE@XZ        10024500 f   KNpcResNode.obj
 0001:00023510       ?AutoDelete@CRESINFO@@QAEXXZ 10024510 f   KNpcResNode.obj
 0001:00023540       ?AutoNew@CRESINFO@@QAEHHH@Z 10024540 f   KNpcResNode.obj
 0001:000235f0       ?GetName@CRESINFO@@QAEHHHPAD0H@Z 100245f0 f   KNpcResNode.obj
 0001:00023680       ?GetInterval@CRESINFO@@QAEHHHH@Z 10024680 f   KNpcResNode.obj
 0001:000236c0       ?GetTotalFrames@CRESINFO@@QAEHHHH@Z 100246c0 f   KNpcResNode.obj
 0001:00023700       ?GetTotalDirs@CRESINFO@@QAEHHHH@Z 10024700 f   KNpcResNode.obj
 0001:00023740       ??0CEquipStyleTable@@QAE@XZ 10024740 f   KNpcResNode.obj
 0001:00023750       ??1CEquipStyleTable@@QAE@XZ 10024750 f   KNpcResNode.obj
 0001:00023760       ?AutoDelete@CEquipStyleTable@@QAEXXZ 10024760 f   KNpcResNode.obj
 0001:00023790       ?AutoNew@CEquipStyleTable@@QAEHHH@Z 10024790 f   KNpcResNode.obj
 0001:000237f0       ?SetValue@CEquipStyleTable@@QAEXHHH@Z 100247f0 f   KNpcResNode.obj
 0001:00023830       ?GetValue@CEquipStyleTable@@QAEHHH@Z 10024830 f   KNpcResNode.obj
 0001:00023870       ??0CSortTable@@QAE@XZ      10024870 f   KNpcResNode.obj
 0001:000238e0       ??1CSortTable@@QAE@XZ      100248e0 f   KNpcResNode.obj
 0001:000238f0       ?Release@CSortTable@@AAEXXZ 100248f0 f   KNpcResNode.obj
 0001:00023940       ?SortStrToNum@CSortTable@@AAEXPADPAHH@Z 10024940 f   KNpcResNode.obj
 0001:000239f0       ?GetTable@CSortTable@@QAEHPADPAVCActionName@@H@Z 100249f0 f   KNpcResNode.obj
 0001:00023ad0       ?GetTable@CSortTable@@QAEHPAVKIniFile@@PAVCActionName@@H@Z 10024ad0 f   KNpcResNode.obj
 0001:00023f40       ?GetSort@CSortTable@@QAEHHHHPAHH@Z 10024f40 f   KNpcResNode.obj
 0001:00024260       ??1KNpcSet@@QAE@XZ         10025260 f i KNpcSet.obj
 0001:000242d0       ??0KNpcSet@@QAE@XZ         100252d0 f   KNpcSet.obj
 0001:00024330       ?Init@KNpcSet@@QAEXXZ      10025330 f   KNpcSet.obj
 0001:000243f0       ?LoadPlayerBaseValue@KNpcSet@@QAEXPAD@Z 100253f0 f   KNpcSet.obj
 0001:00024560       ?IsNpcExist@KNpcSet@@QAEHHK@Z 10025560 f   KNpcSet.obj
 0001:00024590       ?GenOneRelation@KNpcSet@@AAE?AW4NPC_RELATION@@W4NPCKIND@@0W4NPCCAMP@@1W4NPCFIGHT@@2@Z 10025590 f   KNpcSet.obj
 0001:000246a0       ?GenRelationTable@KNpcSet@@AAEHXZ 100256a0 f   KNpcSet.obj
 0001:00024740       ?SearchID@KNpcSet@@QAEHK@Z 10025740 f   KNpcSet.obj
 0001:00024780       ?SearchClientID@KNpcSet@@QAEHUKClientNpcID@@@Z 10025780 f   KNpcSet.obj
 0001:000247d0       ?SearchName@KNpcSet@@QAEHPAD@Z 100257d0 f   KNpcSet.obj
 0001:00024830       ?SearchNameID@KNpcSet@@QAEHK@Z 10025830 f   KNpcSet.obj
 0001:00024890       ?SearchNpcById@KNpcSet@@QAEPAVKNpc@@K@Z 10025890 f   KNpcSet.obj
 0001:00024910       ?FindFree@KNpcSet@@AAEHXZ  10025910 f   KNpcSet.obj
 0001:00024930       ?AddClientNpc@KNpcSet@@QAEHHHHHHH@Z 10025930 f   KNpcSet.obj
 0001:00024a50       ?Add@KNpcSet@@QAEHHHPAX@Z  10025a50 f   KNpcSet.obj
 0001:00024b20       ?Add@KNpcSet@@QAEHHHHHH@Z  10025b20 f   KNpcSet.obj
 0001:00024bb0       ?Add@KNpcSet@@QAEHHHHHHHHH@Z 10025bb0 f   KNpcSet.obj
 0001:00024d50       ?Remove@KNpcSet@@QAEXH@Z   10025d50 f   KNpcSet.obj
 0001:00024dc0       ?RemoveAll@KNpcSet@@QAEXXZ 10025dc0 f   KNpcSet.obj
 0001:00024e70       ?InsertNpcToRegion@KNpcSet@@QAEXH@Z 10025e70 f   KNpcSet.obj
 0001:00024f30       ?GetDistance@KNpcSet@@SAHHH@Z 10025f30 f   KNpcSet.obj
 0001:000250c0       ?GetDistanceSquare@KNpcSet@@SAHHH@Z 100260c0 f   KNpcSet.obj
 0001:00025230       ?GetNextIdx@KNpcSet@@QAEHH@Z 10026230 f   KNpcSet.obj
 0001:00025260       ?CheckBalance@KNpcSet@@QAEXXZ 10026260 f   KNpcSet.obj
 0001:000253f0       ?GetAroundPlayerForTeamInvite@KNpcSet@@QAEHPAUKUiPlayerItem@@H@Z 100263f0 f   KNpcSet.obj
 0001:000255d0       ?GetAroundPlayer@KNpcSet@@QAEHPAUKUiPlayerItem@@H@Z 100265d0 f   KNpcSet.obj
 0001:00025720       ?SetShowNameFlag@KNpcSet@@QAEXH@Z 10026720 f   KNpcSet.obj
 0001:00025750       ?CheckShowName@KNpcSet@@QAEHXZ 10026750 f   KNpcSet.obj
 0001:00025760       ?SetShowLifeFlag@KNpcSet@@QAEXH@Z 10026760 f   KNpcSet.obj
 0001:00025790       ?CheckShowLife@KNpcSet@@QAEHXZ 10026790 f   KNpcSet.obj
 0001:000257a0       ?SetShowChatFlag@KNpcSet@@QAEXH@Z 100267a0 f   KNpcSet.obj
 0001:000257d0       ?CheckShowChat@KNpcSet@@QAEHXZ 100267d0 f   KNpcSet.obj
 0001:000257e0       ?SetShowManaFlag@KNpcSet@@QAEXH@Z 100267e0 f   KNpcSet.obj
 0001:00025810       ?CheckShowMana@KNpcSet@@QAEHXZ 10026810 f   KNpcSet.obj
 0001:00025820       ?AutoGetNpcNear@KNpcSet@@QAEHHHHHQAHHHH@Z 10026820 f   KNpcSet.obj
 0001:00025970       ?GetDistanceMps@KNpcSet@@QAEHHHHH@Z 10026970 f   KNpcSet.obj
 0001:000259b0       ?AutoGetPlayerPk@KNpcSet@@QAEHHHHH@Z 100269b0 f   KNpcSet.obj
 0001:00025ac0       ?ClearActivateFlagOfAllNpc@KNpcSet@@QAEXXZ 10026ac0 f   KNpcSet.obj
 0001:00025b00       ?GetAroundOpenCaptain@KNpcSet@@QAEXH@Z 10026b00 f   KNpcSet.obj
 0001:00025c90       ?SearchNpcAt@KNpcSet@@QAEHHHHH@Z 10026c90 f   KNpcSet.obj
 0001:00025e00       ?IsNpcRequestExist@KNpcSet@@QAEHK@Z 10026e00 f   KNpcSet.obj
 0001:00025e20       ?InsertNpcRequest@KNpcSet@@QAEXK@Z 10026e20 f   KNpcSet.obj
 0001:00025e80       ?RemoveNpcRequest@KNpcSet@@QAEXK@Z 10026e80 f   KNpcSet.obj
 0001:00025ed0       ?GetRequestIndex@KNpcSet@@QAEHK@Z 10026ed0 f   KNpcSet.obj
 0001:00025f10       ?GetRelation@KNpcSet@@QAE?AW4NPC_RELATION@@HH@Z 10026f10 f   KNpcSet.obj
 0001:00026180       ??0KInstantSpecial@@QAE@XZ 10027180 f   KNpcSet.obj
 0001:000261d0       ?LoadSprName@KInstantSpecial@@AAEXXZ 100271d0 f   KNpcSet.obj
 0001:00026290       ?LoadSoundName@KInstantSpecial@@AAEXXZ 10027290 f   KNpcSet.obj
 0001:00026380       ?GetSprName@KInstantSpecial@@QAEXHPADH@Z 10027380 f   KNpcSet.obj
 0001:00026410       ?PlaySoundA@KInstantSpecial@@QAEXH@Z 10027410 f   KNpcSet.obj
 0001:000264b0       ?InitNpcBaseData@KNpcTemplate@@QAEXH@Z 100274b0 f   KNpcTemplate.obj
 0001:00026700       ?InitNpcLevelData@KNpcTemplate@@QAEXPAVKTabFile@@HPAVKLuaScript@@HH@Z 10027700 f   KNpcTemplate.obj
 0001:00026840       ?GetNpcLevelDataFromScript@KNpcTemplate@@SAHPAVKLuaScript@@PADHH1@Z 10027840 f   KNpcTemplate.obj
 0001:000268d0       ?GetNpcLevelDataFromScript@KNpcTemplate@@SAHPAVKLuaScript@@PADHHNNN@Z 100278d0 f   KNpcTemplate.obj
 0001:00026970       ?SkillString2Id@KNpcTemplate@@SAHPAD@Z 10027970 f   KNpcTemplate.obj
 0001:00026a80       ??0KPlayer@@QAE@XZ         10027a80 f   KPlayer.obj
 0001:00026bc0       ??1KPlayerAI@@QAE@XZ       10027bc0 f i KPlayer.obj
 0001:00026bd0       ??1KEquipmentArray@@QAE@XZ 10027bd0 f i KPlayer.obj
 0001:00026be0       ??1KPlayerChat@@QAE@XZ     10027be0 f i KPlayer.obj
 0001:00026c50       ??1CChatFriendTeam@@QAE@XZ 10027c50 f i KPlayer.obj
 0001:00026c60       ??1KPlayer@@QAE@XZ         10027c60 f   KPlayer.obj
 0001:00026d10       ?Release@KPlayer@@QAEXXZ   10027d10 f   KPlayer.obj
 0001:00026e90       ?SetPlayerIndex@KPlayer@@QAEXH@Z 10027e90 f   KPlayer.obj
 0001:00026eb0       ?GetPlayerIndex@KPlayer@@QAEHXZ 10027eb0 f   KPlayer.obj
 0001:00026ec0       ?Active@KPlayer@@QAEXXZ    10027ec0 f   KPlayer.obj
 0001:00027040       ?ProcessMsg@KPlayer@@QAEXPAVKWorldMsgNode@@@Z 10028040 f   KPlayer.obj
 0001:00027050       ?ProcessInputMsg@KPlayer@@QAEXIIJ@Z 10028050 f   KPlayer.obj
 0001:000271c0       ?OnButtonDown@KPlayer@@AAEXHHHW4MOUSE_BUTTON@@@Z 100281c0 f   KPlayer.obj
 0001:00027210       ?OnButtonMove@KPlayer@@AAEXHHHW4MOUSE_BUTTON@@@Z 10028210 f   KPlayer.obj
 0001:00027240       ?OnButtonUp@KPlayer@@AAEXHHW4MOUSE_BUTTON@@@Z 10028240 f   KPlayer.obj
 0001:00027250       ?OnMouseMove@KPlayer@@AAEXHH@Z 10028250 f   KPlayer.obj
 0001:000273b0       ?ProcessMouse@KPlayer@@AAEXHHHW4MOUSE_BUTTON@@@Z 100283b0 f   KPlayer.obj
 0001:000279a0       ?Walk@KPlayer@@QAEXHH@Z    100289a0 f   KPlayer.obj
 0001:00027b30       ?TurnLeft@KPlayer@@QAEXXZ  10028b30 f   KPlayer.obj
 0001:00027b80       ?TurnRight@KPlayer@@QAEXXZ 10028b80 f   KPlayer.obj
 0001:00027bd0       ?TurnBack@KPlayer@@QAEXXZ  10028bd0 f   KPlayer.obj
 0001:00027c20       ?FindSelectNpc@KPlayer@@QAEXHHH@Z 10028c20 f   KPlayer.obj
 0001:00027ca0       ?FindSelectObject@KPlayer@@QAEXHH@Z 10028ca0 f   KPlayer.obj
 0001:00027cd0       ?NetCommandPlayerTalk@KPlayer@@AAEHPAE@Z 10028cd0 f   KPlayer.obj
 0001:00027ce0       ?ConformIdx@KPlayer@@QAEHH@Z 10028ce0 f   KPlayer.obj
 0001:00027d00       ?ResetBaseAttribute@KPlayer@@QAEXD@Z 10028d00 f   KPlayer.obj
 0001:00027ff0       ?CalcCurLucky@KPlayer@@AAEXXZ 10028ff0 f   KPlayer.obj
 0001:00028000       ?ChangeCurStrength@KPlayer@@QAEXH@Z 10029000 f   KPlayer.obj
 0001:00028020       ?ChangeCurDexterity@KPlayer@@QAEXH@Z 10029020 f   KPlayer.obj
 0001:00028090       ?ChangeCurVitality@KPlayer@@QAEXH@Z 10029090 f   KPlayer.obj
 0001:00028160       ?ChangeCurEngergy@KPlayer@@QAEXH@Z 10029160 f   KPlayer.obj
 0001:000281e0       ?AddBaseLucky@KPlayer@@QAEXH@Z 100291e0 f   KPlayer.obj
 0001:00028200       ?SetNpcPhysicsDamage@KPlayer@@AAEXXZ 10029200 f   KPlayer.obj
 0001:00028300       ?SetNpcAttackRating@KPlayer@@AAEXXZ 10029300 f   KPlayer.obj
 0001:00028340       ?SetNpcDefence@KPlayer@@AAEXXZ 10029340 f   KPlayer.obj
 0001:00028380       ?AddExp@KPlayer@@QAEXMHH@Z 10029380 f   KPlayer.obj
 0001:000283a0       ?AddSelfExp@KPlayer@@QAEXHH@Z 100293a0 f   KPlayer.obj
 0001:000284a0       ?DirectAddExp@KPlayer@@QAEXH@Z 100294a0 f   KPlayer.obj
 0001:00028500       ?LevelUp@KPlayer@@QAEXXZ   10029500 f   KPlayer.obj
 0001:00028a70       ?UpdataCurData@KPlayer@@QAEXXZ 10029a70 f   KPlayer.obj
 0001:00029650       ?ReCalcEquip@KPlayer@@QAEXXZ 1002a650 f   KPlayer.obj
 0001:000296f0       ?ReCalcState@KPlayer@@QAEXXZ 1002a6f0 f   KPlayer.obj
 0001:00029720       ?AddLeadExp@KPlayer@@QAEXH@Z 1002a720 f   KPlayer.obj
 0001:000297b0       ?LevelAddBaseLifeMax@KPlayer@@AAEXXZ 1002a7b0 f   KPlayer.obj
 0001:00029830       ?LevelAddBaseStaminaMax@KPlayer@@AAEXXZ 1002a830 f   KPlayer.obj
 0001:000298c0       ?LevelAddBaseManaMax@KPlayer@@AAEXXZ 1002a8c0 f   KPlayer.obj
 0001:00029940       ?ChangePlayerCamp@KPlayer@@QAEXH@Z 1002a940 f   KPlayer.obj
 0001:00029970       ?ApplyTeamInfo@KPlayer@@QAEXK@Z 1002a970 f   KPlayer.obj
 0001:000299c0       ?ApplySelfTeamInfo@KPlayer@@QAEXXZ 1002a9c0 f   KPlayer.obj
 0001:000299f0       ?ApplyCreateTeam@KPlayer@@QAEHXZ 1002a9f0 f   KPlayer.obj
 0001:00029a00       ?ApplyTeamOpenClose@KPlayer@@QAEHH@Z 1002aa00 f   KPlayer.obj
 0001:00029af0       ?ApplyAddTeam@KPlayer@@QAEXH@Z 1002aaf0 f   KPlayer.obj
 0001:00029c50       ?AcceptTeamMember@KPlayer@@QAEXK@Z 1002ac50 f   KPlayer.obj
 0001:00029d00       ?TeamDropApplyOne@KPlayer@@QAEXK@Z 1002ad00 f   KPlayer.obj
 0001:00029d50       ?LeaveTeam@KPlayer@@QAEXXZ 1002ad50 f   KPlayer.obj
 0001:00029d90       ?TeamKickMember@KPlayer@@QAEXK@Z 1002ad90 f   KPlayer.obj
 0001:00029df0       ?ApplyTeamChangeCaptain@KPlayer@@QAEXK@Z 1002adf0 f   KPlayer.obj
 0001:00029e50       ?ApplyTeamDismiss@KPlayer@@QAEXXZ 1002ae50 f   KPlayer.obj
 0001:00029eb0       ?ApplySetPK@KPlayer@@QAEXH@Z 1002aeb0 f   KPlayer.obj
 0001:00029f00       ?ApplyFactionData@KPlayer@@QAEXXZ 1002af00 f   KPlayer.obj
 0001:00029f40       ?SendChat@KPlayer@@QAEXPAUKUiMsgParam@@PAD@Z 1002af40 f   KPlayer.obj
 0001:00029fd0       ?ApplyAddBaseAttribute@KPlayer@@QAEXHH@Z 1002afd0 f   KPlayer.obj
 0001:0002a040       ?ApplyAddSkillLevel@KPlayer@@QAEHHH@Z 1002b040 f   KPlayer.obj
 0001:0002a110       ?ApplyUseItem@KPlayer@@QAEHHUItemPos@@@Z 1002b110 f   KPlayer.obj
 0001:0002a420       ?PickUpObj@KPlayer@@QAEXH@Z 1002b420 f   KPlayer.obj
 0001:0002a5b0       ?ObjMouseClick@KPlayer@@QAEXH@Z 1002b5b0 f   KPlayer.obj
 0001:0002a640       ?MoveItem@KPlayer@@QAEXUItemPos@@0@Z 1002b640 f   KPlayer.obj
 0001:0002a900       ?ThrowAwayItem@KPlayer@@QAEHXZ 1002b900 f   KPlayer.obj
 0001:0002ab70       ?AutoThrowAwayItem@KPlayer@@QAEHH@Z 1002bb70 f   KPlayer.obj
 0001:0002ace0       ?ChatAddFriend@KPlayer@@QAEXH@Z 1002bce0 f   KPlayer.obj
 0001:0002ad30       ?ChatRefuseFriend@KPlayer@@QAEXH@Z 1002bd30 f   KPlayer.obj
 0001:0002ad80       ?TradeApplyOpen@KPlayer@@QAEXPADH@Z 1002bd80 f   KPlayer.obj
 0001:0002ae10       ?TradeApplyClose@KPlayer@@QAEXXZ 1002be10 f   KPlayer.obj
 0001:0002ae60       ?TradeApplyStart@KPlayer@@QAEXH@Z 1002be60 f   KPlayer.obj
 0001:0002af60       ?TradeMoveMoney@KPlayer@@QAEHH@Z 1002bf60 f   KPlayer.obj
 0001:0002b000       ?TradeDecision@KPlayer@@QAEXH@Z 1002c000 f   KPlayer.obj
 0001:0002b0a0       ?TradeApplyLock@KPlayer@@QAEXH@Z 1002c0a0 f   KPlayer.obj
 0001:0002b120       ?s2cApplyAddTeam@KPlayer@@QAEXPAE@Z 1002c120 f   KPlayer.obj
 0001:0002b370       ?TaskGetSaveVal@KPlayer@@QAEHH@Z 1002c370 f   KPlayer.obj
 0001:0002b390       ?TaskSetSaveVal@KPlayer@@QAEXHH@Z 1002c390 f   KPlayer.obj
 0001:0002b450       ?TaskGetClearVal@KPlayer@@QAEHH@Z 1002c450 f   KPlayer.obj
 0001:0002b470       ?TaskSetClearVal@KPlayer@@QAEXHH@Z 1002c470 f   KPlayer.obj
 0001:0002b490       ?CheckRideHorse@KPlayer@@QAEXH@Z 1002c490 f   KPlayer.obj
 0001:0002b570       ?SetLevel@KPlayer@@QAEXE@Z 1002c570 f   KPlayer.obj
 0001:0002bd90       ?RefeshPlayer@KPlayer@@QAEX_N@Z 1002cd90 f   KPlayer.obj
 0001:0002be00       ?AddAllSkillPoint@KPlayer@@QAEXH@Z 1002ce00 f   KPlayer.obj
 0001:0002be60       ?AddSkillPoint@KPlayer@@QAEXHH@Z 1002ce60 f   KPlayer.obj
 0001:0002bfc0       ?UpdateSkillPointAdd@KPlayer@@QAEXXZ 1002cfc0 f   KPlayer.obj
 0001:0002c010       ?SetDefaultImmedSkill@KPlayer@@QAEXXZ 1002d010 f   KPlayer.obj
 0001:0002c0b0       ?SetLeftSkill@KPlayer@@QAEXH@Z 1002d0b0 f   KPlayer.obj
 0001:0002c110       ?SetRightSkill@KPlayer@@QAEXH@Z 1002d110 f   KPlayer.obj
 0001:0002c200       ?UpdateWeaponSkill@KPlayer@@QAEXXZ 1002d200 f   KPlayer.obj
 0001:0002c300       ?SetChatCurChannel@KPlayer@@QAEXH@Z 1002d300 f   KPlayer.obj
 0001:0002c320       ?TeamInviteAdd@KPlayer@@QAEXK@Z 1002d320 f   KPlayer.obj
 0001:0002c340       ?ExecuteScript@KPlayer@@QAEHPAD0H@Z 1002d340 f   KPlayer.obj
 0001:0002c380       ?ExecuteScript@KPlayer@@QAEHKPADH@Z 1002d380 f   KPlayer.obj
 0001:0002c560       ?ExecuteScript@KPlayer@@QAEHKPAD0@Z 1002d560 f   KPlayer.obj
 0001:0002c730       ?ExecuteScript@KPlayer@@QAEHPAD00@Z 1002d730 f   KPlayer.obj
 0001:0002c780       ?ExecuteScript2@KPlayer@@QAEHPAD0HHH@Z 1002d780 f   KPlayer.obj
 0001:0002c7d0       ?ExecuteScript2@KPlayer@@QAEHKPADHHH@Z 1002d7d0 f   KPlayer.obj
 0001:0002c9d0       ?ExecuteScript2@KPlayer@@QAEHPAD0H0H@Z 1002d9d0 f   KPlayer.obj
 0001:0002ca20       ?ExecuteScript2@KPlayer@@QAEHKPADH0H@Z 1002da20 f   KPlayer.obj
 0001:0002cc20       ?DoScriptAction@KPlayer@@QAEXPAUPLAYER_SCRIPTACTION_SYNC@@@Z 1002dc20 f   KPlayer.obj
 0001:0002cc40       ?ProcessPlayerSelectFromUI@KPlayer@@QAEXPAE@Z 1002dc40 f   KPlayer.obj
 0001:0002cd90       ?OnSelectFromUI@KPlayer@@QAEXPAUPLAYER_SELECTUI_COMMAND@@W4UIInfo@@@Z 1002dd90 f   KPlayer.obj
 0001:0002cf30       ?ChatFriendOnLine@KPlayer@@QAEXKH@Z 1002df30 f   KPlayer.obj
 0001:0002d040       ?GetFactionName@KPlayer@@QAEXPADH@Z 1002e040 f   KPlayer.obj
 0001:0002d060       ?OnScriptAction@KPlayer@@QAEXPAUPLAYER_SCRIPTACTION_SYNC@@@Z 1002e060 f   KPlayer.obj
 0001:0002ded0       ??_GKLuaScript@@UAEPAXI@Z  1002eed0 f i KPlayer.obj
 0001:0002ded0       ??_EKLuaScript@@UAEPAXI@Z  1002eed0 f i KPlayer.obj
 0001:0002def0       ?s2cTradeChangeState@KPlayer@@QAEXPAE@Z 1002eef0 f   KPlayer.obj
 0001:0002e1f0       ?s2cLevelUp@KPlayer@@QAEXPAE@Z 1002f1f0 f   KPlayer.obj
 0001:0002ea60       ?s2cGetCurAttribute@KPlayer@@QAEXPAE@Z 1002fa60 f   KPlayer.obj
 0001:0002ef20       ?s2cSetExp@KPlayer@@QAEXH@Z 1002ff20 f   KPlayer.obj
 0001:0002efe0       ?s2cSyncMoney@KPlayer@@QAEXPAE@Z 1002ffe0 f   KPlayer.obj
 0001:0002f0d0       ?s2cTradeApplyStart@KPlayer@@QAEXPAE@Z 100300d0 f   KPlayer.obj
 0001:0002f1b0       ?s2cTradeMoneySync@KPlayer@@QAEXPAE@Z 100301b0 f   KPlayer.obj
 0001:0002f1f0       ?s2cTradeDecision@KPlayer@@QAEXPAE@Z 100301f0 f   KPlayer.obj
 0001:0002f380       ?GetRightSkillID@KPlayer@@QBEHXZ 10030380 f   KPlayer.obj
 0001:0002f390       ?GetRightSkillLevel@KPlayer@@QBEHXZ 10030390 f   KPlayer.obj
 0001:0002f3a0       ?ForceReapplyRightAura@KPlayer@@QAEXXZ 100303a0 f   KPlayer.obj
 0001:0002f410       ?SyncCurPlayer@KPlayer@@QAEXPAE@Z 10030410 f   KPlayer.obj
 0001:0002f9b0       ?CheckTrading@KPlayer@@QAEHXZ 100309b0 f   KPlayer.obj
 0001:0002f9c0       ?SetFirstDamage@KPlayer@@QAEXXZ 100309c0 f   KPlayer.obj
 0001:0002ff20       ?SetBaseAttackRating@KPlayer@@QAEXXZ 10030f20 f   KPlayer.obj
 0001:0002ff50       ?SetBaseDefence@KPlayer@@QAEXXZ 10030f50 f   KPlayer.obj
 0001:0002ff80       ?SetBaseResistData@KPlayer@@QAEXXZ 10030f80 f   KPlayer.obj
 0001:000301f0       ?SetBaseSpeedAndRadius@KPlayer@@QAEXXZ 100311f0 f   KPlayer.obj
 0001:000302d0       ?DialogNpc@KPlayer@@QAEXH@Z 100312d0 f   KPlayer.obj
 0001:00030380       ?CheckObject@KPlayer@@QAEXH@Z 10031380 f   KPlayer.obj
 0001:00030430       ?ShopApplyOpen@KPlayer@@QAEHXZ 10031430 f   KPlayer.obj
 0001:000305c0       ?ShopApplyClose@KPlayer@@QAEHXZ 100315c0 f   KPlayer.obj
 0001:00030660       ?DrawSelectInfo@KPlayer@@QAEXXZ 10031660 f   KPlayer.obj
 0001:000307e0       ?GetEchoDamage@KPlayer@@QAEXPAH00H@Z 100317e0 f   KPlayer.obj
 0001:00031140       ?SetNpcDamageAttrib@KPlayer@@QAEXXZ 10032140 f   KPlayer.obj
 0001:00031150       ?SetBronzeCoin@KPlayer@@QAEXH@Z 10032150 f   KPlayer.obj
 0001:00031160       ?GetBronzeCoin@KPlayer@@QAEHXZ 10032160 f   KPlayer.obj
 0001:00031170       ?SetLockBronzeCoin@KPlayer@@QAEXH@Z 10032170 f   KPlayer.obj
 0001:00031180       ?GetLockBronzeCoin@KPlayer@@QAEHXZ 10032180 f   KPlayer.obj
 0001:00031190       ?HideMask@KPlayer@@QAEXH@Z 10032190 f   KPlayer.obj
 0001:00031250       ?SetExpAddNo@KPlayer@@AAEXH@Z 10032250 f   KPlayer.obj
 0001:00031290       ?ClientSystemMsg@KPlayer@@QAEXPBD0@Z 10032290 f   KPlayer.obj
 0001:000312d0       ?SetAutoFlag@KPlayer@@QAEXH@Z 100322d0 f   KPlayer.obj
 0001:000312e0       ?SetStoreBoxNum@KPlayer@@QAEXE@Z 100322e0 f   KPlayer.obj
 0001:00031300       ?SetExpandBoxNum@KPlayer@@QAEXE@Z 10032300 f   KPlayer.obj
 0001:00031320       ?FindSame@KEquipmentArray@@QAEHH@Z 10032320 f   KPlayerAI.obj
 0001:00031340       ?Init@KPlayerAI@@QAEXXZ    10032340 f   KPlayerAI.obj
 0001:00031350       ?Release@KPlayerAI@@QAEXXZ 10032350 f   KPlayerAI.obj
 0001:00031680       ?ResetAuto@KPlayerAI@@QAEXXZ 10032680 f   KPlayerAI.obj
 0001:00031730       ?SendAroundAuto@KPlayerAI@@QAEXH@Z 10032730 f   KPlayerAI.obj
 0001:00031820       ?Active@KPlayerAI@@QAEXXZ  10032820 f   KPlayerAI.obj
 0001:00032140       ?FindNearNpc2Array@KPlayerAI@@QAEHH@Z 10033140 f   KPlayerAI.obj
 0001:00032390       ?AutoAddNpc2Array@KPlayerAI@@QAEHH@Z 10033390 f   KPlayerAI.obj
 0001:00032d10       ?PlayerFollowActack@KPlayerAI@@QAEXH@Z 10033d10 f   KPlayerAI.obj
 0001:000336a0       ?AutoReturn@KPlayerAI@@QAEHXZ 100346a0 f   KPlayerAI.obj
 0001:000337f0       ?PlayerMoveMps@KPlayerAI@@QAEHXZ 100347f0 f   KPlayerAI.obj
 0001:00033a00       ?MoveTo@KPlayerAI@@QAEXHH@Z 10034a00 f   KPlayerAI.obj
 0001:00033b40       ?IsNotValidNpc@KPlayerAI@@QAEHH@Z 10034b40 f   KPlayerAI.obj
 0001:00033cd0       ?DefensePlayer@KPlayerAI@@QAEHH@Z 10034cd0 f   KPlayerAI.obj
 0001:00033df0       ?CheckPlayerRider@KPlayerAI@@QAEXXZ 10034df0 f   KPlayerAI.obj
 0001:00033e90       ?AutoBuffSkillState@KPlayerAI@@QAEHXZ 10034e90 f   KPlayerAI.obj
 0001:00034040       ?AutoBuffEmi@KPlayerAI@@QAEHXZ 10035040 f   KPlayerAI.obj
 0001:00034400       ?PlayerSwitchAura@KPlayerAI@@QAEXXZ 10035400 f   KPlayerAI.obj
 0001:00034480       ?PlayerBuffWhenManaSmall@KPlayerAI@@QAEXXZ 10035480 f   KPlayerAI.obj
 0001:00034550       ?PlayerActiveFightHand@KPlayerAI@@QAEXXZ 10035550 f   KPlayerAI.obj
 0001:00034620       ?InviteParty@KPlayerAI@@QAEXXZ 10035620 f   KPlayerAI.obj
 0001:00034740       ?CheckPTList@KPlayerAI@@QAEHPBD@Z 10035740 f   KPlayerAI.obj
 0001:000347b0       ?IsRAPEquip@KPlayerAI@@QAEHH@Z 100357b0 f   KPlayerAI.obj
 0001:000347d0       ?IsEquipSatisfyCondition@KPlayerAI@@QAEHH@Z 100357d0 f   KPlayerAI.obj
 0001:00034840       ?PlayerFilterEquip@KPlayerAI@@QAEXXZ 10035840 f   KPlayerAI.obj
 0001:00034b90       ?FindObjectNearPlayer@KPlayerAI@@QAEHXZ 10035b90 f   KPlayerAI.obj
 0001:000350b0       ?FindNearObject2Array@KPlayerAI@@QAEHXZ 100360b0 f   KPlayerAI.obj
 0001:000352c0       ?IsNotValidObject@KPlayerAI@@QAEHH@Z 100362c0 f   KPlayerAI.obj
 0001:000353c0       ?PlayerFollowObject@KPlayerAI@@QAEHH@Z 100363c0 f   KPlayerAI.obj
 0001:000355a0       ?PlayerEatAItem@KPlayerAI@@QAEHXZ 100365a0 f   KPlayerAI.obj
 0001:00035b30       ?PlayerUseItem@KPlayerAI@@QAEHH@Z 10036b30 f   KPlayerAI.obj
 0001:00035f90       ?EatFullBox@KPlayerAI@@QAEXXZ 10036f90 f   KPlayerAI.obj
 0001:00036090       ?RepairEquip@KPlayerAI@@QAEHXZ 10037090 f   KPlayerAI.obj
 0001:00036230       ?SaveMoney@KPlayerAI@@QAEHXZ 10037230 f   KPlayerAI.obj
 0001:000362a0       ?BackToMap@KPlayerAI@@QAEXXZ 100372a0 f   KPlayerAI.obj
 0001:000364d0       ?BackMapTrain@KPlayerAI@@QAEXXZ 100374d0 f   KPlayerAI.obj
 0001:00036760       ?MoveItemToBox@KPlayerAI@@QAEXXZ 10037760 f   KPlayerAI.obj
 0001:00036bb0       ?PaintActionAuto@KPlayerAI@@QAEXHHHH@Z 10037bb0 f   KPlayerAI.obj
 0001:00036bf0       ?Release@KPlayerChat@@QAEXXZ 10037bf0 f   KPlayerChat.obj
 0001:00036cc0       ?CheckExist@KPlayerChat@@QAEHK@Z 10037cc0 f   KPlayerChat.obj
 0001:00036d20       ?CheckExist@KPlayerChat@@QAEHPAD@Z 10037d20 f   KPlayerChat.obj
 0001:00036dc0       ?GetFriendNode@KPlayerChat@@QAEPAVCChatFriend@@K@Z 10037dc0 f   KPlayerChat.obj
 0001:00036e10       ?GetTeamNo@KPlayerChat@@QAEHK@Z 10037e10 f   KPlayerChat.obj
 0001:00036e70       ?GetName@KPlayerChat@@QAEHKPAD@Z 10037e70 f   KPlayerChat.obj
 0001:00036ee0       ?SetCurChannel@KPlayerChat@@QAEXHKH@Z 10037ee0 f   KPlayerChat.obj
 0001:00036f60       ?AddChannel@KPlayerChat@@QAEXH@Z 10037f60 f   KPlayerChat.obj
 0001:00036fe0       ?SubChannel@KPlayerChat@@QAEXH@Z 10037fe0 f   KPlayerChat.obj
 0001:00037050       ?SendTakeChannel@KPlayerChat@@QAEXXZ 10038050 f   KPlayerChat.obj
 0001:000370a0       ?SendSentence@KPlayerChat@@QAEXPAUKUiMsgParam@@PAD@Z 100380a0 f   KPlayerChat.obj
 0001:00037260       ?QQSendSentence@KPlayerChat@@QAEXKHPAUKUiMsgParam@@PAD@Z 10038260 f   KPlayerChat.obj
 0001:000373d0       ?SetTakeChannel@KPlayerChat@@QAEXK@Z 100383d0 f   KPlayerChat.obj
 0001:00037400       ?GetChat@KPlayerChat@@QAEXPAUPLAYER_SEND_CHAT_DATA_SYNC@@@Z 10038400 f   KPlayerChat.obj
 0001:00037940       ?ApplyAddFriend@KPlayerChat@@QAEXKPAD@Z 10038940 f   KPlayerChat.obj
 0001:00037aa0       ?GetApplyOneInfo@KPlayerChat@@QAEHPAHPAD1@Z 10038aa0 f   KPlayerChat.obj
 0001:00037b50       ?SaveTeamInfo@KPlayerChat@@QAEXPAD@Z 10038b50 f   KPlayerChat.obj
 0001:00037d20       ?SaveTakeChannelInfo@KPlayerChat@@QAEXPAD@Z 10038d20 f   KPlayerChat.obj
 0001:00037e20       ?LoadTakeChannelInfo@KPlayerChat@@QAEXPAD@Z 10038e20 f   KPlayerChat.obj
 0001:00037f80       ?CheckTeamNo@KPlayerChat@@QAEHPAD0@Z 10038f80 f   KPlayerChat.obj
 0001:00038270       ?LoadTeamName@KPlayerChat@@QAEXPAD@Z 10039270 f   KPlayerChat.obj
 0001:00038440       ?AddOne@KPlayerChat@@QAEXKHPADH@Z 10039440 f   KPlayerChat.obj
 0001:00038520       ??_ECChatFriend@@UAEPAXI@Z 10039520 f i KPlayerChat.obj
 0001:00038520       ??_GCChatFriend@@UAEPAXI@Z 10039520 f i KPlayerChat.obj
 0001:00038540       ??1CChatFriend@@UAE@XZ     10039540 f i KPlayerChat.obj
 0001:00038550       ?CheckIsFriend@KPlayerChat@@QAEHH@Z 10039550 f   KPlayerChat.obj
 0001:000385b0       ?AddTeam@KPlayerChat@@QAEHPAD0@Z 100395b0 f   KPlayerChat.obj
 0001:00038760       ?RenameTeam@KPlayerChat@@QAEHHPAD0@Z 10039760 f   KPlayerChat.obj
 0001:000388e0       ?DeleteTeam@KPlayerChat@@QAEHHPAD@Z 100398e0 f   KPlayerChat.obj
 0001:00038a40       ?OneFriendChangeTeam@KPlayerChat@@QAEHKHH@Z 10039a40 f   KPlayerChat.obj
 0001:00038b40       ?GetMsgOffLine@KPlayerChat@@QAEXK@Z 10039b40 f   KPlayerChat.obj
 0001:00038c30       ?CheckTakeChannel@KPlayerChat@@QAEHH@Z 10039c30 f   KPlayerChat.obj
 0001:00038c60       ?ApplyDeleteFriend@KPlayerChat@@QAEXKHPAD@Z 10039c60 f   KPlayerChat.obj
 0001:00038d80       ?CheckTalkChannel@KPlayerChat@@QAEHH@Z 10039d80 f   KPlayerChat.obj
 0001:00038db0       ?SendSelectChannelList@KPlayerChat@@QAEHPAUKUiChatChannel@@H@Z 10039db0 f   KPlayerChat.obj
 0001:00038f80       ?SendTakeChannelList@KPlayerChat@@QAEHPAUKUiChatChannel@@H@Z 10039f80 f   KPlayerChat.obj
 0001:00039100       ?GetCurChannel@KPlayerChat@@QAEHPAUKUiChatChannel@@@Z 1003a100 f   KPlayerChat.obj
 0001:00039210       ?IGetTeamInfo@KPlayerChat@@QAEHHPAUKUiChatGroupInfo@@@Z 1003a210 f   KPlayerChat.obj
 0001:00039290       ?IGetTeamFriendInfo@KPlayerChat@@QAEHHPAUKUiPlayerItem@@@Z 1003a290 f   KPlayerChat.obj
 0001:00039360       ??0CChatFriendTeam@@QAE@XZ 1003a360 f   KPlayerChat.obj
 0001:000393b0       ?Release@CChatFriendTeam@@QAEXXZ 1003a3b0 f   KPlayerChat.obj
 0001:00039420       ?SetTime@KCHAT_RECORDER@@AAEXXZ 1003a420 f   KPlayerChat.obj
 0001:000394a0       ?SaveSentenceSingle@KCHAT_RECORDER@@QAEXPAD000@Z 1003a4a0 f   KPlayerChat.obj
 0001:000394b0       ?SaveSentenceChannel@KCHAT_RECORDER@@QAEXPAD00@Z 1003a4b0 f   KPlayerChat.obj
 0001:000394c0       ??0KPlayerFaction@@QAE@XZ  1003a4c0 f   KPlayerFaction.obj
 0001:000394d0       ?Release@KPlayerFaction@@QAEXXZ 1003a4d0 f   KPlayerFaction.obj
 0001:000394f0       ?SetSeries@KPlayerFaction@@QAEXH@Z 1003a4f0 f   KPlayerFaction.obj
 0001:00039500       ?AddFaction@KPlayerFaction@@QAEHHPAD@Z 1003a500 f   KPlayerFaction.obj
 0001:00039540       ?AddFaction@KPlayerFaction@@QAEHHH@Z 1003a540 f   KPlayerFaction.obj
 0001:000395a0       ?LeaveFaction@KPlayerFaction@@QAEXXZ 1003a5a0 f   KPlayerFaction.obj
 0001:000395b0       ?OpenCurSkillLevel@KPlayerFaction@@QAEHHPAVKSkillList@@@Z 1003a5b0 f   KPlayerFaction.obj
 0001:000395c0       ?GetGurFactionCamp@KPlayerFaction@@QAEHXZ 1003a5c0 f   KPlayerFaction.obj
 0001:00039600       ?GetCurFactionNo@KPlayerFaction@@QAEHXZ 1003a600 f   KPlayerFaction.obj
 0001:00039610       ?GetCurFactionName@KPlayerFaction@@QAEXPAD@Z 1003a610 f   KPlayerFaction.obj
 0001:00039670       ??0KPlayerMenuState@@QAE@XZ 1003a670 f   KPlayerMenuState.obj
 0001:00039680       ?Release@KPlayerMenuState@@QAEXXZ 1003a680 f   KPlayerMenuState.obj
 0001:000396b0       ?SetState@KPlayerMenuState@@QAEXH@Z 1003a6b0 f   KPlayerMenuState.obj
 0001:000396d0       ?Init@KPlayerMenuStateGraph@@QAEHXZ 1003a6d0 f   KPlayerMenuState.obj
 0001:00039790       ?GetStateSpr@KPlayerMenuStateGraph@@QAEXHPAD@Z 1003a790 f   KPlayerMenuState.obj
 0001:000397d0       ?Init@KPlayerPK@@QAEXXZ    1003a7d0 f   KPlayerPK.obj
 0001:000397f0       ?Active@KPlayerPK@@QAEXXZ  1003a7f0 f   KPlayerPK.obj
 0001:00039800       ?SetNormalPKState@KPlayerPK@@QAEXEH@Z 1003a800 f   KPlayerPK.obj
 0001:000398c0       ?ApplySetNormalPKState@KPlayerPK@@QAEXE@Z 1003a8c0 f   KPlayerPK.obj
 0001:00039910       ?GetNormalPKState@KPlayerPK@@QAEEXZ 1003a910 f   KPlayerPK.obj
 0001:00039920       ?ApplyEnmityPK@KPlayerPK@@QAEXPAD@Z 1003a920 f   KPlayerPK.obj
[...]
 0003:01ceae80       ?g_bPingReply@@3HA         11d74e80     KCore.obj
 0003:01ceae84       ?g_pClient@@3PAUIClient@@A 11d74e84     KCore.obj
 0003:01ceae88       ?g_TitleTabSetting@@3VKTabFile@@A 11d74e88     KCore.obj
 0003:01ceaea8       ?g_MapTrafficSetting@@3VKIniFile@@A 11d74ea8     KCore.obj
 0003:01ceaf08       ?g_StateIniSetting@@3VKIniFile@@A 11d74f08     KCore.obj
 0003:01ceaf68       ?g_RankTabSetting@@3VKTabFile@@A 11d74f68     KCore.obj
 0003:01ceaf88       ?g_ClientWeaponSkillTabFile@@3VKTabFile@@A 11d74f88     KCore.obj
 0003:01ceafa8       ?g_pAdjustColorTab@@3PAIA  11d74fa8     KCore.obj
 0003:01ceafac       ?g_ulAdjustColorCount@@3IA 11d74fac     KCore.obj
 0003:01ceafb0       ?g_bUISelIntelActiveWithServer@@3HA 11d74fb0     KCore.obj
 0003:01ceafb4       ?g_bUISpeakActiveWithServer@@3HA 11d74fb4     KCore.obj
 0003:01ceafb8       ?g_bUISelLastSelCount@@3HA 11d74fb8     KCore.obj
 0003:01ceafbc       ?g_pMusic@@3PAVKMusic@@A   11d74fbc     KCore.obj
 0003:01ceafc0       ?g_pNpcLevelScript@@3PAVKLuaScript@@A 11d74fc0     KCore.obj
 0003:01ceafc8       ?SubWorld@@3PAVKSubWorld@@A 11d74fc8     KSubWorld.obj
 0003:01ceb0c8       ?nActiveRegionCount@@3HA   11d750c8     KSubWorldSet.obj
 0003:01ceb0d0       ?g_SubWorldSet@@3VKSubWorldSet@@A 11d750d0     KSubWorldSet.obj
 0003:01cf71d8       ?g_nConquerSeries@@3PAHA   11d811d8     KMath.obj
 0003:01cf71ec       ?g_nAccrueSeries@@3PAHA    11d811ec     KMath.obj
 0003:01cf7200       ?g_ProtocolProcess@@3VKProtocolProcess@@A 11d81200     KProtocolProcess.obj
 0003:01cf75f8       ?g_TempValue@@3PAHA        11d815f8     ScriptFuns.obj
 0003:01cf7dc8       ?g_StoryScriptList@@3VKScriptList@@A 11d81dc8     ScriptFuns.obj
 0003:01cf7de0       ?g_ScriptValueSet@@3VKScriptValueSet@@A 11d81de0     KScriptValueSet.obj
 0003:01cf7e14       ?g_pMainScript@@3PAVKLuaScript@@A 11d81e14     KScriptValueSet.obj
 0003:01cf7e18       ?g_szCurScriptDir@@3PADA   11d81e18     KSortScript.obj
 0003:01cf7f1c       ?nCurrentScriptNum@@3IA    11d81f1c     KSortScript.obj
 0003:01cf7f20       ?g_ScriptBinTree@@3V?$BinSTree@VKSortScriptNode@@@@A 11d81f20     KSortScript.obj
 0003:01cf7f30       ?g_ScriptSet@@3PAVKLuaScript@@A 11d81f30     KSortScript.obj
 0003:01cf7fa8       ?l_pDataChangedNotifyFunc@@3PAUIClientCallback@@A 11d81fa8     CoreShell.obj
 0003:01cf7fb0       ?g_ScenePlace@@3VKScenePlaceC@@A 11d81fb0     KScenePlaceC.obj
 0003:01d6547c       ?g_pRepresent@@3PAUiRepresentShell@@A 11def47c     ImgRef.obj
 0003:01d65480       ?l_Time@@3IA               11def480     ImgRef.obj
 0003:01d65488       ?g_MagicDesc@@3VKMagicDesc@@A 11def488     KMagicDesc.obj
 0003:01d656e8       ?g_StringResourseTabFile@@3VKTabFile@@A 11def6e8     KTaskFuns.obj
 0003:01d65708       ?Option@@3VKOption@@A      11def708     KOption.obj
 0003:01d65718       ?Ladder@@3VKLadder@@A      11def718     KLadder.obj
 0003:01d67100       ?g_LoadFile@@3VZLoadFile@@A 11df1100     ZLoadFile.obj
 0003:01d67410       ?g_JXPathFinder@@3VKJXPathFinder@@A 11df1410     KJXPathFinder.obj
 0003:01d6745c       __adjust_fdiv              11df145c     <common>
 0003:01d67460       __pRawDllMain              11df1460     <common>
 0003:01d67464       ___onexitend               11df1464     <common>
 0003:01d67468       ___onexitbegin             11df1468     <common>

 entry point at        0001:00077413

 Static symbols

 0001:00074940       _$E9                       10075940 f   KJXPathFinder.obj
 0001:00074950       _$E6                       10075950 f   KJXPathFinder.obj
 0001:00074960       _$E8                       10075960 f   KJXPathFinder.obj
 0001:00074970       _$E7                       10075970 f   KJXPathFinder.obj
 0001:000743a0       _$E28                      100753a0 f   Kautoai.obj
 0001:000743b0       _$E25                      100753b0 f   Kautoai.obj
 0001:000743c0       _$E27                      100753c0 f   Kautoai.obj
 0001:000743d0       _$E26                      100753d0 f   Kautoai.obj
 0001:000743e0       _$E34                      100753e0 f   Kautoai.obj
 0001:000743f0       _$E31                      100753f0 f   Kautoai.obj
 0001:00074400       _$E33                      10075400 f   Kautoai.obj
 0001:00074410       _$E32                      10075410 f   Kautoai.obj
 0001:00073d40       _$E9                       10074d40 f   ZLoadFile.obj
 0001:00073d50       _$E6                       10074d50 f   ZLoadFile.obj
 0001:00073d60       _$E8                       10074d60 f   ZLoadFile.obj
 0001:00073d70       _$E7                       10074d70 f   ZLoadFile.obj
 0001:00073b50       _$E9                       10074b50 f   KLadder.obj
 0001:00073b60       _$E6                       10074b60 f   KLadder.obj
 0001:00073b70       _$E8                       10074b70 f   KLadder.obj
 0001:00073b80       _$E7                       10074b80 f   KLadder.obj
 0001:00072d80       _$E32                      10073d80 f   KTaskFuns.obj
 0001:00072d90       _$E29                      10073d90 f   KTaskFuns.obj
 0001:00072da0       _$E31                      10073da0 f   KTaskFuns.obj
 0001:00072db0       _$E30                      10073db0 f   KTaskFuns.obj
 0001:00072690       _$E9                       10073690 f   KMagicDesc.obj
 0001:000726a0       _$E6                       100736a0 f   KMagicDesc.obj
 0001:000726b0       _$E8                       100736b0 f   KMagicDesc.obj
 0001:000726c0       _$E7                       100736c0 f   KMagicDesc.obj
 0001:0006f380       _$E7                       10070380 f   SceneMath.obj
 0001:0006f390       _$E6                       10070390 f   SceneMath.obj
 0001:00068c10       _$E13                      10069c10 f   KScenePlaceC.obj
 0001:00068c20       _$E10                      10069c20 f   KScenePlaceC.obj
 0001:00068c30       _$E12                      10069c30 f   KScenePlaceC.obj
 0001:00068c40       _$E11                      10069c40 f   KScenePlaceC.obj
 0001:0005dfb0       _$E33                      1005efb0 f   CoreShell.obj
 0001:0005dfc0       _$E32                      1005efc0 f   CoreShell.obj
 0001:0005d600       _$E9                       1005e600 f   KSortScript.obj
 0001:0005d610       _$E6                       1005e610 f   KSortScript.obj
 0001:0005d630       _$E8                       1005e630 f   KSortScript.obj
 0001:0005d640       _$E7                       1005e640 f   KSortScript.obj
 0001:0005d660       _$E14                      1005e660 f   KSortScript.obj
 0001:0005d670       _$E11                      1005e670 f   KSortScript.obj
 0001:0005d690       _$E13                      1005e690 f   KSortScript.obj
 0001:0005d6a0       _$E12                      1005e6a0 f   KSortScript.obj
 0001:0005d770       ?LoadAllScript@@YAKPAD@Z   1005e770 f   KSortScript.obj
 0001:0005daf0       ?LoadScriptToSortList@@YAHPAD@Z 1005eaf0 f   KSortScript.obj
 0001:0005dbc0       ?LoadScriptToSortListA@@YAHPAD@Z 1005ebc0 f   KSortScript.obj
 0001:0005cdb0       _$E9                       1005ddb0 f   KScriptValueSet.obj
 0001:0005cdc0       _$E6                       1005ddc0 f   KScriptValueSet.obj
 0001:0005cdd0       _$E8                       1005ddd0 f   KScriptValueSet.obj
 0001:0005cde0       _$E7                       1005dde0 f   KScriptValueSet.obj
 0001:0005b2a0       _$E32                      1005c2a0 f   ScriptFuns.obj
 0001:0005b2b0       _$E29                      1005c2b0 f   ScriptFuns.obj
 0001:0005b2c0       _$E31                      1005c2c0 f   ScriptFuns.obj
 0001:0005b2d0       _$E30                      1005c2d0 f   ScriptFuns.obj
 0001:00054110       _$E35                      10055110 f   KProtocolProcess.obj
 0001:00054120       _$E32                      10055120 f   KProtocolProcess.obj
 0001:00054130       _$E34                      10055130 f   KProtocolProcess.obj
 0001:00054140       _$E33                      10055140 f   KProtocolProcess.obj
 0001:00059540       ?sParseUGName@@YAHABV?$basic_string@DU?$char_traits@D@std@@V?$allocator@D@2@@std@@PAV12@1@Z 1005a540 f   KProtocolProcess.obj
 0001:00051b20       _$E31                      10052b20 f   KSubWorldSet.obj
 0001:00051b30       _$E28                      10052b30 f   KSubWorldSet.obj
 0001:00051b40       _$E30                      10052b40 f   KSubWorldSet.obj
 0001:00051b50       _$E29                      10052b50 f   KSubWorldSet.obj
 0001:0004fc40       _$E35                      10050c40 f   KSubWorld.obj
 0001:0004fc50       _$E32                      10050c50 f   KSubWorld.obj
 0001:0004fc70       _$E34                      10050c70 f   KSubWorld.obj
 0001:0004fc80       _$E33                      10050c80 f   KSubWorld.obj
 0001:0004ef90       _$E10                      1004ff90 f   KCore.obj
 0001:0004efa0       _$E7                       1004ffa0 f   KCore.obj
 0001:0004efb0       _$E9                       1004ffb0 f   KCore.obj
 0001:0004efc0       _$E8                       1004ffc0 f   KCore.obj
 0001:0004efd0       _$E19                      1004ffd0 f   KCore.obj
 0001:0004efe0       _$E16                      1004ffe0 f   KCore.obj
 0001:0004eff0       _$E18                      1004fff0 f   KCore.obj
 0001:0004f000       _$E17                      10050000 f   KCore.obj
 0001:0004f010       _$E24                      10050010 f   KCore.obj
 0001:0004f020       _$E21                      10050020 f   KCore.obj
 0001:0004f030       _$E23                      10050030 f   KCore.obj
 0001:0004f040       _$E22                      10050040 f   KCore.obj
 0001:0004f050       _$E29                      10050050 f   KCore.obj
 0001:0004f060       _$E26                      10050060 f   KCore.obj
 0001:0004f070       _$E28                      10050070 f   KCore.obj
 0001:0004f080       _$E27                      10050080 f   KCore.obj
 0001:0004f090       _$E34                      10050090 f   KCore.obj
 0001:0004f0a0       _$E31                      100500a0 f   KCore.obj
 0001:0004f0b0       _$E33                      100500b0 f   KCore.obj
 0001:0004f0c0       _$E32                      100500c0 f   KCore.obj
 0001:0004f0d0       _$E39                      100500d0 f   KCore.obj
 0001:0004f0e0       _$E36                      100500e0 f   KCore.obj
 0001:0004f100       _$E38                      10050100 f   KCore.obj
 0001:0004f110       _$E37                      10050110 f   KCore.obj
 0001:0004f130       _$E44                      10050130 f   KCore.obj
 0001:0004f140       _$E41                      10050140 f   KCore.obj
 0001:0004f150       _$E43                      10050150 f   KCore.obj
 0001:0004f160       _$E42                      10050160 f   KCore.obj
 0001:0004f170       _$E49                      10050170 f   KCore.obj
 0001:0004f180       _$E46                      10050180 f   KCore.obj
 0001:0004f190       _$E48                      10050190 f   KCore.obj
 0001:0004f1a0       _$E47                      100501a0 f   KCore.obj
 0001:0004f1b0       _$E54                      100501b0 f   KCore.obj
 0001:0004f1c0       _$E51                      100501c0 f   KCore.obj
 0001:0004f1d0       _$E53                      100501d0 f   KCore.obj
 0001:0004f1e0       _$E52                      100501e0 f   KCore.obj
 0001:0004f1f0       _$E59                      100501f0 f   KCore.obj
 0001:0004f200       _$E56                      10050200 f   KCore.obj
 0001:0004f210       _$E58                      10050210 f   KCore.obj
 0001:0004f220       _$E57                      10050220 f   KCore.obj
 0001:0004f230       _$E64                      10050230 f   KCore.obj
 0001:0004f240       _$E61                      10050240 f   KCore.obj
 0001:0004f250       _$E63                      10050250 f   KCore.obj
 0001:0004f260       _$E62                      10050260 f   KCore.obj
 0001:0004f270       _$E69                      10050270 f   KCore.obj
 0001:0004f280       _$E66                      10050280 f   KCore.obj
 0001:0004f290       _$E68                      10050290 f   KCore.obj
 0001:0004f2a0       _$E67                      100502a0 f   KCore.obj
 0001:0004f2b0       _$E74                      100502b0 f   KCore.obj
 0001:0004f2c0       _$E71                      100502c0 f   KCore.obj
 0001:0004f2d0       _$E73                      100502d0 f   KCore.obj
 0001:0004f2e0       _$E72                      100502e0 f   KCore.obj
 0001:0004f2f0       _$E79                      100502f0 f   KCore.obj
 0001:0004f300       _$E76                      10050300 f   KCore.obj
 0001:0004f310       _$E78                      10050310 f   KCore.obj
 0001:0004f320       _$E77                      10050320 f   KCore.obj
 0001:0004f330       _$E84                      10050330 f   KCore.obj
 0001:0004f340       _$E81                      10050340 f   KCore.obj
 0001:0004f350       _$E83                      10050350 f   KCore.obj
 0001:0004f360       _$E82                      10050360 f   KCore.obj
 0001:0004f370       _$E89                      10050370 f   KCore.obj
 0001:0004f380       _$E86                      10050380 f   KCore.obj
 0001:0004f390       _$E88                      10050390 f   KCore.obj
 0001:0004f3a0       _$E87                      100503a0 f   KCore.obj
 0001:0004f3b0       _$E94                      100503b0 f   KCore.obj
 0001:0004f3c0       _$E91                      100503c0 f   KCore.obj
 0001:0004f3d0       _$E93                      100503d0 f   KCore.obj
 0001:0004f3e0       _$E92                      100503e0 f   KCore.obj
 0001:0004ed20       _$E29                      1004fd20 f   KViewItem.obj
 0001:0004ed30       _$E28                      1004fd30 f   KViewItem.obj
 0001:0004d930       _$E35                      1004e930 f   KObjSet.obj
 0001:0004d940       _$E32                      1004e940 f   KObjSet.obj
 0001:0004d950       _$E34                      1004e950 f   KObjSet.obj
 0001:0004d960       _$E33                      1004e960 f   KObjSet.obj
 0001:0004c6f0       _$E33                      1004d6f0 f   KObj.obj
 0001:0004c700       _$E32                      1004d700 f   KObj.obj
 0001:0004bda0       _$E9                       1004cda0 f   KItemSet.obj
 0001:0004bdb0       _$E6                       1004cdb0 f   KItemSet.obj
 0001:0004bdc0       _$E8                       1004cdc0 f   KItemSet.obj
 0001:0004bdd0       _$E7                       1004cdd0 f   KItemSet.obj
 0001:00044cb0       _$E28                      10045cb0 f   KItemGenerator.obj
 0001:00044cc0       _$E25                      10045cc0 f   KItemGenerator.obj
 0001:00044cd0       _$E27                      10045cd0 f   KItemGenerator.obj
 0001:00044ce0       _$E26                      10045ce0 f   KItemGenerator.obj
 0001:00044cf0       _$E34                      10045cf0 f   KItemGenerator.obj
 0001:00044d00       _$E31                      10045d00 f   KItemGenerator.obj
 0001:00044d10       _$E33                      10045d10 f   KItemGenerator.obj
 0001:00044d20       _$E32                      10045d20 f   KItemGenerator.obj
 0001:00044d30       _$E39                      10045d30 f   KItemGenerator.obj
 0001:00044d40       _$E36                      10045d40 f   KItemGenerator.obj
 0001:00044d50       _$E38                      10045d50 f   KItemGenerator.obj
 0001:00044d60       _$E37                      10045d60 f   KItemGenerator.obj
 0001:000448e0       _$E9                       100458e0 f   KItemChangeRes.obj
 0001:000448f0       _$E6                       100458f0 f   KItemChangeRes.obj
 0001:00044900       _$E8                       10045900 f   KItemChangeRes.obj
 0001:00044910       _$E7                       10045910 f   KItemChangeRes.obj
 0001:00041640       _$E31                      10042640 f   KItem.obj
 0001:00041650       _$E28                      10042650 f   KItem.obj
 0001:00041670       _$E30                      10042670 f   KItem.obj
 0001:00041680       _$E29                      10042680 f   KItem.obj
 0001:00040300       _$E31                      10041300 f   KBuySell.obj
 0001:00040310       _$E28                      10041310 f   KBuySell.obj
 0001:00040320       _$E30                      10041320 f   KBuySell.obj
 0001:00040330       _$E29                      10041330 f   KBuySell.obj
 0001:0003b320       _$E29                      1003c320 f   KPlayerTeam.obj
 0001:0003b330       _$E28                      1003c330 f   KPlayerTeam.obj
 0001:0003a100       _$E31                      1003b100 f   KPlayerSet.obj
 0001:0003a110       _$E28                      1003b110 f   KPlayerSet.obj
 0001:0003a120       _$E30                      1003b120 f   KPlayerSet.obj
 0001:0003a130       _$E29                      1003b130 f   KPlayerSet.obj
 0001:00026a20       _$E36                      10027a20 f   KPlayer.obj
 0001:00026a30       _$E33                      10027a30 f   KPlayer.obj
 0001:00026a50       _$E35                      10027a50 f   KPlayer.obj
 0001:00026a60       _$E34                      10027a60 f   KPlayer.obj
 0001:00024220       _$E35                      10025220 f   KNpcSet.obj
 0001:00024230       _$E32                      10025230 f   KNpcSet.obj
 0001:00024240       _$E34                      10025240 f   KNpcSet.obj
 0001:00024250       _$E33                      10025250 f   KNpcSet.obj
 0001:000216b0       _$E9                       100226b0 f   KNpcResList.obj
 0001:000216c0       _$E6                       100226c0 f   KNpcResList.obj
 0001:000216d0       _$E8                       100226d0 f   KNpcResList.obj
 0001:000216e0       _$E7                       100226e0 f   KNpcResList.obj
 0001:0001b840       _$E31                      1001c840 f   KNpcAttribModify.obj
 0001:0001b850       _$E28                      1001c850 f   KNpcAttribModify.obj
 0001:0001b860       _$E30                      1001c860 f   KNpcAttribModify.obj
 0001:0001b870       _$E29                      1001c870 f   KNpcAttribModify.obj
 0001:00018750       _$E29                      10019750 f   KNpcAI.obj
 0001:00018760       _$E28                      10019760 f   KNpcAI.obj
 0001:0000d760       _$E35                      1000e760 f   KNpc.obj
 0001:0000d770       _$E32                      1000e770 f   KNpc.obj
 0001:0000d790       _$E34                      1000e790 f   KNpc.obj
 0001:0000d7a0       _$E33                      1000e7a0 f   KNpc.obj
 0001:0000cf20       _$E13                      1000df20 f   KSkillSpecial.obj
 0001:0000cf30       _$E10                      1000df30 f   KSkillSpecial.obj
 0001:0000cf40       _$E12                      1000df40 f   KSkillSpecial.obj
 0001:0000cf50       _$E11                      1000df50 f   KSkillSpecial.obj
 0001:00005720       _$E31                      10006720 f   KSkillManager.obj
 0001:00005730       _$E28                      10006730 f   KSkillManager.obj
 0001:00005740       _$E30                      10006740 f   KSkillManager.obj
 0001:00005750       _$E29                      10006750 f   KSkillManager.obj
 0001:000040e0       _$E9                       100050e0 f   KMissleSet.obj
 0001:000040f0       _$E6                       100050f0 f   KMissleSet.obj
 0001:00004100       _$E8                       10005100 f   KMissleSet.obj
 0001:00004110       _$E7                       10005110 f   KMissleSet.obj
 0001:00000bc0       _$E35                      10001bc0 f   KMissle.obj
 0001:00000bd0       _$E32                      10001bd0 f   KMissle.obj
 0001:00000bf0       _$E34                      10001bf0 f   KMissle.obj
 0001:00000c00       _$E33                      10001c00 f   KMissle.obj
 0001:00000c20       _$E40                      10001c20 f   KMissle.obj
 0001:00000c30       _$E37                      10001c30 f   KMissle.obj
 0001:00000c50       _$E39                      10001c50 f   KMissle.obj
 0001:00000c60       _$E38                      10001c60 f   KMissle.obj
 0001:000772a4       ?ArrayUnwindFilter@@YAHPAU_EXCEPTION_POINTERS@@@Z 100782a4 f   MSVCRT:ehvecdtr.obj
