 CoreClient

 Timestamp is 691098d3 (Sun Nov 09 08:36:19 2025)

 Preferred load address is 10000000

 Start         Length     Name                   Class
 0001:00000000 000763eeH .text                   CODE
 0001:000763f0 000011b3H .text$x                 CODE
 0002:00000000 000002c0H .idata$5                DATA
 0002:000002c0 0000ac1cH .rdata                  DATA
 0002:0000aee0 000014f8H .xdata$x                DATA
 0002:0000c3d8 00000078H .idata$2                DATA
 0002:0000c450 00000014H .idata$3                DATA
 0002:0000c464 000002c0H .idata$4                DATA
 0002:0000c724 00001338H .idata$6                DATA
 0002:0000da60 00001accH .edata                  DATA
 0003:00000000 00000004H .CRT$XCA                DATA
 0003:00000004 000000e4H .CRT$XCU                DATA
 0003:000000e8 00000004H .CRT$XCZ                DATA
 0003:000000ec 00000004H .CRT$XIA                DATA
 0003:000000f0 00000004H .CRT$XIZ                DATA
 0003:00000100 00005900H .data                   DATA
 0003:00005a00 01d6056cH .bss                    DATA

  Address         Publics by Value              Rva+Base     Lib:Object

 0001:00000000       ?GetMoney@KInventory@@QAEHXZ 10001000 f i KThiefSkill.obj
 0001:00000010       ?SetMoney@KInventory@@QAEHH@Z 10001010 f i KThiefSkill.obj
 0001:00000030       ??4KInventory@@QAEAAV0@ABV0@@Z 10001030 f i KThiefSkill.obj
 0001:00000060       ?GetBuildItem@KItemList@@QAEHH@Z 10001060 f i KThiefSkill.obj
 0001:00000070       ?GetEquipment@KItemList@@QBEHH@Z 10001070 f i KThiefSkill.obj
 0001:00000080       ?GetMoney@KItemList@@QAEHH@Z 10001080 f i KThiefSkill.obj
 0001:000000a0       ?Hand@KItemList@@QAEHXZ    100010a0 f i KThiefSkill.obj
 0001:000000b0       ?GetMaskLock@KItemList@@QAEHXZ 100010b0 f i KThiefSkill.obj
 0001:000000c0       ?IsLockOperation@KItemList@@QAEHXZ 100010c0 f i KThiefSkill.obj
 0001:000000d0       ?IsActiveSet@KItemList@@QBEHXZ 100010d0 f i KThiefSkill.obj
 0001:000000e0       ??4KItemList@@QAEAAV0@ABV0@@Z 100010e0 f i KThiefSkill.obj
 0001:00000100       ??0KThiefSkill@@QAE@XZ     10001100 f   KThiefSkill.obj
 0001:00000140       ?GetSkillCostType@KThiefSkill@@UBE?AW4NPCATTRIB@@XZ 10001140 f i KThiefSkill.obj
 0001:00000150       ?GetAttackRadius@KThiefSkill@@UBEHXZ 10001150 f i KThiefSkill.obj
 0001:00000160       ?IsTargetOnly@KThiefSkill@@UBEHXZ 10001160 f i KThiefSkill.obj
 0001:00000170       ?IsTargetSelf@KThiefSkill@@UBEHXZ 10001170 f i KThiefSkill.obj
 0001:00000180       ?IsTargetEnemy@KThiefSkill@@UBEHXZ 10001180 f i KThiefSkill.obj
 0001:00000190       ?IsTargetAlly@KThiefSkill@@UBEHXZ 10001190 f i KThiefSkill.obj
 0001:000001a0       ?IsTargetObj@KThiefSkill@@UBEHXZ 100011a0 f i KThiefSkill.obj
 0001:000001b0       ??_EKThiefSkill@@UAEPAXI@Z 100011b0 f i KThiefSkill.obj
 0001:000001b0       ??_GKThiefSkill@@UAEPAXI@Z 100011b0 f i KThiefSkill.obj
 0001:000001d0       ??1KThiefSkill@@UAE@XZ     100011d0 f   KThiefSkill.obj
 0001:000001e0       ?GetSkillId@KThiefSkill@@UAEHXZ 100011e0 f   KThiefSkill.obj
 0001:000001f0       ?GetSkillName@KThiefSkill@@UAEPBDXZ 100011f0 f   KThiefSkill.obj
 0001:00000200       ?GetSkillStyle@KThiefSkill@@UAEHXZ 10001200 f   KThiefSkill.obj
 0001:00000210       ?LoadSkillLevelData@KThiefSkill@@UAEXKH@Z 10001210 f   KThiefSkill.obj
 0001:00000220       ?DoSkill@KThiefSkill@@QAEHPAVKNpc@@HH@Z 10001220 f   KThiefSkill.obj
 0001:000002e0       ?Cast@KThiefSkill@@QAEHPAVKPlayer@@0@Z 100012e0 f   KThiefSkill.obj
 0001:000002f0       ?OnSkill@KThiefSkill@@QAEHPAVKNpc@@@Z 100012f0 f   KThiefSkill.obj
 0001:000003f0       ?CanCastSkill@KThiefSkill@@UBEHHAAH0@Z 100013f0 f   KThiefSkill.obj
 0001:000004a0       ?GetDesc@KThiefSkill@@QAEXKKPADH_N@Z 100014a0 f   KThiefSkill.obj
 0001:000004d0       ?LoadSetting@KThiefSkill@@QAEHPAD@Z 100014d0 f   KThiefSkill.obj
 0001:00000790       ?GetSkillCost@KThiefSkill@@UBEHPAX@Z 10001790 f   KThiefSkill.obj
 0001:000007b0       ?DrawSkillIcon@KThiefSkill@@UAEXHHHHH@Z 100017b0 f   KThiefSkill.obj
 0001:00000a00       ?IsAura@ISkill@@UBEHXZ     10001a00 f i KThiefSkill.obj
 0001:00000a10       ?IsPhysical@ISkill@@UBEHXZ 10001a10 f i KThiefSkill.obj
 0001:00000a20       ?GetSkillAttrib@ISkill@@UBEFXZ 10001a20 f i KThiefSkill.obj
 0001:00000a30       ?IsExpSkill@ISkill@@UBEHXZ 10001a30 f i KThiefSkill.obj
 0001:00000a40       ?GetSkillLevelUpScriptId@ISkill@@UBEKXZ 10001a40 f i KThiefSkill.obj
 0001:00000a50       ??_EISkill@@UAEPAXI@Z      10001a50 f i KThiefSkill.obj
 0001:00000a50       ??_GISkill@@UAEPAXI@Z      10001a50 f i KThiefSkill.obj
 0001:00000a70       ??4KMapMusic@@QAEAAV0@ABV0@@Z 10001a70 f i KMissle.obj
 0001:00000a90       ?GetGameTime@KSubWorldSet@@QAEHXZ 10001a90 f i KMissle.obj
 0001:00000aa0       ?GetGameVersion@KSubWorldSet@@QAEHXZ 10001aa0 f i KMissle.obj
 0001:00000ab0       ?SetPing@KSubWorldSet@@QAEXK@Z 10001ab0 f i KMissle.obj
 0001:00000ac0       ?GetPing@KSubWorldSet@@QAEKXZ 10001ac0 f i KMissle.obj
 0001:00000ad0       ??4KSubWorldSet@@QAEAAV0@ABV0@@Z 10001ad0 f i KMissle.obj
 0001:00000af0       ??1KSubWorldSet@@QAE@XZ    10001af0 f i KMissle.obj
 0001:00000b00       ??0KMissleSet@@QAE@XZ      10001b00 f i KMissle.obj
 0001:00000b10       ??4KMissleSet@@QAEAAV0@ABV0@@Z 10001b10 f i KMissle.obj
 0001:00000b40       ??1KMissleSet@@QAE@XZ      10001b40 f i KMissle.obj
 0001:00000c50       ??0KMissle@@QAE@XZ         10001c50 f   KMissle.obj
 0001:00000d20       ??_GKMissle@@UAEPAXI@Z     10001d20 f i KMissle.obj
 0001:00000d20       ??_EKMissle@@UAEPAXI@Z     10001d20 f i KMissle.obj
 0001:00000d40       ?Release@KMissle@@AAEXXZ   10001d40 f   KMissle.obj
 0001:00000d90       ??1KMissle@@UAE@XZ         10001d90 f   KMissle.obj
 0001:00000de0       ??_EKNode@@UAEPAXI@Z       10001de0 f i KMissle.obj
 0001:00000de0       ??_GKNode@@UAEPAXI@Z       10001de0 f i KMissle.obj
 0001:00000e00       ?GetInfoFromTabFile@KMissle@@QAEHH@Z 10001e00 f   KMissle.obj
 0001:00000e20       ?GetInfoFromTabFile@KMissle@@QAEHPAVKITabFile@@H@Z 10001e20 f   KMissle.obj
 0001:00001340       ??_EKIndexNode@@UAEPAXI@Z  10002340 f i KMissle.obj
 0001:00001340       ??_GKIndexNode@@UAEPAXI@Z  10002340 f i KMissle.obj
 0001:00001360       ??1KIndexNode@@UAE@XZ      10002360 f i KMissle.obj
 0001:00001370       ?Init@KMissle@@AAEHHHHHH@Z 10002370 f   KMissle.obj
 0001:00001390       ?Activate@KMissle@@QAEHXZ  10002390 f   KMissle.obj
 0001:00001700       ?OnWait@KMissle@@AAEXXZ    10002700 f   KMissle.obj
 0001:00001710       ?OnCollision@KMissle@@AAEXXZ 10002710 f   KMissle.obj
 0001:00001720       ?CheckCollision@KMissle@@AAEHXZ 10002720 f   KMissle.obj
 0001:000018e0       ?OnFly@KMissle@@AAEXXZ     100028e0 f   KMissle.obj
 0001:00002300       ?Send@KWorldMsg@@QAEHKHHH@Z 10003300 f i KMissle.obj
 0001:00002370       ??_GKWorldMsgNode@@UAEPAXI@Z 10003370 f i KMissle.obj
 0001:00002370       ??_EKWorldMsgNode@@UAEPAXI@Z 10003370 f i KMissle.obj
 0001:00002390       ??1KWorldMsgNode@@UAE@XZ   10003390 f i KMissle.obj
 0001:000023a0       ?OnVanish@KMissle@@AAEXXZ  100033a0 f   KMissle.obj
 0001:000023b0       ?Paint@KMissle@@QAEXXZ     100033b0 f   KMissle.obj
 0001:000025a0       ?CheckBeyondRegion@KMissle@@AAEHHH@Z 100035a0 f   KMissle.obj
 0001:00002810       ??4KMissle@@AAEAAV0@AAV0@@Z 10003810 f   KMissle.obj
 0001:00002ad0       ?ProcessDamage@KMissle@@AAEHH@Z 10003ad0 f   KMissle.obj
 0001:00002ae0       ?DoVanish@KMissle@@AAEXXZ  10003ae0 f   KMissle.obj
 0001:00002b80       ?DoCollision@KMissle@@AAEXXZ 10003b80 f   KMissle.obj
 0001:00002ce0       ?DoFly@KMissle@@AAEXXZ     10003ce0 f   KMissle.obj
 0001:00002d00       ?GetOffsetAxis@KMissle@@SAHHHHHHHAAH00@Z 10003d00 f   KMissle.obj
 0001:00002e10       ?ProcessCollision@KMissle@@AAEHHHHHHH@Z 10003e10 f   KMissle.obj
 0001:00002fc0       ?ProcessCollision@KMissle@@AAEHXZ 10003fc0 f   KMissle.obj
 0001:00003000       ?CreateSpecialEffect@KMissle@@QAEHW4eMissleStatus@@HHHH@Z 10004000 f   KMissle.obj
 0001:000031c0       ??_EKSkillSpecialNode@@UAEPAXI@Z 100041c0 f i KMissle.obj
 0001:000031c0       ??_GKSkillSpecialNode@@UAEPAXI@Z 100041c0 f i KMissle.obj
 0001:000031e0       ??1KSkillSpecialNode@@UAE@XZ 100041e0 f i KMissle.obj
 0001:00003200       ?CreateMissleForShow@KMissle@@SAHPAD00PAUTMissleForShow@@@Z 10004200 f   KMissle.obj
 0001:00003410       ?GetLightInfo@KMissle@@QAEXPAUKLightInfo@@@Z 10004410 f   KMissle.obj
 0001:00003480       ?DoWait@KMissle@@AAEXXZ    10004480 f   KMissle.obj
 0001:00003500       ?PrePareFly@KMissle@@AAEHXZ 10004500 f   KMissle.obj
 0001:00003760       ?CheckNearestCollision@KMissle@@AAEHXZ 10004760 f   KMissle.obj
 0001:00003920       ?FindNearestCollision@KMissle@@AAEHHH@Z 10004920 f   KMissle.obj
 0001:000039f0       ?GetMpsPos@KMissle@@QAEXPAH0@Z 100049f0 f   KMissle.obj
 0001:00003a40       ??0KMissleRes@@QAE@XZ      10004a40 f   KMissleRes.obj
 0001:00003ae0       ??1KMissleRes@@QAE@XZ      10004ae0 f   KMissleRes.obj
 0001:00003b80       ??1KList@@QAE@XZ           10004b80 f i KMissleRes.obj
 0001:00003b90       ?LoadResource@KMissleRes@@QAEXHPAD0@Z 10004b90 f   KMissleRes.obj
 0001:00003c00       ?Init@KMissleRes@@QAEHXZ   10004c00 f   KMissleRes.obj
 0001:00003c10       ?Remove@KMissleRes@@QAEXXZ 10004c10 f   KMissleRes.obj
 0001:00003c20       ?Clear@KMissleRes@@QAEXXZ  10004c20 f   KMissleRes.obj
 0001:00003cc0       ?Draw@KMissleRes@@QAEHHHHHHHH@Z 10004cc0 f   KMissleRes.obj
 0001:00003f60       ?PlaySoundA@KMissleRes@@QAEXHHHH@Z 10004f60 f   KMissleRes.obj
 0001:00004030       ?GetSndVolume@KMissleRes@@QAEHH@Z 10005030 f   KMissleRes.obj
 0001:00004060       ?StopSound@KMissleRes@@QAEXXZ 10005060 f   KMissleRes.obj
 0001:000040f0       ?Init@KMissleSet@@QAEXXZ   100050f0 f   KMissleSet.obj
 0001:00004140       ?FindFree@KMissleSet@@QAEHXZ 10005140 f   KMissleSet.obj
 0001:00004150       ?Add@KMissleSet@@QAEHHHHHHH@Z 10005150 f   KMissleSet.obj
 0001:000041f0       ?Add@KMissleSet@@QAEHHHH@Z 100051f0 f   KMissleSet.obj
 0001:00004340       ?CreateMissile@KMissleSet@@QAEHHHHHHHHH@Z 10005340 f   KMissleSet.obj
 0001:00004370       ?Activate@KMissleSet@@QAEHXZ 10005370 f   KMissleSet.obj
 0001:000043a0       ?Remove@KMissleSet@@QAEXH@Z 100053a0 f   KMissleSet.obj
 0001:000043f0       ?Draw@KMissleSet@@QAEXXZ   100053f0 f   KMissleSet.obj
 0001:00004410       ?GetCount@KMissleSet@@QAEHXZ 10005410 f   KMissleSet.obj
 0001:00004430       ?ClearMissles@KMissleSet@@QAEXXZ 10005430 f   KMissleSet.obj
 0001:00004460       ??0KSkillList@@QAE@XZ      10005460 f   KSkillList.obj
 0001:00004480       ??1KSkillList@@QAE@XZ      10005480 f   KSkillList.obj
 0001:00004490       ?FindSame@KSkillList@@QAEHH@Z 10005490 f   KSkillList.obj
 0001:000044c0       ?FindFree@KSkillList@@QAEHXZ 100054c0 f   KSkillList.obj
 0001:000044e0       ?GetCount@KSkillList@@QAEHXZ 100054e0 f   KSkillList.obj
 0001:00004500       ?SetSkillLevel@KSkillList@@QAEXHH@Z 10005500 f   KSkillList.obj
 0001:00004540       ?SetLevel@KSkillList@@QAEHHH@Z 10005540 f   KSkillList.obj
 0001:00004580       ?IncreaseLevel@KSkillList@@QAEHHHH@Z 10005580 f   KSkillList.obj
 0001:00004680       ?Add@KSkillList@@QAEHHH_N@Z 10005680 f   KSkillList.obj
 0001:000047d0       ?Remove@KSkillList@@QAEXH@Z 100057d0 f   KSkillList.obj
 0001:00004860       ?GetLevel@KSkillList@@QAEHH@Z 10005860 f   KSkillList.obj
 0001:00004890       ?GetCurrentLevel@KSkillList@@QAEHH@Z 10005890 f   KSkillList.obj
 0001:000048c0       ?GetPointAdd@KSkillList@@QAEDH@Z 100058c0 f   KSkillList.obj
 0001:000048f0       ?CanCast@KSkillList@@QAEHHK@Z 100058f0 f   KSkillList.obj
 0001:00004940       ?SetNextCastTime@KSkillList@@QAEXHK@Z 10005940 f   KSkillList.obj
 0001:00004970       ?SetMaxCastTime@KSkillList@@QAEXHK@Z 10005970 f   KSkillList.obj
 0001:000049a0       ?GetEnhanceSkills@KSkillList@@QAEHH@Z 100059a0 f   KSkillList.obj
 0001:00004a30       ?GetSkillSortList@KSkillList@@QAEHPAUKUiSkillData@@@Z 10005a30 f   KSkillList.obj
 0001:00004b40       ?GetLeftSkillSortList@KSkillList@@QAEHPAUKUiSkillData@@@Z 10005b40 f   KSkillList.obj
 0001:00004c80       ?GetRightSkillSortList@KSkillList@@QAEHPAUKUiSkillData@@@Z 10005c80 f   KSkillList.obj
 0001:00004dc0       ?GetSkillPosition@KSkillList@@QAEHH@Z 10005dc0 f   KSkillList.obj
 0001:00004e90       ?GetNextCastTime@KSkillList@@QAEKH@Z 10005e90 f   KSkillList.obj
 0001:00004ec0       ?GetMaxCastTime@KSkillList@@QAEKH@Z 10005ec0 f   KSkillList.obj
 0001:00004ef0       ?GetSkillInfoList@KSkillList@@QAEHHPAUKUiSkillItem@@H@Z 10005ef0 f   KSkillList.obj
 0001:000050c0       ?GetSkillState@KSkillList@@QAEHH@Z 100060c0 f   KSkillList.obj
 0001:00005250       ?GetSkillFight@KSkillList@@QAEHH@Z 10006250 f   KSkillList.obj
 0001:000053b0       ?FindSkillAura@KSkillList@@QAEHH@Z 100063b0 f   KSkillList.obj
 0001:000054e0       ?FindSkillRight@KSkillList@@QAEHH@Z 100064e0 f   KSkillList.obj
 0001:00005660       ?FindSkillLifeReplenish@KSkillList@@QAEHXZ 10006660 f   KSkillList.obj
 0001:00005730       ??0KSkillManager@@QAE@XZ   10006730 f   KSkillManager.obj
 0001:00005740       ??1KSkillManager@@QAE@XZ   10006740 f   KSkillManager.obj
 0001:00005780       ?Init@KSkillManager@@QAEHXZ 10006780 f   KSkillManager.obj
 0001:00005940       ?InstanceSkill@KSkillManager@@AAEPAVISkill@@KK@Z 10006940 f   KSkillManager.obj
 0001:00005ab0       ??4KSkill@@QAEAAV0@ABV0@@Z 10006ab0 f i KSkillManager.obj
 0001:00005fd0       ??0KSkill@@QAE@XZ          10006fd0 f   KSkills.obj
 0001:00006110       ??_GKSkill@@UAEPAXI@Z      10007110 f i KSkills.obj
 0001:00006110       ??_EKSkill@@UAEPAXI@Z      10007110 f i KSkills.obj
 0001:00006130       ??1KSkill@@UAE@XZ          10007130 f   KSkills.obj
 0001:00006140       ?CanCastSkill@KSkill@@UBEHHAAH0@Z 10007140 f   KSkills.obj
 0001:00006320       ?Cast@KSkill@@QBEHHHHHW4eSkillLauncherType@@H@Z 10007320 f   KSkills.obj
 0001:00006550       ??_H@YGXPAXIHP6EX0@Z@Z     10007550 f i KSkills.obj
 0001:00006580       ?Vanish@KSkill@@ABEXPAVKMissle@@@Z 10007580 f   KSkills.obj
 0001:00006590       ?OnMissleEvent@KSkill@@QBEHGPAVKMissle@@@Z 10007590 f   KSkills.obj
 0001:000067b0       ?FlyEvent@KSkill@@ABEXPAVKMissle@@@Z 100077b0 f   KSkills.obj
 0001:000067c0       ?Collidsion@KSkill@@ABEXPAVKMissle@@@Z 100077c0 f   KSkills.obj
 0001:000067d0       ?CastMissles@KSkill@@ABEHHHHHW4eSkillLauncherType@@@Z 100077d0 f   KSkills.obj
 0001:00008130       ?qsqrt@@YAMM@Z             10009130 f i KSkills.obj
 0001:00008160       ?g_GetDistance@@YAHHHHH@Z  10009160 f i KSkills.obj
 0001:000081d0       ?IsTargetOnly@KSkill@@UBEHXZ 100091d0 f i KSkills.obj
 0001:000081e0       ?IsTargetSelf@KSkill@@UBEHXZ 100091e0 f i KSkills.obj
 0001:000081f0       ?IsTargetEnemy@KSkill@@UBEHXZ 100091f0 f i KSkills.obj
 0001:00008200       ?IsTargetAlly@KSkill@@UBEHXZ 10009200 f i KSkills.obj
 0001:00008210       ?IsTargetObj@KSkill@@UBEHXZ 10009210 f i KSkills.obj
 0001:00008220       ?GetSkillName@KSkill@@UAEPBDXZ 10009220 f i KSkills.obj
 0001:00008230       ?GetSkillStyle@KSkill@@UAEHXZ 10009230 f i KSkills.obj
 0001:00008240       ?GetAttackRadius@KSkill@@UBEHXZ 10009240 f i KSkills.obj
 0001:00008250       ?GetSkillCost@KSkill@@UBEHPAX@Z 10009250 f i KSkills.obj
 0001:00008260       ?GetSkillCostType@KSkill@@UBE?AW4NPCATTRIB@@XZ 10009260 f i KSkills.obj
 0001:00008270       ?GetSkillId@KSkill@@UAEHXZ 10009270 f i KSkills.obj
 0001:00008280       ?IsAura@KSkill@@UBEHXZ     10009280 f i KSkills.obj
 0001:00008290       ?IsPhysical@KSkill@@UBEHXZ 10009290 f i KSkills.obj
 0001:000082a0       ?GetSkillAttrib@KSkill@@UBEFXZ 100092a0 f i KSkills.obj
 0001:000082b0       ?IsExpSkill@KSkill@@UBEHXZ 100092b0 f i KSkills.obj
 0001:000082c0       ?CastZone@KSkill@@ABEHPAUTOrdinSkillParam@@HHHHH@Z 100092c0 f   KSkills.obj
 0001:00008820       ?CastLine@KSkill@@ABEHPAUTOrdinSkillParam@@HHHHH@Z 10009820 f   KSkills.obj
 0001:00008c50       ?CastExtractiveLineMissle@KSkill@@ABEHPAUTOrdinSkillParam@@HHHHHHH@Z 10009c50 f   KSkills.obj
 0001:00009020       ?CastWall@KSkill@@ABEHPAUTOrdinSkillParam@@HHHHH@Z 1000a020 f   KSkills.obj
 0001:000094e0       ?CastCircle@KSkill@@ABEHPAUTOrdinSkillParam@@HHH@Z 1000a4e0 f   KSkills.obj
 0001:00009830       ?CastSpread@KSkill@@ABEHPAUTOrdinSkillParam@@HHH@Z 1000a830 f   KSkills.obj
 0001:00009d50       ?GetChildSkillNum@KSkill@@QBEHH@Z 1000ad50 f   KSkills.obj
 0001:00009d60       ?CreateMissle@KSkill@@ABEXHHH@Z 1000ad60 f   KSkills.obj
 0001:00009f90       ?GetInfoFromTabFile@KSkill@@QAEHH@Z 1000af90 f   KSkills.obj
 0001:00009fb0       ?GetInfoFromTabFile@KSkill@@QAEHPAVKITabFile@@H@Z 1000afb0 f   KSkills.obj
 0001:0000a680       ?LoadSkillLevelData@KSkill@@UAEXKH@Z 1000b680 f   KSkills.obj
 0001:0000a9c0       ?GetMissleGenerateTime@KSkill@@QBEIH@Z 1000b9c0 f   KSkills.obj
 0001:0000aae0       ?GetSkillIdFromName@KSkill@@SAHPAD@Z 1000bae0 f   KSkills.obj
 0001:0000ab80       ?CastInitiativeSkill@KSkill@@ABEHHHHH@Z 1000bb80 f   KSkills.obj
 0001:0000ab90       ?CastPassivitySkill@KSkill@@ABEHHHHHH@Z 1000bb90 f   KSkills.obj
 0001:0000aba0       ?ParseString2MagicAttrib@KSkill@@AAEHKPAD0@Z 1000bba0 f   KSkills.obj
 0001:0000b380       ?DrawSkillIcon@KSkill@@UAEXHHHHH@Z 1000c380 f   KSkills.obj
 0001:0000b5e0       ?GetDesc@KSkill@@SAXKKPADH_N@Z 1000c5e0 f   KSkills.obj
 0001:0000c650       ?GetDescAboutLevel@KSkill@@QAEXPADHH@Z 1000d650 f   KSkills.obj
 0001:0000cc00       ?GetDescAboutEventSkillLevel@KSkill@@QAEXPADH@Z 1000dc00 f   KSkills.obj
 0001:0000ce10       ?PlayPreCastSound@KSkill@@QBEXHHH@Z 1000de10 f   KSkills.obj
 0001:0000cf00       ??0KSkillSpecial@@QAE@XZ   1000df00 f   KSkillSpecial.obj
 0001:0000cf40       ?Init@KSkillSpecial@@QAEHXZ 1000df40 f   KSkillSpecial.obj
 0001:0000cf60       ?Draw@KSkillSpecial@@QAEXH@Z 1000df60 f   KSkillSpecial.obj
 0001:0000d0e0       ?SetAnimation@KSkillSpecial@@QAEXPADI@Z 1000e0e0 f   KSkillSpecial.obj
 0001:0000d130       ?Remove@KSkillSpecial@@QAEXXZ 1000e130 f   KSkillSpecial.obj
 0001:0000d140       ??0KList@@QAE@XZ           1000e140 f i KSkillSpecial.obj
 0001:0000d170       ?Init@KFaction@@QAEHXZ     1000e170 f   KFaction.obj
 0001:0000d620       ?GetID@KFaction@@QAEHHH@Z  1000e620 f   KFaction.obj
 0001:0000d650       ?GetID@KFaction@@QAEHHPAD@Z 1000e650 f   KFaction.obj
 0001:0000d6e0       ?GetCamp@KFaction@@QAEHH@Z 1000e6e0 f   KFaction.obj
 0001:0000d760       ??1KNpc@@QAE@XZ            1000e760 f i KNpc.obj
 0001:0000d7f0       ??0KNpc@@QAE@XZ            1000e7f0 f   KNpc.obj
 0001:0000daa0       ??1KNode@@UAE@XZ           1000eaa0 f i KNpc.obj
 0001:0000dab0       ??0KNode@@QAE@XZ           1000eab0 f i KNpc.obj
 0001:0000dad0       ??0KMagicAttrib@@QAE@XZ    1000ead0 f i KNpc.obj
 0001:0000daf0       ?Init@KNpc@@QAEXXZ         1000eaf0 f   KNpc.obj
 0001:0000df80       ?GetActiveSkill@KNpc@@QAEPAVISkill@@XZ 1000ef80 f   KNpc.obj
 0001:0000e010       ?SetCurrentCamp@KNpc@@QAEXH@Z 1000f010 f   KNpc.obj
 0001:0000e020       ?SetCamp@KNpc@@QAEXH@Z     1000f020 f   KNpc.obj
 0001:0000e030       ?RestoreCurrentCamp@KNpc@@QAEXXZ 1000f030 f   KNpc.obj
 0001:0000e040       ?Activate@KNpc@@QAEXXZ     1000f040 f   KNpc.obj
 0001:0000e370       ?AutoFixXY@KNpc@@AAEXXZ    1000f370 f   KNpc.obj
 0001:0000e550       ?ProcStatus@KNpc@@QAEXXZ   1000f550 f   KNpc.obj
 0001:0000e630       ?ProcCommand@KNpc@@QAEXH@Z 1000f630 f   KNpc.obj
 0001:0000e880       ?ProcessState@KNpc@@QAEHXZ 1000f880 f   KNpc.obj
 0001:0000ed30       ?DoDeath@KNpc@@AAEXHH@Z    1000fd30 f   KNpc.obj
 0001:0000ee00       ?OnDeath@KNpc@@AAEXXZ      1000fe00 f   KNpc.obj
 0001:0000ef60       ?DoDefense@KNpc@@AAEXXZ    1000ff60 f   KNpc.obj
 0001:0000ef70       ?OnDefense@KNpc@@AAEXXZ    1000ff70 f   KNpc.obj
 0001:0000ef80       ?DoIdle@KNpc@@AAEXXZ       1000ff80 f   KNpc.obj
 0001:0000efa0       ?OnIdle@KNpc@@AAEXXZ       1000ffa0 f   KNpc.obj
 0001:0000efb0       ?DoHurt@KNpc@@AAEXHHH@Z    1000ffb0 f   KNpc.obj
 0001:0000f0a0       ?OnHurt@KNpc@@AAEXXZ       100100a0 f   KNpc.obj
 0001:0000f2f0       ?DoSpecial1@KNpc@@AAEXXZ   100102f0 f   KNpc.obj
 0001:0000f300       ?OnSpecial1@KNpc@@AAEXXZ   10010300 f   KNpc.obj
 0001:0000f3e0       ?DoSpecial2@KNpc@@AAEXXZ   100103e0 f   KNpc.obj
 0001:0000f3f0       ?OnSpecial2@KNpc@@AAEXXZ   100103f0 f   KNpc.obj
 0001:0000f490       ?DoSpecial3@KNpc@@AAEXXZ   10010490 f   KNpc.obj
 0001:0000f4a0       ?OnSpecial3@KNpc@@AAEXXZ   100104a0 f   KNpc.obj
 0001:0000f4b0       ?DoSpecial4@KNpc@@AAEXXZ   100104b0 f   KNpc.obj
 0001:0000f4c0       ?OnSpecial4@KNpc@@AAEXXZ   100104c0 f   KNpc.obj
 0001:0000f4d0       ?DoGlide@KNpc@@AAEHF@Z     100104d0 f   KNpc.obj
 0001:0000f9c0       ?OnGlide@KNpc@@AAEXXZ      100109c0 f   KNpc.obj
 0001:0000f9d0       ?GlideTo@KNpc@@AAEXHHF@Z   100109d0 f   KNpc.obj
 0001:0000fa10       ?DoStand@KNpc@@AAEXXZ      10010a10 f   KNpc.obj
 0001:0000fac0       ?OnStand@KNpc@@AAEXXZ      10010ac0 f   KNpc.obj
 0001:0000fb10       ?DoRevive@KNpc@@AAEXXZ     10010b10 f   KNpc.obj
 0001:0000fb90       ?OnRevive@KNpc@@AAEXXZ     10010b90 f   KNpc.obj
 0001:0000fba0       ?DoRun@KNpc@@AAEXXZ        10010ba0 f   KNpc.obj
 0001:0000fc80       ?OnRun@KNpc@@AAEXH@Z       10010c80 f   KNpc.obj
 0001:0000fd20       ?DoSit@KNpc@@AAEXXZ        10010d20 f   KNpc.obj
 0001:0000fd60       ?OnSit@KNpc@@AAEXXZ        10010d60 f   KNpc.obj
 0001:0000fd80       ?DoSkill@KNpc@@AAEXHH@Z    10010d80 f   KNpc.obj
 0001:0000feb0       ?UnDoSkill@KNpc@@AAEXXZ    10010eb0 f   KNpc.obj
 0001:0000fef0       ?DoOrdinSkill@KNpc@@AAEHPAVKSkill@@HH@Z 10010ef0 f   KNpc.obj
 0001:000102a0       ?DoAttack@KNpc@@AAEXXZ     100112a0 f   KNpc.obj
 0001:00010310       ?CastMeleeSkill@KNpc@@AAEHPAVKSkill@@@Z 10011310 f   KNpc.obj
 0001:00010560       ?DoBlurAttack@KNpc@@AAEHXZ 10011560 f   KNpc.obj
 0001:000105e0       ?DoMagic@KNpc@@AAEXXZ      100115e0 f   KNpc.obj
 0001:00010640       ?OnSkill@KNpc@@AAEXXZ      10011640 f   KNpc.obj
 0001:00010770       ?JumpTo@KNpc@@AAEXHH@Z     10011770 f   KNpc.obj
 0001:000107b0       ?RunTo@KNpc@@AAEXHH@Z      100117b0 f   KNpc.obj
 0001:000107e0       ?Goto@KNpc@@AAEXHH@Z       100117e0 f   KNpc.obj
 0001:00010810       ?DoWalk@KNpc@@AAEXXZ       10011810 f   KNpc.obj
 0001:000108b0       ?DoPlayerTalk@KNpc@@QAEXPAD@Z 100118b0 f   KNpc.obj
 0001:000108c0       ?OnPlayerTalk@KNpc@@AAEXXZ 100118c0 f   KNpc.obj
 0001:000108d0       ?OnWalk@KNpc@@AAEXXZ       100118d0 f   KNpc.obj
 0001:000108f0       ?GetSkillLevel@KNpc@@QAEHH@Z 100118f0 f   KNpc.obj
 0001:00010920       ?ModifyAttrib@KNpc@@QAEXHPAX@Z 10011920 f   KNpc.obj
 0001:00010940       ?SetImmediatelySkillEffect@KNpc@@QAEXHPAXH@Z 10011940 f   KNpc.obj
 0001:00010980       ?AppendSkillEffect@KNpc@@QAEXKHHPAX0@Z 10011980 f   KNpc.obj
 0001:00011280       ?ProcMove@KNpc@@AAEXH@Z    10012280 f   KNpc.obj
 0001:00011790       ?ProcJump@KNpc@@AAEXH@Z    10012790 f   KNpc.obj
 0001:00011a80       ?SendCommand@KNpc@@QAEXW4NPCCMD@@HHH@Z 10012a80 f   KNpc.obj
 0001:00011b40       ?SendCommandRandMove@KNpc@@QAEXHHH@Z 10012b40 f   KNpc.obj
 0001:00011be0       ?NewPath@KNpc@@AAEHHH@Z    10012be0 f   KNpc.obj
 0001:00011c00       ?NewJump@KNpc@@AAEHHH@Z    10012c00 f   KNpc.obj
 0001:00011f90       ?NewGlide@KNpc@@AAEHHHH@Z  10012f90 f   KNpc.obj
 0001:00012320       ?SelfDamage@KNpc@@QAEXH@Z  10013320 f   KNpc.obj
 0001:00012350       ?Cost@KNpc@@QAEHW4NPCATTRIB@@HH@Z 10013350 f   KNpc.obj
 0001:00012460       ?DoJump@KNpc@@AAEXXZ       10013460 f   KNpc.obj
 0001:000124d0       ?OnJump@KNpc@@AAEHXZ       100134d0 f   KNpc.obj
 0001:00012520       ?WaitForFrame@KNpc@@AAEHXZ 10013520 f   KNpc.obj
 0001:00012550       ?IsReachFrame@KNpc@@AAEHH@Z 10013550 f   KNpc.obj
 0001:00012580       ?Load@KNpc@@QAEXHHH@Z      10013580 f   KNpc.obj
 0001:00012890       ?GetMpsPos@KNpc@@QAEXPAH0@Z 10013890 f   KNpc.obj
 0001:000128e0       ?SetActiveSkill@KNpc@@QAEHH@Z 100138e0 f   KNpc.obj
 0001:000129a0       ?SetAuraSkill@KNpc@@QAEXH@Z 100139a0 f   KNpc.obj
 0001:00012a70       ?SetPlayerIdx@KNpc@@QAEHH@Z 10013a70 f   KNpc.obj
 0001:00012aa0       ?SetPos@KNpc@@QAE_NHH@Z    10013aa0 f   KNpc.obj
 0001:00012c10       ?MoveNpc@KNpc@@QAEXHHHHH_N@Z 10013c10 f   KNpc.obj
 0001:00012dd0       ?PaintInfo@KNpc@@QAEHH_NHK@Z 10013dd0 f   KNpc.obj
 0001:00013250       ?PaintNpcAuto@KNpc@@QAEXH_NHK@Z 10014250 f   KNpc.obj
 0001:000133f0       ?PaintSeriesNpc@KNpc@@QAEXHH@Z 100143f0 f   KNpc.obj
 0001:000134e0       ?PaintHorseState@KNpc@@QAEXHH@Z 100144e0 f   KNpc.obj
 0001:00013640       ?PaintRankInfo@KNpc@@QAEXHHK@Z 10014640 f   KNpc.obj
 0001:00013930       ?PaintTransLifeInfo@KNpc@@QAEXHH@Z 10014930 f   KNpc.obj
 0001:00013ae0       ?PaintShopInfo@KNpc@@QAEXHH@Z 10014ae0 f   KNpc.obj
 0001:00013dd0       ?PaintChat@KNpc@@QAEHH@Z   10014dd0 f   KNpc.obj
 0001:00013f40       ?SetChatInfo@KNpc@@QAEHPBD0G@Z 10014f40 f   KNpc.obj
 0001:00014120       ?SetWarning@KNpc@@QAEHH@Z  10015120 f   KNpc.obj
 0001:00014130       ?PaintWarning@KNpc@@QAEHH_N@Z 10015130 f   KNpc.obj
 0001:000142a0       ?PaintLife@KNpc@@QAEHH_N@Z 100152a0 f   KNpc.obj
 0001:000144b0       ?PaintMana@KNpc@@QAEHH@Z   100154b0 f   KNpc.obj
 0001:00014610       ?Paint@KNpc@@QAEXXZ        10015610 f   KNpc.obj
 0001:000147d0       ?AddBaseLifeMax@KNpc@@QAEXH@Z 100157d0 f   KNpc.obj
 0001:000147f0       ?AddCurLifeMax@KNpc@@QAEXH@Z 100157f0 f   KNpc.obj
 0001:00014810       ?AddBaseStaminaMax@KNpc@@QAEXH@Z 10015810 f   KNpc.obj
 0001:00014830       ?AddCurStaminaMax@KNpc@@QAEXH@Z 10015830 f   KNpc.obj
 0001:00014850       ?AddBaseManaMax@KNpc@@QAEXH@Z 10015850 f   KNpc.obj
 0001:00014870       ?AddCurManaMax@KNpc@@QAEXH@Z 10015870 f   KNpc.obj
 0001:00014890       ?CalcCurLifeReplenish@KNpc@@QAEXXZ 10015890 f   KNpc.obj
 0001:000148a0       ?Remove@KNpc@@QAEXXZ       100158a0 f   KNpc.obj
 0001:000148c0       ?RemoveRes@KNpc@@QAEXXZ    100158c0 f   KNpc.obj
 0001:000148d0       ?SetSeries@KNpc@@QAEXH@Z   100158d0 f   KNpc.obj
 0001:000148f0       ?SetStateSkillEffect@KNpc@@QAEXHHHPAXHHH@Z 100158f0 f   KNpc.obj
 0001:00014bb0       ??_EKStateNode@@UAEPAXI@Z  10015bb0 f i KNpc.obj
 0001:00014bb0       ??_GKStateNode@@UAEPAXI@Z  10015bb0 f i KNpc.obj
 0001:00014bd0       ??1KStateNode@@UAE@XZ      10015bd0 f i KNpc.obj
 0001:00014be0       ?ModifyMissleCollsion@KNpc@@QAEHH@Z 10015be0 f   KNpc.obj
 0001:00014c10       ?ModifyMissleLifeTime@KNpc@@QAEHH@Z 10015c10 f   KNpc.obj
 0001:00014c20       ?ModifyMissleSpeed@KNpc@@QAEHH@Z 10015c20 f   KNpc.obj
 0001:00014c40       ?DoManyAttack@KNpc@@AAEHXZ 10015c40 f   KNpc.obj
 0001:00014d90       ?OnManyAttack@KNpc@@AAEXXZ 10015d90 f   KNpc.obj
 0001:00014e40       ?DoRunAttack@KNpc@@AAEHXZ  10015e40 f   KNpc.obj
 0001:00015160       ?OnRunAttack@KNpc@@AAEXXZ  10016160 f   KNpc.obj
 0001:00015350       ?DoJumpAttack@KNpc@@AAEHXZ 10016350 f   KNpc.obj
 0001:000155d0       ?OnJumpAttack@KNpc@@AAEHXZ 100165d0 f   KNpc.obj
 0001:00015720       ?CheckHitTarget@KNpc@@AAEHHHH@Z 10016720 f   KNpc.obj
 0001:00015790       ?AddStateInfo@KNpc@@AAEXH@Z 10016790 f   KNpc.obj
 0001:000157e0       ?AddStateSkillList@KNpc@@AAEXPAVKStateNode@@@Z 100167e0 f   KNpc.obj
 0001:00015840       ?AddStateSkillListClient@KNpc@@AAEXPAVKStateNode@@@Z 10016840 f   KNpc.obj
 0001:000158b0       ?RemoveStateSkillList@KNpc@@AAEXPAE@Z 100168b0 f   KNpc.obj
 0001:00015950       ?GetNpcCopyFromTemplate@KNpc@@QAEXHHH@Z 10016950 f   KNpc.obj
 0001:00015b50       ?LoadDataFromTemplate@KNpc@@QAEXHHH@Z 10016b50 f   KNpc.obj
 0001:00015ce0       ?SetPhysicsDamage@KNpc@@QAEXHH@Z 10016ce0 f   KNpc.obj
 0001:00015d00       ?SetBaseAttackRating@KNpc@@QAEXH@Z 10016d00 f   KNpc.obj
 0001:00015d20       ?SetBaseDefence@KNpc@@QAEXH@Z 10016d20 f   KNpc.obj
 0001:00015d40       ?SetMenuState@KNpc@@QAEXHPADH@Z 10016d40 f   KNpc.obj
 0001:00015d60       ?GetMenuState@KNpc@@QAEHXZ 10016d60 f   KNpc.obj
 0001:00015d70       ?SearchAroundID@KNpc@@QAEKK@Z 10016d70 f   KNpc.obj
 0001:00015df0       ?SetSpecialSpr@KNpc@@QAEXPAD@Z 10016df0 f   KNpc.obj
 0001:00015e10       ?SetInstantSpr@KNpc@@QAEXH@Z 10016e10 f   KNpc.obj
 0001:00015e50       ?GetNormalNpcStandDir@KNpc@@QAEHH@Z 10016e50 f   KNpc.obj
 0001:00015e70       ?SetNpcState@KNpc@@QAEXPAE@Z 10016e70 f   KNpc.obj
 0001:00015f00       ?ClearNpcState@KNpc@@QAEXXZ 10016f00 f   KNpc.obj
 0001:00015f60       ?RestoreNpcBaseInfo@KNpc@@QAEXXZ 10016f60 f   KNpc.obj
 0001:000163a0       ?DrawBorder@KNpc@@QAEXXZ   100173a0 f   KNpc.obj
 0001:000163c0       ?DrawMenuState@KNpc@@QAEHH@Z 100173c0 f   KNpc.obj
 0001:000163e0       ?IsPlayer@KNpc@@QAEHXZ     100173e0 f   KNpc.obj
 0001:00016400       ?IsAlive@KNpc@@QAEHXZ      10017400 f   KNpc.obj
 0001:00016420       ?ClearStateSkillEffect@KNpc@@QAEXXZ 10017420 f   KNpc.obj
 0001:000164e0       ?ClearNormalState@KNpc@@QAEXXZ 100174e0 f   KNpc.obj
 0001:000165b0       ?CheckTrap@KNpc@@QAEXXZ    100175b0 f   KNpc.obj
 0001:00016640       ?SetFightMode@KNpc@@QAEXH@Z 10017640 f   KNpc.obj
 0001:00016660       ?TurnTo@KNpc@@QAEXH@Z      10017660 f   KNpc.obj
 0001:000167d0       ?ReCalcStateEffect@KNpc@@QAEXXZ 100177d0 f   KNpc.obj
 0001:00016860       ?GetCurActiveWeaponSkill@KNpc@@QAEHXZ 10017860 f   KNpc.obj
 0001:00016910       ?HurtAutoMove@KNpc@@AAEXXZ 10017910 f   KNpc.obj
 0001:00016cb0       ?ProcNetCommand@KNpc@@QAEXW4NPCCMD@@HHH@Z 10017cb0 f   KNpc.obj
 0001:00016d70       ?ClearBlood@KNpc@@QAEXH@Z  10017d70 f   KNpc.obj
 0001:00016da0       ?SetBlood@KNpc@@QAEXH@Z    10017da0 f   KNpc.obj
 0001:00016e00       ?PaintBlood@KNpc@@QAEHH@Z  10017e00 f   KNpc.obj
 0001:00016f10       ?EditPos@KNpc@@QAEX_N@Z    10017f10 f   KNpc.obj
 0001:00016f40       ?SendClientPos2Server@KNpc@@QAEXXZ 10017f40 f   KNpc.obj
 0001:00016fe0       ?GetNpcPate@KNpc@@QAEHXZ   10017fe0 f   KNpc.obj
 0001:00017070       ?GetNpcPatePeopleInfo@KNpc@@QAEHXZ 10018070 f   KNpc.obj
 0001:00017100       ?FindStateSkill@KNpc@@QAEHH@Z 10018100 f   KNpc.obj
 0001:00017140       ?GetFrameCopyFromTemplate@KNpc@@QAEXHHH@Z 10018140 f   KNpc.obj
 0001:00017320       ?LoadFrameFromTemplate@KNpc@@QAEXHHH@Z 10018320 f   KNpc.obj
 0001:000173b0       ?ReSetRes@KNpc@@QAEXH@Z    100183b0 f   KNpc.obj
 0001:00017580       ?AutoDoSkill@KNpc@@QAEXHHHH@Z 10018580 f   KNpc.obj
 0001:00017b20       ?RandMove@KNpc@@QAEXHHH@Z  10018b20 f   KNpc.obj
 0001:00017b80       ?ExecuteStand@KNpc@@QAEXXZ 10018b80 f   KNpc.obj
 0001:00017ba0       ?SetTitleEffect@KNpc@@QAEXH@Z 10018ba0 f   KNpc.obj
 0001:00017c90       ?ClientGotoPos@KNpc@@QAEXHHH@Z 10018c90 f   KNpc.obj
 0001:00017d70       ?ExecuteScript@KNpc@@QAEHPAD0H@Z 10018d70 f   KNpc.obj
 0001:00017db0       ?ExecuteScript@KNpc@@QAEHKPADH@Z 10018db0 f   KNpc.obj
 0001:00017f20       ?ExecuteScript@KNpc@@QAEHKPAD0@Z 10018f20 f   KNpc.obj
 0001:000180b0       ?ExecuteScript@KNpc@@QAEHPAD00@Z 100190b0 f   KNpc.obj
 0001:00018100       ?ExecuteScript2@KNpc@@QAEHKPAD00@Z 10019100 f   KNpc.obj
 0001:000182b0       ?ExecuteScript2@KNpc@@QAEHKPADHH@Z 100192b0 f   KNpc.obj
 0001:00018420       ?ExecuteScript2@KNpc@@QAEHPAD0HH@Z 10019420 f   KNpc.obj
 0001:00018470       ?ExecuteScript2@KNpc@@QAEHPAD000@Z 10019470 f   KNpc.obj
 0001:000184c0       ??0?$vector@UFindPathNode@@V?$allocator@UFindPathNode@@@std@@@std@@QAE@ABV?$allocator@UFindPathNode@@@1@@Z 100194c0 f i KNpc.obj
 0001:000184e0       ??1?$vector@UFindPathNode@@V?$allocator@UFindPathNode@@@std@@@std@@QAE@XZ 100194e0 f i KNpc.obj
 0001:00018530       ??0KNpcAI@@QAE@XZ          10019530 f   KNpcAI.obj
 0001:00018540       ?Activate@KNpcAI@@QAEXH@Z  10019540 f   KNpcAI.obj
 0001:00018640       ?ProcessShowNpc@KNpcAI@@AAEHXZ 10019640 f   KNpcAI.obj
 0001:00018700       ?ShowNpcType11@KNpcAI@@AAEHXZ 10019700 f   KNpcAI.obj
 0001:00018860       ?ShowNpcType12@KNpcAI@@AAEHXZ 10019860 f   KNpcAI.obj
 0001:000189d0       ?ShowNpcType13@KNpcAI@@AAEHXZ 100199d0 f   KNpcAI.obj
 0001:00018b10       ?ShowNpcType14@KNpcAI@@AAEHXZ 10019b10 f   KNpcAI.obj
 0001:00018c90       ?ShowNpcType15@KNpcAI@@AAEHXZ 10019c90 f   KNpcAI.obj
 0001:00018dd0       ?ShowNpcType16@KNpcAI@@AAEHXZ 10019dd0 f   KNpcAI.obj
 0001:00018f40       ?ShowNpcType17@KNpcAI@@AAEHXZ 10019f40 f   KNpcAI.obj
 0001:000190d0       ?ProcessPlayer@KNpcAI@@AAEXXZ 1001a0d0 f   KNpcAI.obj
 0001:00019130       ?FollowObject@KNpcAI@@AAEXH@Z 1001a130 f   KNpcAI.obj
 0001:000191c0       ?FollowPeople@KNpcAI@@AAEXH@Z 1001a1c0 f   KNpcAI.obj
 0001:00019640       ?TriggerMapTrap@KNpcAI@@AAEXXZ 1001a640 f   KNpcAI.obj
 0001:00019670       ?TriggerObjectTrap@KNpcAI@@AAEXXZ 1001a670 f   KNpcAI.obj
 0001:00019680       ?GetNearestNpc@KNpcAI@@AAEHH@Z 1001a680 f   KNpcAI.obj
 0001:00019b60       ?IsPlayerCome@KNpcAI@@AAEHXZ 1001ab60 f   KNpcAI.obj
 0001:00019bc0       ?GetNpcNumber@KNpcAI@@AAEHH@Z 1001abc0 f   KNpcAI.obj
 0001:00019db0       ?KeepAttackRange@KNpcAI@@AAEXHH@Z 1001adb0 f   KNpcAI.obj
 0001:00019f60       ?FollowAttack@KNpcAI@@AAEXH@Z 1001af60 f   KNpcAI.obj
 0001:0001a070       ?InEyeshot@KNpcAI@@AAEHH@Z 1001b070 f   KNpcAI.obj
 0001:0001a0b0       ?CommonAction@KNpcAI@@AAEXXZ 1001b0b0 f   KNpcAI.obj
 0001:0001a1b0       ?KeepActiveRange@KNpcAI@@AAEHXZ 1001b1b0 f   KNpcAI.obj
 0001:0001a2e0       ?DoShowFlee@KNpcAI@@AAEHH@Z 1001b2e0 f   KNpcAI.obj
 0001:0001a430       ?Flee@KNpcAI@@AAEXH@Z      1001b430 f   KNpcAI.obj
 0001:0001a4e0       ?ProcessAIType01@KNpcAI@@AAEXXZ 1001b4e0 f   KNpcAI.obj
 0001:0001a690       ?GetRandomNumber@@YAHHH@Z  1001b690 f i KNpcAI.obj
 0001:0001a6b0       ?ProcessAIType02@KNpcAI@@AAEXXZ 1001b6b0 f   KNpcAI.obj
 0001:0001a960       ?ProcessAIType03@KNpcAI@@AAEXXZ 1001b960 f   KNpcAI.obj
 0001:0001ab80       ?ProcessAIType04@KNpcAI@@AAEXXZ 1001bb80 f   KNpcAI.obj
 0001:0001ad20       ?ProcessAIType05@KNpcAI@@AAEXXZ 1001bd20 f   KNpcAI.obj
 0001:0001af60       ?ProcessAIType06@KNpcAI@@AAEXXZ 1001bf60 f   KNpcAI.obj
 0001:0001b130       ?ProcessAIType07@KNpcAI@@AAEXXZ 1001c130 f   KNpcAI.obj
 0001:0001b2d0       ??0KNpcAttribModify@@QAE@XZ 1001c2d0 f   KNpcAttribModify.obj
 0001:0001b790       ??1KNpcAttribModify@@QAE@XZ 1001c790 f   KNpcAttribModify.obj
 0001:0001b7a0       ?ModifyAttrib@KNpcAttribModify@@QAEXPAVKNpc@@PAX@Z 1001c7a0 f   KNpcAttribModify.obj
 0001:0001b7d0       ?AddColdDamageV@KNpcAttribModify@@AAEXPAVKNpc@@PAX@Z 1001c7d0 f   KNpcAttribModify.obj
 0001:0001b860       ?AddFireDamageV@KNpcAttribModify@@AAEXPAVKNpc@@PAX@Z 1001c860 f   KNpcAttribModify.obj
 0001:0001b890       ?AddLightingDamageV@KNpcAttribModify@@AAEXPAVKNpc@@PAX@Z 1001c890 f   KNpcAttribModify.obj
 0001:0001b8c0       ?AddPhysicsDamageP@KNpcAttribModify@@AAEXPAVKNpc@@PAX@Z 1001c8c0 f   KNpcAttribModify.obj
 0001:0001b980       ?AddPoisonDamageV@KNpcAttribModify@@AAEXPAVKNpc@@PAX@Z 1001c980 f   KNpcAttribModify.obj
 0001:0001b9d0       ?AddPhysicsDamageV@KNpcAttribModify@@AAEXPAVKNpc@@PAX@Z 1001c9d0 f   KNpcAttribModify.obj
 0001:0001b9f0       ?AllresP@KNpcAttribModify@@AAEXPAVKNpc@@PAX@Z 1001c9f0 f   KNpcAttribModify.obj
 0001:0001ba40       ?AllSkillV@KNpcAttribModify@@AAEXPAVKNpc@@PAX@Z 1001ca40 f   KNpcAttribModify.obj
 0001:0001baa0       ?AttackRatingP@KNpcAttribModify@@AAEXPAVKNpc@@PAX@Z 1001caa0 f   KNpcAttribModify.obj
 0001:0001bad0       ?AttackRatingV@KNpcAttribModify@@AAEXPAVKNpc@@PAX@Z 1001cad0 f   KNpcAttribModify.obj
 0001:0001baf0       ?AttackSpeedV@KNpcAttribModify@@AAEXPAVKNpc@@PAX@Z 1001caf0 f   KNpcAttribModify.obj
 0001:0001bb10       ?BadStatusTimeReduceV@KNpcAttribModify@@AAEXPAVKNpc@@PAX@Z 1001cb10 f   KNpcAttribModify.obj
 0001:0001bb20       ?BurnTimeReduceP@KNpcAttribModify@@AAEXPAVKNpc@@PAX@Z 1001cb20 f   KNpcAttribModify.obj
 0001:0001bb30       ?CastSpeedV@KNpcAttribModify@@AAEXPAVKNpc@@PAX@Z 1001cb30 f   KNpcAttribModify.obj
 0001:0001bb50       ?ChangeCampV@KNpcAttribModify@@AAEXPAVKNpc@@PAX@Z 1001cb50 f   KNpcAttribModify.obj
 0001:0001bb90       ?ColdArmorV@KNpcAttribModify@@AAEXPAVKNpc@@PAX@Z 1001cb90 f   KNpcAttribModify.obj
 0001:0001bba0       ?ColdresP@KNpcAttribModify@@AAEXPAVKNpc@@PAX@Z 1001cba0 f   KNpcAttribModify.obj
 0001:0001bbc0       ?DeadlyStrikeP@KNpcAttribModify@@AAEXPAVKNpc@@PAX@Z 1001cbc0 f   KNpcAttribModify.obj
 0001:0001bbe0       ?DexterityV@KNpcAttribModify@@AAEXPAVKNpc@@PAX@Z 1001cbe0 f   KNpcAttribModify.obj
 0001:0001bc10       ?EarthSkillV@KNpcAttribModify@@AAEXPAVKNpc@@PAX@Z 1001cc10 f   KNpcAttribModify.obj
 0001:0001bc20       ?EnergyV@KNpcAttribModify@@AAEXPAVKNpc@@PAX@Z 1001cc20 f   KNpcAttribModify.obj
 0001:0001bc50       ?FastHitRecoverV@KNpcAttribModify@@AAEXPAVKNpc@@PAX@Z 1001cc50 f   KNpcAttribModify.obj
 0001:0001bc70       ?FastWalkRunP@KNpcAttribModify@@AAEXPAVKNpc@@PAX@Z 1001cc70 f   KNpcAttribModify.obj
 0001:0001bce0       ?FireArmorV@KNpcAttribModify@@AAEXPAVKNpc@@PAX@Z 1001cce0 f   KNpcAttribModify.obj
 0001:0001bcf0       ?FireSkillV@KNpcAttribModify@@AAEXPAVKNpc@@PAX@Z 1001ccf0 f   KNpcAttribModify.obj
 0001:0001bd00       ?FreezeTimeReduceP@KNpcAttribModify@@AAEXPAVKNpc@@PAX@Z 1001cd00 f   KNpcAttribModify.obj
 0001:0001bd20       ?KnockBackP@KNpcAttribModify@@AAEXPAVKNpc@@PAX@Z 1001cd20 f   KNpcAttribModify.obj
 0001:0001bd40       ?LifeMaxP@KNpcAttribModify@@AAEXPAVKNpc@@PAX@Z 1001cd40 f   KNpcAttribModify.obj
 0001:0001bd90       ?LifeMaxV@KNpcAttribModify@@AAEXPAVKNpc@@PAX@Z 1001cd90 f   KNpcAttribModify.obj
 0001:0001bdb0       ?LifeReplenishV@KNpcAttribModify@@AAEXPAVKNpc@@PAX@Z 1001cdb0 f   KNpcAttribModify.obj
 0001:0001bdd0       ?LifeV@KNpcAttribModify@@AAEXPAVKNpc@@PAX@Z 1001cdd0 f   KNpcAttribModify.obj
 0001:0001bdf0       ?LightingArmorV@KNpcAttribModify@@AAEXPAVKNpc@@PAX@Z 1001cdf0 f   KNpcAttribModify.obj
 0001:0001be00       ?LightingresP@KNpcAttribModify@@AAEXPAVKNpc@@PAX@Z 1001ce00 f   KNpcAttribModify.obj
 0001:0001be20       ?LuckyV@KNpcAttribModify@@AAEXPAVKNpc@@PAX@Z 1001ce20 f   KNpcAttribModify.obj
 0001:0001be60       ?ManaMaxP@KNpcAttribModify@@AAEXPAVKNpc@@PAX@Z 1001ce60 f   KNpcAttribModify.obj
 0001:0001bea0       ?ManaMaxV@KNpcAttribModify@@AAEXPAVKNpc@@PAX@Z 1001cea0 f   KNpcAttribModify.obj
 0001:0001bec0       ?ManaReplenishV@KNpcAttribModify@@AAEXPAVKNpc@@PAX@Z 1001cec0 f   KNpcAttribModify.obj
 0001:0001bee0       ?ManaV@KNpcAttribModify@@AAEXPAVKNpc@@PAX@Z 1001cee0 f   KNpcAttribModify.obj
 0001:0001bf00       ?ManaShieldP@KNpcAttribModify@@AAEXPAVKNpc@@PAX@Z 1001cf00 f   KNpcAttribModify.obj
 0001:0001bf20       ?MeleeDamageReturnP@KNpcAttribModify@@AAEXPAVKNpc@@PAX@Z 1001cf20 f   KNpcAttribModify.obj
 0001:0001bf40       ?MeleeDamageReturnV@KNpcAttribModify@@AAEXPAVKNpc@@PAX@Z 1001cf40 f   KNpcAttribModify.obj
 0001:0001bf60       ?MetalSkillV@KNpcAttribModify@@AAEXPAVKNpc@@PAX@Z 1001cf60 f   KNpcAttribModify.obj
 0001:0001bf70       ?PhysicsArmorV@KNpcAttribModify@@AAEXPAVKNpc@@PAX@Z 1001cf70 f   KNpcAttribModify.obj
 0001:0001bf80       ?PhysicsresP@KNpcAttribModify@@AAEXPAVKNpc@@PAX@Z 1001cf80 f   KNpcAttribModify.obj
 0001:0001bfa0       ?Damage2ManaP@KNpcAttribModify@@AAEXPAVKNpc@@PAX@Z 1001cfa0 f   KNpcAttribModify.obj
 0001:0001bfc0       ?PoisonArmorV@KNpcAttribModify@@AAEXPAVKNpc@@PAX@Z 1001cfc0 f   KNpcAttribModify.obj
 0001:0001bfd0       ?PoisonDamageReduceV@KNpcAttribModify@@AAEXPAVKNpc@@PAX@Z 1001cfd0 f   KNpcAttribModify.obj
 0001:0001c000       ?PoisonresP@KNpcAttribModify@@AAEXPAVKNpc@@PAX@Z 1001d000 f   KNpcAttribModify.obj
 0001:0001c020       ?PoisonTimeReduceP@KNpcAttribModify@@AAEXPAVKNpc@@PAX@Z 1001d020 f   KNpcAttribModify.obj
 0001:0001c040       ?RangeDamageReturnV@KNpcAttribModify@@AAEXPAVKNpc@@PAX@Z 1001d040 f   KNpcAttribModify.obj
 0001:0001c060       ?RangeDamageReturnP@KNpcAttribModify@@AAEXPAVKNpc@@PAX@Z 1001d060 f   KNpcAttribModify.obj
 0001:0001c080       ?SlowMissleB@KNpcAttribModify@@AAEXPAVKNpc@@PAX@Z 1001d080 f   KNpcAttribModify.obj
 0001:0001c0b0       ?StaminaMaxP@KNpcAttribModify@@AAEXPAVKNpc@@PAX@Z 1001d0b0 f   KNpcAttribModify.obj
 0001:0001c0f0       ?StaminaMaxV@KNpcAttribModify@@AAEXPAVKNpc@@PAX@Z 1001d0f0 f   KNpcAttribModify.obj
 0001:0001c110       ?StaminaReplenishV@KNpcAttribModify@@AAEXPAVKNpc@@PAX@Z 1001d110 f   KNpcAttribModify.obj
 0001:0001c130       ?StaminaV@KNpcAttribModify@@AAEXPAVKNpc@@PAX@Z 1001d130 f   KNpcAttribModify.obj
 0001:0001c150       ?StealLifeP@KNpcAttribModify@@AAEXPAVKNpc@@PAX@Z 1001d150 f   KNpcAttribModify.obj
 0001:0001c170       ?StealManaP@KNpcAttribModify@@AAEXPAVKNpc@@PAX@Z 1001d170 f   KNpcAttribModify.obj
 0001:0001c190       ?StealStaminaP@KNpcAttribModify@@AAEXPAVKNpc@@PAX@Z 1001d190 f   KNpcAttribModify.obj
 0001:0001c1b0       ?StrengthV@KNpcAttribModify@@AAEXPAVKNpc@@PAX@Z 1001d1b0 f   KNpcAttribModify.obj
 0001:0001c1e0       ?StunTimeReduceP@KNpcAttribModify@@AAEXPAVKNpc@@PAX@Z 1001d1e0 f   KNpcAttribModify.obj
 0001:0001c200       ?VisionRadiusP@KNpcAttribModify@@AAEXPAVKNpc@@PAX@Z 1001d200 f   KNpcAttribModify.obj
 0001:0001c220       ?VitalityV@KNpcAttribModify@@AAEXPAVKNpc@@PAX@Z 1001d220 f   KNpcAttribModify.obj
 0001:0001c250       ?WaterSkillV@KNpcAttribModify@@AAEXPAVKNpc@@PAX@Z 1001d250 f   KNpcAttribModify.obj
 0001:0001c260       ?WoodSkillV@KNpcAttribModify@@AAEXPAVKNpc@@PAX@Z 1001d260 f   KNpcAttribModify.obj
 0001:0001c270       ?FireresP@KNpcAttribModify@@AAEXPAVKNpc@@PAX@Z 1001d270 f   KNpcAttribModify.obj
 0001:0001c290       ?ArmorDefenseV@KNpcAttribModify@@AAEXPAVKNpc@@PAX@Z 1001d290 f   KNpcAttribModify.obj
 0001:0001c2b0       ?ColdEnhanceP@KNpcAttribModify@@AAEXPAVKNpc@@PAX@Z 1001d2b0 f   KNpcAttribModify.obj
 0001:0001c2d0       ?FireEnhanceP@KNpcAttribModify@@AAEXPAVKNpc@@PAX@Z 1001d2d0 f   KNpcAttribModify.obj
 0001:0001c2f0       ?LightingEnhanceP@KNpcAttribModify@@AAEXPAVKNpc@@PAX@Z 1001d2f0 f   KNpcAttribModify.obj
 0001:0001c310       ?PoisonEnhanceP@KNpcAttribModify@@AAEXPAVKNpc@@PAX@Z 1001d310 f   KNpcAttribModify.obj
 0001:0001c330       ?LifePotionV@KNpcAttribModify@@AAEXPAVKNpc@@PAX@Z 1001d330 f   KNpcAttribModify.obj
 0001:0001c380       ?ManaPotionV@KNpcAttribModify@@AAEXPAVKNpc@@PAX@Z 1001d380 f   KNpcAttribModify.obj
 0001:0001c3d0       ?PhysicsResMaxP@KNpcAttribModify@@AAEXPAVKNpc@@PAX@Z 1001d3d0 f   KNpcAttribModify.obj
 0001:0001c3f0       ?ColdResMaxP@KNpcAttribModify@@AAEXPAVKNpc@@PAX@Z 1001d3f0 f   KNpcAttribModify.obj
 0001:0001c410       ?FireResMaxP@KNpcAttribModify@@AAEXPAVKNpc@@PAX@Z 1001d410 f   KNpcAttribModify.obj
 0001:0001c430       ?LightingResMaxP@KNpcAttribModify@@AAEXPAVKNpc@@PAX@Z 1001d430 f   KNpcAttribModify.obj
 0001:0001c450       ?PoisonResMaxP@KNpcAttribModify@@AAEXPAVKNpc@@PAX@Z 1001d450 f   KNpcAttribModify.obj
 0001:0001c470       ?AllResMaxP@KNpcAttribModify@@AAEXPAVKNpc@@PAX@Z 1001d470 f   KNpcAttribModify.obj
 0001:0001c4c0       ?FatallyStrikeP@KNpcAttribModify@@AAEXPAVKNpc@@PAX@Z 1001d4c0 f   KNpcAttribModify.obj
 0001:0001c4d0       ?MixPoisonDamage@KNpcAttribModify@@QAEXPAUKMagicAttrib@@0@Z 1001d4d0 f   KNpcAttribModify.obj
 0001:0001c580       ?AddPhysicsMagicV@KNpcAttribModify@@AAEXPAVKNpc@@PAX@Z 1001d580 f   KNpcAttribModify.obj
 0001:0001c5b0       ?AddColdMagicV@KNpcAttribModify@@AAEXPAVKNpc@@PAX@Z 1001d5b0 f   KNpcAttribModify.obj
 0001:0001c640       ?AddFireMagicV@KNpcAttribModify@@AAEXPAVKNpc@@PAX@Z 1001d640 f   KNpcAttribModify.obj
 0001:0001c670       ?AddLightingMagicV@KNpcAttribModify@@AAEXPAVKNpc@@PAX@Z 1001d670 f   KNpcAttribModify.obj
 0001:0001c6a0       ?AddPoisonMagicV@KNpcAttribModify@@AAEXPAVKNpc@@PAX@Z 1001d6a0 f   KNpcAttribModify.obj
 0001:0001c6f0       ?DynamicMagicShieldV@KNpcAttribModify@@AAEXPAVKNpc@@PAX@Z 1001d6f0 f   KNpcAttribModify.obj
 0001:0001c710       ?ReturnResP@KNpcAttribModify@@AAEXPAVKNpc@@PAX@Z 1001d710 f   KNpcAttribModify.obj
 0001:0001c730       ?ExpEnhanceP@KNpcAttribModify@@AAEXPAVKNpc@@PAX@Z 1001d730 f   KNpcAttribModify.obj
 0001:0001c750       ?PoisonDamageReturnP@KNpcAttribModify@@AAEXPAVKNpc@@PAX@Z 1001d750 f   KNpcAttribModify.obj
 0001:0001c770       ?ReturnSkillP@KNpcAttribModify@@AAEXPAVKNpc@@PAX@Z 1001d770 f   KNpcAttribModify.obj
 0001:0001c790       ?AutoReplySkill@KNpcAttribModify@@AAEXPAVKNpc@@PAX@Z 1001d790 f   KNpcAttribModify.obj
 0001:0001c7e0       ?LifeReplenishP@KNpcAttribModify@@AAEXPAVKNpc@@PAX@Z 1001d7e0 f   KNpcAttribModify.obj
 0001:0001c800       ?IgnoreSkillP@KNpcAttribModify@@AAEXPAVKNpc@@PAX@Z 1001d800 f   KNpcAttribModify.obj
 0001:0001c820       ?AutoAttackSkill@KNpcAttribModify@@AAEXPAVKNpc@@PAX@Z 1001d820 f   KNpcAttribModify.obj
 0001:0001c850       ?Poison2DecManaP@KNpcAttribModify@@AAEXPAVKNpc@@PAX@Z 1001d850 f   KNpcAttribModify.obj
 0001:0001c8a0       ?SkillAppendSkill@KNpcAttribModify@@AAEXPAVKNpc@@PAX@Z 1001d8a0 f   KNpcAttribModify.obj
 0001:0001c9b0       ?HideNpc@KNpcAttribModify@@AAEXPAVKNpc@@PAX@Z 1001d9b0 f   KNpcAttribModify.obj
 0001:0001c9d0       ?AutoDeathSkill@KNpcAttribModify@@AAEXPAVKNpc@@PAX@Z 1001d9d0 f   KNpcAttribModify.obj
 0001:0001ca00       ?RandMove@KNpcAttribModify@@AAEXPAVKNpc@@PAX@Z 1001da00 f   KNpcAttribModify.obj
 0001:0001ca30       ?IgnoreNegativeStateP@KNpcAttribModify@@AAEXPAVKNpc@@PAX@Z 1001da30 f   KNpcAttribModify.obj
 0001:0001ca70       ?AutoRescueSkill@KNpcAttribModify@@AAEXPAVKNpc@@PAX@Z 1001da70 f   KNpcAttribModify.obj
 0001:0001caa0       ?StaticMagicShieldP@KNpcAttribModify@@AAEXPAVKNpc@@PAX@Z 1001daa0 f   KNpcAttribModify.obj
 0001:0001cac0       ??0KNpcFindPath@@QAE@XZ    1001dac0 f   KNpcFindPath.obj
 0001:0001cae0       ?Init@KNpcFindPath@@QAEXH@Z 1001dae0 f   KNpcFindPath.obj
 0001:0001cb10       ?GetDir@KNpcFindPath@@QAEHHHHHHHPAH0@Z 1001db10 f   KNpcFindPath.obj
 0001:0001d0e0       ?Dir64To8@KNpcFindPath@@QAEHH@Z 1001e0e0 f   KNpcFindPath.obj
 0001:0001d0f0       ?Dir8To64@KNpcFindPath@@QAEHH@Z 1001e0f0 f   KNpcFindPath.obj
 0001:0001d100       ?CheckDistance@KNpcFindPath@@QAEHHHHHH@Z 1001e100 f   KNpcFindPath.obj
 0001:0001d140       ?CheckBarrier@KNpcFindPath@@QAEHHH@Z 1001e140 f   KNpcFindPath.obj
 0001:0001d1b0       ?Init@KNpcGold@@QAEXH@Z    1001e1b0 f   KNpcGold.obj
 0001:0001d1c0       ?Release@KNpcGold@@QAEXXZ  1001e1c0 f   KNpcGold.obj
 0001:0001d210       ?SetGoldType@KNpcGold@@QAEXH@Z 1001e210 f   KNpcGold.obj
 0001:0001d220       ?SetGoldTypeAndBackData@KNpcGold@@QAEXXZ 1001e220 f   KNpcGold.obj
 0001:0001d2d0       ?RecoverBackData@KNpcGold@@QAEXXZ 1001e2d0 f   KNpcGold.obj
 0001:0001d300       ?UpdateNpcData@KNpcGold@@AAEXH@Z 1001e300 f   KNpcGold.obj
 0001:0001dfc0       ?GetGoldType@KNpcGold@@QAEHXZ 1001efc0 f   KNpcGold.obj
 0001:0001dfd0       ?SetGoldCurrentType@KNpcGold@@QAEXH@Z 1001efd0 f   KNpcGold.obj
 0001:0001e010       ??0KNpcGoldTemplate@@QAE@XZ 1001f010 f   KNpcGold.obj
 0001:0001e030       ?Init@KNpcGoldTemplate@@QAEHXZ 1001f030 f   KNpcGold.obj
 0001:0001e430       ??0KNpcRes@@QAE@XZ         1001f430 f   KNpcRes.obj
 0001:0001e500       ?Init@KNpcRes@@QAEHPADPAVKNpcResList@@@Z 1001f500 f   KNpcRes.obj
 0001:0001e730       ?Remove@KNpcRes@@QAEXH@Z   1001f730 f   KNpcRes.obj
 0001:0001e770       ?Draw@KNpcRes@@QAEXHHHHH@Z 1001f770 f   KNpcRes.obj
 0001:0001f150       ?GetShadowName@KNpcRes@@SAXPAD0@Z 10020150 f   KNpcRes.obj
 0001:0001f170       ??1KNpcRes@@QAE@XZ         10020170 f   KNpcRes.obj
 0001:0001f180       ?SetHelm@KNpcRes@@QAEHH@Z  10020180 f   KNpcRes.obj
 0001:0001f270       ?SetArmor@KNpcRes@@QAEHH@Z 10020270 f   KNpcRes.obj
 0001:0001f380       ?SetWeapon@KNpcRes@@QAEHH@Z 10020380 f   KNpcRes.obj
 0001:0001f7b0       ?SetHorse@KNpcRes@@QAEHH@Z 100207b0 f   KNpcRes.obj
 0001:0001f8b0       ?SetMantle@KNpcRes@@QAEHF@Z 100208b0 f   KNpcRes.obj
 0001:0001f9d0       ?SetAction@KNpcRes@@QAEHH@Z 100209d0 f   KNpcRes.obj
 0001:0001fe00       ?SetRideHorse@KNpcRes@@QAEHH@Z 10020e00 f   KNpcRes.obj
 0001:00020220       ?SetPos@KNpcRes@@QAEXHHHHHH@Z 10021220 f   KNpcRes.obj
 0001:00020280       ?SetState@KNpcRes@@QAEXPAVKList@@PAVKNpcResList@@@Z 10021280 f   KNpcRes.obj
 0001:000204b0       ?SetSpecialSpr@KNpcRes@@QAEXPAD@Z 100214b0 f   KNpcRes.obj
 0001:00020560       ?SetMenuStateSpr@KNpcRes@@AAEXH@Z 10021560 f   KNpcRes.obj
 0001:00020650       ?SetBlur@KNpcRes@@QAEXH@Z  10021650 f   KNpcRes.obj
 0001:00020680       ?GetSoundName@KNpcRes@@AAEXXZ 10021680 f   KNpcRes.obj
 0001:000206a0       ?PlaySoundA@KNpcRes@@AAEXHH@Z 100216a0 f   KNpcRes.obj
 0001:00020770       ?GetSndVolume@KNpcRes@@QAEHH@Z 10021770 f   KNpcRes.obj
 0001:000207a0       ?StopSound@KNpcRes@@QAEXXZ 100217a0 f   KNpcRes.obj
 0001:000207e0       ?SetMenuState@KNpcRes@@QAEXHPADH@Z 100217e0 f   KNpcRes.obj
 0001:00020820       ?GetMenuState@KNpcRes@@QAEHXZ 10021820 f   KNpcRes.obj
 0001:00020840       ?SetSleepState@KNpcRes@@QAEXH@Z 10021840 f   KNpcRes.obj
 0001:00020890       ?GetSleepState@KNpcRes@@QAEHXZ 10021890 f   KNpcRes.obj
 0001:000208a0       ?DrawBorder@KNpcRes@@QAEXXZ 100218a0 f   KNpcRes.obj
 0001:000209b0       ?DrawMenuState@KNpcRes@@QAEHH@Z 100219b0 f   KNpcRes.obj
 0001:00020aa0       ?GetNormalNpcStandDir@KNpcRes@@QAEHH@Z 10021aa0 f   KNpcRes.obj
 0001:00020ae0       ?GetSprNumFrames@KNpcRes@@QAEHPBDH@Z 10021ae0 f   KNpcRes.obj
 0001:00020b10       ?SetBlurSecMove@KNpcRes@@QAEXHHHH@Z 10021b10 f   KNpcRes.obj
 0001:00020be0       ?RemoveBlurSecMove@KNpcRes@@QAEXH@Z 10021be0 f   KNpcRes.obj
 0001:00020c00       ??0KStateSpr@@QAE@XZ       10021c00 f   KNpcRes.obj
 0001:00020c20       ?Release@KStateSpr@@QAEXXZ 10021c20 f   KNpcRes.obj
 0001:00020c40       ??0KNpcBlur@@QAE@XZ        10021c40 f   KNpcRes.obj
 0001:00020c60       ??1KNpcBlur@@QAE@XZ        10021c60 f   KNpcRes.obj
 0001:00020c70       ?SetNextNo@KNpcBlur@@QAEXXZ 10021c70 f   KNpcRes.obj
 0001:00020c90       ?SetMapPos@KNpcBlur@@QAEXHHHH@Z 10021c90 f   KNpcRes.obj
 0001:00020cf0       ?ChangeAlpha@KNpcBlur@@QAEXXZ 10021cf0 f   KNpcRes.obj
 0001:00020da0       ?ClearCurNo@KNpcBlur@@QAEXXZ 10021da0 f   KNpcRes.obj
 0001:00020dd0       ?SetFile@KNpcBlur@@QAEXHPADHHHHH@Z 10021dd0 f   KNpcRes.obj
 0001:00020f00       ?Draw@KNpcBlur@@QAEXH@Z    10021f00 f   KNpcRes.obj
 0001:00020f40       ?NowGetBlur@KNpcBlur@@QAEHXZ 10021f40 f   KNpcRes.obj
 0001:00020f50       ?Init@KNpcBlur@@QAEHXZ     10021f50 f   KNpcRes.obj
 0001:00020f90       ?Remove@KNpcBlur@@QAEXXZ   10021f90 f   KNpcRes.obj
 0001:00020fd0       ?Remove@KNpcBlur@@QAEXH@Z  10021fd0 f   KNpcRes.obj
 0001:00021020       ?AddObj@KNpcBlur@@QAEXXZ   10022020 f   KNpcRes.obj
 0001:00021030       ?RemoveObj@KNpcBlur@@QAEXXZ 10022030 f   KNpcRes.obj
 0001:00021080       ??0KNpcResList@@QAE@XZ     10022080 f   KNpcResList.obj
 0001:00021100       ??1KNpcResList@@QAE@XZ     10022100 f   KNpcResList.obj
 0001:00021190       ?Init@KNpcResList@@QAEHXZ  10022190 f   KNpcResList.obj
 0001:000211e0       ?FindNpcRes@KNpcResList@@AAEPAVKNpcResNode@@PAD@Z 100221e0 f   KNpcResList.obj
 0001:000212b0       ?AddNpcRes@KNpcResList@@QAEPAVKNpcResNode@@PAD@Z 100222b0 f   KNpcResList.obj
 0001:00021380       ??0KNpcResNode@@QAE@XZ     10022380 f   KNpcResNode.obj
 0001:00021470       ??_GKNpcResNode@@UAEPAXI@Z 10022470 f i KNpcResNode.obj
 0001:00021470       ??_EKNpcResNode@@UAEPAXI@Z 10022470 f i KNpcResNode.obj
 0001:00021490       ??1KNpcResNode@@UAE@XZ     10022490 f   KNpcResNode.obj
 0001:00021530       ?Init@KNpcResNode@@QAEHPADPAVCActionName@@1@Z 10022530 f   KNpcResNode.obj
 0001:00022390       ?ComposePathAndName@KNpcResNode@@QAEXPAD00@Z 10023390 f   KNpcResNode.obj
 0001:00022490       ?CheckPartExist@KNpcResNode@@QAEHH@Z 10023490 f   KNpcResNode.obj
 0001:000224c0       ?GetFileName@KNpcResNode@@QAEHHHHPAD0H@Z 100234c0 f   KNpcResNode.obj
 0001:00022500       ?GetInterval@KNpcResNode@@QAEHHHHH@Z 10023500 f   KNpcResNode.obj
 0001:00022540       ?GetTotalFrames@KNpcResNode@@QAEHHHHH@Z 10023540 f   KNpcResNode.obj
 0001:00022580       ?GetTotalDirs@KNpcResNode@@QAEHHHHH@Z 10023580 f   KNpcResNode.obj
 0001:000225c0       ?GetActNo@KNpcResNode@@QAEHHHH@Z 100235c0 f   KNpcResNode.obj
 0001:00022600       ?GetSort@KNpcResNode@@QAEHHHHPAHH@Z 10023600 f   KNpcResNode.obj
 0001:00022660       ?GetActionSoundName@KNpcResNode@@QAEXHPAD@Z 10023660 f   KNpcResNode.obj
 0001:000226a0       ?GetShadowName@KNpcResNode@@SAXPAD0@Z 100236a0 f   KNpcResNode.obj
 0001:00022730       ??0CActionName@@QAE@XZ     10023730 f   KNpcResNode.obj
 0001:00022760       ?Init@CActionName@@QAEHPAD@Z 10023760 f   KNpcResNode.obj
 0001:00022880       ?GetActionNo@CActionName@@QAEHPAD@Z 10023880 f   KNpcResNode.obj
 0001:00022900       ?GetActionCount@CActionName@@QAEHXZ 10023900 f   KNpcResNode.obj
 0001:00022910       ?GetActionName@CActionName@@QAEHHPADH@Z 10023910 f   KNpcResNode.obj
 0001:00022980       ??0CShadowFileName@@QAE@XZ 10023980 f   KNpcResNode.obj
 0001:00022990       ??1CShadowFileName@@QAE@XZ 10023990 f   KNpcResNode.obj
 0001:000229c0       ?Init@CShadowFileName@@QAEXH@Z 100239c0 f   KNpcResNode.obj
 0001:00022a20       ?GetFile@CShadowFileName@@QAEHHPAH0000PAD@Z 10023a20 f   KNpcResNode.obj
 0001:00022ab0       ??0CStateMagicTable@@QAE@XZ 10023ab0 f   KNpcResNode.obj
 0001:00022b10       ?Init@CStateMagicTable@@QAEHXZ 10023b10 f   KNpcResNode.obj
 0001:00022d70       ?GetInfo@CStateMagicTable@@QAEXHPADPAH111111@Z 10023d70 f   KNpcResNode.obj
 0001:00022e80       ??0CRESINFO@@QAE@XZ        10023e80 f   KNpcResNode.obj
 0001:00022e90       ??1CRESINFO@@QAE@XZ        10023e90 f   KNpcResNode.obj
 0001:00022ea0       ?AutoDelete@CRESINFO@@QAEXXZ 10023ea0 f   KNpcResNode.obj
 0001:00022ed0       ?AutoNew@CRESINFO@@QAEHHH@Z 10023ed0 f   KNpcResNode.obj
 0001:00022f80       ?GetName@CRESINFO@@QAEHHHPAD0H@Z 10023f80 f   KNpcResNode.obj
 0001:00023010       ?GetInterval@CRESINFO@@QAEHHHH@Z 10024010 f   KNpcResNode.obj
 0001:00023050       ?GetTotalFrames@CRESINFO@@QAEHHHH@Z 10024050 f   KNpcResNode.obj
 0001:00023090       ?GetTotalDirs@CRESINFO@@QAEHHHH@Z 10024090 f   KNpcResNode.obj
 0001:000230d0       ??0CEquipStyleTable@@QAE@XZ 100240d0 f   KNpcResNode.obj
 0001:000230e0       ??1CEquipStyleTable@@QAE@XZ 100240e0 f   KNpcResNode.obj
 0001:000230f0       ?AutoDelete@CEquipStyleTable@@QAEXXZ 100240f0 f   KNpcResNode.obj
 0001:00023120       ?AutoNew@CEquipStyleTable@@QAEHHH@Z 10024120 f   KNpcResNode.obj
 0001:00023180       ?SetValue@CEquipStyleTable@@QAEXHHH@Z 10024180 f   KNpcResNode.obj
 0001:000231c0       ?GetValue@CEquipStyleTable@@QAEHHH@Z 100241c0 f   KNpcResNode.obj
 0001:00023200       ??0CSortTable@@QAE@XZ      10024200 f   KNpcResNode.obj
 0001:00023270       ??1CSortTable@@QAE@XZ      10024270 f   KNpcResNode.obj
 0001:00023280       ?Release@CSortTable@@AAEXXZ 10024280 f   KNpcResNode.obj
 0001:000232d0       ?SortStrToNum@CSortTable@@AAEXPADPAHH@Z 100242d0 f   KNpcResNode.obj
 0001:00023380       ?GetTable@CSortTable@@QAEHPADPAVCActionName@@H@Z 10024380 f   KNpcResNode.obj
 0001:00023460       ?GetTable@CSortTable@@QAEHPAVKIniFile@@PAVCActionName@@H@Z 10024460 f   KNpcResNode.obj
 0001:000238d0       ?GetSort@CSortTable@@QAEHHHHPAHH@Z 100248d0 f   KNpcResNode.obj
 0001:00023bf0       ??1KNpcSet@@QAE@XZ         10024bf0 f i KNpcSet.obj
 0001:00023c60       ??0KNpcSet@@QAE@XZ         10024c60 f   KNpcSet.obj
 0001:00023cc0       ?Init@KNpcSet@@QAEXXZ      10024cc0 f   KNpcSet.obj
 0001:00023d80       ?LoadPlayerBaseValue@KNpcSet@@QAEXPAD@Z 10024d80 f   KNpcSet.obj
 0001:00023ef0       ?IsNpcExist@KNpcSet@@QAEHHK@Z 10024ef0 f   KNpcSet.obj
 0001:00023f20       ?GenOneRelation@KNpcSet@@AAE?AW4NPC_RELATION@@W4NPCKIND@@0W4NPCCAMP@@1W4NPCFIGHT@@2@Z 10024f20 f   KNpcSet.obj
 0001:00024030       ?GenRelationTable@KNpcSet@@AAEHXZ 10025030 f   KNpcSet.obj
 0001:000240d0       ?SearchID@KNpcSet@@QAEHK@Z 100250d0 f   KNpcSet.obj
 0001:00024110       ?SearchClientID@KNpcSet@@QAEHUKClientNpcID@@@Z 10025110 f   KNpcSet.obj
 0001:00024160       ?SearchName@KNpcSet@@QAEHPAD@Z 10025160 f   KNpcSet.obj
 0001:000241c0       ?SearchNameID@KNpcSet@@QAEHK@Z 100251c0 f   KNpcSet.obj
 0001:00024220       ?SearchNpcById@KNpcSet@@QAEPAVKNpc@@K@Z 10025220 f   KNpcSet.obj
 0001:000242a0       ?FindFree@KNpcSet@@AAEHXZ  100252a0 f   KNpcSet.obj
 0001:000242c0       ?AddClientNpc@KNpcSet@@QAEHHHHHHH@Z 100252c0 f   KNpcSet.obj
 0001:000243e0       ?Add@KNpcSet@@QAEHHHPAX@Z  100253e0 f   KNpcSet.obj
 0001:000244b0       ?Add@KNpcSet@@QAEHHHHHH@Z  100254b0 f   KNpcSet.obj
 0001:00024540       ?Add@KNpcSet@@QAEHHHHHHHHH@Z 10025540 f   KNpcSet.obj
 0001:000246e0       ?Remove@KNpcSet@@QAEXH@Z   100256e0 f   KNpcSet.obj
 0001:00024750       ?RemoveAll@KNpcSet@@QAEXXZ 10025750 f   KNpcSet.obj
 0001:000247f0       ?InsertNpcToRegion@KNpcSet@@QAEXH@Z 100257f0 f   KNpcSet.obj
 0001:000248b0       ?GetDistance@KNpcSet@@SAHHH@Z 100258b0 f   KNpcSet.obj
 0001:00024a40       ?GetDistanceSquare@KNpcSet@@SAHHH@Z 10025a40 f   KNpcSet.obj
 0001:00024bb0       ?GetNextIdx@KNpcSet@@QAEHH@Z 10025bb0 f   KNpcSet.obj
 0001:00024be0       ?CheckBalance@KNpcSet@@QAEXXZ 10025be0 f   KNpcSet.obj
 0001:00024d60       ?GetAroundPlayerForTeamInvite@KNpcSet@@QAEHPAUKUiPlayerItem@@H@Z 10025d60 f   KNpcSet.obj
 0001:00024f30       ?GetAroundPlayer@KNpcSet@@QAEHPAUKUiPlayerItem@@H@Z 10025f30 f   KNpcSet.obj
 0001:00025080       ?SetShowNameFlag@KNpcSet@@QAEXH@Z 10026080 f   KNpcSet.obj
 0001:000250b0       ?CheckShowName@KNpcSet@@QAEHXZ 100260b0 f   KNpcSet.obj
 0001:000250c0       ?SetShowLifeFlag@KNpcSet@@QAEXH@Z 100260c0 f   KNpcSet.obj
 0001:000250f0       ?CheckShowLife@KNpcSet@@QAEHXZ 100260f0 f   KNpcSet.obj
 0001:00025100       ?SetShowChatFlag@KNpcSet@@QAEXH@Z 10026100 f   KNpcSet.obj
 0001:00025130       ?CheckShowChat@KNpcSet@@QAEHXZ 10026130 f   KNpcSet.obj
 0001:00025140       ?SetShowManaFlag@KNpcSet@@QAEXH@Z 10026140 f   KNpcSet.obj
 0001:00025170       ?CheckShowMana@KNpcSet@@QAEHXZ 10026170 f   KNpcSet.obj
 0001:00025180       ?AutoGetNpcNear@KNpcSet@@QAEHHHHHQAHHHH@Z 10026180 f   KNpcSet.obj
 0001:000252d0       ?GetDistanceMps@KNpcSet@@QAEHHHHH@Z 100262d0 f   KNpcSet.obj
 0001:00025310       ?AutoGetPlayerPk@KNpcSet@@QAEHHHHH@Z 10026310 f   KNpcSet.obj
 0001:00025420       ?ClearActivateFlagOfAllNpc@KNpcSet@@QAEXXZ 10026420 f   KNpcSet.obj
 0001:00025460       ?GetAroundOpenCaptain@KNpcSet@@QAEXH@Z 10026460 f   KNpcSet.obj
 0001:000255e0       ?SearchNpcAt@KNpcSet@@QAEHHHHH@Z 100265e0 f   KNpcSet.obj
 0001:00025750       ?IsNpcRequestExist@KNpcSet@@QAEHK@Z 10026750 f   KNpcSet.obj
 0001:00025770       ?InsertNpcRequest@KNpcSet@@QAEXK@Z 10026770 f   KNpcSet.obj
 0001:000257d0       ?RemoveNpcRequest@KNpcSet@@QAEXK@Z 100267d0 f   KNpcSet.obj
 0001:00025820       ?GetRequestIndex@KNpcSet@@QAEHK@Z 10026820 f   KNpcSet.obj
 0001:00025860       ?GetRelation@KNpcSet@@QAE?AW4NPC_RELATION@@HH@Z 10026860 f   KNpcSet.obj
 0001:00025ad0       ??0KInstantSpecial@@QAE@XZ 10026ad0 f   KNpcSet.obj
 0001:00025b20       ?LoadSprName@KInstantSpecial@@AAEXXZ 10026b20 f   KNpcSet.obj
 0001:00025be0       ?LoadSoundName@KInstantSpecial@@AAEXXZ 10026be0 f   KNpcSet.obj
 0001:00025cd0       ?GetSprName@KInstantSpecial@@QAEXHPADH@Z 10026cd0 f   KNpcSet.obj
 0001:00025d60       ?PlaySoundA@KInstantSpecial@@QAEXH@Z 10026d60 f   KNpcSet.obj
 0001:00025e00       ?InitNpcBaseData@KNpcTemplate@@QAEXH@Z 10026e00 f   KNpcTemplate.obj
 0001:00026050       ?InitNpcLevelData@KNpcTemplate@@QAEXPAVKTabFile@@HPAVKLuaScript@@HH@Z 10027050 f   KNpcTemplate.obj
 0001:00026190       ?GetNpcLevelDataFromScript@KNpcTemplate@@SAHPAVKLuaScript@@PADHH1@Z 10027190 f   KNpcTemplate.obj
 0001:00026220       ?GetNpcLevelDataFromScript@KNpcTemplate@@SAHPAVKLuaScript@@PADHHNNN@Z 10027220 f   KNpcTemplate.obj
 0001:000262c0       ?SkillString2Id@KNpcTemplate@@SAHPAD@Z 100272c0 f   KNpcTemplate.obj
 0001:000263d0       ??0KPlayer@@QAE@XZ         100273d0 f   KPlayer.obj
 0001:00026510       ??1KPlayerAI@@QAE@XZ       10027510 f i KPlayer.obj
 0001:00026520       ??1KEquipmentArray@@QAE@XZ 10027520 f i KPlayer.obj
 0001:00026530       ??1KPlayerChat@@QAE@XZ     10027530 f i KPlayer.obj
 0001:000265a0       ??1CChatFriendTeam@@QAE@XZ 100275a0 f i KPlayer.obj
 0001:000265b0       ??1KPlayer@@QAE@XZ         100275b0 f   KPlayer.obj
 0001:00026660       ?Release@KPlayer@@QAEXXZ   10027660 f   KPlayer.obj
 0001:000267e0       ?SetPlayerIndex@KPlayer@@QAEXH@Z 100277e0 f   KPlayer.obj
 0001:00026800       ?GetPlayerIndex@KPlayer@@QAEHXZ 10027800 f   KPlayer.obj
 0001:00026810       ?Active@KPlayer@@QAEXXZ    10027810 f   KPlayer.obj
 0001:00026930       ?ProcessMsg@KPlayer@@QAEXPAVKWorldMsgNode@@@Z 10027930 f   KPlayer.obj
 0001:00026940       ?ProcessInputMsg@KPlayer@@QAEXIIJ@Z 10027940 f   KPlayer.obj
 0001:00026ab0       ?OnButtonDown@KPlayer@@AAEXHHHW4MOUSE_BUTTON@@@Z 10027ab0 f   KPlayer.obj
 0001:00026b00       ?OnButtonMove@KPlayer@@AAEXHHHW4MOUSE_BUTTON@@@Z 10027b00 f   KPlayer.obj
 0001:00026b30       ?OnButtonUp@KPlayer@@AAEXHHW4MOUSE_BUTTON@@@Z 10027b30 f   KPlayer.obj
 0001:00026b40       ?OnMouseMove@KPlayer@@AAEXHH@Z 10027b40 f   KPlayer.obj
 0001:00026ca0       ?ProcessMouse@KPlayer@@AAEXHHHW4MOUSE_BUTTON@@@Z 10027ca0 f   KPlayer.obj
 0001:00027240       ?Walk@KPlayer@@QAEXHH@Z    10028240 f   KPlayer.obj
 0001:000273e0       ?TurnLeft@KPlayer@@QAEXXZ  100283e0 f   KPlayer.obj
 0001:00027430       ?TurnRight@KPlayer@@QAEXXZ 10028430 f   KPlayer.obj
 0001:00027480       ?TurnBack@KPlayer@@QAEXXZ  10028480 f   KPlayer.obj
 0001:000274d0       ?FindSelectNpc@KPlayer@@QAEXHHH@Z 100284d0 f   KPlayer.obj
 0001:00027550       ?FindSelectObject@KPlayer@@QAEXHH@Z 10028550 f   KPlayer.obj
 0001:00027580       ?NetCommandPlayerTalk@KPlayer@@AAEHPAE@Z 10028580 f   KPlayer.obj
 0001:00027590       ?ConformIdx@KPlayer@@QAEHH@Z 10028590 f   KPlayer.obj
 0001:000275b0       ?ResetBaseAttribute@KPlayer@@QAEXD@Z 100285b0 f   KPlayer.obj
 0001:00027890       ?CalcCurLucky@KPlayer@@AAEXXZ 10028890 f   KPlayer.obj
 0001:000278a0       ?ChangeCurStrength@KPlayer@@QAEXH@Z 100288a0 f   KPlayer.obj
 0001:000278c0       ?ChangeCurDexterity@KPlayer@@QAEXH@Z 100288c0 f   KPlayer.obj
 0001:00027940       ?ChangeCurVitality@KPlayer@@QAEXH@Z 10028940 f   KPlayer.obj
 0001:00027a10       ?ChangeCurEngergy@KPlayer@@QAEXH@Z 10028a10 f   KPlayer.obj
 0001:00027a90       ?AddBaseLucky@KPlayer@@QAEXH@Z 10028a90 f   KPlayer.obj
 0001:00027ab0       ?SetNpcPhysicsDamage@KPlayer@@AAEXXZ 10028ab0 f   KPlayer.obj
 0001:00027bd0       ?SetNpcAttackRating@KPlayer@@AAEXXZ 10028bd0 f   KPlayer.obj
 0001:00027c10       ?SetNpcDefence@KPlayer@@AAEXXZ 10028c10 f   KPlayer.obj
 0001:00027c50       ?AddExp@KPlayer@@QAEXMHH@Z 10028c50 f   KPlayer.obj
 0001:00027c70       ?AddSelfExp@KPlayer@@QAEXHH@Z 10028c70 f   KPlayer.obj
 0001:00027d70       ?DirectAddExp@KPlayer@@QAEXH@Z 10028d70 f   KPlayer.obj
 0001:00027dd0       ?LevelUp@KPlayer@@QAEXXZ   10028dd0 f   KPlayer.obj
 0001:00028320       ?UpdataCurData@KPlayer@@QAEXXZ 10029320 f   KPlayer.obj
 0001:00028e90       ?ReCalcEquip@KPlayer@@QAEXXZ 10029e90 f   KPlayer.obj
 0001:00028f30       ?ReCalcState@KPlayer@@QAEXXZ 10029f30 f   KPlayer.obj
 0001:00028f60       ?AddLeadExp@KPlayer@@QAEXH@Z 10029f60 f   KPlayer.obj
 0001:00028ff0       ?LevelAddBaseLifeMax@KPlayer@@AAEXXZ 10029ff0 f   KPlayer.obj
 0001:00029070       ?LevelAddBaseStaminaMax@KPlayer@@AAEXXZ 1002a070 f   KPlayer.obj
 0001:00029100       ?LevelAddBaseManaMax@KPlayer@@AAEXXZ 1002a100 f   KPlayer.obj
 0001:00029180       ?ChangePlayerCamp@KPlayer@@QAEXH@Z 1002a180 f   KPlayer.obj
 0001:000291b0       ?ApplyTeamInfo@KPlayer@@QAEXK@Z 1002a1b0 f   KPlayer.obj
 0001:00029200       ?ApplySelfTeamInfo@KPlayer@@QAEXXZ 1002a200 f   KPlayer.obj
 0001:00029230       ?ApplyCreateTeam@KPlayer@@QAEHXZ 1002a230 f   KPlayer.obj
 0001:00029240       ?ApplyTeamOpenClose@KPlayer@@QAEHH@Z 1002a240 f   KPlayer.obj
 0001:00029330       ?ApplyAddTeam@KPlayer@@QAEXH@Z 1002a330 f   KPlayer.obj
 0001:00029490       ?AcceptTeamMember@KPlayer@@QAEXK@Z 1002a490 f   KPlayer.obj
 0001:00029540       ?TeamDropApplyOne@KPlayer@@QAEXK@Z 1002a540 f   KPlayer.obj
 0001:00029590       ?LeaveTeam@KPlayer@@QAEXXZ 1002a590 f   KPlayer.obj
 0001:000295d0       ?TeamKickMember@KPlayer@@QAEXK@Z 1002a5d0 f   KPlayer.obj
 0001:00029630       ?ApplyTeamChangeCaptain@KPlayer@@QAEXK@Z 1002a630 f   KPlayer.obj
 0001:00029690       ?ApplyTeamDismiss@KPlayer@@QAEXXZ 1002a690 f   KPlayer.obj
 0001:000296f0       ?ApplySetPK@KPlayer@@QAEXH@Z 1002a6f0 f   KPlayer.obj
 0001:00029740       ?ApplyFactionData@KPlayer@@QAEXXZ 1002a740 f   KPlayer.obj
 0001:00029780       ?SendChat@KPlayer@@QAEXPAUKUiMsgParam@@PAD@Z 1002a780 f   KPlayer.obj
 0001:00029810       ?ApplyAddBaseAttribute@KPlayer@@QAEXHH@Z 1002a810 f   KPlayer.obj
 0001:00029880       ?ApplyAddSkillLevel@KPlayer@@QAEHHH@Z 1002a880 f   KPlayer.obj
 0001:00029950       ?ApplyUseItem@KPlayer@@QAEHHUItemPos@@@Z 1002a950 f   KPlayer.obj
 0001:00029c60       ?PickUpObj@KPlayer@@QAEXH@Z 1002ac60 f   KPlayer.obj
 0001:00029df0       ?ObjMouseClick@KPlayer@@QAEXH@Z 1002adf0 f   KPlayer.obj
 0001:00029e80       ?MoveItem@KPlayer@@QAEXUItemPos@@0@Z 1002ae80 f   KPlayer.obj
 0001:0002a140       ?ThrowAwayItem@KPlayer@@QAEHXZ 1002b140 f   KPlayer.obj
 0001:0002a3b0       ?AutoThrowAwayItem@KPlayer@@QAEHH@Z 1002b3b0 f   KPlayer.obj
 0001:0002a520       ?ChatAddFriend@KPlayer@@QAEXH@Z 1002b520 f   KPlayer.obj
 0001:0002a570       ?ChatRefuseFriend@KPlayer@@QAEXH@Z 1002b570 f   KPlayer.obj
 0001:0002a5c0       ?TradeApplyOpen@KPlayer@@QAEXPADH@Z 1002b5c0 f   KPlayer.obj
 0001:0002a650       ?TradeApplyClose@KPlayer@@QAEXXZ 1002b650 f   KPlayer.obj
 0001:0002a6a0       ?TradeApplyStart@KPlayer@@QAEXH@Z 1002b6a0 f   KPlayer.obj
 0001:0002a7a0       ?TradeMoveMoney@KPlayer@@QAEHH@Z 1002b7a0 f   KPlayer.obj
 0001:0002a840       ?TradeDecision@KPlayer@@QAEXH@Z 1002b840 f   KPlayer.obj
 0001:0002a8e0       ?TradeApplyLock@KPlayer@@QAEXH@Z 1002b8e0 f   KPlayer.obj
 0001:0002a960       ?s2cApplyAddTeam@KPlayer@@QAEXPAE@Z 1002b960 f   KPlayer.obj
 0001:0002abb0       ?TaskGetSaveVal@KPlayer@@QAEHH@Z 1002bbb0 f   KPlayer.obj
 0001:0002abd0       ?TaskSetSaveVal@KPlayer@@QAEXHH@Z 1002bbd0 f   KPlayer.obj
 0001:0002ac90       ?TaskGetClearVal@KPlayer@@QAEHH@Z 1002bc90 f   KPlayer.obj
 0001:0002acb0       ?TaskSetClearVal@KPlayer@@QAEXHH@Z 1002bcb0 f   KPlayer.obj
 0001:0002acd0       ?CheckRideHorse@KPlayer@@QAEXH@Z 1002bcd0 f   KPlayer.obj
 0001:0002adb0       ?SetLevel@KPlayer@@QAEXE@Z 1002bdb0 f   KPlayer.obj
 0001:0002b5a0       ?RefeshPlayer@KPlayer@@QAEX_N@Z 1002c5a0 f   KPlayer.obj
 0001:0002b610       ?AddAllSkillPoint@KPlayer@@QAEXH@Z 1002c610 f   KPlayer.obj
 0001:0002b670       ?AddSkillPoint@KPlayer@@QAEXHH@Z 1002c670 f   KPlayer.obj
 0001:0002b7d0       ?UpdateSkillPointAdd@KPlayer@@QAEXXZ 1002c7d0 f   KPlayer.obj
 0001:0002b820       ?SetDefaultImmedSkill@KPlayer@@QAEXXZ 1002c820 f   KPlayer.obj
 0001:0002b8c0       ?SetLeftSkill@KPlayer@@QAEXH@Z 1002c8c0 f   KPlayer.obj
 0001:0002b920       ?SetRightSkill@KPlayer@@QAEXH@Z 1002c920 f   KPlayer.obj
 0001:0002ba10       ?UpdateWeaponSkill@KPlayer@@QAEXXZ 1002ca10 f   KPlayer.obj
 0001:0002bb10       ?SetChatCurChannel@KPlayer@@QAEXH@Z 1002cb10 f   KPlayer.obj
 0001:0002bb30       ?TeamInviteAdd@KPlayer@@QAEXK@Z 1002cb30 f   KPlayer.obj
 0001:0002bb50       ?ExecuteScript@KPlayer@@QAEHPAD0H@Z 1002cb50 f   KPlayer.obj
 0001:0002bb90       ?ExecuteScript@KPlayer@@QAEHKPADH@Z 1002cb90 f   KPlayer.obj
 0001:0002bd70       ?ExecuteScript@KPlayer@@QAEHKPAD0@Z 1002cd70 f   KPlayer.obj
 0001:0002bf40       ?ExecuteScript@KPlayer@@QAEHPAD00@Z 1002cf40 f   KPlayer.obj
 0001:0002bf90       ?ExecuteScript2@KPlayer@@QAEHPAD0HHH@Z 1002cf90 f   KPlayer.obj
 0001:0002bfe0       ?ExecuteScript2@KPlayer@@QAEHKPADHHH@Z 1002cfe0 f   KPlayer.obj
 0001:0002c1e0       ?ExecuteScript2@KPlayer@@QAEHPAD0H0H@Z 1002d1e0 f   KPlayer.obj
 0001:0002c230       ?ExecuteScript2@KPlayer@@QAEHKPADH0H@Z 1002d230 f   KPlayer.obj
 0001:0002c430       ?DoScriptAction@KPlayer@@QAEXPAUPLAYER_SCRIPTACTION_SYNC@@@Z 1002d430 f   KPlayer.obj
 0001:0002c450       ?ProcessPlayerSelectFromUI@KPlayer@@QAEXPAE@Z 1002d450 f   KPlayer.obj
 0001:0002c5a0       ?OnSelectFromUI@KPlayer@@QAEXPAUPLAYER_SELECTUI_COMMAND@@W4UIInfo@@@Z 1002d5a0 f   KPlayer.obj
 0001:0002c740       ?ChatFriendOnLine@KPlayer@@QAEXKH@Z 1002d740 f   KPlayer.obj
 0001:0002c850       ?GetFactionName@KPlayer@@QAEXPADH@Z 1002d850 f   KPlayer.obj
 0001:0002c870       ?OnScriptAction@KPlayer@@QAEXPAUPLAYER_SCRIPTACTION_SYNC@@@Z 1002d870 f   KPlayer.obj
 0001:0002d6e0       ??_EKLuaScript@@UAEPAXI@Z  1002e6e0 f i KPlayer.obj
 0001:0002d6e0       ??_GKLuaScript@@UAEPAXI@Z  1002e6e0 f i KPlayer.obj
 0001:0002d700       ?s2cTradeChangeState@KPlayer@@QAEXPAE@Z 1002e700 f   KPlayer.obj
 0001:0002da10       ?s2cLevelUp@KPlayer@@QAEXPAE@Z 1002ea10 f   KPlayer.obj
 0001:0002e250       ?s2cGetCurAttribute@KPlayer@@QAEXPAE@Z 1002f250 f   KPlayer.obj
 0001:0002e720       ?s2cSetExp@KPlayer@@QAEXH@Z 1002f720 f   KPlayer.obj
 0001:0002e7e0       ?s2cSyncMoney@KPlayer@@QAEXPAE@Z 1002f7e0 f   KPlayer.obj
 0001:0002e8d0       ?s2cTradeApplyStart@KPlayer@@QAEXPAE@Z 1002f8d0 f   KPlayer.obj
 0001:0002e9b0       ?s2cTradeMoneySync@KPlayer@@QAEXPAE@Z 1002f9b0 f   KPlayer.obj
 0001:0002e9f0       ?s2cTradeDecision@KPlayer@@QAEXPAE@Z 1002f9f0 f   KPlayer.obj
 0001:0002eb80       ?GetRightSkillID@KPlayer@@QBEHXZ 1002fb80 f   KPlayer.obj
 0001:0002eb90       ?GetRightSkillLevel@KPlayer@@QBEHXZ 1002fb90 f   KPlayer.obj
 0001:0002eba0       ?ForceReapplyRightAura@KPlayer@@QAEXXZ 1002fba0 f   KPlayer.obj
 0001:0002ec10       ?SyncCurPlayer@KPlayer@@QAEXPAE@Z 1002fc10 f   KPlayer.obj
 0001:0002f1b0       ?CheckTrading@KPlayer@@QAEHXZ 100301b0 f   KPlayer.obj
 0001:0002f1c0       ?SetFirstDamage@KPlayer@@QAEXXZ 100301c0 f   KPlayer.obj
 0001:0002f720       ?SetBaseAttackRating@KPlayer@@QAEXXZ 10030720 f   KPlayer.obj
 0001:0002f750       ?SetBaseDefence@KPlayer@@QAEXXZ 10030750 f   KPlayer.obj
 0001:0002f780       ?SetBaseResistData@KPlayer@@QAEXXZ 10030780 f   KPlayer.obj
 0001:0002f9e0       ?SetBaseSpeedAndRadius@KPlayer@@QAEXXZ 100309e0 f   KPlayer.obj
 0001:0002fac0       ?DialogNpc@KPlayer@@QAEXH@Z 10030ac0 f   KPlayer.obj
 0001:0002fb60       ?CheckObject@KPlayer@@QAEXH@Z 10030b60 f   KPlayer.obj
 0001:0002fc10       ?ShopApplyOpen@KPlayer@@QAEHXZ 10030c10 f   KPlayer.obj
 0001:0002fda0       ?ShopApplyClose@KPlayer@@QAEHXZ 10030da0 f   KPlayer.obj
 0001:0002fe40       ?DrawSelectInfo@KPlayer@@QAEXXZ 10030e40 f   KPlayer.obj
 0001:0002ffc0       ?GetEchoDamage@KPlayer@@QAEXPAH00H@Z 10030fc0 f   KPlayer.obj
 0001:00030900       ?SetNpcDamageAttrib@KPlayer@@QAEXXZ 10031900 f   KPlayer.obj
 0001:00030910       ?SetBronzeCoin@KPlayer@@QAEXH@Z 10031910 f   KPlayer.obj
 0001:00030920       ?GetBronzeCoin@KPlayer@@QAEHXZ 10031920 f   KPlayer.obj
 0001:00030930       ?SetLockBronzeCoin@KPlayer@@QAEXH@Z 10031930 f   KPlayer.obj
 0001:00030940       ?GetLockBronzeCoin@KPlayer@@QAEHXZ 10031940 f   KPlayer.obj
 0001:00030950       ?HideMask@KPlayer@@QAEXH@Z 10031950 f   KPlayer.obj
 0001:00030a10       ?SetExpAddNo@KPlayer@@AAEXH@Z 10031a10 f   KPlayer.obj
 0001:00030a50       ?ClientSystemMsg@KPlayer@@QAEXPBD0@Z 10031a50 f   KPlayer.obj
 0001:00030a90       ?SetAutoFlag@KPlayer@@QAEXH@Z 10031a90 f   KPlayer.obj
 0001:00030aa0       ?SetStoreBoxNum@KPlayer@@QAEXE@Z 10031aa0 f   KPlayer.obj
 0001:00030ac0       ?SetExpandBoxNum@KPlayer@@QAEXE@Z 10031ac0 f   KPlayer.obj
 0001:00030ae0       ?FindSame@KEquipmentArray@@QAEHH@Z 10031ae0 f   KPlayerAI.obj
 0001:00030b00       ?Init@KPlayerAI@@QAEXXZ    10031b00 f   KPlayerAI.obj
 0001:00030b10       ?Release@KPlayerAI@@QAEXXZ 10031b10 f   KPlayerAI.obj
 0001:00030e30       ?ResetAuto@KPlayerAI@@QAEXXZ 10031e30 f   KPlayerAI.obj
 0001:00030ee0       ?SendAroundAuto@KPlayerAI@@QAEXH@Z 10031ee0 f   KPlayerAI.obj
 0001:00030fd0       ?Active@KPlayerAI@@QAEXXZ  10031fd0 f   KPlayerAI.obj
 0001:00031830       ?FindNearNpc2Array@KPlayerAI@@QAEHH@Z 10032830 f   KPlayerAI.obj
 0001:00031920       ?AutoAddNpc2Array@KPlayerAI@@QAEHH@Z 10032920 f   KPlayerAI.obj
 0001:00032290       ?PlayerFollowActack@KPlayerAI@@QAEXH@Z 10033290 f   KPlayerAI.obj
 0001:00032b60       ?AutoReturn@KPlayerAI@@QAEHXZ 10033b60 f   KPlayerAI.obj
 0001:00032cb0       ?PlayerMoveMps@KPlayerAI@@QAEHXZ 10033cb0 f   KPlayerAI.obj
 0001:00032ec0       ?MoveTo@KPlayerAI@@QAEXHH@Z 10033ec0 f   KPlayerAI.obj
 0001:00033000       ?IsNotValidNpc@KPlayerAI@@QAEHH@Z 10034000 f   KPlayerAI.obj
 0001:00033190       ?DefensePlayer@KPlayerAI@@QAEHH@Z 10034190 f   KPlayerAI.obj
 0001:000332b0       ?CheckPlayerRider@KPlayerAI@@QAEXXZ 100342b0 f   KPlayerAI.obj
 0001:00033350       ?AutoBuffSkillState@KPlayerAI@@QAEHXZ 10034350 f   KPlayerAI.obj
 0001:00033500       ?AutoBuffEmi@KPlayerAI@@QAEHXZ 10034500 f   KPlayerAI.obj
 0001:000338c0       ?PlayerSwitchAura@KPlayerAI@@QAEXXZ 100348c0 f   KPlayerAI.obj
 0001:00033940       ?PlayerBuffWhenManaSmall@KPlayerAI@@QAEXXZ 10034940 f   KPlayerAI.obj
 0001:00033a00       ?PlayerActiveFightHand@KPlayerAI@@QAEXXZ 10034a00 f   KPlayerAI.obj
 0001:00033ad0       ?InviteParty@KPlayerAI@@QAEXXZ 10034ad0 f   KPlayerAI.obj
 0001:00033bf0       ?CheckPTList@KPlayerAI@@QAEHPBD@Z 10034bf0 f   KPlayerAI.obj
 0001:00033c60       ?IsRAPEquip@KPlayerAI@@QAEHH@Z 10034c60 f   KPlayerAI.obj
 0001:00033c80       ?IsEquipSatisfyCondition@KPlayerAI@@QAEHH@Z 10034c80 f   KPlayerAI.obj
 0001:00033cf0       ?PlayerFilterEquip@KPlayerAI@@QAEXXZ 10034cf0 f   KPlayerAI.obj
 0001:00034040       ?FindObjectNearPlayer@KPlayerAI@@QAEHXZ 10035040 f   KPlayerAI.obj
 0001:00034560       ?FindNearObject2Array@KPlayerAI@@QAEHXZ 10035560 f   KPlayerAI.obj
 0001:00034770       ?IsNotValidObject@KPlayerAI@@QAEHH@Z 10035770 f   KPlayerAI.obj
 0001:00034870       ?PlayerFollowObject@KPlayerAI@@QAEHH@Z 10035870 f   KPlayerAI.obj
 0001:00034a50       ?PlayerEatAItem@KPlayerAI@@QAEHXZ 10035a50 f   KPlayerAI.obj
 0001:00034fd0       ?PlayerUseItem@KPlayerAI@@QAEHH@Z 10035fd0 f   KPlayerAI.obj
 0001:00035430       ?EatFullBox@KPlayerAI@@QAEXXZ 10036430 f   KPlayerAI.obj
 0001:00035530       ?RepairEquip@KPlayerAI@@QAEHXZ 10036530 f   KPlayerAI.obj
 0001:000356d0       ?SaveMoney@KPlayerAI@@QAEHXZ 100366d0 f   KPlayerAI.obj
 0001:00035740       ?BackToMap@KPlayerAI@@QAEXXZ 10036740 f   KPlayerAI.obj
 0001:00035970       ?BackMapTrain@KPlayerAI@@QAEXXZ 10036970 f   KPlayerAI.obj
 0001:00035c00       ?MoveItemToBox@KPlayerAI@@QAEXXZ 10036c00 f   KPlayerAI.obj
 0001:00036050       ?PaintActionAuto@KPlayerAI@@QAEXHHHH@Z 10037050 f   KPlayerAI.obj
 0001:00036090       ?Release@KPlayerChat@@QAEXXZ 10037090 f   KPlayerChat.obj
 0001:00036160       ?CheckExist@KPlayerChat@@QAEHK@Z 10037160 f   KPlayerChat.obj
 0001:000361c0       ?CheckExist@KPlayerChat@@QAEHPAD@Z 100371c0 f   KPlayerChat.obj
 0001:00036260       ?GetFriendNode@KPlayerChat@@QAEPAVCChatFriend@@K@Z 10037260 f   KPlayerChat.obj
 0001:000362b0       ?GetTeamNo@KPlayerChat@@QAEHK@Z 100372b0 f   KPlayerChat.obj
 0001:00036310       ?GetName@KPlayerChat@@QAEHKPAD@Z 10037310 f   KPlayerChat.obj
 0001:00036380       ?SetCurChannel@KPlayerChat@@QAEXHKH@Z 10037380 f   KPlayerChat.obj
 0001:00036400       ?AddChannel@KPlayerChat@@QAEXH@Z 10037400 f   KPlayerChat.obj
 0001:00036480       ?SubChannel@KPlayerChat@@QAEXH@Z 10037480 f   KPlayerChat.obj
 0001:000364f0       ?SendTakeChannel@KPlayerChat@@QAEXXZ 100374f0 f   KPlayerChat.obj
 0001:00036540       ?SendSentence@KPlayerChat@@QAEXPAUKUiMsgParam@@PAD@Z 10037540 f   KPlayerChat.obj
 0001:00036700       ?QQSendSentence@KPlayerChat@@QAEXKHPAUKUiMsgParam@@PAD@Z 10037700 f   KPlayerChat.obj
 0001:00036870       ?SetTakeChannel@KPlayerChat@@QAEXK@Z 10037870 f   KPlayerChat.obj
 0001:000368a0       ?GetChat@KPlayerChat@@QAEXPAUPLAYER_SEND_CHAT_DATA_SYNC@@@Z 100378a0 f   KPlayerChat.obj
 0001:00036de0       ?ApplyAddFriend@KPlayerChat@@QAEXKPAD@Z 10037de0 f   KPlayerChat.obj
 0001:00036f40       ?GetApplyOneInfo@KPlayerChat@@QAEHPAHPAD1@Z 10037f40 f   KPlayerChat.obj
 0001:00036ff0       ?SaveTeamInfo@KPlayerChat@@QAEXPAD@Z 10037ff0 f   KPlayerChat.obj
 0001:000371c0       ?SaveTakeChannelInfo@KPlayerChat@@QAEXPAD@Z 100381c0 f   KPlayerChat.obj
 0001:000372c0       ?LoadTakeChannelInfo@KPlayerChat@@QAEXPAD@Z 100382c0 f   KPlayerChat.obj
 0001:00037420       ?CheckTeamNo@KPlayerChat@@QAEHPAD0@Z 10038420 f   KPlayerChat.obj
 0001:00037710       ?LoadTeamName@KPlayerChat@@QAEXPAD@Z 10038710 f   KPlayerChat.obj
 0001:000378e0       ?AddOne@KPlayerChat@@QAEXKHPADH@Z 100388e0 f   KPlayerChat.obj
 0001:000379c0       ??_GCChatFriend@@UAEPAXI@Z 100389c0 f i KPlayerChat.obj
 0001:000379c0       ??_ECChatFriend@@UAEPAXI@Z 100389c0 f i KPlayerChat.obj
 0001:000379e0       ??1CChatFriend@@UAE@XZ     100389e0 f i KPlayerChat.obj
 0001:000379f0       ?CheckIsFriend@KPlayerChat@@QAEHH@Z 100389f0 f   KPlayerChat.obj
 0001:00037a50       ?AddTeam@KPlayerChat@@QAEHPAD0@Z 10038a50 f   KPlayerChat.obj
 0001:00037c00       ?RenameTeam@KPlayerChat@@QAEHHPAD0@Z 10038c00 f   KPlayerChat.obj
 0001:00037d80       ?DeleteTeam@KPlayerChat@@QAEHHPAD@Z 10038d80 f   KPlayerChat.obj
 0001:00037ee0       ?OneFriendChangeTeam@KPlayerChat@@QAEHKHH@Z 10038ee0 f   KPlayerChat.obj
 0001:00037fe0       ?GetMsgOffLine@KPlayerChat@@QAEXK@Z 10038fe0 f   KPlayerChat.obj
 0001:000380d0       ?CheckTakeChannel@KPlayerChat@@QAEHH@Z 100390d0 f   KPlayerChat.obj
 0001:00038100       ?ApplyDeleteFriend@KPlayerChat@@QAEXKHPAD@Z 10039100 f   KPlayerChat.obj
 0001:00038220       ?CheckTalkChannel@KPlayerChat@@QAEHH@Z 10039220 f   KPlayerChat.obj
 0001:00038250       ?SendSelectChannelList@KPlayerChat@@QAEHPAUKUiChatChannel@@H@Z 10039250 f   KPlayerChat.obj
 0001:00038420       ?SendTakeChannelList@KPlayerChat@@QAEHPAUKUiChatChannel@@H@Z 10039420 f   KPlayerChat.obj
 0001:000385a0       ?GetCurChannel@KPlayerChat@@QAEHPAUKUiChatChannel@@@Z 100395a0 f   KPlayerChat.obj
 0001:000386b0       ?IGetTeamInfo@KPlayerChat@@QAEHHPAUKUiChatGroupInfo@@@Z 100396b0 f   KPlayerChat.obj
 0001:00038730       ?IGetTeamFriendInfo@KPlayerChat@@QAEHHPAUKUiPlayerItem@@@Z 10039730 f   KPlayerChat.obj
 0001:00038800       ??0CChatFriendTeam@@QAE@XZ 10039800 f   KPlayerChat.obj
 0001:00038850       ?Release@CChatFriendTeam@@QAEXXZ 10039850 f   KPlayerChat.obj
 0001:000388c0       ?SetTime@KCHAT_RECORDER@@AAEXXZ 100398c0 f   KPlayerChat.obj
 0001:00038940       ?SaveSentenceSingle@KCHAT_RECORDER@@QAEXPAD000@Z 10039940 f   KPlayerChat.obj
 0001:00038950       ?SaveSentenceChannel@KCHAT_RECORDER@@QAEXPAD00@Z 10039950 f   KPlayerChat.obj
 0001:00038960       ??0KPlayerFaction@@QAE@XZ  10039960 f   KPlayerFaction.obj
 0001:00038970       ?Release@KPlayerFaction@@QAEXXZ 10039970 f   KPlayerFaction.obj
 0001:00038990       ?SetSeries@KPlayerFaction@@QAEXH@Z 10039990 f   KPlayerFaction.obj
 0001:000389a0       ?AddFaction@KPlayerFaction@@QAEHHPAD@Z 100399a0 f   KPlayerFaction.obj
 0001:000389e0       ?AddFaction@KPlayerFaction@@QAEHHH@Z 100399e0 f   KPlayerFaction.obj
 0001:00038a40       ?LeaveFaction@KPlayerFaction@@QAEXXZ 10039a40 f   KPlayerFaction.obj
 0001:00038a50       ?OpenCurSkillLevel@KPlayerFaction@@QAEHHPAVKSkillList@@@Z 10039a50 f   KPlayerFaction.obj
 0001:00038a60       ?GetGurFactionCamp@KPlayerFaction@@QAEHXZ 10039a60 f   KPlayerFaction.obj
 0001:00038aa0       ?GetCurFactionNo@KPlayerFaction@@QAEHXZ 10039aa0 f   KPlayerFaction.obj
 0001:00038ab0       ?GetCurFactionName@KPlayerFaction@@QAEXPAD@Z 10039ab0 f   KPlayerFaction.obj
 0001:00038b10       ??0KPlayerMenuState@@QAE@XZ 10039b10 f   KPlayerMenuState.obj
 0001:00038b20       ?Release@KPlayerMenuState@@QAEXXZ 10039b20 f   KPlayerMenuState.obj
 0001:00038b50       ?SetState@KPlayerMenuState@@QAEXH@Z 10039b50 f   KPlayerMenuState.obj
 0001:00038b70       ?Init@KPlayerMenuStateGraph@@QAEHXZ 10039b70 f   KPlayerMenuState.obj
 0001:00038c30       ?GetStateSpr@KPlayerMenuStateGraph@@QAEXHPAD@Z 10039c30 f   KPlayerMenuState.obj
 0001:00038c70       ?Init@KPlayerPK@@QAEXXZ    10039c70 f   KPlayerPK.obj
 0001:00038c90       ?Active@KPlayerPK@@QAEXXZ  10039c90 f   KPlayerPK.obj
 0001:00038ca0       ?SetNormalPKState@KPlayerPK@@QAEXEH@Z 10039ca0 f   KPlayerPK.obj
 0001:00038d60       ?ApplySetNormalPKState@KPlayerPK@@QAEXE@Z 10039d60 f   KPlayerPK.obj
 0001:00038db0       ?GetNormalPKState@KPlayerPK@@QAEEXZ 10039db0 f   KPlayerPK.obj
 0001:00038dc0       ?ApplyEnmityPK@KPlayerPK@@QAEXPAD@Z 10039dc0 f   KPlayerPK.obj
 0001:00038e10       ?ApplyEnmityPK@KPlayerPK@@QAEXH@Z 10039e10 f   KPlayerPK.obj
 0001:00039020       ?SetEnmityPKState@KPlayerPK@@QAEXHHPAD@Z 1003a020 f   KPlayerPK.obj
[...]
 0003:01ce9980       ?g_bPingReply@@3HA         11d72980     KCore.obj
 0003:01ce9984       ?g_pClient@@3PAUIClient@@A 11d72984     KCore.obj
 0003:01ce9988       ?g_TitleTabSetting@@3VKTabFile@@A 11d72988     KCore.obj
 0003:01ce99a8       ?g_MapTrafficSetting@@3VKIniFile@@A 11d729a8     KCore.obj
 0003:01ce9a08       ?g_StateIniSetting@@3VKIniFile@@A 11d72a08     KCore.obj
 0003:01ce9a68       ?g_RankTabSetting@@3VKTabFile@@A 11d72a68     KCore.obj
 0003:01ce9a88       ?g_ClientWeaponSkillTabFile@@3VKTabFile@@A 11d72a88     KCore.obj
 0003:01ce9aa8       ?g_pAdjustColorTab@@3PAIA  11d72aa8     KCore.obj
 0003:01ce9aac       ?g_ulAdjustColorCount@@3IA 11d72aac     KCore.obj
 0003:01ce9ab0       ?g_bUISelIntelActiveWithServer@@3HA 11d72ab0     KCore.obj
 0003:01ce9ab4       ?g_bUISpeakActiveWithServer@@3HA 11d72ab4     KCore.obj
 0003:01ce9ab8       ?g_bUISelLastSelCount@@3HA 11d72ab8     KCore.obj
 0003:01ce9abc       ?g_pMusic@@3PAVKMusic@@A   11d72abc     KCore.obj
 0003:01ce9ac0       ?g_pNpcLevelScript@@3PAVKLuaScript@@A 11d72ac0     KCore.obj
 0003:01ce9ac8       ?SubWorld@@3PAVKSubWorld@@A 11d72ac8     KSubWorld.obj
 0003:01ce9bc8       ?nActiveRegionCount@@3HA   11d72bc8     KSubWorldSet.obj
 0003:01ce9bd0       ?g_SubWorldSet@@3VKSubWorldSet@@A 11d72bd0     KSubWorldSet.obj
 0003:01cf5cd8       ?g_nConquerSeries@@3PAHA   11d7ecd8     KMath.obj
 0003:01cf5cec       ?g_nAccrueSeries@@3PAHA    11d7ecec     KMath.obj
 0003:01cf5d00       ?g_ProtocolProcess@@3VKProtocolProcess@@A 11d7ed00     KProtocolProcess.obj
 0003:01cf60f8       ?g_TempValue@@3PAHA        11d7f0f8     ScriptFuns.obj
 0003:01cf68c8       ?g_StoryScriptList@@3VKScriptList@@A 11d7f8c8     ScriptFuns.obj
 0003:01cf68e0       ?g_ScriptValueSet@@3VKScriptValueSet@@A 11d7f8e0     KScriptValueSet.obj
 0003:01cf6914       ?g_pMainScript@@3PAVKLuaScript@@A 11d7f914     KScriptValueSet.obj
 0003:01cf6918       ?g_szCurScriptDir@@3PADA   11d7f918     KSortScript.obj
 0003:01cf6a1c       ?nCurrentScriptNum@@3IA    11d7fa1c     KSortScript.obj
 0003:01cf6a20       ?g_ScriptBinTree@@3V?$BinSTree@VKSortScriptNode@@@@A 11d7fa20     KSortScript.obj
 0003:01cf6a30       ?g_ScriptSet@@3PAVKLuaScript@@A 11d7fa30     KSortScript.obj
 0003:01cf6aa8       ?l_pDataChangedNotifyFunc@@3PAUIClientCallback@@A 11d7faa8     CoreShell.obj
 0003:01cf6ab0       ?g_ScenePlace@@3VKScenePlaceC@@A 11d7fab0     KScenePlaceC.obj
 0003:01d63f7c       ?g_pRepresent@@3PAUiRepresentShell@@A 11decf7c     ImgRef.obj
 0003:01d63f80       ?l_Time@@3IA               11decf80     ImgRef.obj
 0003:01d63f88       ?g_MagicDesc@@3VKMagicDesc@@A 11decf88     KMagicDesc.obj
 0003:01d641e8       ?g_StringResourseTabFile@@3VKTabFile@@A 11ded1e8     KTaskFuns.obj
 0003:01d64208       ?Option@@3VKOption@@A      11ded208     KOption.obj
 0003:01d64218       ?Ladder@@3VKLadder@@A      11ded218     KLadder.obj
 0003:01d65c00       ?g_LoadFile@@3VZLoadFile@@A 11deec00     ZLoadFile.obj
 0003:01d65f10       ?g_JXPathFinder@@3VKJXPathFinder@@A 11deef10     KJXPathFinder.obj
 0003:01d65f5c       __adjust_fdiv              11deef5c     <common>
 0003:01d65f60       __pRawDllMain              11deef60     <common>
 0003:01d65f64       ___onexitend               11deef64     <common>
 0003:01d65f68       ___onexitbegin             11deef68     <common>

 entry point at        0001:000762f3

 Static symbols

 0001:00073810       _$E9                       10074810 f   KJXPathFinder.obj
 0001:00073820       _$E6                       10074820 f   KJXPathFinder.obj
 0001:00073830       _$E8                       10074830 f   KJXPathFinder.obj
 0001:00073840       _$E7                       10074840 f   KJXPathFinder.obj
 0001:00073270       _$E28                      10074270 f   Kautoai.obj
 0001:00073280       _$E25                      10074280 f   Kautoai.obj
 0001:00073290       _$E27                      10074290 f   Kautoai.obj
 0001:000732a0       _$E26                      100742a0 f   Kautoai.obj
 0001:000732b0       _$E34                      100742b0 f   Kautoai.obj
 0001:000732c0       _$E31                      100742c0 f   Kautoai.obj
 0001:000732d0       _$E33                      100742d0 f   Kautoai.obj
 0001:000732e0       _$E32                      100742e0 f   Kautoai.obj
 0001:00072c10       _$E9                       10073c10 f   ZLoadFile.obj
 0001:00072c20       _$E6                       10073c20 f   ZLoadFile.obj
 0001:00072c30       _$E8                       10073c30 f   ZLoadFile.obj
 0001:00072c40       _$E7                       10073c40 f   ZLoadFile.obj
 0001:00072a20       _$E9                       10073a20 f   KLadder.obj
 0001:00072a30       _$E6                       10073a30 f   KLadder.obj
 0001:00072a40       _$E8                       10073a40 f   KLadder.obj
 0001:00072a50       _$E7                       10073a50 f   KLadder.obj
 0001:00071c50       _$E32                      10072c50 f   KTaskFuns.obj
 0001:00071c60       _$E29                      10072c60 f   KTaskFuns.obj
 0001:00071c70       _$E31                      10072c70 f   KTaskFuns.obj
 0001:00071c80       _$E30                      10072c80 f   KTaskFuns.obj
 0001:00071560       _$E9                       10072560 f   KMagicDesc.obj
 0001:00071570       _$E6                       10072570 f   KMagicDesc.obj
 0001:00071580       _$E8                       10072580 f   KMagicDesc.obj
 0001:00071590       _$E7                       10072590 f   KMagicDesc.obj
 0001:0006e320       _$E7                       1006f320 f   SceneMath.obj
 0001:0006e330       _$E6                       1006f330 f   SceneMath.obj
 0001:00067bb0       _$E13                      10068bb0 f   KScenePlaceC.obj
 0001:00067bc0       _$E10                      10068bc0 f   KScenePlaceC.obj
 0001:00067bd0       _$E12                      10068bd0 f   KScenePlaceC.obj
 0001:00067be0       _$E11                      10068be0 f   KScenePlaceC.obj
 0001:0005d000       _$E33                      1005e000 f   CoreShell.obj
 0001:0005d010       _$E32                      1005e010 f   CoreShell.obj
 0001:0005c650       _$E9                       1005d650 f   KSortScript.obj
 0001:0005c660       _$E6                       1005d660 f   KSortScript.obj
 0001:0005c680       _$E8                       1005d680 f   KSortScript.obj
 0001:0005c690       _$E7                       1005d690 f   KSortScript.obj
 0001:0005c6b0       _$E14                      1005d6b0 f   KSortScript.obj
 0001:0005c6c0       _$E11                      1005d6c0 f   KSortScript.obj
 0001:0005c6e0       _$E13                      1005d6e0 f   KSortScript.obj
 0001:0005c6f0       _$E12                      1005d6f0 f   KSortScript.obj
 0001:0005c7c0       ?LoadAllScript@@YAKPAD@Z   1005d7c0 f   KSortScript.obj
 0001:0005cb40       ?LoadScriptToSortList@@YAHPAD@Z 1005db40 f   KSortScript.obj
 0001:0005cc10       ?LoadScriptToSortListA@@YAHPAD@Z 1005dc10 f   KSortScript.obj
 0001:0005be00       _$E9                       1005ce00 f   KScriptValueSet.obj
 0001:0005be10       _$E6                       1005ce10 f   KScriptValueSet.obj
 0001:0005be20       _$E8                       1005ce20 f   KScriptValueSet.obj
 0001:0005be30       _$E7                       1005ce30 f   KScriptValueSet.obj
 0001:0005a370       _$E32                      1005b370 f   ScriptFuns.obj
 0001:0005a380       _$E29                      1005b380 f   ScriptFuns.obj
 0001:0005a390       _$E31                      1005b390 f   ScriptFuns.obj
 0001:0005a3a0       _$E30                      1005b3a0 f   ScriptFuns.obj
 0001:000532b0       _$E35                      100542b0 f   KProtocolProcess.obj
 0001:000532c0       _$E32                      100542c0 f   KProtocolProcess.obj
 0001:000532d0       _$E34                      100542d0 f   KProtocolProcess.obj
 0001:000532e0       _$E33                      100542e0 f   KProtocolProcess.obj
 0001:00058630       ?sParseUGName@@YAHABV?$basic_string@DU?$char_traits@D@std@@V?$allocator@D@2@@std@@PAV12@1@Z 10059630 f   KProtocolProcess.obj
 0001:00050cf0       _$E31                      10051cf0 f   KSubWorldSet.obj
 0001:00050d00       _$E28                      10051d00 f   KSubWorldSet.obj
 0001:00050d10       _$E30                      10051d10 f   KSubWorldSet.obj
 0001:00050d20       _$E29                      10051d20 f   KSubWorldSet.obj
 0001:0004ee30       _$E35                      1004fe30 f   KSubWorld.obj
 0001:0004ee40       _$E32                      1004fe40 f   KSubWorld.obj
 0001:0004ee60       _$E34                      1004fe60 f   KSubWorld.obj
 0001:0004ee70       _$E33                      1004fe70 f   KSubWorld.obj
 0001:0004e180       _$E10                      1004f180 f   KCore.obj
 0001:0004e190       _$E7                       1004f190 f   KCore.obj
 0001:0004e1a0       _$E9                       1004f1a0 f   KCore.obj
 0001:0004e1b0       _$E8                       1004f1b0 f   KCore.obj
 0001:0004e1c0       _$E19                      1004f1c0 f   KCore.obj
 0001:0004e1d0       _$E16                      1004f1d0 f   KCore.obj
 0001:0004e1e0       _$E18                      1004f1e0 f   KCore.obj
 0001:0004e1f0       _$E17                      1004f1f0 f   KCore.obj
 0001:0004e200       _$E24                      1004f200 f   KCore.obj
 0001:0004e210       _$E21                      1004f210 f   KCore.obj
 0001:0004e220       _$E23                      1004f220 f   KCore.obj
 0001:0004e230       _$E22                      1004f230 f   KCore.obj
 0001:0004e240       _$E29                      1004f240 f   KCore.obj
 0001:0004e250       _$E26                      1004f250 f   KCore.obj
 0001:0004e260       _$E28                      1004f260 f   KCore.obj
 0001:0004e270       _$E27                      1004f270 f   KCore.obj
 0001:0004e280       _$E34                      1004f280 f   KCore.obj
 0001:0004e290       _$E31                      1004f290 f   KCore.obj
 0001:0004e2a0       _$E33                      1004f2a0 f   KCore.obj
 0001:0004e2b0       _$E32                      1004f2b0 f   KCore.obj
 0001:0004e2c0       _$E39                      1004f2c0 f   KCore.obj
 0001:0004e2d0       _$E36                      1004f2d0 f   KCore.obj
 0001:0004e2f0       _$E38                      1004f2f0 f   KCore.obj
 0001:0004e300       _$E37                      1004f300 f   KCore.obj
 0001:0004e320       _$E44                      1004f320 f   KCore.obj
 0001:0004e330       _$E41                      1004f330 f   KCore.obj
 0001:0004e340       _$E43                      1004f340 f   KCore.obj
 0001:0004e350       _$E42                      1004f350 f   KCore.obj
 0001:0004e360       _$E49                      1004f360 f   KCore.obj
 0001:0004e370       _$E46                      1004f370 f   KCore.obj
 0001:0004e380       _$E48                      1004f380 f   KCore.obj
 0001:0004e390       _$E47                      1004f390 f   KCore.obj
 0001:0004e3a0       _$E54                      1004f3a0 f   KCore.obj
 0001:0004e3b0       _$E51                      1004f3b0 f   KCore.obj
 0001:0004e3c0       _$E53                      1004f3c0 f   KCore.obj
 0001:0004e3d0       _$E52                      1004f3d0 f   KCore.obj
 0001:0004e3e0       _$E59                      1004f3e0 f   KCore.obj
 0001:0004e3f0       _$E56                      1004f3f0 f   KCore.obj
 0001:0004e400       _$E58                      1004f400 f   KCore.obj
 0001:0004e410       _$E57                      1004f410 f   KCore.obj
 0001:0004e420       _$E64                      1004f420 f   KCore.obj
 0001:0004e430       _$E61                      1004f430 f   KCore.obj
 0001:0004e440       _$E63                      1004f440 f   KCore.obj
 0001:0004e450       _$E62                      1004f450 f   KCore.obj
 0001:0004e460       _$E69                      1004f460 f   KCore.obj
 0001:0004e470       _$E66                      1004f470 f   KCore.obj
 0001:0004e480       _$E68                      1004f480 f   KCore.obj
 0001:0004e490       _$E67                      1004f490 f   KCore.obj
 0001:0004e4a0       _$E74                      1004f4a0 f   KCore.obj
 0001:0004e4b0       _$E71                      1004f4b0 f   KCore.obj
 0001:0004e4c0       _$E73                      1004f4c0 f   KCore.obj
 0001:0004e4d0       _$E72                      1004f4d0 f   KCore.obj
 0001:0004e4e0       _$E79                      1004f4e0 f   KCore.obj
 0001:0004e4f0       _$E76                      1004f4f0 f   KCore.obj
 0001:0004e500       _$E78                      1004f500 f   KCore.obj
 0001:0004e510       _$E77                      1004f510 f   KCore.obj
 0001:0004e520       _$E84                      1004f520 f   KCore.obj
 0001:0004e530       _$E81                      1004f530 f   KCore.obj
 0001:0004e540       _$E83                      1004f540 f   KCore.obj
 0001:0004e550       _$E82                      1004f550 f   KCore.obj
 0001:0004e560       _$E89                      1004f560 f   KCore.obj
 0001:0004e570       _$E86                      1004f570 f   KCore.obj
 0001:0004e580       _$E88                      1004f580 f   KCore.obj
 0001:0004e590       _$E87                      1004f590 f   KCore.obj
 0001:0004e5a0       _$E94                      1004f5a0 f   KCore.obj
 0001:0004e5b0       _$E91                      1004f5b0 f   KCore.obj
 0001:0004e5c0       _$E93                      1004f5c0 f   KCore.obj
 0001:0004e5d0       _$E92                      1004f5d0 f   KCore.obj
 0001:0004df10       _$E29                      1004ef10 f   KViewItem.obj
 0001:0004df20       _$E28                      1004ef20 f   KViewItem.obj
 0001:0004cb20       _$E35                      1004db20 f   KObjSet.obj
 0001:0004cb30       _$E32                      1004db30 f   KObjSet.obj
 0001:0004cb40       _$E34                      1004db40 f   KObjSet.obj
 0001:0004cb50       _$E33                      1004db50 f   KObjSet.obj
 0001:0004b8f0       _$E33                      1004c8f0 f   KObj.obj
 0001:0004b900       _$E32                      1004c900 f   KObj.obj
 0001:0004afa0       _$E9                       1004bfa0 f   KItemSet.obj
 0001:0004afb0       _$E6                       1004bfb0 f   KItemSet.obj
 0001:0004afc0       _$E8                       1004bfc0 f   KItemSet.obj
 0001:0004afd0       _$E7                       1004bfd0 f   KItemSet.obj
 0001:000440e0       _$E28                      100450e0 f   KItemGenerator.obj
 0001:000440f0       _$E25                      100450f0 f   KItemGenerator.obj
 0001:00044100       _$E27                      10045100 f   KItemGenerator.obj
 0001:00044110       _$E26                      10045110 f   KItemGenerator.obj
 0001:00044120       _$E34                      10045120 f   KItemGenerator.obj
 0001:00044130       _$E31                      10045130 f   KItemGenerator.obj
 0001:00044140       _$E33                      10045140 f   KItemGenerator.obj
 0001:00044150       _$E32                      10045150 f   KItemGenerator.obj
 0001:00044160       _$E39                      10045160 f   KItemGenerator.obj
 0001:00044170       _$E36                      10045170 f   KItemGenerator.obj
 0001:00044180       _$E38                      10045180 f   KItemGenerator.obj
 0001:00044190       _$E37                      10045190 f   KItemGenerator.obj
 0001:00043d10       _$E9                       10044d10 f   KItemChangeRes.obj
 0001:00043d20       _$E6                       10044d20 f   KItemChangeRes.obj
 0001:00043d30       _$E8                       10044d30 f   KItemChangeRes.obj
 0001:00043d40       _$E7                       10044d40 f   KItemChangeRes.obj
 0001:00040a80       _$E31                      10041a80 f   KItem.obj
 0001:00040a90       _$E28                      10041a90 f   KItem.obj
 0001:00040ab0       _$E30                      10041ab0 f   KItem.obj
 0001:00040ac0       _$E29                      10041ac0 f   KItem.obj
 0001:0003f740       _$E31                      10040740 f   KBuySell.obj
 0001:0003f750       _$E28                      10040750 f   KBuySell.obj
 0001:0003f760       _$E30                      10040760 f   KBuySell.obj
 0001:0003f770       _$E29                      10040770 f   KBuySell.obj
 0001:0003a770       _$E29                      1003b770 f   KPlayerTeam.obj
 0001:0003a780       _$E28                      1003b780 f   KPlayerTeam.obj
 0001:000395a0       _$E31                      1003a5a0 f   KPlayerSet.obj
 0001:000395b0       _$E28                      1003a5b0 f   KPlayerSet.obj
 0001:000395c0       _$E30                      1003a5c0 f   KPlayerSet.obj
 0001:000395d0       _$E29                      1003a5d0 f   KPlayerSet.obj
 0001:00026370       _$E36                      10027370 f   KPlayer.obj
 0001:00026380       _$E33                      10027380 f   KPlayer.obj
 0001:000263a0       _$E35                      100273a0 f   KPlayer.obj
 0001:000263b0       _$E34                      100273b0 f   KPlayer.obj
 0001:00023bb0       _$E35                      10024bb0 f   KNpcSet.obj
 0001:00023bc0       _$E32                      10024bc0 f   KNpcSet.obj
 0001:00023bd0       _$E34                      10024bd0 f   KNpcSet.obj
 0001:00023be0       _$E33                      10024be0 f   KNpcSet.obj
 0001:00021040       _$E9                       10022040 f   KNpcResList.obj
 0001:00021050       _$E6                       10022050 f   KNpcResList.obj
 0001:00021060       _$E8                       10022060 f   KNpcResList.obj
 0001:00021070       _$E7                       10022070 f   KNpcResList.obj
 0001:0001b290       _$E31                      1001c290 f   KNpcAttribModify.obj
 0001:0001b2a0       _$E28                      1001c2a0 f   KNpcAttribModify.obj
 0001:0001b2b0       _$E30                      1001c2b0 f   KNpcAttribModify.obj
 0001:0001b2c0       _$E29                      1001c2c0 f   KNpcAttribModify.obj
 0001:00018510       _$E29                      10019510 f   KNpcAI.obj
 0001:00018520       _$E28                      10019520 f   KNpcAI.obj
 0001:0000d700       _$E35                      1000e700 f   KNpc.obj
 0001:0000d710       _$E32                      1000e710 f   KNpc.obj
 0001:0000d730       _$E34                      1000e730 f   KNpc.obj
 0001:0000d740       _$E33                      1000e740 f   KNpc.obj
 0001:0000cec0       _$E13                      1000dec0 f   KSkillSpecial.obj
 0001:0000ced0       _$E10                      1000ded0 f   KSkillSpecial.obj
 0001:0000cee0       _$E12                      1000dee0 f   KSkillSpecial.obj
 0001:0000cef0       _$E11                      1000def0 f   KSkillSpecial.obj
 0001:000056f0       _$E31                      100066f0 f   KSkillManager.obj
 0001:00005700       _$E28                      10006700 f   KSkillManager.obj
 0001:00005710       _$E30                      10006710 f   KSkillManager.obj
 0001:00005720       _$E29                      10006720 f   KSkillManager.obj
 0001:000040b0       _$E9                       100050b0 f   KMissleSet.obj
 0001:000040c0       _$E6                       100050c0 f   KMissleSet.obj
 0001:000040d0       _$E8                       100050d0 f   KMissleSet.obj
 0001:000040e0       _$E7                       100050e0 f   KMissleSet.obj
 0001:00000b90       _$E35                      10001b90 f   KMissle.obj
 0001:00000ba0       _$E32                      10001ba0 f   KMissle.obj
 0001:00000bc0       _$E34                      10001bc0 f   KMissle.obj
 0001:00000bd0       _$E33                      10001bd0 f   KMissle.obj
 0001:00000bf0       _$E40                      10001bf0 f   KMissle.obj
 0001:00000c00       _$E37                      10001c00 f   KMissle.obj
 0001:00000c20       _$E39                      10001c20 f   KMissle.obj
 0001:00000c30       _$E38                      10001c30 f   KMissle.obj
 0001:00076184       ?ArrayUnwindFilter@@YAHPAU_EXCEPTION_POINTERS@@@Z 10077184 f   MSVCRT:ehvecdtr.obj
