 CoreClient

 Timestamp is 6924b361 (Mon Nov 24 14:34:57 2025)

 Preferred load address is 10000000

 Start         Length     Name                   Class
 0001:00000000 0007923eH .text                   CODE
 0001:00079240 00001312H .text$x                 CODE
 0002:00000000 000002c0H .idata$5                DATA
 0002:000002c0 0000ac64H .rdata                  DATA
 0002:0000af28 00001680H .xdata$x                DATA
 0002:0000c5a8 00000078H .idata$2                DATA
 0002:0000c620 00000014H .idata$3                DATA
 0002:0000c634 000002c0H .idata$4                DATA
 0002:0000c8f4 00001338H .idata$6                DATA
 0002:0000dc30 00001af1H .edata                  DATA
 0003:00000000 00000004H .CRT$XCA                DATA
 0003:00000004 000000e4H .CRT$XCU                DATA
 0003:000000e8 00000004H .CRT$XCZ                DATA
 0003:000000ec 00000004H .CRT$XIA                DATA
 0003:000000f0 00000004H .CRT$XIZ                DATA
 0003:00000100 000059f0H .data                   DATA
 0003:00005af0 01d641a4H .bss                    DATA

  Address         Publics by Value              Rva+Base     Lib:Object

 0001:00000000       ?GetMoney@KInventory@@QAEHXZ 10001000 f i KThiefSkill.obj
 0001:00000010       ?SetMoney@KInventory@@QAEHH@Z 10001010 f i KThiefSkill.obj
 0001:00000030       ??4KInventory@@QAEAAV0@ABV0@@Z 10001030 f i KThiefSkill.obj
 0001:00000060       ?GetBuildItem@KItemList@@QAEHH@Z 10001060 f i KThiefSkill.obj
 0001:00000070       ?GetEquipment@KItemList@@QBEHH@Z 10001070 f i KThiefSkill.obj
 0001:00000080       ?GetMoney@KItemList@@QAEHH@Z 10001080 f i KThiefSkill.obj
 0001:000000a0       ?Hand@KItemList@@QAEHXZ    100010a0 f i KThiefSkill.obj
 0001:000000b0       ?GetMaskLock@KItemList@@QAEHXZ 100010b0 f i KThiefSkill.obj
 0001:000000c0       ?IsLockOperation@KItemList@@QAEHXZ 100010c0 f i KThiefSkill.obj
 0001:000000d0       ?IsActiveSet@KItemList@@QBEHXZ 100010d0 f i KThiefSkill.obj
 0001:000000e0       ??4KItemList@@QAEAAV0@ABV0@@Z 100010e0 f i KThiefSkill.obj
 0001:00000100       ??0KThiefSkill@@QAE@XZ     10001100 f   KThiefSkill.obj
 0001:00000140       ?GetSkillCostType@KThiefSkill@@UBE?AW4NPCATTRIB@@XZ 10001140 f i KThiefSkill.obj
 0001:00000150       ?GetAttackRadius@KThiefSkill@@UBEHXZ 10001150 f i KThiefSkill.obj
 0001:00000160       ?IsTargetOnly@KThiefSkill@@UBEHXZ 10001160 f i KThiefSkill.obj
 0001:00000170       ?IsTargetSelf@KThiefSkill@@UBEHXZ 10001170 f i KThiefSkill.obj
 0001:00000180       ?IsTargetEnemy@KThiefSkill@@UBEHXZ 10001180 f i KThiefSkill.obj
 0001:00000190       ?IsTargetAlly@KThiefSkill@@UBEHXZ 10001190 f i KThiefSkill.obj
 0001:000001a0       ?IsTargetObj@KThiefSkill@@UBEHXZ 100011a0 f i KThiefSkill.obj
 0001:000001b0       ??_EKThiefSkill@@UAEPAXI@Z 100011b0 f i KThiefSkill.obj
 0001:000001b0       ??_GKThiefSkill@@UAEPAXI@Z 100011b0 f i KThiefSkill.obj
 0001:000001d0       ??1KThiefSkill@@UAE@XZ     100011d0 f   KThiefSkill.obj
 0001:000001e0       ?GetSkillId@KThiefSkill@@UAEHXZ 100011e0 f   KThiefSkill.obj
 0001:000001f0       ?GetSkillName@KThiefSkill@@UAEPBDXZ 100011f0 f   KThiefSkill.obj
 0001:00000200       ?GetSkillStyle@KThiefSkill@@UAEHXZ 10001200 f   KThiefSkill.obj
 0001:00000210       ?LoadSkillLevelData@KThiefSkill@@UAEXKH@Z 10001210 f   KThiefSkill.obj
 0001:00000220       ?DoSkill@KThiefSkill@@QAEHPAVKNpc@@HH@Z 10001220 f   KThiefSkill.obj
 0001:000002e0       ?Cast@KThiefSkill@@QAEHPAVKPlayer@@0@Z 100012e0 f   KThiefSkill.obj
 0001:000002f0       ?OnSkill@KThiefSkill@@QAEHPAVKNpc@@@Z 100012f0 f   KThiefSkill.obj
 0001:000003f0       ?CanCastSkill@KThiefSkill@@UBEHHAAH0@Z 100013f0 f   KThiefSkill.obj
 0001:000004a0       ?GetDesc@KThiefSkill@@QAEXKKPADH_N@Z 100014a0 f   KThiefSkill.obj
 0001:000004d0       ?LoadSetting@KThiefSkill@@QAEHPAD@Z 100014d0 f   KThiefSkill.obj
 0001:00000790       ?GetSkillCost@KThiefSkill@@UBEHPAX@Z 10001790 f   KThiefSkill.obj
 0001:000007b0       ?DrawSkillIcon@KThiefSkill@@UAEXHHHHH@Z 100017b0 f   KThiefSkill.obj
 0001:00000a00       ?IsAura@ISkill@@UBEHXZ     10001a00 f i KThiefSkill.obj
 0001:00000a10       ?IsPhysical@ISkill@@UBEHXZ 10001a10 f i KThiefSkill.obj
 0001:00000a20       ?GetSkillAttrib@ISkill@@UBEFXZ 10001a20 f i KThiefSkill.obj
 0001:00000a30       ?IsExpSkill@ISkill@@UBEHXZ 10001a30 f i KThiefSkill.obj
 0001:00000a40       ?GetSkillLevelUpScriptId@ISkill@@UBEKXZ 10001a40 f i KThiefSkill.obj
 0001:00000a50       ??_EISkill@@UAEPAXI@Z      10001a50 f i KThiefSkill.obj
 0001:00000a50       ??_GISkill@@UAEPAXI@Z      10001a50 f i KThiefSkill.obj
 0001:00000a70       ??4KMapMusic@@QAEAAV0@ABV0@@Z 10001a70 f i KMissle.obj
 0001:00000a90       ?GetGameTime@KSubWorldSet@@QAEHXZ 10001a90 f i KMissle.obj
 0001:00000aa0       ?GetGameVersion@KSubWorldSet@@QAEHXZ 10001aa0 f i KMissle.obj
 0001:00000ab0       ?SetPing@KSubWorldSet@@QAEXK@Z 10001ab0 f i KMissle.obj
 0001:00000ac0       ?GetPing@KSubWorldSet@@QAEKXZ 10001ac0 f i KMissle.obj
 0001:00000ad0       ??4KSubWorldSet@@QAEAAV0@ABV0@@Z 10001ad0 f i KMissle.obj
 0001:00000af0       ??1KSubWorldSet@@QAE@XZ    10001af0 f i KMissle.obj
 0001:00000b00       ??0KMissleSet@@QAE@XZ      10001b00 f i KMissle.obj
 0001:00000b10       ??4KMissleSet@@QAEAAV0@ABV0@@Z 10001b10 f i KMissle.obj
 0001:00000b40       ??1KMissleSet@@QAE@XZ      10001b40 f i KMissle.obj
 0001:00000c50       ??0KMissle@@QAE@XZ         10001c50 f   KMissle.obj
 0001:00000d20       ??_EKMissle@@UAEPAXI@Z     10001d20 f i KMissle.obj
 0001:00000d20       ??_GKMissle@@UAEPAXI@Z     10001d20 f i KMissle.obj
 0001:00000d40       ?Release@KMissle@@AAEXXZ   10001d40 f   KMissle.obj
 0001:00000d90       ??1KMissle@@UAE@XZ         10001d90 f   KMissle.obj
 0001:00000de0       ??_GKNode@@UAEPAXI@Z       10001de0 f i KMissle.obj
 0001:00000de0       ??_EKNode@@UAEPAXI@Z       10001de0 f i KMissle.obj
 0001:00000e00       ?GetInfoFromTabFile@KMissle@@QAEHH@Z 10001e00 f   KMissle.obj
 0001:00000e20       ?GetInfoFromTabFile@KMissle@@QAEHPAVKITabFile@@H@Z 10001e20 f   KMissle.obj
 0001:00001340       ??_EKIndexNode@@UAEPAXI@Z  10002340 f i KMissle.obj
 0001:00001340       ??_GKIndexNode@@UAEPAXI@Z  10002340 f i KMissle.obj
 0001:00001360       ??1KIndexNode@@UAE@XZ      10002360 f i KMissle.obj
 0001:00001370       ?Init@KMissle@@AAEHHHHHH@Z 10002370 f   KMissle.obj
 0001:00001390       ?Activate@KMissle@@QAEHXZ  10002390 f   KMissle.obj
 0001:00001700       ?OnWait@KMissle@@AAEXXZ    10002700 f   KMissle.obj
 0001:00001710       ?OnCollision@KMissle@@AAEXXZ 10002710 f   KMissle.obj
 0001:00001720       ?CheckCollision@KMissle@@AAEHXZ 10002720 f   KMissle.obj
 0001:000018e0       ?OnFly@KMissle@@AAEXXZ     100028e0 f   KMissle.obj
 0001:00002300       ?Send@KWorldMsg@@QAEHKHHH@Z 10003300 f i KMissle.obj
 0001:00002370       ??_EKWorldMsgNode@@UAEPAXI@Z 10003370 f i KMissle.obj
 0001:00002370       ??_GKWorldMsgNode@@UAEPAXI@Z 10003370 f i KMissle.obj
 0001:00002390       ??1KWorldMsgNode@@UAE@XZ   10003390 f i KMissle.obj
 0001:000023a0       ?OnVanish@KMissle@@AAEXXZ  100033a0 f   KMissle.obj
 0001:000023b0       ?Paint@KMissle@@QAEXXZ     100033b0 f   KMissle.obj
 0001:000025a0       ?CheckBeyondRegion@KMissle@@AAEHHH@Z 100035a0 f   KMissle.obj
 0001:00002810       ??4KMissle@@AAEAAV0@AAV0@@Z 10003810 f   KMissle.obj
 0001:00002ad0       ?ProcessDamage@KMissle@@AAEHH@Z 10003ad0 f   KMissle.obj
 0001:00002ae0       ?DoVanish@KMissle@@AAEXXZ  10003ae0 f   KMissle.obj
 0001:00002b80       ?DoCollision@KMissle@@AAEXXZ 10003b80 f   KMissle.obj
 0001:00002ce0       ?DoFly@KMissle@@AAEXXZ     10003ce0 f   KMissle.obj
 0001:00002d00       ?GetOffsetAxis@KMissle@@SAHHHHHHHAAH00@Z 10003d00 f   KMissle.obj
 0001:00002e10       ?ProcessCollision@KMissle@@AAEHHHHHHH@Z 10003e10 f   KMissle.obj
 0001:00002fc0       ?ProcessCollision@KMissle@@AAEHXZ 10003fc0 f   KMissle.obj
 0001:00003000       ?CreateSpecialEffect@KMissle@@QAEHW4eMissleStatus@@HHHH@Z 10004000 f   KMissle.obj
 0001:000031c0       ??_GKSkillSpecialNode@@UAEPAXI@Z 100041c0 f i KMissle.obj
 0001:000031c0       ??_EKSkillSpecialNode@@UAEPAXI@Z 100041c0 f i KMissle.obj
 0001:000031e0       ??1KSkillSpecialNode@@UAE@XZ 100041e0 f i KMissle.obj
 0001:00003200       ?CreateMissleForShow@KMissle@@SAHPAD00PAUTMissleForShow@@@Z 10004200 f   KMissle.obj
 0001:00003410       ?GetLightInfo@KMissle@@QAEXPAUKLightInfo@@@Z 10004410 f   KMissle.obj
 0001:00003480       ?DoWait@KMissle@@AAEXXZ    10004480 f   KMissle.obj
 0001:00003500       ?PrePareFly@KMissle@@AAEHXZ 10004500 f   KMissle.obj
 0001:00003760       ?CheckNearestCollision@KMissle@@AAEHXZ 10004760 f   KMissle.obj
 0001:00003920       ?FindNearestCollision@KMissle@@AAEHHH@Z 10004920 f   KMissle.obj
 0001:000039f0       ?GetMpsPos@KMissle@@QAEXPAH0@Z 100049f0 f   KMissle.obj
 0001:00003a40       ??0KMissleRes@@QAE@XZ      10004a40 f   KMissleRes.obj
 0001:00003ae0       ??1KMissleRes@@QAE@XZ      10004ae0 f   KMissleRes.obj
 0001:00003b80       ??1KList@@QAE@XZ           10004b80 f i KMissleRes.obj
 0001:00003b90       ?LoadResource@KMissleRes@@QAEXHPAD0@Z 10004b90 f   KMissleRes.obj
 0001:00003c00       ?Init@KMissleRes@@QAEHXZ   10004c00 f   KMissleRes.obj
 0001:00003c10       ?Remove@KMissleRes@@QAEXXZ 10004c10 f   KMissleRes.obj
 0001:00003c20       ?Clear@KMissleRes@@QAEXXZ  10004c20 f   KMissleRes.obj
 0001:00003cc0       ?Draw@KMissleRes@@QAEHHHHHHHH@Z 10004cc0 f   KMissleRes.obj
 0001:00003f60       ?PlaySoundA@KMissleRes@@QAEXHHHH@Z 10004f60 f   KMissleRes.obj
 0001:00004030       ?GetSndVolume@KMissleRes@@QAEHH@Z 10005030 f   KMissleRes.obj
 0001:00004060       ?StopSound@KMissleRes@@QAEXXZ 10005060 f   KMissleRes.obj
 0001:000040f0       ?Init@KMissleSet@@QAEXXZ   100050f0 f   KMissleSet.obj
 0001:00004140       ?FindFree@KMissleSet@@QAEHXZ 10005140 f   KMissleSet.obj
 0001:00004150       ?Add@KMissleSet@@QAEHHHHHHH@Z 10005150 f   KMissleSet.obj
 0001:000041f0       ?Add@KMissleSet@@QAEHHHH@Z 100051f0 f   KMissleSet.obj
 0001:00004340       ?CreateMissile@KMissleSet@@QAEHHHHHHHHH@Z 10005340 f   KMissleSet.obj
 0001:00004370       ?Activate@KMissleSet@@QAEHXZ 10005370 f   KMissleSet.obj
 0001:000043a0       ?Remove@KMissleSet@@QAEXH@Z 100053a0 f   KMissleSet.obj
 0001:000043f0       ?Draw@KMissleSet@@QAEXXZ   100053f0 f   KMissleSet.obj
 0001:00004410       ?GetCount@KMissleSet@@QAEHXZ 10005410 f   KMissleSet.obj
 0001:00004430       ?ClearMissles@KMissleSet@@QAEXXZ 10005430 f   KMissleSet.obj
 0001:00004460       ??0KSkillList@@QAE@XZ      10005460 f   KSkillList.obj
 0001:00004480       ??1KSkillList@@QAE@XZ      10005480 f   KSkillList.obj
 0001:00004490       ?FindSame@KSkillList@@QAEHH@Z 10005490 f   KSkillList.obj
 0001:000044c0       ?FindFree@KSkillList@@QAEHXZ 100054c0 f   KSkillList.obj
 0001:000044e0       ?GetCount@KSkillList@@QAEHXZ 100054e0 f   KSkillList.obj
 0001:00004500       ?SetSkillLevel@KSkillList@@QAEXHH@Z 10005500 f   KSkillList.obj
 0001:00004540       ?SetLevel@KSkillList@@QAEHHH@Z 10005540 f   KSkillList.obj
 0001:00004580       ?IncreaseLevel@KSkillList@@QAEHHHH@Z 10005580 f   KSkillList.obj
 0001:00004680       ?Add@KSkillList@@QAEHHH_N@Z 10005680 f   KSkillList.obj
 0001:000047d0       ?Remove@KSkillList@@QAEXH@Z 100057d0 f   KSkillList.obj
 0001:00004860       ?GetLevel@KSkillList@@QAEHH@Z 10005860 f   KSkillList.obj
 0001:00004890       ?GetCurrentLevel@KSkillList@@QAEHH@Z 10005890 f   KSkillList.obj
 0001:000048c0       ?GetPointAdd@KSkillList@@QAEDH@Z 100058c0 f   KSkillList.obj
 0001:000048f0       ?CanCast@KSkillList@@QAEHHK@Z 100058f0 f   KSkillList.obj
 0001:00004940       ?SetNextCastTime@KSkillList@@QAEXHK@Z 10005940 f   KSkillList.obj
 0001:00004970       ?SetMaxCastTime@KSkillList@@QAEXHK@Z 10005970 f   KSkillList.obj
 0001:000049a0       ?GetEnhanceSkills@KSkillList@@QAEHH@Z 100059a0 f   KSkillList.obj
 0001:00004a30       ?GetSkillSortList@KSkillList@@QAEHPAUKUiSkillData@@@Z 10005a30 f   KSkillList.obj
 0001:00004b40       ?GetLeftSkillSortList@KSkillList@@QAEHPAUKUiSkillData@@@Z 10005b40 f   KSkillList.obj
 0001:00004c80       ?GetRightSkillSortList@KSkillList@@QAEHPAUKUiSkillData@@@Z 10005c80 f   KSkillList.obj
 0001:00004dc0       ?GetSkillPosition@KSkillList@@QAEHH@Z 10005dc0 f   KSkillList.obj
 0001:00004e90       ?GetNextCastTime@KSkillList@@QAEKH@Z 10005e90 f   KSkillList.obj
 0001:00004ec0       ?GetMaxCastTime@KSkillList@@QAEKH@Z 10005ec0 f   KSkillList.obj
 0001:00004ef0       ?GetSkillInfoList@KSkillList@@QAEHHPAUKUiSkillItem@@H@Z 10005ef0 f   KSkillList.obj
 0001:000050c0       ?GetSkillState@KSkillList@@QAEHH@Z 100060c0 f   KSkillList.obj
 0001:00005250       ?GetSkillFight@KSkillList@@QAEHH@Z 10006250 f   KSkillList.obj
 0001:000053b0       ?FindSkillAura@KSkillList@@QAEHH@Z 100063b0 f   KSkillList.obj
 0001:000054e0       ?FindSkillRight@KSkillList@@QAEHH@Z 100064e0 f   KSkillList.obj
 0001:00005660       ?FindSkillLifeReplenish@KSkillList@@QAEHXZ 10006660 f   KSkillList.obj
 0001:00005730       ??0KSkillManager@@QAE@XZ   10006730 f   KSkillManager.obj
 0001:00005740       ??1KSkillManager@@QAE@XZ   10006740 f   KSkillManager.obj
 0001:00005780       ?Init@KSkillManager@@QAEHXZ 10006780 f   KSkillManager.obj
 0001:00005940       ?InstanceSkill@KSkillManager@@AAEPAVISkill@@KK@Z 10006940 f   KSkillManager.obj
 0001:00005ab0       ??4KSkill@@QAEAAV0@ABV0@@Z 10006ab0 f i KSkillManager.obj
 0001:00005fd0       ??0KSkill@@QAE@XZ          10006fd0 f   KSkills.obj
 0001:00006110       ??_EKSkill@@UAEPAXI@Z      10007110 f i KSkills.obj
 0001:00006110       ??_GKSkill@@UAEPAXI@Z      10007110 f i KSkills.obj
 0001:00006130       ??1KSkill@@UAE@XZ          10007130 f   KSkills.obj
 0001:00006140       ?CanCastSkill@KSkill@@UBEHHAAH0@Z 10007140 f   KSkills.obj
 0001:00006320       ?Cast@KSkill@@QBEHHHHHW4eSkillLauncherType@@H@Z 10007320 f   KSkills.obj
 0001:00006550       ??_H@YGXPAXIHP6EX0@Z@Z     10007550 f i KSkills.obj
 0001:00006580       ?Vanish@KSkill@@ABEXPAVKMissle@@@Z 10007580 f   KSkills.obj
 0001:00006590       ?OnMissleEvent@KSkill@@QBEHGPAVKMissle@@@Z 10007590 f   KSkills.obj
 0001:000067b0       ?FlyEvent@KSkill@@ABEXPAVKMissle@@@Z 100077b0 f   KSkills.obj
 0001:000067c0       ?Collidsion@KSkill@@ABEXPAVKMissle@@@Z 100077c0 f   KSkills.obj
 0001:000067d0       ?CastMissles@KSkill@@ABEHHHHHW4eSkillLauncherType@@@Z 100077d0 f   KSkills.obj
 0001:00008120       ?qsqrt@@YAMM@Z             10009120 f i KSkills.obj
 0001:00008150       ?g_GetDistance@@YAHHHHH@Z  10009150 f i KSkills.obj
 0001:000081c0       ?IsTargetOnly@KSkill@@UBEHXZ 100091c0 f i KSkills.obj
 0001:000081d0       ?IsTargetSelf@KSkill@@UBEHXZ 100091d0 f i KSkills.obj
 0001:000081e0       ?IsTargetEnemy@KSkill@@UBEHXZ 100091e0 f i KSkills.obj
 0001:000081f0       ?IsTargetAlly@KSkill@@UBEHXZ 100091f0 f i KSkills.obj
 0001:00008200       ?IsTargetObj@KSkill@@UBEHXZ 10009200 f i KSkills.obj
 0001:00008210       ?GetSkillName@KSkill@@UAEPBDXZ 10009210 f i KSkills.obj
 0001:00008220       ?GetSkillStyle@KSkill@@UAEHXZ 10009220 f i KSkills.obj
 0001:00008230       ?GetAttackRadius@KSkill@@UBEHXZ 10009230 f i KSkills.obj
 0001:00008240       ?GetSkillCost@KSkill@@UBEHPAX@Z 10009240 f i KSkills.obj
 0001:00008250       ?GetSkillCostType@KSkill@@UBE?AW4NPCATTRIB@@XZ 10009250 f i KSkills.obj
 0001:00008260       ?GetSkillId@KSkill@@UAEHXZ 10009260 f i KSkills.obj
 0001:00008270       ?IsAura@KSkill@@UBEHXZ     10009270 f i KSkills.obj
 0001:00008280       ?IsPhysical@KSkill@@UBEHXZ 10009280 f i KSkills.obj
 0001:00008290       ?GetSkillAttrib@KSkill@@UBEFXZ 10009290 f i KSkills.obj
 0001:000082a0       ?IsExpSkill@KSkill@@UBEHXZ 100092a0 f i KSkills.obj
 0001:000082b0       ?CastZone@KSkill@@ABEHPAUTOrdinSkillParam@@HHHHH@Z 100092b0 f   KSkills.obj
 0001:00008800       ?CastLine@KSkill@@ABEHPAUTOrdinSkillParam@@HHHHH@Z 10009800 f   KSkills.obj
 0001:00008c30       ?CastExtractiveLineMissle@KSkill@@ABEHPAUTOrdinSkillParam@@HHHHHHH@Z 10009c30 f   KSkills.obj
 0001:00009000       ?CastWall@KSkill@@ABEHPAUTOrdinSkillParam@@HHHHH@Z 1000a000 f   KSkills.obj
 0001:000094c0       ?CastCircle@KSkill@@ABEHPAUTOrdinSkillParam@@HHH@Z 1000a4c0 f   KSkills.obj
 0001:00009810       ?CastSpread@KSkill@@ABEHPAUTOrdinSkillParam@@HHH@Z 1000a810 f   KSkills.obj
 0001:00009d30       ?GetChildSkillNum@KSkill@@QBEHH@Z 1000ad30 f   KSkills.obj
 0001:00009d40       ?CreateMissle@KSkill@@ABEXHHH@Z 1000ad40 f   KSkills.obj
 0001:00009f70       ?GetInfoFromTabFile@KSkill@@QAEHH@Z 1000af70 f   KSkills.obj
 0001:00009f90       ?GetInfoFromTabFile@KSkill@@QAEHPAVKITabFile@@H@Z 1000af90 f   KSkills.obj
 0001:0000a660       ?LoadSkillLevelData@KSkill@@UAEXKH@Z 1000b660 f   KSkills.obj
 0001:0000a9a0       ?GetMissleGenerateTime@KSkill@@QBEIH@Z 1000b9a0 f   KSkills.obj
 0001:0000aac0       ?GetSkillIdFromName@KSkill@@SAHPAD@Z 1000bac0 f   KSkills.obj
 0001:0000ab60       ?CastInitiativeSkill@KSkill@@ABEHHHHH@Z 1000bb60 f   KSkills.obj
 0001:0000ab70       ?CastPassivitySkill@KSkill@@ABEHHHHHH@Z 1000bb70 f   KSkills.obj
 0001:0000ab80       ?ParseString2MagicAttrib@KSkill@@AAEHKPAD0@Z 1000bb80 f   KSkills.obj
 0001:0000b360       ?DrawSkillIcon@KSkill@@UAEXHHHHH@Z 1000c360 f   KSkills.obj
 0001:0000b5c0       ?GetDesc@KSkill@@SAXKKPADH_N@Z 1000c5c0 f   KSkills.obj
 0001:0000c620       ?GetDescAboutLevel@KSkill@@QAEXPADHH@Z 1000d620 f   KSkills.obj
 0001:0000cbd0       ?GetDescAboutEventSkillLevel@KSkill@@QAEXPADH@Z 1000dbd0 f   KSkills.obj
 0001:0000cde0       ?PlayPreCastSound@KSkill@@QBEXHHH@Z 1000dde0 f   KSkills.obj
 0001:0000ced0       ??0KSkillSpecial@@QAE@XZ   1000ded0 f   KSkillSpecial.obj
 0001:0000cf10       ?Init@KSkillSpecial@@QAEHXZ 1000df10 f   KSkillSpecial.obj
 0001:0000cf30       ?Draw@KSkillSpecial@@QAEXH@Z 1000df30 f   KSkillSpecial.obj
 0001:0000d0b0       ?SetAnimation@KSkillSpecial@@QAEXPADI@Z 1000e0b0 f   KSkillSpecial.obj
 0001:0000d100       ?Remove@KSkillSpecial@@QAEXXZ 1000e100 f   KSkillSpecial.obj
 0001:0000d110       ??0KList@@QAE@XZ           1000e110 f i KSkillSpecial.obj
 0001:0000d140       ?Init@KFaction@@QAEHXZ     1000e140 f   KFaction.obj
 0001:0000d5f0       ?GetID@KFaction@@QAEHHH@Z  1000e5f0 f   KFaction.obj
 0001:0000d620       ?GetID@KFaction@@QAEHHPAD@Z 1000e620 f   KFaction.obj
 0001:0000d6b0       ?GetCamp@KFaction@@QAEHH@Z 1000e6b0 f   KFaction.obj
 0001:0000d730       ??1KNpc@@QAE@XZ            1000e730 f i KNpc.obj
 0001:0000d7d0       ??0KNpc@@QAE@XZ            1000e7d0 f   KNpc.obj
 0001:0000da80       ??1KNode@@UAE@XZ           1000ea80 f i KNpc.obj
 0001:0000da90       ??0KNode@@QAE@XZ           1000ea90 f i KNpc.obj
 0001:0000dab0       ??0KMagicAttrib@@QAE@XZ    1000eab0 f i KNpc.obj
 0001:0000dad0       ?Init@KNpc@@QAEXXZ         1000ead0 f   KNpc.obj
 0001:0000df70       ?GetActiveSkill@KNpc@@QAEPAVISkill@@XZ 1000ef70 f   KNpc.obj
 0001:0000e000       ?SetCurrentCamp@KNpc@@QAEXH@Z 1000f000 f   KNpc.obj
 0001:0000e010       ?SetCamp@KNpc@@QAEXH@Z     1000f010 f   KNpc.obj
 0001:0000e020       ?RestoreCurrentCamp@KNpc@@QAEXXZ 1000f020 f   KNpc.obj
 0001:0000e030       ?Activate@KNpc@@QAEXXZ     1000f030 f   KNpc.obj
 0001:0000e360       ?AutoFixXY@KNpc@@AAEXXZ    1000f360 f   KNpc.obj
 0001:0000e540       ?ProcStatus@KNpc@@QAEXXZ   1000f540 f   KNpc.obj
 0001:0000e620       ?ProcCommand@KNpc@@QAEXH@Z 1000f620 f   KNpc.obj
 0001:0000e870       ?ProcessState@KNpc@@QAEHXZ 1000f870 f   KNpc.obj
 0001:0000ed20       ?DoDeath@KNpc@@AAEXHH@Z    1000fd20 f   KNpc.obj
 0001:0000edf0       ?OnDeath@KNpc@@AAEXXZ      1000fdf0 f   KNpc.obj
 0001:0000ef50       ?DoDefense@KNpc@@AAEXXZ    1000ff50 f   KNpc.obj
 0001:0000ef60       ?OnDefense@KNpc@@AAEXXZ    1000ff60 f   KNpc.obj
 0001:0000ef70       ?DoIdle@KNpc@@AAEXXZ       1000ff70 f   KNpc.obj
 0001:0000ef90       ?OnIdle@KNpc@@AAEXXZ       1000ff90 f   KNpc.obj
 0001:0000efa0       ?DoHurt@KNpc@@AAEXHHH@Z    1000ffa0 f   KNpc.obj
 0001:0000f090       ?OnHurt@KNpc@@AAEXXZ       10010090 f   KNpc.obj
 0001:0000f2e0       ?DoSpecial1@KNpc@@AAEXXZ   100102e0 f   KNpc.obj
 0001:0000f2f0       ?OnSpecial1@KNpc@@AAEXXZ   100102f0 f   KNpc.obj
 0001:0000f3d0       ?DoSpecial2@KNpc@@AAEXXZ   100103d0 f   KNpc.obj
 0001:0000f3e0       ?OnSpecial2@KNpc@@AAEXXZ   100103e0 f   KNpc.obj
 0001:0000f480       ?DoSpecial3@KNpc@@AAEXXZ   10010480 f   KNpc.obj
 0001:0000f490       ?OnSpecial3@KNpc@@AAEXXZ   10010490 f   KNpc.obj
 0001:0000f4a0       ?DoSpecial4@KNpc@@AAEXXZ   100104a0 f   KNpc.obj
 0001:0000f4b0       ?OnSpecial4@KNpc@@AAEXXZ   100104b0 f   KNpc.obj
 0001:0000f4c0       ?DoGlide@KNpc@@AAEHF@Z     100104c0 f   KNpc.obj
 0001:0000f9b0       ?OnGlide@KNpc@@AAEXXZ      100109b0 f   KNpc.obj
 0001:0000f9c0       ?GlideTo@KNpc@@AAEXHHF@Z   100109c0 f   KNpc.obj
 0001:0000fa00       ?DoStand@KNpc@@AAEXXZ      10010a00 f   KNpc.obj
 0001:0000fab0       ?OnStand@KNpc@@AAEXXZ      10010ab0 f   KNpc.obj
 0001:0000fb00       ?DoRevive@KNpc@@AAEXXZ     10010b00 f   KNpc.obj
 0001:0000fb80       ?OnRevive@KNpc@@AAEXXZ     10010b80 f   KNpc.obj
 0001:0000fb90       ?DoRun@KNpc@@AAEXXZ        10010b90 f   KNpc.obj
 0001:0000fc70       ?OnRun@KNpc@@AAEXH@Z       10010c70 f   KNpc.obj
 0001:0000fd10       ?DoSit@KNpc@@AAEXXZ        10010d10 f   KNpc.obj
 0001:0000fd50       ?OnSit@KNpc@@AAEXXZ        10010d50 f   KNpc.obj
 0001:0000fd70       ?DoSkill@KNpc@@AAEXHH@Z    10010d70 f   KNpc.obj
 0001:0000fea0       ?UnDoSkill@KNpc@@AAEXXZ    10010ea0 f   KNpc.obj
 0001:0000fee0       ?DoOrdinSkill@KNpc@@AAEHPAVKSkill@@HH@Z 10010ee0 f   KNpc.obj
 0001:000102a0       ?DoAttack@KNpc@@AAEXXZ     100112a0 f   KNpc.obj
 0001:00010310       ?CastMeleeSkill@KNpc@@AAEHPAVKSkill@@@Z 10011310 f   KNpc.obj
 0001:00010550       ?DoBlurAttack@KNpc@@AAEHXZ 10011550 f   KNpc.obj
 0001:000105d0       ?DoMagic@KNpc@@AAEXXZ      100115d0 f   KNpc.obj
 0001:00010630       ?OnSkill@KNpc@@AAEXXZ      10011630 f   KNpc.obj
 0001:00010760       ?JumpTo@KNpc@@AAEXHH@Z     10011760 f   KNpc.obj
 0001:000107a0       ?RunTo@KNpc@@AAEXHH@Z      100117a0 f   KNpc.obj
 0001:000107d0       ?Goto@KNpc@@AAEXHH@Z       100117d0 f   KNpc.obj
 0001:00010800       ?DoWalk@KNpc@@AAEXXZ       10011800 f   KNpc.obj
 0001:000108a0       ?DoPlayerTalk@KNpc@@QAEXPAD@Z 100118a0 f   KNpc.obj
 0001:000108b0       ?OnPlayerTalk@KNpc@@AAEXXZ 100118b0 f   KNpc.obj
 0001:000108c0       ?OnWalk@KNpc@@AAEXXZ       100118c0 f   KNpc.obj
 0001:000108e0       ?GetSkillLevel@KNpc@@QAEHH@Z 100118e0 f   KNpc.obj
 0001:00010910       ?ModifyAttrib@KNpc@@QAEXHPAX@Z 10011910 f   KNpc.obj
 0001:00010930       ?SetImmediatelySkillEffect@KNpc@@QAEXHPAXH@Z 10011930 f   KNpc.obj
 0001:00010970       ?AppendSkillEffect@KNpc@@QAEXKHHPAX0@Z 10011970 f   KNpc.obj
 0001:00011270       ?ProcMove@KNpc@@AAEXH@Z    10012270 f   KNpc.obj
 0001:00011780       ?ProcJump@KNpc@@AAEXH@Z    10012780 f   KNpc.obj
 0001:00011a70       ?SendCommand@KNpc@@QAEXW4NPCCMD@@HHH@Z 10012a70 f   KNpc.obj
 0001:00011b30       ?SendCommandRandMove@KNpc@@QAEXHHH@Z 10012b30 f   KNpc.obj
 0001:00011bd0       ?NewPath@KNpc@@AAEHHH@Z    10012bd0 f   KNpc.obj
 0001:00011bf0       ?NewJump@KNpc@@AAEHHH@Z    10012bf0 f   KNpc.obj
 0001:00011f80       ?NewGlide@KNpc@@AAEHHHH@Z  10012f80 f   KNpc.obj
 0001:00012310       ?SelfDamage@KNpc@@QAEXH@Z  10013310 f   KNpc.obj
 0001:00012340       ?Cost@KNpc@@QAEHW4NPCATTRIB@@HH@Z 10013340 f   KNpc.obj
 0001:00012450       ?DoJump@KNpc@@AAEXXZ       10013450 f   KNpc.obj
 0001:000124c0       ?OnJump@KNpc@@AAEHXZ       100134c0 f   KNpc.obj
 0001:00012510       ?WaitForFrame@KNpc@@AAEHXZ 10013510 f   KNpc.obj
 0001:00012540       ?IsReachFrame@KNpc@@AAEHH@Z 10013540 f   KNpc.obj
 0001:00012570       ?Load@KNpc@@QAEXHHH@Z      10013570 f   KNpc.obj
 0001:00012880       ?GetMpsPos@KNpc@@QAEXPAH0@Z 10013880 f   KNpc.obj
 0001:000128d0       ?SetActiveSkill@KNpc@@QAEHH@Z 100138d0 f   KNpc.obj
 0001:00012990       ?SetAuraSkill@KNpc@@QAEXH@Z 10013990 f   KNpc.obj
 0001:00012a60       ?SetPlayerIdx@KNpc@@QAEHH@Z 10013a60 f   KNpc.obj
 0001:00012a90       ?SetPos@KNpc@@QAE_NHH@Z    10013a90 f   KNpc.obj
 0001:00012c00       ?MoveNpc@KNpc@@QAEXHHHHH_N@Z 10013c00 f   KNpc.obj
 0001:00012dc0       ?PaintInfo@KNpc@@QAEHH_NHK@Z 10013dc0 f   KNpc.obj
 0001:00013270       ?PaintMantle@KNpc@@QAEHHHHH@Z 10014270 f   KNpc.obj
 0001:00013370       ?PaintNpcAuto@KNpc@@QAEXH_NHK@Z 10014370 f   KNpc.obj
 0001:00013510       ?PaintSeriesNpc@KNpc@@QAEXHH@Z 10014510 f   KNpc.obj
 0001:00013600       ?PaintHorseState@KNpc@@QAEXHH@Z 10014600 f   KNpc.obj
 0001:00013760       ?PaintRankInfo@KNpc@@QAEXHHK@Z 10014760 f   KNpc.obj
 0001:00013a50       ?PaintTransLifeInfo@KNpc@@QAEXHH@Z 10014a50 f   KNpc.obj
 0001:00013c00       ?PaintShopInfo@KNpc@@QAEXHH@Z 10014c00 f   KNpc.obj
 0001:00013ef0       ?PaintChat@KNpc@@QAEHH@Z   10014ef0 f   KNpc.obj
 0001:00014060       ?SetChatInfo@KNpc@@QAEHPBD0G@Z 10015060 f   KNpc.obj
 0001:00014240       ?SetWarning@KNpc@@QAEHH@Z  10015240 f   KNpc.obj
 0001:00014250       ?PaintWarning@KNpc@@QAEHH_N@Z 10015250 f   KNpc.obj
 0001:000143c0       ?PaintLife@KNpc@@QAEHH_N@Z 100153c0 f   KNpc.obj
 0001:000145d0       ?PaintMana@KNpc@@QAEHH@Z   100155d0 f   KNpc.obj
 0001:00014730       ?Paint@KNpc@@QAEXXZ        10015730 f   KNpc.obj
 0001:000148f0       ?AddBaseLifeMax@KNpc@@QAEXH@Z 100158f0 f   KNpc.obj
 0001:00014910       ?AddCurLifeMax@KNpc@@QAEXH@Z 10015910 f   KNpc.obj
 0001:00014930       ?AddBaseStaminaMax@KNpc@@QAEXH@Z 10015930 f   KNpc.obj
 0001:00014950       ?AddCurStaminaMax@KNpc@@QAEXH@Z 10015950 f   KNpc.obj
 0001:00014970       ?AddBaseManaMax@KNpc@@QAEXH@Z 10015970 f   KNpc.obj
 0001:00014990       ?AddCurManaMax@KNpc@@QAEXH@Z 10015990 f   KNpc.obj
 0001:000149b0       ?CalcCurLifeReplenish@KNpc@@QAEXXZ 100159b0 f   KNpc.obj
 0001:000149c0       ?Remove@KNpc@@QAEXXZ       100159c0 f   KNpc.obj
 0001:000149e0       ?RemoveRes@KNpc@@QAEXXZ    100159e0 f   KNpc.obj
 0001:000149f0       ?SetSeries@KNpc@@QAEXH@Z   100159f0 f   KNpc.obj
 0001:00014a10       ?SetStateSkillEffect@KNpc@@QAEXHHHPAXHHH@Z 10015a10 f   KNpc.obj
 0001:00014cd0       ??_EKStateNode@@UAEPAXI@Z  10015cd0 f i KNpc.obj
 0001:00014cd0       ??_GKStateNode@@UAEPAXI@Z  10015cd0 f i KNpc.obj
 0001:00014cf0       ??1KStateNode@@UAE@XZ      10015cf0 f i KNpc.obj
 0001:00014d00       ?ModifyMissleCollsion@KNpc@@QAEHH@Z 10015d00 f   KNpc.obj
 0001:00014d30       ?ModifyMissleLifeTime@KNpc@@QAEHH@Z 10015d30 f   KNpc.obj
 0001:00014d40       ?ModifyMissleSpeed@KNpc@@QAEHH@Z 10015d40 f   KNpc.obj
 0001:00014d60       ?DoManyAttack@KNpc@@AAEHXZ 10015d60 f   KNpc.obj
 0001:00014eb0       ?OnManyAttack@KNpc@@AAEXXZ 10015eb0 f   KNpc.obj
 0001:00014f60       ?DoRunAttack@KNpc@@AAEHXZ  10015f60 f   KNpc.obj
 0001:00015280       ?OnRunAttack@KNpc@@AAEXXZ  10016280 f   KNpc.obj
 0001:00015470       ?DoJumpAttack@KNpc@@AAEHXZ 10016470 f   KNpc.obj
 0001:000156f0       ?OnJumpAttack@KNpc@@AAEHXZ 100166f0 f   KNpc.obj
 0001:00015840       ?CheckHitTarget@KNpc@@AAEHHHH@Z 10016840 f   KNpc.obj
 0001:000158b0       ?AddStateInfo@KNpc@@AAEXH@Z 100168b0 f   KNpc.obj
 0001:00015900       ?AddStateSkillList@KNpc@@AAEXPAVKStateNode@@@Z 10016900 f   KNpc.obj
 0001:00015960       ?AddStateSkillListClient@KNpc@@AAEXPAVKStateNode@@@Z 10016960 f   KNpc.obj
 0001:000159d0       ?RemoveStateSkillList@KNpc@@AAEXPAE@Z 100169d0 f   KNpc.obj
 0001:00015a70       ?GetNpcCopyFromTemplate@KNpc@@QAEXHHH@Z 10016a70 f   KNpc.obj
 0001:00015c70       ?LoadDataFromTemplate@KNpc@@QAEXHHH@Z 10016c70 f   KNpc.obj
 0001:00015e00       ?SetPhysicsDamage@KNpc@@QAEXHH@Z 10016e00 f   KNpc.obj
 0001:00015e20       ?SetBaseAttackRating@KNpc@@QAEXH@Z 10016e20 f   KNpc.obj
 0001:00015e40       ?SetBaseDefence@KNpc@@QAEXH@Z 10016e40 f   KNpc.obj
 0001:00015e60       ?SetMenuState@KNpc@@QAEXHPADH@Z 10016e60 f   KNpc.obj
 0001:00015e80       ?GetMenuState@KNpc@@QAEHXZ 10016e80 f   KNpc.obj
 0001:00015e90       ?SearchAroundID@KNpc@@QAEKK@Z 10016e90 f   KNpc.obj
 0001:00015f10       ?SetSpecialSpr@KNpc@@QAEXPAD@Z 10016f10 f   KNpc.obj
 0001:00015f30       ?SetInstantSpr@KNpc@@QAEXH@Z 10016f30 f   KNpc.obj
 0001:00015f70       ?GetNormalNpcStandDir@KNpc@@QAEHH@Z 10016f70 f   KNpc.obj
 0001:00015f90       ?SetNpcState@KNpc@@QAEXPAE@Z 10016f90 f   KNpc.obj
 0001:00016020       ?ClearNpcState@KNpc@@QAEXXZ 10017020 f   KNpc.obj
 0001:00016080       ?RestoreNpcBaseInfo@KNpc@@QAEXXZ 10017080 f   KNpc.obj
 0001:000164c0       ?DrawBorder@KNpc@@QAEXXZ   100174c0 f   KNpc.obj
 0001:000164e0       ?DrawMenuState@KNpc@@QAEHH@Z 100174e0 f   KNpc.obj
 0001:00016500       ?IsPlayer@KNpc@@QAEHXZ     10017500 f   KNpc.obj
 0001:00016520       ?IsAlive@KNpc@@QAEHXZ      10017520 f   KNpc.obj
 0001:00016540       ?ClearStateSkillEffect@KNpc@@QAEXXZ 10017540 f   KNpc.obj
 0001:00016600       ?ClearNormalState@KNpc@@QAEXXZ 10017600 f   KNpc.obj
 0001:000166d0       ?CheckTrap@KNpc@@QAEXXZ    100176d0 f   KNpc.obj
 0001:00016760       ?SetFightMode@KNpc@@QAEXH@Z 10017760 f   KNpc.obj
 0001:00016780       ?TurnTo@KNpc@@QAEXH@Z      10017780 f   KNpc.obj
 0001:000168f0       ?ReCalcStateEffect@KNpc@@QAEXXZ 100178f0 f   KNpc.obj
 0001:00016980       ?GetCurActiveWeaponSkill@KNpc@@QAEHXZ 10017980 f   KNpc.obj
 0001:00016a30       ?HurtAutoMove@KNpc@@AAEXXZ 10017a30 f   KNpc.obj
 0001:00016dd0       ?ProcNetCommand@KNpc@@QAEXW4NPCCMD@@HHH@Z 10017dd0 f   KNpc.obj
 0001:00016e90       ?ClearBlood@KNpc@@QAEXH@Z  10017e90 f   KNpc.obj
 0001:00016ec0       ?SetBlood@KNpc@@QAEXH@Z    10017ec0 f   KNpc.obj
 0001:00016f20       ?PaintBlood@KNpc@@QAEHH@Z  10017f20 f   KNpc.obj
 0001:00017030       ?EditPos@KNpc@@QAEX_N@Z    10018030 f   KNpc.obj
 0001:00017060       ?SendClientPos2Server@KNpc@@QAEXXZ 10018060 f   KNpc.obj
 0001:00017100       ?GetNpcPate@KNpc@@QAEHXZ   10018100 f   KNpc.obj
 0001:00017190       ?GetNpcPatePeopleInfo@KNpc@@QAEHXZ 10018190 f   KNpc.obj
 0001:00017220       ?FindStateSkill@KNpc@@QAEHH@Z 10018220 f   KNpc.obj
 0001:00017260       ?GetFrameCopyFromTemplate@KNpc@@QAEXHHH@Z 10018260 f   KNpc.obj
 0001:00017440       ?LoadFrameFromTemplate@KNpc@@QAEXHHH@Z 10018440 f   KNpc.obj
 0001:000174d0       ?ReSetRes@KNpc@@QAEXH@Z    100184d0 f   KNpc.obj
 0001:000176a0       ?AutoDoSkill@KNpc@@QAEXHHHH@Z 100186a0 f   KNpc.obj
 0001:00017c40       ?RandMove@KNpc@@QAEXHHH@Z  10018c40 f   KNpc.obj
 0001:00017ca0       ?ExecuteStand@KNpc@@QAEXXZ 10018ca0 f   KNpc.obj
 0001:00017cc0       ?SetTitleEffect@KNpc@@QAEXH@Z 10018cc0 f   KNpc.obj
 0001:00017db0       ?ClientGotoPos@KNpc@@QAEXHHH@Z 10018db0 f   KNpc.obj
 0001:00017e90       ?ExecuteScript@KNpc@@QAEHPAD0H@Z 10018e90 f   KNpc.obj
 0001:00017ed0       ?ExecuteScript@KNpc@@QAEHKPADH@Z 10018ed0 f   KNpc.obj
 0001:00018040       ?ExecuteScript@KNpc@@QAEHKPAD0@Z 10019040 f   KNpc.obj
 0001:000181d0       ?ExecuteScript@KNpc@@QAEHPAD00@Z 100191d0 f   KNpc.obj
 0001:00018220       ?ExecuteScript2@KNpc@@QAEHKPAD00@Z 10019220 f   KNpc.obj
 0001:000183d0       ?ExecuteScript2@KNpc@@QAEHKPADHH@Z 100193d0 f   KNpc.obj
 0001:00018540       ?ExecuteScript2@KNpc@@QAEHPAD0HH@Z 10019540 f   KNpc.obj
 0001:00018590       ?ExecuteScript2@KNpc@@QAEHPAD000@Z 10019590 f   KNpc.obj
 0001:000185e0       ??0?$vector@UFindPathNode@@V?$allocator@UFindPathNode@@@std@@@std@@QAE@ABV?$allocator@UFindPathNode@@@1@@Z 100195e0 f i KNpc.obj
 0001:00018600       ??1?$vector@UFindPathNode@@V?$allocator@UFindPathNode@@@std@@@std@@QAE@XZ 10019600 f i KNpc.obj
 0001:00018650       ??0KNpcAI@@QAE@XZ          10019650 f   KNpcAI.obj
 0001:00018660       ?Activate@KNpcAI@@QAEXH@Z  10019660 f   KNpcAI.obj
 0001:00018760       ?ProcessShowNpc@KNpcAI@@AAEHXZ 10019760 f   KNpcAI.obj
 0001:00018820       ?ShowNpcType11@KNpcAI@@AAEHXZ 10019820 f   KNpcAI.obj
 0001:00018980       ?ShowNpcType12@KNpcAI@@AAEHXZ 10019980 f   KNpcAI.obj
 0001:00018af0       ?ShowNpcType13@KNpcAI@@AAEHXZ 10019af0 f   KNpcAI.obj
 0001:00018c30       ?ShowNpcType14@KNpcAI@@AAEHXZ 10019c30 f   KNpcAI.obj
 0001:00018db0       ?ShowNpcType15@KNpcAI@@AAEHXZ 10019db0 f   KNpcAI.obj
 0001:00018ef0       ?ShowNpcType16@KNpcAI@@AAEHXZ 10019ef0 f   KNpcAI.obj
 0001:00019060       ?ShowNpcType17@KNpcAI@@AAEHXZ 1001a060 f   KNpcAI.obj
 0001:000191f0       ?ProcessPlayer@KNpcAI@@AAEXXZ 1001a1f0 f   KNpcAI.obj
 0001:00019250       ?FollowObject@KNpcAI@@AAEXH@Z 1001a250 f   KNpcAI.obj
 0001:000192e0       ?FollowPeople@KNpcAI@@AAEXH@Z 1001a2e0 f   KNpcAI.obj
 0001:00019760       ?TriggerMapTrap@KNpcAI@@AAEXXZ 1001a760 f   KNpcAI.obj
 0001:00019790       ?TriggerObjectTrap@KNpcAI@@AAEXXZ 1001a790 f   KNpcAI.obj
 0001:000197a0       ?GetNearestNpc@KNpcAI@@AAEHH@Z 1001a7a0 f   KNpcAI.obj
 0001:00019c80       ?IsPlayerCome@KNpcAI@@AAEHXZ 1001ac80 f   KNpcAI.obj
 0001:00019ce0       ?GetNpcNumber@KNpcAI@@AAEHH@Z 1001ace0 f   KNpcAI.obj
 0001:00019ed0       ?KeepAttackRange@KNpcAI@@AAEXHH@Z 1001aed0 f   KNpcAI.obj
 0001:0001a080       ?FollowAttack@KNpcAI@@AAEXH@Z 1001b080 f   KNpcAI.obj
 0001:0001a190       ?InEyeshot@KNpcAI@@AAEHH@Z 1001b190 f   KNpcAI.obj
 0001:0001a1d0       ?CommonAction@KNpcAI@@AAEXXZ 1001b1d0 f   KNpcAI.obj
 0001:0001a2d0       ?KeepActiveRange@KNpcAI@@AAEHXZ 1001b2d0 f   KNpcAI.obj
 0001:0001a400       ?DoShowFlee@KNpcAI@@AAEHH@Z 1001b400 f   KNpcAI.obj
 0001:0001a550       ?Flee@KNpcAI@@AAEXH@Z      1001b550 f   KNpcAI.obj
 0001:0001a600       ?ProcessAIType01@KNpcAI@@AAEXXZ 1001b600 f   KNpcAI.obj
 0001:0001a7c0       ?GetRandomNumber@@YAHHH@Z  1001b7c0 f i KNpcAI.obj
 0001:0001a7e0       ?ProcessAIType02@KNpcAI@@AAEXXZ 1001b7e0 f   KNpcAI.obj
 0001:0001aa90       ?ProcessAIType03@KNpcAI@@AAEXXZ 1001ba90 f   KNpcAI.obj
 0001:0001acc0       ?ProcessAIType04@KNpcAI@@AAEXXZ 1001bcc0 f   KNpcAI.obj
 0001:0001ae70       ?ProcessAIType05@KNpcAI@@AAEXXZ 1001be70 f   KNpcAI.obj
 0001:0001b0c0       ?ProcessAIType06@KNpcAI@@AAEXXZ 1001c0c0 f   KNpcAI.obj
 0001:0001b2a0       ?ProcessAIType07@KNpcAI@@AAEXXZ 1001c2a0 f   KNpcAI.obj
 0001:0001b400       ?ProcessAIType08@KNpcAI@@AAEXXZ 1001c400 f   KNpcAI.obj
 0001:0001b550       ??0KNpcAttribModify@@QAE@XZ 1001c550 f   KNpcAttribModify.obj
 0001:0001ba10       ??1KNpcAttribModify@@QAE@XZ 1001ca10 f   KNpcAttribModify.obj
 0001:0001ba20       ?ModifyAttrib@KNpcAttribModify@@QAEXPAVKNpc@@PAX@Z 1001ca20 f   KNpcAttribModify.obj
 0001:0001ba50       ?AddColdDamageV@KNpcAttribModify@@AAEXPAVKNpc@@PAX@Z 1001ca50 f   KNpcAttribModify.obj
 0001:0001bae0       ?AddFireDamageV@KNpcAttribModify@@AAEXPAVKNpc@@PAX@Z 1001cae0 f   KNpcAttribModify.obj
 0001:0001bb10       ?AddLightingDamageV@KNpcAttribModify@@AAEXPAVKNpc@@PAX@Z 1001cb10 f   KNpcAttribModify.obj
 0001:0001bb40       ?AddPhysicsDamageP@KNpcAttribModify@@AAEXPAVKNpc@@PAX@Z 1001cb40 f   KNpcAttribModify.obj
 0001:0001bc00       ?AddPoisonDamageV@KNpcAttribModify@@AAEXPAVKNpc@@PAX@Z 1001cc00 f   KNpcAttribModify.obj
 0001:0001bc50       ?AddPhysicsDamageV@KNpcAttribModify@@AAEXPAVKNpc@@PAX@Z 1001cc50 f   KNpcAttribModify.obj
 0001:0001bc70       ?AllresP@KNpcAttribModify@@AAEXPAVKNpc@@PAX@Z 1001cc70 f   KNpcAttribModify.obj
 0001:0001bcc0       ?AllSkillV@KNpcAttribModify@@AAEXPAVKNpc@@PAX@Z 1001ccc0 f   KNpcAttribModify.obj
 0001:0001bd20       ?AttackRatingP@KNpcAttribModify@@AAEXPAVKNpc@@PAX@Z 1001cd20 f   KNpcAttribModify.obj
 0001:0001bd50       ?AttackRatingV@KNpcAttribModify@@AAEXPAVKNpc@@PAX@Z 1001cd50 f   KNpcAttribModify.obj
 0001:0001bd70       ?AttackSpeedV@KNpcAttribModify@@AAEXPAVKNpc@@PAX@Z 1001cd70 f   KNpcAttribModify.obj
 0001:0001bd90       ?BadStatusTimeReduceV@KNpcAttribModify@@AAEXPAVKNpc@@PAX@Z 1001cd90 f   KNpcAttribModify.obj
 0001:0001bda0       ?BurnTimeReduceP@KNpcAttribModify@@AAEXPAVKNpc@@PAX@Z 1001cda0 f   KNpcAttribModify.obj
 0001:0001bdb0       ?CastSpeedV@KNpcAttribModify@@AAEXPAVKNpc@@PAX@Z 1001cdb0 f   KNpcAttribModify.obj
 0001:0001bdd0       ?ChangeCampV@KNpcAttribModify@@AAEXPAVKNpc@@PAX@Z 1001cdd0 f   KNpcAttribModify.obj
 0001:0001be10       ?ColdArmorV@KNpcAttribModify@@AAEXPAVKNpc@@PAX@Z 1001ce10 f   KNpcAttribModify.obj
 0001:0001be20       ?ColdresP@KNpcAttribModify@@AAEXPAVKNpc@@PAX@Z 1001ce20 f   KNpcAttribModify.obj
 0001:0001be40       ?DeadlyStrikeP@KNpcAttribModify@@AAEXPAVKNpc@@PAX@Z 1001ce40 f   KNpcAttribModify.obj
 0001:0001be60       ?DexterityV@KNpcAttribModify@@AAEXPAVKNpc@@PAX@Z 1001ce60 f   KNpcAttribModify.obj
 0001:0001be90       ?EarthSkillV@KNpcAttribModify@@AAEXPAVKNpc@@PAX@Z 1001ce90 f   KNpcAttribModify.obj
 0001:0001bea0       ?EnergyV@KNpcAttribModify@@AAEXPAVKNpc@@PAX@Z 1001cea0 f   KNpcAttribModify.obj
 0001:0001bed0       ?FastHitRecoverV@KNpcAttribModify@@AAEXPAVKNpc@@PAX@Z 1001ced0 f   KNpcAttribModify.obj
 0001:0001bef0       ?FastWalkRunP@KNpcAttribModify@@AAEXPAVKNpc@@PAX@Z 1001cef0 f   KNpcAttribModify.obj
 0001:0001bf60       ?FireArmorV@KNpcAttribModify@@AAEXPAVKNpc@@PAX@Z 1001cf60 f   KNpcAttribModify.obj
 0001:0001bf70       ?FireSkillV@KNpcAttribModify@@AAEXPAVKNpc@@PAX@Z 1001cf70 f   KNpcAttribModify.obj
 0001:0001bf80       ?FreezeTimeReduceP@KNpcAttribModify@@AAEXPAVKNpc@@PAX@Z 1001cf80 f   KNpcAttribModify.obj
 0001:0001bfa0       ?KnockBackP@KNpcAttribModify@@AAEXPAVKNpc@@PAX@Z 1001cfa0 f   KNpcAttribModify.obj
 0001:0001bfc0       ?LifeMaxP@KNpcAttribModify@@AAEXPAVKNpc@@PAX@Z 1001cfc0 f   KNpcAttribModify.obj
 0001:0001c010       ?LifeMaxV@KNpcAttribModify@@AAEXPAVKNpc@@PAX@Z 1001d010 f   KNpcAttribModify.obj
 0001:0001c030       ?LifeReplenishV@KNpcAttribModify@@AAEXPAVKNpc@@PAX@Z 1001d030 f   KNpcAttribModify.obj
 0001:0001c050       ?LifeV@KNpcAttribModify@@AAEXPAVKNpc@@PAX@Z 1001d050 f   KNpcAttribModify.obj
 0001:0001c070       ?LightingArmorV@KNpcAttribModify@@AAEXPAVKNpc@@PAX@Z 1001d070 f   KNpcAttribModify.obj
 0001:0001c080       ?LightingresP@KNpcAttribModify@@AAEXPAVKNpc@@PAX@Z 1001d080 f   KNpcAttribModify.obj
 0001:0001c0a0       ?LuckyV@KNpcAttribModify@@AAEXPAVKNpc@@PAX@Z 1001d0a0 f   KNpcAttribModify.obj
 0001:0001c0e0       ?ManaMaxP@KNpcAttribModify@@AAEXPAVKNpc@@PAX@Z 1001d0e0 f   KNpcAttribModify.obj
 0001:0001c120       ?ManaMaxV@KNpcAttribModify@@AAEXPAVKNpc@@PAX@Z 1001d120 f   KNpcAttribModify.obj
 0001:0001c140       ?ManaReplenishV@KNpcAttribModify@@AAEXPAVKNpc@@PAX@Z 1001d140 f   KNpcAttribModify.obj
 0001:0001c160       ?ManaV@KNpcAttribModify@@AAEXPAVKNpc@@PAX@Z 1001d160 f   KNpcAttribModify.obj
 0001:0001c180       ?ManaShieldP@KNpcAttribModify@@AAEXPAVKNpc@@PAX@Z 1001d180 f   KNpcAttribModify.obj
 0001:0001c1a0       ?MeleeDamageReturnP@KNpcAttribModify@@AAEXPAVKNpc@@PAX@Z 1001d1a0 f   KNpcAttribModify.obj
 0001:0001c1c0       ?MeleeDamageReturnV@KNpcAttribModify@@AAEXPAVKNpc@@PAX@Z 1001d1c0 f   KNpcAttribModify.obj
 0001:0001c1e0       ?MetalSkillV@KNpcAttribModify@@AAEXPAVKNpc@@PAX@Z 1001d1e0 f   KNpcAttribModify.obj
 0001:0001c1f0       ?PhysicsArmorV@KNpcAttribModify@@AAEXPAVKNpc@@PAX@Z 1001d1f0 f   KNpcAttribModify.obj
 0001:0001c200       ?PhysicsresP@KNpcAttribModify@@AAEXPAVKNpc@@PAX@Z 1001d200 f   KNpcAttribModify.obj
 0001:0001c220       ?Damage2ManaP@KNpcAttribModify@@AAEXPAVKNpc@@PAX@Z 1001d220 f   KNpcAttribModify.obj
 0001:0001c240       ?PoisonArmorV@KNpcAttribModify@@AAEXPAVKNpc@@PAX@Z 1001d240 f   KNpcAttribModify.obj
 0001:0001c250       ?PoisonDamageReduceV@KNpcAttribModify@@AAEXPAVKNpc@@PAX@Z 1001d250 f   KNpcAttribModify.obj
 0001:0001c280       ?PoisonresP@KNpcAttribModify@@AAEXPAVKNpc@@PAX@Z 1001d280 f   KNpcAttribModify.obj
 0001:0001c2a0       ?PoisonTimeReduceP@KNpcAttribModify@@AAEXPAVKNpc@@PAX@Z 1001d2a0 f   KNpcAttribModify.obj
 0001:0001c2c0       ?RangeDamageReturnV@KNpcAttribModify@@AAEXPAVKNpc@@PAX@Z 1001d2c0 f   KNpcAttribModify.obj
 0001:0001c2e0       ?RangeDamageReturnP@KNpcAttribModify@@AAEXPAVKNpc@@PAX@Z 1001d2e0 f   KNpcAttribModify.obj
 0001:0001c300       ?SlowMissleB@KNpcAttribModify@@AAEXPAVKNpc@@PAX@Z 1001d300 f   KNpcAttribModify.obj
 0001:0001c330       ?StaminaMaxP@KNpcAttribModify@@AAEXPAVKNpc@@PAX@Z 1001d330 f   KNpcAttribModify.obj
 0001:0001c370       ?StaminaMaxV@KNpcAttribModify@@AAEXPAVKNpc@@PAX@Z 1001d370 f   KNpcAttribModify.obj
 0001:0001c390       ?StaminaReplenishV@KNpcAttribModify@@AAEXPAVKNpc@@PAX@Z 1001d390 f   KNpcAttribModify.obj
 0001:0001c3b0       ?StaminaV@KNpcAttribModify@@AAEXPAVKNpc@@PAX@Z 1001d3b0 f   KNpcAttribModify.obj
 0001:0001c3d0       ?StealLifeP@KNpcAttribModify@@AAEXPAVKNpc@@PAX@Z 1001d3d0 f   KNpcAttribModify.obj
 0001:0001c3f0       ?StealManaP@KNpcAttribModify@@AAEXPAVKNpc@@PAX@Z 1001d3f0 f   KNpcAttribModify.obj
 0001:0001c410       ?StealStaminaP@KNpcAttribModify@@AAEXPAVKNpc@@PAX@Z 1001d410 f   KNpcAttribModify.obj
 0001:0001c430       ?StrengthV@KNpcAttribModify@@AAEXPAVKNpc@@PAX@Z 1001d430 f   KNpcAttribModify.obj
 0001:0001c460       ?StunTimeReduceP@KNpcAttribModify@@AAEXPAVKNpc@@PAX@Z 1001d460 f   KNpcAttribModify.obj
 0001:0001c480       ?VisionRadiusP@KNpcAttribModify@@AAEXPAVKNpc@@PAX@Z 1001d480 f   KNpcAttribModify.obj
 0001:0001c4a0       ?VitalityV@KNpcAttribModify@@AAEXPAVKNpc@@PAX@Z 1001d4a0 f   KNpcAttribModify.obj
 0001:0001c4d0       ?WaterSkillV@KNpcAttribModify@@AAEXPAVKNpc@@PAX@Z 1001d4d0 f   KNpcAttribModify.obj
 0001:0001c4e0       ?WoodSkillV@KNpcAttribModify@@AAEXPAVKNpc@@PAX@Z 1001d4e0 f   KNpcAttribModify.obj
 0001:0001c4f0       ?FireresP@KNpcAttribModify@@AAEXPAVKNpc@@PAX@Z 1001d4f0 f   KNpcAttribModify.obj
 0001:0001c510       ?ArmorDefenseV@KNpcAttribModify@@AAEXPAVKNpc@@PAX@Z 1001d510 f   KNpcAttribModify.obj
 0001:0001c530       ?ColdEnhanceP@KNpcAttribModify@@AAEXPAVKNpc@@PAX@Z 1001d530 f   KNpcAttribModify.obj
 0001:0001c550       ?FireEnhanceP@KNpcAttribModify@@AAEXPAVKNpc@@PAX@Z 1001d550 f   KNpcAttribModify.obj
 0001:0001c570       ?LightingEnhanceP@KNpcAttribModify@@AAEXPAVKNpc@@PAX@Z 1001d570 f   KNpcAttribModify.obj
 0001:0001c590       ?PoisonEnhanceP@KNpcAttribModify@@AAEXPAVKNpc@@PAX@Z 1001d590 f   KNpcAttribModify.obj
 0001:0001c5b0       ?LifePotionV@KNpcAttribModify@@AAEXPAVKNpc@@PAX@Z 1001d5b0 f   KNpcAttribModify.obj
 0001:0001c600       ?ManaPotionV@KNpcAttribModify@@AAEXPAVKNpc@@PAX@Z 1001d600 f   KNpcAttribModify.obj
 0001:0001c650       ?PhysicsResMaxP@KNpcAttribModify@@AAEXPAVKNpc@@PAX@Z 1001d650 f   KNpcAttribModify.obj
 0001:0001c670       ?ColdResMaxP@KNpcAttribModify@@AAEXPAVKNpc@@PAX@Z 1001d670 f   KNpcAttribModify.obj
 0001:0001c690       ?FireResMaxP@KNpcAttribModify@@AAEXPAVKNpc@@PAX@Z 1001d690 f   KNpcAttribModify.obj
 0001:0001c6b0       ?LightingResMaxP@KNpcAttribModify@@AAEXPAVKNpc@@PAX@Z 1001d6b0 f   KNpcAttribModify.obj
 0001:0001c6d0       ?PoisonResMaxP@KNpcAttribModify@@AAEXPAVKNpc@@PAX@Z 1001d6d0 f   KNpcAttribModify.obj
 0001:0001c6f0       ?AllResMaxP@KNpcAttribModify@@AAEXPAVKNpc@@PAX@Z 1001d6f0 f   KNpcAttribModify.obj
 0001:0001c740       ?FatallyStrikeP@KNpcAttribModify@@AAEXPAVKNpc@@PAX@Z 1001d740 f   KNpcAttribModify.obj
 0001:0001c750       ?MixPoisonDamage@KNpcAttribModify@@QAEXPAUKMagicAttrib@@0@Z 1001d750 f   KNpcAttribModify.obj
 0001:0001c800       ?AddPhysicsMagicV@KNpcAttribModify@@AAEXPAVKNpc@@PAX@Z 1001d800 f   KNpcAttribModify.obj
 0001:0001c830       ?AddColdMagicV@KNpcAttribModify@@AAEXPAVKNpc@@PAX@Z 1001d830 f   KNpcAttribModify.obj
 0001:0001c8c0       ?AddFireMagicV@KNpcAttribModify@@AAEXPAVKNpc@@PAX@Z 1001d8c0 f   KNpcAttribModify.obj
 0001:0001c8f0       ?AddLightingMagicV@KNpcAttribModify@@AAEXPAVKNpc@@PAX@Z 1001d8f0 f   KNpcAttribModify.obj
 0001:0001c920       ?AddPoisonMagicV@KNpcAttribModify@@AAEXPAVKNpc@@PAX@Z 1001d920 f   KNpcAttribModify.obj
 0001:0001c970       ?DynamicMagicShieldV@KNpcAttribModify@@AAEXPAVKNpc@@PAX@Z 1001d970 f   KNpcAttribModify.obj
 0001:0001c990       ?ReturnResP@KNpcAttribModify@@AAEXPAVKNpc@@PAX@Z 1001d990 f   KNpcAttribModify.obj
 0001:0001c9b0       ?ExpEnhanceP@KNpcAttribModify@@AAEXPAVKNpc@@PAX@Z 1001d9b0 f   KNpcAttribModify.obj
 0001:0001c9d0       ?PoisonDamageReturnP@KNpcAttribModify@@AAEXPAVKNpc@@PAX@Z 1001d9d0 f   KNpcAttribModify.obj
 0001:0001c9f0       ?ReturnSkillP@KNpcAttribModify@@AAEXPAVKNpc@@PAX@Z 1001d9f0 f   KNpcAttribModify.obj
 0001:0001ca10       ?AutoReplySkill@KNpcAttribModify@@AAEXPAVKNpc@@PAX@Z 1001da10 f   KNpcAttribModify.obj
 0001:0001ca60       ?LifeReplenishP@KNpcAttribModify@@AAEXPAVKNpc@@PAX@Z 1001da60 f   KNpcAttribModify.obj
 0001:0001ca80       ?IgnoreSkillP@KNpcAttribModify@@AAEXPAVKNpc@@PAX@Z 1001da80 f   KNpcAttribModify.obj
 0001:0001caa0       ?AutoAttackSkill@KNpcAttribModify@@AAEXPAVKNpc@@PAX@Z 1001daa0 f   KNpcAttribModify.obj
 0001:0001cad0       ?Poison2DecManaP@KNpcAttribModify@@AAEXPAVKNpc@@PAX@Z 1001dad0 f   KNpcAttribModify.obj
 0001:0001cb20       ?SkillAppendSkill@KNpcAttribModify@@AAEXPAVKNpc@@PAX@Z 1001db20 f   KNpcAttribModify.obj
 0001:0001cc30       ?HideNpc@KNpcAttribModify@@AAEXPAVKNpc@@PAX@Z 1001dc30 f   KNpcAttribModify.obj
 0001:0001cc50       ?AutoDeathSkill@KNpcAttribModify@@AAEXPAVKNpc@@PAX@Z 1001dc50 f   KNpcAttribModify.obj
 0001:0001cc80       ?RandMove@KNpcAttribModify@@AAEXPAVKNpc@@PAX@Z 1001dc80 f   KNpcAttribModify.obj
 0001:0001ccb0       ?IgnoreNegativeStateP@KNpcAttribModify@@AAEXPAVKNpc@@PAX@Z 1001dcb0 f   KNpcAttribModify.obj
 0001:0001ccf0       ?AutoRescueSkill@KNpcAttribModify@@AAEXPAVKNpc@@PAX@Z 1001dcf0 f   KNpcAttribModify.obj
 0001:0001cd20       ?StaticMagicShieldP@KNpcAttribModify@@AAEXPAVKNpc@@PAX@Z 1001dd20 f   KNpcAttribModify.obj
 0001:0001cd40       ??0KNpcFindPath@@QAE@XZ    1001dd40 f   KNpcFindPath.obj
 0001:0001cdd0       ??1KNpcFindPath@@QAE@XZ    1001ddd0 f   KNpcFindPath.obj
 0001:0001ce00       ?Init@KNpcFindPath@@QAEXH@Z 1001de00 f   KNpcFindPath.obj
 0001:0001ce40       ?GetDir@KNpcFindPath@@QAEHHHHHHHPAH0@Z 1001de40 f   KNpcFindPath.obj
 0001:0001d450       ?Dir64To8@KNpcFindPath@@QAEHH@Z 1001e450 f   KNpcFindPath.obj
 0001:0001d460       ?Dir8To64@KNpcFindPath@@QAEHH@Z 1001e460 f   KNpcFindPath.obj
 0001:0001d470       ?CheckDistance@KNpcFindPath@@QAEHHHHHH@Z 1001e470 f   KNpcFindPath.obj
 0001:0001d4b0       ?CheckBarrier@KNpcFindPath@@QAEHHH@Z 1001e4b0 f   KNpcFindPath.obj
 0001:0001d520       ?GetDirAStar@KNpcFindPath@@AAEHHHHHPAH0@Z 1001e520 f   KNpcFindPath.obj
 0001:0001d730       ?Init@KNpcGold@@QAEXH@Z    1001e730 f   KNpcGold.obj
 0001:0001d740       ?Release@KNpcGold@@QAEXXZ  1001e740 f   KNpcGold.obj
 0001:0001d790       ?SetGoldType@KNpcGold@@QAEXH@Z 1001e790 f   KNpcGold.obj
 0001:0001d7a0       ?SetGoldTypeAndBackData@KNpcGold@@QAEXXZ 1001e7a0 f   KNpcGold.obj
 0001:0001d850       ?RecoverBackData@KNpcGold@@QAEXXZ 1001e850 f   KNpcGold.obj
 0001:0001d880       ?UpdateNpcData@KNpcGold@@AAEXH@Z 1001e880 f   KNpcGold.obj
 0001:0001e520       ?GetGoldType@KNpcGold@@QAEHXZ 1001f520 f   KNpcGold.obj
 0001:0001e530       ?SetGoldCurrentType@KNpcGold@@QAEXH@Z 1001f530 f   KNpcGold.obj
 0001:0001e570       ??0KNpcGoldTemplate@@QAE@XZ 1001f570 f   KNpcGold.obj
 0001:0001e590       ?Init@KNpcGoldTemplate@@QAEHXZ 1001f590 f   KNpcGold.obj
 0001:0001e990       ??0KNpcRes@@QAE@XZ         1001f990 f   KNpcRes.obj
 0001:0001ea60       ?Init@KNpcRes@@QAEHPADPAVKNpcResList@@@Z 1001fa60 f   KNpcRes.obj
 0001:0001ec90       ?Remove@KNpcRes@@QAEXH@Z   1001fc90 f   KNpcRes.obj
 0001:0001ecd0       ?Draw@KNpcRes@@QAEXHHHHH@Z 1001fcd0 f   KNpcRes.obj
 0001:0001f6b0       ?GetShadowName@KNpcRes@@SAXPAD0@Z 100206b0 f   KNpcRes.obj
 0001:0001f6d0       ??1KNpcRes@@QAE@XZ         100206d0 f   KNpcRes.obj
 0001:0001f6e0       ?SetHelm@KNpcRes@@QAEHH@Z  100206e0 f   KNpcRes.obj
 0001:0001f7d0       ?SetArmor@KNpcRes@@QAEHH@Z 100207d0 f   KNpcRes.obj
 0001:0001f8e0       ?SetWeapon@KNpcRes@@QAEHH@Z 100208e0 f   KNpcRes.obj
 0001:0001fd10       ?SetHorse@KNpcRes@@QAEHH@Z 10020d10 f   KNpcRes.obj
 0001:0001fe10       ?SetMantle@KNpcRes@@QAEHF@Z 10020e10 f   KNpcRes.obj
 0001:0001ffa0       ?SetAction@KNpcRes@@QAEHH@Z 10020fa0 f   KNpcRes.obj
 0001:000203d0       ?SetRideHorse@KNpcRes@@QAEHH@Z 100213d0 f   KNpcRes.obj
 0001:000207f0       ?SetPos@KNpcRes@@QAEXHHHHHH@Z 100217f0 f   KNpcRes.obj
 0001:00020850       ?SetState@KNpcRes@@QAEXPAVKList@@PAVKNpcResList@@@Z 10021850 f   KNpcRes.obj
 0001:00020a80       ?SetSpecialSpr@KNpcRes@@QAEXPAD@Z 10021a80 f   KNpcRes.obj
 0001:00020b30       ?SetMenuStateSpr@KNpcRes@@AAEXH@Z 10021b30 f   KNpcRes.obj
 0001:00020c20       ?SetBlur@KNpcRes@@QAEXH@Z  10021c20 f   KNpcRes.obj
 0001:00020c50       ?GetSoundName@KNpcRes@@AAEXXZ 10021c50 f   KNpcRes.obj
 0001:00020c70       ?PlaySoundA@KNpcRes@@AAEXHH@Z 10021c70 f   KNpcRes.obj
 0001:00020d40       ?GetSndVolume@KNpcRes@@QAEHH@Z 10021d40 f   KNpcRes.obj
 0001:00020d70       ?StopSound@KNpcRes@@QAEXXZ 10021d70 f   KNpcRes.obj
 0001:00020db0       ?SetMenuState@KNpcRes@@QAEXHPADH@Z 10021db0 f   KNpcRes.obj
 0001:00020df0       ?GetMenuState@KNpcRes@@QAEHXZ 10021df0 f   KNpcRes.obj
 0001:00020e10       ?SetSleepState@KNpcRes@@QAEXH@Z 10021e10 f   KNpcRes.obj
 0001:00020e60       ?GetSleepState@KNpcRes@@QAEHXZ 10021e60 f   KNpcRes.obj
 0001:00020e70       ?DrawBorder@KNpcRes@@QAEXXZ 10021e70 f   KNpcRes.obj
 0001:00020f80       ?DrawMenuState@KNpcRes@@QAEHH@Z 10021f80 f   KNpcRes.obj
 0001:00021070       ?GetNormalNpcStandDir@KNpcRes@@QAEHH@Z 10022070 f   KNpcRes.obj
 0001:000210b0       ?GetSprNumFrames@KNpcRes@@QAEHPBDH@Z 100220b0 f   KNpcRes.obj
 0001:000210e0       ?SetBlurSecMove@KNpcRes@@QAEXHHHH@Z 100220e0 f   KNpcRes.obj
 0001:000211b0       ?RemoveBlurSecMove@KNpcRes@@QAEXH@Z 100221b0 f   KNpcRes.obj
 0001:000211d0       ??0KStateSpr@@QAE@XZ       100221d0 f   KNpcRes.obj
 0001:000211f0       ?Release@KStateSpr@@QAEXXZ 100221f0 f   KNpcRes.obj
 0001:00021210       ??0KNpcBlur@@QAE@XZ        10022210 f   KNpcRes.obj
 0001:00021230       ??1KNpcBlur@@QAE@XZ        10022230 f   KNpcRes.obj
 0001:00021240       ?SetNextNo@KNpcBlur@@QAEXXZ 10022240 f   KNpcRes.obj
 0001:00021260       ?SetMapPos@KNpcBlur@@QAEXHHHH@Z 10022260 f   KNpcRes.obj
 0001:000212c0       ?ChangeAlpha@KNpcBlur@@QAEXXZ 100222c0 f   KNpcRes.obj
 0001:00021370       ?ClearCurNo@KNpcBlur@@QAEXXZ 10022370 f   KNpcRes.obj
 0001:000213a0       ?SetFile@KNpcBlur@@QAEXHPADHHHHH@Z 100223a0 f   KNpcRes.obj
 0001:000214d0       ?Draw@KNpcBlur@@QAEXH@Z    100224d0 f   KNpcRes.obj
 0001:00021510       ?NowGetBlur@KNpcBlur@@QAEHXZ 10022510 f   KNpcRes.obj
 0001:00021520       ?Init@KNpcBlur@@QAEHXZ     10022520 f   KNpcRes.obj
 0001:00021560       ?Remove@KNpcBlur@@QAEXXZ   10022560 f   KNpcRes.obj
 0001:000215a0       ?Remove@KNpcBlur@@QAEXH@Z  100225a0 f   KNpcRes.obj
 0001:000215f0       ?AddObj@KNpcBlur@@QAEXXZ   100225f0 f   KNpcRes.obj
 0001:00021600       ?RemoveObj@KNpcBlur@@QAEXXZ 10022600 f   KNpcRes.obj
 0001:00021650       ??0KNpcResList@@QAE@XZ     10022650 f   KNpcResList.obj
 0001:000216d0       ??1KNpcResList@@QAE@XZ     100226d0 f   KNpcResList.obj
 0001:00021760       ?Init@KNpcResList@@QAEHXZ  10022760 f   KNpcResList.obj
 0001:000217b0       ?FindNpcRes@KNpcResList@@AAEPAVKNpcResNode@@PAD@Z 100227b0 f   KNpcResList.obj
 0001:00021880       ?AddNpcRes@KNpcResList@@QAEPAVKNpcResNode@@PAD@Z 10022880 f   KNpcResList.obj
 0001:00021950       ??0KNpcResNode@@QAE@XZ     10022950 f   KNpcResNode.obj
 0001:00021a40       ??_GKNpcResNode@@UAEPAXI@Z 10022a40 f i KNpcResNode.obj
 0001:00021a40       ??_EKNpcResNode@@UAEPAXI@Z 10022a40 f i KNpcResNode.obj
 0001:00021a60       ??1KNpcResNode@@UAE@XZ     10022a60 f   KNpcResNode.obj
 0001:00021b00       ?Init@KNpcResNode@@QAEHPADPAVCActionName@@1@Z 10022b00 f   KNpcResNode.obj
 0001:00022960       ?ComposePathAndName@KNpcResNode@@QAEXPAD00@Z 10023960 f   KNpcResNode.obj
 0001:00022a60       ?CheckPartExist@KNpcResNode@@QAEHH@Z 10023a60 f   KNpcResNode.obj
 0001:00022a90       ?GetFileName@KNpcResNode@@QAEHHHHPAD0H@Z 10023a90 f   KNpcResNode.obj
 0001:00022ad0       ?GetInterval@KNpcResNode@@QAEHHHHH@Z 10023ad0 f   KNpcResNode.obj
 0001:00022b10       ?GetTotalFrames@KNpcResNode@@QAEHHHHH@Z 10023b10 f   KNpcResNode.obj
 0001:00022b50       ?GetTotalDirs@KNpcResNode@@QAEHHHHH@Z 10023b50 f   KNpcResNode.obj
 0001:00022b90       ?GetActNo@KNpcResNode@@QAEHHHH@Z 10023b90 f   KNpcResNode.obj
 0001:00022bd0       ?GetSort@KNpcResNode@@QAEHHHHPAHH@Z 10023bd0 f   KNpcResNode.obj
 0001:00022c30       ?GetActionSoundName@KNpcResNode@@QAEXHPAD@Z 10023c30 f   KNpcResNode.obj
 0001:00022c70       ?GetShadowName@KNpcResNode@@SAXPAD0@Z 10023c70 f   KNpcResNode.obj
 0001:00022d00       ??0CActionName@@QAE@XZ     10023d00 f   KNpcResNode.obj
 0001:00022d30       ?Init@CActionName@@QAEHPAD@Z 10023d30 f   KNpcResNode.obj
 0001:00022e50       ?GetActionNo@CActionName@@QAEHPAD@Z 10023e50 f   KNpcResNode.obj
 0001:00022ed0       ?GetActionCount@CActionName@@QAEHXZ 10023ed0 f   KNpcResNode.obj
 0001:00022ee0       ?GetActionName@CActionName@@QAEHHPADH@Z 10023ee0 f   KNpcResNode.obj
 0001:00022f50       ??0CShadowFileName@@QAE@XZ 10023f50 f   KNpcResNode.obj
 0001:00022f60       ??1CShadowFileName@@QAE@XZ 10023f60 f   KNpcResNode.obj
 0001:00022f90       ?Init@CShadowFileName@@QAEXH@Z 10023f90 f   KNpcResNode.obj
 0001:00022ff0       ?GetFile@CShadowFileName@@QAEHHPAH0000PAD@Z 10023ff0 f   KNpcResNode.obj
 0001:00023080       ??0CStateMagicTable@@QAE@XZ 10024080 f   KNpcResNode.obj
 0001:000230e0       ?Init@CStateMagicTable@@QAEHXZ 100240e0 f   KNpcResNode.obj
 0001:00023340       ?GetInfo@CStateMagicTable@@QAEXHPADPAH111111@Z 10024340 f   KNpcResNode.obj
 0001:00023450       ??0CRESINFO@@QAE@XZ        10024450 f   KNpcResNode.obj
 0001:00023460       ??1CRESINFO@@QAE@XZ        10024460 f   KNpcResNode.obj
 0001:00023470       ?AutoDelete@CRESINFO@@QAEXXZ 10024470 f   KNpcResNode.obj
 0001:000234a0       ?AutoNew@CRESINFO@@QAEHHH@Z 100244a0 f   KNpcResNode.obj
 0001:00023550       ?GetName@CRESINFO@@QAEHHHPAD0H@Z 10024550 f   KNpcResNode.obj
 0001:000235e0       ?GetInterval@CRESINFO@@QAEHHHH@Z 100245e0 f   KNpcResNode.obj
 0001:00023620       ?GetTotalFrames@CRESINFO@@QAEHHHH@Z 10024620 f   KNpcResNode.obj
 0001:00023660       ?GetTotalDirs@CRESINFO@@QAEHHHH@Z 10024660 f   KNpcResNode.obj
 0001:000236a0       ??0CEquipStyleTable@@QAE@XZ 100246a0 f   KNpcResNode.obj
 0001:000236b0       ??1CEquipStyleTable@@QAE@XZ 100246b0 f   KNpcResNode.obj
 0001:000236c0       ?AutoDelete@CEquipStyleTable@@QAEXXZ 100246c0 f   KNpcResNode.obj
 0001:000236f0       ?AutoNew@CEquipStyleTable@@QAEHHH@Z 100246f0 f   KNpcResNode.obj
 0001:00023750       ?SetValue@CEquipStyleTable@@QAEXHHH@Z 10024750 f   KNpcResNode.obj
 0001:00023790       ?GetValue@CEquipStyleTable@@QAEHHH@Z 10024790 f   KNpcResNode.obj
 0001:000237d0       ??0CSortTable@@QAE@XZ      100247d0 f   KNpcResNode.obj
 0001:00023840       ??1CSortTable@@QAE@XZ      10024840 f   KNpcResNode.obj
 0001:00023850       ?Release@CSortTable@@AAEXXZ 10024850 f   KNpcResNode.obj
 0001:000238a0       ?SortStrToNum@CSortTable@@AAEXPADPAHH@Z 100248a0 f   KNpcResNode.obj
 0001:00023950       ?GetTable@CSortTable@@QAEHPADPAVCActionName@@H@Z 10024950 f   KNpcResNode.obj
 0001:00023a30       ?GetTable@CSortTable@@QAEHPAVKIniFile@@PAVCActionName@@H@Z 10024a30 f   KNpcResNode.obj
 0001:00023ea0       ?GetSort@CSortTable@@QAEHHHHPAHH@Z 10024ea0 f   KNpcResNode.obj
 0001:000241c0       ??1KNpcSet@@QAE@XZ         100251c0 f i KNpcSet.obj
 0001:00024230       ??0KNpcSet@@QAE@XZ         10025230 f   KNpcSet.obj
 0001:00024290       ?Init@KNpcSet@@QAEXXZ      10025290 f   KNpcSet.obj
 0001:00024350       ?LoadPlayerBaseValue@KNpcSet@@QAEXPAD@Z 10025350 f   KNpcSet.obj
 0001:000244c0       ?IsNpcExist@KNpcSet@@QAEHHK@Z 100254c0 f   KNpcSet.obj
 0001:000244f0       ?GenOneRelation@KNpcSet@@AAE?AW4NPC_RELATION@@W4NPCKIND@@0W4NPCCAMP@@1W4NPCFIGHT@@2@Z 100254f0 f   KNpcSet.obj
 0001:00024600       ?GenRelationTable@KNpcSet@@AAEHXZ 10025600 f   KNpcSet.obj
 0001:000246a0       ?SearchID@KNpcSet@@QAEHK@Z 100256a0 f   KNpcSet.obj
 0001:000246e0       ?SearchClientID@KNpcSet@@QAEHUKClientNpcID@@@Z 100256e0 f   KNpcSet.obj
 0001:00024730       ?SearchName@KNpcSet@@QAEHPAD@Z 10025730 f   KNpcSet.obj
 0001:00024790       ?SearchNameID@KNpcSet@@QAEHK@Z 10025790 f   KNpcSet.obj
 0001:000247f0       ?SearchNpcById@KNpcSet@@QAEPAVKNpc@@K@Z 100257f0 f   KNpcSet.obj
 0001:00024870       ?FindFree@KNpcSet@@AAEHXZ  10025870 f   KNpcSet.obj
 0001:00024890       ?AddClientNpc@KNpcSet@@QAEHHHHHHH@Z 10025890 f   KNpcSet.obj
 0001:000249b0       ?Add@KNpcSet@@QAEHHHPAX@Z  100259b0 f   KNpcSet.obj
 0001:00024a80       ?Add@KNpcSet@@QAEHHHHHH@Z  10025a80 f   KNpcSet.obj
 0001:00024b10       ?Add@KNpcSet@@QAEHHHHHHHHH@Z 10025b10 f   KNpcSet.obj
 0001:00024cb0       ?Remove@KNpcSet@@QAEXH@Z   10025cb0 f   KNpcSet.obj
 0001:00024d20       ?RemoveAll@KNpcSet@@QAEXXZ 10025d20 f   KNpcSet.obj
 0001:00024dd0       ?InsertNpcToRegion@KNpcSet@@QAEXH@Z 10025dd0 f   KNpcSet.obj
 0001:00024e90       ?GetDistance@KNpcSet@@SAHHH@Z 10025e90 f   KNpcSet.obj
 0001:00025020       ?GetDistanceSquare@KNpcSet@@SAHHH@Z 10026020 f   KNpcSet.obj
 0001:00025190       ?GetNextIdx@KNpcSet@@QAEHH@Z 10026190 f   KNpcSet.obj
 0001:000251c0       ?CheckBalance@KNpcSet@@QAEXXZ 100261c0 f   KNpcSet.obj
 0001:00025350       ?GetAroundPlayerForTeamInvite@KNpcSet@@QAEHPAUKUiPlayerItem@@H@Z 10026350 f   KNpcSet.obj
 0001:00025530       ?GetAroundPlayer@KNpcSet@@QAEHPAUKUiPlayerItem@@H@Z 10026530 f   KNpcSet.obj
 0001:00025680       ?SetShowNameFlag@KNpcSet@@QAEXH@Z 10026680 f   KNpcSet.obj
 0001:000256b0       ?CheckShowName@KNpcSet@@QAEHXZ 100266b0 f   KNpcSet.obj
 0001:000256c0       ?SetShowLifeFlag@KNpcSet@@QAEXH@Z 100266c0 f   KNpcSet.obj
 0001:000256f0       ?CheckShowLife@KNpcSet@@QAEHXZ 100266f0 f   KNpcSet.obj
 0001:00025700       ?SetShowChatFlag@KNpcSet@@QAEXH@Z 10026700 f   KNpcSet.obj
 0001:00025730       ?CheckShowChat@KNpcSet@@QAEHXZ 10026730 f   KNpcSet.obj
 0001:00025740       ?SetShowManaFlag@KNpcSet@@QAEXH@Z 10026740 f   KNpcSet.obj
 0001:00025770       ?CheckShowMana@KNpcSet@@QAEHXZ 10026770 f   KNpcSet.obj
 0001:00025780       ?AutoGetNpcNear@KNpcSet@@QAEHHHHHQAHHHH@Z 10026780 f   KNpcSet.obj
 0001:000258d0       ?GetDistanceMps@KNpcSet@@QAEHHHHH@Z 100268d0 f   KNpcSet.obj
 0001:00025910       ?AutoGetPlayerPk@KNpcSet@@QAEHHHHH@Z 10026910 f   KNpcSet.obj
 0001:00025a20       ?ClearActivateFlagOfAllNpc@KNpcSet@@QAEXXZ 10026a20 f   KNpcSet.obj
 0001:00025a60       ?GetAroundOpenCaptain@KNpcSet@@QAEXH@Z 10026a60 f   KNpcSet.obj
 0001:00025bf0       ?SearchNpcAt@KNpcSet@@QAEHHHHH@Z 10026bf0 f   KNpcSet.obj
 0001:00025d60       ?IsNpcRequestExist@KNpcSet@@QAEHK@Z 10026d60 f   KNpcSet.obj
 0001:00025d80       ?InsertNpcRequest@KNpcSet@@QAEXK@Z 10026d80 f   KNpcSet.obj
 0001:00025de0       ?RemoveNpcRequest@KNpcSet@@QAEXK@Z 10026de0 f   KNpcSet.obj
 0001:00025e30       ?GetRequestIndex@KNpcSet@@QAEHK@Z 10026e30 f   KNpcSet.obj
 0001:00025e70       ?GetRelation@KNpcSet@@QAE?AW4NPC_RELATION@@HH@Z 10026e70 f   KNpcSet.obj
 0001:000260e0       ??0KInstantSpecial@@QAE@XZ 100270e0 f   KNpcSet.obj
 0001:00026130       ?LoadSprName@KInstantSpecial@@AAEXXZ 10027130 f   KNpcSet.obj
 0001:000261f0       ?LoadSoundName@KInstantSpecial@@AAEXXZ 100271f0 f   KNpcSet.obj
 0001:000262e0       ?GetSprName@KInstantSpecial@@QAEXHPADH@Z 100272e0 f   KNpcSet.obj
 0001:00026370       ?PlaySoundA@KInstantSpecial@@QAEXH@Z 10027370 f   KNpcSet.obj
 0001:00026410       ?InitNpcBaseData@KNpcTemplate@@QAEXH@Z 10027410 f   KNpcTemplate.obj
 0001:00026660       ?InitNpcLevelData@KNpcTemplate@@QAEXPAVKTabFile@@HPAVKLuaScript@@HH@Z 10027660 f   KNpcTemplate.obj
 0001:000267a0       ?GetNpcLevelDataFromScript@KNpcTemplate@@SAHPAVKLuaScript@@PADHH1@Z 100277a0 f   KNpcTemplate.obj
 0001:00026830       ?GetNpcLevelDataFromScript@KNpcTemplate@@SAHPAVKLuaScript@@PADHHNNN@Z 10027830 f   KNpcTemplate.obj
 0001:000268d0       ?SkillString2Id@KNpcTemplate@@SAHPAD@Z 100278d0 f   KNpcTemplate.obj
 0001:000269e0       ??0KPlayer@@QAE@XZ         100279e0 f   KPlayer.obj
 0001:00026b20       ??1KPlayerAI@@QAE@XZ       10027b20 f i KPlayer.obj
 0001:00026b80       ??1KEquipmentArray@@QAE@XZ 10027b80 f i KPlayer.obj
 0001:00026b90       ??1KPlayerChat@@QAE@XZ     10027b90 f i KPlayer.obj
 0001:00026c00       ??1CChatFriendTeam@@QAE@XZ 10027c00 f i KPlayer.obj
 0001:00026c10       ??1KPlayer@@QAE@XZ         10027c10 f   KPlayer.obj
 0001:00026cd0       ?Release@KPlayer@@QAEXXZ   10027cd0 f   KPlayer.obj
 0001:00026e50       ?SetPlayerIndex@KPlayer@@QAEXH@Z 10027e50 f   KPlayer.obj
 0001:00026e70       ?GetPlayerIndex@KPlayer@@QAEHXZ 10027e70 f   KPlayer.obj
 0001:00026e80       ?Active@KPlayer@@QAEXXZ    10027e80 f   KPlayer.obj
 0001:00027000       ?ProcessMsg@KPlayer@@QAEXPAVKWorldMsgNode@@@Z 10028000 f   KPlayer.obj
 0001:00027010       ?ProcessInputMsg@KPlayer@@QAEXIIJ@Z 10028010 f   KPlayer.obj
 0001:00027180       ?OnButtonDown@KPlayer@@AAEXHHHW4MOUSE_BUTTON@@@Z 10028180 f   KPlayer.obj
 0001:000271d0       ?OnButtonMove@KPlayer@@AAEXHHHW4MOUSE_BUTTON@@@Z 100281d0 f   KPlayer.obj
 0001:00027200       ?OnButtonUp@KPlayer@@AAEXHHW4MOUSE_BUTTON@@@Z 10028200 f   KPlayer.obj
 0001:00027210       ?OnMouseMove@KPlayer@@AAEXHH@Z 10028210 f   KPlayer.obj
 0001:00027370       ?ProcessMouse@KPlayer@@AAEXHHHW4MOUSE_BUTTON@@@Z 10028370 f   KPlayer.obj
 0001:00027980       ?Walk@KPlayer@@QAEXHH@Z    10028980 f   KPlayer.obj
 0001:00027b20       ?TurnLeft@KPlayer@@QAEXXZ  10028b20 f   KPlayer.obj
 0001:00027b70       ?TurnRight@KPlayer@@QAEXXZ 10028b70 f   KPlayer.obj
 0001:00027bc0       ?TurnBack@KPlayer@@QAEXXZ  10028bc0 f   KPlayer.obj
 0001:00027c10       ?FindSelectNpc@KPlayer@@QAEXHHH@Z 10028c10 f   KPlayer.obj
 0001:00027c90       ?FindSelectObject@KPlayer@@QAEXHH@Z 10028c90 f   KPlayer.obj
 0001:00027cc0       ?NetCommandPlayerTalk@KPlayer@@AAEHPAE@Z 10028cc0 f   KPlayer.obj
 0001:00027cd0       ?ConformIdx@KPlayer@@QAEHH@Z 10028cd0 f   KPlayer.obj
 0001:00027cf0       ?ResetBaseAttribute@KPlayer@@QAEXD@Z 10028cf0 f   KPlayer.obj
 0001:00027fe0       ?CalcCurLucky@KPlayer@@AAEXXZ 10028fe0 f   KPlayer.obj
 0001:00027ff0       ?ChangeCurStrength@KPlayer@@QAEXH@Z 10028ff0 f   KPlayer.obj
 0001:00028010       ?ChangeCurDexterity@KPlayer@@QAEXH@Z 10029010 f   KPlayer.obj
 0001:00028080       ?ChangeCurVitality@KPlayer@@QAEXH@Z 10029080 f   KPlayer.obj
 0001:00028150       ?ChangeCurEngergy@KPlayer@@QAEXH@Z 10029150 f   KPlayer.obj
 0001:000281d0       ?AddBaseLucky@KPlayer@@QAEXH@Z 100291d0 f   KPlayer.obj
 0001:000281f0       ?SetNpcPhysicsDamage@KPlayer@@AAEXXZ 100291f0 f   KPlayer.obj
 0001:00028310       ?SetNpcAttackRating@KPlayer@@AAEXXZ 10029310 f   KPlayer.obj
 0001:00028350       ?SetNpcDefence@KPlayer@@AAEXXZ 10029350 f   KPlayer.obj
 0001:00028390       ?AddExp@KPlayer@@QAEXMHH@Z 10029390 f   KPlayer.obj
 0001:000283b0       ?AddSelfExp@KPlayer@@QAEXHH@Z 100293b0 f   KPlayer.obj
 0001:000284b0       ?DirectAddExp@KPlayer@@QAEXH@Z 100294b0 f   KPlayer.obj
 0001:00028510       ?LevelUp@KPlayer@@QAEXXZ   10029510 f   KPlayer.obj
 0001:00028a80       ?UpdataCurData@KPlayer@@QAEXXZ 10029a80 f   KPlayer.obj
 0001:00029660       ?ReCalcEquip@KPlayer@@QAEXXZ 1002a660 f   KPlayer.obj
 0001:00029700       ?ReCalcState@KPlayer@@QAEXXZ 1002a700 f   KPlayer.obj
 0001:00029730       ?AddLeadExp@KPlayer@@QAEXH@Z 1002a730 f   KPlayer.obj
 0001:000297c0       ?LevelAddBaseLifeMax@KPlayer@@AAEXXZ 1002a7c0 f   KPlayer.obj
 0001:00029840       ?LevelAddBaseStaminaMax@KPlayer@@AAEXXZ 1002a840 f   KPlayer.obj
 0001:000298d0       ?LevelAddBaseManaMax@KPlayer@@AAEXXZ 1002a8d0 f   KPlayer.obj
 0001:00029950       ?ChangePlayerCamp@KPlayer@@QAEXH@Z 1002a950 f   KPlayer.obj
 0001:00029980       ?ApplyTeamInfo@KPlayer@@QAEXK@Z 1002a980 f   KPlayer.obj
 0001:000299d0       ?ApplySelfTeamInfo@KPlayer@@QAEXXZ 1002a9d0 f   KPlayer.obj
 0001:00029a00       ?ApplyCreateTeam@KPlayer@@QAEHXZ 1002aa00 f   KPlayer.obj
 0001:00029a10       ?ApplyTeamOpenClose@KPlayer@@QAEHH@Z 1002aa10 f   KPlayer.obj
 0001:00029b00       ?ApplyAddTeam@KPlayer@@QAEXH@Z 1002ab00 f   KPlayer.obj
 0001:00029c60       ?AcceptTeamMember@KPlayer@@QAEXK@Z 1002ac60 f   KPlayer.obj
 0001:00029d10       ?TeamDropApplyOne@KPlayer@@QAEXK@Z 1002ad10 f   KPlayer.obj
 0001:00029d60       ?LeaveTeam@KPlayer@@QAEXXZ 1002ad60 f   KPlayer.obj
 0001:00029da0       ?TeamKickMember@KPlayer@@QAEXK@Z 1002ada0 f   KPlayer.obj
 0001:00029e00       ?ApplyTeamChangeCaptain@KPlayer@@QAEXK@Z 1002ae00 f   KPlayer.obj
 0001:00029e60       ?ApplyTeamDismiss@KPlayer@@QAEXXZ 1002ae60 f   KPlayer.obj
 0001:00029ec0       ?ApplySetPK@KPlayer@@QAEXH@Z 1002aec0 f   KPlayer.obj
 0001:00029f10       ?ApplyFactionData@KPlayer@@QAEXXZ 1002af10 f   KPlayer.obj
 0001:00029f50       ?SendChat@KPlayer@@QAEXPAUKUiMsgParam@@PAD@Z 1002af50 f   KPlayer.obj
 0001:00029fe0       ?ApplyAddBaseAttribute@KPlayer@@QAEXHH@Z 1002afe0 f   KPlayer.obj
 0001:0002a050       ?ApplyAddSkillLevel@KPlayer@@QAEHHH@Z 1002b050 f   KPlayer.obj
 0001:0002a120       ?ApplyUseItem@KPlayer@@QAEHHUItemPos@@@Z 1002b120 f   KPlayer.obj
 0001:0002a430       ?PickUpObj@KPlayer@@QAEXH@Z 1002b430 f   KPlayer.obj
 0001:0002a5c0       ?ObjMouseClick@KPlayer@@QAEXH@Z 1002b5c0 f   KPlayer.obj
 0001:0002a650       ?MoveItem@KPlayer@@QAEXUItemPos@@0@Z 1002b650 f   KPlayer.obj
 0001:0002a910       ?ThrowAwayItem@KPlayer@@QAEHXZ 1002b910 f   KPlayer.obj
 0001:0002ab80       ?AutoThrowAwayItem@KPlayer@@QAEHH@Z 1002bb80 f   KPlayer.obj
 0001:0002acf0       ?ChatAddFriend@KPlayer@@QAEXH@Z 1002bcf0 f   KPlayer.obj
 0001:0002ad40       ?ChatRefuseFriend@KPlayer@@QAEXH@Z 1002bd40 f   KPlayer.obj
 0001:0002ad90       ?TradeApplyOpen@KPlayer@@QAEXPADH@Z 1002bd90 f   KPlayer.obj
 0001:0002ae20       ?TradeApplyClose@KPlayer@@QAEXXZ 1002be20 f   KPlayer.obj
 0001:0002ae70       ?TradeApplyStart@KPlayer@@QAEXH@Z 1002be70 f   KPlayer.obj
 0001:0002af70       ?TradeMoveMoney@KPlayer@@QAEHH@Z 1002bf70 f   KPlayer.obj
 0001:0002b010       ?TradeDecision@KPlayer@@QAEXH@Z 1002c010 f   KPlayer.obj
 0001:0002b0b0       ?TradeApplyLock@KPlayer@@QAEXH@Z 1002c0b0 f   KPlayer.obj
 0001:0002b130       ?s2cApplyAddTeam@KPlayer@@QAEXPAE@Z 1002c130 f   KPlayer.obj
 0001:0002b380       ?TaskGetSaveVal@KPlayer@@QAEHH@Z 1002c380 f   KPlayer.obj
 0001:0002b3a0       ?TaskSetSaveVal@KPlayer@@QAEXHH@Z 1002c3a0 f   KPlayer.obj
 0001:0002b460       ?TaskGetClearVal@KPlayer@@QAEHH@Z 1002c460 f   KPlayer.obj
 0001:0002b480       ?TaskSetClearVal@KPlayer@@QAEXHH@Z 1002c480 f   KPlayer.obj
 0001:0002b4a0       ?CheckRideHorse@KPlayer@@QAEXH@Z 1002c4a0 f   KPlayer.obj
 0001:0002b580       ?SetLevel@KPlayer@@QAEXE@Z 1002c580 f   KPlayer.obj
 0001:0002bda0       ?RefeshPlayer@KPlayer@@QAEX_N@Z 1002cda0 f   KPlayer.obj
 0001:0002be10       ?AddAllSkillPoint@KPlayer@@QAEXH@Z 1002ce10 f   KPlayer.obj
 0001:0002be70       ?AddSkillPoint@KPlayer@@QAEXHH@Z 1002ce70 f   KPlayer.obj
 0001:0002bfd0       ?UpdateSkillPointAdd@KPlayer@@QAEXXZ 1002cfd0 f   KPlayer.obj
 0001:0002c020       ?SetDefaultImmedSkill@KPlayer@@QAEXXZ 1002d020 f   KPlayer.obj
 0001:0002c0c0       ?SetLeftSkill@KPlayer@@QAEXH@Z 1002d0c0 f   KPlayer.obj
 0001:0002c120       ?SetRightSkill@KPlayer@@QAEXH@Z 1002d120 f   KPlayer.obj
 0001:0002c210       ?UpdateWeaponSkill@KPlayer@@QAEXXZ 1002d210 f   KPlayer.obj
 0001:0002c310       ?SetChatCurChannel@KPlayer@@QAEXH@Z 1002d310 f   KPlayer.obj
 0001:0002c330       ?TeamInviteAdd@KPlayer@@QAEXK@Z 1002d330 f   KPlayer.obj
 0001:0002c350       ?ExecuteScript@KPlayer@@QAEHPAD0H@Z 1002d350 f   KPlayer.obj
 0001:0002c390       ?ExecuteScript@KPlayer@@QAEHKPADH@Z 1002d390 f   KPlayer.obj
 0001:0002c570       ?ExecuteScript@KPlayer@@QAEHKPAD0@Z 1002d570 f   KPlayer.obj
 0001:0002c740       ?ExecuteScript@KPlayer@@QAEHPAD00@Z 1002d740 f   KPlayer.obj
 0001:0002c790       ?ExecuteScript2@KPlayer@@QAEHPAD0HHH@Z 1002d790 f   KPlayer.obj
 0001:0002c7e0       ?ExecuteScript2@KPlayer@@QAEHKPADHHH@Z 1002d7e0 f   KPlayer.obj
 0001:0002c9e0       ?ExecuteScript2@KPlayer@@QAEHPAD0H0H@Z 1002d9e0 f   KPlayer.obj
 0001:0002ca30       ?ExecuteScript2@KPlayer@@QAEHKPADH0H@Z 1002da30 f   KPlayer.obj
 0001:0002cc30       ?DoScriptAction@KPlayer@@QAEXPAUPLAYER_SCRIPTACTION_SYNC@@@Z 1002dc30 f   KPlayer.obj
 0001:0002cc50       ?ProcessPlayerSelectFromUI@KPlayer@@QAEXPAE@Z 1002dc50 f   KPlayer.obj
 0001:0002cda0       ?OnSelectFromUI@KPlayer@@QAEXPAUPLAYER_SELECTUI_COMMAND@@W4UIInfo@@@Z 1002dda0 f   KPlayer.obj
 0001:0002cf40       ?ChatFriendOnLine@KPlayer@@QAEXKH@Z 1002df40 f   KPlayer.obj
 0001:0002d050       ?GetFactionName@KPlayer@@QAEXPADH@Z 1002e050 f   KPlayer.obj
 0001:0002d070       ?OnScriptAction@KPlayer@@QAEXPAUPLAYER_SCRIPTACTION_SYNC@@@Z 1002e070 f   KPlayer.obj
 0001:0002dee0       ??_EKLuaScript@@UAEPAXI@Z  1002eee0 f i KPlayer.obj
 0001:0002dee0       ??_GKLuaScript@@UAEPAXI@Z  1002eee0 f i KPlayer.obj
 0001:0002df00       ?s2cTradeChangeState@KPlayer@@QAEXPAE@Z 1002ef00 f   KPlayer.obj
 0001:0002e200       ?s2cLevelUp@KPlayer@@QAEXPAE@Z 1002f200 f   KPlayer.obj
 0001:0002ea70       ?s2cGetCurAttribute@KPlayer@@QAEXPAE@Z 1002fa70 f   KPlayer.obj
 0001:0002ef30       ?s2cSetExp@KPlayer@@QAEXH@Z 1002ff30 f   KPlayer.obj
 0001:0002eff0       ?s2cSyncMoney@KPlayer@@QAEXPAE@Z 1002fff0 f   KPlayer.obj
 0001:0002f0e0       ?s2cTradeApplyStart@KPlayer@@QAEXPAE@Z 100300e0 f   KPlayer.obj
 0001:0002f1c0       ?s2cTradeMoneySync@KPlayer@@QAEXPAE@Z 100301c0 f   KPlayer.obj
 0001:0002f200       ?s2cTradeDecision@KPlayer@@QAEXPAE@Z 10030200 f   KPlayer.obj
 0001:0002f390       ?GetRightSkillID@KPlayer@@QBEHXZ 10030390 f   KPlayer.obj
 0001:0002f3a0       ?GetRightSkillLevel@KPlayer@@QBEHXZ 100303a0 f   KPlayer.obj
 0001:0002f3b0       ?ForceReapplyRightAura@KPlayer@@QAEXXZ 100303b0 f   KPlayer.obj
 0001:0002f420       ?SyncCurPlayer@KPlayer@@QAEXPAE@Z 10030420 f   KPlayer.obj
 0001:0002f9c0       ?CheckTrading@KPlayer@@QAEHXZ 100309c0 f   KPlayer.obj
 0001:0002f9d0       ?SetFirstDamage@KPlayer@@QAEXXZ 100309d0 f   KPlayer.obj
 0001:0002ff30       ?SetBaseAttackRating@KPlayer@@QAEXXZ 10030f30 f   KPlayer.obj
 0001:0002ff60       ?SetBaseDefence@KPlayer@@QAEXXZ 10030f60 f   KPlayer.obj
 0001:0002ff90       ?SetBaseResistData@KPlayer@@QAEXXZ 10030f90 f   KPlayer.obj
 0001:00030200       ?SetBaseSpeedAndRadius@KPlayer@@QAEXXZ 10031200 f   KPlayer.obj
 0001:000302e0       ?DialogNpc@KPlayer@@QAEXH@Z 100312e0 f   KPlayer.obj
 0001:00030390       ?CheckObject@KPlayer@@QAEXH@Z 10031390 f   KPlayer.obj
 0001:00030440       ?ShopApplyOpen@KPlayer@@QAEHXZ 10031440 f   KPlayer.obj
 0001:000305d0       ?ShopApplyClose@KPlayer@@QAEHXZ 100315d0 f   KPlayer.obj
 0001:00030670       ?DrawSelectInfo@KPlayer@@QAEXXZ 10031670 f   KPlayer.obj
 0001:000307f0       ?GetEchoDamage@KPlayer@@QAEXPAH00H@Z 100317f0 f   KPlayer.obj
 0001:00031140       ?SetNpcDamageAttrib@KPlayer@@QAEXXZ 10032140 f   KPlayer.obj
 0001:00031150       ?SetBronzeCoin@KPlayer@@QAEXH@Z 10032150 f   KPlayer.obj
 0001:00031160       ?GetBronzeCoin@KPlayer@@QAEHXZ 10032160 f   KPlayer.obj
 0001:00031170       ?SetLockBronzeCoin@KPlayer@@QAEXH@Z 10032170 f   KPlayer.obj
 0001:00031180       ?GetLockBronzeCoin@KPlayer@@QAEHXZ 10032180 f   KPlayer.obj
 0001:00031190       ?HideMask@KPlayer@@QAEXH@Z 10032190 f   KPlayer.obj
 0001:00031250       ?SetExpAddNo@KPlayer@@AAEXH@Z 10032250 f   KPlayer.obj
 0001:00031290       ?ClientSystemMsg@KPlayer@@QAEXPBD0@Z 10032290 f   KPlayer.obj
 0001:000312d0       ?SetAutoFlag@KPlayer@@QAEXH@Z 100322d0 f   KPlayer.obj
 0001:000312e0       ?SetStoreBoxNum@KPlayer@@QAEXE@Z 100322e0 f   KPlayer.obj
 0001:00031300       ?SetExpandBoxNum@KPlayer@@QAEXE@Z 10032300 f   KPlayer.obj
 0001:00031320       ?FindSame@KEquipmentArray@@QAEHH@Z 10032320 f   KPlayerAI.obj
 0001:00031340       ?Init@KPlayerAI@@QAEXXZ    10032340 f   KPlayerAI.obj
 0001:00031350       ?Release@KPlayerAI@@QAEXXZ 10032350 f   KPlayerAI.obj
 0001:00031680       ?ResetAuto@KPlayerAI@@QAEXXZ 10032680 f   KPlayerAI.obj
 0001:00031730       ?SendAroundAuto@KPlayerAI@@QAEXH@Z 10032730 f   KPlayerAI.obj
 0001:00031820       ?Active@KPlayerAI@@QAEXXZ  10032820 f   KPlayerAI.obj
 0001:00032110       ?FindNearNpc2Array@KPlayerAI@@QAEHH@Z 10033110 f   KPlayerAI.obj
 0001:00032360       ?AutoAddNpc2Array@KPlayerAI@@QAEHH@Z 10033360 f   KPlayerAI.obj
 0001:00032cd0       ?PlayerFollowActack@KPlayerAI@@QAEXH@Z 10033cd0 f   KPlayerAI.obj
 0001:000335c0       ?AutoReturn@KPlayerAI@@QAEHXZ 100345c0 f   KPlayerAI.obj
 0001:00033710       ?PlayerMoveMps@KPlayerAI@@QAEHXZ 10034710 f   KPlayerAI.obj
 0001:00033920       ?MoveTo@KPlayerAI@@QAEXHH@Z 10034920 f   KPlayerAI.obj
 0001:00033a60       ?IsNotValidNpc@KPlayerAI@@QAEHH@Z 10034a60 f   KPlayerAI.obj
 0001:00033bf0       ?DefensePlayer@KPlayerAI@@QAEHH@Z 10034bf0 f   KPlayerAI.obj
 0001:00033d00       ?CheckPlayerRider@KPlayerAI@@QAEXXZ 10034d00 f   KPlayerAI.obj
 0001:00033da0       ?AutoBuffSkillState@KPlayerAI@@QAEHXZ 10034da0 f   KPlayerAI.obj
 0001:00033f50       ?AutoBuffEmi@KPlayerAI@@QAEHXZ 10034f50 f   KPlayerAI.obj
 0001:00034320       ?PlayerSwitchAura@KPlayerAI@@QAEXXZ 10035320 f   KPlayerAI.obj
 0001:000343a0       ?PlayerBuffWhenManaSmall@KPlayerAI@@QAEXXZ 100353a0 f   KPlayerAI.obj
 0001:00034470       ?PlayerActiveFightHand@KPlayerAI@@QAEXXZ 10035470 f   KPlayerAI.obj
 0001:00034540       ?InviteParty@KPlayerAI@@QAEXXZ 10035540 f   KPlayerAI.obj
 0001:00034660       ?CheckPTList@KPlayerAI@@QAEHPBD@Z 10035660 f   KPlayerAI.obj
 0001:000346d0       ?IsRAPEquip@KPlayerAI@@QAEHH@Z 100356d0 f   KPlayerAI.obj
 0001:000346f0       ?IsEquipSatisfyCondition@KPlayerAI@@QAEHH@Z 100356f0 f   KPlayerAI.obj
 0001:00034760       ?PlayerFilterEquip@KPlayerAI@@QAEXXZ 10035760 f   KPlayerAI.obj
 0001:00034ab0       ?FindObjectNearPlayer@KPlayerAI@@QAEHXZ 10035ab0 f   KPlayerAI.obj
 0001:00034fc0       ?FindNearObject2Array@KPlayerAI@@QAEHXZ 10035fc0 f   KPlayerAI.obj
 0001:000351d0       ?IsNotValidObject@KPlayerAI@@QAEHH@Z 100361d0 f   KPlayerAI.obj
 0001:000352d0       ?PlayerFollowObject@KPlayerAI@@QAEHH@Z 100362d0 f   KPlayerAI.obj
 0001:000354b0       ?PlayerEatAItem@KPlayerAI@@QAEHXZ 100364b0 f   KPlayerAI.obj
 0001:00035a40       ?PlayerUseItem@KPlayerAI@@QAEHH@Z 10036a40 f   KPlayerAI.obj
 0001:00035e80       ?EatFullBox@KPlayerAI@@QAEXXZ 10036e80 f   KPlayerAI.obj
 0001:00035f80       ?RepairEquip@KPlayerAI@@QAEHXZ 10036f80 f   KPlayerAI.obj
 0001:00036120       ?SaveMoney@KPlayerAI@@QAEHXZ 10037120 f   KPlayerAI.obj
 0001:00036190       ?BackToMap@KPlayerAI@@QAEXXZ 10037190 f   KPlayerAI.obj
 0001:000363c0       ?BackMapTrain@KPlayerAI@@QAEXXZ 100373c0 f   KPlayerAI.obj
 0001:00036650       ?MoveItemToBox@KPlayerAI@@QAEXXZ 10037650 f   KPlayerAI.obj
 0001:00036aa0       ?PaintActionAuto@KPlayerAI@@QAEXHHHH@Z 10037aa0 f   KPlayerAI.obj
 0001:00036ae0       ?Release@KPlayerChat@@QAEXXZ 10037ae0 f   KPlayerChat.obj
 0001:00036bb0       ?CheckExist@KPlayerChat@@QAEHK@Z 10037bb0 f   KPlayerChat.obj
 0001:00036c10       ?CheckExist@KPlayerChat@@QAEHPAD@Z 10037c10 f   KPlayerChat.obj
 0001:00036cb0       ?GetFriendNode@KPlayerChat@@QAEPAVCChatFriend@@K@Z 10037cb0 f   KPlayerChat.obj
 0001:00036d00       ?GetTeamNo@KPlayerChat@@QAEHK@Z 10037d00 f   KPlayerChat.obj
 0001:00036d60       ?GetName@KPlayerChat@@QAEHKPAD@Z 10037d60 f   KPlayerChat.obj
 0001:00036dd0       ?SetCurChannel@KPlayerChat@@QAEXHKH@Z 10037dd0 f   KPlayerChat.obj
 0001:00036e50       ?AddChannel@KPlayerChat@@QAEXH@Z 10037e50 f   KPlayerChat.obj
 0001:00036ed0       ?SubChannel@KPlayerChat@@QAEXH@Z 10037ed0 f   KPlayerChat.obj
 0001:00036f40       ?SendTakeChannel@KPlayerChat@@QAEXXZ 10037f40 f   KPlayerChat.obj
 0001:00036f90       ?SendSentence@KPlayerChat@@QAEXPAUKUiMsgParam@@PAD@Z 10037f90 f   KPlayerChat.obj
 0001:00037150       ?QQSendSentence@KPlayerChat@@QAEXKHPAUKUiMsgParam@@PAD@Z 10038150 f   KPlayerChat.obj
 0001:000372c0       ?SetTakeChannel@KPlayerChat@@QAEXK@Z 100382c0 f   KPlayerChat.obj
 0001:000372f0       ?GetChat@KPlayerChat@@QAEXPAUPLAYER_SEND_CHAT_DATA_SYNC@@@Z 100382f0 f   KPlayerChat.obj
 0001:00037830       ?ApplyAddFriend@KPlayerChat@@QAEXKPAD@Z 10038830 f   KPlayerChat.obj
 0001:00037990       ?GetApplyOneInfo@KPlayerChat@@QAEHPAHPAD1@Z 10038990 f   KPlayerChat.obj
 0001:00037a40       ?SaveTeamInfo@KPlayerChat@@QAEXPAD@Z 10038a40 f   KPlayerChat.obj
 0001:00037c10       ?SaveTakeChannelInfo@KPlayerChat@@QAEXPAD@Z 10038c10 f   KPlayerChat.obj
 0001:00037d10       ?LoadTakeChannelInfo@KPlayerChat@@QAEXPAD@Z 10038d10 f   KPlayerChat.obj
 0001:00037e70       ?CheckTeamNo@KPlayerChat@@QAEHPAD0@Z 10038e70 f   KPlayerChat.obj
 0001:00038160       ?LoadTeamName@KPlayerChat@@QAEXPAD@Z 10039160 f   KPlayerChat.obj
 0001:00038330       ?AddOne@KPlayerChat@@QAEXKHPADH@Z 10039330 f   KPlayerChat.obj
 0001:00038410       ??_ECChatFriend@@UAEPAXI@Z 10039410 f i KPlayerChat.obj
 0001:00038410       ??_GCChatFriend@@UAEPAXI@Z 10039410 f i KPlayerChat.obj
 0001:00038430       ??1CChatFriend@@UAE@XZ     10039430 f i KPlayerChat.obj
 0001:00038440       ?CheckIsFriend@KPlayerChat@@QAEHH@Z 10039440 f   KPlayerChat.obj
 0001:000384a0       ?AddTeam@KPlayerChat@@QAEHPAD0@Z 100394a0 f   KPlayerChat.obj
 0001:00038650       ?RenameTeam@KPlayerChat@@QAEHHPAD0@Z 10039650 f   KPlayerChat.obj
 0001:000387d0       ?DeleteTeam@KPlayerChat@@QAEHHPAD@Z 100397d0 f   KPlayerChat.obj
 0001:00038930       ?OneFriendChangeTeam@KPlayerChat@@QAEHKHH@Z 10039930 f   KPlayerChat.obj
 0001:00038a30       ?GetMsgOffLine@KPlayerChat@@QAEXK@Z 10039a30 f   KPlayerChat.obj
 0001:00038b20       ?CheckTakeChannel@KPlayerChat@@QAEHH@Z 10039b20 f   KPlayerChat.obj
 0001:00038b50       ?ApplyDeleteFriend@KPlayerChat@@QAEXKHPAD@Z 10039b50 f   KPlayerChat.obj
 0001:00038c70       ?CheckTalkChannel@KPlayerChat@@QAEHH@Z 10039c70 f   KPlayerChat.obj
 0001:00038ca0       ?SendSelectChannelList@KPlayerChat@@QAEHPAUKUiChatChannel@@H@Z 10039ca0 f   KPlayerChat.obj
 0001:00038e70       ?SendTakeChannelList@KPlayerChat@@QAEHPAUKUiChatChannel@@H@Z 10039e70 f   KPlayerChat.obj
 0001:00038ff0       ?GetCurChannel@KPlayerChat@@QAEHPAUKUiChatChannel@@@Z 10039ff0 f   KPlayerChat.obj
 0001:00039100       ?IGetTeamInfo@KPlayerChat@@QAEHHPAUKUiChatGroupInfo@@@Z 1003a100 f   KPlayerChat.obj
 0001:00039180       ?IGetTeamFriendInfo@KPlayerChat@@QAEHHPAUKUiPlayerItem@@@Z 1003a180 f   KPlayerChat.obj
 0001:00039250       ??0CChatFriendTeam@@QAE@XZ 1003a250 f   KPlayerChat.obj
 0001:000392a0       ?Release@CChatFriendTeam@@QAEXXZ 1003a2a0 f   KPlayerChat.obj
 0001:00039310       ?SetTime@KCHAT_RECORDER@@AAEXXZ 1003a310 f   KPlayerChat.obj
 0001:00039390       ?SaveSentenceSingle@KCHAT_RECORDER@@QAEXPAD000@Z 1003a390 f   KPlayerChat.obj
 0001:000393a0       ?SaveSentenceChannel@KCHAT_RECORDER@@QAEXPAD00@Z 1003a3a0 f   KPlayerChat.obj
 0001:000393b0       ??0KPlayerFaction@@QAE@XZ  1003a3b0 f   KPlayerFaction.obj
 0001:000393c0       ?Release@KPlayerFaction@@QAEXXZ 1003a3c0 f   KPlayerFaction.obj
 0001:000393e0       ?SetSeries@KPlayerFaction@@QAEXH@Z 1003a3e0 f   KPlayerFaction.obj
 0001:000393f0       ?AddFaction@KPlayerFaction@@QAEHHPAD@Z 1003a3f0 f   KPlayerFaction.obj
 0001:00039430       ?AddFaction@KPlayerFaction@@QAEHHH@Z 1003a430 f   KPlayerFaction.obj
 0001:00039490       ?LeaveFaction@KPlayerFaction@@QAEXXZ 1003a490 f   KPlayerFaction.obj
 0001:000394a0       ?OpenCurSkillLevel@KPlayerFaction@@QAEHHPAVKSkillList@@@Z 1003a4a0 f   KPlayerFaction.obj
 0001:000394b0       ?GetGurFactionCamp@KPlayerFaction@@QAEHXZ 1003a4b0 f   KPlayerFaction.obj
 0001:000394f0       ?GetCurFactionNo@KPlayerFaction@@QAEHXZ 1003a4f0 f   KPlayerFaction.obj
 0001:00039500       ?GetCurFactionName@KPlayerFaction@@QAEXPAD@Z 1003a500 f   KPlayerFaction.obj
 0001:00039560       ??0KPlayerMenuState@@QAE@XZ 1003a560 f   KPlayerMenuState.obj
 0001:00039570       ?Release@KPlayerMenuState@@QAEXXZ 1003a570 f   KPlayerMenuState.obj
 0001:000395a0       ?SetState@KPlayerMenuState@@QAEXH@Z 1003a5a0 f   KPlayerMenuState.obj
 0001:000395c0       ?Init@KPlayerMenuStateGraph@@QAEHXZ 1003a5c0 f   KPlayerMenuState.obj
 0001:00039680       ?GetStateSpr@KPlayerMenuStateGraph@@QAEXHPAD@Z 1003a680 f   KPlayerMenuState.obj
 0001:000396c0       ?Init@KPlayerPK@@QAEXXZ    1003a6c0 f   KPlayerPK.obj
 0001:000396e0       ?Active@KPlayerPK@@QAEXXZ  1003a6e0 f   KPlayerPK.obj
 0001:000396f0       ?SetNormalPKState@KPlayerPK@@QAEXEH@Z 1003a6f0 f   KPlayerPK.obj
 0001:000397b0       ?ApplySetNormalPKState@KPlayerPK@@QAEXE@Z 1003a7b0 f   KPlayerPK.obj
[...]
 0003:01ced6a8       ?g_bPingReply@@3HA         11d796a8     KCore.obj
 0003:01ced6ac       ?g_pClient@@3PAUIClient@@A 11d796ac     KCore.obj
 0003:01ced6b0       ?g_TitleTabSetting@@3VKTabFile@@A 11d796b0     KCore.obj
 0003:01ced6d0       ?g_MapTrafficSetting@@3VKIniFile@@A 11d796d0     KCore.obj
 0003:01ced730       ?g_StateIniSetting@@3VKIniFile@@A 11d79730     KCore.obj
 0003:01ced790       ?g_RankTabSetting@@3VKTabFile@@A 11d79790     KCore.obj
 0003:01ced7b0       ?g_ClientWeaponSkillTabFile@@3VKTabFile@@A 11d797b0     KCore.obj
 0003:01ced7d0       ?g_pAdjustColorTab@@3PAIA  11d797d0     KCore.obj
 0003:01ced7d4       ?g_ulAdjustColorCount@@3IA 11d797d4     KCore.obj
 0003:01ced7d8       ?g_bUISelIntelActiveWithServer@@3HA 11d797d8     KCore.obj
 0003:01ced7dc       ?g_bUISpeakActiveWithServer@@3HA 11d797dc     KCore.obj
 0003:01ced7e0       ?g_bUISelLastSelCount@@3HA 11d797e0     KCore.obj
 0003:01ced7e4       ?g_pMusic@@3PAVKMusic@@A   11d797e4     KCore.obj
 0003:01ced7e8       ?g_pNpcLevelScript@@3PAVKLuaScript@@A 11d797e8     KCore.obj
 0003:01ced7f0       ?SubWorld@@3PAVKSubWorld@@A 11d797f0     KSubWorld.obj
 0003:01ced8f0       ?nActiveRegionCount@@3HA   11d798f0     KSubWorldSet.obj
 0003:01ced8f8       ?g_SubWorldSet@@3VKSubWorldSet@@A 11d798f8     KSubWorldSet.obj
 0003:01cf9a00       ?g_nConquerSeries@@3PAHA   11d85a00     KMath.obj
 0003:01cf9a14       ?g_nAccrueSeries@@3PAHA    11d85a14     KMath.obj
 0003:01cf9a28       ?g_ProtocolProcess@@3VKProtocolProcess@@A 11d85a28     KProtocolProcess.obj
 0003:01cf9e20       ?g_TempValue@@3PAHA        11d85e20     ScriptFuns.obj
 0003:01cfa5f0       ?g_StoryScriptList@@3VKScriptList@@A 11d865f0     ScriptFuns.obj
 0003:01cfa608       ?g_ScriptValueSet@@3VKScriptValueSet@@A 11d86608     KScriptValueSet.obj
 0003:01cfa63c       ?g_pMainScript@@3PAVKLuaScript@@A 11d8663c     KScriptValueSet.obj
 0003:01cfa640       ?g_szCurScriptDir@@3PADA   11d86640     KSortScript.obj
 0003:01cfa744       ?nCurrentScriptNum@@3IA    11d86744     KSortScript.obj
 0003:01cfa748       ?g_ScriptBinTree@@3V?$BinSTree@VKSortScriptNode@@@@A 11d86748     KSortScript.obj
 0003:01cfa758       ?g_ScriptSet@@3PAVKLuaScript@@A 11d86758     KSortScript.obj
 0003:01cfa7d0       ?l_pDataChangedNotifyFunc@@3PAUIClientCallback@@A 11d867d0     CoreShell.obj
 0003:01cfa7d8       ?g_ScenePlace@@3VKScenePlaceC@@A 11d867d8     KScenePlaceC.obj
 0003:01d67ca4       ?g_pRepresent@@3PAUiRepresentShell@@A 11df3ca4     ImgRef.obj
 0003:01d67ca8       ?l_Time@@3IA               11df3ca8     ImgRef.obj
 0003:01d67cb0       ?g_MagicDesc@@3VKMagicDesc@@A 11df3cb0     KMagicDesc.obj
 0003:01d67f10       ?g_StringResourseTabFile@@3VKTabFile@@A 11df3f10     KTaskFuns.obj
 0003:01d67f30       ?Option@@3VKOption@@A      11df3f30     KOption.obj
 0003:01d67f40       ?Ladder@@3VKLadder@@A      11df3f40     KLadder.obj
 0003:01d69928       ?g_LoadFile@@3VZLoadFile@@A 11df5928     ZLoadFile.obj
 0003:01d69c38       ?g_JXPathFinder@@3VKJXPathFinder@@A 11df5c38     KJXPathFinder.obj
 0003:01d69c84       __adjust_fdiv              11df5c84     <common>
 0003:01d69c88       __pRawDllMain              11df5c88     <common>
 0003:01d69c8c       ___onexitend               11df5c8c     <common>
 0003:01d69c90       ___onexitbegin             11df5c90     <common>

 entry point at        0001:00079143

 Static symbols

 0001:00074570       _$E9                       10075570 f   KJXPathFinder.obj
 0001:00074580       _$E6                       10075580 f   KJXPathFinder.obj
 0001:00074590       _$E8                       10075590 f   KJXPathFinder.obj
 0001:000745a0       _$E7                       100755a0 f   KJXPathFinder.obj
 0001:00073f20       _$E28                      10074f20 f   Kautoai.obj
 0001:00073f30       _$E25                      10074f30 f   Kautoai.obj
 0001:00073f40       _$E27                      10074f40 f   Kautoai.obj
 0001:00073f50       _$E26                      10074f50 f   Kautoai.obj
 0001:00073f60       _$E34                      10074f60 f   Kautoai.obj
 0001:00073f70       _$E31                      10074f70 f   Kautoai.obj
 0001:00073f80       _$E33                      10074f80 f   Kautoai.obj
 0001:00073f90       _$E32                      10074f90 f   Kautoai.obj
 0001:000738c0       _$E9                       100748c0 f   ZLoadFile.obj
 0001:000738d0       _$E6                       100748d0 f   ZLoadFile.obj
 0001:000738e0       _$E8                       100748e0 f   ZLoadFile.obj
 0001:000738f0       _$E7                       100748f0 f   ZLoadFile.obj
 0001:000736d0       _$E9                       100746d0 f   KLadder.obj
 0001:000736e0       _$E6                       100746e0 f   KLadder.obj
 0001:000736f0       _$E8                       100746f0 f   KLadder.obj
 0001:00073700       _$E7                       10074700 f   KLadder.obj
 0001:00072900       _$E32                      10073900 f   KTaskFuns.obj
 0001:00072910       _$E29                      10073910 f   KTaskFuns.obj
 0001:00072920       _$E31                      10073920 f   KTaskFuns.obj
 0001:00072930       _$E30                      10073930 f   KTaskFuns.obj
 0001:00072210       _$E9                       10073210 f   KMagicDesc.obj
 0001:00072220       _$E6                       10073220 f   KMagicDesc.obj
 0001:00072230       _$E8                       10073230 f   KMagicDesc.obj
 0001:00072240       _$E7                       10073240 f   KMagicDesc.obj
 0001:0006efd0       _$E7                       1006ffd0 f   SceneMath.obj
 0001:0006efe0       _$E6                       1006ffe0 f   SceneMath.obj
 0001:00068860       _$E13                      10069860 f   KScenePlaceC.obj
 0001:00068870       _$E10                      10069870 f   KScenePlaceC.obj
 0001:00068880       _$E12                      10069880 f   KScenePlaceC.obj
 0001:00068890       _$E11                      10069890 f   KScenePlaceC.obj
 0001:0005dc00       _$E33                      1005ec00 f   CoreShell.obj
 0001:0005dc10       _$E32                      1005ec10 f   CoreShell.obj
 0001:0005d250       _$E9                       1005e250 f   KSortScript.obj
 0001:0005d260       _$E6                       1005e260 f   KSortScript.obj
 0001:0005d280       _$E8                       1005e280 f   KSortScript.obj
 0001:0005d290       _$E7                       1005e290 f   KSortScript.obj
 0001:0005d2b0       _$E14                      1005e2b0 f   KSortScript.obj
 0001:0005d2c0       _$E11                      1005e2c0 f   KSortScript.obj
 0001:0005d2e0       _$E13                      1005e2e0 f   KSortScript.obj
 0001:0005d2f0       _$E12                      1005e2f0 f   KSortScript.obj
 0001:0005d3c0       ?LoadAllScript@@YAKPAD@Z   1005e3c0 f   KSortScript.obj
 0001:0005d740       ?LoadScriptToSortList@@YAHPAD@Z 1005e740 f   KSortScript.obj
 0001:0005d810       ?LoadScriptToSortListA@@YAHPAD@Z 1005e810 f   KSortScript.obj
 0001:0005ca00       _$E9                       1005da00 f   KScriptValueSet.obj
 0001:0005ca10       _$E6                       1005da10 f   KScriptValueSet.obj
 0001:0005ca20       _$E8                       1005da20 f   KScriptValueSet.obj
 0001:0005ca30       _$E7                       1005da30 f   KScriptValueSet.obj
 0001:0005af70       _$E32                      1005bf70 f   ScriptFuns.obj
 0001:0005af80       _$E29                      1005bf80 f   ScriptFuns.obj
 0001:0005af90       _$E31                      1005bf90 f   ScriptFuns.obj
 0001:0005afa0       _$E30                      1005bfa0 f   ScriptFuns.obj
 0001:00053e10       _$E35                      10054e10 f   KProtocolProcess.obj
 0001:00053e20       _$E32                      10054e20 f   KProtocolProcess.obj
 0001:00053e30       _$E34                      10054e30 f   KProtocolProcess.obj
 0001:00053e40       _$E33                      10054e40 f   KProtocolProcess.obj
 0001:00059210       ?sParseUGName@@YAHABV?$basic_string@DU?$char_traits@D@std@@V?$allocator@D@2@@std@@PAV12@1@Z 1005a210 f   KProtocolProcess.obj
 0001:00051840       _$E31                      10052840 f   KSubWorldSet.obj
 0001:00051850       _$E28                      10052850 f   KSubWorldSet.obj
 0001:00051860       _$E30                      10052860 f   KSubWorldSet.obj
 0001:00051870       _$E29                      10052870 f   KSubWorldSet.obj
 0001:0004f980       _$E35                      10050980 f   KSubWorld.obj
 0001:0004f990       _$E32                      10050990 f   KSubWorld.obj
 0001:0004f9b0       _$E34                      100509b0 f   KSubWorld.obj
 0001:0004f9c0       _$E33                      100509c0 f   KSubWorld.obj
 0001:0004ecd0       _$E10                      1004fcd0 f   KCore.obj
 0001:0004ece0       _$E7                       1004fce0 f   KCore.obj
 0001:0004ecf0       _$E9                       1004fcf0 f   KCore.obj
 0001:0004ed00       _$E8                       1004fd00 f   KCore.obj
 0001:0004ed10       _$E19                      1004fd10 f   KCore.obj
 0001:0004ed20       _$E16                      1004fd20 f   KCore.obj
 0001:0004ed30       _$E18                      1004fd30 f   KCore.obj
 0001:0004ed40       _$E17                      1004fd40 f   KCore.obj
 0001:0004ed50       _$E24                      1004fd50 f   KCore.obj
 0001:0004ed60       _$E21                      1004fd60 f   KCore.obj
 0001:0004ed70       _$E23                      1004fd70 f   KCore.obj
 0001:0004ed80       _$E22                      1004fd80 f   KCore.obj
 0001:0004ed90       _$E29                      1004fd90 f   KCore.obj
 0001:0004eda0       _$E26                      1004fda0 f   KCore.obj
 0001:0004edb0       _$E28                      1004fdb0 f   KCore.obj
 0001:0004edc0       _$E27                      1004fdc0 f   KCore.obj
 0001:0004edd0       _$E34                      1004fdd0 f   KCore.obj
 0001:0004ede0       _$E31                      1004fde0 f   KCore.obj
 0001:0004edf0       _$E33                      1004fdf0 f   KCore.obj
 0001:0004ee00       _$E32                      1004fe00 f   KCore.obj
 0001:0004ee10       _$E39                      1004fe10 f   KCore.obj
 0001:0004ee20       _$E36                      1004fe20 f   KCore.obj
 0001:0004ee40       _$E38                      1004fe40 f   KCore.obj
 0001:0004ee50       _$E37                      1004fe50 f   KCore.obj
 0001:0004ee70       _$E44                      1004fe70 f   KCore.obj
 0001:0004ee80       _$E41                      1004fe80 f   KCore.obj
 0001:0004ee90       _$E43                      1004fe90 f   KCore.obj
 0001:0004eea0       _$E42                      1004fea0 f   KCore.obj
 0001:0004eeb0       _$E49                      1004feb0 f   KCore.obj
 0001:0004eec0       _$E46                      1004fec0 f   KCore.obj
 0001:0004eed0       _$E48                      1004fed0 f   KCore.obj
 0001:0004eee0       _$E47                      1004fee0 f   KCore.obj
 0001:0004eef0       _$E54                      1004fef0 f   KCore.obj
 0001:0004ef00       _$E51                      1004ff00 f   KCore.obj
 0001:0004ef10       _$E53                      1004ff10 f   KCore.obj
 0001:0004ef20       _$E52                      1004ff20 f   KCore.obj
 0001:0004ef30       _$E59                      1004ff30 f   KCore.obj
 0001:0004ef40       _$E56                      1004ff40 f   KCore.obj
 0001:0004ef50       _$E58                      1004ff50 f   KCore.obj
 0001:0004ef60       _$E57                      1004ff60 f   KCore.obj
 0001:0004ef70       _$E64                      1004ff70 f   KCore.obj
 0001:0004ef80       _$E61                      1004ff80 f   KCore.obj
 0001:0004ef90       _$E63                      1004ff90 f   KCore.obj
 0001:0004efa0       _$E62                      1004ffa0 f   KCore.obj
 0001:0004efb0       _$E69                      1004ffb0 f   KCore.obj
 0001:0004efc0       _$E66                      1004ffc0 f   KCore.obj
 0001:0004efd0       _$E68                      1004ffd0 f   KCore.obj
 0001:0004efe0       _$E67                      1004ffe0 f   KCore.obj
 0001:0004eff0       _$E74                      1004fff0 f   KCore.obj
 0001:0004f000       _$E71                      10050000 f   KCore.obj
 0001:0004f010       _$E73                      10050010 f   KCore.obj
 0001:0004f020       _$E72                      10050020 f   KCore.obj
 0001:0004f030       _$E79                      10050030 f   KCore.obj
 0001:0004f040       _$E76                      10050040 f   KCore.obj
 0001:0004f050       _$E78                      10050050 f   KCore.obj
 0001:0004f060       _$E77                      10050060 f   KCore.obj
 0001:0004f070       _$E84                      10050070 f   KCore.obj
 0001:0004f080       _$E81                      10050080 f   KCore.obj
 0001:0004f090       _$E83                      10050090 f   KCore.obj
 0001:0004f0a0       _$E82                      100500a0 f   KCore.obj
 0001:0004f0b0       _$E89                      100500b0 f   KCore.obj
 0001:0004f0c0       _$E86                      100500c0 f   KCore.obj
 0001:0004f0d0       _$E88                      100500d0 f   KCore.obj
 0001:0004f0e0       _$E87                      100500e0 f   KCore.obj
 0001:0004f0f0       _$E94                      100500f0 f   KCore.obj
 0001:0004f100       _$E91                      10050100 f   KCore.obj
 0001:0004f110       _$E93                      10050110 f   KCore.obj
 0001:0004f120       _$E92                      10050120 f   KCore.obj
 0001:0004ea60       _$E29                      1004fa60 f   KViewItem.obj
 0001:0004ea70       _$E28                      1004fa70 f   KViewItem.obj
 0001:0004d670       _$E35                      1004e670 f   KObjSet.obj
 0001:0004d680       _$E32                      1004e680 f   KObjSet.obj
 0001:0004d690       _$E34                      1004e690 f   KObjSet.obj
 0001:0004d6a0       _$E33                      1004e6a0 f   KObjSet.obj
 0001:0004c440       _$E33                      1004d440 f   KObj.obj
 0001:0004c450       _$E32                      1004d450 f   KObj.obj
 0001:0004baf0       _$E9                       1004caf0 f   KItemSet.obj
 0001:0004bb00       _$E6                       1004cb00 f   KItemSet.obj
 0001:0004bb10       _$E8                       1004cb10 f   KItemSet.obj
 0001:0004bb20       _$E7                       1004cb20 f   KItemSet.obj
 0001:00044b80       _$E28                      10045b80 f   KItemGenerator.obj
 0001:00044b90       _$E25                      10045b90 f   KItemGenerator.obj
 0001:00044ba0       _$E27                      10045ba0 f   KItemGenerator.obj
 0001:00044bb0       _$E26                      10045bb0 f   KItemGenerator.obj
 0001:00044bc0       _$E34                      10045bc0 f   KItemGenerator.obj
 0001:00044bd0       _$E31                      10045bd0 f   KItemGenerator.obj
 0001:00044be0       _$E33                      10045be0 f   KItemGenerator.obj
 0001:00044bf0       _$E32                      10045bf0 f   KItemGenerator.obj
 0001:00044c00       _$E39                      10045c00 f   KItemGenerator.obj
 0001:00044c10       _$E36                      10045c10 f   KItemGenerator.obj
 0001:00044c20       _$E38                      10045c20 f   KItemGenerator.obj
 0001:00044c30       _$E37                      10045c30 f   KItemGenerator.obj
 0001:000447b0       _$E9                       100457b0 f   KItemChangeRes.obj
 0001:000447c0       _$E6                       100457c0 f   KItemChangeRes.obj
 0001:000447d0       _$E8                       100457d0 f   KItemChangeRes.obj
 0001:000447e0       _$E7                       100457e0 f   KItemChangeRes.obj
 0001:00041510       _$E31                      10042510 f   KItem.obj
 0001:00041520       _$E28                      10042520 f   KItem.obj
 0001:00041540       _$E30                      10042540 f   KItem.obj
 0001:00041550       _$E29                      10042550 f   KItem.obj
 0001:000401d0       _$E31                      100411d0 f   KBuySell.obj
 0001:000401e0       _$E28                      100411e0 f   KBuySell.obj
 0001:000401f0       _$E30                      100411f0 f   KBuySell.obj
 0001:00040200       _$E29                      10041200 f   KBuySell.obj
 0001:0003b1f0       _$E29                      1003c1f0 f   KPlayerTeam.obj
 0001:0003b200       _$E28                      1003c200 f   KPlayerTeam.obj
 0001:00039ff0       _$E31                      1003aff0 f   KPlayerSet.obj
 0001:0003a000       _$E28                      1003b000 f   KPlayerSet.obj
 0001:0003a010       _$E30                      1003b010 f   KPlayerSet.obj
 0001:0003a020       _$E29                      1003b020 f   KPlayerSet.obj
 0001:00026980       _$E36                      10027980 f   KPlayer.obj
 0001:00026990       _$E33                      10027990 f   KPlayer.obj
 0001:000269b0       _$E35                      100279b0 f   KPlayer.obj
 0001:000269c0       _$E34                      100279c0 f   KPlayer.obj
 0001:00024180       _$E35                      10025180 f   KNpcSet.obj
 0001:00024190       _$E32                      10025190 f   KNpcSet.obj
 0001:000241a0       _$E34                      100251a0 f   KNpcSet.obj
 0001:000241b0       _$E33                      100251b0 f   KNpcSet.obj
 0001:00021610       _$E9                       10022610 f   KNpcResList.obj
 0001:00021620       _$E6                       10022620 f   KNpcResList.obj
 0001:00021630       _$E8                       10022630 f   KNpcResList.obj
 0001:00021640       _$E7                       10022640 f   KNpcResList.obj
 0001:0001b510       _$E31                      1001c510 f   KNpcAttribModify.obj
 0001:0001b520       _$E28                      1001c520 f   KNpcAttribModify.obj
 0001:0001b530       _$E30                      1001c530 f   KNpcAttribModify.obj
 0001:0001b540       _$E29                      1001c540 f   KNpcAttribModify.obj
 0001:00018630       _$E29                      10019630 f   KNpcAI.obj
 0001:00018640       _$E28                      10019640 f   KNpcAI.obj
 0001:0000d6d0       _$E35                      1000e6d0 f   KNpc.obj
 0001:0000d6e0       _$E32                      1000e6e0 f   KNpc.obj
 0001:0000d700       _$E34                      1000e700 f   KNpc.obj
 0001:0000d710       _$E33                      1000e710 f   KNpc.obj
 0001:0000ce90       _$E13                      1000de90 f   KSkillSpecial.obj
 0001:0000cea0       _$E10                      1000dea0 f   KSkillSpecial.obj
 0001:0000ceb0       _$E12                      1000deb0 f   KSkillSpecial.obj
 0001:0000cec0       _$E11                      1000dec0 f   KSkillSpecial.obj
 0001:000056f0       _$E31                      100066f0 f   KSkillManager.obj
 0001:00005700       _$E28                      10006700 f   KSkillManager.obj
 0001:00005710       _$E30                      10006710 f   KSkillManager.obj
 0001:00005720       _$E29                      10006720 f   KSkillManager.obj
 0001:000040b0       _$E9                       100050b0 f   KMissleSet.obj
 0001:000040c0       _$E6                       100050c0 f   KMissleSet.obj
 0001:000040d0       _$E8                       100050d0 f   KMissleSet.obj
 0001:000040e0       _$E7                       100050e0 f   KMissleSet.obj
 0001:00000b90       _$E35                      10001b90 f   KMissle.obj
 0001:00000ba0       _$E32                      10001ba0 f   KMissle.obj
 0001:00000bc0       _$E34                      10001bc0 f   KMissle.obj
 0001:00000bd0       _$E33                      10001bd0 f   KMissle.obj
 0001:00000bf0       _$E40                      10001bf0 f   KMissle.obj
 0001:00000c00       _$E37                      10001c00 f   KMissle.obj
 0001:00000c20       _$E39                      10001c20 f   KMissle.obj
 0001:00000c30       _$E38                      10001c30 f   KMissle.obj
 0001:00078fd4       ?ArrayUnwindFilter@@YAHPAU_EXCEPTION_POINTERS@@@Z 10079fd4 f   MSVCRT:ehvecdtr.obj
