 CoreClient

 Timestamp is 69433344 (Wed Dec 17 17:48:36 2025)

 Preferred load address is 10000000

 Start         Length     Name                   Class
 0001:00000000 00077bceH .text                   CODE
 0001:00077bd0 000011b3H .text$x                 CODE
 0002:00000000 000002ccH .idata$5                DATA
 0002:000002d0 0000ac1cH .rdata                  DATA
 0002:0000aef0 000014f8H .xdata$x                DATA
 0002:0000c3e8 00000078H .idata$2                DATA
 0002:0000c460 00000014H .idata$3                DATA
 0002:0000c474 000002ccH .idata$4                DATA
 0002:0000c740 00001354H .idata$6                DATA
 0002:0000daa0 00001af1H .edata                  DATA
 0003:00000000 00000004H .CRT$XCA                DATA
 0003:00000004 000000e4H .CRT$XCU                DATA
 0003:000000e8 00000004H .CRT$XCZ                DATA
 0003:000000ec 00000004H .CRT$XIA                DATA
 0003:000000f0 00000004H .CRT$XIZ                DATA
 0003:00000100 00005bd0H .data                   DATA
 0003:00005cd0 01d619acH .bss                    DATA

  Address         Publics by Value              Rva+Base     Lib:Object

 0001:00000000       ?GetMoney@KInventory@@QAEHXZ 10001000 f i KThiefSkill.obj
 0001:00000010       ?SetMoney@KInventory@@QAEHH@Z 10001010 f i KThiefSkill.obj
 0001:00000030       ??4KInventory@@QAEAAV0@ABV0@@Z 10001030 f i KThiefSkill.obj
 0001:00000060       ?GetBuildItem@KItemList@@QAEHH@Z 10001060 f i KThiefSkill.obj
 0001:00000070       ?GetEquipment@KItemList@@QBEHH@Z 10001070 f i KThiefSkill.obj
 0001:00000080       ?GetMoney@KItemList@@QAEHH@Z 10001080 f i KThiefSkill.obj
 0001:000000a0       ?Hand@KItemList@@QAEHXZ    100010a0 f i KThiefSkill.obj
 0001:000000b0       ?GetMaskLock@KItemList@@QAEHXZ 100010b0 f i KThiefSkill.obj
 0001:000000c0       ?IsLockOperation@KItemList@@QAEHXZ 100010c0 f i KThiefSkill.obj
 0001:000000d0       ?IsActiveSet@KItemList@@QBEHXZ 100010d0 f i KThiefSkill.obj
 0001:000000e0       ??4KItemList@@QAEAAV0@ABV0@@Z 100010e0 f i KThiefSkill.obj
 0001:00000100       ??0KThiefSkill@@QAE@XZ     10001100 f   KThiefSkill.obj
 0001:00000140       ?GetSkillCostType@KThiefSkill@@UBE?AW4NPCATTRIB@@XZ 10001140 f i KThiefSkill.obj
 0001:00000150       ?GetAttackRadius@KThiefSkill@@UBEHXZ 10001150 f i KThiefSkill.obj
 0001:00000160       ?IsTargetOnly@KThiefSkill@@UBEHXZ 10001160 f i KThiefSkill.obj
 0001:00000170       ?IsTargetSelf@KThiefSkill@@UBEHXZ 10001170 f i KThiefSkill.obj
 0001:00000180       ?IsTargetEnemy@KThiefSkill@@UBEHXZ 10001180 f i KThiefSkill.obj
 0001:00000190       ?IsTargetAlly@KThiefSkill@@UBEHXZ 10001190 f i KThiefSkill.obj
 0001:000001a0       ?IsTargetObj@KThiefSkill@@UBEHXZ 100011a0 f i KThiefSkill.obj
 0001:000001b0       ??_GKThiefSkill@@UAEPAXI@Z 100011b0 f i KThiefSkill.obj
 0001:000001b0       ??_EKThiefSkill@@UAEPAXI@Z 100011b0 f i KThiefSkill.obj
 0001:000001d0       ??1KThiefSkill@@UAE@XZ     100011d0 f   KThiefSkill.obj
 0001:000001e0       ?GetSkillId@KThiefSkill@@UAEHXZ 100011e0 f   KThiefSkill.obj
 0001:000001f0       ?GetSkillName@KThiefSkill@@UAEPBDXZ 100011f0 f   KThiefSkill.obj
 0001:00000200       ?GetSkillStyle@KThiefSkill@@UAEHXZ 10001200 f   KThiefSkill.obj
 0001:00000210       ?LoadSkillLevelData@KThiefSkill@@UAEXKH@Z 10001210 f   KThiefSkill.obj
 0001:00000220       ?DoSkill@KThiefSkill@@QAEHPAVKNpc@@HH@Z 10001220 f   KThiefSkill.obj
 0001:000002e0       ?Cast@KThiefSkill@@QAEHPAVKPlayer@@0@Z 100012e0 f   KThiefSkill.obj
 0001:000002f0       ?OnSkill@KThiefSkill@@QAEHPAVKNpc@@@Z 100012f0 f   KThiefSkill.obj
 0001:00000410       ?CanCastSkill@KThiefSkill@@UBEHHAAH0@Z 10001410 f   KThiefSkill.obj
 0001:000004c0       ?GetDesc@KThiefSkill@@QAEXKKPADH_N@Z 100014c0 f   KThiefSkill.obj
 0001:000004f0       ?LoadSetting@KThiefSkill@@QAEHPAD@Z 100014f0 f   KThiefSkill.obj
 0001:000007b0       ?GetSkillCost@KThiefSkill@@UBEHPAX@Z 100017b0 f   KThiefSkill.obj
 0001:000007d0       ?DrawSkillIcon@KThiefSkill@@UAEXHHHHH@Z 100017d0 f   KThiefSkill.obj
 0001:00000a30       ?IsAura@ISkill@@UBEHXZ     10001a30 f i KThiefSkill.obj
 0001:00000a40       ?IsPhysical@ISkill@@UBEHXZ 10001a40 f i KThiefSkill.obj
 0001:00000a50       ?GetSkillAttrib@ISkill@@UBEFXZ 10001a50 f i KThiefSkill.obj
 0001:00000a60       ?IsExpSkill@ISkill@@UBEHXZ 10001a60 f i KThiefSkill.obj
 0001:00000a70       ?GetSkillLevelUpScriptId@ISkill@@UBEKXZ 10001a70 f i KThiefSkill.obj
 0001:00000a80       ??_GISkill@@UAEPAXI@Z      10001a80 f i KThiefSkill.obj
 0001:00000a80       ??_EISkill@@UAEPAXI@Z      10001a80 f i KThiefSkill.obj
 0001:00000aa0       ??4KMapMusic@@QAEAAV0@ABV0@@Z 10001aa0 f i KMissle.obj
 0001:00000ac0       ?GetGameTime@KSubWorldSet@@QAEHXZ 10001ac0 f i KMissle.obj
 0001:00000ad0       ?GetGameVersion@KSubWorldSet@@QAEHXZ 10001ad0 f i KMissle.obj
 0001:00000ae0       ?SetPing@KSubWorldSet@@QAEXK@Z 10001ae0 f i KMissle.obj
 0001:00000af0       ?GetPing@KSubWorldSet@@QAEKXZ 10001af0 f i KMissle.obj
 0001:00000b00       ??4KSubWorldSet@@QAEAAV0@ABV0@@Z 10001b00 f i KMissle.obj
 0001:00000b20       ??1KSubWorldSet@@QAE@XZ    10001b20 f i KMissle.obj
 0001:00000b30       ??0KMissleSet@@QAE@XZ      10001b30 f i KMissle.obj
 0001:00000b40       ??4KMissleSet@@QAEAAV0@ABV0@@Z 10001b40 f i KMissle.obj
 0001:00000b70       ??1KMissleSet@@QAE@XZ      10001b70 f i KMissle.obj
 0001:00000c80       ??0KMissle@@QAE@XZ         10001c80 f   KMissle.obj
 0001:00000d50       ??_GKMissle@@UAEPAXI@Z     10001d50 f i KMissle.obj
 0001:00000d50       ??_EKMissle@@UAEPAXI@Z     10001d50 f i KMissle.obj
 0001:00000d70       ?Release@KMissle@@AAEXXZ   10001d70 f   KMissle.obj
 0001:00000dc0       ??1KMissle@@UAE@XZ         10001dc0 f   KMissle.obj
 0001:00000e10       ??_EKNode@@UAEPAXI@Z       10001e10 f i KMissle.obj
 0001:00000e10       ??_GKNode@@UAEPAXI@Z       10001e10 f i KMissle.obj
 0001:00000e30       ?GetInfoFromTabFile@KMissle@@QAEHH@Z 10001e30 f   KMissle.obj
 0001:00000e50       ?GetInfoFromTabFile@KMissle@@QAEHPAVKITabFile@@H@Z 10001e50 f   KMissle.obj
 0001:00001370       ??_EKIndexNode@@UAEPAXI@Z  10002370 f i KMissle.obj
 0001:00001370       ??_GKIndexNode@@UAEPAXI@Z  10002370 f i KMissle.obj
 0001:00001390       ??1KIndexNode@@UAE@XZ      10002390 f i KMissle.obj
 0001:000013a0       ?Init@KMissle@@AAEHHHHHH@Z 100023a0 f   KMissle.obj
 0001:000013c0       ?Activate@KMissle@@QAEHXZ  100023c0 f   KMissle.obj
 0001:00001730       ?OnWait@KMissle@@AAEXXZ    10002730 f   KMissle.obj
 0001:00001740       ?OnCollision@KMissle@@AAEXXZ 10002740 f   KMissle.obj
 0001:00001750       ?CheckCollision@KMissle@@AAEHXZ 10002750 f   KMissle.obj
 0001:00001910       ?OnFly@KMissle@@AAEXXZ     10002910 f   KMissle.obj
 0001:00002330       ?Send@KWorldMsg@@QAEHKHHH@Z 10003330 f i KMissle.obj
 0001:000023a0       ??_GKWorldMsgNode@@UAEPAXI@Z 100033a0 f i KMissle.obj
 0001:000023a0       ??_EKWorldMsgNode@@UAEPAXI@Z 100033a0 f i KMissle.obj
 0001:000023c0       ??1KWorldMsgNode@@UAE@XZ   100033c0 f i KMissle.obj
 0001:000023d0       ?OnVanish@KMissle@@AAEXXZ  100033d0 f   KMissle.obj
 0001:000023e0       ?Paint@KMissle@@QAEXXZ     100033e0 f   KMissle.obj
 0001:000025d0       ?CheckBeyondRegion@KMissle@@AAEHHH@Z 100035d0 f   KMissle.obj
 0001:00002840       ??4KMissle@@AAEAAV0@AAV0@@Z 10003840 f   KMissle.obj
 0001:00002b00       ?ProcessDamage@KMissle@@AAEHH@Z 10003b00 f   KMissle.obj
 0001:00002b10       ?DoVanish@KMissle@@AAEXXZ  10003b10 f   KMissle.obj
 0001:00002bb0       ?DoCollision@KMissle@@AAEXXZ 10003bb0 f   KMissle.obj
 0001:00002d10       ?DoFly@KMissle@@AAEXXZ     10003d10 f   KMissle.obj
 0001:00002d30       ?GetOffsetAxis@KMissle@@SAHHHHHHHAAH00@Z 10003d30 f   KMissle.obj
 0001:00002e40       ?ProcessCollision@KMissle@@AAEHHHHHHH@Z 10003e40 f   KMissle.obj
 0001:00002ff0       ?ProcessCollision@KMissle@@AAEHXZ 10003ff0 f   KMissle.obj
 0001:00003030       ?CreateSpecialEffect@KMissle@@QAEHW4eMissleStatus@@HHHH@Z 10004030 f   KMissle.obj
 0001:000031f0       ??_GKSkillSpecialNode@@UAEPAXI@Z 100041f0 f i KMissle.obj
 0001:000031f0       ??_EKSkillSpecialNode@@UAEPAXI@Z 100041f0 f i KMissle.obj
 0001:00003210       ??1KSkillSpecialNode@@UAE@XZ 10004210 f i KMissle.obj
 0001:00003230       ?CreateMissleForShow@KMissle@@SAHPAD00PAUTMissleForShow@@@Z 10004230 f   KMissle.obj
 0001:00003440       ?GetLightInfo@KMissle@@QAEXPAUKLightInfo@@@Z 10004440 f   KMissle.obj
 0001:000034b0       ?DoWait@KMissle@@AAEXXZ    100044b0 f   KMissle.obj
 0001:00003530       ?PrePareFly@KMissle@@AAEHXZ 10004530 f   KMissle.obj
 0001:00003790       ?CheckNearestCollision@KMissle@@AAEHXZ 10004790 f   KMissle.obj
 0001:00003950       ?FindNearestCollision@KMissle@@AAEHHH@Z 10004950 f   KMissle.obj
 0001:00003a20       ?GetMpsPos@KMissle@@QAEXPAH0@Z 10004a20 f   KMissle.obj
 0001:00003a70       ??0KMissleRes@@QAE@XZ      10004a70 f   KMissleRes.obj
 0001:00003b10       ??1KMissleRes@@QAE@XZ      10004b10 f   KMissleRes.obj
 0001:00003bb0       ??1KList@@QAE@XZ           10004bb0 f i KMissleRes.obj
 0001:00003bc0       ?LoadResource@KMissleRes@@QAEXHPAD0@Z 10004bc0 f   KMissleRes.obj
 0001:00003c30       ?Init@KMissleRes@@QAEHXZ   10004c30 f   KMissleRes.obj
 0001:00003c40       ?Remove@KMissleRes@@QAEXXZ 10004c40 f   KMissleRes.obj
 0001:00003c50       ?Clear@KMissleRes@@QAEXXZ  10004c50 f   KMissleRes.obj
 0001:00003cf0       ?Draw@KMissleRes@@QAEHHHHHHHH@Z 10004cf0 f   KMissleRes.obj
 0001:00003f90       ?PlaySoundA@KMissleRes@@QAEXHHHH@Z 10004f90 f   KMissleRes.obj
 0001:00004060       ?GetSndVolume@KMissleRes@@QAEHH@Z 10005060 f   KMissleRes.obj
 0001:00004090       ?StopSound@KMissleRes@@QAEXXZ 10005090 f   KMissleRes.obj
 0001:00004120       ?Init@KMissleSet@@QAEXXZ   10005120 f   KMissleSet.obj
 0001:00004170       ?FindFree@KMissleSet@@QAEHXZ 10005170 f   KMissleSet.obj
 0001:00004180       ?Add@KMissleSet@@QAEHHHHHHH@Z 10005180 f   KMissleSet.obj
 0001:00004220       ?Add@KMissleSet@@QAEHHHH@Z 10005220 f   KMissleSet.obj
 0001:00004370       ?CreateMissile@KMissleSet@@QAEHHHHHHHHH@Z 10005370 f   KMissleSet.obj
 0001:000043a0       ?Activate@KMissleSet@@QAEHXZ 100053a0 f   KMissleSet.obj
 0001:000043d0       ?Remove@KMissleSet@@QAEXH@Z 100053d0 f   KMissleSet.obj
 0001:00004420       ?Draw@KMissleSet@@QAEXXZ   10005420 f   KMissleSet.obj
 0001:00004440       ?GetCount@KMissleSet@@QAEHXZ 10005440 f   KMissleSet.obj
 0001:00004460       ?ClearMissles@KMissleSet@@QAEXXZ 10005460 f   KMissleSet.obj
 0001:00004490       ??0KSkillList@@QAE@XZ      10005490 f   KSkillList.obj
 0001:000044b0       ??1KSkillList@@QAE@XZ      100054b0 f   KSkillList.obj
 0001:000044c0       ?FindSame@KSkillList@@QAEHH@Z 100054c0 f   KSkillList.obj
 0001:000044f0       ?FindFree@KSkillList@@QAEHXZ 100054f0 f   KSkillList.obj
 0001:00004510       ?GetCount@KSkillList@@QAEHXZ 10005510 f   KSkillList.obj
 0001:00004530       ?SetSkillLevel@KSkillList@@QAEXHH@Z 10005530 f   KSkillList.obj
 0001:00004570       ?SetLevel@KSkillList@@QAEHHH@Z 10005570 f   KSkillList.obj
 0001:000045b0       ?IncreaseLevel@KSkillList@@QAEHHHH@Z 100055b0 f   KSkillList.obj
 0001:000046b0       ?Add@KSkillList@@QAEHHH_N@Z 100056b0 f   KSkillList.obj
 0001:00004800       ?Remove@KSkillList@@QAEXH@Z 10005800 f   KSkillList.obj
 0001:00004890       ?GetLevel@KSkillList@@QAEHH@Z 10005890 f   KSkillList.obj
 0001:000048c0       ?GetCurrentLevel@KSkillList@@QAEHH@Z 100058c0 f   KSkillList.obj
 0001:000048f0       ?GetPointAdd@KSkillList@@QAEDH@Z 100058f0 f   KSkillList.obj
 0001:00004920       ?CanCast@KSkillList@@QAEHHK@Z 10005920 f   KSkillList.obj
 0001:00004970       ?SetNextCastTime@KSkillList@@QAEXHK@Z 10005970 f   KSkillList.obj
 0001:000049a0       ?SetMaxCastTime@KSkillList@@QAEXHK@Z 100059a0 f   KSkillList.obj
 0001:000049d0       ?GetEnhanceSkills@KSkillList@@QAEHH@Z 100059d0 f   KSkillList.obj
 0001:00004a60       ?GetSkillSortList@KSkillList@@QAEHPAUKUiSkillData@@@Z 10005a60 f   KSkillList.obj
 0001:00004b70       ?GetLeftSkillSortList@KSkillList@@QAEHPAUKUiSkillData@@@Z 10005b70 f   KSkillList.obj
 0001:00004cb0       ?GetRightSkillSortList@KSkillList@@QAEHPAUKUiSkillData@@@Z 10005cb0 f   KSkillList.obj
 0001:00004df0       ?GetSkillPosition@KSkillList@@QAEHH@Z 10005df0 f   KSkillList.obj
 0001:00004ec0       ?GetNextCastTime@KSkillList@@QAEKH@Z 10005ec0 f   KSkillList.obj
 0001:00004ef0       ?GetMaxCastTime@KSkillList@@QAEKH@Z 10005ef0 f   KSkillList.obj
 0001:00004f20       ?GetSkillInfoList@KSkillList@@QAEHHPAUKUiSkillItem@@H@Z 10005f20 f   KSkillList.obj
 0001:000050f0       ?GetSkillState@KSkillList@@QAEHH@Z 100060f0 f   KSkillList.obj
 0001:00005280       ?GetSkillFight@KSkillList@@QAEHH@Z 10006280 f   KSkillList.obj
 0001:000053e0       ?FindSkillAura@KSkillList@@QAEHH@Z 100063e0 f   KSkillList.obj
 0001:00005510       ?FindSkillRight@KSkillList@@QAEHH@Z 10006510 f   KSkillList.obj
 0001:00005690       ?FindSkillLifeReplenish@KSkillList@@QAEHXZ 10006690 f   KSkillList.obj
 0001:00005760       ??0KSkillManager@@QAE@XZ   10006760 f   KSkillManager.obj
 0001:00005770       ??1KSkillManager@@QAE@XZ   10006770 f   KSkillManager.obj
 0001:000057b0       ?Init@KSkillManager@@QAEHXZ 100067b0 f   KSkillManager.obj
 0001:00005970       ?InstanceSkill@KSkillManager@@AAEPAVISkill@@KK@Z 10006970 f   KSkillManager.obj
 0001:00005ae0       ??4KSkill@@QAEAAV0@ABV0@@Z 10006ae0 f i KSkillManager.obj
 0001:00006000       ??0KSkill@@QAE@XZ          10007000 f   KSkills.obj
 0001:00006140       ??_EKSkill@@UAEPAXI@Z      10007140 f i KSkills.obj
 0001:00006140       ??_GKSkill@@UAEPAXI@Z      10007140 f i KSkills.obj
 0001:00006160       ??1KSkill@@UAE@XZ          10007160 f   KSkills.obj
 0001:00006170       ?CanCastSkill@KSkill@@UBEHHAAH0@Z 10007170 f   KSkills.obj
 0001:00006350       ?Cast@KSkill@@QBEHHHHHW4eSkillLauncherType@@H@Z 10007350 f   KSkills.obj
 0001:00006580       ??_H@YGXPAXIHP6EX0@Z@Z     10007580 f i KSkills.obj
 0001:000065b0       ?Vanish@KSkill@@ABEXPAVKMissle@@@Z 100075b0 f   KSkills.obj
 0001:000065c0       ?OnMissleEvent@KSkill@@QBEHGPAVKMissle@@@Z 100075c0 f   KSkills.obj
 0001:000067e0       ?FlyEvent@KSkill@@ABEXPAVKMissle@@@Z 100077e0 f   KSkills.obj
 0001:000067f0       ?Collidsion@KSkill@@ABEXPAVKMissle@@@Z 100077f0 f   KSkills.obj
 0001:00006800       ?CastMissles@KSkill@@ABEHHHHHW4eSkillLauncherType@@@Z 10007800 f   KSkills.obj
 0001:00008180       ?qsqrt@@YAMM@Z             10009180 f i KSkills.obj
 0001:000081b0       ?g_GetDistance@@YAHHHHH@Z  100091b0 f i KSkills.obj
 0001:00008220       ?IsTargetOnly@KSkill@@UBEHXZ 10009220 f i KSkills.obj
 0001:00008230       ?IsTargetSelf@KSkill@@UBEHXZ 10009230 f i KSkills.obj
 0001:00008240       ?IsTargetEnemy@KSkill@@UBEHXZ 10009240 f i KSkills.obj
 0001:00008250       ?IsTargetAlly@KSkill@@UBEHXZ 10009250 f i KSkills.obj
 0001:00008260       ?IsTargetObj@KSkill@@UBEHXZ 10009260 f i KSkills.obj
 0001:00008270       ?GetSkillName@KSkill@@UAEPBDXZ 10009270 f i KSkills.obj
 0001:00008280       ?GetSkillStyle@KSkill@@UAEHXZ 10009280 f i KSkills.obj
 0001:00008290       ?GetAttackRadius@KSkill@@UBEHXZ 10009290 f i KSkills.obj
 0001:000082a0       ?GetSkillCost@KSkill@@UBEHPAX@Z 100092a0 f i KSkills.obj
 0001:000082b0       ?GetSkillCostType@KSkill@@UBE?AW4NPCATTRIB@@XZ 100092b0 f i KSkills.obj
 0001:000082c0       ?GetSkillId@KSkill@@UAEHXZ 100092c0 f i KSkills.obj
 0001:000082d0       ?IsAura@KSkill@@UBEHXZ     100092d0 f i KSkills.obj
 0001:000082e0       ?IsPhysical@KSkill@@UBEHXZ 100092e0 f i KSkills.obj
 0001:000082f0       ?GetSkillAttrib@KSkill@@UBEFXZ 100092f0 f i KSkills.obj
 0001:00008300       ?IsExpSkill@KSkill@@UBEHXZ 10009300 f i KSkills.obj
 0001:00008310       ?CastZone@KSkill@@ABEHPAUTOrdinSkillParam@@HHHHH@Z 10009310 f   KSkills.obj
 0001:00008870       ?CastLine@KSkill@@ABEHPAUTOrdinSkillParam@@HHHHH@Z 10009870 f   KSkills.obj
 0001:00008ca0       ?CastExtractiveLineMissle@KSkill@@ABEHPAUTOrdinSkillParam@@HHHHHHH@Z 10009ca0 f   KSkills.obj
 0001:00009070       ?CastWall@KSkill@@ABEHPAUTOrdinSkillParam@@HHHHH@Z 1000a070 f   KSkills.obj
 0001:00009530       ?CastCircle@KSkill@@ABEHPAUTOrdinSkillParam@@HHH@Z 1000a530 f   KSkills.obj
 0001:00009880       ?CastSpread@KSkill@@ABEHPAUTOrdinSkillParam@@HHH@Z 1000a880 f   KSkills.obj
 0001:00009da0       ?GetChildSkillNum@KSkill@@QBEHH@Z 1000ada0 f   KSkills.obj
 0001:00009db0       ?CreateMissle@KSkill@@ABEXHHH@Z 1000adb0 f   KSkills.obj
 0001:00009fe0       ?GetInfoFromTabFile@KSkill@@QAEHH@Z 1000afe0 f   KSkills.obj
 0001:0000a000       ?GetInfoFromTabFile@KSkill@@QAEHPAVKITabFile@@H@Z 1000b000 f   KSkills.obj
 0001:0000a6d0       ?LoadSkillLevelData@KSkill@@UAEXKH@Z 1000b6d0 f   KSkills.obj
 0001:0000aa10       ?GetMissleGenerateTime@KSkill@@QBEIH@Z 1000ba10 f   KSkills.obj
 0001:0000ab30       ?GetSkillIdFromName@KSkill@@SAHPAD@Z 1000bb30 f   KSkills.obj
 0001:0000abd0       ?CastInitiativeSkill@KSkill@@ABEHHHHH@Z 1000bbd0 f   KSkills.obj
 0001:0000abe0       ?CastPassivitySkill@KSkill@@ABEHHHHHH@Z 1000bbe0 f   KSkills.obj
 0001:0000abf0       ?ParseString2MagicAttrib@KSkill@@AAEHKPAD0@Z 1000bbf0 f   KSkills.obj
 0001:0000b3d0       ?DrawSkillIcon@KSkill@@UAEXHHHHH@Z 1000c3d0 f   KSkills.obj
 0001:0000b630       ?GetDesc@KSkill@@SAXKKPADH_N@Z 1000c630 f   KSkills.obj
 0001:0000c6b0       ?GetDescAboutLevel@KSkill@@QAEXPADHH@Z 1000d6b0 f   KSkills.obj
 0001:0000cc60       ?GetDescAboutEventSkillLevel@KSkill@@QAEXPADH@Z 1000dc60 f   KSkills.obj
 0001:0000ce70       ?PlayPreCastSound@KSkill@@QBEXHHH@Z 1000de70 f   KSkills.obj
 0001:0000cf60       ??0KSkillSpecial@@QAE@XZ   1000df60 f   KSkillSpecial.obj
 0001:0000cfa0       ?Init@KSkillSpecial@@QAEHXZ 1000dfa0 f   KSkillSpecial.obj
 0001:0000cfc0       ?Draw@KSkillSpecial@@QAEXH@Z 1000dfc0 f   KSkillSpecial.obj
 0001:0000d140       ?SetAnimation@KSkillSpecial@@QAEXPADI@Z 1000e140 f   KSkillSpecial.obj
 0001:0000d190       ?Remove@KSkillSpecial@@QAEXXZ 1000e190 f   KSkillSpecial.obj
 0001:0000d1a0       ??0KList@@QAE@XZ           1000e1a0 f i KSkillSpecial.obj
 0001:0000d1d0       ?Init@KFaction@@QAEHXZ     1000e1d0 f   KFaction.obj
 0001:0000d680       ?GetID@KFaction@@QAEHHH@Z  1000e680 f   KFaction.obj
 0001:0000d6b0       ?GetID@KFaction@@QAEHHPAD@Z 1000e6b0 f   KFaction.obj
 0001:0000d740       ?GetCamp@KFaction@@QAEHH@Z 1000e740 f   KFaction.obj
 0001:0000d7c0       ??1KNpc@@QAE@XZ            1000e7c0 f i KNpc.obj
 0001:0000d850       ??0KNpc@@QAE@XZ            1000e850 f   KNpc.obj
 0001:0000db00       ??1KNode@@UAE@XZ           1000eb00 f i KNpc.obj
 0001:0000db10       ??0KNode@@QAE@XZ           1000eb10 f i KNpc.obj
 0001:0000db30       ??0KMagicAttrib@@QAE@XZ    1000eb30 f i KNpc.obj
 0001:0000db50       ?Init@KNpc@@QAEXXZ         1000eb50 f   KNpc.obj
 0001:0000dff0       ?GetActiveSkill@KNpc@@QAEPAVISkill@@XZ 1000eff0 f   KNpc.obj
 0001:0000e080       ?SetCurrentCamp@KNpc@@QAEXH@Z 1000f080 f   KNpc.obj
 0001:0000e090       ?SetCamp@KNpc@@QAEXH@Z     1000f090 f   KNpc.obj
 0001:0000e0a0       ?RestoreCurrentCamp@KNpc@@QAEXXZ 1000f0a0 f   KNpc.obj
 0001:0000e0b0       ?Activate@KNpc@@QAEXXZ     1000f0b0 f   KNpc.obj
 0001:0000e400       ?AutoFixXY@KNpc@@AAEXXZ    1000f400 f   KNpc.obj
 0001:0000e5e0       ?ProcStatus@KNpc@@QAEXXZ   1000f5e0 f   KNpc.obj
 0001:0000e6c0       ?ProcCommand@KNpc@@QAEXH@Z 1000f6c0 f   KNpc.obj
 0001:0000e910       ?ProcessState@KNpc@@QAEHXZ 1000f910 f   KNpc.obj
 0001:0000edc0       ?DoDeath@KNpc@@AAEXHH@Z    1000fdc0 f   KNpc.obj
 0001:0000ee90       ?OnDeath@KNpc@@AAEXXZ      1000fe90 f   KNpc.obj
 0001:0000eff0       ?DoDefense@KNpc@@AAEXXZ    1000fff0 f   KNpc.obj
 0001:0000f000       ?OnDefense@KNpc@@AAEXXZ    10010000 f   KNpc.obj
 0001:0000f010       ?DoIdle@KNpc@@AAEXXZ       10010010 f   KNpc.obj
 0001:0000f030       ?OnIdle@KNpc@@AAEXXZ       10010030 f   KNpc.obj
 0001:0000f040       ?DoHurt@KNpc@@AAEXHHH@Z    10010040 f   KNpc.obj
 0001:0000f130       ?OnHurt@KNpc@@AAEXXZ       10010130 f   KNpc.obj
 0001:0000f380       ?DoSpecial1@KNpc@@AAEXXZ   10010380 f   KNpc.obj
 0001:0000f390       ?OnSpecial1@KNpc@@AAEXXZ   10010390 f   KNpc.obj
 0001:0000f470       ?DoSpecial2@KNpc@@AAEXXZ   10010470 f   KNpc.obj
 0001:0000f480       ?OnSpecial2@KNpc@@AAEXXZ   10010480 f   KNpc.obj
 0001:0000f520       ?DoSpecial3@KNpc@@AAEXXZ   10010520 f   KNpc.obj
 0001:0000f530       ?OnSpecial3@KNpc@@AAEXXZ   10010530 f   KNpc.obj
 0001:0000f540       ?DoSpecial4@KNpc@@AAEXXZ   10010540 f   KNpc.obj
 0001:0000f550       ?OnSpecial4@KNpc@@AAEXXZ   10010550 f   KNpc.obj
 0001:0000f560       ?DoGlide@KNpc@@AAEHF@Z     10010560 f   KNpc.obj
 0001:0000fa50       ?OnGlide@KNpc@@AAEXXZ      10010a50 f   KNpc.obj
 0001:0000fa60       ?GlideTo@KNpc@@AAEXHHF@Z   10010a60 f   KNpc.obj
 0001:0000faa0       ?DoStand@KNpc@@AAEXXZ      10010aa0 f   KNpc.obj
 0001:0000fb50       ?OnStand@KNpc@@AAEXXZ      10010b50 f   KNpc.obj
 0001:0000fba0       ?DoRevive@KNpc@@AAEXXZ     10010ba0 f   KNpc.obj
 0001:0000fc20       ?OnRevive@KNpc@@AAEXXZ     10010c20 f   KNpc.obj
 0001:0000fc30       ?DoRun@KNpc@@AAEXXZ        10010c30 f   KNpc.obj
 0001:0000fd20       ?OnRun@KNpc@@AAEXH@Z       10010d20 f   KNpc.obj
 0001:0000fdc0       ?DoSit@KNpc@@AAEXXZ        10010dc0 f   KNpc.obj
 0001:0000fe00       ?OnSit@KNpc@@AAEXXZ        10010e00 f   KNpc.obj
 0001:0000fe20       ?DoSkill@KNpc@@AAEXHH@Z    10010e20 f   KNpc.obj
 0001:0000ff50       ?UnDoSkill@KNpc@@AAEXXZ    10010f50 f   KNpc.obj
 0001:0000ff90       ?DoOrdinSkill@KNpc@@AAEHPAVKSkill@@HH@Z 10010f90 f   KNpc.obj
 0001:00010350       ?DoAttack@KNpc@@AAEXXZ     10011350 f   KNpc.obj
 0001:000103c0       ?CastMeleeSkill@KNpc@@AAEHPAVKSkill@@@Z 100113c0 f   KNpc.obj
 0001:00010610       ?DoBlurAttack@KNpc@@AAEHXZ 10011610 f   KNpc.obj
 0001:00010690       ?DoMagic@KNpc@@AAEXXZ      10011690 f   KNpc.obj
 0001:000106f0       ?OnSkill@KNpc@@AAEXXZ      100116f0 f   KNpc.obj
 0001:00010820       ?JumpTo@KNpc@@AAEXHH@Z     10011820 f   KNpc.obj
 0001:00010870       ?RunTo@KNpc@@AAEXHH@Z      10011870 f   KNpc.obj
 0001:000108b0       ?Goto@KNpc@@AAEXHH@Z       100118b0 f   KNpc.obj
 0001:000108f0       ?DoWalk@KNpc@@AAEXXZ       100118f0 f   KNpc.obj
 0001:00010990       ?DoPlayerTalk@KNpc@@QAEXPAD@Z 10011990 f   KNpc.obj
 0001:000109a0       ?OnPlayerTalk@KNpc@@AAEXXZ 100119a0 f   KNpc.obj
 0001:000109b0       ?OnWalk@KNpc@@AAEXXZ       100119b0 f   KNpc.obj
 0001:000109d0       ?GetSkillLevel@KNpc@@QAEHH@Z 100119d0 f   KNpc.obj
 0001:00010a00       ?ModifyAttrib@KNpc@@QAEXHPAX@Z 10011a00 f   KNpc.obj
 0001:00010a20       ?SetImmediatelySkillEffect@KNpc@@QAEXHPAXH@Z 10011a20 f   KNpc.obj
 0001:00010a60       ?AppendSkillEffect@KNpc@@QAEXKHHPAX0@Z 10011a60 f   KNpc.obj
 0001:00011380       ?ProcMove@KNpc@@AAEXH@Z    10012380 f   KNpc.obj
 0001:00011890       ?ProcJump@KNpc@@AAEXH@Z    10012890 f   KNpc.obj
 0001:00011b80       ?SendCommand@KNpc@@QAEXW4NPCCMD@@HHH@Z 10012b80 f   KNpc.obj
 0001:00011c40       ?SendCommandRandMove@KNpc@@QAEXHHH@Z 10012c40 f   KNpc.obj
 0001:00011ce0       ?NewPath@KNpc@@AAEHHH@Z    10012ce0 f   KNpc.obj
 0001:00011d00       ?NewJump@KNpc@@AAEHHH@Z    10012d00 f   KNpc.obj
 0001:00012090       ?NewGlide@KNpc@@AAEHHHH@Z  10013090 f   KNpc.obj
 0001:00012420       ?SelfDamage@KNpc@@QAEXH@Z  10013420 f   KNpc.obj
 0001:00012450       ?Cost@KNpc@@QAEHW4NPCATTRIB@@HH@Z 10013450 f   KNpc.obj
 0001:00012560       ?DoJump@KNpc@@AAEXXZ       10013560 f   KNpc.obj
 0001:000125d0       ?OnJump@KNpc@@AAEHXZ       100135d0 f   KNpc.obj
 0001:00012620       ?WaitForFrame@KNpc@@AAEHXZ 10013620 f   KNpc.obj
 0001:00012650       ?IsReachFrame@KNpc@@AAEHH@Z 10013650 f   KNpc.obj
 0001:00012680       ?Load@KNpc@@QAEXHHH@Z      10013680 f   KNpc.obj
 0001:00012990       ?GetMpsPos@KNpc@@QAEXPAH0@Z 10013990 f   KNpc.obj
 0001:000129e0       ?SetActiveSkill@KNpc@@QAEHH@Z 100139e0 f   KNpc.obj
 0001:00012aa0       ?SetAuraSkill@KNpc@@QAEXH@Z 10013aa0 f   KNpc.obj
 0001:00012b70       ?SetPlayerIdx@KNpc@@QAEHH@Z 10013b70 f   KNpc.obj
 0001:00012ba0       ?SetPos@KNpc@@QAE_NHH@Z    10013ba0 f   KNpc.obj
 0001:00012d10       ?MoveNpc@KNpc@@QAEXHHHHH_N@Z 10013d10 f   KNpc.obj
 0001:00012ed0       ?PaintInfo@KNpc@@QAEHH_NHK@Z 10013ed0 f   KNpc.obj
 0001:00013380       ?PaintMantle@KNpc@@QAEHHHHH@Z 10014380 f   KNpc.obj
 0001:00013490       ?PaintNpcAuto@KNpc@@QAEXH_NHK@Z 10014490 f   KNpc.obj
 0001:00013630       ?PaintSeriesNpc@KNpc@@QAEXHH@Z 10014630 f   KNpc.obj
 0001:00013720       ?PaintHorseState@KNpc@@QAEXHH@Z 10014720 f   KNpc.obj
 0001:00013880       ?PaintRankInfo@KNpc@@QAEXHHK@Z 10014880 f   KNpc.obj
 0001:00013b70       ?PaintTransLifeInfo@KNpc@@QAEXHH@Z 10014b70 f   KNpc.obj
 0001:00013d20       ?PaintShopInfo@KNpc@@QAEXHH@Z 10014d20 f   KNpc.obj
 0001:00014010       ?PaintChat@KNpc@@QAEHH@Z   10015010 f   KNpc.obj
 0001:00014180       ?SetChatInfo@KNpc@@QAEHPBD0G@Z 10015180 f   KNpc.obj
 0001:00014360       ?SetWarning@KNpc@@QAEHH@Z  10015360 f   KNpc.obj
 0001:00014370       ?PaintWarning@KNpc@@QAEHH_N@Z 10015370 f   KNpc.obj
 0001:000144e0       ?PaintLife@KNpc@@QAEHH_N@Z 100154e0 f   KNpc.obj
 0001:00014700       ?PaintMana@KNpc@@QAEHH@Z   10015700 f   KNpc.obj
 0001:00014860       ?Paint@KNpc@@QAEXXZ        10015860 f   KNpc.obj
 0001:00014a20       ?AddBaseLifeMax@KNpc@@QAEXH@Z 10015a20 f   KNpc.obj
 0001:00014a40       ?AddCurLifeMax@KNpc@@QAEXH@Z 10015a40 f   KNpc.obj
 0001:00014a60       ?AddBaseStaminaMax@KNpc@@QAEXH@Z 10015a60 f   KNpc.obj
 0001:00014a80       ?AddCurStaminaMax@KNpc@@QAEXH@Z 10015a80 f   KNpc.obj
 0001:00014aa0       ?AddBaseManaMax@KNpc@@QAEXH@Z 10015aa0 f   KNpc.obj
 0001:00014ac0       ?AddCurManaMax@KNpc@@QAEXH@Z 10015ac0 f   KNpc.obj
 0001:00014ae0       ?CalcCurLifeReplenish@KNpc@@QAEXXZ 10015ae0 f   KNpc.obj
 0001:00014af0       ?Remove@KNpc@@QAEXXZ       10015af0 f   KNpc.obj
 0001:00014b10       ?RemoveRes@KNpc@@QAEXXZ    10015b10 f   KNpc.obj
 0001:00014b20       ?SetSeries@KNpc@@QAEXH@Z   10015b20 f   KNpc.obj
 0001:00014b40       ?SetStateSkillEffect@KNpc@@QAEXHHHPAXHHH@Z 10015b40 f   KNpc.obj
 0001:00014e00       ??_GKStateNode@@UAEPAXI@Z  10015e00 f i KNpc.obj
 0001:00014e00       ??_EKStateNode@@UAEPAXI@Z  10015e00 f i KNpc.obj
 0001:00014e20       ??1KStateNode@@UAE@XZ      10015e20 f i KNpc.obj
 0001:00014e30       ?ModifyMissleCollsion@KNpc@@QAEHH@Z 10015e30 f   KNpc.obj
 0001:00014e60       ?ModifyMissleLifeTime@KNpc@@QAEHH@Z 10015e60 f   KNpc.obj
 0001:00014e70       ?ModifyMissleSpeed@KNpc@@QAEHH@Z 10015e70 f   KNpc.obj
 0001:00014e90       ?DoManyAttack@KNpc@@AAEHXZ 10015e90 f   KNpc.obj
 0001:00014fe0       ?OnManyAttack@KNpc@@AAEXXZ 10015fe0 f   KNpc.obj
 0001:00015090       ?DoRunAttack@KNpc@@AAEHXZ  10016090 f   KNpc.obj
 0001:000153b0       ?OnRunAttack@KNpc@@AAEXXZ  100163b0 f   KNpc.obj
 0001:000155a0       ?DoJumpAttack@KNpc@@AAEHXZ 100165a0 f   KNpc.obj
 0001:00015820       ?OnJumpAttack@KNpc@@AAEHXZ 10016820 f   KNpc.obj
 0001:00015970       ?CheckHitTarget@KNpc@@AAEHHHH@Z 10016970 f   KNpc.obj
 0001:000159e0       ?AddStateInfo@KNpc@@AAEXH@Z 100169e0 f   KNpc.obj
 0001:00015a30       ?AddStateSkillList@KNpc@@AAEXPAVKStateNode@@@Z 10016a30 f   KNpc.obj
 0001:00015a90       ?AddStateSkillListClient@KNpc@@AAEXPAVKStateNode@@@Z 10016a90 f   KNpc.obj
 0001:00015b00       ?RemoveStateSkillList@KNpc@@AAEXPAE@Z 10016b00 f   KNpc.obj
 0001:00015ba0       ?GetNpcCopyFromTemplate@KNpc@@QAEXHHH@Z 10016ba0 f   KNpc.obj
 0001:00015dc0       ?LoadDataFromTemplate@KNpc@@QAEXHHH@Z 10016dc0 f   KNpc.obj
 0001:00015f50       ?SetPhysicsDamage@KNpc@@QAEXHH@Z 10016f50 f   KNpc.obj
 0001:00015f70       ?SetBaseAttackRating@KNpc@@QAEXH@Z 10016f70 f   KNpc.obj
 0001:00015f90       ?SetBaseDefence@KNpc@@QAEXH@Z 10016f90 f   KNpc.obj
 0001:00015fb0       ?SetMenuState@KNpc@@QAEXHPADH@Z 10016fb0 f   KNpc.obj
 0001:00015fd0       ?GetMenuState@KNpc@@QAEHXZ 10016fd0 f   KNpc.obj
 0001:00015fe0       ?SearchAroundID@KNpc@@QAEKK@Z 10016fe0 f   KNpc.obj
 0001:00016060       ?SetSpecialSpr@KNpc@@QAEXPAD@Z 10017060 f   KNpc.obj
 0001:00016080       ?SetInstantSpr@KNpc@@QAEXH@Z 10017080 f   KNpc.obj
 0001:000160c0       ?GetNormalNpcStandDir@KNpc@@QAEHH@Z 100170c0 f   KNpc.obj
 0001:000160e0       ?SetNpcState@KNpc@@QAEXPAE@Z 100170e0 f   KNpc.obj
 0001:00016170       ?ClearNpcState@KNpc@@QAEXXZ 10017170 f   KNpc.obj
 0001:000161d0       ?RestoreNpcBaseInfo@KNpc@@QAEXXZ 100171d0 f   KNpc.obj
 0001:00016610       ?DrawBorder@KNpc@@QAEXXZ   10017610 f   KNpc.obj
 0001:00016630       ?DrawMenuState@KNpc@@QAEHH@Z 10017630 f   KNpc.obj
 0001:00016650       ?IsPlayer@KNpc@@QAEHXZ     10017650 f   KNpc.obj
 0001:00016670       ?IsAlive@KNpc@@QAEHXZ      10017670 f   KNpc.obj
 0001:00016690       ?ClearStateSkillEffect@KNpc@@QAEXXZ 10017690 f   KNpc.obj
 0001:00016750       ?ClearNormalState@KNpc@@QAEXXZ 10017750 f   KNpc.obj
 0001:00016820       ?CheckTrap@KNpc@@QAEXXZ    10017820 f   KNpc.obj
 0001:000168b0       ?SetFightMode@KNpc@@QAEXH@Z 100178b0 f   KNpc.obj
 0001:000168d0       ?TurnTo@KNpc@@QAEXH@Z      100178d0 f   KNpc.obj
 0001:00016a40       ?ReCalcStateEffect@KNpc@@QAEXXZ 10017a40 f   KNpc.obj
 0001:00016ad0       ?GetCurActiveWeaponSkill@KNpc@@QAEHXZ 10017ad0 f   KNpc.obj
 0001:00016b90       ?HurtAutoMove@KNpc@@AAEXXZ 10017b90 f   KNpc.obj
 0001:00016f30       ?ProcNetCommand@KNpc@@QAEXW4NPCCMD@@HHH@Z 10017f30 f   KNpc.obj
 0001:00016ff0       ?ClearBlood@KNpc@@QAEXH@Z  10017ff0 f   KNpc.obj
 0001:00017020       ?SetBlood@KNpc@@QAEXH@Z    10018020 f   KNpc.obj
 0001:00017080       ?PaintBlood@KNpc@@QAEHH@Z  10018080 f   KNpc.obj
 0001:00017190       ?EditPos@KNpc@@QAEX_N@Z    10018190 f   KNpc.obj
 0001:000171c0       ?SendClientPos2Server@KNpc@@QAEXXZ 100181c0 f   KNpc.obj
 0001:00017260       ?GetNpcPate@KNpc@@QAEHXZ   10018260 f   KNpc.obj
 0001:000172f0       ?GetNpcPatePeopleInfo@KNpc@@QAEHXZ 100182f0 f   KNpc.obj
 0001:00017380       ?FindStateSkill@KNpc@@QAEHH@Z 10018380 f   KNpc.obj
 0001:000173c0       ?GetFrameCopyFromTemplate@KNpc@@QAEXHHH@Z 100183c0 f   KNpc.obj
 0001:000175c0       ?LoadFrameFromTemplate@KNpc@@QAEXHHH@Z 100185c0 f   KNpc.obj
 0001:00017650       ?ReSetRes@KNpc@@QAEXH@Z    10018650 f   KNpc.obj
 0001:00017820       ?AutoDoSkill@KNpc@@QAEXHHHH@Z 10018820 f   KNpc.obj
 0001:00017dc0       ?RandMove@KNpc@@QAEXHHH@Z  10018dc0 f   KNpc.obj
 0001:00017e20       ?ExecuteStand@KNpc@@QAEXXZ 10018e20 f   KNpc.obj
 0001:00017e40       ?SetTitleEffect@KNpc@@QAEXH@Z 10018e40 f   KNpc.obj
 0001:00017f30       ?ClientGotoPos@KNpc@@QAEXHHH@Z 10018f30 f   KNpc.obj
 0001:00018010       ?ExecuteScript@KNpc@@QAEHPAD0H@Z 10019010 f   KNpc.obj
 0001:00018050       ?ExecuteScript@KNpc@@QAEHKPADH@Z 10019050 f   KNpc.obj
 0001:000181c0       ?ExecuteScript@KNpc@@QAEHKPAD0@Z 100191c0 f   KNpc.obj
 0001:00018350       ?ExecuteScript@KNpc@@QAEHPAD00@Z 10019350 f   KNpc.obj
 0001:000183a0       ?ExecuteScript2@KNpc@@QAEHKPAD00@Z 100193a0 f   KNpc.obj
 0001:00018550       ?ExecuteScript2@KNpc@@QAEHKPADHH@Z 10019550 f   KNpc.obj
 0001:000186c0       ?ExecuteScript2@KNpc@@QAEHPAD0HH@Z 100196c0 f   KNpc.obj
 0001:00018710       ?ExecuteScript2@KNpc@@QAEHPAD000@Z 10019710 f   KNpc.obj
 0001:00018760       ??0?$vector@UFindPathNode@@V?$allocator@UFindPathNode@@@std@@@std@@QAE@ABV?$allocator@UFindPathNode@@@1@@Z 10019760 f i KNpc.obj
 0001:00018780       ??1?$vector@UFindPathNode@@V?$allocator@UFindPathNode@@@std@@@std@@QAE@XZ 10019780 f i KNpc.obj
 0001:000187d0       ??0KNpcAI@@QAE@XZ          100197d0 f   KNpcAI.obj
 0001:000187e0       ?Activate@KNpcAI@@QAEXH@Z  100197e0 f   KNpcAI.obj
 0001:000188e0       ?ProcessShowNpc@KNpcAI@@AAEHXZ 100198e0 f   KNpcAI.obj
 0001:000189a0       ?ShowNpcType11@KNpcAI@@AAEHXZ 100199a0 f   KNpcAI.obj
 0001:00018b00       ?ShowNpcType12@KNpcAI@@AAEHXZ 10019b00 f   KNpcAI.obj
 0001:00018c70       ?ShowNpcType13@KNpcAI@@AAEHXZ 10019c70 f   KNpcAI.obj
 0001:00018db0       ?ShowNpcType14@KNpcAI@@AAEHXZ 10019db0 f   KNpcAI.obj
 0001:00018f30       ?ShowNpcType15@KNpcAI@@AAEHXZ 10019f30 f   KNpcAI.obj
 0001:00019070       ?ShowNpcType16@KNpcAI@@AAEHXZ 1001a070 f   KNpcAI.obj
 0001:000191e0       ?ShowNpcType17@KNpcAI@@AAEHXZ 1001a1e0 f   KNpcAI.obj
 0001:00019370       ?ProcessPlayer@KNpcAI@@AAEXXZ 1001a370 f   KNpcAI.obj
 0001:000193d0       ?FollowObject@KNpcAI@@AAEXH@Z 1001a3d0 f   KNpcAI.obj
 0001:00019460       ?FollowPeople@KNpcAI@@AAEXH@Z 1001a460 f   KNpcAI.obj
 0001:000198e0       ?TriggerMapTrap@KNpcAI@@AAEXXZ 1001a8e0 f   KNpcAI.obj
 0001:00019910       ?TriggerObjectTrap@KNpcAI@@AAEXXZ 1001a910 f   KNpcAI.obj
 0001:00019920       ?GetNearestNpc@KNpcAI@@AAEHH@Z 1001a920 f   KNpcAI.obj
 0001:00019e10       ?IsPlayerCome@KNpcAI@@AAEHXZ 1001ae10 f   KNpcAI.obj
 0001:00019e80       ?GetNpcNumber@KNpcAI@@AAEHH@Z 1001ae80 f   KNpcAI.obj
 0001:0001a070       ?KeepAttackRange@KNpcAI@@AAEXHH@Z 1001b070 f   KNpcAI.obj
 0001:0001a220       ?FollowAttack@KNpcAI@@AAEXH@Z 1001b220 f   KNpcAI.obj
 0001:0001a330       ?InEyeshot@KNpcAI@@AAEHH@Z 1001b330 f   KNpcAI.obj
 0001:0001a370       ?CommonAction@KNpcAI@@AAEXXZ 1001b370 f   KNpcAI.obj
 0001:0001a470       ?KeepActiveRange@KNpcAI@@AAEHXZ 1001b470 f   KNpcAI.obj
 0001:0001a5a0       ?DoShowFlee@KNpcAI@@AAEHH@Z 1001b5a0 f   KNpcAI.obj
 0001:0001a6f0       ?Flee@KNpcAI@@AAEXH@Z      1001b6f0 f   KNpcAI.obj
 0001:0001a7a0       ?ProcessAIType01@KNpcAI@@AAEXXZ 1001b7a0 f   KNpcAI.obj
 0001:0001a9b0       ?GetRandomNumber@@YAHHH@Z  1001b9b0 f i KNpcAI.obj
 0001:0001a9d0       ?ProcessAIType02@KNpcAI@@AAEXXZ 1001b9d0 f   KNpcAI.obj
 0001:0001acd0       ?ProcessAIType03@KNpcAI@@AAEXXZ 1001bcd0 f   KNpcAI.obj
 0001:0001af50       ?ProcessAIType04@KNpcAI@@AAEXXZ 1001bf50 f   KNpcAI.obj
 0001:0001b130       ?ProcessAIType05@KNpcAI@@AAEXXZ 1001c130 f   KNpcAI.obj
 0001:0001b3d0       ?ProcessAIType06@KNpcAI@@AAEXXZ 1001c3d0 f   KNpcAI.obj
 0001:0001b5f0       ?ProcessAIType07@KNpcAI@@AAEXXZ 1001c5f0 f   KNpcAI.obj
 0001:0001b750       ?ProcessAIType08@KNpcAI@@AAEXXZ 1001c750 f   KNpcAI.obj
 0001:0001b8e0       ??0KNpcAttribModify@@QAE@XZ 1001c8e0 f   KNpcAttribModify.obj
 0001:0001bda0       ??1KNpcAttribModify@@QAE@XZ 1001cda0 f   KNpcAttribModify.obj
 0001:0001bdb0       ?ModifyAttrib@KNpcAttribModify@@QAEXPAVKNpc@@PAX@Z 1001cdb0 f   KNpcAttribModify.obj
 0001:0001bde0       ?AddColdDamageV@KNpcAttribModify@@AAEXPAVKNpc@@PAX@Z 1001cde0 f   KNpcAttribModify.obj
 0001:0001be70       ?AddFireDamageV@KNpcAttribModify@@AAEXPAVKNpc@@PAX@Z 1001ce70 f   KNpcAttribModify.obj
 0001:0001bea0       ?AddLightingDamageV@KNpcAttribModify@@AAEXPAVKNpc@@PAX@Z 1001cea0 f   KNpcAttribModify.obj
 0001:0001bed0       ?AddPhysicsDamageP@KNpcAttribModify@@AAEXPAVKNpc@@PAX@Z 1001ced0 f   KNpcAttribModify.obj
 0001:0001bf90       ?AddPoisonDamageV@KNpcAttribModify@@AAEXPAVKNpc@@PAX@Z 1001cf90 f   KNpcAttribModify.obj
 0001:0001bfe0       ?AddPhysicsDamageV@KNpcAttribModify@@AAEXPAVKNpc@@PAX@Z 1001cfe0 f   KNpcAttribModify.obj
 0001:0001c000       ?AllresP@KNpcAttribModify@@AAEXPAVKNpc@@PAX@Z 1001d000 f   KNpcAttribModify.obj
 0001:0001c050       ?AllSkillV@KNpcAttribModify@@AAEXPAVKNpc@@PAX@Z 1001d050 f   KNpcAttribModify.obj
 0001:0001c0c0       ?AttackRatingP@KNpcAttribModify@@AAEXPAVKNpc@@PAX@Z 1001d0c0 f   KNpcAttribModify.obj
 0001:0001c0f0       ?AttackRatingV@KNpcAttribModify@@AAEXPAVKNpc@@PAX@Z 1001d0f0 f   KNpcAttribModify.obj
 0001:0001c110       ?AttackSpeedV@KNpcAttribModify@@AAEXPAVKNpc@@PAX@Z 1001d110 f   KNpcAttribModify.obj
 0001:0001c130       ?BadStatusTimeReduceV@KNpcAttribModify@@AAEXPAVKNpc@@PAX@Z 1001d130 f   KNpcAttribModify.obj
 0001:0001c140       ?BurnTimeReduceP@KNpcAttribModify@@AAEXPAVKNpc@@PAX@Z 1001d140 f   KNpcAttribModify.obj
 0001:0001c150       ?CastSpeedV@KNpcAttribModify@@AAEXPAVKNpc@@PAX@Z 1001d150 f   KNpcAttribModify.obj
 0001:0001c170       ?ChangeCampV@KNpcAttribModify@@AAEXPAVKNpc@@PAX@Z 1001d170 f   KNpcAttribModify.obj
 0001:0001c1b0       ?ColdArmorV@KNpcAttribModify@@AAEXPAVKNpc@@PAX@Z 1001d1b0 f   KNpcAttribModify.obj
 0001:0001c1c0       ?ColdresP@KNpcAttribModify@@AAEXPAVKNpc@@PAX@Z 1001d1c0 f   KNpcAttribModify.obj
 0001:0001c1e0       ?DeadlyStrikeP@KNpcAttribModify@@AAEXPAVKNpc@@PAX@Z 1001d1e0 f   KNpcAttribModify.obj
 0001:0001c200       ?DexterityV@KNpcAttribModify@@AAEXPAVKNpc@@PAX@Z 1001d200 f   KNpcAttribModify.obj
 0001:0001c240       ?EarthSkillV@KNpcAttribModify@@AAEXPAVKNpc@@PAX@Z 1001d240 f   KNpcAttribModify.obj
 0001:0001c250       ?EnergyV@KNpcAttribModify@@AAEXPAVKNpc@@PAX@Z 1001d250 f   KNpcAttribModify.obj
 0001:0001c290       ?FastHitRecoverV@KNpcAttribModify@@AAEXPAVKNpc@@PAX@Z 1001d290 f   KNpcAttribModify.obj
 0001:0001c2b0       ?FastWalkRunP@KNpcAttribModify@@AAEXPAVKNpc@@PAX@Z 1001d2b0 f   KNpcAttribModify.obj
 0001:0001c320       ?FireArmorV@KNpcAttribModify@@AAEXPAVKNpc@@PAX@Z 1001d320 f   KNpcAttribModify.obj
 0001:0001c330       ?FireSkillV@KNpcAttribModify@@AAEXPAVKNpc@@PAX@Z 1001d330 f   KNpcAttribModify.obj
 0001:0001c340       ?FreezeTimeReduceP@KNpcAttribModify@@AAEXPAVKNpc@@PAX@Z 1001d340 f   KNpcAttribModify.obj
 0001:0001c360       ?KnockBackP@KNpcAttribModify@@AAEXPAVKNpc@@PAX@Z 1001d360 f   KNpcAttribModify.obj
 0001:0001c380       ?LifeMaxP@KNpcAttribModify@@AAEXPAVKNpc@@PAX@Z 1001d380 f   KNpcAttribModify.obj
 0001:0001c3d0       ?LifeMaxV@KNpcAttribModify@@AAEXPAVKNpc@@PAX@Z 1001d3d0 f   KNpcAttribModify.obj
 0001:0001c3f0       ?LifeReplenishV@KNpcAttribModify@@AAEXPAVKNpc@@PAX@Z 1001d3f0 f   KNpcAttribModify.obj
 0001:0001c410       ?LifeV@KNpcAttribModify@@AAEXPAVKNpc@@PAX@Z 1001d410 f   KNpcAttribModify.obj
 0001:0001c430       ?LightingArmorV@KNpcAttribModify@@AAEXPAVKNpc@@PAX@Z 1001d430 f   KNpcAttribModify.obj
 0001:0001c440       ?LightingresP@KNpcAttribModify@@AAEXPAVKNpc@@PAX@Z 1001d440 f   KNpcAttribModify.obj
 0001:0001c460       ?LuckyV@KNpcAttribModify@@AAEXPAVKNpc@@PAX@Z 1001d460 f   KNpcAttribModify.obj
 0001:0001c4a0       ?ManaMaxP@KNpcAttribModify@@AAEXPAVKNpc@@PAX@Z 1001d4a0 f   KNpcAttribModify.obj
 0001:0001c4e0       ?ManaMaxV@KNpcAttribModify@@AAEXPAVKNpc@@PAX@Z 1001d4e0 f   KNpcAttribModify.obj
 0001:0001c500       ?ManaReplenishV@KNpcAttribModify@@AAEXPAVKNpc@@PAX@Z 1001d500 f   KNpcAttribModify.obj
 0001:0001c520       ?ManaV@KNpcAttribModify@@AAEXPAVKNpc@@PAX@Z 1001d520 f   KNpcAttribModify.obj
 0001:0001c540       ?ManaShieldP@KNpcAttribModify@@AAEXPAVKNpc@@PAX@Z 1001d540 f   KNpcAttribModify.obj
 0001:0001c560       ?MeleeDamageReturnP@KNpcAttribModify@@AAEXPAVKNpc@@PAX@Z 1001d560 f   KNpcAttribModify.obj
 0001:0001c580       ?MeleeDamageReturnV@KNpcAttribModify@@AAEXPAVKNpc@@PAX@Z 1001d580 f   KNpcAttribModify.obj
 0001:0001c5a0       ?MetalSkillV@KNpcAttribModify@@AAEXPAVKNpc@@PAX@Z 1001d5a0 f   KNpcAttribModify.obj
 0001:0001c5b0       ?PhysicsArmorV@KNpcAttribModify@@AAEXPAVKNpc@@PAX@Z 1001d5b0 f   KNpcAttribModify.obj
 0001:0001c5c0       ?PhysicsresP@KNpcAttribModify@@AAEXPAVKNpc@@PAX@Z 1001d5c0 f   KNpcAttribModify.obj
 0001:0001c5e0       ?Damage2ManaP@KNpcAttribModify@@AAEXPAVKNpc@@PAX@Z 1001d5e0 f   KNpcAttribModify.obj
 0001:0001c600       ?PoisonArmorV@KNpcAttribModify@@AAEXPAVKNpc@@PAX@Z 1001d600 f   KNpcAttribModify.obj
 0001:0001c610       ?PoisonDamageReduceV@KNpcAttribModify@@AAEXPAVKNpc@@PAX@Z 1001d610 f   KNpcAttribModify.obj
 0001:0001c640       ?PoisonresP@KNpcAttribModify@@AAEXPAVKNpc@@PAX@Z 1001d640 f   KNpcAttribModify.obj
 0001:0001c660       ?PoisonTimeReduceP@KNpcAttribModify@@AAEXPAVKNpc@@PAX@Z 1001d660 f   KNpcAttribModify.obj
 0001:0001c680       ?RangeDamageReturnV@KNpcAttribModify@@AAEXPAVKNpc@@PAX@Z 1001d680 f   KNpcAttribModify.obj
 0001:0001c6a0       ?RangeDamageReturnP@KNpcAttribModify@@AAEXPAVKNpc@@PAX@Z 1001d6a0 f   KNpcAttribModify.obj
 0001:0001c6c0       ?SlowMissleB@KNpcAttribModify@@AAEXPAVKNpc@@PAX@Z 1001d6c0 f   KNpcAttribModify.obj
 0001:0001c6f0       ?StaminaMaxP@KNpcAttribModify@@AAEXPAVKNpc@@PAX@Z 1001d6f0 f   KNpcAttribModify.obj
 0001:0001c730       ?StaminaMaxV@KNpcAttribModify@@AAEXPAVKNpc@@PAX@Z 1001d730 f   KNpcAttribModify.obj
 0001:0001c750       ?StaminaReplenishV@KNpcAttribModify@@AAEXPAVKNpc@@PAX@Z 1001d750 f   KNpcAttribModify.obj
 0001:0001c770       ?StaminaV@KNpcAttribModify@@AAEXPAVKNpc@@PAX@Z 1001d770 f   KNpcAttribModify.obj
 0001:0001c790       ?StealLifeP@KNpcAttribModify@@AAEXPAVKNpc@@PAX@Z 1001d790 f   KNpcAttribModify.obj
 0001:0001c7b0       ?StealManaP@KNpcAttribModify@@AAEXPAVKNpc@@PAX@Z 1001d7b0 f   KNpcAttribModify.obj
 0001:0001c7d0       ?StealStaminaP@KNpcAttribModify@@AAEXPAVKNpc@@PAX@Z 1001d7d0 f   KNpcAttribModify.obj
 0001:0001c7f0       ?StrengthV@KNpcAttribModify@@AAEXPAVKNpc@@PAX@Z 1001d7f0 f   KNpcAttribModify.obj
 0001:0001c830       ?StunTimeReduceP@KNpcAttribModify@@AAEXPAVKNpc@@PAX@Z 1001d830 f   KNpcAttribModify.obj
 0001:0001c850       ?VisionRadiusP@KNpcAttribModify@@AAEXPAVKNpc@@PAX@Z 1001d850 f   KNpcAttribModify.obj
 0001:0001c870       ?VitalityV@KNpcAttribModify@@AAEXPAVKNpc@@PAX@Z 1001d870 f   KNpcAttribModify.obj
 0001:0001c8b0       ?WaterSkillV@KNpcAttribModify@@AAEXPAVKNpc@@PAX@Z 1001d8b0 f   KNpcAttribModify.obj
 0001:0001c8c0       ?WoodSkillV@KNpcAttribModify@@AAEXPAVKNpc@@PAX@Z 1001d8c0 f   KNpcAttribModify.obj
 0001:0001c8d0       ?FireresP@KNpcAttribModify@@AAEXPAVKNpc@@PAX@Z 1001d8d0 f   KNpcAttribModify.obj
 0001:0001c8f0       ?ArmorDefenseV@KNpcAttribModify@@AAEXPAVKNpc@@PAX@Z 1001d8f0 f   KNpcAttribModify.obj
 0001:0001c910       ?ColdEnhanceP@KNpcAttribModify@@AAEXPAVKNpc@@PAX@Z 1001d910 f   KNpcAttribModify.obj
 0001:0001c930       ?FireEnhanceP@KNpcAttribModify@@AAEXPAVKNpc@@PAX@Z 1001d930 f   KNpcAttribModify.obj
 0001:0001c950       ?LightingEnhanceP@KNpcAttribModify@@AAEXPAVKNpc@@PAX@Z 1001d950 f   KNpcAttribModify.obj
 0001:0001c970       ?PoisonEnhanceP@KNpcAttribModify@@AAEXPAVKNpc@@PAX@Z 1001d970 f   KNpcAttribModify.obj
 0001:0001c990       ?LifePotionV@KNpcAttribModify@@AAEXPAVKNpc@@PAX@Z 1001d990 f   KNpcAttribModify.obj
 0001:0001c9e0       ?ManaPotionV@KNpcAttribModify@@AAEXPAVKNpc@@PAX@Z 1001d9e0 f   KNpcAttribModify.obj
 0001:0001ca30       ?PhysicsResMaxP@KNpcAttribModify@@AAEXPAVKNpc@@PAX@Z 1001da30 f   KNpcAttribModify.obj
 0001:0001ca50       ?ColdResMaxP@KNpcAttribModify@@AAEXPAVKNpc@@PAX@Z 1001da50 f   KNpcAttribModify.obj
 0001:0001ca70       ?FireResMaxP@KNpcAttribModify@@AAEXPAVKNpc@@PAX@Z 1001da70 f   KNpcAttribModify.obj
 0001:0001ca90       ?LightingResMaxP@KNpcAttribModify@@AAEXPAVKNpc@@PAX@Z 1001da90 f   KNpcAttribModify.obj
 0001:0001cab0       ?PoisonResMaxP@KNpcAttribModify@@AAEXPAVKNpc@@PAX@Z 1001dab0 f   KNpcAttribModify.obj
 0001:0001cad0       ?AllResMaxP@KNpcAttribModify@@AAEXPAVKNpc@@PAX@Z 1001dad0 f   KNpcAttribModify.obj
 0001:0001cb20       ?FatallyStrikeP@KNpcAttribModify@@AAEXPAVKNpc@@PAX@Z 1001db20 f   KNpcAttribModify.obj
 0001:0001cb30       ?MixPoisonDamage@KNpcAttribModify@@QAEXPAUKMagicAttrib@@0@Z 1001db30 f   KNpcAttribModify.obj
 0001:0001cbe0       ?AddPhysicsMagicV@KNpcAttribModify@@AAEXPAVKNpc@@PAX@Z 1001dbe0 f   KNpcAttribModify.obj
 0001:0001cc10       ?AddColdMagicV@KNpcAttribModify@@AAEXPAVKNpc@@PAX@Z 1001dc10 f   KNpcAttribModify.obj
 0001:0001cca0       ?AddFireMagicV@KNpcAttribModify@@AAEXPAVKNpc@@PAX@Z 1001dca0 f   KNpcAttribModify.obj
 0001:0001ccd0       ?AddLightingMagicV@KNpcAttribModify@@AAEXPAVKNpc@@PAX@Z 1001dcd0 f   KNpcAttribModify.obj
 0001:0001cd00       ?AddPoisonMagicV@KNpcAttribModify@@AAEXPAVKNpc@@PAX@Z 1001dd00 f   KNpcAttribModify.obj
 0001:0001cd50       ?DynamicMagicShieldV@KNpcAttribModify@@AAEXPAVKNpc@@PAX@Z 1001dd50 f   KNpcAttribModify.obj
 0001:0001cd70       ?ReturnResP@KNpcAttribModify@@AAEXPAVKNpc@@PAX@Z 1001dd70 f   KNpcAttribModify.obj
 0001:0001cd90       ?ExpEnhanceP@KNpcAttribModify@@AAEXPAVKNpc@@PAX@Z 1001dd90 f   KNpcAttribModify.obj
 0001:0001cdb0       ?PoisonDamageReturnP@KNpcAttribModify@@AAEXPAVKNpc@@PAX@Z 1001ddb0 f   KNpcAttribModify.obj
 0001:0001cdd0       ?ReturnSkillP@KNpcAttribModify@@AAEXPAVKNpc@@PAX@Z 1001ddd0 f   KNpcAttribModify.obj
 0001:0001cdf0       ?AutoReplySkill@KNpcAttribModify@@AAEXPAVKNpc@@PAX@Z 1001ddf0 f   KNpcAttribModify.obj
 0001:0001ce40       ?LifeReplenishP@KNpcAttribModify@@AAEXPAVKNpc@@PAX@Z 1001de40 f   KNpcAttribModify.obj
 0001:0001ce60       ?IgnoreSkillP@KNpcAttribModify@@AAEXPAVKNpc@@PAX@Z 1001de60 f   KNpcAttribModify.obj
 0001:0001ce80       ?AutoAttackSkill@KNpcAttribModify@@AAEXPAVKNpc@@PAX@Z 1001de80 f   KNpcAttribModify.obj
 0001:0001ceb0       ?Poison2DecManaP@KNpcAttribModify@@AAEXPAVKNpc@@PAX@Z 1001deb0 f   KNpcAttribModify.obj
 0001:0001cf00       ?SkillAppendSkill@KNpcAttribModify@@AAEXPAVKNpc@@PAX@Z 1001df00 f   KNpcAttribModify.obj
 0001:0001d010       ?HideNpc@KNpcAttribModify@@AAEXPAVKNpc@@PAX@Z 1001e010 f   KNpcAttribModify.obj
 0001:0001d030       ?AutoDeathSkill@KNpcAttribModify@@AAEXPAVKNpc@@PAX@Z 1001e030 f   KNpcAttribModify.obj
 0001:0001d060       ?RandMove@KNpcAttribModify@@AAEXPAVKNpc@@PAX@Z 1001e060 f   KNpcAttribModify.obj
 0001:0001d090       ?IgnoreNegativeStateP@KNpcAttribModify@@AAEXPAVKNpc@@PAX@Z 1001e090 f   KNpcAttribModify.obj
 0001:0001d0d0       ?AutoRescueSkill@KNpcAttribModify@@AAEXPAVKNpc@@PAX@Z 1001e0d0 f   KNpcAttribModify.obj
 0001:0001d100       ?StaticMagicShieldP@KNpcAttribModify@@AAEXPAVKNpc@@PAX@Z 1001e100 f   KNpcAttribModify.obj
 0001:0001d120       ??0KNpcFindPath@@QAE@XZ    1001e120 f   KNpcFindPath.obj
 0001:0001d140       ?Init@KNpcFindPath@@QAEXH@Z 1001e140 f   KNpcFindPath.obj
 0001:0001d170       ?GetDir@KNpcFindPath@@QAEHHHHHHHPAH0@Z 1001e170 f   KNpcFindPath.obj
 0001:0001d740       ?Dir64To8@KNpcFindPath@@QAEHH@Z 1001e740 f   KNpcFindPath.obj
 0001:0001d750       ?Dir8To64@KNpcFindPath@@QAEHH@Z 1001e750 f   KNpcFindPath.obj
 0001:0001d760       ?CheckDistance@KNpcFindPath@@QAEHHHHHH@Z 1001e760 f   KNpcFindPath.obj
 0001:0001d7a0       ?CheckBarrier@KNpcFindPath@@QAEHHH@Z 1001e7a0 f   KNpcFindPath.obj
 0001:0001d810       ?Init@KNpcGold@@QAEXH@Z    1001e810 f   KNpcGold.obj
 0001:0001d820       ?Release@KNpcGold@@QAEXXZ  1001e820 f   KNpcGold.obj
 0001:0001d870       ?SetGoldType@KNpcGold@@QAEXH@Z 1001e870 f   KNpcGold.obj
 0001:0001d880       ?SetGoldTypeAndBackData@KNpcGold@@QAEXXZ 1001e880 f   KNpcGold.obj
 0001:0001d930       ?RecoverBackData@KNpcGold@@QAEXXZ 1001e930 f   KNpcGold.obj
 0001:0001d960       ?UpdateNpcData@KNpcGold@@AAEXH@Z 1001e960 f   KNpcGold.obj
 0001:0001e610       ?GetGoldType@KNpcGold@@QAEHXZ 1001f610 f   KNpcGold.obj
 0001:0001e620       ?SetGoldCurrentType@KNpcGold@@QAEXH@Z 1001f620 f   KNpcGold.obj
 0001:0001e660       ??0KNpcGoldTemplate@@QAE@XZ 1001f660 f   KNpcGold.obj
 0001:0001e680       ?Init@KNpcGoldTemplate@@QAEHXZ 1001f680 f   KNpcGold.obj
 0001:0001ea80       ??0KNpcRes@@QAE@XZ         1001fa80 f   KNpcRes.obj
 0001:0001eb50       ?Init@KNpcRes@@QAEHPADPAVKNpcResList@@@Z 1001fb50 f   KNpcRes.obj
 0001:0001ed80       ?Remove@KNpcRes@@QAEXH@Z   1001fd80 f   KNpcRes.obj
 0001:0001edc0       ?Draw@KNpcRes@@QAEXHHHHH@Z 1001fdc0 f   KNpcRes.obj
 0001:0001f7a0       ?GetShadowName@KNpcRes@@SAXPAD0@Z 100207a0 f   KNpcRes.obj
 0001:0001f7c0       ??1KNpcRes@@QAE@XZ         100207c0 f   KNpcRes.obj
 0001:0001f7d0       ?SetHelm@KNpcRes@@QAEHH@Z  100207d0 f   KNpcRes.obj
 0001:0001f8c0       ?SetArmor@KNpcRes@@QAEHH@Z 100208c0 f   KNpcRes.obj
 0001:0001f9d0       ?SetWeapon@KNpcRes@@QAEHH@Z 100209d0 f   KNpcRes.obj
 0001:0001fe00       ?SetHorse@KNpcRes@@QAEHH@Z 10020e00 f   KNpcRes.obj
 0001:0001ff00       ?SetMantle@KNpcRes@@QAEHF@Z 10020f00 f   KNpcRes.obj
 0001:00020090       ?SetAction@KNpcRes@@QAEHH@Z 10021090 f   KNpcRes.obj
 0001:000204c0       ?SetRideHorse@KNpcRes@@QAEHH@Z 100214c0 f   KNpcRes.obj
 0001:000208e0       ?SetPos@KNpcRes@@QAEXHHHHHH@Z 100218e0 f   KNpcRes.obj
 0001:00020940       ?SetState@KNpcRes@@QAEXPAVKList@@PAVKNpcResList@@@Z 10021940 f   KNpcRes.obj
 0001:00020b70       ?SetSpecialSpr@KNpcRes@@QAEXPAD@Z 10021b70 f   KNpcRes.obj
 0001:00020c20       ?SetMenuStateSpr@KNpcRes@@AAEXH@Z 10021c20 f   KNpcRes.obj
 0001:00020d10       ?SetBlur@KNpcRes@@QAEXH@Z  10021d10 f   KNpcRes.obj
 0001:00020d40       ?GetSoundName@KNpcRes@@AAEXXZ 10021d40 f   KNpcRes.obj
 0001:00020d60       ?PlaySoundA@KNpcRes@@AAEXHH@Z 10021d60 f   KNpcRes.obj
 0001:00020e30       ?GetSndVolume@KNpcRes@@QAEHH@Z 10021e30 f   KNpcRes.obj
 0001:00020e60       ?StopSound@KNpcRes@@QAEXXZ 10021e60 f   KNpcRes.obj
 0001:00020ea0       ?SetMenuState@KNpcRes@@QAEXHPADH@Z 10021ea0 f   KNpcRes.obj
 0001:00020ee0       ?GetMenuState@KNpcRes@@QAEHXZ 10021ee0 f   KNpcRes.obj
 0001:00020f00       ?SetSleepState@KNpcRes@@QAEXH@Z 10021f00 f   KNpcRes.obj
 0001:00020f50       ?GetSleepState@KNpcRes@@QAEHXZ 10021f50 f   KNpcRes.obj
 0001:00020f60       ?DrawBorder@KNpcRes@@QAEXXZ 10021f60 f   KNpcRes.obj
 0001:00021070       ?DrawMenuState@KNpcRes@@QAEHH@Z 10022070 f   KNpcRes.obj
 0001:00021160       ?GetNormalNpcStandDir@KNpcRes@@QAEHH@Z 10022160 f   KNpcRes.obj
 0001:000211a0       ?GetSprNumFrames@KNpcRes@@QAEHPBDH@Z 100221a0 f   KNpcRes.obj
 0001:000211d0       ?SetBlurSecMove@KNpcRes@@QAEXHHHH@Z 100221d0 f   KNpcRes.obj
 0001:000212a0       ?RemoveBlurSecMove@KNpcRes@@QAEXH@Z 100222a0 f   KNpcRes.obj
 0001:000212c0       ??0KStateSpr@@QAE@XZ       100222c0 f   KNpcRes.obj
 0001:000212e0       ?Release@KStateSpr@@QAEXXZ 100222e0 f   KNpcRes.obj
 0001:00021300       ??0KNpcBlur@@QAE@XZ        10022300 f   KNpcRes.obj
 0001:00021320       ??1KNpcBlur@@QAE@XZ        10022320 f   KNpcRes.obj
 0001:00021330       ?SetNextNo@KNpcBlur@@QAEXXZ 10022330 f   KNpcRes.obj
 0001:00021350       ?SetMapPos@KNpcBlur@@QAEXHHHH@Z 10022350 f   KNpcRes.obj
 0001:000213b0       ?ChangeAlpha@KNpcBlur@@QAEXXZ 100223b0 f   KNpcRes.obj
 0001:00021460       ?ClearCurNo@KNpcBlur@@QAEXXZ 10022460 f   KNpcRes.obj
 0001:00021490       ?SetFile@KNpcBlur@@QAEXHPADHHHHH@Z 10022490 f   KNpcRes.obj
 0001:000215c0       ?Draw@KNpcBlur@@QAEXH@Z    100225c0 f   KNpcRes.obj
 0001:00021600       ?NowGetBlur@KNpcBlur@@QAEHXZ 10022600 f   KNpcRes.obj
 0001:00021610       ?Init@KNpcBlur@@QAEHXZ     10022610 f   KNpcRes.obj
 0001:00021650       ?Remove@KNpcBlur@@QAEXXZ   10022650 f   KNpcRes.obj
 0001:00021690       ?Remove@KNpcBlur@@QAEXH@Z  10022690 f   KNpcRes.obj
 0001:000216e0       ?AddObj@KNpcBlur@@QAEXXZ   100226e0 f   KNpcRes.obj
 0001:000216f0       ?RemoveObj@KNpcBlur@@QAEXXZ 100226f0 f   KNpcRes.obj
 0001:00021740       ??0KNpcResList@@QAE@XZ     10022740 f   KNpcResList.obj
 0001:000217c0       ??1KNpcResList@@QAE@XZ     100227c0 f   KNpcResList.obj
 0001:00021850       ?Init@KNpcResList@@QAEHXZ  10022850 f   KNpcResList.obj
 0001:000218a0       ?FindNpcRes@KNpcResList@@AAEPAVKNpcResNode@@PAD@Z 100228a0 f   KNpcResList.obj
 0001:00021970       ?AddNpcRes@KNpcResList@@QAEPAVKNpcResNode@@PAD@Z 10022970 f   KNpcResList.obj
 0001:00021a50       ?AutoCleanup@KNpcResList@@QAEXXZ 10022a50 f   KNpcResList.obj
 0001:00021ad0       ??0KNpcResNode@@QAE@XZ     10022ad0 f   KNpcResNode.obj
 0001:00021bd0       ??_GKNpcResNode@@UAEPAXI@Z 10022bd0 f i KNpcResNode.obj
 0001:00021bd0       ??_EKNpcResNode@@UAEPAXI@Z 10022bd0 f i KNpcResNode.obj
 0001:00021bf0       ??1KNpcResNode@@UAE@XZ     10022bf0 f   KNpcResNode.obj
 0001:00021c90       ?Init@KNpcResNode@@QAEHPADPAVCActionName@@1@Z 10022c90 f   KNpcResNode.obj
 0001:00022af0       ?ComposePathAndName@KNpcResNode@@QAEXPAD00@Z 10023af0 f   KNpcResNode.obj
 0001:00022bf0       ?CheckPartExist@KNpcResNode@@QAEHH@Z 10023bf0 f   KNpcResNode.obj
 0001:00022c20       ?GetFileName@KNpcResNode@@QAEHHHHPAD0H@Z 10023c20 f   KNpcResNode.obj
 0001:00022c60       ?GetInterval@KNpcResNode@@QAEHHHHH@Z 10023c60 f   KNpcResNode.obj
 0001:00022ca0       ?GetTotalFrames@KNpcResNode@@QAEHHHHH@Z 10023ca0 f   KNpcResNode.obj
 0001:00022ce0       ?GetTotalDirs@KNpcResNode@@QAEHHHHH@Z 10023ce0 f   KNpcResNode.obj
 0001:00022d20       ?GetActNo@KNpcResNode@@QAEHHHH@Z 10023d20 f   KNpcResNode.obj
 0001:00022d60       ?GetSort@KNpcResNode@@QAEHHHHPAHH@Z 10023d60 f   KNpcResNode.obj
 0001:00022dc0       ?GetActionSoundName@KNpcResNode@@QAEXHPAD@Z 10023dc0 f   KNpcResNode.obj
 0001:00022e00       ?GetShadowName@KNpcResNode@@SAXPAD0@Z 10023e00 f   KNpcResNode.obj
 0001:00022e90       ??0CActionName@@QAE@XZ     10023e90 f   KNpcResNode.obj
 0001:00022ec0       ?Init@CActionName@@QAEHPAD@Z 10023ec0 f   KNpcResNode.obj
 0001:00022fe0       ?GetActionNo@CActionName@@QAEHPAD@Z 10023fe0 f   KNpcResNode.obj
 0001:00023060       ?GetActionCount@CActionName@@QAEHXZ 10024060 f   KNpcResNode.obj
 0001:00023070       ?GetActionName@CActionName@@QAEHHPADH@Z 10024070 f   KNpcResNode.obj
 0001:000230e0       ??0CShadowFileName@@QAE@XZ 100240e0 f   KNpcResNode.obj
 0001:000230f0       ??1CShadowFileName@@QAE@XZ 100240f0 f   KNpcResNode.obj
 0001:00023120       ?Init@CShadowFileName@@QAEXH@Z 10024120 f   KNpcResNode.obj
 0001:00023180       ?GetFile@CShadowFileName@@QAEHHPAH0000PAD@Z 10024180 f   KNpcResNode.obj
 0001:00023210       ??0CStateMagicTable@@QAE@XZ 10024210 f   KNpcResNode.obj
 0001:00023270       ?Init@CStateMagicTable@@QAEHXZ 10024270 f   KNpcResNode.obj
 0001:000234d0       ?GetInfo@CStateMagicTable@@QAEXHPADPAH111111@Z 100244d0 f   KNpcResNode.obj
 0001:000235e0       ??0CRESINFO@@QAE@XZ        100245e0 f   KNpcResNode.obj
 0001:000235f0       ??1CRESINFO@@QAE@XZ        100245f0 f   KNpcResNode.obj
 0001:00023600       ?AutoDelete@CRESINFO@@QAEXXZ 10024600 f   KNpcResNode.obj
 0001:00023630       ?AutoNew@CRESINFO@@QAEHHH@Z 10024630 f   KNpcResNode.obj
 0001:000236e0       ?GetName@CRESINFO@@QAEHHHPAD0H@Z 100246e0 f   KNpcResNode.obj
 0001:00023770       ?GetInterval@CRESINFO@@QAEHHHH@Z 10024770 f   KNpcResNode.obj
 0001:000237b0       ?GetTotalFrames@CRESINFO@@QAEHHHH@Z 100247b0 f   KNpcResNode.obj
 0001:000237f0       ?GetTotalDirs@CRESINFO@@QAEHHHH@Z 100247f0 f   KNpcResNode.obj
 0001:00023830       ??0CEquipStyleTable@@QAE@XZ 10024830 f   KNpcResNode.obj
 0001:00023840       ??1CEquipStyleTable@@QAE@XZ 10024840 f   KNpcResNode.obj
 0001:00023850       ?AutoDelete@CEquipStyleTable@@QAEXXZ 10024850 f   KNpcResNode.obj
 0001:00023880       ?AutoNew@CEquipStyleTable@@QAEHHH@Z 10024880 f   KNpcResNode.obj
 0001:000238e0       ?SetValue@CEquipStyleTable@@QAEXHHH@Z 100248e0 f   KNpcResNode.obj
 0001:00023920       ?GetValue@CEquipStyleTable@@QAEHHH@Z 10024920 f   KNpcResNode.obj
 0001:00023960       ??0CSortTable@@QAE@XZ      10024960 f   KNpcResNode.obj
 0001:000239d0       ??1CSortTable@@QAE@XZ      100249d0 f   KNpcResNode.obj
 0001:000239e0       ?Release@CSortTable@@AAEXXZ 100249e0 f   KNpcResNode.obj
 0001:00023a30       ?SortStrToNum@CSortTable@@AAEXPADPAHH@Z 10024a30 f   KNpcResNode.obj
 0001:00023ae0       ?GetTable@CSortTable@@QAEHPADPAVCActionName@@H@Z 10024ae0 f   KNpcResNode.obj
 0001:00023bc0       ?GetTable@CSortTable@@QAEHPAVKIniFile@@PAVCActionName@@H@Z 10024bc0 f   KNpcResNode.obj
 0001:00024030       ?GetSort@CSortTable@@QAEHHHHPAHH@Z 10025030 f   KNpcResNode.obj
 0001:00024350       ??1KNpcSet@@QAE@XZ         10025350 f i KNpcSet.obj
 0001:000243c0       ??0KNpcSet@@QAE@XZ         100253c0 f   KNpcSet.obj
 0001:00024420       ?Init@KNpcSet@@QAEXXZ      10025420 f   KNpcSet.obj
 0001:000244e0       ?LoadPlayerBaseValue@KNpcSet@@QAEXPAD@Z 100254e0 f   KNpcSet.obj
 0001:00024650       ?IsNpcExist@KNpcSet@@QAEHHK@Z 10025650 f   KNpcSet.obj
 0001:00024680       ?GenOneRelation@KNpcSet@@AAE?AW4NPC_RELATION@@W4NPCKIND@@0W4NPCCAMP@@1W4NPCFIGHT@@2@Z 10025680 f   KNpcSet.obj
 0001:00024790       ?GenRelationTable@KNpcSet@@AAEHXZ 10025790 f   KNpcSet.obj
 0001:00024830       ?SearchID@KNpcSet@@QAEHK@Z 10025830 f   KNpcSet.obj
 0001:00024870       ?SearchClientID@KNpcSet@@QAEHUKClientNpcID@@@Z 10025870 f   KNpcSet.obj
 0001:000248c0       ?SearchName@KNpcSet@@QAEHPAD@Z 100258c0 f   KNpcSet.obj
 0001:00024920       ?SearchNameID@KNpcSet@@QAEHK@Z 10025920 f   KNpcSet.obj
 0001:00024980       ?SearchNpcById@KNpcSet@@QAEPAVKNpc@@K@Z 10025980 f   KNpcSet.obj
 0001:00024a00       ?FindFree@KNpcSet@@AAEHXZ  10025a00 f   KNpcSet.obj
 0001:00024a20       ?AddClientNpc@KNpcSet@@QAEHHHHHHH@Z 10025a20 f   KNpcSet.obj
 0001:00024b40       ?Add@KNpcSet@@QAEHHHPAX@Z  10025b40 f   KNpcSet.obj
 0001:00024c10       ?Add@KNpcSet@@QAEHHHHHH@Z  10025c10 f   KNpcSet.obj
 0001:00024ca0       ?Add@KNpcSet@@QAEHHHHHHHHH@Z 10025ca0 f   KNpcSet.obj
 0001:00024e40       ?Remove@KNpcSet@@QAEXH@Z   10025e40 f   KNpcSet.obj
 0001:00024eb0       ?RemoveAll@KNpcSet@@QAEXXZ 10025eb0 f   KNpcSet.obj
 0001:00024f60       ?InsertNpcToRegion@KNpcSet@@QAEXH@Z 10025f60 f   KNpcSet.obj
 0001:00025020       ?GetDistance@KNpcSet@@SAHHH@Z 10026020 f   KNpcSet.obj
 0001:000251b0       ?GetDistanceSquare@KNpcSet@@SAHHH@Z 100261b0 f   KNpcSet.obj
 0001:00025320       ?GetNextIdx@KNpcSet@@QAEHH@Z 10026320 f   KNpcSet.obj
 0001:00025350       ?CheckBalance@KNpcSet@@QAEXXZ 10026350 f   KNpcSet.obj
 0001:000254e0       ?GetAroundPlayerForTeamInvite@KNpcSet@@QAEHPAUKUiPlayerItem@@H@Z 100264e0 f   KNpcSet.obj
 0001:000256c0       ?GetAroundPlayer@KNpcSet@@QAEHPAUKUiPlayerItem@@H@Z 100266c0 f   KNpcSet.obj
 0001:00025810       ?SetShowNameFlag@KNpcSet@@QAEXH@Z 10026810 f   KNpcSet.obj
 0001:00025840       ?CheckShowName@KNpcSet@@QAEHXZ 10026840 f   KNpcSet.obj
 0001:00025850       ?SetShowLifeFlag@KNpcSet@@QAEXH@Z 10026850 f   KNpcSet.obj
 0001:00025880       ?CheckShowLife@KNpcSet@@QAEHXZ 10026880 f   KNpcSet.obj
 0001:00025890       ?SetShowChatFlag@KNpcSet@@QAEXH@Z 10026890 f   KNpcSet.obj
 0001:000258c0       ?CheckShowChat@KNpcSet@@QAEHXZ 100268c0 f   KNpcSet.obj
 0001:000258d0       ?SetShowManaFlag@KNpcSet@@QAEXH@Z 100268d0 f   KNpcSet.obj
 0001:00025900       ?CheckShowMana@KNpcSet@@QAEHXZ 10026900 f   KNpcSet.obj
 0001:00025910       ?AutoGetNpcNear@KNpcSet@@QAEHHHHHQAHHHH@Z 10026910 f   KNpcSet.obj
 0001:00025a60       ?GetDistanceMps@KNpcSet@@QAEHHHHH@Z 10026a60 f   KNpcSet.obj
 0001:00025aa0       ?AutoGetPlayerPk@KNpcSet@@QAEHHHHH@Z 10026aa0 f   KNpcSet.obj
 0001:00025bb0       ?ClearActivateFlagOfAllNpc@KNpcSet@@QAEXXZ 10026bb0 f   KNpcSet.obj
 0001:00025bf0       ?GetAroundOpenCaptain@KNpcSet@@QAEXH@Z 10026bf0 f   KNpcSet.obj
 0001:00025d80       ?SearchNpcAt@KNpcSet@@QAEHHHHH@Z 10026d80 f   KNpcSet.obj
 0001:00025ef0       ?IsNpcRequestExist@KNpcSet@@QAEHK@Z 10026ef0 f   KNpcSet.obj
 0001:00025f10       ?InsertNpcRequest@KNpcSet@@QAEXK@Z 10026f10 f   KNpcSet.obj
 0001:00025f70       ?RemoveNpcRequest@KNpcSet@@QAEXK@Z 10026f70 f   KNpcSet.obj
 0001:00025fc0       ?GetRequestIndex@KNpcSet@@QAEHK@Z 10026fc0 f   KNpcSet.obj
 0001:00026000       ?GetRelation@KNpcSet@@QAE?AW4NPC_RELATION@@HH@Z 10027000 f   KNpcSet.obj
 0001:00026270       ??0KInstantSpecial@@QAE@XZ 10027270 f   KNpcSet.obj
 0001:000262c0       ?LoadSprName@KInstantSpecial@@AAEXXZ 100272c0 f   KNpcSet.obj
 0001:00026380       ?LoadSoundName@KInstantSpecial@@AAEXXZ 10027380 f   KNpcSet.obj
 0001:00026470       ?GetSprName@KInstantSpecial@@QAEXHPADH@Z 10027470 f   KNpcSet.obj
 0001:00026500       ?PlaySoundA@KInstantSpecial@@QAEXH@Z 10027500 f   KNpcSet.obj
 0001:000265a0       ?InitNpcBaseData@KNpcTemplate@@QAEXH@Z 100275a0 f   KNpcTemplate.obj
 0001:000267f0       ?InitNpcLevelData@KNpcTemplate@@QAEXPAVKTabFile@@HPAVKLuaScript@@HH@Z 100277f0 f   KNpcTemplate.obj
 0001:00026930       ?GetNpcLevelDataFromScript@KNpcTemplate@@SAHPAVKLuaScript@@PADHH1@Z 10027930 f   KNpcTemplate.obj
 0001:000269c0       ?GetNpcLevelDataFromScript@KNpcTemplate@@SAHPAVKLuaScript@@PADHHNNN@Z 100279c0 f   KNpcTemplate.obj
 0001:00026a60       ?SkillString2Id@KNpcTemplate@@SAHPAD@Z 10027a60 f   KNpcTemplate.obj
 0001:00026b70       ??0KPlayer@@QAE@XZ         10027b70 f   KPlayer.obj
 0001:00026cb0       ??1KPlayerAI@@QAE@XZ       10027cb0 f i KPlayer.obj
 0001:00026cc0       ??1KEquipmentArray@@QAE@XZ 10027cc0 f i KPlayer.obj
 0001:00026cd0       ??1KPlayerChat@@QAE@XZ     10027cd0 f i KPlayer.obj
 0001:00026d40       ??1CChatFriendTeam@@QAE@XZ 10027d40 f i KPlayer.obj
 0001:00026d50       ??1KPlayer@@QAE@XZ         10027d50 f   KPlayer.obj
 0001:00026e00       ?Release@KPlayer@@QAEXXZ   10027e00 f   KPlayer.obj
 0001:00026f80       ?SetPlayerIndex@KPlayer@@QAEXH@Z 10027f80 f   KPlayer.obj
 0001:00026fa0       ?GetPlayerIndex@KPlayer@@QAEHXZ 10027fa0 f   KPlayer.obj
 0001:00026fb0       ?Active@KPlayer@@QAEXXZ    10027fb0 f   KPlayer.obj
 0001:000271b0       ?ProcessMsg@KPlayer@@QAEXPAVKWorldMsgNode@@@Z 100281b0 f   KPlayer.obj
 0001:000271c0       ?ProcessInputMsg@KPlayer@@QAEXIIJ@Z 100281c0 f   KPlayer.obj
 0001:00027330       ?OnButtonDown@KPlayer@@AAEXHHHW4MOUSE_BUTTON@@@Z 10028330 f   KPlayer.obj
 0001:00027380       ?OnButtonMove@KPlayer@@AAEXHHHW4MOUSE_BUTTON@@@Z 10028380 f   KPlayer.obj
 0001:000273b0       ?OnButtonUp@KPlayer@@AAEXHHW4MOUSE_BUTTON@@@Z 100283b0 f   KPlayer.obj
 0001:000273c0       ?OnMouseMove@KPlayer@@AAEXHH@Z 100283c0 f   KPlayer.obj
 0001:00027520       ?ProcessMouse@KPlayer@@AAEXHHHW4MOUSE_BUTTON@@@Z 10028520 f   KPlayer.obj
 0001:00027b20       ?Walk@KPlayer@@QAEXHH@Z    10028b20 f   KPlayer.obj
 0001:00027cf0       ?TurnLeft@KPlayer@@QAEXXZ  10028cf0 f   KPlayer.obj
 0001:00027d40       ?TurnRight@KPlayer@@QAEXXZ 10028d40 f   KPlayer.obj
 0001:00027d90       ?TurnBack@KPlayer@@QAEXXZ  10028d90 f   KPlayer.obj
 0001:00027de0       ?FindSelectNpc@KPlayer@@QAEXHHH@Z 10028de0 f   KPlayer.obj
 0001:00027e60       ?FindSelectObject@KPlayer@@QAEXHH@Z 10028e60 f   KPlayer.obj
 0001:00027e90       ?NetCommandPlayerTalk@KPlayer@@AAEHPAE@Z 10028e90 f   KPlayer.obj
 0001:00027ea0       ?ConformIdx@KPlayer@@QAEHH@Z 10028ea0 f   KPlayer.obj
 0001:00027ec0       ?ResetBaseAttribute@KPlayer@@QAEXD@Z 10028ec0 f   KPlayer.obj
 0001:000281b0       ?CalcCurLucky@KPlayer@@AAEXXZ 100291b0 f   KPlayer.obj
 0001:000281c0       ?ChangeCurStrength@KPlayer@@QAEXH@Z 100291c0 f   KPlayer.obj
 0001:000281e0       ?ChangeCurDexterity@KPlayer@@QAEXH@Z 100291e0 f   KPlayer.obj
 0001:00028250       ?ChangeCurVitality@KPlayer@@QAEXH@Z 10029250 f   KPlayer.obj
 0001:00028320       ?ChangeCurEngergy@KPlayer@@QAEXH@Z 10029320 f   KPlayer.obj
 0001:000283a0       ?AddBaseLucky@KPlayer@@QAEXH@Z 100293a0 f   KPlayer.obj
 0001:000283c0       ?SetNpcPhysicsDamage@KPlayer@@AAEXXZ 100293c0 f   KPlayer.obj
 0001:000284c0       ?SetNpcAttackRating@KPlayer@@AAEXXZ 100294c0 f   KPlayer.obj
 0001:00028500       ?SetNpcDefence@KPlayer@@AAEXXZ 10029500 f   KPlayer.obj
 0001:00028540       ?AddExp@KPlayer@@QAEXMHH@Z 10029540 f   KPlayer.obj
 0001:00028560       ?AddSelfExp@KPlayer@@QAEXHH@Z 10029560 f   KPlayer.obj
 0001:00028660       ?DirectAddExp@KPlayer@@QAEXH@Z 10029660 f   KPlayer.obj
 0001:000286c0       ?LevelUp@KPlayer@@QAEXXZ   100296c0 f   KPlayer.obj
 0001:00028c30       ?UpdataCurData@KPlayer@@QAEXXZ 10029c30 f   KPlayer.obj
 0001:00029810       ?ReCalcEquip@KPlayer@@QAEXXZ 1002a810 f   KPlayer.obj
 0001:000298b0       ?ReCalcState@KPlayer@@QAEXXZ 1002a8b0 f   KPlayer.obj
 0001:000298e0       ?AddLeadExp@KPlayer@@QAEXH@Z 1002a8e0 f   KPlayer.obj
 0001:00029970       ?LevelAddBaseLifeMax@KPlayer@@AAEXXZ 1002a970 f   KPlayer.obj
 0001:000299f0       ?LevelAddBaseStaminaMax@KPlayer@@AAEXXZ 1002a9f0 f   KPlayer.obj
 0001:00029a80       ?LevelAddBaseManaMax@KPlayer@@AAEXXZ 1002aa80 f   KPlayer.obj
 0001:00029b00       ?ChangePlayerCamp@KPlayer@@QAEXH@Z 1002ab00 f   KPlayer.obj
 0001:00029b30       ?ApplyTeamInfo@KPlayer@@QAEXK@Z 1002ab30 f   KPlayer.obj
 0001:00029b80       ?ApplySelfTeamInfo@KPlayer@@QAEXXZ 1002ab80 f   KPlayer.obj
 0001:00029bb0       ?ApplyCreateTeam@KPlayer@@QAEHXZ 1002abb0 f   KPlayer.obj
 0001:00029bc0       ?ApplyTeamOpenClose@KPlayer@@QAEHH@Z 1002abc0 f   KPlayer.obj
 0001:00029cb0       ?ApplyAddTeam@KPlayer@@QAEXH@Z 1002acb0 f   KPlayer.obj
 0001:00029e10       ?AcceptTeamMember@KPlayer@@QAEXK@Z 1002ae10 f   KPlayer.obj
 0001:00029ec0       ?TeamDropApplyOne@KPlayer@@QAEXK@Z 1002aec0 f   KPlayer.obj
 0001:00029f10       ?LeaveTeam@KPlayer@@QAEXXZ 1002af10 f   KPlayer.obj
 0001:00029f50       ?TeamKickMember@KPlayer@@QAEXK@Z 1002af50 f   KPlayer.obj
 0001:00029fb0       ?ApplyTeamChangeCaptain@KPlayer@@QAEXK@Z 1002afb0 f   KPlayer.obj
 0001:0002a010       ?ApplyTeamDismiss@KPlayer@@QAEXXZ 1002b010 f   KPlayer.obj
 0001:0002a070       ?ApplySetPK@KPlayer@@QAEXH@Z 1002b070 f   KPlayer.obj
 0001:0002a0c0       ?ApplyFactionData@KPlayer@@QAEXXZ 1002b0c0 f   KPlayer.obj
 0001:0002a100       ?SendChat@KPlayer@@QAEXPAUKUiMsgParam@@PAD@Z 1002b100 f   KPlayer.obj
 0001:0002a190       ?ApplyAddBaseAttribute@KPlayer@@QAEXHH@Z 1002b190 f   KPlayer.obj
 0001:0002a200       ?ApplyAddSkillLevel@KPlayer@@QAEHHH@Z 1002b200 f   KPlayer.obj
 0001:0002a2d0       ?ApplyUseItem@KPlayer@@QAEHHUItemPos@@@Z 1002b2d0 f   KPlayer.obj
 0001:0002a5e0       ?PickUpObj@KPlayer@@QAEXH@Z 1002b5e0 f   KPlayer.obj
 0001:0002a770       ?ObjMouseClick@KPlayer@@QAEXH@Z 1002b770 f   KPlayer.obj
 0001:0002a800       ?MoveItem@KPlayer@@QAEXUItemPos@@0@Z 1002b800 f   KPlayer.obj
 0001:0002aac0       ?ThrowAwayItem@KPlayer@@QAEHXZ 1002bac0 f   KPlayer.obj
 0001:0002ad30       ?AutoThrowAwayItem@KPlayer@@QAEHH@Z 1002bd30 f   KPlayer.obj
 0001:0002aea0       ?ChatAddFriend@KPlayer@@QAEXH@Z 1002bea0 f   KPlayer.obj
 0001:0002aef0       ?ChatRefuseFriend@KPlayer@@QAEXH@Z 1002bef0 f   KPlayer.obj
 0001:0002af40       ?TradeApplyOpen@KPlayer@@QAEXPADH@Z 1002bf40 f   KPlayer.obj
 0001:0002afd0       ?TradeApplyClose@KPlayer@@QAEXXZ 1002bfd0 f   KPlayer.obj
 0001:0002b020       ?TradeApplyStart@KPlayer@@QAEXH@Z 1002c020 f   KPlayer.obj
 0001:0002b120       ?TradeMoveMoney@KPlayer@@QAEHH@Z 1002c120 f   KPlayer.obj
 0001:0002b1c0       ?TradeDecision@KPlayer@@QAEXH@Z 1002c1c0 f   KPlayer.obj
 0001:0002b260       ?TradeApplyLock@KPlayer@@QAEXH@Z 1002c260 f   KPlayer.obj
 0001:0002b2e0       ?s2cApplyAddTeam@KPlayer@@QAEXPAE@Z 1002c2e0 f   KPlayer.obj
 0001:0002b530       ?TaskGetSaveVal@KPlayer@@QAEHH@Z 1002c530 f   KPlayer.obj
 0001:0002b550       ?TaskSetSaveVal@KPlayer@@QAEXHH@Z 1002c550 f   KPlayer.obj
 0001:0002b610       ?TaskGetClearVal@KPlayer@@QAEHH@Z 1002c610 f   KPlayer.obj
 0001:0002b630       ?TaskSetClearVal@KPlayer@@QAEXHH@Z 1002c630 f   KPlayer.obj
 0001:0002b650       ?CheckRideHorse@KPlayer@@QAEXH@Z 1002c650 f   KPlayer.obj
 0001:0002b730       ?SetLevel@KPlayer@@QAEXE@Z 1002c730 f   KPlayer.obj
 0001:0002bf50       ?RefeshPlayer@KPlayer@@QAEX_N@Z 1002cf50 f   KPlayer.obj
 0001:0002bfc0       ?AddAllSkillPoint@KPlayer@@QAEXH@Z 1002cfc0 f   KPlayer.obj
 0001:0002c020       ?AddSkillPoint@KPlayer@@QAEXHH@Z 1002d020 f   KPlayer.obj
 0001:0002c180       ?UpdateSkillPointAdd@KPlayer@@QAEXXZ 1002d180 f   KPlayer.obj
 0001:0002c1d0       ?SetDefaultImmedSkill@KPlayer@@QAEXXZ 1002d1d0 f   KPlayer.obj
 0001:0002c270       ?SetLeftSkill@KPlayer@@QAEXH@Z 1002d270 f   KPlayer.obj
 0001:0002c2d0       ?SetRightSkill@KPlayer@@QAEXH@Z 1002d2d0 f   KPlayer.obj
 0001:0002c3c0       ?UpdateWeaponSkill@KPlayer@@QAEXXZ 1002d3c0 f   KPlayer.obj
 0001:0002c4c0       ?SetChatCurChannel@KPlayer@@QAEXH@Z 1002d4c0 f   KPlayer.obj
 0001:0002c4e0       ?TeamInviteAdd@KPlayer@@QAEXK@Z 1002d4e0 f   KPlayer.obj
 0001:0002c500       ?ExecuteScript@KPlayer@@QAEHPAD0H@Z 1002d500 f   KPlayer.obj
 0001:0002c540       ?ExecuteScript@KPlayer@@QAEHKPADH@Z 1002d540 f   KPlayer.obj
 0001:0002c720       ?ExecuteScript@KPlayer@@QAEHKPAD0@Z 1002d720 f   KPlayer.obj
 0001:0002c8f0       ?ExecuteScript@KPlayer@@QAEHPAD00@Z 1002d8f0 f   KPlayer.obj
 0001:0002c940       ?ExecuteScript2@KPlayer@@QAEHPAD0HHH@Z 1002d940 f   KPlayer.obj
 0001:0002c990       ?ExecuteScript2@KPlayer@@QAEHKPADHHH@Z 1002d990 f   KPlayer.obj
 0001:0002cb90       ?ExecuteScript2@KPlayer@@QAEHPAD0H0H@Z 1002db90 f   KPlayer.obj
 0001:0002cbe0       ?ExecuteScript2@KPlayer@@QAEHKPADH0H@Z 1002dbe0 f   KPlayer.obj
 0001:0002cde0       ?DoScriptAction@KPlayer@@QAEXPAUPLAYER_SCRIPTACTION_SYNC@@@Z 1002dde0 f   KPlayer.obj
 0001:0002ce00       ?ProcessPlayerSelectFromUI@KPlayer@@QAEXPAE@Z 1002de00 f   KPlayer.obj
 0001:0002cf50       ?OnSelectFromUI@KPlayer@@QAEXPAUPLAYER_SELECTUI_COMMAND@@W4UIInfo@@@Z 1002df50 f   KPlayer.obj
 0001:0002d0f0       ?ChatFriendOnLine@KPlayer@@QAEXKH@Z 1002e0f0 f   KPlayer.obj
 0001:0002d200       ?GetFactionName@KPlayer@@QAEXPADH@Z 1002e200 f   KPlayer.obj
 0001:0002d220       ?OnScriptAction@KPlayer@@QAEXPAUPLAYER_SCRIPTACTION_SYNC@@@Z 1002e220 f   KPlayer.obj
 0001:0002e090       ??_GKLuaScript@@UAEPAXI@Z  1002f090 f i KPlayer.obj
 0001:0002e090       ??_EKLuaScript@@UAEPAXI@Z  1002f090 f i KPlayer.obj
 0001:0002e0b0       ?s2cTradeChangeState@KPlayer@@QAEXPAE@Z 1002f0b0 f   KPlayer.obj
 0001:0002e3b0       ?s2cLevelUp@KPlayer@@QAEXPAE@Z 1002f3b0 f   KPlayer.obj
 0001:0002ec20       ?s2cGetCurAttribute@KPlayer@@QAEXPAE@Z 1002fc20 f   KPlayer.obj
 0001:0002f0e0       ?s2cSetExp@KPlayer@@QAEXH@Z 100300e0 f   KPlayer.obj
 0001:0002f1a0       ?s2cSyncMoney@KPlayer@@QAEXPAE@Z 100301a0 f   KPlayer.obj
 0001:0002f290       ?s2cTradeApplyStart@KPlayer@@QAEXPAE@Z 10030290 f   KPlayer.obj
 0001:0002f370       ?s2cTradeMoneySync@KPlayer@@QAEXPAE@Z 10030370 f   KPlayer.obj
 0001:0002f3b0       ?s2cTradeDecision@KPlayer@@QAEXPAE@Z 100303b0 f   KPlayer.obj
 0001:0002f540       ?GetRightSkillID@KPlayer@@QBEHXZ 10030540 f   KPlayer.obj
 0001:0002f550       ?GetRightSkillLevel@KPlayer@@QBEHXZ 10030550 f   KPlayer.obj
 0001:0002f560       ?ForceReapplyRightAura@KPlayer@@QAEXXZ 10030560 f   KPlayer.obj
 0001:0002f5d0       ?SyncCurPlayer@KPlayer@@QAEXPAE@Z 100305d0 f   KPlayer.obj
 0001:0002fb70       ?CheckTrading@KPlayer@@QAEHXZ 10030b70 f   KPlayer.obj
 0001:0002fb80       ?SetFirstDamage@KPlayer@@QAEXXZ 10030b80 f   KPlayer.obj
 0001:000300e0       ?SetBaseAttackRating@KPlayer@@QAEXXZ 100310e0 f   KPlayer.obj
 0001:00030110       ?SetBaseDefence@KPlayer@@QAEXXZ 10031110 f   KPlayer.obj
 0001:00030140       ?SetBaseResistData@KPlayer@@QAEXXZ 10031140 f   KPlayer.obj
 0001:000303b0       ?SetBaseSpeedAndRadius@KPlayer@@QAEXXZ 100313b0 f   KPlayer.obj
 0001:00030490       ?DialogNpc@KPlayer@@QAEXH@Z 10031490 f   KPlayer.obj
 0001:00030540       ?CheckObject@KPlayer@@QAEXH@Z 10031540 f   KPlayer.obj
 0001:000305f0       ?ShopApplyOpen@KPlayer@@QAEHXZ 100315f0 f   KPlayer.obj
 0001:00030780       ?ShopApplyClose@KPlayer@@QAEHXZ 10031780 f   KPlayer.obj
 0001:00030820       ?DrawSelectInfo@KPlayer@@QAEXXZ 10031820 f   KPlayer.obj
 0001:000309a0       ?GetEchoDamage@KPlayer@@QAEXPAH00H@Z 100319a0 f   KPlayer.obj
 0001:00031300       ?SetNpcDamageAttrib@KPlayer@@QAEXXZ 10032300 f   KPlayer.obj
 0001:00031310       ?SetBronzeCoin@KPlayer@@QAEXH@Z 10032310 f   KPlayer.obj
 0001:00031320       ?GetBronzeCoin@KPlayer@@QAEHXZ 10032320 f   KPlayer.obj
 0001:00031330       ?SetLockBronzeCoin@KPlayer@@QAEXH@Z 10032330 f   KPlayer.obj
 0001:00031340       ?GetLockBronzeCoin@KPlayer@@QAEHXZ 10032340 f   KPlayer.obj
 0001:00031350       ?HideMask@KPlayer@@QAEXH@Z 10032350 f   KPlayer.obj
 0001:00031410       ?SetExpAddNo@KPlayer@@AAEXH@Z 10032410 f   KPlayer.obj
 0001:00031450       ?ClientSystemMsg@KPlayer@@QAEXPBD0@Z 10032450 f   KPlayer.obj
 0001:00031490       ?SetAutoFlag@KPlayer@@QAEXH@Z 10032490 f   KPlayer.obj
 0001:000314a0       ?SetStoreBoxNum@KPlayer@@QAEXE@Z 100324a0 f   KPlayer.obj
 0001:000314c0       ?SetExpandBoxNum@KPlayer@@QAEXE@Z 100324c0 f   KPlayer.obj
 0001:000314e0       ?FindSame@KEquipmentArray@@QAEHH@Z 100324e0 f   KPlayerAI.obj
 0001:00031500       ?Init@KPlayerAI@@QAEXXZ    10032500 f   KPlayerAI.obj
 0001:00031510       ?Release@KPlayerAI@@QAEXXZ 10032510 f   KPlayerAI.obj
 0001:00031850       ?ResetAuto@KPlayerAI@@QAEXXZ 10032850 f   KPlayerAI.obj
 0001:00031900       ?SendAroundAuto@KPlayerAI@@QAEXH@Z 10032900 f   KPlayerAI.obj
 0001:000319f0       ?Active@KPlayerAI@@QAEXXZ  100329f0 f   KPlayerAI.obj
 0001:000324b0       ?FindNearNpc2Array@KPlayerAI@@QAEHH@Z 100334b0 f   KPlayerAI.obj
 0001:000326d0       ?AutoAddNpc2Array@KPlayerAI@@QAEHH@Z 100336d0 f   KPlayerAI.obj
 0001:00033050       ?PlayerFollowActack@KPlayerAI@@QAEXH@Z 10034050 f   KPlayerAI.obj
 0001:00033990       ?AutoReturn@KPlayerAI@@QAEHXZ 10034990 f   KPlayerAI.obj
 0001:00033ae0       ?PlayerMoveMps@KPlayerAI@@QAEHXZ 10034ae0 f   KPlayerAI.obj
 0001:00033cf0       ?MoveTo@KPlayerAI@@QAEXHH@Z 10034cf0 f   KPlayerAI.obj
 0001:00033e60       ?IsNotValidNpc@KPlayerAI@@QAEHH@Z 10034e60 f   KPlayerAI.obj
 0001:00033ff0       ?DefensePlayer@KPlayerAI@@QAEHH@Z 10034ff0 f   KPlayerAI.obj
 0001:00034110       ?CheckPlayerRider@KPlayerAI@@QAEXXZ 10035110 f   KPlayerAI.obj
 0001:000341b0       ?AutoBuffSkillState@KPlayerAI@@QAEHXZ 100351b0 f   KPlayerAI.obj
 0001:00034360       ?AutoBuffEmi@KPlayerAI@@QAEHXZ 10035360 f   KPlayerAI.obj
 0001:00034720       ?PlayerSwitchAura@KPlayerAI@@QAEXXZ 10035720 f   KPlayerAI.obj
 0001:000347a0       ?PlayerBuffWhenManaSmall@KPlayerAI@@QAEXXZ 100357a0 f   KPlayerAI.obj
 0001:00034870       ?PlayerActiveFightHand@KPlayerAI@@QAEXXZ 10035870 f   KPlayerAI.obj
 0001:00034940       ?InviteParty@KPlayerAI@@QAEXXZ 10035940 f   KPlayerAI.obj
 0001:00034a60       ?CheckPTList@KPlayerAI@@QAEHPBD@Z 10035a60 f   KPlayerAI.obj
 0001:00034ad0       ?IsRAPEquip@KPlayerAI@@QAEHH@Z 10035ad0 f   KPlayerAI.obj
 0001:00034af0       ?IsEquipSatisfyCondition@KPlayerAI@@QAEHH@Z 10035af0 f   KPlayerAI.obj
 0001:00034b60       ?PlayerFilterEquip@KPlayerAI@@QAEXXZ 10035b60 f   KPlayerAI.obj
 0001:00034eb0       ?FindObjectNearPlayer@KPlayerAI@@QAEHXZ 10035eb0 f   KPlayerAI.obj
 0001:000353d0       ?FindNearObject2Array@KPlayerAI@@QAEHXZ 100363d0 f   KPlayerAI.obj
 0001:000355e0       ?IsNotValidObject@KPlayerAI@@QAEHH@Z 100365e0 f   KPlayerAI.obj
 0001:000356e0       ?PlayerFollowObject@KPlayerAI@@QAEHH@Z 100366e0 f   KPlayerAI.obj
 0001:000358c0       ?PlayerEatAItem@KPlayerAI@@QAEHXZ 100368c0 f   KPlayerAI.obj
 0001:00035e50       ?PlayerUseItem@KPlayerAI@@QAEHH@Z 10036e50 f   KPlayerAI.obj
 0001:000362b0       ?EatFullBox@KPlayerAI@@QAEXXZ 100372b0 f   KPlayerAI.obj
 0001:000363b0       ?RepairEquip@KPlayerAI@@QAEHXZ 100373b0 f   KPlayerAI.obj
 0001:00036550       ?SaveMoney@KPlayerAI@@QAEHXZ 10037550 f   KPlayerAI.obj
 0001:000365c0       ?BackToMap@KPlayerAI@@QAEXXZ 100375c0 f   KPlayerAI.obj
 0001:000367f0       ?BackMapTrain@KPlayerAI@@QAEXXZ 100377f0 f   KPlayerAI.obj
 0001:00036a80       ?MoveItemToBox@KPlayerAI@@QAEXXZ 10037a80 f   KPlayerAI.obj
 0001:00036ed0       ?PaintActionAuto@KPlayerAI@@QAEXHHHH@Z 10037ed0 f   KPlayerAI.obj
 0001:00036f10       ?Release@KPlayerChat@@QAEXXZ 10037f10 f   KPlayerChat.obj
 0001:00036fe0       ?CheckExist@KPlayerChat@@QAEHK@Z 10037fe0 f   KPlayerChat.obj
 0001:00037040       ?CheckExist@KPlayerChat@@QAEHPAD@Z 10038040 f   KPlayerChat.obj
 0001:000370e0       ?GetFriendNode@KPlayerChat@@QAEPAVCChatFriend@@K@Z 100380e0 f   KPlayerChat.obj
 0001:00037130       ?GetTeamNo@KPlayerChat@@QAEHK@Z 10038130 f   KPlayerChat.obj
 0001:00037190       ?GetName@KPlayerChat@@QAEHKPAD@Z 10038190 f   KPlayerChat.obj
 0001:00037200       ?SetCurChannel@KPlayerChat@@QAEXHKH@Z 10038200 f   KPlayerChat.obj
 0001:00037280       ?AddChannel@KPlayerChat@@QAEXH@Z 10038280 f   KPlayerChat.obj
 0001:00037300       ?SubChannel@KPlayerChat@@QAEXH@Z 10038300 f   KPlayerChat.obj
 0001:00037370       ?SendTakeChannel@KPlayerChat@@QAEXXZ 10038370 f   KPlayerChat.obj
 0001:000373c0       ?SendSentence@KPlayerChat@@QAEXPAUKUiMsgParam@@PAD@Z 100383c0 f   KPlayerChat.obj
 0001:00037580       ?QQSendSentence@KPlayerChat@@QAEXKHPAUKUiMsgParam@@PAD@Z 10038580 f   KPlayerChat.obj
 0001:000376f0       ?SetTakeChannel@KPlayerChat@@QAEXK@Z 100386f0 f   KPlayerChat.obj
 0001:00037720       ?GetChat@KPlayerChat@@QAEXPAUPLAYER_SEND_CHAT_DATA_SYNC@@@Z 10038720 f   KPlayerChat.obj
 0001:00037c60       ?ApplyAddFriend@KPlayerChat@@QAEXKPAD@Z 10038c60 f   KPlayerChat.obj
 0001:00037dc0       ?GetApplyOneInfo@KPlayerChat@@QAEHPAHPAD1@Z 10038dc0 f   KPlayerChat.obj
 0001:00037e70       ?SaveTeamInfo@KPlayerChat@@QAEXPAD@Z 10038e70 f   KPlayerChat.obj
 0001:00038040       ?SaveTakeChannelInfo@KPlayerChat@@QAEXPAD@Z 10039040 f   KPlayerChat.obj
 0001:00038140       ?LoadTakeChannelInfo@KPlayerChat@@QAEXPAD@Z 10039140 f   KPlayerChat.obj
 0001:000382a0       ?CheckTeamNo@KPlayerChat@@QAEHPAD0@Z 100392a0 f   KPlayerChat.obj
 0001:00038590       ?LoadTeamName@KPlayerChat@@QAEXPAD@Z 10039590 f   KPlayerChat.obj
 0001:00038760       ?AddOne@KPlayerChat@@QAEXKHPADH@Z 10039760 f   KPlayerChat.obj
 0001:00038840       ??_GCChatFriend@@UAEPAXI@Z 10039840 f i KPlayerChat.obj
 0001:00038840       ??_ECChatFriend@@UAEPAXI@Z 10039840 f i KPlayerChat.obj
 0001:00038860       ??1CChatFriend@@UAE@XZ     10039860 f i KPlayerChat.obj
 0001:00038870       ?CheckIsFriend@KPlayerChat@@QAEHH@Z 10039870 f   KPlayerChat.obj
 0001:000388d0       ?AddTeam@KPlayerChat@@QAEHPAD0@Z 100398d0 f   KPlayerChat.obj
 0001:00038a80       ?RenameTeam@KPlayerChat@@QAEHHPAD0@Z 10039a80 f   KPlayerChat.obj
 0001:00038c00       ?DeleteTeam@KPlayerChat@@QAEHHPAD@Z 10039c00 f   KPlayerChat.obj
 0001:00038d60       ?OneFriendChangeTeam@KPlayerChat@@QAEHKHH@Z 10039d60 f   KPlayerChat.obj
 0001:00038e60       ?GetMsgOffLine@KPlayerChat@@QAEXK@Z 10039e60 f   KPlayerChat.obj
 0001:00038f50       ?CheckTakeChannel@KPlayerChat@@QAEHH@Z 10039f50 f   KPlayerChat.obj
 0001:00038f80       ?ApplyDeleteFriend@KPlayerChat@@QAEXKHPAD@Z 10039f80 f   KPlayerChat.obj
 0001:000390a0       ?CheckTalkChannel@KPlayerChat@@QAEHH@Z 1003a0a0 f   KPlayerChat.obj
 0001:000390d0       ?SendSelectChannelList@KPlayerChat@@QAEHPAUKUiChatChannel@@H@Z 1003a0d0 f   KPlayerChat.obj
 0001:000392a0       ?SendTakeChannelList@KPlayerChat@@QAEHPAUKUiChatChannel@@H@Z 1003a2a0 f   KPlayerChat.obj
 0001:00039420       ?GetCurChannel@KPlayerChat@@QAEHPAUKUiChatChannel@@@Z 1003a420 f   KPlayerChat.obj
 0001:00039530       ?IGetTeamInfo@KPlayerChat@@QAEHHPAUKUiChatGroupInfo@@@Z 1003a530 f   KPlayerChat.obj
 0001:000395b0       ?IGetTeamFriendInfo@KPlayerChat@@QAEHHPAUKUiPlayerItem@@@Z 1003a5b0 f   KPlayerChat.obj
 0001:00039680       ??0CChatFriendTeam@@QAE@XZ 1003a680 f   KPlayerChat.obj
 0001:000396d0       ?Release@CChatFriendTeam@@QAEXXZ 1003a6d0 f   KPlayerChat.obj
 0001:00039740       ?SetTime@KCHAT_RECORDER@@AAEXXZ 1003a740 f   KPlayerChat.obj
 0001:000397c0       ?SaveSentenceSingle@KCHAT_RECORDER@@QAEXPAD000@Z 1003a7c0 f   KPlayerChat.obj
 0001:000397d0       ?SaveSentenceChannel@KCHAT_RECORDER@@QAEXPAD00@Z 1003a7d0 f   KPlayerChat.obj
 0001:000397e0       ??0KPlayerFaction@@QAE@XZ  1003a7e0 f   KPlayerFaction.obj
 0001:000397f0       ?Release@KPlayerFaction@@QAEXXZ 1003a7f0 f   KPlayerFaction.obj
 0001:00039810       ?SetSeries@KPlayerFaction@@QAEXH@Z 1003a810 f   KPlayerFaction.obj
 0001:00039820       ?AddFaction@KPlayerFaction@@QAEHHPAD@Z 1003a820 f   KPlayerFaction.obj
 0001:00039860       ?AddFaction@KPlayerFaction@@QAEHHH@Z 1003a860 f   KPlayerFaction.obj
 0001:000398c0       ?LeaveFaction@KPlayerFaction@@QAEXXZ 1003a8c0 f   KPlayerFaction.obj
 0001:000398d0       ?OpenCurSkillLevel@KPlayerFaction@@QAEHHPAVKSkillList@@@Z 1003a8d0 f   KPlayerFaction.obj
 0001:000398e0       ?GetGurFactionCamp@KPlayerFaction@@QAEHXZ 1003a8e0 f   KPlayerFaction.obj
 0001:00039920       ?GetCurFactionNo@KPlayerFaction@@QAEHXZ 1003a920 f   KPlayerFaction.obj
 0001:00039930       ?GetCurFactionName@KPlayerFaction@@QAEXPAD@Z 1003a930 f   KPlayerFaction.obj
 0001:00039990       ??0KPlayerMenuState@@QAE@XZ 1003a990 f   KPlayerMenuState.obj
 0001:000399a0       ?Release@KPlayerMenuState@@QAEXXZ 1003a9a0 f   KPlayerMenuState.obj
 0001:000399d0       ?SetState@KPlayerMenuState@@QAEXH@Z 1003a9d0 f   KPlayerMenuState.obj
 0001:000399f0       ?Init@KPlayerMenuStateGraph@@QAEHXZ 1003a9f0 f   KPlayerMenuState.obj
 0001:00039ab0       ?GetStateSpr@KPlayerMenuStateGraph@@QAEXHPAD@Z 1003aab0 f   KPlayerMenuState.obj
 0001:00039af0       ?Init@KPlayerPK@@QAEXXZ    1003aaf0 f   KPlayerPK.obj
 0001:00039b10       ?Active@KPlayerPK@@QAEXXZ  1003ab10 f   KPlayerPK.obj
 0001:00039b20       ?SetNormalPKState@KPlayerPK@@QAEXEH@Z 1003ab20 f   KPlayerPK.obj
 0001:00039be0       ?ApplySetNormalPKState@KPlayerPK@@QAEXE@Z 1003abe0 f   KPlayerPK.obj
 0001:00039c30       ?GetNormalPKState@KPlayerPK@@QAEEXZ 1003ac30 f   KPlayerPK.obj
[...]
 0003:01ceb090       ?g_bPingReply@@3HA         11d75090     KCore.obj
 0003:01ceb094       ?g_pClient@@3PAUIClient@@A 11d75094     KCore.obj
 0003:01ceb098       ?g_TitleTabSetting@@3VKTabFile@@A 11d75098     KCore.obj
 0003:01ceb0b8       ?g_MapTrafficSetting@@3VKIniFile@@A 11d750b8     KCore.obj
 0003:01ceb118       ?g_StateIniSetting@@3VKIniFile@@A 11d75118     KCore.obj
 0003:01ceb178       ?g_RankTabSetting@@3VKTabFile@@A 11d75178     KCore.obj
 0003:01ceb198       ?g_ClientWeaponSkillTabFile@@3VKTabFile@@A 11d75198     KCore.obj
 0003:01ceb1b8       ?g_pAdjustColorTab@@3PAIA  11d751b8     KCore.obj
 0003:01ceb1bc       ?g_ulAdjustColorCount@@3IA 11d751bc     KCore.obj
 0003:01ceb1c0       ?g_bUISelIntelActiveWithServer@@3HA 11d751c0     KCore.obj
 0003:01ceb1c4       ?g_bUISpeakActiveWithServer@@3HA 11d751c4     KCore.obj
 0003:01ceb1c8       ?g_bUISelLastSelCount@@3HA 11d751c8     KCore.obj
 0003:01ceb1cc       ?g_pMusic@@3PAVKMusic@@A   11d751cc     KCore.obj
 0003:01ceb1d0       ?g_pNpcLevelScript@@3PAVKLuaScript@@A 11d751d0     KCore.obj
 0003:01ceb1d8       ?SubWorld@@3PAVKSubWorld@@A 11d751d8     KSubWorld.obj
 0003:01ceb2d8       ?nActiveRegionCount@@3HA   11d752d8     KSubWorldSet.obj
 0003:01ceb2e0       ?g_SubWorldSet@@3VKSubWorldSet@@A 11d752e0     KSubWorldSet.obj
 0003:01cf73e8       ?g_nConquerSeries@@3PAHA   11d813e8     KMath.obj
 0003:01cf73fc       ?g_nAccrueSeries@@3PAHA    11d813fc     KMath.obj
 0003:01cf7410       ?g_ProtocolProcess@@3VKProtocolProcess@@A 11d81410     KProtocolProcess.obj
 0003:01cf7808       ?g_TempValue@@3PAHA        11d81808     ScriptFuns.obj
 0003:01cf7fd8       ?g_StoryScriptList@@3VKScriptList@@A 11d81fd8     ScriptFuns.obj
 0003:01cf7ff0       ?g_ScriptValueSet@@3VKScriptValueSet@@A 11d81ff0     KScriptValueSet.obj
 0003:01cf8024       ?g_pMainScript@@3PAVKLuaScript@@A 11d82024     KScriptValueSet.obj
 0003:01cf8028       ?g_szCurScriptDir@@3PADA   11d82028     KSortScript.obj
 0003:01cf812c       ?nCurrentScriptNum@@3IA    11d8212c     KSortScript.obj
 0003:01cf8130       ?g_ScriptBinTree@@3V?$BinSTree@VKSortScriptNode@@@@A 11d82130     KSortScript.obj
 0003:01cf8140       ?g_ScriptSet@@3PAVKLuaScript@@A 11d82140     KSortScript.obj
 0003:01cf81b8       ?l_pDataChangedNotifyFunc@@3PAUIClientCallback@@A 11d821b8     CoreShell.obj
 0003:01cf81c0       ?g_ScenePlace@@3VKScenePlaceC@@A 11d821c0     KScenePlaceC.obj
 0003:01d6568c       ?g_pRepresent@@3PAUiRepresentShell@@A 11def68c     ImgRef.obj
 0003:01d65690       ?l_Time@@3IA               11def690     ImgRef.obj
 0003:01d65698       ?g_MagicDesc@@3VKMagicDesc@@A 11def698     KMagicDesc.obj
 0003:01d658f8       ?g_StringResourseTabFile@@3VKTabFile@@A 11def8f8     KTaskFuns.obj
 0003:01d65918       ?Option@@3VKOption@@A      11def918     KOption.obj
 0003:01d65928       ?Ladder@@3VKLadder@@A      11def928     KLadder.obj
 0003:01d67310       ?g_LoadFile@@3VZLoadFile@@A 11df1310     ZLoadFile.obj
 0003:01d67620       ?g_JXPathFinder@@3VKJXPathFinder@@A 11df1620     KJXPathFinder.obj
 0003:01d6766c       __adjust_fdiv              11df166c     <common>
 0003:01d67670       __pRawDllMain              11df1670     <common>
 0003:01d67674       ___onexitend               11df1674     <common>
 0003:01d67678       ___onexitbegin             11df1678     <common>

 entry point at        0001:00077ad3

 Static symbols

 0001:00074ff0       _$E9                       10075ff0 f   KJXPathFinder.obj
 0001:00075000       _$E6                       10076000 f   KJXPathFinder.obj
 0001:00075010       _$E8                       10076010 f   KJXPathFinder.obj
 0001:00075020       _$E7                       10076020 f   KJXPathFinder.obj
 0001:00074a50       _$E28                      10075a50 f   Kautoai.obj
 0001:00074a60       _$E25                      10075a60 f   Kautoai.obj
 0001:00074a70       _$E27                      10075a70 f   Kautoai.obj
 0001:00074a80       _$E26                      10075a80 f   Kautoai.obj
 0001:00074a90       _$E34                      10075a90 f   Kautoai.obj
 0001:00074aa0       _$E31                      10075aa0 f   Kautoai.obj
 0001:00074ab0       _$E33                      10075ab0 f   Kautoai.obj
 0001:00074ac0       _$E32                      10075ac0 f   Kautoai.obj
 0001:000743f0       _$E9                       100753f0 f   ZLoadFile.obj
 0001:00074400       _$E6                       10075400 f   ZLoadFile.obj
 0001:00074410       _$E8                       10075410 f   ZLoadFile.obj
 0001:00074420       _$E7                       10075420 f   ZLoadFile.obj
 0001:00074200       _$E9                       10075200 f   KLadder.obj
 0001:00074210       _$E6                       10075210 f   KLadder.obj
 0001:00074220       _$E8                       10075220 f   KLadder.obj
 0001:00074230       _$E7                       10075230 f   KLadder.obj
 0001:00073430       _$E32                      10074430 f   KTaskFuns.obj
 0001:00073440       _$E29                      10074440 f   KTaskFuns.obj
 0001:00073450       _$E31                      10074450 f   KTaskFuns.obj
 0001:00073460       _$E30                      10074460 f   KTaskFuns.obj
 0001:00072d40       _$E9                       10073d40 f   KMagicDesc.obj
 0001:00072d50       _$E6                       10073d50 f   KMagicDesc.obj
 0001:00072d60       _$E8                       10073d60 f   KMagicDesc.obj
 0001:00072d70       _$E7                       10073d70 f   KMagicDesc.obj
 0001:0006fa30       _$E7                       10070a30 f   SceneMath.obj
 0001:0006fa40       _$E6                       10070a40 f   SceneMath.obj
 0001:000692c0       _$E13                      1006a2c0 f   KScenePlaceC.obj
 0001:000692d0       _$E10                      1006a2d0 f   KScenePlaceC.obj
 0001:000692e0       _$E12                      1006a2e0 f   KScenePlaceC.obj
 0001:000692f0       _$E11                      1006a2f0 f   KScenePlaceC.obj
 0001:0005e450       _$E33                      1005f450 f   CoreShell.obj
 0001:0005e460       _$E32                      1005f460 f   CoreShell.obj
 0001:0005daa0       _$E9                       1005eaa0 f   KSortScript.obj
 0001:0005dab0       _$E6                       1005eab0 f   KSortScript.obj
 0001:0005dad0       _$E8                       1005ead0 f   KSortScript.obj
 0001:0005dae0       _$E7                       1005eae0 f   KSortScript.obj
 0001:0005db00       _$E14                      1005eb00 f   KSortScript.obj
 0001:0005db10       _$E11                      1005eb10 f   KSortScript.obj
 0001:0005db30       _$E13                      1005eb30 f   KSortScript.obj
 0001:0005db40       _$E12                      1005eb40 f   KSortScript.obj
 0001:0005dc10       ?LoadAllScript@@YAKPAD@Z   1005ec10 f   KSortScript.obj
 0001:0005df90       ?LoadScriptToSortList@@YAHPAD@Z 1005ef90 f   KSortScript.obj
 0001:0005e060       ?LoadScriptToSortListA@@YAHPAD@Z 1005f060 f   KSortScript.obj
 0001:0005d250       _$E9                       1005e250 f   KScriptValueSet.obj
 0001:0005d260       _$E6                       1005e260 f   KScriptValueSet.obj
 0001:0005d270       _$E8                       1005e270 f   KScriptValueSet.obj
 0001:0005d280       _$E7                       1005e280 f   KScriptValueSet.obj
 0001:0005b740       _$E32                      1005c740 f   ScriptFuns.obj
 0001:0005b750       _$E29                      1005c750 f   ScriptFuns.obj
 0001:0005b760       _$E31                      1005c760 f   ScriptFuns.obj
 0001:0005b770       _$E30                      1005c770 f   ScriptFuns.obj
 0001:00054590       _$E35                      10055590 f   KProtocolProcess.obj
 0001:000545a0       _$E32                      100555a0 f   KProtocolProcess.obj
 0001:000545b0       _$E34                      100555b0 f   KProtocolProcess.obj
 0001:000545c0       _$E33                      100555c0 f   KProtocolProcess.obj
 0001:000599e0       ?sParseUGName@@YAHABV?$basic_string@DU?$char_traits@D@std@@V?$allocator@D@2@@std@@PAV12@1@Z 1005a9e0 f   KProtocolProcess.obj
 0001:00051fb0       _$E31                      10052fb0 f   KSubWorldSet.obj
 0001:00051fc0       _$E28                      10052fc0 f   KSubWorldSet.obj
 0001:00051fd0       _$E30                      10052fd0 f   KSubWorldSet.obj
 0001:00051fe0       _$E29                      10052fe0 f   KSubWorldSet.obj
 0001:000500d0       _$E35                      100510d0 f   KSubWorld.obj
 0001:000500e0       _$E32                      100510e0 f   KSubWorld.obj
 0001:00050100       _$E34                      10051100 f   KSubWorld.obj
 0001:00050110       _$E33                      10051110 f   KSubWorld.obj
 0001:0004f420       _$E10                      10050420 f   KCore.obj
 0001:0004f430       _$E7                       10050430 f   KCore.obj
 0001:0004f440       _$E9                       10050440 f   KCore.obj
 0001:0004f450       _$E8                       10050450 f   KCore.obj
 0001:0004f460       _$E19                      10050460 f   KCore.obj
 0001:0004f470       _$E16                      10050470 f   KCore.obj
 0001:0004f480       _$E18                      10050480 f   KCore.obj
 0001:0004f490       _$E17                      10050490 f   KCore.obj
 0001:0004f4a0       _$E24                      100504a0 f   KCore.obj
 0001:0004f4b0       _$E21                      100504b0 f   KCore.obj
 0001:0004f4c0       _$E23                      100504c0 f   KCore.obj
 0001:0004f4d0       _$E22                      100504d0 f   KCore.obj
 0001:0004f4e0       _$E29                      100504e0 f   KCore.obj
 0001:0004f4f0       _$E26                      100504f0 f   KCore.obj
 0001:0004f500       _$E28                      10050500 f   KCore.obj
 0001:0004f510       _$E27                      10050510 f   KCore.obj
 0001:0004f520       _$E34                      10050520 f   KCore.obj
 0001:0004f530       _$E31                      10050530 f   KCore.obj
 0001:0004f540       _$E33                      10050540 f   KCore.obj
 0001:0004f550       _$E32                      10050550 f   KCore.obj
 0001:0004f560       _$E39                      10050560 f   KCore.obj
 0001:0004f570       _$E36                      10050570 f   KCore.obj
 0001:0004f590       _$E38                      10050590 f   KCore.obj
 0001:0004f5a0       _$E37                      100505a0 f   KCore.obj
 0001:0004f5c0       _$E44                      100505c0 f   KCore.obj
 0001:0004f5d0       _$E41                      100505d0 f   KCore.obj
 0001:0004f5e0       _$E43                      100505e0 f   KCore.obj
 0001:0004f5f0       _$E42                      100505f0 f   KCore.obj
 0001:0004f600       _$E49                      10050600 f   KCore.obj
 0001:0004f610       _$E46                      10050610 f   KCore.obj
 0001:0004f620       _$E48                      10050620 f   KCore.obj
 0001:0004f630       _$E47                      10050630 f   KCore.obj
 0001:0004f640       _$E54                      10050640 f   KCore.obj
 0001:0004f650       _$E51                      10050650 f   KCore.obj
 0001:0004f660       _$E53                      10050660 f   KCore.obj
 0001:0004f670       _$E52                      10050670 f   KCore.obj
 0001:0004f680       _$E59                      10050680 f   KCore.obj
 0001:0004f690       _$E56                      10050690 f   KCore.obj
 0001:0004f6a0       _$E58                      100506a0 f   KCore.obj
 0001:0004f6b0       _$E57                      100506b0 f   KCore.obj
 0001:0004f6c0       _$E64                      100506c0 f   KCore.obj
 0001:0004f6d0       _$E61                      100506d0 f   KCore.obj
 0001:0004f6e0       _$E63                      100506e0 f   KCore.obj
 0001:0004f6f0       _$E62                      100506f0 f   KCore.obj
 0001:0004f700       _$E69                      10050700 f   KCore.obj
 0001:0004f710       _$E66                      10050710 f   KCore.obj
 0001:0004f720       _$E68                      10050720 f   KCore.obj
 0001:0004f730       _$E67                      10050730 f   KCore.obj
 0001:0004f740       _$E74                      10050740 f   KCore.obj
 0001:0004f750       _$E71                      10050750 f   KCore.obj
 0001:0004f760       _$E73                      10050760 f   KCore.obj
 0001:0004f770       _$E72                      10050770 f   KCore.obj
 0001:0004f780       _$E79                      10050780 f   KCore.obj
 0001:0004f790       _$E76                      10050790 f   KCore.obj
 0001:0004f7a0       _$E78                      100507a0 f   KCore.obj
 0001:0004f7b0       _$E77                      100507b0 f   KCore.obj
 0001:0004f7c0       _$E84                      100507c0 f   KCore.obj
 0001:0004f7d0       _$E81                      100507d0 f   KCore.obj
 0001:0004f7e0       _$E83                      100507e0 f   KCore.obj
 0001:0004f7f0       _$E82                      100507f0 f   KCore.obj
 0001:0004f800       _$E89                      10050800 f   KCore.obj
 0001:0004f810       _$E86                      10050810 f   KCore.obj
 0001:0004f820       _$E88                      10050820 f   KCore.obj
 0001:0004f830       _$E87                      10050830 f   KCore.obj
 0001:0004f840       _$E94                      10050840 f   KCore.obj
 0001:0004f850       _$E91                      10050850 f   KCore.obj
 0001:0004f860       _$E93                      10050860 f   KCore.obj
 0001:0004f870       _$E92                      10050870 f   KCore.obj
 0001:0004f1b0       _$E29                      100501b0 f   KViewItem.obj
 0001:0004f1c0       _$E28                      100501c0 f   KViewItem.obj
 0001:0004ddc0       _$E35                      1004edc0 f   KObjSet.obj
 0001:0004ddd0       _$E32                      1004edd0 f   KObjSet.obj
 0001:0004dde0       _$E34                      1004ede0 f   KObjSet.obj
 0001:0004ddf0       _$E33                      1004edf0 f   KObjSet.obj
 0001:0004cb80       _$E33                      1004db80 f   KObj.obj
 0001:0004cb90       _$E32                      1004db90 f   KObj.obj
 0001:0004c230       _$E9                       1004d230 f   KItemSet.obj
 0001:0004c240       _$E6                       1004d240 f   KItemSet.obj
 0001:0004c250       _$E8                       1004d250 f   KItemSet.obj
 0001:0004c260       _$E7                       1004d260 f   KItemSet.obj
 0001:00045010       _$E28                      10046010 f   KItemGenerator.obj
 0001:00045020       _$E25                      10046020 f   KItemGenerator.obj
 0001:00045030       _$E27                      10046030 f   KItemGenerator.obj
 0001:00045040       _$E26                      10046040 f   KItemGenerator.obj
 0001:00045050       _$E34                      10046050 f   KItemGenerator.obj
 0001:00045060       _$E31                      10046060 f   KItemGenerator.obj
 0001:00045070       _$E33                      10046070 f   KItemGenerator.obj
 0001:00045080       _$E32                      10046080 f   KItemGenerator.obj
 0001:00045090       _$E39                      10046090 f   KItemGenerator.obj
 0001:000450a0       _$E36                      100460a0 f   KItemGenerator.obj
 0001:000450b0       _$E38                      100460b0 f   KItemGenerator.obj
 0001:000450c0       _$E37                      100460c0 f   KItemGenerator.obj
 0001:00044c40       _$E9                       10045c40 f   KItemChangeRes.obj
 0001:00044c50       _$E6                       10045c50 f   KItemChangeRes.obj
 0001:00044c60       _$E8                       10045c60 f   KItemChangeRes.obj
 0001:00044c70       _$E7                       10045c70 f   KItemChangeRes.obj
 0001:00041950       _$E31                      10042950 f   KItem.obj
 0001:00041960       _$E28                      10042960 f   KItem.obj
 0001:00041980       _$E30                      10042980 f   KItem.obj
 0001:00041990       _$E29                      10042990 f   KItem.obj
 0001:00040610       _$E31                      10041610 f   KBuySell.obj
 0001:00040620       _$E28                      10041620 f   KBuySell.obj
 0001:00040630       _$E30                      10041630 f   KBuySell.obj
 0001:00040640       _$E29                      10041640 f   KBuySell.obj
 0001:0003b630       _$E29                      1003c630 f   KPlayerTeam.obj
 0001:0003b640       _$E28                      1003c640 f   KPlayerTeam.obj
 0001:0003a420       _$E31                      1003b420 f   KPlayerSet.obj
 0001:0003a430       _$E28                      1003b430 f   KPlayerSet.obj
 0001:0003a440       _$E30                      1003b440 f   KPlayerSet.obj
 0001:0003a450       _$E29                      1003b450 f   KPlayerSet.obj
 0001:00026b10       _$E36                      10027b10 f   KPlayer.obj
 0001:00026b20       _$E33                      10027b20 f   KPlayer.obj
 0001:00026b40       _$E35                      10027b40 f   KPlayer.obj
 0001:00026b50       _$E34                      10027b50 f   KPlayer.obj
 0001:00024310       _$E35                      10025310 f   KNpcSet.obj
 0001:00024320       _$E32                      10025320 f   KNpcSet.obj
 0001:00024330       _$E34                      10025330 f   KNpcSet.obj
 0001:00024340       _$E33                      10025340 f   KNpcSet.obj
 0001:00021700       _$E9                       10022700 f   KNpcResList.obj
 0001:00021710       _$E6                       10022710 f   KNpcResList.obj
 0001:00021720       _$E8                       10022720 f   KNpcResList.obj
 0001:00021730       _$E7                       10022730 f   KNpcResList.obj
 0001:0001b8a0       _$E31                      1001c8a0 f   KNpcAttribModify.obj
 0001:0001b8b0       _$E28                      1001c8b0 f   KNpcAttribModify.obj
 0001:0001b8c0       _$E30                      1001c8c0 f   KNpcAttribModify.obj
 0001:0001b8d0       _$E29                      1001c8d0 f   KNpcAttribModify.obj
 0001:000187b0       _$E29                      100197b0 f   KNpcAI.obj
 0001:000187c0       _$E28                      100197c0 f   KNpcAI.obj
 0001:0000d760       _$E35                      1000e760 f   KNpc.obj
 0001:0000d770       _$E32                      1000e770 f   KNpc.obj
 0001:0000d790       _$E34                      1000e790 f   KNpc.obj
 0001:0000d7a0       _$E33                      1000e7a0 f   KNpc.obj
 0001:0000cf20       _$E13                      1000df20 f   KSkillSpecial.obj
 0001:0000cf30       _$E10                      1000df30 f   KSkillSpecial.obj
 0001:0000cf40       _$E12                      1000df40 f   KSkillSpecial.obj
 0001:0000cf50       _$E11                      1000df50 f   KSkillSpecial.obj
 0001:00005720       _$E31                      10006720 f   KSkillManager.obj
 0001:00005730       _$E28                      10006730 f   KSkillManager.obj
 0001:00005740       _$E30                      10006740 f   KSkillManager.obj
 0001:00005750       _$E29                      10006750 f   KSkillManager.obj
 0001:000040e0       _$E9                       100050e0 f   KMissleSet.obj
 0001:000040f0       _$E6                       100050f0 f   KMissleSet.obj
 0001:00004100       _$E8                       10005100 f   KMissleSet.obj
 0001:00004110       _$E7                       10005110 f   KMissleSet.obj
 0001:00000bc0       _$E35                      10001bc0 f   KMissle.obj
 0001:00000bd0       _$E32                      10001bd0 f   KMissle.obj
 0001:00000bf0       _$E34                      10001bf0 f   KMissle.obj
 0001:00000c00       _$E33                      10001c00 f   KMissle.obj
 0001:00000c20       _$E40                      10001c20 f   KMissle.obj
 0001:00000c30       _$E37                      10001c30 f   KMissle.obj
 0001:00000c50       _$E39                      10001c50 f   KMissle.obj
 0001:00000c60       _$E38                      10001c60 f   KMissle.obj
 0001:00077954       ?ArrayUnwindFilter@@YAHPAU_EXCEPTION_POINTERS@@@Z 10078954 f   MSVCRT:ehvecdtr.obj
