 Game

 Timestamp is 68843363 (Sat Jul 26 08:46:11 2025)

 Preferred load address is 00400000

 Start         Length     Name                   Class
 0001:00000000 000d3092H .text                   CODE
 0001:000d30a0 0000b8ccH .text$x                 CODE
 0002:00000000 00000434H .idata$5                DATA
 0002:00000438 000026acH .rdata                  DATA
 0002:00002ae8 0000a020H .xdata$x                DATA
 0002:0000cb08 000000c8H .idata$2                DATA
 0002:0000cbd0 00000014H .idata$3                DATA
 0002:0000cbe4 00000434H .idata$4                DATA
 0002:0000d018 00001a94H .idata$6                DATA
 0002:0000eaac 00000000H .edata                  DATA
 0003:00000000 00000004H .CRT$XCA                DATA
 0003:00000004 0000007cH .CRT$XCU                DATA
 0003:00000080 00000004H .CRT$XCZ                DATA
 0003:00000084 00000004H .CRT$XIA                DATA
 0003:00000088 00000004H .CRT$XIZ                DATA
 0003:00000090 0000fecaH .data                   DATA
 0003:0000ff60 00005810H .bss                    DATA
 0004:00000000 000000e8H .rsrc$01                DATA
 0004:000000f0 00000be0H .rsrc$02                DATA

  Address         Publics by Value              Rva+Base     Lib:Object

 0001:00000000       ?ALW_GetWndPosition@@YAXAAH0HH_N1@Z 00401000 f   AutoLocateWnd.obj
 0001:00000147       ?gGetComClassFactory@@YAPAVKComClassFactory@@XZ 00401147 f   ComWindow.obj
 0001:00000151       ??0KComClassFactory@@QAE@XZ 00401151 f   ComWindow.obj
 0001:00000170       ?FindComClass@KComClassFactory@@QAEPAUKComClassInfo@@PBD@Z 00401170 f   ComWindow.obj
 0001:000001e2       ?FindComClass@KComClassFactory@@QAEPAUKComClassInfo@@PBU2@@Z 004011e2 f   ComWindow.obj
 0001:00000216       ?RegisterComClass@KComClassFactory@@QAEHABUKComClassInfo@@@Z 00401216 f   ComWindow.obj
 0001:00000282       ?CreateComObject@KComClassFactory@@QAEPAVKWndWindow@@PBD@Z 00401282 f   ComWindow.obj
 0001:000002e0       ?get_VS_ColorRGB@@YAPAHPAH0HH@Z 004012e0 f   LightLoop.obj
 0001:000003fc       ?_Draw_Light@@YAXPAUKRUPoint@@HAAHAAEHHHHH@Z 004013fc f   LightLoop.obj
 0001:0000082e       ?_SwapPos@@YAXAAHAAEHHHH@Z 0040182e f   LightLoop.obj
 0001:000008cc       ?DrawLight@@YAXAAHAAE1HHHHHH@Z 004018cc f   LightLoop.obj
 0001:000016a9       ?DrawBorder@@YAXAAHAAGAAKHHHHH@Z 004026a9 f   LightLoop.obj
 0001:00001890       ??_H@YGXPAXIHP6EX0@Z@Z     00402890 f i MouseHover.obj
 0001:000018f7       ?SetHoverObjDescColor@@YAXI@Z 004028f7 f   MouseHover.obj
 0001:00001904       ?SetMouseHoverObjectDesc@@YAXPAXHIIHHH@Z 00402904 f   MouseHover.obj
 0001:00001c3a       ?DrawDraggingGameObjFunc@@YAHHHABUKUiDraggedObject@@H@Z 00402c3a f   MouseHover.obj
 0001:00001c7e       ??0KMouseOver@@QAE@XZ      00402c7e f   MouseHover.obj
 0001:00001df4       ?IsMoseHoverWndObj@KMouseOver@@QAEHPAXH@Z 00402df4 f   MouseHover.obj
 0001:00001e40       ?CancelMouseHoverInfo@KMouseOver@@QAEXXZ 00402e40 f   MouseHover.obj
 0001:00001f05       ?SetMouseHoverInfo@KMouseOver@@QAEXPAXHHH_N1@Z 00402f05 f   MouseHover.obj
 0001:00001fad       ?SetMouseHoverImage@KMouseOver@@QAEX_N@Z 00402fad f   MouseHover.obj
 0001:00002120       ?SetMouseHoverTitle@KMouseOver@@QAEXPBDHI@Z 00403120 f   MouseHover.obj
 0001:000021b1       ?SetMouseHoverProp@KMouseOver@@QAEXPBDHI@Z 004031b1 f   MouseHover.obj
 0001:00002242       ?SetMouseHoverDesc@KMouseOver@@QAEXPBDHI@Z 00403242 f   MouseHover.obj
 0001:000022d3       ?SetMouseHoverIcon@KMouseOver@@QAEXPBD@Z 004032d3 f   MouseHover.obj
 0001:000023f6       ?Update@KMouseOver@@AAEXHH@Z 004033f6 f   MouseHover.obj
 0001:0000265c       ?UpdateCursorPos@KMouseOver@@QAEXHH@Z 0040365c f   MouseHover.obj
 0001:000026a3       ?OnWndClosed@KMouseOver@@QAEXPAX@Z 004036a3 f   MouseHover.obj
 0001:000026dd       ?LoadScheme@KMouseOver@@QAEXPBD@Z 004036dd f   MouseHover.obj
 0001:00002b75       ?PaintMouseHoverInfo@KMouseOver@@QAEXXZ 00403b75 f   MouseHover.obj
 0001:000032f0       ?GetStatus@KUiBase@@QAE?AW4UISYS_STATUS@@XZ 004042f0 f i MouseHover.obj
 0001:00003310       ??0KOutputTextParam@@QAE@XZ 00404310 f i MouseHover.obj
 0001:00003380       ?OnWndDelete@KPopupMenu@@SAXPAVKWndWindow@@@Z 00404380 f   PopupMenu.obj
 0001:0000339c       ?Popup@KPopupMenu@@SAXPAUKPopupMenuData@@PAVKWndWindow@@I@Z 0040439c f   PopupMenu.obj
 0001:00003856       ?PaintMenu@KPopupMenu@@SAXXZ 00404856 f   PopupMenu.obj
 0001:000041c6       ?HandleInput@KPopupMenu@@SAHIIH@Z 004051c6 f   PopupMenu.obj
 0001:00004320       ?SelectItem@KPopupMenu@@CA_NH_N@Z 00405320 f   PopupMenu.obj
 0001:00004436       ?SelectItem@KPopupMenu@@CA_NHH_N@Z 00405436 f   PopupMenu.obj
 0001:0000463c       ?Cancel@KPopupMenu@@SAXXZ  0040563c f   PopupMenu.obj
 0001:00004692       ?InitMenuData@KPopupMenu@@SAXPAUKPopupMenuData@@H@Z 00405692 f   PopupMenu.obj
 0001:000047e4       ?LoadTheme@KPopupMenu@@SAXPBD@Z 004057e4 f   PopupMenu.obj
 0001:00004c77       ?SetSpaceOverObjDescColor@@YAXI@Z 00405c77 f   SpaceOver.obj
 0001:00004c84       ?SetSpaceOverObjectDesc@@YAXPAXHIIHHHI_N@Z 00405c84 f   SpaceOver.obj
 0001:00004e3d       ??0KSpaceOver@@QAE@XZ      00405e3d f   SpaceOver.obj
 0001:00004f86       ?IsSpaceOverWndObj@KSpaceOver@@QAEHPAXH@Z 00405f86 f   SpaceOver.obj
 0001:00004fd2       ?CancelSpaceOverInfo@KSpaceOver@@QAEXXZ 00405fd2 f   SpaceOver.obj
 0001:00005045       ?SetSpaceOverInfo@KSpaceOver@@QAEXPAXHHHI_N1@Z 00406045 f   SpaceOver.obj
 0001:000050e3       ?SetSpaceOverImage@KSpaceOver@@QAEX_N@Z 004060e3 f   SpaceOver.obj
 0001:00005241       ?SetSpaceOverDesc@KSpaceOver@@QAEXPBDHI@Z 00406241 f   SpaceOver.obj
 0001:000052d2       ?Update@KSpaceOver@@AAEXHH@Z 004062d2 f   SpaceOver.obj
 0001:00005486       ?UpdateCursorPos@KSpaceOver@@QAEXHH@Z 00406486 f   SpaceOver.obj
 0001:000054cc       ?OnWndClosed@KSpaceOver@@QAEXPAX@Z 004064cc f   SpaceOver.obj
 0001:00005506       ?LoadScheme@KSpaceOver@@QAEXPBD@Z 00406506 f   SpaceOver.obj
 0001:000057d1       ?PaintSpaceOverInfo@KSpaceOver@@QAEXXZ 004067d1 f   SpaceOver.obj
 0001:00005be0       ?OutputTabSplitText@@YAHPBDHHHPAUKOutputTextParam@@@Z 00406be0 f   SpecialFuncs.obj
 0001:00005dff       ?SetScrPicPath@@YA_NPBD@Z  00406dff f   SpecialFuncs.obj
 0001:00005ec8       ?GetSrcPicPath@@YAPADXZ    00406ec8 f   SpecialFuncs.obj
 0001:00005eee       ?GetAPrintScreenFileName@@YA_NPADH@Z 00406eee f   SpecialFuncs.obj
 0001:00005f74       ?SaveScreenToFile@@YAXW4ScreenFileType@@I@Z 00406f74 f   SpecialFuncs.obj
 0001:000060b0       ??0KInlinePicSink@@QAE@XZ  004070b0 f   TextPic.obj
 0001:0000616a       ?Init@KInlinePicSink@@QAEHPAUiRepresentShell@@@Z 0040716a f   TextPic.obj
 0001:0000654f       ?UnInit@KInlinePicSink@@QAEHXZ 0040754f f   TextPic.obj
 0001:000065b9       ?GetPicSize@KInlinePicSink@@UAEJGAAH0@Z 004075b9 f   TextPic.obj
 0001:00006768       ?DrawPic@KInlinePicSink@@UAEJGHH@Z 00407768 f   TextPic.obj
 0001:0000691a       ?AddCustomInlinePic@KInlinePicSink@@UAEJAAGPBD@Z 0040791a f   TextPic.obj
 0001:00006b42       ?RemoveCustomInlinePic@KInlinePicSink@@UAEJG@Z 00407b42 f   TextPic.obj
 0001:00006bf0       ??0IInlinePicEngineSink@@QAE@XZ 00407bf0 f i TextPic.obj
 0001:00006c10       ??0?$vector@UKUiImageRef@@V?$allocator@UKUiImageRef@@@std@@@std@@QAE@ABV?$allocator@UKUiImageRef@@@1@@Z 00407c10 f i TextPic.obj
 0001:00006c50       ??1?$vector@UKUiImageRef@@V?$allocator@UKUiImageRef@@@std@@@std@@QAE@XZ 00407c50 f i TextPic.obj
 0001:00006cd0       ?size@?$vector@UKUiImageRef@@V?$allocator@UKUiImageRef@@@std@@@std@@QBEIXZ 00407cd0 f i TextPic.obj
 0001:00006d20       ??A?$vector@UKUiImageRef@@V?$allocator@UKUiImageRef@@@std@@@std@@QAEAAUKUiImageRef@@I@Z 00407d20 f i TextPic.obj
 0001:00006d60       ?push_back@?$vector@UKUiImageRef@@V?$allocator@UKUiImageRef@@@std@@@std@@QAEXABUKUiImageRef@@@Z 00407d60 f i TextPic.obj
 0001:00006da0       ??0?$vector@UKImageParam@@V?$allocator@UKImageParam@@@std@@@std@@QAE@ABV?$allocator@UKImageParam@@@1@@Z 00407da0 f i TextPic.obj
 0001:00006de0       ??1?$vector@UKImageParam@@V?$allocator@UKImageParam@@@std@@@std@@QAE@XZ 00407de0 f i TextPic.obj
 0001:00006e60       ?size@?$vector@UKImageParam@@V?$allocator@UKImageParam@@@std@@@std@@QBEIXZ 00407e60 f i TextPic.obj
 0001:00006eb0       ??A?$vector@UKImageParam@@V?$allocator@UKImageParam@@@std@@@std@@QAEAAUKImageParam@@I@Z 00407eb0 f i TextPic.obj
 0001:00006ee0       ?push_back@?$vector@UKImageParam@@V?$allocator@UKImageParam@@@std@@@std@@QAEXABUKImageParam@@@Z 00407ee0 f i TextPic.obj
 0001:00006f20       ?begin@?$vector@UKUiImageRef@@V?$allocator@UKUiImageRef@@@std@@@std@@QAEPAUKUiImageRef@@XZ 00407f20 f i TextPic.obj
 0001:00006f40       ?end@?$vector@UKUiImageRef@@V?$allocator@UKUiImageRef@@@std@@@std@@QAEPAUKUiImageRef@@XZ 00407f40 f i TextPic.obj
 0001:00006f60       ?insert@?$vector@UKUiImageRef@@V?$allocator@UKUiImageRef@@@std@@@std@@QAEPAUKUiImageRef@@PAU3@ABU3@@Z 00407f60 f i TextPic.obj
 0001:00006fd0       ?_Destroy@?$vector@UKUiImageRef@@V?$allocator@UKUiImageRef@@@std@@@std@@IAEXPAUKUiImageRef@@0@Z 00407fd0 f i TextPic.obj
 0001:00007020       ?deallocate@?$allocator@UKUiImageRef@@@std@@QAEXPAXI@Z 00408020 f i TextPic.obj
 0001:00007050       ?begin@?$vector@UKImageParam@@V?$allocator@UKImageParam@@@std@@@std@@QAEPAUKImageParam@@XZ 00408050 f i TextPic.obj
 0001:00007070       ?end@?$vector@UKImageParam@@V?$allocator@UKImageParam@@@std@@@std@@QAEPAUKImageParam@@XZ 00408070 f i TextPic.obj
 0001:00007090       ?insert@?$vector@UKImageParam@@V?$allocator@UKImageParam@@@std@@@std@@QAEPAUKImageParam@@PAU3@ABU3@@Z 00408090 f i TextPic.obj
 0001:00007100       ?_Destroy@?$vector@UKImageParam@@V?$allocator@UKImageParam@@@std@@@std@@IAEXPAUKImageParam@@0@Z 00408100 f i TextPic.obj
 0001:00007140       ?deallocate@?$allocator@UKImageParam@@@std@@QAEXPAXI@Z 00408140 f i TextPic.obj
 0001:00007170       ?insert@?$vector@UKUiImageRef@@V?$allocator@UKUiImageRef@@@std@@@std@@QAEXPAUKUiImageRef@@IABU3@@Z 00408170 f i TextPic.obj
 0001:000073f0       ?destroy@?$allocator@UKUiImageRef@@@std@@QAEXPAUKUiImageRef@@@Z 004083f0 f i TextPic.obj
 0001:00007420       ?insert@?$vector@UKImageParam@@V?$allocator@UKImageParam@@@std@@@std@@QAEXPAUKImageParam@@IABU3@@Z 00408420 f i TextPic.obj
 0001:00007680       ?destroy@?$allocator@UKImageParam@@@std@@QAEXPAUKImageParam@@@Z 00408680 f i TextPic.obj
 0001:000076b0       ?_Ucopy@?$vector@UKUiImageRef@@V?$allocator@UKUiImageRef@@@std@@@std@@IAEPAUKUiImageRef@@PBU3@0PAU3@@Z 004086b0 f i TextPic.obj
 0001:00007710       ?_Ufill@?$vector@UKUiImageRef@@V?$allocator@UKUiImageRef@@@std@@@std@@IAEXPAUKUiImageRef@@IABU3@@Z 00408710 f i TextPic.obj
 0001:00007760       ?allocate@?$allocator@UKUiImageRef@@@std@@QAEPAUKUiImageRef@@IPBX@Z 00408760 f i TextPic.obj
 0001:00007790       ?_Ucopy@?$vector@UKImageParam@@V?$allocator@UKImageParam@@@std@@@std@@IAEPAUKImageParam@@PBU3@0PAU3@@Z 00408790 f i TextPic.obj
 0001:000077e0       ?_Ufill@?$vector@UKImageParam@@V?$allocator@UKImageParam@@@std@@@std@@IAEXPAUKImageParam@@IABU3@@Z 004087e0 f i TextPic.obj
 0001:00007830       ?allocate@?$allocator@UKImageParam@@@std@@QAEPAUKImageParam@@IPBX@Z 00408830 f i TextPic.obj
 0001:00007860       ?construct@?$allocator@UKUiImageRef@@@std@@QAEXPAUKUiImageRef@@ABU3@@Z 00408860 f i TextPic.obj
 0001:00007890       ?construct@?$allocator@UKImageParam@@@std@@QAEXPAUKImageParam@@ABU3@@Z 00408890 f i TextPic.obj
 0001:000078c0       ?fill@std@@YAXPAUKUiImageRef@@0ABU2@@Z 004088c0 f i TextPic.obj
 0001:000078f0       ?copy_backward@std@@YAPAUKUiImageRef@@PAU2@00@Z 004088f0 f i TextPic.obj
 0001:00007930       ?_Destroy@std@@YAXPAUKUiImageRef@@@Z 00408930 f i TextPic.obj
 0001:00007940       ?fill@std@@YAXPAUKImageParam@@0ABU2@@Z 00408940 f i TextPic.obj
 0001:00007980       ?copy_backward@std@@YAPAUKImageParam@@PAU2@00@Z 00408980 f i TextPic.obj
 0001:000079d0       ?_Destroy@std@@YAXPAUKImageParam@@@Z 004089d0 f i TextPic.obj
 0001:000079e0       ?_Allocate@std@@YAPAUKUiImageRef@@HPAU2@@Z 004089e0 f i TextPic.obj
 0001:00007a10       ?_Allocate@std@@YAPAUKImageParam@@HPAU2@@Z 00408a10 f i TextPic.obj
 0001:00007a40       ?_Construct@std@@YAXPAUKUiImageRef@@ABU2@@Z 00408a40 f i TextPic.obj
 0001:00007aa0       ??2@YAPAXIPAX@Z            00408aa0 f i TextPic.obj
 0001:00007ab0       ?_Construct@std@@YAXPAUKImageParam@@ABU2@@Z 00408ab0 f i TextPic.obj
 0001:00007b20       ??0KUiCursor@@QAE@XZ       00408b20 f   UiCursor.obj
 0001:00007b8d       ?Cleanup@KUiCursor@@QAEXXZ 00408b8d f   UiCursor.obj
 0001:00007c02       ??1KUiCursor@@QAE@XZ       00408c02 f   UiCursor.obj
 0001:00007c26       ?SetPosition@KUiCursor@@QAEXHH@Z 00408c26 f   UiCursor.obj
 0001:00007c4c       ?GetPosition@KUiCursor@@QAEXAAH0@Z 00408c4c f   UiCursor.obj
 0001:00007c76       ?KUiLoadCursor@@YAHPBDAAPAUHICON__@@@Z 00408c76 f   UiCursor.obj
 0001:0000801a       ?SetImage@KUiCursor@@QAEXHPBD@Z 0040901a f   UiCursor.obj
 0001:0000808b       ?SwitchImage@KUiCursor@@QAEHH@Z 0040908b f   UiCursor.obj
 0001:00008143       ?RestoreCursor@KUiCursor@@QAEXXZ 00409143 f   UiCursor.obj
 0001:0000816e       ?Paint@KUiCursor@@QAEXXZ   0040916e f   UiCursor.obj
 0001:00008180       ?Show@KUiCursor@@QAEXH@Z   00409180 f   UiCursor.obj
 0001:000081c0       ?IR_GetCurrentTime@@YAIXZ  004091c0 f   UiImage.obj
 0001:000081ca       ?IR_UpdateTime@@YAXXZ      004091ca f   UiImage.obj
 0001:000081ec       ?IR_InitUiImageRef@@YAXAAUKUiImageRef@@@Z 004091ec f   UiImage.obj
 0001:00008212       ?IR_InitUiImagePartRef@@YAXAAUKUiImagePartRef@@@Z 00409212 f   UiImage.obj
 0001:00008238       ?IR_IsTimePassed@@YAHIAAI@Z 00409238 f   UiImage.obj
 0001:00008263       ?IR_GetRemainTime@@YAIII@Z 00409263 f   UiImage.obj
 0001:0000828f       ?IR_NextFrame@@YAHAAUKUiImageRef@@@Z 0040928f f   UiImage.obj
 0001:000083e3       ?IR_UpdateImagePart@@YAXAAUKUiImagePartRef@@HH@Z 004093e3 f   UiImage.obj
 0001:000086f0       ?IR_DrawImage@@YAXPAUKUiImageRef@@@Z 004096f0 f   UiImage.obj
 0001:0000872b       ?IR_DrawImagePart@@YAXPAUKUiImagePartRef@@@Z 0040972b f   UiImage.obj
 0001:00008766       ?IR_GetSpritePixcelAlpha@@YAHAAUKUiImageRef@@HH@Z 00409766 f   UiImage.obj
 0001:000087bd       ?IR_GetReferenceSpot@@YAXAAUKUiImageRef@@AAH1@Z 004097bd f   UiImage.obj
 0001:00008849       ?IR_GetCurFrame@@YAHAAUKUiImageRef@@@Z 00409849 f   UiImage.obj
 0001:00008878       ?IR_GetNumFrames@@YAHAAUKUiImageRef@@@Z 00409878 f   UiImage.obj
 0001:00008960       ?SetAllButtonTipTextColor@KWndButton@@SAXI@Z 00409960 f   WndButton.obj
 0001:0000896d       ?EnableAllButtonTip@KWndButton@@SAXH@Z 0040996d f   WndButton.obj
 0001:00008980       ??0KWndButton@@QAE@XZ      00409980 f   WndButton.obj
 0001:00008a0f       ?Clone@KWndButton@@QAEXPAV1@@Z 00409a0f f   WndButton.obj
 0001:00008af1       ?Init@KWndButton@@UAEHPAVKIniFile@@PBD@Z 00409af1 f   WndButton.obj
 0001:00008e67       ?IsButtonChecked@KWndButton@@QAEHXZ 00409e67 f   WndButton.obj
 0001:00008e8c       ?CheckButton@KWndButton@@QAEXH@Z 00409e8c f   WndButton.obj
 0001:00008f07       ?IsButtonActive@KWndButton@@QAEHXZ 00409f07 f   WndButton.obj
 0001:00008f2c       ?WndProc@KWndButton@@UAEHIIH@Z 00409f2c f   WndButton.obj
 0001:0000930d       ?GetToolTipInfo@KWndButton@@UAEHPADH@Z 0040a30d f   WndButton.obj
 0001:00009406       ?SetToolTipInfo@KWndButton@@QAEHPADH@Z 0040a406 f   WndButton.obj
 0001:000094b8       ?PaintWindow@KWndButton@@UAEXXZ 0040a4b8 f   WndButton.obj
 0001:00009623       ?OnLBtnDown@KWndButton@@AAEX_N@Z 0040a623 f   WndButton.obj
 0001:00009823       ?OnLBtnUp@KWndButton@@AAEXXZ 0040a823 f   WndButton.obj
 0001:000098dd       ?OnLBtnDownMove@KWndButton@@AAEXXZ 0040a8dd f   WndButton.obj
 0001:00009943       ?Enable@KWndButton@@UAEXH@Z 0040a943 f   WndButton.obj
 0001:000099e0       ??0KWndImageTextButton@@QAE@XZ 0040a9e0 f   WndButton.obj
 0001:00009a7c       ?Init@KWndImageTextButton@@UAEHPAVKIniFile@@PBD@Z 0040aa7c f   WndButton.obj
 0001:00009c60       ?Set2IntText@KWndImageTextButton@@QAEXHHD@Z 0040ac60 f   WndButton.obj
 0001:00009c98       ?SetIntText@KWndImageTextButton@@QAEXHD@Z 0040ac98 f   WndButton.obj
 0001:00009ccc       ?SetWorldRankText@KWndImageTextButton@@QAEXHD@Z 0040accc f   WndButton.obj
 0001:00009d00       ?SetText@KWndImageTextButton@@QAEXPBDH@Z 0040ad00 f   WndButton.obj
 0001:00009d34       ?GetText@KWndImageTextButton@@QAEHPADH@Z 0040ad34 f   WndButton.obj
 0001:00009d68       ?Set2IntValue@KWndImageTextButton@@QAEXHH@Z 0040ad68 f   WndButton.obj
 0001:00009dc0       ?UpdateData@KWndWindow@@UAEXXZ 0040adc0 f i WndButton.obj
 0001:00009de0       ?CloseWindow@KWndWindow@@UAEH_N@Z 0040ade0 f i WndButton.obj
 0001:00009e00       ?Breathe@KWndWindow@@EAEXXZ 0040ae00 f i WndButton.obj
 0001:00009e20       ?GetShortKey@KWndButton@@UAEPBDXZ 0040ae20 f i WndButton.obj
 0001:00009e40       ?OnButtonClick@KWndButton@@UAEXXZ 0040ae40 f i WndButton.obj
 0001:00009e60       ??_GKWndButton@@UAEPAXI@Z  0040ae60 f i WndButton.obj
 0001:00009e60       ??_EKWndButton@@UAEPAXI@Z  0040ae60 f i WndButton.obj
 0001:00009ea0       ??1KWndButton@@UAE@XZ      0040aea0 f i WndButton.obj
 0001:00009ed0       ??1KWndImage@@UAE@XZ       0040aed0 f i WndButton.obj
 0001:00009f00       ?IsDisable@KWndWindow@@QAEHXZ 0040af00 f i WndButton.obj
 0001:00009f20       ??_EKWndImageTextButton@@UAEPAXI@Z 0040af20 f i WndButton.obj
 0001:00009f20       ??_GKWndImageTextButton@@UAEPAXI@Z 0040af20 f i WndButton.obj
 0001:00009f60       ??1KWndMovingImage@@UAE@XZ 0040af60 f i WndButton.obj
 0001:00009f90       ??1KWndImagePart@@UAE@XZ   0040af90 f i WndButton.obj
 0001:00009fc0       ??1KWndImageTextButton@@UAE@XZ 0040afc0 f i WndButton.obj
 0001:0000a050       ??1KWndText32@@UAE@XZ      0040b050 f i WndButton.obj
 0001:0000a080       ??1KWndText@@UAE@XZ        0040b080 f i WndButton.obj
 0001:0000a0b0       ??0KWndChessPanel@@AAE@XZ  0040b0b0 f   WndChessPanel.obj
 0001:0000a0e0       ??1KWndChessPanel@@EAE@XZ  0040b0e0 f   WndChessPanel.obj
 0001:0000a10d       ?OpenWindow@KWndChessPanel@@SAPAV1@_N@Z 0040b10d f   WndChessPanel.obj
 0001:0000a224       ?CloseWindow@KWndChessPanel@@SAX_N@Z 0040b224 f   WndChessPanel.obj
 0001:0000a27a       ?Clear@KWndChessPanel@@SAXXZ 0040b27a f   WndChessPanel.obj
 0001:0000a27f       ?GetIfVisible@KWndChessPanel@@SAPAV1@XZ 0040b27f f   WndChessPanel.obj
 0001:0000a2ac       ?PaintWindow@KWndChessPanel@@UAEXXZ 0040b2ac f   WndChessPanel.obj
 0001:0000a4c1       ?PtInWindow@KWndChessPanel@@UAEHHH@Z 0040b4c1 f   WndChessPanel.obj
 0001:0000a4ef       ?WndProc@KWndChessPanel@@UAEHIIH@Z 0040b4ef f   WndChessPanel.obj
 0001:0000a52a       ?Initialize@KWndChessPanel@@AAEXXZ 0040b52a f   WndChessPanel.obj
 0001:0000a53c       ?Init@KWndChessPanel@@UAEHPAVKIniFile@@PBD@Z 0040b53c f   WndChessPanel.obj
 0001:0000a570       ??_EKWndChessPanel@@EAEPAXI@Z 0040b570 f i WndChessPanel.obj
 0001:0000a570       ??_GKWndChessPanel@@EAEPAXI@Z 0040b570 f i WndChessPanel.obj
 0001:0000a623       ??0KWndEdit@@QAE@XZ        0040b623 f   WndEdit.obj
 0001:0000a6d4       ??1KWndEdit@@UAE@XZ        0040b6d4 f   WndEdit.obj
 0001:0000a701       ?Clone@KWndEdit@@QAEXPAV1@@Z 0040b701 f   WndEdit.obj
 0001:0000a799       ?Init@KWndEdit@@UAEHPAVKIniFile@@PBD@Z 0040b799 f   WndEdit.obj
 0001:0000ab18       ?Enable@KWndEdit@@UAEXH@Z  0040bb18 f   WndEdit.obj
 0001:0000ab7b       ?WndProc@KWndEdit@@UAEHIIH@Z 0040bb7b f   WndEdit.obj
 0001:0000aef3       ?SetColor@KWndEdit@@QAEXI@Z 0040bef3 f   WndEdit.obj
 0001:0000af13       ?InsertString@KWndEdit@@QAEHPBDH@Z 0040bf13 f   WndEdit.obj
 0001:0000b00f       ?Copy@KWndEdit@@AAEHXZ     0040c00f f   WndEdit.obj
 0001:0000b0f0       ?Paste@KWndEdit@@AAEHXZ    0040c0f0 f   WndEdit.obj
 0001:0000b193       ?OnKeyDown@KWndEdit@@IAEHHH@Z 0040c193 f   WndEdit.obj
 0001:0000b7db       ?InsertChar@KWndEdit@@QAEHH@Z 0040c7db f   WndEdit.obj
 0001:0000b90e       ?InsertChar@KWndEdit@@IAEHDD@Z 0040c90e f   WndEdit.obj
 0001:0000ba53       ?UpdateData@KWndEdit@@EAEXXZ 0040ca53 f   WndEdit.obj
 0001:0000baa7       ?FmtForShow@KWndEdit@@AAEXXZ 0040caa7 f   WndEdit.obj
 0001:0000bdfb       ?SplitStringLine@@YAHPADHH@Z 0040cdfb f   WndEdit.obj
 0001:0000bed8       ?PaintWindow@KWndEdit@@UAEXXZ 0040ced8 f   WndEdit.obj
 0001:0000c4b2       ?SetTextPtr@KWndEdit@@IAEXPADH@Z 0040d4b2 f   WndEdit.obj
 0001:0000c514       ?SetText@KWndEdit@@QAEXPBD@Z 0040d514 f   WndEdit.obj
 0001:0000c5d0       ?ClearText@KWndEdit@@QAEX_N@Z 0040d5d0 f   WndEdit.obj
 0001:0000c650       ?SetIntText@KWndEdit@@QAEXH@Z 0040d650 f   WndEdit.obj
 0001:0000c6aa       ?GetIntNumber@KWndEdit@@QAEHXZ 0040d6aa f   WndEdit.obj
 0001:0000c6ee       ?GetTextString@KWndEdit@@QAEPADXZ 0040d6ee f   WndEdit.obj
 0001:0000c713       ?GetText@KWndEdit@@QAEHPADH_N@Z 0040d713 f   WndEdit.obj
 0001:0000c80d       ?GetCaretPosition@KWndEdit@@QAEXPAH0@Z 0040d80d f   WndEdit.obj
 0001:0000c85c       ??0KWndEdit06@@QAE@XZ      0040d85c f   WndEdit.obj
 0001:0000c8e0       ??0KWndEdit32@@QAE@XZ      0040d8e0 f   WndEdit.obj
 0001:0000c964       ??0KWndEdit80@@QAE@XZ      0040d964 f   WndEdit.obj
 0001:0000c9e8       ??0KWndEdit128@@QAE@XZ     0040d9e8 f   WndEdit.obj
 0001:0000ca6f       ??0KWndEdit512@@QAE@XZ     0040da6f f   WndEdit.obj
 0001:0000cb00       ??_EKWndEdit@@UAEPAXI@Z    0040db00 f i WndEdit.obj
 0001:0000cb00       ??_GKWndEdit@@UAEPAXI@Z    0040db00 f i WndEdit.obj
 0001:0000cb40       ??_GKWndEdit06@@UAEPAXI@Z  0040db40 f i WndEdit.obj
 0001:0000cb40       ??_EKWndEdit06@@UAEPAXI@Z  0040db40 f i WndEdit.obj
 0001:0000cb80       ??1KWndEdit06@@UAE@XZ      0040db80 f i WndEdit.obj
 0001:0000cbb0       ??_GKWndEdit32@@UAEPAXI@Z  0040dbb0 f i WndEdit.obj
 0001:0000cbb0       ??_EKWndEdit32@@UAEPAXI@Z  0040dbb0 f i WndEdit.obj
 0001:0000cbf0       ??1KWndEdit32@@UAE@XZ      0040dbf0 f i WndEdit.obj
 0001:0000cc20       ??_EKWndEdit80@@UAEPAXI@Z  0040dc20 f i WndEdit.obj
 0001:0000cc20       ??_GKWndEdit80@@UAEPAXI@Z  0040dc20 f i WndEdit.obj
 0001:0000cc60       ??1KWndEdit80@@UAE@XZ      0040dc60 f i WndEdit.obj
 0001:0000cc90       ??_EKWndEdit128@@UAEPAXI@Z 0040dc90 f i WndEdit.obj
 0001:0000cc90       ??_GKWndEdit128@@UAEPAXI@Z 0040dc90 f i WndEdit.obj
 0001:0000ccd0       ??1KWndEdit128@@UAE@XZ     0040dcd0 f i WndEdit.obj
 0001:0000cd00       ??_GKWndEdit512@@UAEPAXI@Z 0040dd00 f i WndEdit.obj
 0001:0000cd00       ??_EKWndEdit512@@UAEPAXI@Z 0040dd00 f i WndEdit.obj
 0001:0000cd40       ??1KWndEdit512@@UAE@XZ     0040dd40 f i WndEdit.obj
 0001:0000cd70       ??0KWndImage@@QAE@XZ       0040dd70 f   WndImage.obj
 0001:0000cddc       ?Clone@KWndImage@@QAEXPAV1@@Z 0040dddc f   WndImage.obj
 0001:0000ce23       ?Init@KWndImage@@UAEHPAVKIniFile@@PBD@Z 0040de23 f   WndImage.obj
 0001:0000d04f       ?PtInWindow@KWndImage@@UAEHHH@Z 0040e04f f   WndImage.obj
 0001:0000d12a       ?SetFrame@KWndImage@@QAEXH@Z 0040e12a f   WndImage.obj
 0001:0000d14c       ?SetImage@KWndImage@@QAEXFPBD_N@Z 0040e14c f   WndImage.obj
 0001:0000d240       ?UpdateTimer@KWndImage@@QAEXXZ 0040e240 f   WndImage.obj
 0001:0000d26a       ?NextFrame@KWndImage@@QAEHXZ 0040e26a f   WndImage.obj
 0001:0000d295       ?PaintWindow@KWndImage@@UAEXXZ 0040e295 f   WndImage.obj
 0001:0000d303       ?GetCurFrame@KWndImage@@QAEHXZ 0040e303 f   WndImage.obj
 0001:0000d32e       ?GetNumFrames@KWndImage@@QAEHXZ 0040e32e f   WndImage.obj
 0001:0000d359       ?GetMaxFrame@KCanGetNumImage@@QAEHXZ 0040e359 f   WndImage.obj
 0001:0000d384       ?GetCurrentFrame@KCanGetNumImage@@QAEHXZ 0040e384 f   WndImage.obj
 0001:0000d3a0       ??_GKWndImage@@UAEPAXI@Z   0040e3a0 f i WndImage.obj
 0001:0000d3a0       ??_EKWndImage@@UAEPAXI@Z   0040e3a0 f i WndImage.obj
 0001:0000d3e0       ??0KWndImage2@@QAE@XZ      0040e3e0 f   WndImage2.obj
 0001:0000d478       ?Clone@KWndImage2@@QAEXPAV1@@Z 0040e478 f   WndImage2.obj
 0001:0000d50c       ?Init@KWndImage2@@UAEHPAVKIniFile@@PBD@Z 0040e50c f   WndImage2.obj
 0001:0000d750       ?WndProc@KWndImage2@@UAEHIIH@Z 0040e750 f   WndImage2.obj
 0001:0000d858       ?PtInWindow@KWndImage2@@UAEHHH@Z 0040e858 f   WndImage2.obj
 0001:0000d938       ?SetFrame@KWndImage2@@QAEXH@Z 0040e938 f   WndImage2.obj
 0001:0000d95a       ?SetImage@KWndImage2@@QAEXFPBD_N@Z 0040e95a f   WndImage2.obj
 0001:0000da56       ?UpdateTimer@KWndImage2@@QAEXXZ 0040ea56 f   WndImage2.obj
 0001:0000da80       ?NextFrame@KWndImage2@@QAEHXZ 0040ea80 f   WndImage2.obj
 0001:0000daad       ?PaintWindow@KWndImage2@@UAEXXZ 0040eaad f   WndImage2.obj
 0001:0000db23       ?GetCurFrame@KWndImage2@@QAEHXZ 0040eb23 f   WndImage2.obj
 0001:0000db50       ?GetNumFrames@KWndImage2@@QAEHXZ 0040eb50 f   WndImage2.obj
 0001:0000db7d       ?SetToolTipInfo@KWndImage2@@QAEHPADH@Z 0040eb7d f   WndImage2.obj
 0001:0000dc2a       ?SetData@KWndImage2@@QAEXHH@Z 0040ec2a f   WndImage2.obj
 0001:0000dc50       ??_EKWndImage2@@UAEPAXI@Z  0040ec50 f i WndImage2.obj
 0001:0000dc50       ??_GKWndImage2@@UAEPAXI@Z  0040ec50 f i WndImage2.obj
 0001:0000dc90       ??1KWndImage2@@UAE@XZ      0040ec90 f i WndImage2.obj
 0001:0000dcc0       ??0KWndImagePart@@QAE@XZ   0040ecc0 f   WndImagePart.obj
 0001:0000dd2c       ?Clone@KWndImagePart@@IAEXPAV1@@Z 0040ed2c f   WndImagePart.obj
 0001:0000dd7f       ?Init@KWndImagePart@@UAEHPAVKIniFile@@PBD@Z 0040ed7f f   WndImagePart.obj
 0001:0000dea3       ?PaintWindow@KWndImagePart@@UAEXXZ 0040eea3 f   WndImagePart.obj
 0001:0000dfb8       ?SetPart@KWndImagePart@@QAEXHH@Z 0040efb8 f   WndImagePart.obj
 0001:0000e000       ??_GKWndImagePart@@UAEPAXI@Z 0040f000 f i WndImagePart.obj
 0001:0000e000       ??_EKWndImagePart@@UAEPAXI@Z 0040f000 f i WndImagePart.obj
 0001:0000e040       ??0KWndLabeledButton@@QAE@XZ 0040f040 f   WndLabeledButton.obj
 0001:0000e0b8       ?Clone@KWndLabeledButton@@QAEXPAV1@@Z 0040f0b8 f   WndLabeledButton.obj
 0001:0000e1ce       ?Init@KWndLabeledButton@@UAEHPAVKIniFile@@PBD@Z 0040f1ce f   WndLabeledButton.obj
 0001:0000e527       ?SetLabel@KWndLabeledButton@@QAEXPBD@Z 0040f527 f   WndLabeledButton.obj
 0001:0000e5ad       ?GetLabel@KWndLabeledButton@@QAEHPADH@Z 0040f5ad f   WndLabeledButton.obj
 0001:0000e630       ?SetLabelColor@KWndLabeledButton@@QAEXI@Z 0040f630 f   WndLabeledButton.obj
 0001:0000e650       ?PaintWindow@KWndLabeledButton@@UAEXXZ 0040f650 f   WndLabeledButton.obj
 0001:0000e7f6       ?Init@KWndRichLabeledButton@@UAEHPAVKIniFile@@PBD@Z 0040f7f6 f   WndLabeledButton.obj
 0001:0000e8ba       ?SetLabel@KWndRichLabeledButton@@QAEXPBDH@Z 0040f8ba f   WndLabeledButton.obj
 0001:0000e8ee       ?SetMoneyLabel@KWndRichLabeledButton@@QAEXK@Z 0040f8ee f   WndLabeledButton.obj
 0001:0000e9cd       ?SetLabelColor@KWndRichLabeledButton@@QAEXI@Z 0040f9cd f   WndLabeledButton.obj
 0001:0000e9fd       ?GetLabel@KWndRichLabeledButton@@QAEHPAD@Z 0040f9fd f   WndLabeledButton.obj
 0001:0000ea4b       ?PaintWindow@KWndRichLabeledButton@@UAEXXZ 0040fa4b f   WndLabeledButton.obj
 0001:0000eab0       ??_EKWndLabeledButton@@UAEPAXI@Z 0040fab0 f i WndLabeledButton.obj
 0001:0000eab0       ??_GKWndLabeledButton@@UAEPAXI@Z 0040fab0 f i WndLabeledButton.obj
 0001:0000eaf0       ??1KWndLabeledButton@@UAE@XZ 0040faf0 f i WndLabeledButton.obj
 0001:0000eb20       ??0KWndList@@QAE@XZ        0040fb20 f   WndList.obj
 0001:0000ec59       ?Clone@KWndList@@IAEXPAV1@@Z 0040fc59 f   WndList.obj
 0001:0000edcf       ??1KWndList@@UAE@XZ        0040fdcf f   WndList.obj
 0001:0000ee33       ?SetScrollbar@KWndList@@QAEXPAVKWndScrollBar@@@Z 0040fe33 f   WndList.obj
 0001:0000eeea       ?Init@KWndList@@UAEHPAVKIniFile@@PBD@Z 0040feea f   WndList.obj
 0001:0000f2d9       ?EnableMultiSel@KWndList@@QAEXH@Z 004102d9 f   WndList.obj
 0001:0000f446       ?SetCustomColorOffset@KWndList@@QAEXH@Z 00410446 f   WndList.obj
 0001:0000f475       ?WndProc@KWndList@@UAEHIIH@Z 00410475 f   WndList.obj
 0001:0000f610       ?GetIemIndexAtPoint@KWndList@@AAEHHH@Z 00410610 f   WndList.obj
 0001:0000f6f9       ?OnLButtonDown@KWndList@@AAEXHH@Z 004106f9 f   WndList.obj
 0001:0000f83d       ?IsItemSel@KWndList@@QAEHH@Z 0041083d f   WndList.obj
 0001:0000f8c2       ?OnRButtonDown@KWndList@@AAEXHH@Z 004108c2 f   WndList.obj
 0001:0000f934       ?OnLButtonDClick@KWndList@@AAEXHH@Z 00410934 f   WndList.obj
 0001:0000f9a6       ?SetCurSel@KWndList@@QAEHH@Z 004109a6 f   WndList.obj
 0001:0000fad3       ?UpdateData@KWndList@@EAEXXZ 00410ad3 f   WndList.obj
 0001:0000fb7f       ?OnMouseMove@KWndList@@AAEXHH@Z 00410b7f f   WndList.obj
 0001:0000fc02       ?PaintWindow@KWndList@@UAEXXZ 00410c02 f   WndList.obj
 0001:00010444       ?SetContent@KWndList@@QAEXPAEHHH@Z 00411444 f   WndList.obj
 0001:000105e8       ?FindString@KWndList@@QAEHHPBD@Z 004115e8 f   WndList.obj
 0001:00010674       ?GetItemDataInt@KWndList@@QAEHHH@Z 00411674 f   WndList.obj
 0001:000106c7       ?GetString@KWndList@@QAEXHPAD@Z 004116c7 f   WndList.obj
 0001:00010729       ?GetStrignLen@KWndList@@QAEHH@Z 00411729 f   WndList.obj
 0001:0001077d       ?SetTopItemIndex@KWndList@@QAEXH@Z 0041177d f   WndList.obj
 0001:000107ab       ?GetVisibleItemCount@KWndList@@QBEHXZ 004117ab f   WndList.obj
 0001:000107e6       ?SetImage@KWndList@@QAEXPBDFF@Z 004117e6 f   WndList.obj
 0001:00010850       ??_GKWndList@@UAEPAXI@Z    00411850 f i WndList.obj
 0001:00010850       ??_EKWndList@@UAEPAXI@Z    00411850 f i WndList.obj
 0001:00010890       ?GetStyle@KWndWindow@@QAEHXZ 00411890 f i WndList.obj
 0001:000108b0       ?SetStyle@KWndWindow@@QAEHI@Z 004118b0 f i WndList.obj
 0001:000108e0       ?GetScrollPos@KWndScrollBar@@QAEHXZ 004118e0 f i WndList.obj
 0001:00010900       ??0KWndList2@@QAE@XZ       00411900 f   WndList2.obj
 0001:000109ef       ??1KWndList2@@UAE@XZ       004119ef f   WndList2.obj
 0001:00010a51       ?Clone@KWndList2@@IAEXPAV1@@Z 00411a51 f   WndList2.obj
 0001:00010b0b       ?Init@KWndList2@@UAEHPAVKIniFile@@PBD@Z 00411b0b f   WndList2.obj
 0001:00010ebd       ?SetScrollbar@KWndList2@@QAEXPAVKWndScrollBar@@@Z 00411ebd f   WndList2.obj
 0001:00010f8c       ?WndProc@KWndList2@@UAEHIIH@Z 00411f8c f   WndList2.obj
 0001:000110b0       ?SetCurSel@KWndList2@@QAEHH@Z 004120b0 f   WndList2.obj
 0001:0001119a       ?IsItemSel@KWndList2@@QAEHH@Z 0041219a f   WndList2.obj
 0001:000111bc       ?OnLButtonDown@KWndList2@@AAEXHH@Z 004121bc f   WndList2.obj
 0001:00011263       ?OnMouseMove@KWndList2@@AAEXHH@Z 00412263 f   WndList2.obj
 0001:00011315       ?AddString@KWndList2@@QAEHHPBD00_N@Z 00412315 f   WndList2.obj
 0001:00011624       ?DeleteString@KWndList2@@QAEHH@Z 00412624 f   WndList2.obj
 0001:00011823       ?ResetContent@KWndList2@@QAEXXZ 00412823 f   WndList2.obj
 0001:000119a0       ?PaintWindow@KWndList2@@UAEXXZ 004129a0 f   WndList2.obj
 0001:00011e0e       ?FindString@KWndList2@@QAEHHPBD@Z 00412e0e f   WndList2.obj
 0001:00011ebd       ?SetItemData@KWndList2@@QAEHHH@Z 00412ebd f   WndList2.obj
 0001:00011efb       ?GetItemData@KWndList2@@QAEHH@Z 00412efb f   WndList2.obj
 0001:00011f34       ?GetString@KWndList2@@QAEHHPADI@Z 00412f34 f   WndList2.obj
 0001:00011fbe       ?SetTopItemIndex@KWndList2@@QAEXH@Z 00412fbe f   WndList2.obj
 0001:00011fec       ?GetVisibleLineCount@KWndList2@@QBEHXZ 00412fec f   WndList2.obj
 0001:00012020       ??_EKWndList2@@UAEPAXI@Z   00413020 f i WndList2.obj
 0001:00012020       ??_GKWndList2@@UAEPAXI@Z   00413020 f i WndList2.obj
 0001:00012060       ?GetCount@KWndList2@@QAEHXZ 00413060 f i WndList2.obj
 0001:00012080       ??0KWndListFilterItem@@QAE@XZ 00413080 f   WndListFilterItem.obj
 0001:00012127       ??1KWndListFilterItem@@UAE@XZ 00413127 f   WndListFilterItem.obj
 0001:00012189       ?Clone@KWndListFilterItem@@IAEXPAV1@@Z 00413189 f   WndListFilterItem.obj
 0001:00012209       ?Init@KWndListFilterItem@@UAEHPAVKIniFile@@PBD@Z 00413209 f   WndListFilterItem.obj
 0001:0001243b       ?SetScrollbar@KWndListFilterItem@@QAEXPAVKWndScrollBar@@@Z 0041343b f   WndListFilterItem.obj
 0001:0001250a       ?WndProc@KWndListFilterItem@@UAEHIIH@Z 0041350a f   WndListFilterItem.obj
 0001:0001262e       ?SetCurSel@KWndListFilterItem@@QAEHH@Z 0041362e f   WndListFilterItem.obj
 0001:00012718       ?OnLButtonDown@KWndListFilterItem@@AAEXHH@Z 00413718 f   WndListFilterItem.obj
 0001:000127bf       ?OnMouseMove@KWndListFilterItem@@AAEXHH@Z 004137bf f   WndListFilterItem.obj
 0001:00012871       ?AddString@KWndListFilterItem@@QAEHHPBDHHH@Z 00413871 f   WndListFilterItem.obj
 0001:00012b30       ?DeleteString@KWndListFilterItem@@QAEHH@Z 00413b30 f   WndListFilterItem.obj
 0001:00012d2f       ?ResetContent@KWndListFilterItem@@QAEXXZ 00413d2f f   WndListFilterItem.obj
 0001:00012eac       ?PaintWindow@KWndListFilterItem@@UAEXXZ 00413eac f   WndListFilterItem.obj
 0001:00013133       ?FindOptionIndex@KWndListFilterItem@@QAEHH@Z 00414133 f   WndListFilterItem.obj
 0001:00013197       ?SetItemValue@KWndListFilterItem@@QAEHHH@Z 00414197 f   WndListFilterItem.obj
 0001:000131d5       ?GetItemValue@KWndListFilterItem@@QAEHH@Z 004141d5 f   WndListFilterItem.obj
 0001:0001320e       ?GetItemOption@KWndListFilterItem@@QAEHH@Z 0041420e f   WndListFilterItem.obj
 0001:00013246       ?GetString@KWndListFilterItem@@QAEHHPADI@Z 00414246 f   WndListFilterItem.obj
 0001:000132e8       ?SetTopItemIndex@KWndListFilterItem@@QAEXH@Z 004142e8 f   WndListFilterItem.obj
 0001:00013316       ?GetVisibleLineCount@KWndListFilterItem@@QBEHXZ 00414316 f   WndListFilterItem.obj
 0001:00013340       ??_EKWndListFilterItem@@UAEPAXI@Z 00414340 f i WndListFilterItem.obj
 0001:00013340       ??_GKWndListFilterItem@@UAEPAXI@Z 00414340 f i WndListFilterItem.obj
 0001:00013380       ?GetCount@KWndListFilterItem@@QAEHXZ 00414380 f i WndListFilterItem.obj
 0001:000133a0       ??0KWndListPoint@@QAE@XZ   004143a0 f   WndListPoint.obj
 0001:00013447       ??1KWndListPoint@@UAE@XZ   00414447 f   WndListPoint.obj
 0001:000134a9       ?Clone@KWndListPoint@@IAEXPAV1@@Z 004144a9 f   WndListPoint.obj
 0001:00013529       ?Init@KWndListPoint@@UAEHPAVKIniFile@@PBD@Z 00414529 f   WndListPoint.obj
 0001:0001375b       ?SetScrollbar@KWndListPoint@@QAEXPAVKWndScrollBar@@@Z 0041475b f   WndListPoint.obj
 0001:0001382a       ?WndProc@KWndListPoint@@UAEHIIH@Z 0041482a f   WndListPoint.obj
 0001:0001394e       ?SetCurSel@KWndListPoint@@QAEHH@Z 0041494e f   WndListPoint.obj
 0001:00013a38       ?OnLButtonDown@KWndListPoint@@AAEXHH@Z 00414a38 f   WndListPoint.obj
 0001:00013adf       ?OnMouseMove@KWndListPoint@@AAEXHH@Z 00414adf f   WndListPoint.obj
 0001:00013b91       ?AddValue@KWndListPoint@@QAEHHHHH@Z 00414b91 f   WndListPoint.obj
 0001:00013e00       ?DeleteString@KWndListPoint@@QAEHH@Z 00414e00 f   WndListPoint.obj
 0001:00013fff       ?ResetContent@KWndListPoint@@QAEXXZ 00414fff f   WndListPoint.obj
 0001:0001417c       ?PaintWindow@KWndListPoint@@UAEXXZ 0041517c f   WndListPoint.obj
 0001:00014306       ?FindString@KWndListPoint@@QAEHHPBD@Z 00415306 f   WndListPoint.obj
 0001:0001431d       ?SetItemValue1@KWndListPoint@@QAEHHH@Z 0041531d f   WndListPoint.obj
 0001:0001435b       ?GetItemValue1@KWndListPoint@@QAEHH@Z 0041535b f   WndListPoint.obj
 0001:00014394       ?SetItemValue2@KWndListPoint@@QAEHHH@Z 00415394 f   WndListPoint.obj
 0001:000143d2       ?GetItemValue2@KWndListPoint@@QAEHH@Z 004153d2 f   WndListPoint.obj
 0001:0001440b       ?GetString@KWndListPoint@@QAEHHPAD0I@Z 0041540b f   WndListPoint.obj
 0001:00014422       ?SetTopItemIndex@KWndListPoint@@QAEXH@Z 00415422 f   WndListPoint.obj
 0001:00014450       ?GetVisibleLineCount@KWndListPoint@@QBEHXZ 00415450 f   WndListPoint.obj
 0001:00014480       ??_EKWndListPoint@@UAEPAXI@Z 00415480 f i WndListPoint.obj
 0001:00014480       ??_GKWndListPoint@@UAEPAXI@Z 00415480 f i WndListPoint.obj
 0001:000144c0       ?GetCount@KWndListPoint@@QAEHXZ 004154c0 f i WndListPoint.obj
 0001:000144e0       ??0KWndMessageListBox@@QAE@XZ 004154e0 f   WndMessageListBox.obj
 0001:000145cc       ??1KWndMessageListBox@@UAE@XZ 004155cc f   WndMessageListBox.obj
 0001:00014630       ?SetCapability@KWndMessageListBox@@QAEHH@Z 00415630 f   WndMessageListBox.obj
 0001:0001481e       ?SetScrollbar@KWndMessageListBox@@QAEXPAVKWndScrollBar@@@Z 0041581e f   WndMessageListBox.obj
 0001:00014861       ?AddOneMessage@KWndMessageListBox@@QAEHPBDH00HHHI@Z 00415861 f   WndMessageListBox.obj
 0001:00014b93       ?RemoveAMessage@KWndMessageListBox@@QAEXH@Z 00415b93 f   WndMessageListBox.obj
 0001:00014d33       ?Clear@KWndMessageListBox@@QAEXXZ 00415d33 f   WndMessageListBox.obj
 0001:00014dbe       ?Clone@KWndMessageListBox@@QAEXPAV1@@Z 00415dbe f   WndMessageListBox.obj
 0001:00014eb5       ?Init@KWndMessageListBox@@UAEHPAVKIniFile@@PBD@Z 00415eb5 f   WndMessageListBox.obj
 0001:000153da       ?SetSize@KWndMessageListBox@@UAEXHH@Z 004163da f   WndMessageListBox.obj
 0001:000155f1       ?SetFontSize@KWndMessageListBox@@QAEXH@Z 004165f1 f   WndMessageListBox.obj
 0001:00015657       ?UpdateData@KWndMessageListBox@@EAEXXZ 00416657 f   WndMessageListBox.obj
 0001:00015751       ?GetFirstShowLine@KWndMessageListBox@@QAEHXZ 00416751 f   WndMessageListBox.obj
 0001:000157b9       ?SetFirstShowLine@KWndMessageListBox@@QAEXH@Z 004167b9 f   WndMessageListBox.obj
 0001:00015952       ?GetItemLineCount@KWndMessageListBox@@QAEHH@Z 00416952 f   WndMessageListBox.obj
 0001:000159c8       ?PaintWindow@KWndMessageListBox@@EAEXXZ 004169c8 f   WndMessageListBox.obj
 0001:00015f24       ?WndProc@KWndMessageListBox@@EAEHIIH@Z 00416f24 f   WndMessageListBox.obj
 0001:000160b7       ?GetMsgAtPoint@KWndMessageListBox@@AAEHHH@Z 004170b7 f   WndMessageListBox.obj
 0001:000161bf       ?HitTextAtPoint@KWndMessageListBox@@QAEHHH@Z 004171bf f   WndMessageListBox.obj
 0001:000162fa       ?OnLButtonDown@KWndMessageListBox@@AAEXHH@Z 004172fa f   WndMessageListBox.obj
 0001:0001637e       ?OnLButtonDClick@KWndMessageListBox@@AAEXHH@Z 0041737e f   WndMessageListBox.obj
 0001:000163f0       ?SetCurSel@KWndMessageListBox@@QAEHH@Z 004173f0 f   WndMessageListBox.obj
 0001:00016471       ?OnMouseMove@KWndMessageListBox@@AAEXHH@Z 00417471 f   WndMessageListBox.obj
 0001:000164fd       ?GetOneMessage@KWndMessageListBox@@QAEHHPADH_N@Z 004174fd f   WndMessageListBox.obj
 0001:000165ce       ?SplitData@KWndMessageListBox@@QAEIXZ 004175ce f   WndMessageListBox.obj
 0001:0001672c       ?BindData@KWndMessageListBox@@QAEII@Z 0041772c f   WndMessageListBox.obj
 0001:0001691b       ?FreeData@KWndMessageListBox@@SAXI@Z 0041791b f   WndMessageListBox.obj
 0001:00016965       ?GetOffsetTextHeight@KWndMessageListBox@@AAEIXZ 00417965 f   WndMessageListBox.obj
 0001:000169b1       ?PtInWindow@KWndMessageListBox@@UAEHHH@Z 004179b1 f   WndMessageListBox.obj
 0001:00016a0a       ?ClearHideLine@KWndMessageListBox@@QAEXXZ 00417a0a f   WndMessageListBox.obj
 0001:00016a26       ?HideNextLine@KWndMessageListBox@@QAEXXZ 00417a26 f   WndMessageListBox.obj
 0001:00016b2c       ?HideAllLine@KWndMessageListBox@@QAEXXZ 00417b2c f   WndMessageListBox.obj
 0001:00016b4a       ?GetMinHeight@KWndMessageListBox@@QAEHXZ 00417b4a f   WndMessageListBox.obj
 0001:00016b8a       ?UpdateChatItem@KWndMessageListBox@@QAEXXZ 00417b8a f   WndMessageListBox.obj
 0001:00016c1e       ??0KScrollMessageListBox@@QAE@XZ 00417c1e f   WndMessageListBox.obj
 0001:00016cf0       ?Init@KScrollMessageListBox@@UAEHPAVKIniFile@@PBD@Z 00417cf0 f   WndMessageListBox.obj
 0001:00016ed4       ?WndProc@KScrollMessageListBox@@UAEHIIH@Z 00417ed4 f   WndMessageListBox.obj
 0001:000170c2       ?InitMinMaxLineCount@KScrollMessageListBox@@IAEXHH@Z 004180c2 f   WndMessageListBox.obj
 0001:00017130       ?HeightToLineHeight@KScrollMessageListBox@@QAEHH@Z 00418130 f   WndMessageListBox.obj
 0001:0001716b       ?WidthToCharWidth@KScrollMessageListBox@@QAEHH@Z 0041816b f   WndMessageListBox.obj
 0001:000171a6       ?GetMinHeight@KScrollMessageListBox@@QAEHXZ 004181a6 f   WndMessageListBox.obj
 0001:00017210       ?MsgListBox_LoadContent@@YA_NPAVKWndMessageListBox@@PAVKIniFile@@PBD@Z 00418210 f   WndMessageListBox.obj
 0001:00017390       ??_GKWndMessageListBox@@UAEPAXI@Z 00418390 f i WndMessageListBox.obj
 0001:00017390       ??_EKWndMessageListBox@@UAEPAXI@Z 00418390 f i WndMessageListBox.obj
 0001:000173d0       ??1KWndScrollBar@@UAE@XZ   004183d0 f i WndMessageListBox.obj
 0001:00017430       ??_GKScrollMessageListBox@@UAEPAXI@Z 00418430 f i WndMessageListBox.obj
 0001:00017430       ??_EKScrollMessageListBox@@UAEPAXI@Z 00418430 f i WndMessageListBox.obj
 0001:00017470       ??1KScrollMessageListBox@@UAE@XZ 00418470 f i WndMessageListBox.obj
 0001:000174e0       ?GetMaxShowLine@KWndMessageListBox@@QAEHXZ 004184e0 f i WndMessageListBox.obj
 0001:00017500       ??0KWndMovingImage@@QAE@XZ 00418500 f   WndMovingImage.obj
 0001:00017564       ?Clone@KWndMovingImage@@IAEXPAV1@@Z 00418564 f   WndMovingImage.obj
 0001:000175ec       ?Init@KWndMovingImage@@UAEHPAVKIniFile@@PBD@Z 004185ec f   WndMovingImage.obj
 0001:000176ef       ?SetMoveValue@KWndMovingImage@@QAEXHH@Z 004186ef f   WndMovingImage.obj
 0001:000177e0       ??_GKWndMovingImage@@UAEPAXI@Z 004187e0 f i WndMovingImage.obj
 0001:000177e0       ??_EKWndMovingImage@@UAEPAXI@Z 004187e0 f i WndMovingImage.obj
 0001:00017820       ?WndObjContainerInit@@YAXPAVKIniFile@@@Z 00418820 f   WndObjContainer.obj
 0001:00017a24       ??0KWndObjectBox@@QAE@XZ   00418a24 f   WndObjContainer.obj
 0001:00017ac4       ?SetContainerId@KWndObjectBox@@QAEXH@Z 00418ac4 f   WndObjContainer.obj
 0001:00017ae1       ?SetObjectGenre@KWndObjectBox@@QAEXI@Z 00418ae1 f   WndObjContainer.obj
 0001:00017afe       ?Clear@KWndObjectBox@@QAEXXZ 00418afe f   WndObjContainer.obj
 0001:00017b1a       ?GetObjectA@KWndObjectBox@@QBEHAAUKUiDraggedObject@@@Z 00418b1a f   WndObjContainer.obj
 0001:00017b5e       ?HoldObject@KWndObjectBox@@QAEXIIHH@Z 00418b5e f   WndObjContainer.obj
 0001:00017c14       ?PaintWindow@KWndObjectBox@@MAEXXZ 00418c14 f   WndObjContainer.obj
 0001:00017fb3       ?Clone@KWndObjectBox@@QAEXPAV1@@Z 00418fb3 f   WndObjContainer.obj
 0001:00017fef       ?Init@KWndObjectBox@@UAEHPAVKIniFile@@PBD@Z 00418fef f   WndObjContainer.obj
 0001:000180c7       ?EnablePickPut@KWndObjectBox@@QAEX_N@Z 004190c7 f   WndObjContainer.obj
 0001:00018107       ?WndProc@KWndObjectBox@@MAEHIIH@Z 00419107 f   WndObjContainer.obj
 0001:000185f6       ?DropObject@KWndObjectBox@@IAEH_N@Z 004195f6 f   WndObjContainer.obj
 0001:00018715       ??0KWndObjectMatrix@@QAE@XZ 00419715 f   WndObjContainer.obj
 0001:000187c8       ?SetContainerId@KWndObjectMatrix@@QAEXH@Z 004197c8 f   WndObjContainer.obj
 0001:000187e8       ??1KWndObjectMatrix@@UAE@XZ 004197e8 f   WndObjContainer.obj
 0001:0001884a       ?Clone@KWndObjectMatrix@@IAEXPAV1@@Z 0041984a f   WndObjContainer.obj
 0001:000188aa       ?Init@KWndObjectMatrix@@UAEHPAVKIniFile@@PBD@Z 004198aa f   WndObjContainer.obj
 0001:00018ab7       ?PaintWindow@KWndObjectMatrix@@EAEXXZ 00419ab7 f   WndObjContainer.obj
 0001:00019024       ?AddObject@KWndObjectMatrix@@QAEHPAUKUiDraggedObject@@H@Z 0041a024 f   WndObjContainer.obj
 0001:0001919d       ?RemoveObject@KWndObjectMatrix@@QAEHPAUKUiDraggedObject@@@Z 0041a19d f   WndObjContainer.obj
 0001:000192ba       ?GetObjectA@KWndObjectMatrix@@QBEHAAUKUiDraggedObject@@HH@Z 0041a2ba f   WndObjContainer.obj
 0001:0001933e       ?Clear@KWndObjectMatrix@@QAEXXZ 0041a33e f   WndObjContainer.obj
 0001:0001939c       ?WndProc@KWndObjectMatrix@@EAEHIIH@Z 0041a39c f   WndObjContainer.obj
 0001:0001997d       ?GetObjectAt@KWndObjectMatrix@@AAEHHH@Z 0041a97d f   WndObjContainer.obj
 0001:00019a3b       ?PickUpObjectAt@KWndObjectMatrix@@AAEHHH@Z 0041aa3b f   WndObjContainer.obj
 0001:00019add       ?DropObject@KWndObjectMatrix@@AAEHHH_N@Z 0041aadd f   WndObjContainer.obj
 0001:00019daf       ?TryDropObjAtPos@KWndObjectMatrix@@AAEHABUtagRECT@@AAPAUKUiDraggedObject@@@Z 0041adaf f   WndObjContainer.obj
 0001:00019e7a       ?DropObject@KWndObjectMatrix@@AAEXHHPAUKUiDraggedObject@@@Z 0041ae7a f   WndObjContainer.obj
 0001:00019f2d       ?EnableTracePutPos@KWndObjectMatrix@@QAEX_N@Z 0041af2d f   WndObjContainer.obj
 0001:00019f6d       ?EnablePickPut@KWndObjectMatrix@@QAEX_N@Z 0041af6d f   WndObjContainer.obj
 0001:00019fb0       ??_GKWndObjectBox@@UAEPAXI@Z 0041afb0 f i WndObjContainer.obj
 0001:00019fb0       ??_EKWndObjectBox@@UAEPAXI@Z 0041afb0 f i WndObjContainer.obj
 0001:00019ff0       ??1KWndObjectBox@@UAE@XZ   0041aff0 f i WndObjContainer.obj
 0001:0001a020       ??_GKWndObjectMatrix@@UAEPAXI@Z 0041b020 f i WndObjContainer.obj
 0001:0001a020       ??_EKWndObjectMatrix@@UAEPAXI@Z 0041b020 f i WndObjContainer.obj
 0001:0001a060       ?WndProc@KWndPage@@UAEHIIH@Z 0041b060 f   WndPage.obj
 0001:0001a0e9       ??0KWndPageSet@@QAE@XZ     0041b0e9 f   WndPage.obj
 0001:0001a140       ??1KWndPageSet@@UAE@XZ     0041b140 f   WndPage.obj
 0001:0001a1b1       ?WndProc@KWndPageSet@@UAEHIIH@Z 0041b1b1 f   WndPage.obj
 0001:0001a1fc       ?AddPage@KWndPageSet@@QAE_NPAVKWndPage@@PAVKWndButton@@@Z 0041b1fc f   WndPage.obj
 0001:0001a32f       ?ActivePage@KWndPageSet@@QAE_NH@Z 0041b32f f   WndPage.obj
 0001:0001a485       ?OnPageBtnClick@KWndPageSet@@AAEXPAVKWndWindow@@@Z 0041b485 f   WndPage.obj
 0001:0001a556       ?GetActivePage@KWndPageSet@@QAEPAVKWndPage@@XZ 0041b556 f   WndPage.obj
 0001:0001a590       ??_EKWndPageSet@@UAEPAXI@Z 0041b590 f i WndPage.obj
 0001:0001a590       ??_GKWndPageSet@@UAEPAXI@Z 0041b590 f i WndPage.obj
 0001:0001a5d0       ??1KWndShowAnimate@@UAE@XZ 0041b5d0 f i WndPage.obj
 0001:0001a600       ??0KWndPureTextBtn@@QAE@XZ 0041b600 f   WndPureTextBtn.obj
 0001:0001a6bf       ?Clone@KWndPureTextBtn@@QAEXPAV1@@Z 0041b6bf f   WndPureTextBtn.obj
 0001:0001a771       ?Init@KWndPureTextBtn@@UAEHPAVKIniFile@@PBD@Z 0041b771 f   WndPureTextBtn.obj
 0001:0001a9da       ?AdjustPosition@KWndPureTextBtn@@AAEXXZ 0041b9da f   WndPureTextBtn.obj
 0001:0001aa70       ?PaintWindow@KWndPureTextBtn@@UAEXXZ 0041ba70 f   WndPureTextBtn.obj
 0001:0001abd8       ?SetText@KWndPureTextBtn@@QAEXPBDH@Z 0041bbd8 f   WndPureTextBtn.obj
 0001:0001ac64       ?SetColor@KWndPureTextBtn@@QAEXIIIIII@Z 0041bc64 f   WndPureTextBtn.obj
 0001:0001acc0       ?CheckButton@KWndPureTextBtn@@QAEXH@Z 0041bcc0 f   WndPureTextBtn.obj
 0001:0001acfa       ?WndProc@KWndPureTextBtn@@UAEHIIH@Z 0041bcfa f   WndPureTextBtn.obj
 0001:0001ae7b       ?GenChatItem@KWndPureTextBtn@@AAEXPAD@Z 0041be7b f   WndPureTextBtn.obj
 0001:0001b850       ??_GKWndPureTextBtn@@UAEPAXI@Z 0041c850 f i WndPureTextBtn.obj
 0001:0001b850       ??_EKWndPureTextBtn@@UAEPAXI@Z 0041c850 f i WndPureTextBtn.obj
 0001:0001b890       ??1KWndPureTextBtn@@UAE@XZ 0041c890 f i WndPureTextBtn.obj
 0001:0001b91b       ?Wnd_Cleanup@@YAXXZ        0041c91b f   Wnds.obj
 0001:0001b990       ?Wnd_RenderWindows@@YAXXZ  0041c990 f   Wnds.obj
 0001:0001ba99       ?Wnd_Heartbeat@@YAXXZ      0041ca99 f   Wnds.obj
 0001:0001bad7       ?Wnd_AddWindow@@YAXPAVKWndWindow@@W4WND_LAYER_LIST@@@Z 0041cad7 f   Wnds.obj
 0001:0001bb1d       ?Wnd_SetGameSpaceWnd@@YAXPAVKWndWindow@@@Z 0041cb1d f   Wnds.obj
 0001:0001bb2a       ?Wnd_GameSpaceHandleInput@@YAX_N@Z 0041cb2a f   Wnds.obj
 0001:0001bb41       ?Wnd_ShowHideGameSpace@@YAX_N@Z 0041cb41 f   Wnds.obj
 0001:0001bb4e       ?Wnd_OnWindowDelete@@YAXPAVKWndWindow@@@Z 0041cb4e f   Wnds.obj
 0001:0001bc4c       ?Wnd_DragBegin@@YAHPBUKUiDraggedObject@@P6AHHHABU1@H@Z@Z 0041cc4c f   Wnds.obj
 0001:0001bc97       ?Wnd_GetDragObj@@YAHPAUKUiDraggedObject@@@Z 0041cc97 f   Wnds.obj
 0001:0001bcdc       ?Wnd_DragFinished@@YAXXZ   0041ccdc f   Wnds.obj
 0001:0001bceb       ?Wnd_ProcessInput@@YAXIIH@Z 0041cceb f   Wnds.obj
 0001:0001c4f5       ?Wnd_TransmitInputToGameSpace@@YAXIIH@Z 0041d4f5 f   Wnds.obj
 0001:0001c626       ?Wnd_ShowCursor@@YAXH@Z    0041d626 f   Wnds.obj
 0001:0001c640       ?Wnd_SetCursorPos@@YAXHH@Z 0041d640 f   Wnds.obj
 0001:0001c6c9       ?Wnd_GetCursorPos@@YAXPAH0@Z 0041d6c9 f   Wnds.obj
 0001:0001c719       ?Wnd_GetFocusWnd@@YAPAVKWndWindow@@XZ 0041d719 f   Wnds.obj
 0001:0001c723       ?Wnd_SetFocusWnd@@YAXPAVKWndWindow@@@Z 0041d723 f   Wnds.obj
 0001:0001c79a       ?Wnd_SetCapture@@YAXPAVKWndWindow@@@Z 0041d79a f   Wnds.obj
 0001:0001c7be       ?Wnd_ReleaseCapture@@YAXXZ 0041d7be f   Wnds.obj
 0001:0001c801       ?Wnd_SetExclusive@@YAXPAVKWndWindow@@@Z 0041d801 f   Wnds.obj
 0001:0001c8e6       ?Wnd_ReleaseExclusive@@YAXPAVKWndWindow@@@Z 0041d8e6 f   Wnds.obj
 0001:0001c964       ?Wnd_LoadCursor@@YAXHPBD@Z 0041d964 f   Wnds.obj
 0001:0001c982       ?Wnd_SwitchCursor@@YAHH@Z  0041d982 f   Wnds.obj
 0001:0001c99c       ?Wnd_SetScreenSize@@YAXHH@Z 0041d99c f   Wnds.obj
 0001:0001c9b2       ?Wnd_GetScreenSize@@YAXAAH0@Z 0041d9b2 f   Wnds.obj
 0001:0001c9cc       ?Wnd_RestoreCursor@@YAXXZ  0041d9cc f   Wnds.obj
 0001:0001c9f0       ??0KWndStation@@QAE@XZ     0041d9f0 f i Wnds.obj
 0001:0001cb80       ??1KWndStation@@QAE@XZ     0041db80 f i Wnds.obj
 0001:0001cc00       ?GetNextWnd@KWndWindow@@QBEPAV1@XZ 0041dc00 f i Wnds.obj
 0001:0001cc20       ?GetParent@KWndWindow@@QBEPAV1@XZ 0041dc20 f i Wnds.obj
 0001:0001cc40       ?GetPreWnd@KWndWindow@@QBEPAV1@XZ 0041dc40 f i Wnds.obj
 0001:0001cc60       ??0KWndScrollBar@@QAE@XZ   0041dc60 f   WndScrollBar.obj
 0001:0001cd48       ?Clone@KWndScrollBar@@QAEXPAV1@@Z 0041dd48 f   WndScrollBar.obj
 0001:0001ce3c       ?Init@KWndScrollBar@@UAEHPAVKIniFile@@PBD@Z 0041de3c f   WndScrollBar.obj
 0001:0001d0f6       ?SetSize@KWndScrollBar@@UAEXHH@Z 0041e0f6 f   WndScrollBar.obj
 0001:0001d19e       ?WndProc@KWndScrollBar@@UAEHIIH@Z 0041e19e f   WndScrollBar.obj
 0001:0001d345       ?PaintWindow@KWndScrollBar@@UAEXXZ 0041e345 f   WndScrollBar.obj
 0001:0001d45d       ?SetValueRange@KWndScrollBar@@QAEXHH@Z 0041e45d f   WndScrollBar.obj
 0001:0001d4ad       ?SetScrollPos@KWndScrollBar@@QAEXH@Z 0041e4ad f   WndScrollBar.obj
 0001:0001d56b       ?SetSlideBtnPos@KWndScrollBar@@AAEXXZ 0041e56b f   WndScrollBar.obj
 0001:0001d69d       ?OnLButtonDown@KWndScrollBar@@AAEXHH@Z 0041e69d f   WndScrollBar.obj
 0001:0001d79c       ?ScrollLine@KWndScrollBar@@QAEH_N@Z 0041e79c f   WndScrollBar.obj
 0001:0001d7f7       ?ScrollPage@KWndScrollBar@@QAEH_N@Z 0041e7f7 f   WndScrollBar.obj
 0001:0001d871       ?OnSlideBtnPressed@KWndScrollBar@@AAEXXZ 0041e871 f   WndScrollBar.obj
 0001:0001d8ae       ?OnDraggingSlide@KWndScrollBar@@AAEXHH@Z 0041e8ae f   WndScrollBar.obj
 0001:0001d9a5       ?GetMinHeight@KWndScrollBar@@QAEHXZ 0041e9a5 f   WndScrollBar.obj
 0001:0001da35       ?SetParentWnd@KWndScrollBar@@QAEXPAVKWndWindow@@@Z 0041ea35 f   WndScrollBar.obj
 0001:0001da60       ??_EKWndScrollBar@@UAEPAXI@Z 0041ea60 f i WndScrollBar.obj
 0001:0001da60       ??_GKWndScrollBar@@UAEPAXI@Z 0041ea60 f i WndScrollBar.obj
 0001:0001daa0       ?Clone@KWndShadow@@QAEXPAV1@@Z 0041eaa0 f   WndShadow.obj
 0001:0001dadc       ?Init@KWndShadow@@UAEHPAVKIniFile@@PBD@Z 0041eadc f   WndShadow.obj
 0001:0001dbd1       ?PaintWindow@KWndShadow@@MAEXXZ 0041ebd1 f   WndShadow.obj
 0001:0001dc7e       ?PtInWindow@KWndShadow@@UAEHHH@Z 0041ec7e f   WndShadow.obj
 0001:0001dc94       ?SetColor@KWndShadow@@QAEXI@Z 0041ec94 f   WndShadow.obj
 0001:0001dcc0       ??0KWndShowAnimate@@QAE@XZ 0041ecc0 f   WndShowAnimate.obj
 0001:0001dd0a       ?Clone@KWndShowAnimate@@QAEXPAV1@@Z 0041ed0a f   WndShowAnimate.obj
 0001:0001dd76       ?Init@KWndShowAnimate@@UAEHPAVKIniFile@@PBD@Z 0041ed76 f   WndShowAnimate.obj
 0001:0001de6e       ?Show@KWndShowAnimate@@UAEXXZ 0041ee6e f   WndShowAnimate.obj
 0001:0001df5f       ?Hide@KWndShowAnimate@@UAEXXZ 0041ef5f f   WndShowAnimate.obj
 0001:0001e021       ?SetMoveSpeed@KWndShowAnimate@@SAXHH@Z 0041f021 f   WndShowAnimate.obj
 0001:0001e073       ?SetInterval@KWndShowAnimate@@SAXI@Z 0041f073 f   WndShowAnimate.obj
 0001:0001e092       ?ShowCompleted@KWndShowAnimate@@UAEXXZ 0041f092 f   WndShowAnimate.obj
 0001:0001e0a4       ?PaintWindow@KWndShowAnimate@@MAEXXZ 0041f0a4 f   WndShowAnimate.obj
 0001:0001e1e0       ??_GKWndShowAnimate@@UAEPAXI@Z 0041f1e0 f i WndShowAnimate.obj
 0001:0001e1e0       ??_EKWndShowAnimate@@UAEPAXI@Z 0041f1e0 f i WndShowAnimate.obj
 0001:0001e220       ??0KWndText@@QAE@XZ        0041f220 f   WndText.obj
 0001:0001e296       ?SetText@KWndText@@QAEXPBDH@Z 0041f296 f   WndText.obj
 0001:0001e3ca       ?GetText@KWndText@@QAEHPADH@Z 0041f3ca f   WndText.obj
 0001:0001e44c       ?SetTopLine@KWndText@@QAEHH@Z 0041f44c f   WndText.obj
 0001:0001e47c       ?SetTextPtr@KWndText@@IAEXPADH@Z 0041f47c f   WndText.obj
 0001:0001e4c0       ?Clone@KWndText@@QAEXPAV1@@Z 0041f4c0 f   WndText.obj
 0001:0001e514       ?Init@KWndText@@UAEHPAVKIniFile@@PBD@Z 0041f514 f   WndText.obj
 0001:0001e8aa       ?PaintWindow@KWndText@@UAEXXZ 0041f8aa f   WndText.obj
 0001:0001ea85       ?SetTextColor@KWndText@@QAEXI@Z 0041fa85 f   WndText.obj
 0001:0001eaa2       ?SetIntText@KWndText@@QAEXHD@Z 0041faa2 f   WndText.obj
 0001:0001eb40       ?Set2IntText@KWndText@@QAEXHHD@Z 0041fb40 f   WndText.obj
 0001:0001ebb2       ?SetCharText@KWndText@@QAEXDD@Z 0041fbb2 f   WndText.obj
 0001:0001ec52       ?SetByteText@KWndText@@QAEXED@Z 0041fc52 f   WndText.obj
 0001:0001ecfb       ?SetShortText@KWndText@@QAEXFD@Z 0041fcfb f   WndText.obj
 0001:0001ed9b       ?Set2ShortText@KWndText@@QAEXFFD@Z 0041fd9b f   WndText.obj
 0001:0001ee0f       ?SetMoneyText@KWndText@@QAEXHD@Z 0041fe0f f   WndText.obj
 0001:0001ef6a       ?SetJbCoinText@KWndText@@QAEXHD@Z 0041ff6a f   WndText.obj
 0001:0001f08f       ?SetWorldRankText@KWndText@@QAEXHD@Z 0042008f f   WndText.obj
 0001:0001f180       ?SetTransLifeText@KWndText@@QAEXDD@Z 00420180 f   WndText.obj
 0001:0001f248       ?Set2UIntText@KWndText@@QAEXIID@Z 00420248 f   WndText.obj
 0001:0001f2ba       ?SetStackText@KWndText@@QAEXHD@Z 004202ba f   WndText.obj
 0001:0001f35b       ?SetDefText@KWndText@@QAEXH_N@Z 0042035b f   WndText.obj
 0001:0001f44b       ?Set2IntTextPlus@KWndText@@QAEXHHD@Z 0042044b f   WndText.obj
 0001:0001f573       ?Set3IntText@KWndText@@QAEXHHHDD@Z 00420573 f   WndText.obj
 0001:0001f5ee       ??0KWndText32@@QAE@XZ      004205ee f   WndText.obj
 0001:0001f66d       ??0KWndText80@@QAE@XZ      0042066d f   WndText.obj
 0001:0001f6ec       ??0KWndText128@@QAE@XZ     004206ec f   WndText.obj
 0001:0001f76b       ??0KWndText256@@QAE@XZ     0042076b f   WndText.obj
 0001:0001f7ed       ??0KWndText512@@QAE@XZ     004207ed f   WndText.obj
 0001:0001f870       ??_EKWndText@@UAEPAXI@Z    00420870 f i WndText.obj
 0001:0001f870       ??_GKWndText@@UAEPAXI@Z    00420870 f i WndText.obj
 0001:0001f8b0       ??_EKWndText32@@UAEPAXI@Z  004208b0 f i WndText.obj
 0001:0001f8b0       ??_GKWndText32@@UAEPAXI@Z  004208b0 f i WndText.obj
 0001:0001f8f0       ??_GKWndText80@@UAEPAXI@Z  004208f0 f i WndText.obj
 0001:0001f8f0       ??_EKWndText80@@UAEPAXI@Z  004208f0 f i WndText.obj
 0001:0001f930       ??1KWndText80@@UAE@XZ      00420930 f i WndText.obj
 0001:0001f960       ??_EKWndText128@@UAEPAXI@Z 00420960 f i WndText.obj
 0001:0001f960       ??_GKWndText128@@UAEPAXI@Z 00420960 f i WndText.obj
 0001:0001f9a0       ??1KWndText128@@UAE@XZ     004209a0 f i WndText.obj
 0001:0001f9d0       ??_GKWndText256@@UAEPAXI@Z 004209d0 f i WndText.obj
 0001:0001f9d0       ??_EKWndText256@@UAEPAXI@Z 004209d0 f i WndText.obj
 0001:0001fa10       ??1KWndText256@@UAE@XZ     00420a10 f i WndText.obj
 0001:0001fa40       ??_GKWndText512@@UAEPAXI@Z 00420a40 f i WndText.obj
 0001:0001fa40       ??_EKWndText512@@UAEPAXI@Z 00420a40 f i WndText.obj
 0001:0001fa80       ??1KWndText512@@UAE@XZ     00420a80 f i WndText.obj
 0001:0001fab0       ??0KWndToolBar@@QAE@XZ     00420ab0 f   WndToolBar.obj
 0001:0001fafa       ??1KWndToolBar@@UAE@XZ     00420afa f   WndToolBar.obj
 0001:0001fb5c       ?Clone@KWndToolBar@@QAEXPAV1@@Z 00420b5c f   WndToolBar.obj
 0001:0001fbae       ?Init@KWndToolBar@@UAEHPAVKIniFile@@PBD@Z 00420bae f   WndToolBar.obj
 0001:0001fc70       ?WndProc@KWndToolBar@@UAEHIIH@Z 00420c70 f   WndToolBar.obj
 0001:0001fcdb       ?PaintWindow@KWndToolBar@@UAEXXZ 00420cdb f   WndToolBar.obj
 0001:0001fcff       ?AddOneWindow@KWndToolBar@@IAEXPAVKIniFile@@PBD@Z 00420cff f   WndToolBar.obj
 0001:0001feae       ?FreeAllWindow@KWndToolBar@@IAEXXZ 00420eae f   WndToolBar.obj
 0001:0001ffaa       ?UpdateData@KWndToolBar@@UAEXXZ 00420faa f   WndToolBar.obj
 0001:00020040       ??_GKWndToolBar@@UAEPAXI@Z 00421040 f i WndToolBar.obj
 0001:00020040       ??_EKWndToolBar@@UAEPAXI@Z 00421040 f i WndToolBar.obj
 0001:00020080       ??0KWndValueImage@@QAE@XZ  00421080 f   WndValueImage.obj
 0001:000200ca       ?Clone@KWndValueImage@@QAEXPAV1@@Z 004210ca f   WndValueImage.obj
 0001:00020130       ?Init@KWndValueImage@@UAEHPAVKIniFile@@PBD@Z 00421130 f   WndValueImage.obj
 0001:000201f0       ?SetValue@KWndValueImage@@QAEXHH@Z 004211f0 f   WndValueImage.obj
 0001:00020280       ??_EKWndValueImage@@UAEPAXI@Z 00421280 f i WndValueImage.obj
 0001:00020280       ??_GKWndValueImage@@UAEPAXI@Z 00421280 f i WndValueImage.obj
 0001:000202c0       ??1KWndValueImage@@UAE@XZ  004212c0 f i WndValueImage.obj
 0001:000202f0       ??0KWndWindow@@QAE@XZ      004212f0 f   WndWindow.obj
 0001:000203a3       ??1KWndWindow@@UAE@XZ      004213a3 f   WndWindow.obj
 0001:000203ea       ?BringToTop@KWndWindow@@QAEXXZ 004213ea f   WndWindow.obj
 0001:0002049a       ?GetPosition@KWndWindow@@QAEXPAH0@Z 0042149a f   WndWindow.obj
 0001:000204d0       ?SetPosition@KWndWindow@@QAEXHH@Z 004214d0 f   WndWindow.obj
 0001:0002051c       ?GetAbsolutePos@KWndWindow@@QAEXPAH0@Z 0042151c f   WndWindow.obj
 0001:00020552       ?GetSize@KWndWindow@@QAEXPAH0@Z 00421552 f   WndWindow.obj
 0001:00020588       ?SetSize@KWndWindow@@UAEXHH@Z 00421588 f   WndWindow.obj
 0001:00020705       ?AbsoluteMove@KWndWindow@@AAEXHH@Z 00421705 f   WndWindow.obj
 0001:00020774       ?Show@KWndWindow@@UAEXXZ   00421774 f   WndWindow.obj
 0001:00020798       ?Hide@KWndWindow@@UAEXXZ   00421798 f   WndWindow.obj
 0001:00020818       ?IsVisible@KWndWindow@@QAEHXZ 00421818 f   WndWindow.obj
 0001:00020835       ?Enable@KWndWindow@@UAEXH@Z 00421835 f   WndWindow.obj
 0001:00020875       ?Destroy@KWndWindow@@QAEXXZ 00421875 f   WndWindow.obj
 0001:00020899       ?Clone@KWndWindow@@IAEXPAV1@@Z 00421899 f   WndWindow.obj
 0001:000208f7       ?Init@KWndWindow@@UAEHPAVKIniFile@@PBD@Z 004218f7 f   WndWindow.obj
 0001:00020bee       ?PtInWindow@KWndWindow@@UAEHHH@Z 00421bee f   WndWindow.obj
 0001:00020cda       ?Paint@KWndWindow@@QAEXXZ  00421cda f   WndWindow.obj
 0001:00020d44       ?LetMeBreathe@KWndWindow@@QAEXXZ 00421d44 f   WndWindow.obj
 0001:00020dee       ?AddChild@KWndWindow@@QAEXPAV1@@Z 00421dee f   WndWindow.obj
 0001:00020ea1       ?AddBrother@KWndWindow@@QAEXPAV1@@Z 00421ea1 f   WndWindow.obj
 0001:00020f6f       ?LeaveAlone@KWndWindow@@QAEXXZ 00421f6f f   WndWindow.obj
 0001:00020fba       ?SplitSmaleFamily@KWndWindow@@QAEXXZ 00421fba f   WndWindow.obj
 0001:0002105a       ?WndProc@KWndWindow@@UAEHIIH@Z 0042205a f   WndWindow.obj
 0001:000211ca       ?OnLBtnDown@KWndWindow@@AAEXHH@Z 004221ca f   WndWindow.obj
 0001:00021221       ?OnMoveWnd@KWndWindow@@AAEXXZ 00422221 f   WndWindow.obj
 0001:00021329       ?TopChildFromPoint@KWndWindow@@UAEPAV1@HH@Z 00422329 f   WndWindow.obj
 0001:000213fc       ?GetOwner@KWndWindow@@QAEPAV1@XZ 004223fc f   WndWindow.obj
 0001:00021434       ?SetCaption@KWndWindow@@QAEXPAD@Z 00422434 f   WndWindow.obj
 0001:00021479       ?PaintDebugInfo@KWndWindow@@QAEXXZ 00422479 f   WndWindow.obj
 0001:0002169f       ?PaintWindow@KWndWindow@@UAEXXZ 0042269f f   WndWindow.obj
 0001:0002194d       ?GetColor@@YAIPBD@Z        0042294d f   WndWindow.obj
 0001:00021b36       ?GetColorString@@YAPBDI@Z  00422b36 f   WndWindow.obj
 0001:00021b9c       ?SetCursorAbove@KWndWindow@@QAEXXZ 00422b9c f   WndWindow.obj
 0001:00021be8       ?GetAllChildLayoutRect@KWndWindow@@QAEXPAUtagRECT@@@Z 00422be8 f   WndWindow.obj
 0001:00021d70       ??_GKWndWindow@@UAEPAXI@Z  00422d70 f i WndWindow.obj
 0001:00021d70       ??_EKWndWindow@@UAEPAXI@Z  00422d70 f i WndWindow.obj
 0001:00021db0       ??0KUiConnectInfo@@AAE@XZ  00422db0 f   UiConnectInfo.obj
 0001:00021ec5       ?OpenWindow@KUiConnectInfo@@SAPAV1@W4LOGIN_BG_INFO_MSG_INDEX@@HH@Z 00422ec5 f   UiConnectInfo.obj
 0001:0002204e       ?CloseWindow@KUiConnectInfo@@SAX_N@Z 0042304e f   UiConnectInfo.obj
 0001:000220b0       ?Initialize@KUiConnectInfo@@AAEXXZ 004230b0 f   UiConnectInfo.obj
 0001:00022119       ?LoadScheme@KUiConnectInfo@@AAEXPBD@Z 00423119 f   UiConnectInfo.obj
 0001:0002254f       ?OnClickConfirmBtn@KUiConnectInfo@@AAEXXZ 0042354f f   UiConnectInfo.obj
 0001:000226c0       ?WndProc@KUiConnectInfo@@EAEHIIH@Z 004236c0 f   UiConnectInfo.obj
 0001:000227d7       ?OnDelRole@KUiConnectInfo@@AAE_NXZ 004237d7 f   UiConnectInfo.obj
 0001:000228f9       ?OnCancelDelRole@KUiConnectInfo@@AAEXXZ 004238f9 f   UiConnectInfo.obj
 0001:00022940       ?SetInfoMsg@KUiConnectInfo@@AAEXW4LOGIN_BG_INFO_MSG_INDEX@@@Z 00423940 f   UiConnectInfo.obj
 0001:00022b18       ?GotoNextStep@KUiConnectInfo@@AAEXXZ 00423b18 f   UiConnectInfo.obj
 0001:00022c46       ?Breathe@KUiConnectInfo@@EAEXXZ 00423c46 f   UiConnectInfo.obj
 0001:00022eea       ?PaintWindow@KUiConnectInfo@@EAEXXZ 00423eea f   UiConnectInfo.obj
 0001:000231a0       ??_GKUiConnectInfo@@EAEPAXI@Z 004241a0 f i UiConnectInfo.obj
 0001:000231a0       ??_EKUiConnectInfo@@EAEPAXI@Z 004241a0 f i UiConnectInfo.obj
 0001:000231e0       ??1KUiConnectInfo@@EAE@XZ  004241e0 f i UiConnectInfo.obj
 0001:00023290       ?GetStatus@KLogin@@QAE?AW4LOGIN_LOGIC_STATUS@@XZ 00424290 f i UiConnectInfo.obj
 0001:000232b0       ??0KUiLogin@@AAE@XZ        004242b0 f   UiLogin.obj
 0001:00023391       ??1KUiLogin@@EAE@XZ        00424391 f   UiLogin.obj
 0001:00023465       ?OpenWindow@KUiLogin@@SAPAV1@XZ 00424465 f   UiLogin.obj
 0001:00023545       ?CloseWindow@KUiLogin@@SAX_N@Z 00424545 f   UiLogin.obj
 0001:000235ce       ?Show@KUiLogin@@EAEXXZ     004245ce f   UiLogin.obj
 0001:0002369e       ?Initialize@KUiLogin@@AAEXXZ 0042469e f   UiLogin.obj
 0001:0002379b       ?LoadScheme@KUiLogin@@AAEXPBD@Z 0042479b f   UiLogin.obj
 0001:000239e1       ?WndProc@KUiLogin@@EAEHIIH@Z 004249e1 f   UiLogin.obj
 0001:00023d96       ?OnEnableAutoLogin@KUiLogin@@AAEXXZ 00424d96 f   UiLogin.obj
 0001:00023e2f       ?OnKeyDown@KUiLogin@@AAEXI@Z 00424e2f f   UiLogin.obj
 0001:0002409f       ?OnLogin@KUiLogin@@AAEXXZ  0042509f f   UiLogin.obj
 0001:0002415d       ?OnCancel@KUiLogin@@AAEXXZ 0042515d f   UiLogin.obj
 0001:00024192       ?GetInputInfo@KUiLogin@@AAEHPAD0@Z 00425192 f   UiLogin.obj
 0001:00024334       ?IsValidPassword@KUiLogin@@SA_NPBDH@Z 00425334 f   UiLogin.obj
 0001:000243dd       ?OnFocusAccount@KUiLogin@@AAEX_N@Z 004253dd f   UiLogin.obj
 0001:00024400       ??_GKUiLogin@@EAEPAXI@Z    00425400 f i UiLogin.obj
 0001:00024400       ??_EKUiLogin@@EAEPAXI@Z    00425400 f i UiLogin.obj
 0001:00024440       ?OpenWindow@KUiLoginBackGround@@SAPAV1@PBD@Z 00425440 f   UiLoginBg.obj
 0001:00024521       ?CloseWindow@KUiLoginBackGround@@SAX_N@Z 00425521 f   UiLoginBg.obj
 0001:00024575       ?Initialize@KUiLoginBackGround@@AAEXXZ 00425575 f   UiLoginBg.obj
 0001:0002461b       ?SetConfig@KUiLoginBackGround@@SAXPBD@Z 0042561b f   UiLoginBg.obj
 0001:00024772       ?LoadScheme@KUiLoginBackGround@@AAEXPAVKIniFile@@@Z 00425772 f   UiLoginBg.obj
 0001:0002497e       ?Breathe@KUiLoginBackGround@@EAEXXZ 0042597e f   UiLoginBg.obj
 0001:00024ad0       ??0KUiLoginBackGround@@AAE@XZ 00425ad0 f i UiLoginBg.obj
 0001:00024b50       ??_EKUiLoginBackGround@@EAEPAXI@Z 00425b50 f i UiLoginBg.obj
 0001:00024b50       ??_GKUiLoginBackGround@@EAEPAXI@Z 00425b50 f i UiLoginBg.obj
 0001:00024b90       ??1KUiLoginBackGround@@EAE@XZ 00425b90 f i UiLoginBg.obj
 0001:00024c10       ??0KUiSelServer@@AAE@XZ    00425c10 f   UiSelServer.obj
 0001:00024d10       ??1KUiSelServer@@EAE@XZ    00425d10 f   UiSelServer.obj
 0001:00024e6e       ?OpenWindow@KUiSelServer@@SAPAV1@XZ 00425e6e f   UiSelServer.obj
 0001:00024f6d       ?CloseWindow@KUiSelServer@@SAX_N@Z 00425f6d f   UiSelServer.obj
 0001:00024fc1       ?Initialize@KUiSelServer@@AAEXXZ 00425fc1 f   UiSelServer.obj
 0001:00025101       ?GetList@KUiSelServer@@AAEXXZ 00426101 f   UiSelServer.obj
 0001:00025343       ?LoadScheme@KUiSelServer@@AAEXPBD@Z 00426343 f   UiSelServer.obj
 0001:00025659       ?WndProc@KUiSelServer@@EAEHIIH@Z 00426659 f   UiSelServer.obj
 0001:0002578a       ?OnKeyDown@KUiSelServer@@AAEHI@Z 0042678a f   UiSelServer.obj
 0001:00025b29       ?OnClickButton@KUiSelServer@@AAEXPAVKWndButton@@@Z 00426b29 f   UiSelServer.obj
 0001:00025b74       ?OnSelRegion@KUiSelServer@@AAEXH@Z 00426b74 f   UiSelServer.obj
 0001:00025d14       ?OnLogin@KUiSelServer@@AAEXXZ 00426d14 f   UiSelServer.obj
 0001:00025db8       ?OnCancel@KUiSelServer@@AAEXXZ 00426db8 f   UiSelServer.obj
 0001:00025df0       ??_GKUiSelServer@@EAEPAXI@Z 00426df0 f i UiSelServer.obj
 0001:00025df0       ??_EKUiSelServer@@EAEPAXI@Z 00426df0 f i UiSelServer.obj
 0001:00025e30       ?GetTopItemIndex@KWndList@@QAEHXZ 00426e30 f i UiSelServer.obj
 0001:00025e50       ?GetCount@KWndList@@QAEHXZ 00426e50 f i UiSelServer.obj
 0001:00025e70       ?GetCurSel@KWndList@@QAEHXZ 00426e70 f i UiSelServer.obj
 0001:00025e90       ?GetIfVisible@KUiChooseFace@@SAPAV1@XZ 00426e90 f   UiChooseFace.obj
 0001:00025ebd       ?OpenWindow@KUiChooseFace@@SAPAV1@H@Z 00426ebd f   UiChooseFace.obj
 0001:00025fbc       ?CloseWindow@KUiChooseFace@@SAXXZ 00426fbc f   UiChooseFace.obj
 0001:00025ff0       ?Initialize@KUiChooseFace@@AAEXXZ 00426ff0 f   UiChooseFace.obj
 0001:0002635a       ?LoadScheme@KUiChooseFace@@AAEXPBD@Z 0042735a f   UiChooseFace.obj
 0001:00026a7d       ?ShowWindow@KUiChooseFace@@AAEXH@Z 00427a7d f   UiChooseFace.obj
 0001:0002725e       ?WndProc@KUiChooseFace@@EAEHIIH@Z 0042825e f   UiChooseFace.obj
 0001:00027669       ?OnOK@KUiChooseFace@@AAEXXZ 00428669 f   UiChooseFace.obj
 0001:0002771e       ?PaintWindow@KUiChooseFace@@EAEXXZ 0042871e f   UiChooseFace.obj
 0001:00028110       ??0KUiChooseFace@@QAE@XZ   00429110 f i UiChooseFace.obj
 0001:000283a0       ??_GKUiChooseFace@@UAEPAXI@Z 004293a0 f i UiChooseFace.obj
 0001:000283a0       ??_EKUiChooseFace@@UAEPAXI@Z 004293a0 f i UiChooseFace.obj
 0001:000283e0       ??1KUiChooseFace@@UAE@XZ   004293e0 f i UiChooseFace.obj
 0001:00028660       ??0KUiFaceSelector@@AAE@XZ 00429660 f   UiFaceSelector.obj
 0001:00028769       ?OpenWindow@KUiFaceSelector@@SAPAV1@PAVKWndWindow@@PAX@Z 00429769 f   UiFaceSelector.obj
 0001:00028871       ?CloseWindow@KUiFaceSelector@@SAX_N@Z 00429871 f   UiFaceSelector.obj
 0001:000288c2       ?GetIfVisible@KUiFaceSelector@@SAPAV1@XZ 004298c2 f   UiFaceSelector.obj
 0001:000288ef       ?ConvertFaceText@KUiFaceSelector@@SAHPADPBDH@Z 004298ef f   UiFaceSelector.obj
 0001:00028a7c       ?ConvertFace@KUiFaceSelector@@CAHPADAAHPBDH1@Z 00429a7c f   UiFaceSelector.obj
 0001:00028baa       ?Initialize@KUiFaceSelector@@AAEXXZ 00429baa f   UiFaceSelector.obj
 0001:00028c40       ?LoadFaceList@KUiFaceSelector@@SAXXZ 00429c40 f   UiFaceSelector.obj
 0001:00028e12       ?Clear@KUiFaceSelector@@SAXXZ 00429e12 f   UiFaceSelector.obj
 0001:00028e68       ?OnSelFace@KUiFaceSelector@@AAEXXZ 00429e68 f   UiFaceSelector.obj
 0001:00028efc       ?WndProc@KUiFaceSelector@@EAEHIIH@Z 00429efc f   UiFaceSelector.obj
 0001:00029095       ?OnExpandWnd@KUiFaceSelector@@AAEXXZ 0042a095 f   UiFaceSelector.obj
 0001:0002913e       ?OnUnExpandWnd@KUiFaceSelector@@AAEXXZ 0042a13e f   UiFaceSelector.obj
 0001:000291dc       ?LoadScheme@KUiFaceSelector@@QAEXPBD@Z 0042a1dc f   UiFaceSelector.obj
 0001:0002971e       ?UpdateFaceTip@KUiFaceSelector@@AAEXHH@Z 0042a71e f   UiFaceSelector.obj
 0001:00029808       ?PaintWindow@KUiFaceSelector@@EAEXXZ 0042a808 f   UiFaceSelector.obj
 0001:00029c70       ?Show@KUiFaceSelector@@EAEXXZ 0042ac70 f   UiFaceSelector.obj
 0001:00029ca0       ?Hide@KUiFaceSelector@@EAEXXZ 0042aca0 f   UiFaceSelector.obj
 0001:00029cc9       ?GetFaceAtPos@KUiFaceSelector@@AAEHHH@Z 0042acc9 f   UiFaceSelector.obj
 0001:00029dc0       ??_EKUiFaceSelector@@EAEPAXI@Z 0042adc0 f i UiFaceSelector.obj
 0001:00029dc0       ??_GKUiFaceSelector@@EAEPAXI@Z 0042adc0 f i UiFaceSelector.obj
 0001:00029e00       ??1KUiFaceSelector@@EAE@XZ 0042ae00 f i UiFaceSelector.obj
 0001:00029e80       ?CreateObject@GameWorld_DateTime@@SAPAVKWndWindow@@XZ 0042ae80 f i UiPlayerBar.obj
 0001:00029f10       ?GetFormatedTimeString@@YAHHPAD@Z 0042af10 f   UiPlayerBar.obj
 0001:00029f95       ?GetFormatedTimeString@@YAHPAUtm@@PAD@Z 0042af95 f   UiPlayerBar.obj
 0001:00029fea       ??0GameWorld_DateTime@@QAE@XZ 0042afea f   UiPlayerBar.obj
 0001:0002a069       ?OnButtonClick@GameWorld_DateTime@@EAEXXZ 0042b069 f   UiPlayerBar.obj
 0001:0002a0b4       ?Init@GameWorld_DateTime@@UAEHPAVKIniFile@@PBD@Z 0042b0b4 f   UiPlayerBar.obj
 0001:0002a320       ?UpdateData@GameWorld_DateTime@@UAEXXZ 0042b320 f   UiPlayerBar.obj
 0001:0002a557       ?UpdateNetStatus@GameWorld_DateTime@@AAEXXZ 0042b557 f   UiPlayerBar.obj
 0001:0002a745       ?Init@KImmediaItem@@UAEHPAVKIniFile@@PBD@Z 0042b745 f   UiPlayerBar.obj
 0001:0002a7d1       ?PaintWindow@KImmediaItem@@UAEXXZ 0042b7d1 f   UiPlayerBar.obj
 0001:0002a970       ??0KUiPlayerBar@@AAE@XZ    0042b970 f   UiPlayerBar.obj
 0001:0002ac3d       ??1KUiPlayerBar@@EAE@XZ    0042bc3d f   UiPlayerBar.obj
 0001:0002ae21       ?GetIfVisible@KUiPlayerBar@@SAPAV1@XZ 0042be21 f   UiPlayerBar.obj
 0001:0002ae4e       ?OpenWindow@KUiPlayerBar@@SAPAV1@XZ 0042be4e f   UiPlayerBar.obj
 0001:0002af67       ?UpdateData@KUiPlayerBar@@EAEXXZ 0042bf67 f   UiPlayerBar.obj
 0001:0002b0ce       ?CloseWindow@KUiPlayerBar@@SAX_N@Z 0042c0ce f   UiPlayerBar.obj
 0001:0002b17a       ?LoadScheme@KUiPlayerBar@@SAXPBD@Z 0042c17a f   UiPlayerBar.obj
 0001:0002b26b       ?LoadScheme@KUiPlayerBar@@AAEXPAVKIniFile@@PBD@Z 0042c26b f   UiPlayerBar.obj
 0001:0002bb85       ?Initialize@KUiPlayerBar@@AAEXXZ 0042cb85 f   UiPlayerBar.obj
 0001:0002bf39       ?WndProc@KUiPlayerBar@@EAEHIIH@Z 0042cf39 f   UiPlayerBar.obj
 0001:0002c981       ?PaintWindow@KUiPlayerBar@@EAEXXZ 0042d981 f   UiPlayerBar.obj
 0001:0002cada       ?PopupChannelMenu@KUiPlayerBar@@AAEXHH@Z 0042dada f   UiPlayerBar.obj
 0001:0002cf81       ?PopupPhraseMenu@KUiPlayerBar@@AAEXHH_N@Z 0042df81 f   UiPlayerBar.obj
 0001:0002d0da       ?OnSend@KUiPlayerBar@@AAEXH@Z 0042e0da f   UiPlayerBar.obj
 0001:0002d856       ?IsCanSendMessage@KUiPlayerBar@@SAHPBDHPADH@Z 0042e856 f   UiPlayerBar.obj
 0001:0002d92b       ?OnSendChannelMessage@KUiPlayerBar@@SAXKPBDH@Z 0042e92b f   UiPlayerBar.obj
 0001:0002da24       ?OnDirectSendChannelMessage@KUiPlayerBar@@AAEXKEPBDH@Z 0042ea24 f   UiPlayerBar.obj
 0001:0002db4f       ?OnSendSomeoneMessage@KUiPlayerBar@@SAXPBD0H@Z 0042eb4f f   UiPlayerBar.obj
 0001:0002dc88       ?InputRecentMsg@KUiPlayerBar@@AAEX_N@Z 0042ec88 f   UiPlayerBar.obj
 0001:0002dd71       ?OnObjPickedDropped@KUiPlayerBar@@AAEXPAUITEM_PICKDROP_PLACE@@0@Z 0042ed71 f   UiPlayerBar.obj
 0001:0002e0da       ?CanDragObj@KUiPlayerBar@@AAEHI@Z 0042f0da f   UiPlayerBar.obj
 0001:0002e1a4       ?OnUseItem@KUiPlayerBar@@SAXH@Z 0042f1a4 f   UiPlayerBar.obj
 0001:0002e2bf       ?GetChannelIndex@KUiPlayerBar@@AAEHPBD@Z 0042f2bf f   UiPlayerBar.obj
 0001:0002e38b       ?SetCurrentChannel@KUiPlayerBar@@SAXH@Z 0042f38b f   UiPlayerBar.obj
 0001:0002e515       ?InputCurrentChannel@KUiPlayerBar@@AAEXH_N@Z 0042f515 f   UiPlayerBar.obj
 0001:0002e5bc       ?SwitchChannel@KUiPlayerBar@@SAXH@Z 0042f5bc f   UiPlayerBar.obj
 0001:0002e661       ?GetCurChannel@KUiPlayerBar@@SAHXZ 0042f661 f   UiPlayerBar.obj
 0001:0002e67f       ?UpdateXXXNumber@KUiPlayerBar@@AAEXAAH0@Z 0042f67f f   UiPlayerBar.obj
 0001:0002e77a       ?UpdateRuntimeAttribute@KUiPlayerBar@@AAEXAAH0@Z 0042f77a f   UiPlayerBar.obj
 0001:0002e804       ?UpdateItem@KUiPlayerBar@@QAEXHII@Z 0042f804 f   UiPlayerBar.obj
 0001:0002e8d8       ?UpdateSkill@KUiPlayerBar@@QAEXHII@Z 0042f8d8 f   UiPlayerBar.obj
 0001:0002e926       ?Breathe@KUiPlayerBar@@EAEXXZ 0042f926 f   UiPlayerBar.obj
 0001:0002eeb5       ?IsHasCost@KUiPlayerBar@@AAEHEHHHHAAH00@Z 0042feb5 f   UiPlayerBar.obj
 0001:0002f09c       ?InputNameMsg@KUiPlayerBar@@SAXDPBD_N@Z 0043009c f   UiPlayerBar.obj
 0001:0002f395       ?FindRecentPlayer@KUiPlayerBar@@SAHPBD@Z 00430395 f   UiPlayerBar.obj
 0001:0002f42c       ?GetRecentPlayerName@KUiPlayerBar@@SAPADH@Z 0043042c f   UiPlayerBar.obj
 0001:0002f48f       ?AddRecentPlayer@KUiPlayerBar@@SAHPBD@Z 0043048f f   UiPlayerBar.obj
 0001:0002f61c       ?ReplaceSpecialName@KUiPlayerBar@@AAEXPADI0@Z 0043061c f   UiPlayerBar.obj
 0001:0002f64e       ?GetExp@KUiPlayerBar@@SA_NAAH00@Z 0043064e f   UiPlayerBar.obj
 0001:0002f695       ?LoadPrivateSetting@KUiPlayerBar@@SAHPAVKIniFile@@@Z 00430695 f   UiPlayerBar.obj
 0001:0002f90f       ?SavePrivateSetting@KUiPlayerBar@@SAHPAVKIniFile@@@Z 0043090f f   UiPlayerBar.obj
 0001:0002fb52       ?SetChatItemInfo@KUiPlayerBar@@SAXUKUiChatItemParam@@I@Z 00430b52 f   UiPlayerBar.obj
 0001:0003055c       ?SetChatItemInfo@KUiPlayerBar@@SAXFPAD0@Z 0043155c f   UiPlayerBar.obj
 0001:00030929       ?SetChatItemPosition@KUiPlayerBar@@SAXFFF_N@Z 00431929 f   UiPlayerBar.obj
 0001:00030a79       ?ClearChatItem@KUiPlayerBar@@SAXXZ 00431a79 f   UiPlayerBar.obj
 0001:00030b34       ?EncodeChatItemInfo@KUiPlayerBar@@SAXPBDIPAD1@Z 00431b34 f   UiPlayerBar.obj
 0001:000314d8       ?PopupPKMenu@KUiPlayerBar@@SAXFF@Z 004324d8 f   UiPlayerBar.obj
 0001:0003163b       ?OnChoosePKMenu@KUiPlayerBar@@AAEXE@Z 0043263b f   UiPlayerBar.obj
 0001:00031682       ?MyMessage@KUiPlayerBar@@SAXPAD@Z 00432682 f   UiPlayerBar.obj
 0001:00031760       ??_EGameWorld_DateTime@@UAEPAXI@Z 00432760 f i UiPlayerBar.obj
 0001:00031760       ??_GGameWorld_DateTime@@UAEPAXI@Z 00432760 f i UiPlayerBar.obj
 0001:000317a0       ??1GameWorld_DateTime@@UAE@XZ 004327a0 f i UiPlayerBar.obj
 0001:000317d0       ??0KImmediaItem@@QAE@XZ    004327d0 f i UiPlayerBar.obj
 0001:00031820       ??_EKImmediaItem@@UAEPAXI@Z 00432820 f i UiPlayerBar.obj
 0001:00031820       ??_GKImmediaItem@@UAEPAXI@Z 00432820 f i UiPlayerBar.obj
 0001:00031860       ??1KImmediaItem@@UAE@XZ    00432860 f i UiPlayerBar.obj
 0001:00031890       ??_GKUiPlayerBar@@EAEPAXI@Z 00432890 f i UiPlayerBar.obj
 0001:00031890       ??_EKUiPlayerBar@@EAEPAXI@Z 00432890 f i UiPlayerBar.obj
 0001:000318d0       ?GetFocusBkColor@KWndEdit@@QAEIXZ 004328d0 f i UiPlayerBar.obj
 0001:000318f0       ?GetMenuData@KPopupMenu@@SAPAUKPopupMenuData@@XZ 004328f0 f i UiPlayerBar.obj
 0001:00031900       ?IsSelfName@KUiPlayerBar@@SAHPAD@Z 00432900 f i UiPlayerBar.obj
 0001:00031950       ?SetFocusBkColor@KWndEdit@@QAEXI@Z 00432950 f i UiPlayerBar.obj
 0001:00031970       ?end@?$map@V?$basic_string@DU?$char_traits@D@std@@V?$allocator@D@2@@std@@UShortFuncInfo@@Ustring_iless@@V?$allocator@UShortFuncInfo@@@2@@std@@QAE?AViterator@?$_Tree@V?$basic_string@DU?$char_traits@D@std@@V?$allocator@D@2@@std@@U?$pair@$$CBV?$basic_string@DU?$char_traits@D@std@@V?$allocator@D@2@@std@@UShortFuncInfo@@@2@U_Kfn@?$map@V?$basic_string@DU?$char_traits@D@std@@V?$allocator@D@2@@std@@UShortFuncInfo@@Ustring_iless@@V?$allocator@UShortFuncInfo@@@2@@2@Ustring_iless@@V?$allocator@UShortFuncInfo@@@2@@2@XZ 00432970 f i UiPlayerBar.obj
 0001:000319b0       ?find@?$map@V?$basic_string@DU?$char_traits@D@std@@V?$allocator@D@2@@std@@UShortFuncInfo@@Ustring_iless@@V?$allocator@UShortFuncInfo@@@2@@std@@QAE?AViterator@?$_Tree@V?$basic_string@DU?$char_traits@D@std@@V?$allocator@D@2@@std@@U?$pair@$$CBV?$basic_string@DU?$char_traits@D@std@@V?$allocator@D@2@@std@@UShortFuncInfo@@@2@U_Kfn@?$map@V?$basic_string@DU?$char_traits@D@std@@V?$allocator@D@2@@std@@UShortFuncInfo@@Ustring_iless@@V?$allocator@UShortFuncInfo@@@2@@2@Ustring_iless@@V?$allocator@UShortFuncInfo@@@2@@2@ABV?$basic_string@DU?$char_traits@D@std@@V?$allocator@D@2@@2@@Z 004329b0 f i UiPlayerBar.obj
 0001:00031a00       ??9iterator@?$_Tree@V?$basic_string@DU?$char_traits@D@std@@V?$allocator@D@2@@std@@U?$pair@$$CBV?$basic_string@DU?$char_traits@D@std@@V?$allocator@D@2@@std@@UShortFuncInfo@@@2@U_Kfn@?$map@V?$basic_string@DU?$char_traits@D@std@@V?$allocator@D@2@@std@@UShortFuncInfo@@Ustring_iless@@V?$allocator@UShortFuncInfo@@@2@@2@Ustring_iless@@V?$allocator@UShortFuncInfo@@@2@@std@@QBE_NABV012@@Z 00432a00 f i UiPlayerBar.obj
 0001:00031a40       ?end@?$_Tree@V?$basic_string@DU?$char_traits@D@std@@V?$allocator@D@2@@std@@U?$pair@$$CBV?$basic_string@DU?$char_traits@D@std@@V?$allocator@D@2@@std@@UShortFuncInfo@@@2@U_Kfn@?$map@V?$basic_string@DU?$char_traits@D@std@@V?$allocator@D@2@@std@@UShortFuncInfo@@Ustring_iless@@V?$allocator@UShortFuncInfo@@@2@@2@Ustring_iless@@V?$allocator@UShortFuncInfo@@@2@@std@@QAE?AViterator@12@XZ 00432a40 f i UiPlayerBar.obj
 0001:00031a80       ?find@?$_Tree@V?$basic_string@DU?$char_traits@D@std@@V?$allocator@D@2@@std@@U?$pair@$$CBV?$basic_string@DU?$char_traits@D@std@@V?$allocator@D@2@@std@@UShortFuncInfo@@@2@U_Kfn@?$map@V?$basic_string@DU?$char_traits@D@std@@V?$allocator@D@2@@std@@UShortFuncInfo@@Ustring_iless@@V?$allocator@UShortFuncInfo@@@2@@2@Ustring_iless@@V?$allocator@UShortFuncInfo@@@2@@std@@QAE?AViterator@12@ABV?$basic_string@DU?$char_traits@D@std@@V?$allocator@D@2@@2@@Z 00432a80 f i UiPlayerBar.obj
 0001:00031b40       ??Rstring_iless@@QBE_NABV?$basic_string@DU?$char_traits@D@std@@V?$allocator@D@2@@std@@0@Z 00432b40 f i UiPlayerBar.obj
 0001:00031bf0       __tcsicmp                  00432bf0 f i UiPlayerBar.obj
 0001:00031c20       ??8iterator@?$_Tree@V?$basic_string@DU?$char_traits@D@std@@V?$allocator@D@2@@std@@U?$pair@$$CBV?$basic_string@DU?$char_traits@D@std@@V?$allocator@D@2@@std@@UShortFuncInfo@@@2@U_Kfn@?$map@V?$basic_string@DU?$char_traits@D@std@@V?$allocator@D@2@@std@@UShortFuncInfo@@Ustring_iless@@V?$allocator@UShortFuncInfo@@@2@@2@Ustring_iless@@V?$allocator@UShortFuncInfo@@@2@@std@@QBE_NABV012@@Z 00432c20 f i UiPlayerBar.obj
 0001:00031c50       ?_Key@?$_Tree@V?$basic_string@DU?$char_traits@D@std@@V?$allocator@D@2@@std@@U?$pair@$$CBV?$basic_string@DU?$char_traits@D@std@@V?$allocator@D@2@@std@@UShortFuncInfo@@@2@U_Kfn@?$map@V?$basic_string@DU?$char_traits@D@std@@V?$allocator@D@2@@std@@UShortFuncInfo@@Ustring_iless@@V?$allocator@UShortFuncInfo@@@2@@2@Ustring_iless@@V?$allocator@UShortFuncInfo@@@2@@std@@KAABV?$basic_string@DU?$char_traits@D@std@@V?$allocator@D@2@@2@PAU_Node@12@@Z 00432c50 f i UiPlayerBar.obj
 0001:00031c80       ?lower_bound@?$_Tree@V?$basic_string@DU?$char_traits@D@std@@V?$allocator@D@2@@std@@U?$pair@$$CBV?$basic_string@DU?$char_traits@D@std@@V?$allocator@D@2@@std@@UShortFuncInfo@@@2@U_Kfn@?$map@V?$basic_string@DU?$char_traits@D@std@@V?$allocator@D@2@@std@@UShortFuncInfo@@Ustring_iless@@V?$allocator@UShortFuncInfo@@@2@@2@Ustring_iless@@V?$allocator@UShortFuncInfo@@@2@@std@@QAE?AViterator@12@ABV?$basic_string@DU?$char_traits@D@std@@V?$allocator@D@2@@2@@Z 00432c80 f i UiPlayerBar.obj
 0001:00031cd0       ?_Mynode@const_iterator@?$_Tree@V?$basic_string@DU?$char_traits@D@std@@V?$allocator@D@2@@std@@U?$pair@$$CBV?$basic_string@DU?$char_traits@D@std@@V?$allocator@D@2@@std@@UShortFuncInfo@@@2@U_Kfn@?$map@V?$basic_string@DU?$char_traits@D@std@@V?$allocator@D@2@@std@@UShortFuncInfo@@Ustring_iless@@V?$allocator@UShortFuncInfo@@@2@@2@Ustring_iless@@V?$allocator@UShortFuncInfo@@@2@@std@@QBEPAU_Node@23@XZ 00432cd0 f i UiPlayerBar.obj
 0001:00031cf0       ??0iterator@?$_Tree@V?$basic_string@DU?$char_traits@D@std@@V?$allocator@D@2@@std@@U?$pair@$$CBV?$basic_string@DU?$char_traits@D@std@@V?$allocator@D@2@@std@@UShortFuncInfo@@@2@U_Kfn@?$map@V?$basic_string@DU?$char_traits@D@std@@V?$allocator@D@2@@std@@UShortFuncInfo@@Ustring_iless@@V?$allocator@UShortFuncInfo@@@2@@2@Ustring_iless@@V?$allocator@UShortFuncInfo@@@2@@std@@QAE@PAU_Node@12@@Z 00432cf0 f i UiPlayerBar.obj
 0001:00031d20       ??R_Kfn@?$map@V?$basic_string@DU?$char_traits@D@std@@V?$allocator@D@2@@std@@UShortFuncInfo@@Ustring_iless@@V?$allocator@UShortFuncInfo@@@2@@std@@QBEABV?$basic_string@DU?$char_traits@D@std@@V?$allocator@D@2@@2@ABU?$pair@$$CBV?$basic_string@DU?$char_traits@D@std@@V?$allocator@D@2@@std@@UShortFuncInfo@@@2@@Z 00432d20 f i UiPlayerBar.obj
[...]
 0003:00014008       ?m_pSelf@KUiTrade@@0PAV1@A 00503008     UiTrade.obj
 0003:00014014       ?m_pSelf@KUiTradeConfirm@@0PAV1@A 00503014     UiTradeConfirmWnd.obj
 0003:00014020       ?g_WndGameSpace@@3VKUiGameSpace@@A 00503020     UiGame.obj
 0003:000140b0       ?m_pSelf@KUiNotification@@0PAV1@A 005030b0     UiNotification.obj
 0003:000140b4       ?m_pSelf@KUiSysMsgCentre@@0PAV1@A 005030b4     UiSysMsgCentre.obj
 0003:000140d4       ?m_pSelf@KUiCaveMap@@0PAV1@A 005030d4     UiCaveMap.obj
 0003:000140d8       ?m_pSelf@KUiFindPos@@0PAV1@A 005030d8     UiFindPos.obj
 0003:000140dc       ?ms_pSelf@KUiMiniMap@@0PAV1@A 005030dc     UiMiniMap.obj
 0003:000140e8       ?m_pSelf@KUiWorldMap@@0PAV1@A 005030e8     UiWorldMap.obj
 0003:000140f0       ?m_MenuData@KUiSelColor@@0PAEA 005030f0     UiSelColor.obj
 0003:000144b4       ?m_pSelf@KUiNewPlayerStartMsg@@0PAV1@A 005034b4     UiNewPlayerStartMsg.obj
 0003:000144b8       ?m_pSelf@KUiPlayVideo@@0PAV1@A 005034b8     UiPlayVideo.obj
 0003:000144bc       ?m_pSelf@KUiHelper@@0PAV1@A 005034bc     UiHelper.obj
 0003:000144c0       ?ms_nImgFrame@KUiHelper@@0HA 005034c0     UiHelper.obj
 0003:000144cc       ?m_pSelf@KUiHelper2@@0PAV1@A 005034cc     UiHelper2.obj
 0003:000144ec       ?m_pSelf@KUiHelperMission@@0PAV1@A 005034ec     UiHelperMission.obj
 0003:0001450c       ?m_pSelf@KReconnectWnd@@0PAV1@A 0050350c     UiReconnect.obj
 0003:00014514       ?m_pSelf@KReviveWnd@@0PAV1@A 00503514     UiRevive.obj
 0003:00014518       ?ms_pPersonalRecord@KTaskDataFile@@0PAUKPersonalRecord@1@A 00503518     UiTaskDataFile.obj
 0003:0001451c       ?ms_pSystemRecordList@KTaskDataFile@@0PAUKTaskSystemRecordNode@1@A 0050351c     UiTaskDataFile.obj
 0003:00014520       ?ms_nSystemRecordCount@KTaskDataFile@@0HA 00503520     UiTaskDataFile.obj
 0003:00014524       ?m_pSelf@KUiTaskNote@@0PAV1@A 00503524     UiTaskNote.obj
 0003:00014528       ?m_pSelf@KUiNewsMessage@@0PAV1@A 00503528     UiNewsMessage.obj
 0003:0001452c       ?ms_bEnableIdleMsg@KUiNewsMessage@@0HA 0050352c     UiNewsMessage.obj
 0003:00014538       ?m_pSelf@KUiNewsMessageEx@@0PAV1@A 00503538     UiNewsMessageEx.obj
 0003:0001453c       ?ms_bEnableIdleMsg@KUiNewsMessageEx@@0HA 0050353c     UiNewsMessageEx.obj
 0003:00014548       ?m_IndexIDIni@KUiStrengthRank@@0VKIniFile@@A 00503548     UiStrengthRank.obj
 0003:000145a8       ?m_RankData@KUiStrengthRank@@0V?$KLinkStruct@UKRankNode@@@@A 005035a8     UiStrengthRank.obj
 0003:000145c8       ?m_IndexData@KUiStrengthRank@@0V?$KLinkStruct@UKRankIndexNode@@@@A 005035c8     UiStrengthRank.obj
 0003:000145e4       ?m_pSelf@KUiStrengthRank@@0PAV1@A 005035e4     UiStrengthRank.obj
 0003:000145e8       ?m_bIsIndexDataChange@KUiStrengthRank@@0HA 005035e8     UiStrengthRank.obj
 0003:000145ec       ?m_bIsRankDataChange@KUiStrengthRank@@0HA 005035ec     UiStrengthRank.obj
 0003:00014604       ?ms_pSelf@KUiPopupPasswordQuery@@0PAV1@A 00503604     UiPopupPasswordQuery.obj
 0003:00014608       ?ms_pSelf@KUiTongAssignBox@@0PAV1@A 00503608     UiTongAssignBox.obj
 0003:00014614       ?m_pSelf@KUiTongChangeTitle@@0PAV1@A 00503614     UiTongChangeTitle.obj
 0003:00014618       ?ms_pSelf@KUiTongCreateSheet@@0PAV1@A 00503618     UiTongCreateSheet.obj
 0003:0001462c       ?ms_pSelf@KUiTongInformation@@0PAV1@A 0050362c     UiTongInformation.obj
 0003:00014630       ?m_TongData@KUiTongManager@@0UKTongInfo@@A 00503630     UiTongManager.obj
 0003:00014664       ?ms_pSelf@KUiTongManager@@0PAV1@A 00503664     UiTongManager.obj
 0003:00014668       ?m_nElderDataIndex@KUiTongManager@@0HA 00503668     UiTongManager.obj
 0003:0001466c       ?m_nMemberDataIndex@KUiTongManager@@0HA 0050366c     UiTongManager.obj
 0003:00014670       ?m_nCaptainDataIndex@KUiTongManager@@0HA 00503670     UiTongManager.obj
 0003:000146cc       ?m_pSelf@KUiTongSetTax@@0PAV1@A 005036cc     UiTongSetTax .obj
 0003:000146d0       ?m_pNearbyPlayersList@@3PAUKUiPlayerItem@@A 005036d0     UiAutoPlay.obj
 0003:000146d4       ?m_pSelf@KUiRecovery@@0PAV1@A 005036d4     UiAutoPlay.obj
 0003:000146d8       ?m_pSelf@KUiPick@@0PAV1@A  005036d8     UiAutoPlay.obj
 0003:000146dc       ?m_pSelf@KUiFight@@0PAV1@A 005036dc     UiAutoPlay.obj
 0003:000146e0       ?m_pSelf@KUiOther@@0PAV1@A 005036e0     UiAutoPlay.obj
 0003:000146e4       ?m_pSelf@KUiMovePlayer@@0PAV1@A 005036e4     UiAutoPlay.obj
 0003:000146e8       ?m_pSelf@KUiAutoPlay@@0PAV1@A 005036e8     UiAutoPlay.obj
 0003:00014718       ?m_pSelf@UiMiniBuff@@0PAV1@A 00503718     UiMiniBuff.obj
 0003:00014728       ?ms_pSelf@KUiTopTKNew@@0PAV1@A 00503728     UiTopTKNew.obj
 0003:00014870       ?m_pSelf@KUiTrembleItem@@0PAV1@A 00503870     UiTrembleItem.obj
 0003:00014878       ?gTrayMode@@3VTrayMode@@A  00503878     TrayMode.obj
 0003:0001487c       ?m_pSelf@TrayMode@@0PAV1@A 0050387c     TrayMode.obj
 0003:00014880       ?bFPS@@3HA                 00503880     TrayMode.obj
 0003:00014a68       ?s_LNotify@@3UBlacklistNotify@@A 00503a68     GameSpaceChangedNotify.obj
 0003:00014a70       ?g_BlackListUserNames@@3V?$map@V?$basic_string@DU?$char_traits@D@std@@V?$allocator@D@2@@std@@V12@U?$less@V?$basic_string@DU?$char_traits@D@std@@V?$allocator@D@2@@std@@@2@V?$allocator@V?$basic_string@DU?$char_traits@D@std@@V?$allocator@D@2@@std@@@2@@std@@A 00503a70     GameSpaceChangedNotify.obj
 0003:00014b08       ?ms_FunsMap@KShortcutKeyCentre@@2V?$map@V?$basic_string@DU?$char_traits@D@std@@V?$allocator@D@2@@std@@UShortFuncInfo@@Ustring_iless@@V?$allocator@UShortFuncInfo@@@2@@std@@A 00503b08     ShortcutKey.obj
 0003:00014b20       ?ms_Script@KShortcutKeyCentre@@0VKLuaScript@@A 00503b20     ShortcutKey.obj
 0003:00014b94       ?ms_pCommands@KShortcutKeyCentre@@0PAUCOMMAND_SETTING@@A 00503b94     ShortcutKey.obj
 0003:00014b98       ?ms_nCommands@KShortcutKeyCentre@@0HA 00503b98     ShortcutKey.obj
 0003:00014b9c       ?ms_Enable@KShortcutKeyCentre@@0_NA 00503b9c     ShortcutKey.obj
 0003:00014b9d       ?ms_bMouse@KShortcutKeyCentre@@2_NA 00503b9d     ShortcutKey.obj
 0003:00014ba0       ?ms_MouseX@KShortcutKeyCentre@@2HA 00503ba0     ShortcutKey.obj
 0003:00014ba4       ?ms_MouseY@KShortcutKeyCentre@@2HA 00503ba4     ShortcutKey.obj
 0003:00014e28       ?_Nilrefs@?$_Tree@V?$basic_string@DU?$char_traits@D@std@@V?$allocator@D@2@@std@@U?$pair@$$CBV?$basic_string@DU?$char_traits@D@std@@V?$allocator@D@2@@std@@UShortFuncInfo@@@2@U_Kfn@?$map@V?$basic_string@DU?$char_traits@D@std@@V?$allocator@D@2@@std@@UShortFuncInfo@@Ustring_iless@@V?$allocator@UShortFuncInfo@@@2@@2@Ustring_iless@@V?$allocator@UShortFuncInfo@@@2@@std@@1IA 00503e28     ShortcutKey.obj
 0003:00014e2c       ?_Nil@?$_Tree@V?$basic_string@DU?$char_traits@D@std@@V?$allocator@D@2@@std@@U?$pair@$$CBV?$basic_string@DU?$char_traits@D@std@@V?$allocator@D@2@@std@@U?$pair@KK@2@@2@U_Kfn@?$map@V?$basic_string@DU?$char_traits@D@std@@V?$allocator@D@2@@std@@U?$pair@KK@2@Ustring_iless@@V?$allocator@U?$pair@KK@std@@@2@@2@Ustring_iless@@V?$allocator@U?$pair@KK@std@@@2@@std@@1PAU_Node@12@A 00503e2c     ShortcutKey.obj
 0003:00014e30       ?_Nilrefs@?$_Tree@V?$basic_string@DU?$char_traits@D@std@@V?$allocator@D@2@@std@@U?$pair@$$CBV?$basic_string@DU?$char_traits@D@std@@V?$allocator@D@2@@std@@U?$pair@KK@2@@2@U_Kfn@?$map@V?$basic_string@DU?$char_traits@D@std@@V?$allocator@D@2@@std@@U?$pair@KK@2@Ustring_iless@@V?$allocator@U?$pair@KK@std@@@2@@2@Ustring_iless@@V?$allocator@U?$pair@KK@std@@@2@@std@@1IA 00503e30     ShortcutKey.obj
 0003:00014e38       ?s_ANotify@@3UAddinNotify@@A 00503e38     UiBase.obj
 0003:00014e40       ?g_UiBase@@3VKUiBase@@A    00503e40     UiBase.obj
 0003:00014ecc       ?g_nWindowNTFlag@@3HA      00503ecc     UiBase.obj
 0003:00014f04       ?_Nil@?$_Tree@V?$basic_string@DU?$char_traits@D@std@@V?$allocator@D@2@@std@@U?$pair@$$CBV?$basic_string@DU?$char_traits@D@std@@V?$allocator@D@2@@std@@PAX@2@U_Kfn@?$map@V?$basic_string@DU?$char_traits@D@std@@V?$allocator@D@2@@std@@PAXU?$less@V?$basic_string@DU?$char_traits@D@std@@V?$allocator@D@2@@std@@@2@V?$allocator@PAX@2@@2@U?$less@V?$basic_string@DU?$char_traits@D@std@@V?$allocator@D@2@@std@@@2@V?$allocator@PAX@2@@std@@1PAU_Node@12@A 00503f04     UiBase.obj
 0003:00014f08       ?_Nilrefs@?$_Tree@V?$basic_string@DU?$char_traits@D@std@@V?$allocator@D@2@@std@@U?$pair@$$CBV?$basic_string@DU?$char_traits@D@std@@V?$allocator@D@2@@std@@PAX@2@U_Kfn@?$map@V?$basic_string@DU?$char_traits@D@std@@V?$allocator@D@2@@std@@PAXU?$less@V?$basic_string@DU?$char_traits@D@std@@V?$allocator@D@2@@std@@@2@V?$allocator@PAX@2@@2@U?$less@V?$basic_string@DU?$char_traits@D@std@@V?$allocator@D@2@@std@@@2@V?$allocator@PAX@2@@std@@1IA 00503f08     UiBase.obj
 0003:00014f10       ?s_VersionInfo@@3PADA      00503f10     UiShell.obj
 0003:00014f74       ?g_bDisconnect@@3HA        00503f74     UiShell.obj
 0003:00014f88       ?g_ClientCallback@@3UKClientCallback@@A 00503f88     S3Client.obj
 0003:00014f90       ?g_ChatFilter@@3VCChatFilter@@A 00503f90     S3Client.obj
 0003:00014f98       ?g_libFilterText@@3VCFilterTextLib@@A 00503f98     S3Client.obj
 0003:00014fa0       ?g_PakList@@3VKPakList@@A  00503fa0     S3Client.obj
 0003:00015044       ?hInst@@3PAUHINSTANCE__@@A 00504044     S3Client.obj
 0003:00015048       ?MyApp@@3VKMyApp@@A        00504048     S3Client.obj
 0003:00015178       ?g_pRepresentShell@@3PAUiRepresentShell@@A 00504178     S3Client.obj
 0003:0001517c       ?g_pIInlinePicSink@@3PAUIInlinePicEngineSink@@A 0050417c     S3Client.obj
 0003:00015180       ?g_pCoreShell@@3PAUiCoreShell@@A 00504180     S3Client.obj
 0003:00015184       ?g_pMusic@@3PAVKMusic@@A   00504184     S3Client.obj
 0003:0001518c       ?g_bRepresent3@@3HA        0050418c     S3Client.obj
 0003:000151b0       ?g_NetConnectAgent@@3VKNetConnectAgent@@A 005041b0     NetConnectAgent.obj
 0003:000155d8       ?g_LoginLogic@@3VKLogin@@A 005045d8     Login.obj
 0003:00015748       __dowildcard               00504748     MSVCRTD:wildcard.obj
 0003:0001574c       __newmode                  0050474c     MSVCRTD:_newmode.obj
 0003:00015750       __commode                  00504750     MSVCRTD:xncommod.obj
 0003:00015754       __fmode                    00504754     MSVCRTD:xtxtmode.obj
 0003:00015764       __adjust_fdiv              00504764     <common>
 0003:00015768       ___onexitend               00504768     <common>
 0003:0001576c       ___onexitbegin             0050476c     <common>

 entry point at        0001:000ce2a0

 Static symbols

 0001:000caf90       _$E56                      004cbf90 f   Login.obj
 0001:000cafa6       _$E53                      004cbfa6 f   Login.obj
 0001:000cafbc       _$E55                      004cbfbc f   Login.obj
 0001:000cafd5       _$E54                      004cbfd5 f   Login.obj
 0001:000cb0e3       _$E59                      004cc0e3 f   Login.obj
 0001:000cb0f4       _$E58                      004cc0f4 f   Login.obj
 0001:000cb1b4       ?_Rand@@YAIXZ              004cc1b4 f   Login.obj
 0001:000ca040       _$E37                      004cb040 f   NetConnectAgent.obj
 0001:000ca056       _$E34                      004cb056 f   NetConnectAgent.obj
 0001:000ca06c       _$E36                      004cb06c f   NetConnectAgent.obj
 0001:000ca085       _$E35                      004cb085 f   NetConnectAgent.obj
 0001:000c8df0       _$E58                      004c9df0 f   S3Client.obj
 0001:000c8e06       _$E55                      004c9e06 f   S3Client.obj
 0001:000c8e1c       _$E57                      004c9e1c f   S3Client.obj
 0001:000c8e35       _$E56                      004c9e35 f   S3Client.obj
 0001:000c8e4b       _$E63                      004c9e4b f   S3Client.obj
 0001:000c8e61       _$E60                      004c9e61 f   S3Client.obj
 0001:000c8e83       _$E62                      004c9e83 f   S3Client.obj
 0001:000c8e9c       _$E61                      004c9e9c f   S3Client.obj
 0001:000c8ebe       _$E68                      004c9ebe f   S3Client.obj
 0001:000c8ed4       _$E65                      004c9ed4 f   S3Client.obj
 0001:000c8eea       _$E67                      004c9eea f   S3Client.obj
 0001:000c8f03       _$E66                      004c9f03 f   S3Client.obj
 0001:000c8f19       _$E73                      004c9f19 f   S3Client.obj
 0001:000c8f2f       _$E70                      004c9f2f f   S3Client.obj
 0001:000c8f45       _$E72                      004c9f45 f   S3Client.obj
 0001:000c8f5e       _$E71                      004c9f5e f   S3Client.obj
 0001:000c8f74       _$E76                      004c9f74 f   S3Client.obj
 0001:000c8f85       _$E75                      004c9f85 f   S3Client.obj
 0001:000c6640       _$E171                     004c7640 f   UiShell.obj
 0001:000c6651       _$E170                     004c7651 f   UiShell.obj
 0001:000bfe50       _$E97                      004c0e50 f   UiBase.obj
 0001:000bfe66       _$E94                      004c0e66 f   UiBase.obj
 0001:000bfe7c       _$E96                      004c0e7c f   UiBase.obj
 0001:000bfe95       _$E95                      004c0e95 f   UiBase.obj
 0001:000c0c01       ?_KSG_GetWindowVersion@@YAHXZ 004c1c01 f   UiBase.obj
 0001:000c25dc       _$E100                     004c35dc f   UiBase.obj
 0001:000c25ed       _$E99                      004c35ed f   UiBase.obj
 0001:000b2870       _$E138                     004b3870 f   ShortcutKey.obj
 0001:000b2886       _$E134                     004b3886 f   ShortcutKey.obj
 0001:000b28a8       _$E137                     004b38a8 f   ShortcutKey.obj
 0001:000b28c1       _$E135                     004b38c1 f   ShortcutKey.obj
 0001:000b2900       _$E143                     004b3900 f   ShortcutKey.obj
 0001:000b2916       _$E140                     004b3916 f   ShortcutKey.obj
 0001:000b294a       _$E142                     004b394a f   ShortcutKey.obj
 0001:000b2963       _$E141                     004b3963 f   ShortcutKey.obj
 0001:000b4043       ?__x_isgraph@@YA_ND@Z      004b5043 f   ShortcutKey.obj
 0001:000b527c       _$E148                     004b627c f   ShortcutKey.obj
 0001:000baa11       _$E151                     004bba11 f   ShortcutKey.obj
 0001:000b122d       _$E137                     004b222d f   GameSpaceChangedNotify.obj
 0001:000b1243       _$E134                     004b2243 f   GameSpaceChangedNotify.obj
 0001:000b1277       _$E136                     004b2277 f   GameSpaceChangedNotify.obj
 0001:000b1290       _$E135                     004b2290 f   GameSpaceChangedNotify.obj
 0001:000b12a6       _$E140                     004b22a6 f   GameSpaceChangedNotify.obj
 0001:000b12b7       _$E139                     004b22b7 f   GameSpaceChangedNotify.obj
 0001:00089690       _$E41                      0048a690 f   UiStrengthRank.obj
 0001:000896a6       _$E37                      0048a6a6 f   UiStrengthRank.obj
 0001:000896bc       _$E40                      0048a6bc f   UiStrengthRank.obj
 0001:000896d5       _$E38                      0048a6d5 f   UiStrengthRank.obj
 0001:00089708       _$E46                      0048a708 f   UiStrengthRank.obj
 0001:0008971e       _$E43                      0048a71e f   UiStrengthRank.obj
 0001:00089734       _$E45                      0048a734 f   UiStrengthRank.obj
 0001:0008974d       _$E44                      0048a74d f   UiStrengthRank.obj
 0001:00089780       _$E51                      0048a780 f   UiStrengthRank.obj
 0001:00089796       _$E48                      0048a796 f   UiStrengthRank.obj
 0001:000897b8       _$E50                      0048a7b8 f   UiStrengthRank.obj
 0001:000897d1       _$E49                      0048a7d1 f   UiStrengthRank.obj
 0001:00077b40       _$E77                      00478b40 f   UiGame.obj
 0001:00077b56       _$E74                      00478b56 f   UiGame.obj
 0001:00077b6c       _$E76                      00478b6c f   UiGame.obj
 0001:00077b85       _$E75                      00478b85 f   UiGame.obj
 0001:00061f70       _$E10                      00462f70 f   UiInformation3.obj
 0001:00061f86       _$E7                       00462f86 f   UiInformation3.obj
 0001:00061f9c       _$E9                       00462f9c f   UiInformation3.obj
 0001:00061fb5       _$E8                       00462fb5 f   UiInformation3.obj
 0001:00061600       _$E10                      00462600 f   UiInformation2.obj
 0001:00061616       _$E7                       00462616 f   UiInformation2.obj
 0001:0006162c       _$E9                       0046262c f   UiInformation2.obj
 0001:00061645       _$E8                       00462645 f   UiInformation2.obj
 0001:00060e30       _$E10                      00461e30 f   UiInformation.obj
 0001:00060e46       _$E7                       00461e46 f   UiInformation.obj
 0001:00060e5c       _$E9                       00461e5c f   UiInformation.obj
 0001:00060e75       _$E8                       00461e75 f   UiInformation.obj
 0001:0005eb20       _$E37                      0045fb20 f   UiChatPhrase.obj
 0001:0005eb36       _$E34                      0045fb36 f   UiChatPhrase.obj
 0001:0005eb4c       _$E36                      0045fb4c f   UiChatPhrase.obj
 0001:0005eb65       _$E35                      0045fb65 f   UiChatPhrase.obj
 0001:00052560       _$E57                      00453560 f   UiChatCentre.obj
 0001:00052571       _$E56                      00453571 f   UiChatCentre.obj
 0001:0003da90       _$E35                      0043ea90 f   UiKeyBoard.obj
 0001:0003daa6       _$E32                      0043eaa6 f   UiKeyBoard.obj
 0001:0003dac8       _$E34                      0043eac8 f   UiKeyBoard.obj
 0001:0003dae1       _$E33                      0043eae1 f   UiKeyBoard.obj
 0001:0003db03       _$E41                      0043eb03 f   UiKeyBoard.obj
 0001:0003db19       _$E38                      0043eb19 f   UiKeyBoard.obj
 0001:0003db3b       _$E40                      0043eb3b f   UiKeyBoard.obj
 0001:0003db54       _$E39                      0043eb54 f   UiKeyBoard.obj
 0001:0001b8c0       _$E56                      0041c8c0 f   Wnds.obj
 0001:0001b8d6       _$E53                      0041c8d6 f   Wnds.obj
 0001:0001b8ec       _$E55                      0041c8ec f   Wnds.obj
 0001:0001b905       _$E54                      0041c905 f   Wnds.obj
 0001:0001c528       ?Wnd_GetActive@@YAPAVKWndWindow@@HH_N@Z 0041d528 f   Wnds.obj
 0001:0000a5b0       _$E4                       0040b5b0 f   WndEdit.obj
 0001:0000a5c6       _$E1                       0040b5c6 f   WndEdit.obj
 0001:0000a5e8       _$E3                       0040b5e8 f   WndEdit.obj
 0001:0000a601       _$E2                       0040b601 f   WndEdit.obj
 0001:00004c50       _$E28                      00405c50 f   SpaceOver.obj
 0001:00004c61       _$E27                      00405c61 f   SpaceOver.obj
 0001:000018d0       _$E28                      004028d0 f   MouseHover.obj
 0001:000018e1       _$E27                      004028e1 f   MouseHover.obj
 0001:00000120       _$E2                       00401120 f   ComWindow.obj
 0001:00000131       _$E1                       00401131 f   ComWindow.obj
 0001:000ce279       hard                       004cf279 f   MSVCRTD:llmul.obj
 0001:000ce1d1       L1                         004cf1d1 f   MSVCRTD:lldiv.obj
 0001:000ce1ed       L2                         004cf1ed f   MSVCRTD:lldiv.obj
 0001:000ce209       L3                         004cf209 f   MSVCRTD:lldiv.obj
 0001:000ce217       L5                         004cf217 f   MSVCRTD:lldiv.obj
 0001:000ce245       L6                         004cf245 f   MSVCRTD:lldiv.obj
 0001:000ce246       L7                         004cf246 f   MSVCRTD:lldiv.obj
 0001:000ce24a       L4                         004cf24a f   MSVCRTD:lldiv.obj
 0001:000ce254       L8                         004cf254 f   MSVCRTD:lldiv.obj
 0001:000ce130       ?ArrayUnwindFilter@@YAHPAU_EXCEPTION_POINTERS@@@Z 004cf130 f   MSVCRTD:ehvecdtr.obj
 0001:000cde50       _$$$00001                  004cee50 f   MSVCRTD:chkstk.obj
 0001:000cde5c       probepages                 004cee5c f   MSVCRTD:chkstk.obj
 0001:000cde70       lastpage                   004cee70 f   MSVCRTD:chkstk.obj
