 GameServer

 Timestamp is 691c8b7d (Tue Nov 18 10:06:37 2025)

 Preferred load address is 00400000

 Start         Length     Name                   Class
 0001:00000000 0002fbccH .text                   CODE
 0001:0002fbd0 00002162H .text$x                 CODE
 0002:00000000 0000020cH .idata$5                DATA
 0002:00000210 00001c8cH .rdata                  DATA
 0002:00001ea0 0000104cH .rdata$r                DATA
 0002:00002ef0 000036b0H .xdata$x                DATA
 0002:000065a0 0000008cH .idata$2                DATA
 0002:0000662c 00000014H .idata$3                DATA
 0002:00006640 0000020cH .idata$4                DATA
 0002:0000684c 00000964H .idata$6                DATA
 0002:000071b0 00000000H .edata                  DATA
 0003:00000000 00000004H .CRT$XCA                DATA
 0003:00000004 000000c0H .CRT$XCU                DATA
 0003:000000c4 00000004H .CRT$XCZ                DATA
 0003:000000c8 00000004H .CRT$XIA                DATA
 0003:000000cc 0000000cH .CRT$XIC                DATA
 0003:000000d8 00000004H .CRT$XIY                DATA
 0003:000000dc 00000004H .CRT$XIZ                DATA
 0003:000000e0 00000004H .CRT$XPA                DATA
 0003:000000e4 00000004H .CRT$XPX                DATA
 0003:000000e8 00000004H .CRT$XPZ                DATA
 0003:000000ec 00000004H .CRT$XTA                DATA
 0003:000000f0 00000004H .CRT$XTB                DATA
 0003:000000f4 00000004H .CRT$XTZ                DATA
 0003:00000100 0000327cH .data                   DATA
 0003:00003380 000022d0H .bss                    DATA
 0004:00000000 000000a0H .rsrc$01                DATA
 0004:000000a0 000010c0H .rsrc$02                DATA

  Address         Publics by Value              Rva+Base     Lib:Object

 0001:00000000       ?GetCurrentDirectoryA@@YA?AV?$basic_string@DU?$char_traits@D@std@@V?$allocator@D@2@@std@@XZ 00401000 f   GameServer.obj
 0001:00000180       ??1CException@Win32@OnlineGameLib@@UAE@XZ 00401180 f i GameServer.obj
 0001:00000200       ??_ECException@Win32@OnlineGameLib@@UAEPAXI@Z 00401200 f i GameServer.obj
 0001:00000200       ??_GCException@Win32@OnlineGameLib@@UAEPAXI@Z 00401200 f i GameServer.obj
 0001:00000220       ??0CException@Win32@OnlineGameLib@@QAE@ABV012@@Z 00401220 f i GameServer.obj
 0001:00000360       ?KinnoxHx@@YAHPAD@Z        00401360 f   GameServer.obj
 0001:000003c0       ?GetMachineID@@YA?AV?$basic_string@DU?$char_traits@D@std@@V?$allocator@D@2@@std@@XZ 004013c0 f   GameServer.obj
 0001:00000670       ??0ios_base@std@@IAE@XZ    00401670 f i GameServer.obj
 0001:00000680       ??_Eios_base@std@@UAEPAXI@Z 00401680 f i GameServer.obj
 0001:00000680       ??_Gios_base@std@@UAEPAXI@Z 00401680 f i GameServer.obj
 0001:000006a0       ??_D?$basic_stringstream@DU?$char_traits@D@std@@V?$allocator@D@2@@std@@QAEXXZ 004016a0 f i GameServer.obj
 0001:000006c0       _main                      004016c0 f   GameServer.obj
 0001:00000a80       ??1?$basic_string@DU?$char_traits@D@std@@V?$allocator@D@2@@std@@QAE@XZ 00401a80 f i GameServer.obj
 0001:00000ac0       ??6?$basic_ostream@DU?$char_traits@D@std@@@std@@QAEAAV01@K@Z 00401ac0 f i GameServer.obj
 0001:00000d00       ??1bad_cast@std@@UAE@XZ    00401d00 f i GameServer.obj
 0001:00000d10       ?_Doraise@bad_cast@std@@MBEXXZ 00401d10 f i GameServer.obj
 0001:00000d30       ??_Ebad_cast@std@@UAEPAXI@Z 00401d30 f i GameServer.obj
 0001:00000d30       ??_Gbad_cast@std@@UAEPAXI@Z 00401d30 f i GameServer.obj
 0001:00000d50       ??0bad_cast@std@@QAE@ABV01@@Z 00401d50 f i GameServer.obj
 0001:00000d70       ??Bid@locale@std@@QAEIXZ   00401d70 f i GameServer.obj
 0001:00000da0       ?_Decref@facet@locale@std@@QAEPAV123@XZ 00401da0 f i GameServer.obj
 0001:00000de0       ??1locale@std@@QAE@XZ      00401de0 f i GameServer.obj
 0001:00000e00       ?getloc@ios_base@std@@QBE?AVlocale@2@XZ 00401e00 f i GameServer.obj
 0001:00000e40       ??1?$basic_ios@DU?$char_traits@D@std@@@std@@UAE@XZ 00401e40 f i GameServer.obj
 0001:00000e50       ??0?$basic_iostream@DU?$char_traits@D@std@@@std@@QAE@PAV?$basic_streambuf@DU?$char_traits@D@std@@@1@@Z 00401e50 f i GameServer.obj
 0001:00000f20       ??1?$basic_istream@DU?$char_traits@D@std@@@std@@UAE@XZ 00401f20 f i GameServer.obj
 0001:00000f30       ??1?$basic_iostream@DU?$char_traits@D@std@@@std@@UAE@XZ 00401f30 f i GameServer.obj
 0001:00000f70       ??1?$auto_ptr@D@std@@QAE@XZ 00401f70 f i GameServer.obj
 0001:00000f80       ??1?$basic_stringstream@DU?$char_traits@D@std@@V?$allocator@D@2@@std@@UAE@XZ 00401f80 f i GameServer.obj
 0001:00001080       ?overflow@?$basic_streambuf@DU?$char_traits@D@std@@@std@@MAEHH@Z 00402080 f i GameServer.obj
 0001:00001090       ?pbackfail@?$basic_streambuf@DU?$char_traits@D@std@@@std@@MAEHH@Z 00402090 f i GameServer.obj
 0001:000010a0       ?showmanyc@?$basic_streambuf@DU?$char_traits@D@std@@@std@@MAEHXZ 004020a0 f i GameServer.obj
 0001:000010b0       ?underflow@?$basic_streambuf@DU?$char_traits@D@std@@@std@@MAEHXZ 004020b0 f i GameServer.obj
 0001:000010c0       ?uflow@?$basic_streambuf@DU?$char_traits@D@std@@@std@@MAEHXZ 004020c0 f i GameServer.obj
 0001:000010f0       ?xsgetn@?$basic_streambuf@DU?$char_traits@D@std@@@std@@MAEHPADH@Z 004020f0 f i GameServer.obj
 0001:00001190       ?xsputn@?$basic_streambuf@DU?$char_traits@D@std@@@std@@MAEHPBDH@Z 00402190 f i GameServer.obj
 0001:00001230       ?seekoff@?$basic_streambuf@DU?$char_traits@D@std@@@std@@MAE?AV?$fpos@H@2@JW4seekdir@ios_base@2@H@Z 00402230 f i GameServer.obj
 0001:00001260       ?seekpos@?$basic_streambuf@DU?$char_traits@D@std@@@std@@MAE?AV?$fpos@H@2@V32@H@Z 00402260 f i GameServer.obj
 0001:00001290       ?setbuf@?$basic_streambuf@DU?$char_traits@D@std@@@std@@MAEPAV12@PADH@Z 00402290 f i GameServer.obj
 0001:000012a0       ?sync@?$basic_streambuf@DU?$char_traits@D@std@@@std@@MAEHXZ 004022a0 f i GameServer.obj
 0001:000012b0       ?imbue@?$basic_streambuf@DU?$char_traits@D@std@@@std@@MAEXABVlocale@2@@Z 004022b0 f i GameServer.obj
 0001:000012c0       ?str@?$basic_stringstream@DU?$char_traits@D@std@@V?$allocator@D@2@@std@@QBE?AV?$basic_string@DU?$char_traits@D@std@@V?$allocator@D@2@@2@XZ 004022c0 f i GameServer.obj
 0001:000012e0       ??1?$basic_stringbuf@DU?$char_traits@D@std@@V?$allocator@D@2@@std@@UAE@XZ 004022e0 f i GameServer.obj
 0001:00001360       ?overflow@?$basic_stringbuf@DU?$char_traits@D@std@@V?$allocator@D@2@@std@@MAEHH@Z 00402360 f i GameServer.obj
 0001:00001510       ?pbackfail@?$basic_stringbuf@DU?$char_traits@D@std@@V?$allocator@D@2@@std@@MAEHH@Z 00402510 f i GameServer.obj
 0001:00001570       ?underflow@?$basic_stringbuf@DU?$char_traits@D@std@@V?$allocator@D@2@@std@@MAEHXZ 00402570 f i GameServer.obj
 0001:000015d0       ?seekoff@?$basic_stringbuf@DU?$char_traits@D@std@@V?$allocator@D@2@@std@@MAE?AV?$fpos@H@2@JW4seekdir@ios_base@2@H@Z 004025d0 f i GameServer.obj
 0001:00001740       ?seekpos@?$basic_stringbuf@DU?$char_traits@D@std@@V?$allocator@D@2@@std@@MAE?AV?$fpos@H@2@V32@H@Z 00402740 f i GameServer.obj
 0001:00001820       ??_E?$basic_ostream@DU?$char_traits@D@std@@@std@@UAEPAXI@Z 00402820 f i GameServer.obj
 0001:00001820       ??_G?$basic_ostream@DU?$char_traits@D@std@@@std@@UAEPAXI@Z 00402820 f i GameServer.obj
 0001:00001850       ??_G?$basic_ios@DU?$char_traits@D@std@@@std@@UAEPAXI@Z 00402850 f i GameServer.obj
 0001:00001850       ??_E?$basic_ios@DU?$char_traits@D@std@@@std@@UAEPAXI@Z 00402850 f i GameServer.obj
 0001:00001870       ??_E?$basic_istream@DU?$char_traits@D@std@@@std@@UAEPAXI@Z 00402870 f i GameServer.obj
 0001:00001870       ??_G?$basic_istream@DU?$char_traits@D@std@@@std@@UAEPAXI@Z 00402870 f i GameServer.obj
 0001:000018a0       ??_G?$basic_streambuf@DU?$char_traits@D@std@@@std@@UAEPAXI@Z 004028a0 f i GameServer.obj
 0001:000018a0       ??_E?$basic_streambuf@DU?$char_traits@D@std@@@std@@UAEPAXI@Z 004028a0 f i GameServer.obj
 0001:000018c0       ??1?$basic_streambuf@DU?$char_traits@D@std@@@std@@UAE@XZ 004028c0 f i GameServer.obj
 0001:00001910       ??_G?$basic_iostream@DU?$char_traits@D@std@@@std@@UAEPAXI@Z 00402910 f i GameServer.obj
 0001:00001910       ??_E?$basic_iostream@DU?$char_traits@D@std@@@std@@UAEPAXI@Z 00402910 f i GameServer.obj
 0001:00001940       ??_G?$basic_stringstream@DU?$char_traits@D@std@@V?$allocator@D@2@@std@@UAEPAXI@Z 00402940 f i GameServer.obj
 0001:00001940       ??_E?$basic_stringstream@DU?$char_traits@D@std@@V?$allocator@D@2@@std@@UAEPAXI@Z 00402940 f i GameServer.obj
 0001:00001970       ??_G?$basic_stringbuf@DU?$char_traits@D@std@@V?$allocator@D@2@@std@@UAEPAXI@Z 00402970 f i GameServer.obj
 0001:00001970       ??_E?$basic_stringbuf@DU?$char_traits@D@std@@V?$allocator@D@2@@std@@UAEPAXI@Z 00402970 f i GameServer.obj
 0001:00001990       ?assign@?$basic_string@DU?$char_traits@D@std@@V?$allocator@D@2@@std@@QAEAAV12@ABV12@II@Z 00402990 f i GameServer.obj
 0001:00001b90       ?_Tidy@?$basic_string@DU?$char_traits@D@std@@V?$allocator@D@2@@std@@AAEX_N@Z 00402b90 f i GameServer.obj
 0001:00001be0       ??1sentry@?$basic_ostream@DU?$char_traits@D@std@@@std@@QAE@XZ 00402be0 f i GameServer.obj
 0001:00001c50       ??0?$fpos@H@std@@QAE@J@Z   00402c50 f i GameServer.obj
 0001:00001c90       ??0?$basic_stringbuf@DU?$char_traits@D@std@@V?$allocator@D@2@@std@@QAE@H@Z 00402c90 f i GameServer.obj
 0001:00001da0       ?setg@?$basic_streambuf@DU?$char_traits@D@std@@@std@@IAEXPAD00@Z 00402da0 f i GameServer.obj
 0001:00001dc0       ?str@?$basic_stringbuf@DU?$char_traits@D@std@@V?$allocator@D@2@@std@@QBE?AV?$basic_string@DU?$char_traits@D@std@@V?$allocator@D@2@@2@XZ 00402dc0 f i GameServer.obj
 0001:00001fb0       ?assign@?$basic_string@DU?$char_traits@D@std@@V?$allocator@D@2@@std@@QAEAAV12@PBDI@Z 00402fb0 f i GameServer.obj
 0001:00002050       ?erase@?$basic_string@DU?$char_traits@D@std@@V?$allocator@D@2@@std@@QAEAAV12@II@Z 00403050 f i GameServer.obj
 0001:00002170       ?_Eos@?$basic_string@DU?$char_traits@D@std@@V?$allocator@D@2@@std@@AAEXI@Z 00403170 f i GameServer.obj
 0001:00002190       ?_Grow@?$basic_string@DU?$char_traits@D@std@@V?$allocator@D@2@@std@@AAE_NI_N@Z 00403190 f i GameServer.obj
 0001:000022b0       ?opfx@?$basic_ostream@DU?$char_traits@D@std@@@std@@QAE_NXZ 004032b0 f i GameServer.obj
 0001:00002330       ?max_size@?$basic_string@DU?$char_traits@D@std@@V?$allocator@D@2@@std@@QBEIXZ 00403330 f i GameServer.obj
 0001:00002340       ?_Copy@?$basic_string@DU?$char_traits@D@std@@V?$allocator@D@2@@std@@AAEXI@Z 00403340 f i GameServer.obj
 0001:00002450       ?_Split@?$basic_string@DU?$char_traits@D@std@@V?$allocator@D@2@@std@@AAEXXZ 00403450 f i GameServer.obj
 0001:00002520       ??0?$num_put@DV?$ostreambuf_iterator@DU?$char_traits@D@std@@@std@@@std@@QAE@I@Z 00403520 f i GameServer.obj
 0001:00002580       ??1facet@locale@std@@UAE@XZ 00403580 f i GameServer.obj
 0001:00002590       ??_Efacet@locale@std@@UAEPAXI@Z 00403590 f i GameServer.obj
 0001:00002590       ??_Gfacet@locale@std@@UAEPAXI@Z 00403590 f i GameServer.obj
 0001:000025b0       ?do_put@?$num_put@DV?$ostreambuf_iterator@DU?$char_traits@D@std@@@std@@@std@@MBE?AV?$ostreambuf_iterator@DU?$char_traits@D@std@@@2@V32@AAVios_base@2@D_N@Z 004035b0 f i GameServer.obj
 0001:00002890       ??0bad_cast@std@@QAE@PBD@Z 00403890 f i GameServer.obj
 0001:000028b0       ?sputc@?$basic_streambuf@DU?$char_traits@D@std@@@std@@QAEHD@Z 004038b0 f i GameServer.obj
 0001:00002900       ?do_put@?$num_put@DV?$ostreambuf_iterator@DU?$char_traits@D@std@@@std@@@std@@MBE?AV?$ostreambuf_iterator@DU?$char_traits@D@std@@@2@V32@AAVios_base@2@DJ@Z 00403900 f i GameServer.obj
 0001:000029b0       ?do_put@?$num_put@DV?$ostreambuf_iterator@DU?$char_traits@D@std@@@std@@@std@@MBE?AV?$ostreambuf_iterator@DU?$char_traits@D@std@@@2@V32@AAVios_base@2@DK@Z 004039b0 f i GameServer.obj
 0001:00002a60       ?do_put@?$num_put@DV?$ostreambuf_iterator@DU?$char_traits@D@std@@@std@@@std@@MBE?AV?$ostreambuf_iterator@DU?$char_traits@D@std@@@2@V32@AAVios_base@2@DN@Z 00403a60 f i GameServer.obj
 0001:00002b50       ?do_put@?$num_put@DV?$ostreambuf_iterator@DU?$char_traits@D@std@@@std@@@std@@MBE?AV?$ostreambuf_iterator@DU?$char_traits@D@std@@@2@V32@AAVios_base@2@DO@Z 00403b50 f i GameServer.obj
 0001:00002c40       ?do_put@?$num_put@DV?$ostreambuf_iterator@DU?$char_traits@D@std@@@std@@@std@@MBE?AV?$ostreambuf_iterator@DU?$char_traits@D@std@@@2@V32@AAVios_base@2@DPBX@Z 00403c40 f i GameServer.obj
 0001:00002e00       ??_G?$num_put@DV?$ostreambuf_iterator@DU?$char_traits@D@std@@@std@@@std@@UAEPAXI@Z 00403e00 f i GameServer.obj
 0001:00002e00       ??_E?$num_put@DV?$ostreambuf_iterator@DU?$char_traits@D@std@@@std@@@std@@UAEPAXI@Z 00403e00 f i GameServer.obj
 0001:00002e20       ??1?$num_put@DV?$ostreambuf_iterator@DU?$char_traits@D@std@@@std@@@std@@UAE@XZ 00403e20 f i GameServer.obj
 0001:00002e30       ?_Fput@?$num_put@DV?$ostreambuf_iterator@DU?$char_traits@D@std@@@std@@@std@@KA?AV?$ostreambuf_iterator@DU?$char_traits@D@std@@@2@V32@AAVios_base@2@DPBDII@Z 00403e30 f i GameServer.obj
 0001:00003240       ?_Iput@?$num_put@DV?$ostreambuf_iterator@DU?$char_traits@D@std@@@std@@@std@@KA?AV?$ostreambuf_iterator@DU?$char_traits@D@std@@@2@V32@AAVios_base@2@DPADI@Z 00404240 f i GameServer.obj
 0001:00003690       ?_Rep@?$num_put@DV?$ostreambuf_iterator@DU?$char_traits@D@std@@@std@@@std@@KA?AV?$ostreambuf_iterator@DU?$char_traits@D@std@@@2@V32@DI@Z 00404690 f i GameServer.obj
 0001:00003710       ?falsename@?$numpunct@D@std@@QBE?AV?$basic_string@DU?$char_traits@D@std@@V?$allocator@D@2@@2@XZ 00404710 f i GameServer.obj
 0001:00003730       ?truename@?$numpunct@D@std@@QBE?AV?$basic_string@DU?$char_traits@D@std@@V?$allocator@D@2@@2@XZ 00404730 f i GameServer.obj
 0001:00003750       ??4?$ostreambuf_iterator@DU?$char_traits@D@std@@@std@@QAEAAV01@D@Z 00404750 f i GameServer.obj
 0001:000037b0       ?grouping@?$numpunct@D@std@@QBE?AV?$basic_string@DU?$char_traits@D@std@@V?$allocator@D@2@@2@XZ 004047b0 f i GameServer.obj
 0001:000037d0       ??0?$numpunct@D@std@@QAE@I@Z 004047d0 f i GameServer.obj
 0001:000038f0       ?do_decimal_point@?$numpunct@D@std@@MBEDXZ 004048f0 f i GameServer.obj
 0001:00003900       ?do_thousands_sep@?$numpunct@D@std@@MBEDXZ 00404900 f i GameServer.obj
 0001:00003910       ?do_grouping@?$numpunct@D@std@@MBE?AV?$basic_string@DU?$char_traits@D@std@@V?$allocator@D@2@@2@XZ 00404910 f i GameServer.obj
 0001:000039e0       ?do_falsename@?$numpunct@D@std@@MBE?AV?$basic_string@DU?$char_traits@D@std@@V?$allocator@D@2@@2@XZ 004049e0 f i GameServer.obj
 0001:00003ab0       ?do_truename@?$numpunct@D@std@@MBE?AV?$basic_string@DU?$char_traits@D@std@@V?$allocator@D@2@@2@XZ 00404ab0 f i GameServer.obj
 0001:00003b80       ??_E?$numpunct@D@std@@UAEPAXI@Z 00404b80 f i GameServer.obj
 0001:00003b80       ??_G?$numpunct@D@std@@UAEPAXI@Z 00404b80 f i GameServer.obj
 0001:00003ba0       ??1?$numpunct@D@std@@UAE@XZ 00404ba0 f i GameServer.obj
 0001:00003bd0       ?_Save@?$_Tidyfac@V?$num_put@DV?$ostreambuf_iterator@DU?$char_traits@D@std@@@std@@@std@@@std@@SAPAV?$num_put@DV?$ostreambuf_iterator@DU?$char_traits@D@std@@@std@@@2@PAV32@@Z 00404bd0 f i GameServer.obj
 0001:00003c50       ?_Save@?$_Tidyfac@V?$numpunct@D@std@@@std@@SAPAV?$numpunct@D@2@PAV32@@Z 00404c50 f i GameServer.obj
 0001:00003cd0       ?_Tidy@?$_Tidyfac@V?$num_put@DV?$ostreambuf_iterator@DU?$char_traits@D@std@@@std@@@std@@@std@@SAXXZ 00404cd0 f i GameServer.obj
 0001:00003d70       ?_Tidy@?$_Tidyfac@V?$numpunct@D@std@@@std@@SAXXZ 00404d70 f i GameServer.obj
 0001:00003e90       ?id@?$numpunct@D@std@@$E   00404e90 f i GameServer.obj
 0001:00003ea0       ?id@?$num_put@DV?$ostreambuf_iterator@DU?$char_traits@D@std@@@$E 00404ea0 f i GameServer.obj
 0001:00003eb0       ?id@?$ctype@G@std@@$E      00404eb0 f i GameServer.obj
 0001:00004160       ?ServerEventNotify@@YGXPAXABK1@Z 00405160 f   KSOServer.obj
 0001:000041e0       ??1Owner@CCriticalSection@Win32@OnlineGameLib@@QAE@XZ 004051e0 f i KSOServer.obj
 0001:000041f0       ?GatewayClientEventNotify@@YGXPAXABK@Z 004051f0 f   KSOServer.obj
 0001:00004220       ?ChatClientEventNotify@@YGXPAXABK@Z 00405220 f   KSOServer.obj
 0001:00004240       ?TongClientEventNotify@@YGXPAXABK@Z 00405240 f   KSOServer.obj
 0001:00004260       ?DatabaseClientEventNotify@@YGXPAXABK@Z 00405260 f   KSOServer.obj
 0001:00004290       ?TransferClientEventNotify@@YGXPAXABK@Z 00405290 f   KSOServer.obj
 0001:000042a0       ??0KSwordOnLineSever@@QAE@XZ 004052a0 f   KSOServer.obj
 0001:00004450       ??1KSwordOnLineSever@@QAE@XZ 00405450 f   KSOServer.obj
 0001:00004500       ?Init@KSwordOnLineSever@@QAEHXZ 00405500 f   KSOServer.obj
 0001:00005910       ??_H@YGXPAXIHP6EX0@Z@Z     00406910 f i KSOServer.obj
 0001:00005940       ?Release@KSwordOnLineSever@@QAEXXZ 00406940 f   KSOServer.obj
 0001:00005b80       ?Breathe@KSwordOnLineSever@@QAEHXZ 00406b80 f   KSOServer.obj
 0001:00005c00       ?MessageLoop@KSwordOnLineSever@@AAEXXZ 00406c00 f   KSOServer.obj
 0001:00005e00       ?ChatMessageProcess@KSwordOnLineSever@@AAEXPBDI@Z 00406e00 f   KSOServer.obj
 0001:00005ef0       ?TongMessageProcess@KSwordOnLineSever@@AAEXPBDI@Z 00406ef0 f   KSOServer.obj
 0001:00006fb0       ?ChatGroupMan@KSwordOnLineSever@@AAEXPBXI@Z 00407fb0 f   KSOServer.obj
 0001:00007060       ?ChatSpecMan@KSwordOnLineSever@@AAEXPBXI@Z 00408060 f   KSOServer.obj
 0001:000070c0       ?DatabaseMessageProcess@KSwordOnLineSever@@AAEXPBDI@Z 004080c0 f   KSOServer.obj
 0001:00007120       ?DatabaseLargePackProcess@KSwordOnLineSever@@AAEXPBDI@Z 00408120 f   KSOServer.obj
 0001:000071b0       ?TransferMessageProcess@KSwordOnLineSever@@AAEXPBDI@Z 004081b0 f   KSOServer.obj
 0001:00007360       ?TransferLargePackProcess@KSwordOnLineSever@@AAEXPBXIPAVKTransferUnit@@@Z 00408360 f   KSOServer.obj
 0001:000076a0       ?TransferSmallPackProcess@KSwordOnLineSever@@AAEXPBXIPAVKTransferUnit@@@Z 004086a0 f   KSOServer.obj
 0001:00007bd0       ?PlayerMessageProcess@KSwordOnLineSever@@AAEXKPBDI@Z 00408bd0 f   KSOServer.obj
 0001:00008080       ?GatewayMessageProcess@KSwordOnLineSever@@AAEXPBDI@Z 00409080 f   KSOServer.obj
 0001:000080b0       ?GatewayLargePackProcess@KSwordOnLineSever@@AAEXPBXI@Z 004090b0 f   KSOServer.obj
 0001:000083c0       ?GatewaySmallPackProcess@KSwordOnLineSever@@AAEXPBXI@Z 004093c0 f   KSOServer.obj
 0001:00008500       ?GatewayBoardCastProcess@KSwordOnLineSever@@AAEXPBDI@Z 00409500 f   KSOServer.obj
 0001:000085c0       ?MainLoop@KSwordOnLineSever@@AAEXXZ 004095c0 f   KSOServer.obj
 0001:000087b0       ?PingClient@KSwordOnLineSever@@AAEXK@Z 004097b0 f   KSOServer.obj
 0001:00008950       ?ProcessPingReply@KSwordOnLineSever@@AAEXKPBDI@Z 00409950 f   KSOServer.obj
 0001:00008ab0       ?SavePlayerData@KSwordOnLineSever@@AAEXXZ 00409ab0 f   KSOServer.obj
 0001:00008b40       ?SavePlayerData@KSwordOnLineSever@@AAEHH_NH@Z 00409b40 f   KSOServer.obj
 0001:00008cf0       ?PlayerExchangeServer@KSwordOnLineSever@@AAEXXZ 00409cf0 f   KSOServer.obj
 0001:00009020       ?PlayerLogoutGateway@KSwordOnLineSever@@AAEXXZ 0040a020 f   KSOServer.obj
 0001:000094b0       ?GetNetStatus@KSwordOnLineSever@@QAEHK@Z 0040a4b0 f   KSOServer.obj
 0001:000094e0       ?SetNetStatus@KSwordOnLineSever@@QAEXKW4NetStatus@@@Z 0040a4e0 f   KSOServer.obj
 0001:000095d0       ?ProcessLoginProtocol@KSwordOnLineSever@@AAEHKPBDI@Z 0040a5d0 f   KSOServer.obj
 0001:00009600       ?SendGameDataToClient@KSwordOnLineSever@@AAEHKH@Z 0040a600 f   KSOServer.obj
 0001:000096f0       ?ProcessSyncReplyProtocol@KSwordOnLineSever@@AAEHKPBDI@Z 0040a6f0 f   KSOServer.obj
 0001:00009700       ?ExitAllPlayer@KSwordOnLineSever@@AAEXXZ 0040a700 f   KSOServer.obj
 0001:00009880       ?SetRunningStatus@KSwordOnLineSever@@QAEXH@Z 0040a880 f   KSOServer.obj
 0001:00009890       ?ConformAskWay@KSwordOnLineSever@@AAEHPBXHPAK@Z 0040a890 f   KSOServer.obj
 0001:00009910       ?GetLocalIpAddress@KSwordOnLineSever@@AAEHPAK0@Z 0040a910 f   KSOServer.obj
 0001:00009af0       ?TransferAskWayMessageProcess@KSwordOnLineSever@@AAEXPBDI@Z 0040aaf0 f   KSOServer.obj
 0001:00009c80       ?TransferLoseWayMessageProcess@KSwordOnLineSever@@AAEXPBDI@Z 0040ac80 f   KSOServer.obj
 0001:00009de0       ?ProcessPlayerTongMsg@KSwordOnLineSever@@AAEXKPBDI@Z 0040ade0 f   KSOServer.obj
 0001:0000aa90       ?CheckPlayerID@KSwordOnLineSever@@AAEHKK@Z 0040ba90 f   KSOServer.obj
 0001:0000aae0       ??6?$basic_ostream@DU?$char_traits@D@std@@@std@@QAEAAV01@H@Z 0040bae0 f i KSOServer.obj
 0001:0000ad20       ?put@?$basic_ostream@DU?$char_traits@D@std@@@std@@QAEAAV12@D@Z 0040bd20 f i KSOServer.obj
 0001:0000ae90       ?clear@?$basic_ios@DU?$char_traits@D@std@@@std@@QAEXH_N@Z 0040be90 f i KSOServer.obj
 0001:0000aeb0       ?insert@?$_Tree@KU?$pair@$$CBKPAVKTransferUnit@@@std@@U_Kfn@?$map@KPAVKTransferUnit@@U?$less@K@std@@V?$allocator@PAVKTransferUnit@@@3@@2@U?$less@K@2@V?$allocator@PAVKTransferUnit@@@2@@std@@QAE?AU?$pair@Viterator@?$_Tree@KU?$pair@$$CBKPAVKTransferUnit@@@std@@U_Kfn@?$map@KPAVKTransferUnit@@U?$less@K@std@@V?$allocator@PAVKTransferUnit@@@3@@2@U?$less@K@2@V?$allocator@PAVKTransferUnit@@@2@@std@@_N@2@ABU?$pair@$$CBKPAVKTransferUnit@@@2@@Z 0040beb0 f i KSOServer.obj
 0001:0000afe0       ?erase@?$_Tree@KU?$pair@$$CBKPAVKTransferUnit@@@std@@U_Kfn@?$map@KPAVKTransferUnit@@U?$less@K@std@@V?$allocator@PAVKTransferUnit@@@3@@2@U?$less@K@2@V?$allocator@PAVKTransferUnit@@@2@@std@@QAE?AViterator@12@V312@0@Z 0040bfe0 f i KSOServer.obj
 0001:0000b110       ?erase@?$_Tree@KU?$pair@$$CBKPAVKTransferUnit@@@std@@U_Kfn@?$map@KPAVKTransferUnit@@U?$less@K@std@@V?$allocator@PAVKTransferUnit@@@3@@2@U?$less@K@2@V?$allocator@PAVKTransferUnit@@@2@@std@@QAE?AViterator@12@V312@@Z 0040c110 f i KSOServer.obj
 0001:0000b630       ?lower_bound@?$_Tree@KU?$pair@$$CBKPAVKTransferUnit@@@std@@U_Kfn@?$map@KPAVKTransferUnit@@U?$less@K@std@@V?$allocator@PAVKTransferUnit@@@3@@2@U?$less@K@2@V?$allocator@PAVKTransferUnit@@@2@@std@@QAE?AViterator@12@ABK@Z 0040c630 f i KSOServer.obj
 0001:0000b650       ?_Erase@?$_Tree@KU?$pair@$$CBKPAVKTransferUnit@@@std@@U_Kfn@?$map@KPAVKTransferUnit@@U?$less@K@std@@V?$allocator@PAVKTransferUnit@@@3@@2@U?$less@K@2@V?$allocator@PAVKTransferUnit@@@2@@std@@IAEXPAU_Node@12@@Z 0040c650 f i KSOServer.obj
 0001:0000b6e0       ?_Insert@?$_Tree@KU?$pair@$$CBKPAVKTransferUnit@@@std@@U_Kfn@?$map@KPAVKTransferUnit@@U?$less@K@std@@V?$allocator@PAVKTransferUnit@@@3@@2@U?$less@K@2@V?$allocator@PAVKTransferUnit@@@2@@std@@IAE?AViterator@12@PAU_Node@12@0ABU?$pair@$$CBKPAVKTransferUnit@@@2@@Z 0040c6e0 f i KSOServer.obj
 0001:0000b9e0       ?_Inc@const_iterator@?$_Tree@KU?$pair@$$CBKPAVKTransferUnit@@@std@@U_Kfn@?$map@KPAVKTransferUnit@@U?$less@K@std@@V?$allocator@PAVKTransferUnit@@@3@@2@U?$less@K@2@V?$allocator@PAVKTransferUnit@@@2@@std@@QAEXXZ 0040c9e0 f i KSOServer.obj
 0001:0000ba90       ?_Lbound@?$_Tree@KU?$pair@$$CBKPAVKTransferUnit@@@std@@U_Kfn@?$map@KPAVKTransferUnit@@U?$less@K@std@@V?$allocator@PAVKTransferUnit@@@3@@2@U?$less@K@2@V?$allocator@PAVKTransferUnit@@@2@@std@@IBEPAU_Node@12@ABK@Z 0040ca90 f i KSOServer.obj
 0001:0000bae0       ?_Min@?$_Tree@KU?$pair@$$CBKPAVKTransferUnit@@@std@@U_Kfn@?$map@KPAVKTransferUnit@@U?$less@K@std@@V?$allocator@PAVKTransferUnit@@@3@@2@U?$less@K@2@V?$allocator@PAVKTransferUnit@@@2@@std@@KAPAU_Node@12@PAU312@@Z 0040cae0 f i KSOServer.obj
 0001:0000bb20       ?_Dec@const_iterator@?$_Tree@KU?$pair@$$CBKPAVKTransferUnit@@@std@@U_Kfn@?$map@KPAVKTransferUnit@@U?$less@K@std@@V?$allocator@PAVKTransferUnit@@@3@@2@U?$less@K@2@V?$allocator@PAVKTransferUnit@@@2@@std@@QAEXXZ 0040cb20 f i KSOServer.obj
 0001:0000bbe0       ??6std@@YAAAV?$basic_ostream@DU?$char_traits@D@std@@@0@AAV10@PBD@Z 0040cbe0 f i KSOServer.obj
 0001:0000be70       ?_Construct@std@@YAXPAU?$pair@$$CBKPAVKTransferUnit@@@1@ABU21@@Z 0040ce70 f i KSOServer.obj
 0001:0000bf10       ??0KTransferUnit@@QAE@KK@Z 0040cf10 f   KTransferUnit.obj
 0001:0000bf50       ??_EKTransferUnit@@UAEPAXI@Z 0040cf50 f i KTransferUnit.obj
 0001:0000bf50       ??_GKTransferUnit@@UAEPAXI@Z 0040cf50 f i KTransferUnit.obj
 0001:0000bf70       ??1KTransferUnit@@UAE@XZ   0040cf70 f   KTransferUnit.obj
 0001:0000bfb0       _GetCurrentDirectoryA@8    0040cfb0 f   kernel32:KERNEL32.dll
 0001:0000bfb6       _GetVolumeInformationA@32  0040cfb6 f   kernel32:KERNEL32.dll
 0001:0000bfbc       _SetConsoleMode@8          0040cfbc f   kernel32:KERNEL32.dll
 0001:0000bfc2       _GetConsoleMode@8          0040cfc2 f   kernel32:KERNEL32.dll
 0001:0000bfc8       _GetStdHandle@4            0040cfc8 f   kernel32:KERNEL32.dll
 0001:0000bfce       _InitializeCriticalSection@4 0040cfce f   kernel32:KERNEL32.dll
 0001:0000bfd4       _DeleteCriticalSection@4   0040cfd4 f   kernel32:KERNEL32.dll
 0001:0000bfda       _LeaveCriticalSection@4    0040cfda f   kernel32:KERNEL32.dll
 0001:0000bfe0       _EnterCriticalSection@4    0040cfe0 f   kernel32:KERNEL32.dll
 0001:0000bfe6       _GetProcAddress@8          0040cfe6 f   kernel32:KERNEL32.dll
 0001:0000bfec       _GetModuleFileNameA@12     0040cfec f   kernel32:KERNEL32.dll
 0001:0000bff2       _Sleep@4                   0040cff2 f   kernel32:KERNEL32.dll
 0001:0000bff8       _FreeLibrary@4             0040cff8 f   kernel32:KERNEL32.dll
 0001:0000bffe       _LoadLibraryA@4            0040cffe f   kernel32:KERNEL32.dll
 0001:0000c004       _GetCurrentHwProfileA@4    0040d004 f   advapi32:ADVAPI32.dll
 0001:0000c00a       ?g_pClientLic@@YAXPAD@Z    0040d00a f   engine:Engine.dll
 0001:0000c010       ?KSG_StringToMD5String@@YAHQADQBD@Z 0040d010 f   engine:Engine.dll
 0001:0000c016       ??0KLicense@@QAE@XZ        0040d016 f   engine:Engine.dll
 0001:0000c01c       ??1KLicense@@QAE@XZ        0040d01c f   engine:Engine.dll
 0001:0000c022       ??1KPakList@@QAE@XZ        0040d022 f   engine:Engine.dll
 0001:0000c028       ??0KTimer@@QAE@XZ          0040d028 f   engine:Engine.dll
 0001:0000c02e       ??0KPakList@@QAE@XZ        0040d02e f   engine:Engine.dll
 0001:0000c034       ?Start@KTimer@@QAEXXZ      0040d034 f   engine:Engine.dll
 0001:0000c03a       ??1KIniFile@@QAE@XZ        0040d03a f   engine:Engine.dll
 0001:0000c040       ?GetString@KIniFile@@QAEHPBD00PADK@Z 0040d040 f   engine:Engine.dll
 0001:0000c046       ?GetInteger@KIniFile@@QAEHPBD0HPAH@Z 0040d046 f   engine:Engine.dll
 0001:0000c04c       ?Open@KPakList@@QAE_NPBD@Z 0040d04c f   engine:Engine.dll
 0001:0000c052       ?Load@KIniFile@@QAEHPBD@Z  0040d052 f   engine:Engine.dll
 0001:0000c058       ??0KIniFile@@QAE@XZ        0040d058 f   engine:Engine.dll
 0001:0000c05e       ?g_SetFilePath@@YAXPAD@Z   0040d05e f   engine:Engine.dll
 0001:0000c064       ?g_SetRootPath@@YAXPAD@Z   0040d064 f   engine:Engine.dll
 0001:0000c06a       ?GetElapse@KTimer@@QAEKXZ  0040d06a f   engine:Engine.dll
 0001:0000c070       ?g_FileName2Id@@YAKPAD@Z   0040d070 f   engine:Engine.dll
 0001:0000c076       _CoreGetServerShell        0040d076 f   CoreServer:CoreServer.dll
 0001:0000c080       ??0CException@Win32@OnlineGameLib@@QAE@ABV?$basic_string@DU?$char_traits@D@std@@V?$allocator@D@2@@std@@0@Z 0040d080 f   common:Exception.obj
 0001:0000c1b0       ?GetWhere@CException@Win32@OnlineGameLib@@UBE?AV?$basic_string@DU?$char_traits@D@std@@V?$allocator@D@2@@std@@XZ 0040d1b0 f   common:Exception.obj
 0001:0000c2e0       ?GetMessageA@CException@Win32@OnlineGameLib@@UBE?AV?$basic_string@DU?$char_traits@D@std@@V?$allocator@D@2@@std@@XZ 0040d2e0 f   common:Exception.obj
 0001:0000c410       ?MessageBoxA@CException@Win32@OnlineGameLib@@QBEXPAUHWND__@@@Z 0040d410 f   common:Exception.obj
 0001:0000c520       ??0CLibrary@Win32@OnlineGameLib@@QAE@QBD@Z 0040d520 f   common:Library.obj
 0001:0000c580       ??_ECLibrary@Win32@OnlineGameLib@@UAEPAXI@Z 0040d580 f i common:Library.obj
 0001:0000c580       ??_GCLibrary@Win32@OnlineGameLib@@UAEPAXI@Z 0040d580 f i common:Library.obj
 0001:0000c5a0       ??0CLibrary@Win32@OnlineGameLib@@QAE@XZ 0040d5a0 f   common:Library.obj
 0001:0000c5c0       ??1CLibrary@Win32@OnlineGameLib@@UAE@XZ 0040d5c0 f   common:Library.obj
 0001:0000c630       ?Load@CLibrary@Win32@OnlineGameLib@@QAE_NQBD@Z 0040d630 f   common:Library.obj
 0001:0000c6f0       ?Free@CLibrary@Win32@OnlineGameLib@@QAE_NXZ 0040d6f0 f   common:Library.obj
 0001:0000c740       ??0CUsesWinsock@Win32@OnlineGameLib@@QAE@XZ 0040d740 f   common:UsesWinsock.obj
 0001:0000c810       ??1CWin32Exception@Win32@OnlineGameLib@@UAE@XZ 0040d810 f i common:UsesWinsock.obj
 0001:0000c890       ??0CWin32Exception@Win32@OnlineGameLib@@QAE@ABV012@@Z 0040d890 f i common:UsesWinsock.obj
 0001:0000c9d0       ??_GCWin32Exception@Win32@OnlineGameLib@@UAEPAXI@Z 0040d9d0 f i common:UsesWinsock.obj
 0001:0000c9d0       ??_ECWin32Exception@Win32@OnlineGameLib@@UAEPAXI@Z 0040d9d0 f i common:UsesWinsock.obj
 0001:0000c9f0       ??1CUsesWinsock@Win32@OnlineGameLib@@QAE@XZ 0040d9f0 f   common:UsesWinsock.obj
 0001:0000ca30       ??0CBuffer@Win32@OnlineGameLib@@AAE@AAVAllocator@012@I@Z 0040da30 f   common:Buffer.obj
 0001:0000cab0       ??1COpaqueUserData@OnlineGameLib@@IAE@XZ 0040dab0 f i common:Buffer.obj
 0001:0000cac0       ??1CBuffer@Win32@OnlineGameLib@@AAE@XZ 0040dac0 f   common:Buffer.obj
 0001:0000cb20       ?GetHeadPack@CBuffer@Win32@OnlineGameLib@@QAEPAV123@I@Z 0040db20 f   common:Buffer.obj
 0001:0000cb70       ?GetNextPack@CBuffer@Win32@OnlineGameLib@@QAEPAV123@XZ 0040db70 f   common:Buffer.obj
 0001:0000cbc0       ?AddData@CBuffer@Win32@OnlineGameLib@@QAEXQBDI@Z 0040dbc0 f   common:Buffer.obj
 0001:0000cce0       ?AddData@CBuffer@Win32@OnlineGameLib@@QAEXQBEI@Z 0040dce0 f   common:Buffer.obj
 0001:0000cd00       ?AddData@CBuffer@Win32@OnlineGameLib@@QAEXE@Z 0040dd00 f   common:Buffer.obj
 0001:0000cd10       ?SplitBuffer@CBuffer@Win32@OnlineGameLib@@QAEPAV123@I@Z 0040dd10 f   common:Buffer.obj
 0001:0000cd60       ?AllocateNewBuffer@CBuffer@Win32@OnlineGameLib@@QBEPAV123@XZ 0040dd60 f   common:Buffer.obj
 0001:0000cd70       ?Release@CBuffer@Win32@OnlineGameLib@@QAEXXZ 0040dd70 f   common:Buffer.obj
 0001:0000ce80       ??2CBuffer@Win32@OnlineGameLib@@CAPAXII@Z 0040de80 f   common:Buffer.obj
 0001:0000ce90       ??3CBuffer@Win32@OnlineGameLib@@CAXPAXI@Z 0040de90 f   common:Buffer.obj
 0001:0000cea0       ??0Allocator@CBuffer@Win32@OnlineGameLib@@QAE@II@Z 0040dea0 f   common:Buffer.obj
 0001:0000cee0       ?OnBufferCreated@Allocator@CBuffer@Win32@OnlineGameLib@@EAEXXZ 0040dee0 f i common:Buffer.obj
 0001:0000cef0       ?OnBufferAllocated@Allocator@CBuffer@Win32@OnlineGameLib@@EAEXXZ 0040def0 f i common:Buffer.obj
 0001:0000cf00       ?OnBufferReleased@Allocator@CBuffer@Win32@OnlineGameLib@@EAEXXZ 0040df00 f i common:Buffer.obj
 0001:0000cf10       ??_GAllocator@CBuffer@Win32@OnlineGameLib@@UAEPAXI@Z 0040df10 f i common:Buffer.obj
 0001:0000cf10       ??_EAllocator@CBuffer@Win32@OnlineGameLib@@UAEPAXI@Z 0040df10 f i common:Buffer.obj
 0001:0000cf30       ??1Allocator@CBuffer@Win32@OnlineGameLib@@UAE@XZ 0040df30 f   common:Buffer.obj
 0001:0000cfa0       ??1CCriticalSection@Win32@OnlineGameLib@@QAE@XZ 0040dfa0 f i common:Buffer.obj
 0001:0000cfb0       ?Allocate@Allocator@CBuffer@Win32@OnlineGameLib@@QAEPAV234@XZ 0040dfb0 f   common:Buffer.obj
 0001:0000d110       ?Flush@Allocator@CBuffer@Win32@OnlineGameLib@@IAEXXZ 0040e110 f   common:Buffer.obj
 0001:0000d1b0       ?DestroyBuffer@Allocator@CBuffer@Win32@OnlineGameLib@@AAEXPAV234@@Z 0040e1b0 f i common:Buffer.obj
 0001:0000d210       ?Release@Allocator@CBuffer@Win32@OnlineGameLib@@AAEXPAV234@@Z 0040e210 f   common:Buffer.obj
 0001:0000d380       ??0CPackager@Win32@OnlineGameLib@@QAE@II@Z 0040e380 f   common:Buffer.obj
 0001:0000d510       ??_ECPackager@Win32@OnlineGameLib@@UAEPAXI@Z 0040e510 f i common:Buffer.obj
 0001:0000d510       ??_GCPackager@Win32@OnlineGameLib@@UAEPAXI@Z 0040e510 f i common:Buffer.obj
 0001:0000d530       ??1?$map@EPAVCBuffer@Win32@OnlineGameLib@@U?$less@E@std@@V?$allocator@PAVCBuffer@Win32@OnlineGameLib@@@5@@std@@QAE@XZ 0040e530 f i common:Buffer.obj
 0001:0000d5a0       ??1CPackager@Win32@OnlineGameLib@@UAE@XZ 0040e5a0 f   common:Buffer.obj
 0001:0000d6d0       ?AddData@CPackager@Win32@OnlineGameLib@@QAEXEQBDIK@Z 0040e6d0 f   common:Buffer.obj
 0001:0000d830       ?AddData@CPackager@Win32@OnlineGameLib@@QAEXEQBEIK@Z 0040e830 f   common:Buffer.obj
 0001:0000d850       ?DelData@CPackager@Win32@OnlineGameLib@@QAEXE@Z 0040e850 f   common:Buffer.obj
 0001:0000d970       ?GetHeadPack@CPackager@Win32@OnlineGameLib@@QAEPAVCBuffer@23@EI@Z 0040e970 f   common:Buffer.obj
 0001:0000dab0       ?GetNextPack@CPackager@Win32@OnlineGameLib@@QAEPAVCBuffer@23@E@Z 0040eab0 f   common:Buffer.obj
 0001:0000dbe0       ?PackUp@CPackager@Win32@OnlineGameLib@@QAEPAVCBuffer@23@PBXI@Z 0040ebe0 f   common:Buffer.obj
 0001:0000dd30       ?Empty@CPackager@Win32@OnlineGameLib@@QAEXXZ 0040ed30 f   common:Buffer.obj
 0001:0000de60       ?insert@?$map@EPAVCBuffer@Win32@OnlineGameLib@@U?$less@E@std@@V?$allocator@PAVCBuffer@Win32@OnlineGameLib@@@5@@std@@QAE?AU?$pair@Viterator@?$_Tree@EU?$pair@$$CBEPAVCBuffer@Win32@OnlineGameLib@@@std@@U_Kfn@?$map@EPAVCBuffer@Win32@OnlineGameLib@@U?$less@E@std@@V?$allocator@PAVCBuffer@Win32@OnlineGameLib@@@5@@2@U?$less@E@2@V?$allocator@PAVCBuffer@Win32@OnlineGameLib@@@2@@std@@_N@2@ABU?$pair@$$CBEPAVCBuffer@Win32@OnlineGameLib@@@2@@Z 0040ee60 f i common:Buffer.obj
 0001:0000de90       ?erase@?$_Tree@EU?$pair@$$CBEPAVCBuffer@Win32@OnlineGameLib@@@std@@U_Kfn@?$map@EPAVCBuffer@Win32@OnlineGameLib@@U?$less@E@std@@V?$allocator@PAVCBuffer@Win32@OnlineGameLib@@@5@@2@U?$less@E@2@V?$allocator@PAVCBuffer@Win32@OnlineGameLib@@@2@@std@@QAE?AViterator@12@V312@0@Z 0040ee90 f i common:Buffer.obj
 0001:0000dfc0       ?find@?$_Tree@EU?$pair@$$CBEPAVCBuffer@Win32@OnlineGameLib@@@std@@U_Kfn@?$map@EPAVCBuffer@Win32@OnlineGameLib@@U?$less@E@std@@V?$allocator@PAVCBuffer@Win32@OnlineGameLib@@@5@@2@U?$less@E@2@V?$allocator@PAVCBuffer@Win32@OnlineGameLib@@@2@@std@@QAE?AViterator@12@ABE@Z 0040efc0 f i common:Buffer.obj
 0001:0000e010       ?insert@?$_Tree@EU?$pair@$$CBEPAVCBuffer@Win32@OnlineGameLib@@@std@@U_Kfn@?$map@EPAVCBuffer@Win32@OnlineGameLib@@U?$less@E@std@@V?$allocator@PAVCBuffer@Win32@OnlineGameLib@@@5@@2@U?$less@E@2@V?$allocator@PAVCBuffer@Win32@OnlineGameLib@@@2@@std@@QAE?AU?$pair@Viterator@?$_Tree@EU?$pair@$$CBEPAVCBuffer@Win32@OnlineGameLib@@@std@@U_Kfn@?$map@EPAVCBuffer@Win32@OnlineGameLib@@U?$less@E@std@@V?$allocator@PAVCBuffer@Win32@OnlineGameLib@@@5@@2@U?$less@E@2@V?$allocator@PAVCBuffer@Win32@OnlineGameLib@@@2@@std@@_N@2@ABU?$pair@$$CBEPAVCBuffer@Win32@OnlineGameLib@@@2@@Z 0040f010 f i common:Buffer.obj
 0001:0000e140       ?erase@?$_Tree@EU?$pair@$$CBEPAVCBuffer@Win32@OnlineGameLib@@@std@@U_Kfn@?$map@EPAVCBuffer@Win32@OnlineGameLib@@U?$less@E@std@@V?$allocator@PAVCBuffer@Win32@OnlineGameLib@@@5@@2@U?$less@E@2@V?$allocator@PAVCBuffer@Win32@OnlineGameLib@@@2@@std@@QAE?AViterator@12@V312@@Z 0040f140 f i common:Buffer.obj
 0001:0000e660       ?lower_bound@?$_Tree@EU?$pair@$$CBEPAVCBuffer@Win32@OnlineGameLib@@@std@@U_Kfn@?$map@EPAVCBuffer@Win32@OnlineGameLib@@U?$less@E@std@@V?$allocator@PAVCBuffer@Win32@OnlineGameLib@@@5@@2@U?$less@E@2@V?$allocator@PAVCBuffer@Win32@OnlineGameLib@@@2@@std@@QAE?AViterator@12@ABE@Z 0040f660 f i common:Buffer.obj
 0001:0000e680       ?_Erase@?$_Tree@EU?$pair@$$CBEPAVCBuffer@Win32@OnlineGameLib@@@std@@U_Kfn@?$map@EPAVCBuffer@Win32@OnlineGameLib@@U?$less@E@std@@V?$allocator@PAVCBuffer@Win32@OnlineGameLib@@@5@@2@U?$less@E@2@V?$allocator@PAVCBuffer@Win32@OnlineGameLib@@@2@@std@@IAEXPAU_Node@12@@Z 0040f680 f i common:Buffer.obj
 0001:0000e710       ?_Inc@const_iterator@?$_Tree@EU?$pair@$$CBEPAVCBuffer@Win32@OnlineGameLib@@@std@@U_Kfn@?$map@EPAVCBuffer@Win32@OnlineGameLib@@U?$less@E@std@@V?$allocator@PAVCBuffer@Win32@OnlineGameLib@@@5@@2@U?$less@E@2@V?$allocator@PAVCBuffer@Win32@OnlineGameLib@@@2@@std@@QAEXXZ 0040f710 f i common:Buffer.obj
 0001:0000e7c0       ??0?$pair@Viterator@?$_Tree@EU?$pair@$$CBEPAVCBuffer@Win32@OnlineGameLib@@@std@@U_Kfn@?$map@EPAVCBuffer@Win32@OnlineGameLib@@U?$less@E@std@@V?$allocator@PAVCBuffer@Win32@OnlineGameLib@@@5@@2@U?$less@E@2@V?$allocator@PAVCBuffer@Win32@OnlineGameLib@@@2@@std@@_N@std@@QAE@ABViterator@?$_Tree@EU?$pair@$$CBEPAVCBuffer@Win32@OnlineGameLib@@@std@@U_Kfn@?$map@EPAVCBuffer@Win32@OnlineGameLib@@U?$less@E@std@@V?$allocator@PAVCBuffer@Win32@OnlineGameLib@@@5@@2@U?$less@E@2@V?$allocator@PAVCBuffer@Win32@OnlineGameLib@@@2@@1@AB_N@Z 0040f7c0 f i common:Buffer.obj
 0001:0000e7e0       ?_Insert@?$_Tree@EU?$pair@$$CBEPAVCBuffer@Win32@OnlineGameLib@@@std@@U_Kfn@?$map@EPAVCBuffer@Win32@OnlineGameLib@@U?$less@E@std@@V?$allocator@PAVCBuffer@Win32@OnlineGameLib@@@5@@2@U?$less@E@2@V?$allocator@PAVCBuffer@Win32@OnlineGameLib@@@2@@std@@IAE?AViterator@12@PAU_Node@12@0ABU?$pair@$$CBEPAVCBuffer@Win32@OnlineGameLib@@@2@@Z 0040f7e0 f i common:Buffer.obj
 0001:0000eae0       ?_Lbound@?$_Tree@EU?$pair@$$CBEPAVCBuffer@Win32@OnlineGameLib@@@std@@U_Kfn@?$map@EPAVCBuffer@Win32@OnlineGameLib@@U?$less@E@std@@V?$allocator@PAVCBuffer@Win32@OnlineGameLib@@@5@@2@U?$less@E@2@V?$allocator@PAVCBuffer@Win32@OnlineGameLib@@@2@@std@@IBEPAU_Node@12@ABE@Z 0040fae0 f i common:Buffer.obj
 0001:0000eb30       ?_Ubound@?$_Tree@EU?$pair@$$CBEPAVCBuffer@Win32@OnlineGameLib@@@std@@U_Kfn@?$map@EPAVCBuffer@Win32@OnlineGameLib@@U?$less@E@std@@V?$allocator@PAVCBuffer@Win32@OnlineGameLib@@@5@@2@U?$less@E@2@V?$allocator@PAVCBuffer@Win32@OnlineGameLib@@@2@@std@@IBEPAU_Node@12@ABE@Z 0040fb30 f i common:Buffer.obj
 0001:0000eb80       ?_Dec@const_iterator@?$_Tree@EU?$pair@$$CBEPAVCBuffer@Win32@OnlineGameLib@@@std@@U_Kfn@?$map@EPAVCBuffer@Win32@OnlineGameLib@@U?$less@E@std@@V?$allocator@PAVCBuffer@Win32@OnlineGameLib@@@5@@2@U?$less@E@2@V?$allocator@PAVCBuffer@Win32@OnlineGameLib@@@2@@std@@QAEXXZ 0040fb80 f i common:Buffer.obj
 0001:0000ec40       ?_Construct@std@@YAXPAU?$pair@$$CBEPAVCBuffer@Win32@OnlineGameLib@@@1@ABU21@@Z 0040fc40 f i common:Buffer.obj
 0001:0000ec60       ?_Distance@std@@YAXViterator@?$_Tree@EU?$pair@$$CBEPAVCBuffer@Win32@OnlineGameLib@@@std@@U_Kfn@?$map@EPAVCBuffer@Win32@OnlineGameLib@@U?$less@E@std@@V?$allocator@PAVCBuffer@Win32@OnlineGameLib@@@5@@2@U?$less@E@2@V?$allocator@PAVCBuffer@Win32@OnlineGameLib@@@2@@1@0AAIUbidirectional_iterator_tag@1@@Z 0040fc60 f i common:Buffer.obj
 0001:0000ecc0       _GetCRCTable               0040fcc0 f   common:CRC32.OBJ
 0001:0000ecd0       _CRC32_C                   0040fcd0 f   common:CRC32.OBJ
 0001:0000ee10       _CRC32                     0040fe10 f   common:CRC32.OBJ
 0001:0000ef10       ??0CWin32Exception@Win32@OnlineGameLib@@QAE@ABV?$basic_string@DU?$char_traits@D@std@@V?$allocator@D@2@@std@@K@Z 0040ff10 f   common:Win32Exception.obj
 0001:0000efd0       ??0CNodeList@OnlineGameLib@@QAE@XZ 0040ffd0 f   common:NodeList.obj
 0001:0000efe0       ?PushNode@CNodeList@OnlineGameLib@@QAEXPAVNode@12@@Z 0040ffe0 f   common:NodeList.obj
 0001:0000f010       ?PopNode@CNodeList@OnlineGameLib@@QAEPAVNode@12@XZ 00410010 f   common:NodeList.obj
 0001:0000f030       ?RemoveNode@CNodeList@OnlineGameLib@@AAEXPAVNode@12@@Z 00410030 f   common:NodeList.obj
 0001:0000f050       ??0Node@CNodeList@OnlineGameLib@@IAE@XZ 00410050 f   common:NodeList.obj
 0001:0000f060       ??1Node@CNodeList@OnlineGameLib@@IAE@XZ 00410060 f   common:NodeList.obj
 0001:0000f0c0       ?AddToList@Node@CNodeList@OnlineGameLib@@QAEXPAV23@@Z 004100c0 f   common:NodeList.obj
 0001:0000f0d0       ?RemoveFromList@Node@CNodeList@OnlineGameLib@@QAEXXZ 004100d0 f   common:NodeList.obj
 0001:0000f0e0       ?Unlink@Node@CNodeList@OnlineGameLib@@AAEXXZ 004100e0 f   common:NodeList.obj
 0001:0000f370       ?SetLogFileName@Win32@OnlineGameLib@@YAXABV?$basic_string@DU?$char_traits@D@std@@V?$allocator@D@2@@std@@@Z 00410370 f   common:Utils.obj
 0001:0000f480       ?Message@Win32@OnlineGameLib@@YAXQBD@Z 00410480 f   common:Utils.obj
 0001:0000f4b0       ?Output@Win32@OnlineGameLib@@YAXABV?$basic_string@DU?$char_traits@D@std@@V?$allocator@D@2@@std@@@Z 004104b0 f   common:Utils.obj
 0001:0000f4c0       ?Trace@Win32@OnlineGameLib@@YAXABV?$basic_string@DU?$char_traits@D@std@@V?$allocator@D@2@@std@@0@Z 004104c0 f   common:Utils.obj
 0001:0000f4d0       ?GetLastErrorMessage@Win32@OnlineGameLib@@YA?AV?$basic_string@DU?$char_traits@D@std@@V?$allocator@D@2@@std@@K@Z 004104d0 f   common:Utils.obj
 0001:0000f5f0       ?HexToString@Win32@OnlineGameLib@@YA?AV?$basic_string@DU?$char_traits@D@std@@V?$allocator@D@2@@std@@PBEI@Z 004105f0 f   common:Utils.obj
 0001:0000f780       ?StringToHex@Win32@OnlineGameLib@@YAXABV?$basic_string@DU?$char_traits@D@std@@V?$allocator@D@2@@std@@PAEI@Z 00410780 f   common:Utils.obj
 0001:0000f8c0       ?HexStringToDWORD@Win32@OnlineGameLib@@YAKPBD@Z 004108c0 f   common:Utils.obj
 0001:0000f920       ?HashStr2ID@Win32@OnlineGameLib@@YAKQBD@Z 00410920 f   common:Utils.obj
 0001:0000f970       ?net_aton@Win32@OnlineGameLib@@YAKPBD@Z 00410970 f   common:Utils.obj
 0001:0000fa00       ?net_ntoa@Win32@OnlineGameLib@@YAPBDK@Z 00410a00 f   common:Utils.obj
 0001:0000fa40       ?GetCurrentDirectoryA@Win32@OnlineGameLib@@YA?AV?$basic_string@DU?$char_traits@D@std@@V?$allocator@D@2@@std@@XZ 00410a40 f   common:Utils.obj
 0001:0000fbc0       ?GetAppFullPath@Win32@OnlineGameLib@@YA?AV?$basic_string@DU?$char_traits@D@std@@V?$allocator@D@2@@std@@PAUHINSTANCE__@@@Z 00410bc0 f   common:Utils.obj
 0001:0000fda0       ?GetDateStamp@Win32@OnlineGameLib@@YA?AV?$basic_string@DU?$char_traits@D@std@@V?$allocator@D@2@@std@@XZ 00410da0 f   common:Utils.obj
 0001:0000fec0       ?GetTimeStamp@Win32@OnlineGameLib@@YA?AV?$basic_string@DU?$char_traits@D@std@@V?$allocator@D@2@@std@@XZ 00410ec0 f   common:Utils.obj
 0001:0000ffd0       ?ToHex@Win32@OnlineGameLib@@YA?AV?$basic_string@DU?$char_traits@D@std@@V?$allocator@D@2@@std@@E@Z 00410fd0 f   common:Utils.obj
 0001:000100b0       ?DumpData@Win32@OnlineGameLib@@YA?AV?$basic_string@DU?$char_traits@D@std@@V?$allocator@D@2@@std@@QBEII@Z 004110b0 f   common:Utils.obj
 0001:00010450       ?GetComputerNameA@Win32@OnlineGameLib@@YA?AV?$basic_string@DU?$char_traits@D@std@@V?$allocator@D@2@@std@@XZ 00411450 f   common:Utils.obj
 0001:000106a0       ?GetModuleFileNameA@Win32@OnlineGameLib@@YA?AV?$basic_string@DU?$char_traits@D@std@@V?$allocator@D@2@@std@@PAUHINSTANCE__@@@Z 004116a0 f   common:Utils.obj
 0001:00010900       ?GetUserNameA@Win32@OnlineGameLib@@YA?AV?$basic_string@DU?$char_traits@D@std@@V?$allocator@D@2@@std@@XZ 00411900 f   common:Utils.obj
 0001:00010b60       ?StripLeading@Win32@OnlineGameLib@@YA?AV?$basic_string@DU?$char_traits@D@std@@V?$allocator@D@2@@std@@ABV34@D@Z 00411b60 f   common:Utils.obj
 0001:00010c40       ?StripTrailing@Win32@OnlineGameLib@@YA?AV?$basic_string@DU?$char_traits@D@std@@V?$allocator@D@2@@std@@ABV34@D@Z 00411c40 f   common:Utils.obj
 0001:00010c90       ?GetFileVersion@Win32@OnlineGameLib@@YA?AV?$basic_string@DU?$char_traits@D@std@@V?$allocator@D@2@@std@@XZ 00411c90 f   common:Utils.obj
 0001:00010f70       ?GetLocalName@Win32@OnlineGameLib@@YA_NPADI@Z 00411f70 f   common:Utils.obj
 0001:00011070       ?GetLocalAddress@Win32@OnlineGameLib@@YA_NPADIH@Z 00412070 f   common:Utils.obj
 0001:000111a0       ?substr@?$basic_string@DU?$char_traits@D@std@@V?$allocator@D@2@@std@@QBE?AV12@II@Z 004121a0 f i common:Utils.obj
 0001:00011330       ??0?$basic_fstream@DU?$char_traits@D@std@@@std@@QAE@XZ 00412330 f i common:Utils.obj
 0001:00011490       ?_Incref@facet@locale@std@@QAEXXZ 00412490 f i common:Utils.obj
 0001:000114c0       ??0?$basic_ostream@DU?$char_traits@D@std@@@std@@QAE@PAV?$basic_streambuf@DU?$char_traits@D@std@@@1@_N1@Z 004124c0 f i common:Utils.obj
 0001:00011580       ??1?$basic_fstream@DU?$char_traits@D@std@@@std@@UAE@XZ 00412580 f i common:Utils.obj
 0001:000116c0       ?overflow@?$basic_filebuf@DU?$char_traits@D@std@@@std@@MAEHH@Z 004126c0 f i common:Utils.obj
 0001:000118a0       ?pbackfail@?$basic_filebuf@DU?$char_traits@D@std@@@std@@MAEHH@Z 004128a0 f i common:Utils.obj
 0001:00011a40       ?underflow@?$basic_filebuf@DU?$char_traits@D@std@@@std@@MAEHXZ 00412a40 f i common:Utils.obj
 0001:00011a70       ?uflow@?$basic_filebuf@DU?$char_traits@D@std@@@std@@MAEHXZ 00412a70 f i common:Utils.obj
 0001:00011c60       ?seekoff@?$basic_filebuf@DU?$char_traits@D@std@@@std@@MAE?AV?$fpos@H@2@JW4seekdir@ios_base@2@H@Z 00412c60 f i common:Utils.obj
 0001:00011cf0       ?seekpos@?$basic_filebuf@DU?$char_traits@D@std@@@std@@MAE?AV?$fpos@H@2@V32@H@Z 00412cf0 f i common:Utils.obj
 0001:00011e80       ?setbuf@?$basic_filebuf@DU?$char_traits@D@std@@@std@@MAEPAV?$basic_streambuf@DU?$char_traits@D@std@@@2@PADH@Z 00412e80 f i common:Utils.obj
 0001:00011eb0       ?sync@?$basic_filebuf@DU?$char_traits@D@std@@@std@@MAEHXZ 00412eb0 f i common:Utils.obj
 0001:00011ed0       ??1?$auto_ptr@E@std@@QAE@XZ 00412ed0 f i common:Utils.obj
 0001:00011ee0       ??_G?$basic_fstream@DU?$char_traits@D@std@@@std@@UAEPAXI@Z 00412ee0 f i common:Utils.obj
 0001:00011ee0       ??_E?$basic_fstream@DU?$char_traits@D@std@@@std@@UAEPAXI@Z 00412ee0 f i common:Utils.obj
 0001:00011f10       ??_E?$basic_filebuf@DU?$char_traits@D@std@@@std@@UAEPAXI@Z 00412f10 f i common:Utils.obj
 0001:00011f10       ??_G?$basic_filebuf@DU?$char_traits@D@std@@@std@@UAEPAXI@Z 00412f10 f i common:Utils.obj
 0001:00011f30       ??1?$basic_filebuf@DU?$char_traits@D@std@@@std@@UAE@XZ 00412f30 f i common:Utils.obj
 0001:00012080       ?append@?$basic_string@DU?$char_traits@D@std@@V?$allocator@D@2@@std@@QAEAAV12@ID@Z 00413080 f i common:Utils.obj
 0001:00012150       ?init@?$basic_ios@DU?$char_traits@D@std@@@std@@IAEXPAV?$basic_streambuf@DU?$char_traits@D@std@@@2@_N@Z 00413150 f i common:Utils.obj
 0001:000121a0       ?_Init@?$basic_streambuf@DU?$char_traits@D@std@@@std@@IAEXXZ 004131a0 f i common:Utils.obj
 0001:00012200       ?append@?$basic_string@DU?$char_traits@D@std@@V?$allocator@D@2@@std@@QAEAAV12@ABV12@II@Z 00413200 f i common:Utils.obj
 0001:000122e0       ?append@?$basic_string@DU?$char_traits@D@std@@V?$allocator@D@2@@std@@QAEAAV12@PBDI@Z 004132e0 f i common:Utils.obj
 0001:000123a0       ?_Freeze@?$basic_string@DU?$char_traits@D@std@@V?$allocator@D@2@@std@@AAEXXZ 004133a0 f i common:Utils.obj
 0001:00012420       ?_Init@?$basic_filebuf@DU?$char_traits@D@std@@@std@@IAEXPAU_iobuf@@W4_Initfl@12@@Z 00413420 f i common:Utils.obj
 0001:00012500       ??0locale@std@@QAE@XZ      00413500 f i common:Utils.obj
 0001:00012550       ??Hstd@@YA?AV?$basic_string@DU?$char_traits@D@std@@V?$allocator@D@2@@0@ABV10@PBD@Z 00413550 f i common:Utils.obj
 0001:00012680       ??Hstd@@YA?AV?$basic_string@DU?$char_traits@D@std@@V?$allocator@D@2@@0@ABV10@0@Z 00413680 f i common:Utils.obj
 0001:000127e0       ??3@YAXPAX@Z               004137e0 f   libcpmt:delop.obj
 0001:000127eb       ?clear@ios_base@std@@QAEXH_N@Z 004137eb f   libcpmt:ios.obj
 0001:00012887       ??0runtime_error@std@@QAE@ABV?$basic_string@DU?$char_traits@D@std@@V?$allocator@D@2@@1@@Z 00413887 f i libcpmt:ios.obj
 0001:000128eb       ?what@runtime_error@std@@UBEPBDXZ 004138eb f i libcpmt:ios.obj
 0001:000128f8       ?_Doraise@runtime_error@std@@MBEXXZ 004138f8 f i libcpmt:ios.obj
 0001:00012915       ??1runtime_error@std@@UAE@XZ 00413915 f i libcpmt:ios.obj
 0001:00012952       ??_Eruntime_error@std@@UAEPAXI@Z 00413952 f i libcpmt:ios.obj
 0001:00012952       ??_Gruntime_error@std@@UAEPAXI@Z 00413952 f i libcpmt:ios.obj
 0001:0001296e       ??0runtime_error@std@@QAE@ABV01@@Z 0041396e f i libcpmt:ios.obj
 0001:000129cb       ??1failure@ios_base@std@@UAE@XZ 004139cb f i libcpmt:ios.obj
 0001:00012a08       ?_Doraise@failure@ios_base@std@@MBEXXZ 00413a08 f i libcpmt:ios.obj
 0001:00012a25       ??_Efailure@ios_base@std@@UAEPAXI@Z 00413a25 f i libcpmt:ios.obj
 0001:00012a25       ??_Gfailure@ios_base@std@@UAEPAXI@Z 00413a25 f i libcpmt:ios.obj
 0001:00012a41       ??0failure@ios_base@std@@QAE@ABV012@@Z 00413a41 f i libcpmt:ios.obj
 0001:00012a59       ?copyfmt@ios_base@std@@QAEAAV12@ABV12@@Z 00413a59 f   libcpmt:ios.obj
 0001:00012aea       ??4locale@std@@QAEAAV01@ABV01@@Z 00413aea f i libcpmt:ios.obj
 0001:00012b19       ?imbue@ios_base@std@@QAE?AVlocale@2@ABV32@@Z 00413b19 f   libcpmt:ios.obj
 0001:00012b78       ?register_callback@ios_base@std@@QAEXP6AXW4event@12@AAV12@H@ZH@Z 00413b78 f   libcpmt:ios.obj
 0001:00012bae       ??1ios_base@std@@UAE@XZ    00413bae f   libcpmt:ios.obj
 0001:00012bfe       ?_Callfns@ios_base@std@@AAEXW4event@12@@Z 00413bfe f   libcpmt:ios.obj
 0001:00012c20       ?_Findarr@ios_base@std@@AAEAAU_Iosarray@12@H@Z 00413c20 f   libcpmt:ios.obj
 0001:00012cf1       ?_Addstd@ios_base@std@@IAEXXZ 00413cf1 f   libcpmt:ios.obj
 0001:00012d3f       ?_Init@ios_base@std@@IAEXXZ 00413d3f f   libcpmt:ios.obj
 0001:00012d77       ?_Tidy@ios_base@std@@AAEXXZ 00413d77 f   libcpmt:ios.obj
 0001:00012db9       ?uncaught_exception@std@@YA_NXZ 00413db9 f   libcpmt:uncaught.obj
 0001:00012dbc       ??0_Lockit@std@@QAE@XZ     00413dbc f   libcpmt:xlock.obj
 0001:00012e58       ??1_Lockit@std@@QAE@XZ     00413e58 f   libcpmt:xlock.obj
 0001:00012e8e       ?classic@locale@std@@SAABV12@XZ 00413e8e f   libcpmt:locale0.obj
 0001:00012eae       ?empty@locale@std@@SA?AV12@XZ 00413eae f   libcpmt:locale0.obj
 0001:00012ef5       ?_Getfacet@locale@std@@QBEPBVfacet@12@I_N@Z 00413ef5 f   libcpmt:locale0.obj
 0001:00012f4b       ?_Iscloc@locale@std@@QBE_NXZ 00413f4b f   libcpmt:locale0.obj
 0001:00012f86       ??8locale@std@@QBE_NABV01@@Z 00413f86 f   libcpmt:locale0.obj
 0001:00013055       ?name@locale@std@@QBE?AV?$basic_string@DU?$char_traits@D@std@@V?$allocator@D@2@@2@XZ 00414055 f i libcpmt:locale0.obj
 0001:0001308c       ?_Init@locale@std@@CAPAV_Locimp@12@XZ 0041408c f   libcpmt:locale0.obj
 0001:00013156       ?_Tidy@locale@std@@CAXXZ   00414156 f   libcpmt:locale0.obj
 0001:000131a0       ??0_Locimp@locale@std@@AAE@_N@Z 004141a0 f   libcpmt:locale0.obj
 0001:00013212       ??_G_Locimp@locale@std@@UAEPAXI@Z 00414212 f i libcpmt:locale0.obj
 0001:00013212       ??_E_Locimp@locale@std@@UAEPAXI@Z 00414212 f i libcpmt:locale0.obj
 0001:0001322e       ??1_Locimp@locale@std@@UAE@XZ 0041422e f   libcpmt:locale0.obj
 0001:000132b6       ?compare@?$basic_string@DU?$char_traits@D@std@@V?$allocator@D@2@@std@@QBEHABV12@@Z 004142b6 f i libcpmt:locale0.obj
 0001:000132d8       ?compare@?$basic_string@DU?$char_traits@D@std@@V?$allocator@D@2@@std@@QBEHIIPBDI@Z 004142d8 f i libcpmt:locale0.obj
 0001:0001337d       ?id@?$collate@D@std@@$E    0041437d f i libcpmt:locale0.obj
 0001:0001337e       ?_Xlen@std@@YAXXZ          0041437e f   libcpmt:string.obj
 0001:000133d8       ??0logic_error@std@@QAE@ABV?$basic_string@DU?$char_traits@D@std@@V?$allocator@D@2@@1@@Z 004143d8 f i libcpmt:string.obj
 0001:0001343c       ?what@logic_error@std@@UBEPBDXZ 0041443c f i libcpmt:string.obj
 0001:00013449       ?_Doraise@logic_error@std@@MBEXXZ 00414449 f i libcpmt:string.obj
 0001:00013466       ??1logic_error@std@@UAE@XZ 00414466 f i libcpmt:string.obj
 0001:000134a3       ??_Elogic_error@std@@UAEPAXI@Z 004144a3 f i libcpmt:string.obj
 0001:000134a3       ??_Glogic_error@std@@UAEPAXI@Z 004144a3 f i libcpmt:string.obj
 0001:000134bf       ??0logic_error@std@@QAE@ABV01@@Z 004144bf f i libcpmt:string.obj
 0001:0001351c       ??1length_error@std@@UAE@XZ 0041451c f i libcpmt:string.obj
 0001:00013559       ?_Doraise@length_error@std@@MBEXXZ 00414559 f i libcpmt:string.obj
 0001:00013576       ??_Glength_error@std@@UAEPAXI@Z 00414576 f i libcpmt:string.obj
 0001:00013576       ??_Elength_error@std@@UAEPAXI@Z 00414576 f i libcpmt:string.obj
 0001:00013592       ??0length_error@std@@QAE@ABV01@@Z 00414592 f i libcpmt:string.obj
 0001:000135aa       ?_Xran@std@@YAXXZ          004145aa f   libcpmt:string.obj
 0001:00013604       ??1out_of_range@std@@UAE@XZ 00414604 f i libcpmt:string.obj
 0001:00013641       ?_Doraise@out_of_range@std@@MBEXXZ 00414641 f i libcpmt:string.obj
 0001:0001365e       ??_Gout_of_range@std@@UAEPAXI@Z 0041465e f i libcpmt:string.obj
 0001:0001365e       ??_Eout_of_range@std@@UAEPAXI@Z 0041465e f i libcpmt:string.obj
 0001:0001367a       ??0out_of_range@std@@QAE@ABV01@@Z 0041467a f i libcpmt:string.obj
 0001:000136d4       ??0locale@std@@QAE@ABV01@0H@Z 004146d4 f   libcpmt:locale.obj
 0001:0001377c       ??0locale@std@@QAE@PBDH@Z  0041477c f   libcpmt:locale.obj
 0001:00013889       ?_Getname@_Locinfo@std@@QBE?AV?$basic_string@DU?$char_traits@D@std@@V?$allocator@D@2@@2@XZ 00414889 f i libcpmt:locale.obj
 0001:000138bf       ??0locale@std@@QAE@ABV01@PBDH@Z 004148bf f   libcpmt:locale.obj
 0001:000139e0       ?_Addfac@locale@std@@QAEAAV12@PAVfacet@12@II@Z 004149e0 f   libcpmt:locale.obj
 0001:00013a63       ?global@locale@std@@SA?AV12@ABV12@@Z 00414a63 f   libcpmt:locale.obj
 0001:00013b5e       ?_Makeloc@_Locimp@locale@std@@CAPAV123@ABV_Locinfo@3@HPAV123@PBV23@@Z 00414b5e f   libcpmt:locale.obj
 0001:00013dd2       ?do_always_noconv@codecvt_base@std@@MBE_NXZ 00414dd2 f i libcpmt:locale.obj
 0001:00013dd5       ?do_max_length@codecvt_base@std@@MBEHXZ 00414dd5 f i libcpmt:locale.obj
 0001:00013dd9       ?do_encoding@codecvt_base@std@@MBEHXZ 00414dd9 f i libcpmt:locale.obj
 0001:00013ddd       ??1ctype_base@std@@UAE@XZ  00414ddd f i libcpmt:locale.obj
 0001:00013de4       ?_Init@?$ctype@D@std@@IAEXABV_Locinfo@2@@Z 00414de4 f i libcpmt:locale.obj
 0001:00013e39       ?_Term@?$ctype@D@std@@KAXXZ 00414e39 f i libcpmt:locale.obj
 0001:00013e46       ?do_tolower@?$ctype@D@std@@MBEDD@Z 00414e46 f i libcpmt:locale.obj
 0001:00013e5a       ?do_tolower@?$ctype@D@std@@MBEPBDPADPBD@Z 00414e5a f i libcpmt:locale.obj
 0001:00013e85       ?do_toupper@?$ctype@D@std@@MBEDD@Z 00414e85 f i libcpmt:locale.obj
 0001:00013e99       ?do_toupper@?$ctype@D@std@@MBEPBDPADPBD@Z 00414e99 f i libcpmt:locale.obj
 0001:00013ec4       ??_G?$ctype@D@std@@UAEPAXI@Z 00414ec4 f i libcpmt:locale.obj
 0001:00013ec4       ??_E?$ctype@D@std@@UAEPAXI@Z 00414ec4 f i libcpmt:locale.obj
 0001:00013ee0       ??1?$ctype@D@std@@UAE@XZ   00414ee0 f i libcpmt:locale.obj
 0001:00013f00       ??0_Locimp@locale@std@@AAE@ABV012@@Z 00414f00 f   libcpmt:locale.obj
 0001:00014020       ?_Addfac@_Locimp@locale@std@@AAEXPAVfacet@23@I@Z 00415020 f   libcpmt:locale.obj
 0001:000140d3       ??0_Locinfo@std@@QAE@PBD@Z 004150d3 f   libcpmt:locale.obj
 0001:0001418c       ??0_Locinfo@std@@QAE@HPBD@Z 0041518c f   libcpmt:locale.obj
 0001:00014203       ??1_Locinfo@std@@QAE@XZ    00415203 f   libcpmt:locale.obj
 0001:00014278       ?_Addcats@_Locinfo@std@@QAEAAV12@HPBD@Z 00415278 f   libcpmt:locale.obj
 0001:000142e7       ?do_in@?$codecvt@DDH@std@@MBEHAAHPBD1AAPBDPAD3AAPAD@Z 004152e7 f i libcpmt:locale.obj
 0001:00014301       ?do_out@?$codecvt@DDH@std@@MBEHAAHPBD1AAPBDPAD3AAPAD@Z 00415301 f i libcpmt:locale.obj
 0001:0001431b       ?do_length@?$codecvt@DDH@std@@MBEHAAHPBD1I@Z 0041531b f i libcpmt:locale.obj
 0001:00014330       ?do_get@?$num_get@DV?$istreambuf_iterator@DU?$char_traits@D@std@@@std@@@std@@MBE?AV?$istreambuf_iterator@DU?$char_traits@D@std@@@2@V32@0AAVios_base@2@AAHAA_N@Z 00415330 f i libcpmt:locale.obj
 0001:000144da       ?do_get@?$num_get@DV?$istreambuf_iterator@DU?$char_traits@D@std@@@std@@@std@@MBE?AV?$istreambuf_iterator@DU?$char_traits@D@std@@@2@V32@0AAVios_base@2@AAHAAG@Z 004154da f i libcpmt:locale.obj
 0001:000145a6       ?do_get@?$num_get@DV?$istreambuf_iterator@DU?$char_traits@D@std@@@std@@@std@@MBE?AV?$istreambuf_iterator@DU?$char_traits@D@std@@@2@V32@0AAVios_base@2@AAHAAI@Z 004155a6 f i libcpmt:locale.obj
 0001:0001466e       ?do_get@?$num_get@DV?$istreambuf_iterator@DU?$char_traits@D@std@@@std@@@std@@MBE?AV?$istreambuf_iterator@DU?$char_traits@D@std@@@2@V32@0AAVios_base@2@AAHAAJ@Z 0041566e f i libcpmt:locale.obj
 0001:0001471c       ?do_get@?$num_get@DV?$istreambuf_iterator@DU?$char_traits@D@std@@@std@@@std@@MBE?AV?$istreambuf_iterator@DU?$char_traits@D@std@@@2@V32@0AAVios_base@2@AAHAAK@Z 0041571c f i libcpmt:locale.obj
 0001:000147ca       ?do_get@?$num_get@DV?$istreambuf_iterator@DU?$char_traits@D@std@@@std@@@std@@MBE?AV?$istreambuf_iterator@DU?$char_traits@D@std@@@2@V32@0AAVios_base@2@AAHAAM@Z 004157ca f i libcpmt:locale.obj
 0001:00014874       ?do_get@?$num_get@DV?$istreambuf_iterator@DU?$char_traits@D@std@@@std@@@std@@MBE?AV?$istreambuf_iterator@DU?$char_traits@D@std@@@2@V32@0AAVios_base@2@AAHAAN@Z 00415874 f i libcpmt:locale.obj
 0001:0001491e       ?do_get@?$num_get@DV?$istreambuf_iterator@DU?$char_traits@D@std@@@std@@@std@@MBE?AV?$istreambuf_iterator@DU?$char_traits@D@std@@@2@V32@0AAVios_base@2@AAHAAO@Z 0041591e f i libcpmt:locale.obj
 0001:000149c8       ?do_get@?$num_get@DV?$istreambuf_iterator@DU?$char_traits@D@std@@@std@@@std@@MBE?AV?$istreambuf_iterator@DU?$char_traits@D@std@@@2@V32@0AAVios_base@2@AAHAAPAX@Z 004159c8 f i libcpmt:locale.obj
 0001:00014abe       ??_G?$codecvt@DDH@std@@UAEPAXI@Z 00415abe f i libcpmt:locale.obj
 0001:00014abe       ??_E?$codecvt@DDH@std@@UAEPAXI@Z 00415abe f i libcpmt:locale.obj
 0001:00014ada       ??1?$codecvt@DDH@std@@UAE@XZ 00415ada f i libcpmt:locale.obj
 0001:00014ae1       ??_G?$num_get@DV?$istreambuf_iterator@DU?$char_traits@D@std@@@std@@@std@@UAEPAXI@Z 00415ae1 f i libcpmt:locale.obj
 0001:00014ae1       ??_E?$num_get@DV?$istreambuf_iterator@DU?$char_traits@D@std@@@std@@@std@@UAEPAXI@Z 00415ae1 f i libcpmt:locale.obj
 0001:00014afd       ??1?$num_get@DV?$istreambuf_iterator@DU?$char_traits@D@std@@@std@@@std@@UAE@XZ 00415afd f i libcpmt:locale.obj
 0001:00014b04       ?_Getifld@?$num_get@DV?$istreambuf_iterator@DU?$char_traits@D@std@@@std@@@std@@CAHPADAAV?$istreambuf_iterator@DU?$char_traits@D@std@@@2@1HABVlocale@2@@Z 00415b04 f i libcpmt:locale.obj
 0001:00014e99       ?_Getffld@?$num_get@DV?$istreambuf_iterator@DU?$char_traits@D@std@@@std@@@std@@CAHPADAAV?$istreambuf_iterator@DU?$char_traits@D@std@@@2@1ABVlocale@2@@Z 00415e99 f i libcpmt:locale.obj
 0001:00015185       ?_Ffmt@?$num_put@DV?$ostreambuf_iterator@DU?$char_traits@D@std@@@std@@@std@@KAPADPADDH@Z 00416185 f i libcpmt:locale.obj
 0001:000151e3       ?_Ifmt@?$num_put@DV?$ostreambuf_iterator@DU?$char_traits@D@std@@@std@@@std@@KAPADPADDH@Z 004161e3 f i libcpmt:locale.obj
 0001:0001523d       ?_Init@?$numpunct@D@std@@IAEXABV_Locinfo@2@@Z 0041623d f i libcpmt:locale.obj
 0001:00015286       ?assign@?$basic_string@DU?$char_traits@D@std@@V?$allocator@D@2@@std@@QAEAAV12@ID@Z 00416286 f i libcpmt:locale.obj
 0001:000152cc       ?_Inc@?$istreambuf_iterator@DU?$char_traits@D@std@@@std@@AAEXXZ 004162cc f i libcpmt:locale.obj
 0001:000152ee       ?sbumpc@?$basic_streambuf@DU?$char_traits@D@std@@@std@@QAEHXZ 004162ee f i libcpmt:locale.obj
 0001:00015311       ?_Gninc@?$basic_streambuf@DU?$char_traits@D@std@@@std@@IAEPADXZ 00416311 f i libcpmt:locale.obj
 0001:00015321       ?_Peek@?$istreambuf_iterator@DU?$char_traits@D@std@@@std@@AAEDXZ 00416321 f i libcpmt:locale.obj
 0001:00015345       ?sgetc@?$basic_streambuf@DU?$char_traits@D@std@@@std@@QAEHXZ 00416345 f i libcpmt:locale.obj
 0001:00015363       ?_Pninc@?$basic_streambuf@DU?$char_traits@D@std@@@std@@IAEPADXZ 00416363 f i libcpmt:locale.obj
 0001:00015373       ?use_facet@std@@YAABV?$ctype@D@1@ABVlocale@1@PBV21@_N@Z 00416373 f i libcpmt:locale.obj
 0001:0001543b       ??0?$ctype@D@std@@QAE@PBF_NI@Z 0041643b f i libcpmt:locale.obj
 0001:000154da       ?use_facet@std@@YAABV?$num_get@DV?$istreambuf_iterator@DU?$char_traits@D@std@@@std@@@1@ABVlocale@1@PBV21@_N@Z 004164da f i libcpmt:locale.obj
 0001:000155b6       ?use_facet@std@@YAABV?$num_put@DV?$ostreambuf_iterator@DU?$char_traits@D@std@@@std@@@1@ABVlocale@1@PBV21@_N@Z 004165b6 f i libcpmt:locale.obj
 0001:00015692       ?use_facet@std@@YAABV?$numpunct@D@1@ABVlocale@1@PBV21@_N@Z 00416692 f i libcpmt:locale.obj
 0001:00015756       ?use_facet@std@@YAABV?$codecvt@DDH@1@ABVlocale@1@PBV21@_N@Z 00416756 f i libcpmt:locale.obj
 0001:0001581a       ?_Getloctxt@std@@YAHAAV?$istreambuf_iterator@DU?$char_traits@D@std@@@1@0IPBD@Z 0041681a f i libcpmt:locale.obj
 0001:000159d3       ?isdigit@std@@YA_NDABVlocale@1@@Z 004169d3 f i libcpmt:locale.obj
 0001:000159f4       ?_Maklocstr@std@@YAPADPBDPAD@Z 004169f4 f i libcpmt:locale.obj
 0001:00015a1d       ??0?$codecvt@DDH@std@@QAE@I@Z 00416a1d f i libcpmt:locale.obj
 0001:00015a71       ??1codecvt_base@std@@UAE@XZ 00416a71 f i libcpmt:locale.obj
 0001:00015a78       ?equal@?$istreambuf_iterator@DU?$char_traits@D@std@@@std@@QBE_NABV12@@Z 00416a78 f i libcpmt:locale.obj
 0001:00015ab7       ?_Save@?$_Tidyfac@V?$ctype@D@std@@@std@@SAPAV?$ctype@D@2@PAV32@@Z 00416ab7 f i libcpmt:locale.obj
 0001:00015b05       ?_Save@?$_Tidyfac@V?$num_get@DV?$istreambuf_iterator@DU?$char_traits@D@std@@@std@@@std@@@std@@SAPAV?$num_get@DV?$istreambuf_iterator@DU?$char_traits@D@std@@@std@@@2@PAV32@@Z 00416b05 f i libcpmt:locale.obj
 0001:00015b53       ?_Save@?$_Tidyfac@V?$codecvt@DDH@std@@@std@@SAPAV?$codecvt@DDH@2@PAV32@@Z 00416b53 f i libcpmt:locale.obj
 0001:00015ba1       ?_Tidy@?$_Tidyfac@V?$ctype@D@std@@@std@@SAXXZ 00416ba1 f i libcpmt:locale.obj
 0001:00015bee       ?_Tidy@?$_Tidyfac@V?$num_get@DV?$istreambuf_iterator@DU?$char_traits@D@std@@@std@@@std@@@std@@SAXXZ 00416bee f i libcpmt:locale.obj
 0001:00015c3b       ?_Tidy@?$_Tidyfac@V?$codecvt@DDH@std@@@std@@SAXXZ 00416c3b f i libcpmt:locale.obj
 0001:00015d53       ??_D?$basic_istream@DU?$char_traits@D@std@@@std@@QAEXXZ 00416d53 f i libcpmt:iostream.obj
 0001:00015d97       ??_D?$basic_ostream@DU?$char_traits@D@std@@@std@@QAEXXZ 00416d97 f i libcpmt:iostream.obj
 0001:00015e37       ??0Init@ios_base@std@@QAE@XZ 00416e37 f   libcpmt:iostream.obj
 0001:00015fb6       ??3@YAXPAX0@Z              00416fb6 f i libcpmt:iostream.obj
 0001:00015fb7       ??1Init@ios_base@std@@QAE@XZ 00416fb7 f   libcpmt:iostream.obj
 0001:00015ffa       ??0?$basic_ostream@DU?$char_traits@D@std@@@std@@QAE@W4_Uninitialized@1@@Z 00416ffa f i libcpmt:iostream.obj
 0001:00016059       ?flush@?$basic_ostream@DU?$char_traits@D@std@@@std@@QAEAAV12@XZ 00417059 f i libcpmt:iostream.obj
 0001:000160a3       ??0?$basic_istream@DU?$char_traits@D@std@@@std@@QAE@PAV?$basic_streambuf@DU?$char_traits@D@std@@@1@_N@Z 004170a3 f i libcpmt:iostream.obj
 0001:0001610b       ??0?$basic_istream@DU?$char_traits@D@std@@@std@@QAE@W4_Uninitialized@1@@Z 0041710b f i libcpmt:iostream.obj
 0001:0001616a       ??0?$basic_filebuf@DU?$char_traits@D@std@@@std@@QAE@PAU_iobuf@@@Z 0041716a f i libcpmt:iostream.obj
 0001:000161ca       ??0?$basic_filebuf@DU?$char_traits@D@std@@@std@@QAE@W4_Uninitialized@1@@Z 004171ca f i libcpmt:iostream.obj
 0001:000161d5       ?_Gndec@?$basic_streambuf@DU?$char_traits@D@std@@@std@@IAEPADXZ 004171d5 f i libcpmt:iostream.obj
 0001:000161e5       ?close@?$basic_filebuf@DU?$char_traits@D@std@@@std@@QAEPAV12@XZ 004171e5 f i libcpmt:iostream.obj
 0001:0001620c       ?_Ungetc@std@@YA_NABDPAU_iobuf@@I@Z 0041720c f i libcpmt:iostream.obj
 0001:000163a5       ??_D?$basic_istream@GU?$char_traits@G@std@@@std@@QAEXXZ 004173a5 f i libcpmt:wiostrea.obj
 0001:000163e9       ??_D?$basic_ostream@GU?$char_traits@G@std@@@std@@QAEXXZ 004173e9 f i libcpmt:wiostrea.obj
 0001:0001645c       ??0_Winit@std@@QAE@XZ      0041745c f   libcpmt:wiostrea.obj
 0001:000165dd       ??1_Winit@std@@QAE@XZ      004175dd f   libcpmt:wiostrea.obj
 0001:00016620       ??0?$basic_ostream@GU?$char_traits@G@std@@@std@@QAE@PAV?$basic_streambuf@GU?$char_traits@G@std@@@1@_N1@Z 00417620 f i libcpmt:wiostrea.obj
 0001:0001668a       ??0?$basic_ostream@GU?$char_traits@G@std@@@std@@QAE@W4_Uninitialized@1@@Z 0041768a f i libcpmt:wiostrea.obj
 0001:000166e9       ?flush@?$basic_ostream@GU?$char_traits@G@std@@@std@@QAEAAV12@XZ 004176e9 f i libcpmt:wiostrea.obj
 0001:00016733       ??1?$basic_ios@GU?$char_traits@G@std@@@std@@UAE@XZ 00417733 f i libcpmt:wiostrea.obj
 0001:0001673e       ??0?$basic_istream@GU?$char_traits@G@std@@@std@@QAE@PAV?$basic_streambuf@GU?$char_traits@G@std@@@1@_N@Z 0041773e f i libcpmt:wiostrea.obj
 0001:000167a6       ??0?$basic_istream@GU?$char_traits@G@std@@@std@@QAE@W4_Uninitialized@1@@Z 004177a6 f i libcpmt:wiostrea.obj
 0001:00016805       ??0?$basic_filebuf@GU?$char_traits@G@std@@@std@@QAE@PAU_iobuf@@@Z 00417805 f i libcpmt:wiostrea.obj
 0001:00016865       ??1?$basic_streambuf@GU?$char_traits@G@std@@@std@@UAE@XZ 00417865 f i libcpmt:wiostrea.obj
 0001:00016873       ?overflow@?$basic_streambuf@GU?$char_traits@G@std@@@std@@MAEGG@Z 00417873 f i libcpmt:wiostrea.obj
 0001:0001687a       ?pbackfail@?$basic_streambuf@GU?$char_traits@G@std@@@std@@MAEGG@Z 0041787a f i libcpmt:wiostrea.obj
 0001:00016881       ?showmanyc@?$basic_streambuf@GU?$char_traits@G@std@@@std@@MAEHXZ 00417881 f i libcpmt:wiostrea.obj
 0001:00016884       ?underflow@?$basic_streambuf@GU?$char_traits@G@std@@@std@@MAEGXZ 00417884 f i libcpmt:wiostrea.obj
 0001:00016889       ?uflow@?$basic_streambuf@GU?$char_traits@G@std@@@std@@MAEGXZ 00417889 f i libcpmt:wiostrea.obj
 0001:000168aa       ?xsgetn@?$basic_streambuf@GU?$char_traits@G@std@@@std@@MAEHPAGH@Z 004178aa f i libcpmt:wiostrea.obj
 0001:00016931       ?xsputn@?$basic_streambuf@GU?$char_traits@G@std@@@std@@MAEHPBGH@Z 00417931 f i libcpmt:wiostrea.obj
 0001:000169b9       ?seekoff@?$basic_streambuf@GU?$char_traits@G@std@@@std@@MAE?AV?$fpos@H@2@JW4seekdir@ios_base@2@H@Z 004179b9 f i libcpmt:wiostrea.obj
 0001:000169dd       ?seekpos@?$basic_streambuf@GU?$char_traits@G@std@@@std@@MAE?AV?$fpos@H@2@V32@H@Z 004179dd f i libcpmt:wiostrea.obj
 0001:00016a01       ?setbuf@?$basic_streambuf@GU?$char_traits@G@std@@@std@@MAEPAV12@PAGH@Z 00417a01 f i libcpmt:wiostrea.obj
 0001:00016a06       ?sync@?$basic_streambuf@GU?$char_traits@G@std@@@std@@MAEHXZ 00417a06 f i libcpmt:wiostrea.obj
 0001:00016a09       ?imbue@?$basic_streambuf@GU?$char_traits@G@std@@@std@@MAEXABVlocale@2@@Z 00417a09 f i libcpmt:wiostrea.obj
 0001:00016a0c       ??0?$basic_filebuf@GU?$char_traits@G@std@@@std@@QAE@W4_Uninitialized@1@@Z 00417a0c f i libcpmt:wiostrea.obj
 0001:00016a17       ??1?$basic_filebuf@GU?$char_traits@G@std@@@std@@UAE@XZ 00417a17 f i libcpmt:wiostrea.obj
 0001:00016a7c       ?overflow@?$basic_filebuf@GU?$char_traits@G@std@@@std@@MAEGG@Z 00417a7c f i libcpmt:wiostrea.obj
 0001:00016bc4       ?pbackfail@?$basic_filebuf@GU?$char_traits@G@std@@@std@@MAEGG@Z 00417bc4 f i libcpmt:wiostrea.obj
 0001:00016c7b       ?underflow@?$basic_filebuf@GU?$char_traits@G@std@@@std@@MAEGXZ 00417c7b f i libcpmt:wiostrea.obj
 0001:00016ca9       ?uflow@?$basic_filebuf@GU?$char_traits@G@std@@@std@@MAEGXZ 00417ca9 f i libcpmt:wiostrea.obj
 0001:00016dc7       ?seekoff@?$basic_filebuf@GU?$char_traits@G@std@@@std@@MAE?AV?$fpos@H@2@JW4seekdir@ios_base@2@H@Z 00417dc7 f i libcpmt:wiostrea.obj
 0001:00016e36       ?seekpos@?$basic_filebuf@GU?$char_traits@G@std@@@std@@MAE?AV?$fpos@H@2@V32@H@Z 00417e36 f i libcpmt:wiostrea.obj
 0001:00016ee5       ?setbuf@?$basic_filebuf@GU?$char_traits@G@std@@@std@@MAEPAV?$basic_streambuf@GU?$char_traits@G@std@@@2@PAGH@Z 00417ee5 f i libcpmt:wiostrea.obj
 0001:00016f13       ?sync@?$basic_filebuf@GU?$char_traits@G@std@@@std@@MAEHXZ 00417f13 f i libcpmt:wiostrea.obj
 0001:00016f2c       ??_E?$basic_ostream@GU?$char_traits@G@std@@@std@@UAEPAXI@Z 00417f2c f i libcpmt:wiostrea.obj
 0001:00016f2c       ??_G?$basic_ostream@GU?$char_traits@G@std@@@std@@UAEPAXI@Z 00417f2c f i libcpmt:wiostrea.obj
 0001:00016f4b       ??_E?$basic_ios@GU?$char_traits@G@std@@@std@@UAEPAXI@Z 00417f4b f i libcpmt:wiostrea.obj
 0001:00016f4b       ??_G?$basic_ios@GU?$char_traits@G@std@@@std@@UAEPAXI@Z 00417f4b f i libcpmt:wiostrea.obj
 0001:00016f67       ??_E?$basic_istream@GU?$char_traits@G@std@@@std@@UAEPAXI@Z 00417f67 f i libcpmt:wiostrea.obj
 0001:00016f67       ??_G?$basic_istream@GU?$char_traits@G@std@@@std@@UAEPAXI@Z 00417f67 f i libcpmt:wiostrea.obj
 0001:00016f86       ??_E?$basic_streambuf@GU?$char_traits@G@std@@@std@@UAEPAXI@Z 00417f86 f i libcpmt:wiostrea.obj
 0001:00016f86       ??_G?$basic_streambuf@GU?$char_traits@G@std@@@std@@UAEPAXI@Z 00417f86 f i libcpmt:wiostrea.obj
 0001:00016fa2       ??_G?$basic_filebuf@GU?$char_traits@G@std@@@std@@UAEPAXI@Z 00417fa2 f i libcpmt:wiostrea.obj
 0001:00016fa2       ??_E?$basic_filebuf@GU?$char_traits@G@std@@@std@@UAEPAXI@Z 00417fa2 f i libcpmt:wiostrea.obj
 0001:00016fbe       ?init@?$basic_ios@GU?$char_traits@G@std@@@std@@IAEXPAV?$basic_streambuf@GU?$char_traits@G@std@@@2@_N@Z 00417fbe f i libcpmt:wiostrea.obj
 0001:00017008       ?gbump@?$basic_streambuf@GU?$char_traits@G@std@@@std@@IAEXH@Z 00418008 f i libcpmt:wiostrea.obj
 0001:0001701c       ?_Gndec@?$basic_streambuf@GU?$char_traits@G@std@@@std@@IAEPAGXZ 0041801c f i libcpmt:wiostrea.obj
 0001:0001702d       ?_Gninc@?$basic_streambuf@GU?$char_traits@G@std@@@std@@IAEPAGXZ 0041802d f i libcpmt:wiostrea.obj
 0001:0001703d       ?pbump@?$basic_streambuf@GU?$char_traits@G@std@@@std@@IAEXH@Z 0041803d f i libcpmt:wiostrea.obj
 0001:00017051       ?_Pninc@?$basic_streambuf@GU?$char_traits@G@std@@@std@@IAEPAGXZ 00418051 f i libcpmt:wiostrea.obj
 0001:00017061       ?close@?$basic_filebuf@GU?$char_traits@G@std@@@std@@QAEPAV12@XZ 00418061 f i libcpmt:wiostrea.obj
 0001:00017088       ?_Init@?$basic_filebuf@GU?$char_traits@G@std@@@std@@IAEXPAU_iobuf@@W4_Initfl@12@@Z 00418088 f i libcpmt:wiostrea.obj
 0001:000170de       ?_Init@?$basic_streambuf@GU?$char_traits@G@std@@@std@@IAEXXZ 004180de f i libcpmt:wiostrea.obj
 0001:00017162       ?_Nomemory@std@@YAXXZ      00418162 f   libcpmt:nomemory.obj
 0001:000171ad       ??0bad_alloc@std@@QAE@PBD@Z 004181ad f i libcpmt:nomemory.obj
 0001:000171c6       ??1bad_alloc@std@@UAE@XZ   004181c6 f i libcpmt:nomemory.obj
 0001:000171d1       ?_Doraise@bad_alloc@std@@MBEXXZ 004181d1 f i libcpmt:nomemory.obj
 0001:000171ee       ??_Gbad_alloc@std@@UAEPAXI@Z 004181ee f i libcpmt:nomemory.obj
 0001:000171ee       ??_Ebad_alloc@std@@UAEPAXI@Z 004181ee f i libcpmt:nomemory.obj
 0001:0001720a       ??0bad_alloc@std@@QAE@ABV01@@Z 0041820a f i libcpmt:nomemory.obj
 0001:0001722c       ?_Makewloc@_Locimp@locale@std@@CAXABV_Locinfo@3@HPAV123@PBV23@@Z 0041822c f   libcpmt:wlocale.obj
 0001:0001777e       ??1_Timevec@std@@QAE@XZ    0041877e f i libcpmt:wlocale.obj
 0001:00017787       ?do_in@?$codecvt@GDH@std@@MBEHAAHPBD1AAPBDPAG3AAPAG@Z 00418787 f i libcpmt:wlocale.obj
 0001:00017809       ?do_out@?$codecvt@GDH@std@@MBEHAAHPBG1AAPBGPAD3AAPAD@Z 00418809 f i libcpmt:wlocale.obj
 0001:000178dc       ?do_length@?$codecvt@GDH@std@@MBEHAAHPBG1I@Z 004188dc f i libcpmt:wlocale.obj
 0001:0001792b       ?do_always_noconv@?$codecvt@GDH@std@@MBE_NXZ 0041892b f i libcpmt:wlocale.obj
 0001:0001792e       ?do_max_length@?$codecvt@GDH@std@@MBEHXZ 0041892e f i libcpmt:wlocale.obj
 0001:00017932       ?do_encoding@?$codecvt@GDH@std@@MBEHXZ 00418932 f i libcpmt:wlocale.obj
 0001:00017935       ??_E?$codecvt@GDH@std@@UAEPAXI@Z 00418935 f i libcpmt:wlocale.obj
 0001:00017935       ??_G?$codecvt@GDH@std@@UAEPAXI@Z 00418935 f i libcpmt:wlocale.obj
 0001:00017951       ??1?$codecvt@GDH@std@@UAE@XZ 00418951 f i libcpmt:wlocale.obj
 0001:00017958       ??1time_base@std@@UAE@XZ   00418958 f i libcpmt:wlocale.obj
 0001:0001795f       ??1messages_base@std@@UAE@XZ 0041895f f i libcpmt:wlocale.obj
 0001:00017966       ?do_is@?$ctype@G@std@@MBE_NFG@Z 00418966 f i libcpmt:wlocale.obj
 0001:0001798d       ?do_is@?$ctype@G@std@@MBEPBGPBG0PAF@Z 0041898d f i libcpmt:wlocale.obj
 0001:000179cc       ?do_scan_is@?$ctype@G@std@@MBEPBGFPBG0@Z 004189cc f i libcpmt:wlocale.obj
 0001:000179f8       ?do_scan_not@?$ctype@G@std@@MBEPBGFPBG0@Z 004189f8 f i libcpmt:wlocale.obj
 0001:00017a24       ?do_tolower@?$ctype@G@std@@MBEGG@Z 00418a24 f i libcpmt:wlocale.obj
 0001:00017a55       ?do_tolower@?$ctype@G@std@@MBEPBGPAGPBG@Z 00418a55 f i libcpmt:wlocale.obj
 0001:00017a82       ?do_toupper@?$ctype@G@std@@MBEGG@Z 00418a82 f i libcpmt:wlocale.obj
 0001:00017ab3       ?do_toupper@?$ctype@G@std@@MBEPBGPAGPBG@Z 00418ab3 f i libcpmt:wlocale.obj
 0001:00017ae0       ?do_widen@?$ctype@G@std@@MBEGD@Z 00418ae0 f i libcpmt:wlocale.obj
 0001:00017aef       ?do_widen@?$ctype@G@std@@MBEPBDPBD0PAG@Z 00418aef f i libcpmt:wlocale.obj
 0001:00017b1c       ?do_narrow@?$ctype@G@std@@MBEDGD@Z 00418b1c f i libcpmt:wlocale.obj
 0001:00017b29       ?do_narrow@?$ctype@G@std@@MBEPBGPBG0DPAD@Z 00418b29 f i libcpmt:wlocale.obj
 0001:00017b55       ?do_put@?$time_put@GV?$ostreambuf_iterator@GU?$char_traits@G@std@@@std@@@std@@MBE?AV?$ostreambuf_iterator@GU?$char_traits@G@std@@@2@V32@AAVios_base@2@PBUtm@@DD@Z 00418b55 f i libcpmt:wlocale.obj
 0001:00017c31       ?do_get@?$num_get@GV?$istreambuf_iterator@GU?$char_traits@G@std@@@std@@@std@@MBE?AV?$istreambuf_iterator@GU?$char_traits@G@std@@@2@V32@0AAVios_base@2@AAHAA_N@Z 00418c31 f i libcpmt:wlocale.obj
 0001:00017ddb       ?do_get@?$num_get@GV?$istreambuf_iterator@GU?$char_traits@G@std@@@std@@@std@@MBE?AV?$istreambuf_iterator@GU?$char_traits@G@std@@@2@V32@0AAVios_base@2@AAHAAG@Z 00418ddb f i libcpmt:wlocale.obj
 0001:00017ea7       ?do_get@?$num_get@GV?$istreambuf_iterator@GU?$char_traits@G@std@@@std@@@std@@MBE?AV?$istreambuf_iterator@GU?$char_traits@G@std@@@2@V32@0AAVios_base@2@AAHAAI@Z 00418ea7 f i libcpmt:wlocale.obj
 0001:00017f6f       ?do_get@?$num_get@GV?$istreambuf_iterator@GU?$char_traits@G@std@@@std@@@std@@MBE?AV?$istreambuf_iterator@GU?$char_traits@G@std@@@2@V32@0AAVios_base@2@AAHAAJ@Z 00418f6f f i libcpmt:wlocale.obj
 0001:0001801d       ?do_get@?$num_get@GV?$istreambuf_iterator@GU?$char_traits@G@std@@@std@@@std@@MBE?AV?$istreambuf_iterator@GU?$char_traits@G@std@@@2@V32@0AAVios_base@2@AAHAAK@Z 0041901d f i libcpmt:wlocale.obj
 0001:000180cb       ?do_get@?$num_get@GV?$istreambuf_iterator@GU?$char_traits@G@std@@@std@@@std@@MBE?AV?$istreambuf_iterator@GU?$char_traits@G@std@@@2@V32@0AAVios_base@2@AAHAAM@Z 004190cb f i libcpmt:wlocale.obj
 0001:00018175       ?do_get@?$num_get@GV?$istreambuf_iterator@GU?$char_traits@G@std@@@std@@@std@@MBE?AV?$istreambuf_iterator@GU?$char_traits@G@std@@@2@V32@0AAVios_base@2@AAHAAN@Z 00419175 f i libcpmt:wlocale.obj
 0001:0001821f       ?do_get@?$num_get@GV?$istreambuf_iterator@GU?$char_traits@G@std@@@std@@@std@@MBE?AV?$istreambuf_iterator@GU?$char_traits@G@std@@@2@V32@0AAVios_base@2@AAHAAO@Z 0041921f f i libcpmt:wlocale.obj
 0001:000182c9       ?do_get@?$num_get@GV?$istreambuf_iterator@GU?$char_traits@G@std@@@std@@@std@@MBE?AV?$istreambuf_iterator@GU?$char_traits@G@std@@@2@V32@0AAVios_base@2@AAHAAPAX@Z 004192c9 f i libcpmt:wlocale.obj
 0001:000183c7       ?do_put@?$num_put@GV?$ostreambuf_iterator@GU?$char_traits@G@std@@@std@@@std@@MBE?AV?$ostreambuf_iterator@GU?$char_traits@G@std@@@2@V32@AAVios_base@2@G_N@Z 004193c7 f i libcpmt:wlocale.obj
 0001:0001857a       ?do_put@?$num_put@GV?$ostreambuf_iterator@GU?$char_traits@G@std@@@std@@@std@@MBE?AV?$ostreambuf_iterator@GU?$char_traits@G@std@@@2@V32@AAVios_base@2@GJ@Z 0041957a f i libcpmt:wlocale.obj
 0001:000185d2       ?do_put@?$num_put@GV?$ostreambuf_iterator@GU?$char_traits@G@std@@@std@@@std@@MBE?AV?$ostreambuf_iterator@GU?$char_traits@G@std@@@2@V32@AAVios_base@2@GK@Z 004195d2 f i libcpmt:wlocale.obj
 0001:0001862a       ?do_put@?$num_put@GV?$ostreambuf_iterator@GU?$char_traits@G@std@@@std@@@std@@MBE?AV?$ostreambuf_iterator@GU?$char_traits@G@std@@@2@V32@AAVios_base@2@GN@Z 0041962a f i libcpmt:wlocale.obj
 0001:000186a8       ?do_put@?$num_put@GV?$ostreambuf_iterator@GU?$char_traits@G@std@@@std@@@std@@MBE?AV?$ostreambuf_iterator@GU?$char_traits@G@std@@@2@V32@AAVios_base@2@GO@Z 004196a8 f i libcpmt:wlocale.obj
 0001:00018726       ?do_put@?$num_put@GV?$ostreambuf_iterator@GU?$char_traits@G@std@@@std@@@std@@MBE?AV?$ostreambuf_iterator@GU?$char_traits@G@std@@@2@V32@AAVios_base@2@GPBX@Z 00419726 f i libcpmt:wlocale.obj
 0001:000187f8       ?do_decimal_point@?$numpunct@G@std@@MBEGXZ 004197f8 f i libcpmt:wlocale.obj
 0001:000187fd       ?do_thousands_sep@?$numpunct@G@std@@MBEGXZ 004197fd f i libcpmt:wlocale.obj
 0001:00018802       ?do_grouping@?$numpunct@G@std@@MBE?AV?$basic_string@DU?$char_traits@D@std@@V?$allocator@D@2@@2@XZ 00419802 f i libcpmt:wlocale.obj
 0001:00018838       ?do_falsename@?$numpunct@G@std@@MBE?AV?$basic_string@GU?$char_traits@G@std@@V?$allocator@G@2@@2@XZ 00419838 f i libcpmt:wlocale.obj
 0001:0001886e       ?do_truename@?$numpunct@G@std@@MBE?AV?$basic_string@GU?$char_traits@G@std@@V?$allocator@G@2@@2@XZ 0041986e f i libcpmt:wlocale.obj
 0001:000188a4       ?do_compare@?$collate@G@std@@MBEHPBG000@Z 004198a4 f i libcpmt:wlocale.obj
 0001:000188e7       ?do_transform@?$collate@G@std@@MBE?AV?$basic_string@GU?$char_traits@G@std@@V?$allocator@G@2@@2@PBG0@Z 004198e7 f i libcpmt:wlocale.obj
 0001:000189be       ?do_hash@?$collate@G@std@@MBEJPBG0@Z 004199be f i libcpmt:wlocale.obj
 0001:000189e0       ?do_open@?$messages@G@std@@MBEHABV?$basic_string@DU?$char_traits@D@std@@V?$allocator@D@2@@2@ABVlocale@2@@Z 004199e0 f i libcpmt:wlocale.obj
 0001:000189e5       ?do_get@?$messages@G@std@@MBE?AV?$basic_string@GU?$char_traits@G@std@@V?$allocator@G@2@@2@HHHABV32@@Z 004199e5 f i libcpmt:wlocale.obj
 0001:00018a56       ?do_close@?$messages@G@std@@MBEXH@Z 00419a56 f i libcpmt:wlocale.obj
 0001:00018a59       ?do_get@?$money_get@GV?$istreambuf_iterator@GU?$char_traits@G@std@@@std@@@std@@MBE?AV?$istreambuf_iterator@GU?$char_traits@G@std@@@2@V32@0_NAAVios_base@2@AAHAAO@Z 00419a59 f i libcpmt:wlocale.obj
 0001:00018b8e       ?do_get@?$money_get@GV?$istreambuf_iterator@GU?$char_traits@G@std@@@std@@@std@@MBE?AV?$istreambuf_iterator@GU?$char_traits@G@std@@@2@V32@0_NAAVios_base@2@AAHAAV?$basic_string@GU?$char_traits@G@std@@V?$allocator@G@2@@2@@Z 00419b8e f i libcpmt:wlocale.obj
 0001:00018c18       ?do_put@?$money_put@GV?$ostreambuf_iterator@GU?$char_traits@G@std@@@std@@@std@@MBE?AV?$ostreambuf_iterator@GU?$char_traits@G@std@@@2@V32@_NAAVios_base@2@GO@Z 00419c18 f i libcpmt:wlocale.obj
 0001:00018d4c       ?do_put@?$money_put@GV?$ostreambuf_iterator@GU?$char_traits@G@std@@@std@@@std@@MBE?AV?$ostreambuf_iterator@GU?$char_traits@G@std@@@2@V32@_NAAVios_base@2@GABV?$basic_string@GU?$char_traits@G@std@@V?$allocator@G@2@@2@@Z 00419d4c f i libcpmt:wlocale.obj
 0001:00018e88       ?do_decimal_point@?$_Mpunct@G@std@@MBEGXZ 00419e88 f i libcpmt:wlocale.obj
 0001:00018e8d       ?do_thousands_sep@?$_Mpunct@G@std@@MBEGXZ 00419e8d f i libcpmt:wlocale.obj
 0001:00018e92       ?do_grouping@?$_Mpunct@G@std@@MBE?AV?$basic_string@DU?$char_traits@D@std@@V?$allocator@D@2@@2@XZ 00419e92 f i libcpmt:wlocale.obj
 0001:00018ec8       ?do_curr_symbol@?$_Mpunct@G@std@@MBE?AV?$basic_string@GU?$char_traits@G@std@@V?$allocator@G@2@@2@XZ 00419ec8 f i libcpmt:wlocale.obj
 0001:00018efe       ?do_positive_sign@?$_Mpunct@G@std@@MBE?AV?$basic_string@GU?$char_traits@G@std@@V?$allocator@G@2@@2@XZ 00419efe f i libcpmt:wlocale.obj
 0001:00018f34       ?do_negative_sign@?$_Mpunct@G@std@@MBE?AV?$basic_string@GU?$char_traits@G@std@@V?$allocator@G@2@@2@XZ 00419f34 f i libcpmt:wlocale.obj
 0001:00018f6a       ?do_frac_digits@?$_Mpunct@G@std@@MBEHXZ 00419f6a f i libcpmt:wlocale.obj
 0001:00018f6e       ?do_pos_format@?$_Mpunct@G@std@@MBE?AUpattern@money_base@2@XZ 00419f6e f i libcpmt:wlocale.obj
 0001:00018f7a       ?do_neg_format@?$_Mpunct@G@std@@MBE?AUpattern@money_base@2@XZ 00419f7a f i libcpmt:wlocale.obj
 0001:00018f86       ?do_date_order@?$time_get@GV?$istreambuf_iterator@GU?$char_traits@G@std@@@std@@@std@@MBEHXZ 00419f86 f i libcpmt:wlocale.obj
 0001:00018f8a       ?do_get_time@?$time_get@GV?$istreambuf_iterator@GU?$char_traits@G@std@@@std@@@std@@MBE?AV?$istreambuf_iterator@GU?$char_traits@G@std@@@2@V32@0AAVios_base@2@AAHPAUtm@@@Z 00419f8a f i libcpmt:wlocale.obj
 0001:0001904e       ?do_get_date@?$time_get@GV?$istreambuf_iterator@GU?$char_traits@G@std@@@std@@@std@@MBE?AV?$istreambuf_iterator@GU?$char_traits@G@std@@@2@V32@0AAVios_base@2@AAHPAUtm@@@Z 0041a04e f i libcpmt:wlocale.obj
 0001:0001917f       ?do_get_weekday@?$time_get@GV?$istreambuf_iterator@GU?$char_traits@G@std@@@std@@@std@@MBE?AV?$istreambuf_iterator@GU?$char_traits@G@std@@@2@V32@0AAVios_base@2@AAHPAUtm@@@Z 0041a17f f i libcpmt:wlocale.obj
 0001:000191bd       ?do_get_monthname@?$time_get@GV?$istreambuf_iterator@GU?$char_traits@G@std@@@std@@@std@@MBE?AV?$istreambuf_iterator@GU?$char_traits@G@std@@@2@V32@0AAVios_base@2@AAHPAUtm@@@Z 0041a1bd f i libcpmt:wlocale.obj
 0001:000191fb       ?do_get_year@?$time_get@GV?$istreambuf_iterator@GU?$char_traits@G@std@@@std@@@std@@MBE?AV?$istreambuf_iterator@GU?$char_traits@G@std@@@2@V32@0AAVios_base@2@AAHPAUtm@@@Z 0041a1fb f i libcpmt:wlocale.obj
[...]
 0001:00010b10       _$E49                      00411b10 f   common:Utils.obj
 0001:00010f20       _$E51                      00411f20 f   common:Utils.obj
 0001:000127b0       _$E58                      004137b0 f   common:Utils.obj
 0001:000127d0       _$E57                      004137d0 f   common:Utils.obj
 0001:0000efa0       _$E21                      0040ffa0 f   common:Win32Exception.obj
 0001:0000efc0       _$E20                      0040ffc0 f   common:Win32Exception.obj
 0001:0000ec90       _$E23                      0040fc90 f   common:Buffer.obj
 0001:0000ecb0       _$E22                      0040fcb0 f   common:Buffer.obj
 0001:0000ca00       _$E19                      0040da00 f   common:UsesWinsock.obj
 0001:0000ca20       _$E18                      0040da20 f   common:UsesWinsock.obj
 0001:0000c710       _$E19                      0040d710 f   common:Library.obj
 0001:0000c730       _$E18                      0040d730 f   common:Library.obj
 0001:0000c4f0       _$E19                      0040d4f0 f   common:Exception.obj
 0001:0000c510       _$E18                      0040d510 f   common:Exception.obj
 0001:00020a0d       __Mbrtowc_lk               00421a0d f   libcpmt:xmbtowc.obj
 0001:000202d9       _$E37                      004212d9 f   libcpmt:xlocale.obj
 0001:000202ee       _$E36                      004212ee f   libcpmt:xlocale.obj
 0001:0001d410       _$E47                      0041e410 f   libcpmt:wlocale.obj
 0001:0001d425       _$E46                      0041e425 f   libcpmt:wlocale.obj
 0001:00017222       _$E2                       00418222 f   libcpmt:nomemory.obj
 0001:0001629b       _$E18                      0041729b f   libcpmt:wiostrea.obj
 0001:000162a5       _$E15                      004172a5 f   libcpmt:wiostrea.obj
 0001:000162af       _$E17                      004172af f   libcpmt:wiostrea.obj
 0001:000162bb       _$E16                      004172bb f   libcpmt:wiostrea.obj
 0001:000162c5       _$E24                      004172c5 f   libcpmt:wiostrea.obj
 0001:000162cf       _$E21                      004172cf f   libcpmt:wiostrea.obj
 0001:000162d9       _$E23                      004172d9 f   libcpmt:wiostrea.obj
 0001:000162e5       _$E22                      004172e5 f   libcpmt:wiostrea.obj
 0001:000162ef       _$E29                      004172ef f   libcpmt:wiostrea.obj
 0001:000162f9       _$E26                      004172f9 f   libcpmt:wiostrea.obj
 0001:00016306       _$E28                      00417306 f   libcpmt:wiostrea.obj
 0001:00016312       _$E27                      00417312 f   libcpmt:wiostrea.obj
 0001:0001631c       _$E34                      0041731c f   libcpmt:wiostrea.obj
 0001:00016326       _$E31                      00417326 f   libcpmt:wiostrea.obj
 0001:00016333       _$E33                      00417333 f   libcpmt:wiostrea.obj
 0001:0001633f       _$E32                      0041733f f   libcpmt:wiostrea.obj
 0001:00016349       _$E39                      00417349 f   libcpmt:wiostrea.obj
 0001:00016353       _$E36                      00417353 f   libcpmt:wiostrea.obj
 0001:00016360       _$E38                      00417360 f   libcpmt:wiostrea.obj
 0001:0001636c       _$E37                      0041736c f   libcpmt:wiostrea.obj
 0001:00016376       _$E44                      00417376 f   libcpmt:wiostrea.obj
 0001:00016380       _$E41                      00417380 f   libcpmt:wiostrea.obj
 0001:0001638f       _$E43                      0041738f f   libcpmt:wiostrea.obj
 0001:0001639b       _$E42                      0041739b f   libcpmt:wiostrea.obj
 0001:000163ba       _$E49                      004173ba f   libcpmt:wiostrea.obj
 0001:000163c4       _$E46                      004173c4 f   libcpmt:wiostrea.obj
 0001:000163d3       _$E48                      004173d3 f   libcpmt:wiostrea.obj
 0001:000163df       _$E47                      004173df f   libcpmt:wiostrea.obj
 0001:000163fe       _$E54                      004173fe f   libcpmt:wiostrea.obj
 0001:00016408       _$E51                      00417408 f   libcpmt:wiostrea.obj
 0001:00016417       _$E53                      00417417 f   libcpmt:wiostrea.obj
 0001:00016423       _$E52                      00417423 f   libcpmt:wiostrea.obj
 0001:0001642d       _$E59                      0041742d f   libcpmt:wiostrea.obj
 0001:00016437       _$E56                      00417437 f   libcpmt:wiostrea.obj
 0001:00016446       _$E58                      00417446 f   libcpmt:wiostrea.obj
 0001:00016452       _$E57                      00417452 f   libcpmt:wiostrea.obj
 0001:00017120       _$E70                      00418120 f   libcpmt:wiostrea.obj
 0001:0001714a       _$E66                      0041814a f   libcpmt:wiostrea.obj
 0001:00017156       _$E69                      00418156 f   libcpmt:wiostrea.obj
 0001:00015cca       _$E18                      00416cca f   libcpmt:iostream.obj
 0001:00015cd4       _$E15                      00416cd4 f   libcpmt:iostream.obj
 0001:00015ce1       _$E17                      00416ce1 f   libcpmt:iostream.obj
 0001:00015ced       _$E16                      00416ced f   libcpmt:iostream.obj
 0001:00015cf7       _$E23                      00416cf7 f   libcpmt:iostream.obj
 0001:00015d01       _$E20                      00416d01 f   libcpmt:iostream.obj
 0001:00015d0e       _$E22                      00416d0e f   libcpmt:iostream.obj
 0001:00015d1a       _$E21                      00416d1a f   libcpmt:iostream.obj
 0001:00015d24       _$E28                      00416d24 f   libcpmt:iostream.obj
 0001:00015d2e       _$E25                      00416d2e f   libcpmt:iostream.obj
 0001:00015d3d       _$E27                      00416d3d f   libcpmt:iostream.obj
 0001:00015d49       _$E26                      00416d49 f   libcpmt:iostream.obj
 0001:00015d68       _$E33                      00416d68 f   libcpmt:iostream.obj
 0001:00015d72       _$E30                      00416d72 f   libcpmt:iostream.obj
 0001:00015d81       _$E32                      00416d81 f   libcpmt:iostream.obj
 0001:00015d8d       _$E31                      00416d8d f   libcpmt:iostream.obj
 0001:00015dac       _$E38                      00416dac f   libcpmt:iostream.obj
 0001:00015db6       _$E35                      00416db6 f   libcpmt:iostream.obj
 0001:00015dc3       _$E37                      00416dc3 f   libcpmt:iostream.obj
 0001:00015dcf       _$E36                      00416dcf f   libcpmt:iostream.obj
 0001:00015dd9       _$E43                      00416dd9 f   libcpmt:iostream.obj
 0001:00015de3       _$E40                      00416de3 f   libcpmt:iostream.obj
 0001:00015df2       _$E42                      00416df2 f   libcpmt:iostream.obj
 0001:00015dfe       _$E41                      00416dfe f   libcpmt:iostream.obj
 0001:00015e08       _$E48                      00416e08 f   libcpmt:iostream.obj
 0001:00015e12       _$E45                      00416e12 f   libcpmt:iostream.obj
 0001:00015e21       _$E47                      00416e21 f   libcpmt:iostream.obj
 0001:00015e2d       _$E46                      00416e2d f   libcpmt:iostream.obj
 0001:00016259       _$E60                      00417259 f   libcpmt:iostream.obj
 0001:00016283       _$E56                      00417283 f   libcpmt:iostream.obj
 0001:0001628f       _$E59                      0041728f f   libcpmt:iostream.obj
 0001:00015c88       _$E32                      00416c88 f   libcpmt:locale.obj
 0001:00015cb2       _$E28                      00416cb2 f   libcpmt:locale.obj
 0001:00015cbe       _$E31                      00416cbe f   libcpmt:locale.obj
 0001:00013692       _$E24                      00414692 f   libcpmt:string.obj
 0001:000136bc       _$E20                      004146bc f   libcpmt:string.obj
 0001:000136c8       _$E23                      004146c8 f   libcpmt:string.obj
 0001:00012e6d       _$E18                      00413e6d f   libcpmt:locale0.obj
 0001:00012e77       _$E15                      00413e77 f   libcpmt:locale0.obj
 0001:00012e78       _$E17                      00413e78 f   libcpmt:locale0.obj
 0001:00012e84       _$E16                      00413e84 f   libcpmt:locale0.obj
 0001:0001333b       _$E29                      0041433b f   libcpmt:locale0.obj
 0001:00013365       _$E25                      00414365 f   libcpmt:locale0.obj
 0001:00013371       _$E28                      00414371 f   libcpmt:locale0.obj
 0001:00012e3a       ?_CleanUp@std@@YAXXZ       00413e3a f   libcpmt:xlock.obj
 0001:0002ec6e       _findenv                   0042fc6e f   LIBCMT:setenv.obj
 0001:0002ecc6       _copy_environ              0042fcc6 f   LIBCMT:setenv.obj
 0001:0002e880       _ctrlevent_capture@4       0042f880 f   LIBCMT:winsig.obj
 0001:0002ea64       _siglookup                 0042fa64 f   LIBCMT:winsig.obj
 0001:0002df73       _xtoa                      0042ef73 f   LIBCMT:xtoa.obj
 0001:0002e045       _x64toa@20                 0042f045 f   LIBCMT:xtoa.obj
 0001:0002d635       _getSystemCP               0042e635 f   LIBCMT:mbctype.obj
 0001:0002d67f       _CPtoLCID                  0042e67f f   LIBCMT:mbctype.obj
 0001:0002d6b2       _setSBCS                   0042e6b2 f   LIBCMT:mbctype.obj
 0001:0002d6db       _setSBUpLow                0042e6db f   LIBCMT:mbctype.obj
 0001:0002c562       __abstract_cw              0042d562 f   LIBCMT:ieee87.obj
 0001:0002c5f4       __hw_cw                    0042d5f4 f   LIBCMT:ieee87.obj
 0001:0002c67d       __abstract_sw              0042d67d f   LIBCMT:ieee87.obj
 0001:0002b4ee       __tzset_lk                 0042c4ee f   LIBCMT:tzset.obj
 0001:0002b796       __isindst_lk               0042c796 f   LIBCMT:tzset.obj
 0001:0002b942       _cvtdate                   0042c942 f   LIBCMT:tzset.obj
 0001:0002a837       _TranslateName             0042b837 f   LIBCMT:getqloc.obj
 0001:0002a88f       _GetLcidFromLangCountry    0042b88f f   LIBCMT:getqloc.obj
 0001:0002a916       _LangCountryEnumProc@4     0042b916 f   LIBCMT:getqloc.obj
 0001:0002ab1a       _GetLcidFromLanguage       0042bb1a f   LIBCMT:getqloc.obj
 0001:0002ab70       _LanguageEnumProc@4        0042bb70 f   LIBCMT:getqloc.obj
 0001:0002ac2d       _GetLcidFromCountry        0042bc2d f   LIBCMT:getqloc.obj
 0001:0002ac64       _CountryEnumProc@4         0042bc64 f   LIBCMT:getqloc.obj
 0001:0002acea       _GetLcidFromDefault        0042bcea f   LIBCMT:getqloc.obj
 0001:0002ad04       _ProcessCodePage           0042bd04 f   LIBCMT:getqloc.obj
 0001:0002ad6a       _TestDefaultCountry        0042bd6a f   LIBCMT:getqloc.obj
 0001:0002ad89       _TestDefaultLanguage       0042bd89 f   LIBCMT:getqloc.obj
 0001:0002adeb       _IsThisWindowsNT           0042bdeb f   LIBCMT:getqloc.obj
 0001:0002ae21       _crtGetLocaleInfoA@16      0042be21 f   LIBCMT:getqloc.obj
 0001:0002af07       _LcidFromHexString         0042bf07 f   LIBCMT:getqloc.obj
 0001:0002af40       _GetPrimaryLen             0042bf40 f   LIBCMT:getqloc.obj
 0001:0002a245       __get_lc_lconv             0042b245 f   LIBCMT:initmon.obj
 0001:0002a367       _fix_grouping              0042b367 f   LIBCMT:initmon.obj
 0001:0002a39e       __free_lc_lconv            0042b39e f   LIBCMT:initmon.obj
 0001:0002a143       _fix_grouping              0042b143 f   LIBCMT:initnum.obj
 0001:00029a90       __get_lc_time              0042aa90 f   LIBCMT:inittime.obj
 0001:00029dde       __free_lc_time             0042adde f   LIBCMT:inittime.obj
 0001:00027bd9       _parse_cmdline             00428bd9 f   LIBCMT:stdargv.obj
 0001:00027a4d       _xcptlookup                00428a4d f   LIBCMT:winxfltr.obj
 0001:00026f4a       __cftoe2                   00427f4a f   LIBCMT:cvt.obj
 0001:00027061       __cftof2                   00428061 f   LIBCMT:cvt.obj
 0001:000271ec       __shift                    004281ec f   LIBCMT:cvt.obj
 0001:00026ca9       _write_char                00427ca9 f   LIBCMT:output.obj
 0001:00026cde       _write_multi_char          00427cde f   LIBCMT:output.obj
 0001:00026d0f       _write_string              00427d0f f   LIBCMT:output.obj
 0001:00026d47       _get_int_arg               00427d47 f   LIBCMT:output.obj
 0001:00026d54       _get_int64_arg             00427d54 f   LIBCMT:output.obj
 0001:00026d64       _get_short_arg             00427d64 f   LIBCMT:output.obj
 0001:00026220       _comexecmd                 00427220 f   LIBCMT:spawnve.obj
 0001:00026006       _doexit                    00427006 f   LIBCMT:crt0dat.obj
 0001:000260bd       __initterm                 004270bd f   LIBCMT:crt0dat.obj
 0001:0002535f       ?FindHandler@@YAXPAUEHExceptionRecord@@PAUEHRegistrationNode@@PAU_CONTEXT@@PAXPBU_s_FuncInfo@@EH1@Z 0042635f f   LIBCMT:frame.obj
 0001:00025512       ?FindHandlerForForeignException@@YAXPAUEHExceptionRecord@@PAUEHRegistrationNode@@PAU_CONTEXT@@PAXPBU_s_FuncInfo@@HH1@Z 00426512 f   LIBCMT:frame.obj
 0001:000255bc       ?TypeMatch@@YAHPBU_s_HandlerType@@PBU_s_CatchableType@@PBU_s_ThrowInfo@@@Z 004265bc f   LIBCMT:frame.obj
 0001:000256b7       ?FrameUnwindFilter@@YAHPAU_EXCEPTION_POINTERS@@@Z 004266b7 f   LIBCMT:frame.obj
 0001:000256cd       ?CatchIt@@YAXPAUEHExceptionRecord@@PAUEHRegistrationNode@@PAU_CONTEXT@@PAXPBU_s_FuncInfo@@PBU_s_HandlerType@@PBU_s_CatchableType@@PBU_s_TryBlockMapEntry@@H1E@Z 004266cd f   LIBCMT:frame.obj
 0001:00025748       ?CallCatchBlock@@YAPAXPAUEHExceptionRecord@@PAUEHRegistrationNode@@PAU_CONTEXT@@PBU_s_FuncInfo@@PAXHK@Z 00426748 f   LIBCMT:frame.obj
 0001:00025863       ?ExFilterRethrow@@YAHPAU_EXCEPTION_POINTERS@@@Z 00426863 f   LIBCMT:frame.obj
 0001:0002588d       ?BuildCatchObject@@YAXPAUEHExceptionRecord@@PAUEHRegistrationNode@@PBU_s_HandlerType@@PBU_s_CatchableType@@@Z 0042688d f   LIBCMT:frame.obj
 0001:00025ab8       ?AdjustPointer@@YAPAXPAXABUPMD@@@Z 00426ab8 f   LIBCMT:frame.obj
 0001:00025214       _strncnt                   00426214 f   LIBCMT:a_cmp.obj
 0001:00024e4d       _strncnt                   00425e4d f   LIBCMT:a_map.obj
 0001:0002434c       __expandtime               0042534c f   LIBCMT:strftime.obj
 0001:0002473b       __store_str                0042573b f   LIBCMT:strftime.obj
 0001:00024762       __store_num                00425762 f   LIBCMT:strftime.obj
 0001:000247d1       __store_number             004257d1 f   LIBCMT:strftime.obj
 0001:0002481a       __store_winword            0042581a f   LIBCMT:strftime.obj
 0001:00023710       _strtoxl                   00424710 f   LIBCMT:strtol.obj
 0001:00023102       __setlocale_set_cat        00424102 f   LIBCMT:setlocal.obj
 0001:0002321d       __setlocale_get_all        0042421d f   LIBCMT:setlocal.obj
 0001:00022b40       LeadUp1                    00423b40 f   LIBCMT:memcpy.obj
 0001:00022b6c       LeadUp2                    00423b6c f   LIBCMT:memcpy.obj
 0001:00022b90       LeadUp3                    00423b90 f   LIBCMT:memcpy.obj
 0001:00022c0f       UnwindUp0                  00423c0f f   LIBCMT:memcpy.obj
 0001:00022bfc       UnwindUp1                  00423bfc f   LIBCMT:memcpy.obj
 0001:00022bf4       UnwindUp2                  00423bf4 f   LIBCMT:memcpy.obj
 0001:00022bec       UnwindUp3                  00423bec f   LIBCMT:memcpy.obj
 0001:00022be4       UnwindUp4                  00423be4 f   LIBCMT:memcpy.obj
 0001:00022bdc       UnwindUp5                  00423bdc f   LIBCMT:memcpy.obj
 0001:00022bd4       UnwindUp6                  00423bd4 f   LIBCMT:memcpy.obj
 0001:00022bcc       UnwindUp7                  00423bcc f   LIBCMT:memcpy.obj
 0001:00022c28       TrailUp0                   00423c28 f   LIBCMT:memcpy.obj
 0001:00022c30       TrailUp1                   00423c30 f   LIBCMT:memcpy.obj
 0001:00022c3c       TrailUp2                   00423c3c f   LIBCMT:memcpy.obj
 0001:00022c50       TrailUp3                   00423c50 f   LIBCMT:memcpy.obj
 0001:00022cc8       LeadDown1                  00423cc8 f   LIBCMT:memcpy.obj
 0001:00022ce8       LeadDown2                  00423ce8 f   LIBCMT:memcpy.obj
 0001:00022d10       LeadDown3                  00423d10 f   LIBCMT:memcpy.obj
 0001:00022d64       UnwindDown7                00423d64 f   LIBCMT:memcpy.obj
 0001:00022d6c       UnwindDown6                00423d6c f   LIBCMT:memcpy.obj
 0001:00022d74       UnwindDown5                00423d74 f   LIBCMT:memcpy.obj
 0001:00022d7c       UnwindDown4                00423d7c f   LIBCMT:memcpy.obj
 0001:00022d84       UnwindDown3                00423d84 f   LIBCMT:memcpy.obj
 0001:00022d8c       UnwindDown2                00423d8c f   LIBCMT:memcpy.obj
 0001:00022d94       UnwindDown1                00423d94 f   LIBCMT:memcpy.obj
 0001:00022da7       UnwindDown0                00423da7 f   LIBCMT:memcpy.obj
 0001:00022dc0       TrailDown0                 00423dc0 f   LIBCMT:memcpy.obj
 0001:00022dc8       TrailDown1                 00423dc8 f   LIBCMT:memcpy.obj
 0001:00022dd8       TrailDown2                 00423dd8 f   LIBCMT:memcpy.obj
 0001:00022dec       TrailDown3                 00423dec f   LIBCMT:memcpy.obj
 0001:00022935       _flsall                    00423935 f   LIBCMT:fflush.obj
 0001:00022144       _fast_error_exit           00423144 f   LIBCMT:crt0.obj
 0001:00021710       LeadUp1                    00422710 f   LIBCMT:memmove.obj
 0001:0002173c       LeadUp2                    0042273c f   LIBCMT:memmove.obj
 0001:00021760       LeadUp3                    00422760 f   LIBCMT:memmove.obj
 0001:000217df       UnwindUp0                  004227df f   LIBCMT:memmove.obj
 0001:000217cc       UnwindUp1                  004227cc f   LIBCMT:memmove.obj
 0001:000217c4       UnwindUp2                  004227c4 f   LIBCMT:memmove.obj
 0001:000217bc       UnwindUp3                  004227bc f   LIBCMT:memmove.obj
 0001:000217b4       UnwindUp4                  004227b4 f   LIBCMT:memmove.obj
 0001:000217ac       UnwindUp5                  004227ac f   LIBCMT:memmove.obj
 0001:000217a4       UnwindUp6                  004227a4 f   LIBCMT:memmove.obj
 0001:0002179c       UnwindUp7                  0042279c f   LIBCMT:memmove.obj
 0001:000217f8       TrailUp0                   004227f8 f   LIBCMT:memmove.obj
 0001:00021800       TrailUp1                   00422800 f   LIBCMT:memmove.obj
 0001:0002180c       TrailUp2                   0042280c f   LIBCMT:memmove.obj
 0001:00021820       TrailUp3                   00422820 f   LIBCMT:memmove.obj
 0001:00021898       LeadDown1                  00422898 f   LIBCMT:memmove.obj
 0001:000218b8       LeadDown2                  004228b8 f   LIBCMT:memmove.obj
 0001:000218e0       LeadDown3                  004228e0 f   LIBCMT:memmove.obj
 0001:00021934       UnwindDown7                00422934 f   LIBCMT:memmove.obj
 0001:0002193c       UnwindDown6                0042293c f   LIBCMT:memmove.obj
 0001:00021944       UnwindDown5                00422944 f   LIBCMT:memmove.obj
 0001:0002194c       UnwindDown4                0042294c f   LIBCMT:memmove.obj
 0001:00021954       UnwindDown3                00422954 f   LIBCMT:memmove.obj
 0001:0002195c       UnwindDown2                0042295c f   LIBCMT:memmove.obj
 0001:00021964       UnwindDown1                00422964 f   LIBCMT:memmove.obj
 0001:00021977       UnwindDown0                00422977 f   LIBCMT:memmove.obj
 0001:00021990       TrailDown0                 00422990 f   LIBCMT:memmove.obj
 0001:00021998       TrailDown1                 00422998 f   LIBCMT:memmove.obj
 0001:000219a8       TrailDown2                 004229a8 f   LIBCMT:memmove.obj
 0001:000219bc       TrailDown3                 004229bc f   LIBCMT:memmove.obj
 0001:000212a0       _gu_return                 004222a0 f   LIBCMT:exsup.obj
 0001:000212a8       __unwind_handler           004222a8 f   LIBCMT:exsup.obj
 0001:000210bd       ?CatchGuardHandler@@YA?AW4_EXCEPTION_DISPOSITION@@PAUEHExceptionRecord@@PAUCatchGuardRN@@PAX2@Z 004220bd f   LIBCMT:trnsctrl.obj
 0001:00021198       ?TranslatorGuardHandler@@YA?AW4_EXCEPTION_DISPOSITION@@PAUEHExceptionRecord@@PAUTranslatorGuardRN@@PAX2@Z 00422198 f   LIBCMT:trnsctrl.obj
