 Game

 Timestamp is 695c3fc7 (Mon Jan 05 17:48:39 2026)

 Preferred load address is 00400000

 Start         Length     Name                   Class
 0001:00000000 00096c6aH .text                   CODE
 0001:00096c70 0000c9ecH .text$x                 CODE
 0002:00000000 0000043cH .idata$5                DATA
 0002:00000440 00002834H .rdata                  DATA
 0002:00002c78 0000ac10H .xdata$x                DATA
 0002:0000d888 000000b4H .idata$2                DATA
 0002:0000d93c 00000014H .idata$3                DATA
 0002:0000d950 0000043cH .idata$4                DATA
 0002:0000dd8c 00001dbaH .idata$6                DATA
 0002:0000fb46 00000000H .edata                  DATA
 0003:00000000 00000004H .CRT$XCA                DATA
 0003:00000004 0000007cH .CRT$XCU                DATA
 0003:00000080 00000004H .CRT$XCZ                DATA
 0003:00000084 00000004H .CRT$XIA                DATA
 0003:00000088 00000004H .CRT$XIZ                DATA
 0003:00000090 0000fa45H .data                   DATA
 0003:0000fad8 00005b18H .bss                    DATA
 0004:00000000 000000e8H .rsrc$01                DATA
 0004:000000f0 000013e8H .rsrc$02                DATA

  Address         Publics by Value              Rva+Base     Lib:Object

 0001:00000000       ?ALW_GetWndPosition@@YAXAAH0HH_N1@Z 00401000 f   AutoLocateWnd.obj
 0001:000000d0       ?gGetComClassFactory@@YAPAVKComClassFactory@@XZ 004010d0 f   ComWindow.obj
 0001:000000e0       ??0KComClassFactory@@QAE@XZ 004010e0 f   ComWindow.obj
 0001:000000f0       ?FindComClass@KComClassFactory@@QAEPAUKComClassInfo@@PBD@Z 004010f0 f   ComWindow.obj
 0001:00000160       ?FindComClass@KComClassFactory@@QAEPAUKComClassInfo@@PBU2@@Z 00401160 f   ComWindow.obj
 0001:00000180       ?RegisterComClass@KComClassFactory@@QAEHABUKComClassInfo@@@Z 00401180 f   ComWindow.obj
 0001:000001c0       ?CreateComObject@KComClassFactory@@QAEPAVKWndWindow@@PBD@Z 004011c0 f   ComWindow.obj
 0001:000001e0       ?get_VS_ColorRGB@@YAPAHPAH0HH@Z 004011e0 f   LightLoop.obj
 0001:000002b0       ?_Draw_Light@@YAXPAUKRUPoint@@HAAHAAEHHHHH@Z 004012b0 f   LightLoop.obj
 0001:000004c0       ?_SwapPos@@YAXAAHAAEHHHH@Z 004014c0 f   LightLoop.obj
 0001:00000540       ?DrawLight@@YAXAAHAAE1HHHHHH@Z 00401540 f   LightLoop.obj
 0001:00000e60       ?DrawBorder@@YAXAAHAAGAAKHHHHH@Z 00401e60 f   LightLoop.obj
 0001:00000fb0       ??_H@YGXPAXIHP6EX0@Z@Z     00401fb0 f i MouseHover.obj
 0001:00001000       ?SetHoverObjDescColor@@YAXI@Z 00402000 f   MouseHover.obj
 0001:00001010       ?SetMouseHoverObjectDesc@@YAXPAXHIIHHH@Z 00402010 f   MouseHover.obj
 0001:00001240       ?DrawDraggingGameObjFunc@@YAHHHABUKUiDraggedObject@@H@Z 00402240 f   MouseHover.obj
 0001:00001270       ??0KMouseOver@@QAE@XZ      00402270 f   MouseHover.obj
 0001:00001320       ?IsMoseHoverWndObj@KMouseOver@@QAEHPAXH@Z 00402320 f   MouseHover.obj
 0001:00001350       ?CancelMouseHoverInfo@KMouseOver@@QAEXXZ 00402350 f   MouseHover.obj
 0001:000013c0       ?SetMouseHoverInfo@KMouseOver@@QAEXPAXHHH_N1@Z 004023c0 f   MouseHover.obj
 0001:00001430       ?SetMouseHoverImage@KMouseOver@@QAEX_N@Z 00402430 f   MouseHover.obj
 0001:00001520       ?SetMouseHoverTitle@KMouseOver@@QAEXPBDHI@Z 00402520 f   MouseHover.obj
 0001:00001590       ?SetMouseHoverProp@KMouseOver@@QAEXPBDHI@Z 00402590 f   MouseHover.obj
 0001:00001600       ?SetMouseHoverDesc@KMouseOver@@QAEXPBDHI@Z 00402600 f   MouseHover.obj
 0001:00001670       ?SetMouseHoverIcon@KMouseOver@@QAEXPBD@Z 00402670 f   MouseHover.obj
 0001:00001730       ?Update@KMouseOver@@AAEXHH@Z 00402730 f   MouseHover.obj
 0001:000018c0       ?UpdateCursorPos@KMouseOver@@QAEXHH@Z 004028c0 f   MouseHover.obj
 0001:000018f0       ?OnWndClosed@KMouseOver@@QAEXPAX@Z 004028f0 f   MouseHover.obj
 0001:00001910       ?LoadScheme@KMouseOver@@QAEXPBD@Z 00402910 f   MouseHover.obj
 0001:00001c10       ?PaintMouseHoverInfo@KMouseOver@@QAEXXZ 00402c10 f   MouseHover.obj
 0001:00002110       ?OnWndDelete@KPopupMenu@@SAXPAVKWndWindow@@@Z 00403110 f   PopupMenu.obj
 0001:00002130       ?Popup@KPopupMenu@@SAXPAUKPopupMenuData@@PAVKWndWindow@@I@Z 00403130 f   PopupMenu.obj
 0001:00002430       ?PaintMenu@KPopupMenu@@SAXXZ 00403430 f   PopupMenu.obj
 0001:00002af0       ?HandleInput@KPopupMenu@@SAHIIH@Z 00403af0 f   PopupMenu.obj
 0001:00002bd0       ?SelectItem@KPopupMenu@@CA_NH_N@Z 00403bd0 f   PopupMenu.obj
 0001:00002c60       ?SelectItem@KPopupMenu@@CA_NHH_N@Z 00403c60 f   PopupMenu.obj
 0001:00002d80       ?Cancel@KPopupMenu@@SAXXZ  00403d80 f   PopupMenu.obj
 0001:00002db0       ?InitMenuData@KPopupMenu@@SAXPAUKPopupMenuData@@H@Z 00403db0 f   PopupMenu.obj
 0001:00002e80       ?LoadTheme@KPopupMenu@@SAXPBD@Z 00403e80 f   PopupMenu.obj
 0001:000031c0       ?SetSpaceOverObjDescColor@@YAXI@Z 004041c0 f   SpaceOver.obj
 0001:000031d0       ?SetSpaceOverObjectDesc@@YAXPAXHIIHHHI_N@Z 004041d0 f   SpaceOver.obj
 0001:00003300       ??0KSpaceOver@@QAE@XZ      00404300 f   SpaceOver.obj
 0001:000033a0       ?IsSpaceOverWndObj@KSpaceOver@@QAEHPAXH@Z 004043a0 f   SpaceOver.obj
 0001:000033d0       ?CancelSpaceOverInfo@KSpaceOver@@QAEXXZ 004043d0 f   SpaceOver.obj
 0001:00003410       ?SetSpaceOverInfo@KSpaceOver@@QAEXPAXHHHI_N1@Z 00404410 f   SpaceOver.obj
 0001:00003480       ?SetSpaceOverImage@KSpaceOver@@QAEX_N@Z 00404480 f   SpaceOver.obj
 0001:00003560       ?SetSpaceOverDesc@KSpaceOver@@QAEXPBDHI@Z 00404560 f   SpaceOver.obj
 0001:000035d0       ?Update@KSpaceOver@@AAEXHH@Z 004045d0 f   SpaceOver.obj
 0001:000036e0       ?UpdateCursorPos@KSpaceOver@@QAEXHH@Z 004046e0 f   SpaceOver.obj
 0001:00003710       ?OnWndClosed@KSpaceOver@@QAEXPAX@Z 00404710 f   SpaceOver.obj
 0001:00003730       ?LoadScheme@KSpaceOver@@QAEXPBD@Z 00404730 f   SpaceOver.obj
 0001:000038f0       ?PaintSpaceOverInfo@KSpaceOver@@QAEXXZ 004048f0 f   SpaceOver.obj
 0001:00003bd0       ?OutputTabSplitText@@YAHPBDHHHPAUKOutputTextParam@@@Z 00404bd0 f   SpecialFuncs.obj
 0001:00003d50       ?SetScrPicPath@@YA_NPBD@Z  00404d50 f   SpecialFuncs.obj
 0001:00003e10       ?GetSrcPicPath@@YAPADXZ    00404e10 f   SpecialFuncs.obj
 0001:00003e30       ?GetAPrintScreenFileName@@YA_NPADH@Z 00404e30 f   SpecialFuncs.obj
 0001:00003e70       ?SaveScreenToFile@@YAXW4ScreenFileType@@I@Z 00404e70 f   SpecialFuncs.obj
 0001:00003f60       ??0KInlinePicSink@@QAE@XZ  00404f60 f   TextPic.obj
 0001:00003fb0       ?Init@KInlinePicSink@@QAEHPAUiRepresentShell@@@Z 00404fb0 f   TextPic.obj
 0001:000044a0       ?UnInit@KInlinePicSink@@QAEHXZ 004054a0 f   TextPic.obj
 0001:000044d0       ?GetPicSize@KInlinePicSink@@UAEJGAAH0@Z 004054d0 f   TextPic.obj
 0001:000045e0       ?DrawPic@KInlinePicSink@@UAEJGHH@Z 004055e0 f   TextPic.obj
 0001:000046e0       ?AddCustomInlinePic@KInlinePicSink@@UAEJAAGPBD@Z 004056e0 f   TextPic.obj
 0001:00004a70       ?RemoveCustomInlinePic@KInlinePicSink@@UAEJG@Z 00405a70 f   TextPic.obj
 0001:00004af0       ?_Destroy@?$vector@UKImageParam@@V?$allocator@UKImageParam@@@std@@@std@@IAEXPAUKImageParam@@0@Z 00405af0 f i TextPic.obj
 0001:00004b00       ?insert@?$vector@UKUiImageRef@@V?$allocator@UKUiImageRef@@@std@@@std@@QAEXPAUKUiImageRef@@IABU3@@Z 00405b00 f i TextPic.obj
 0001:00004e20       ?size@?$vector@UKImageParam@@V?$allocator@UKImageParam@@@std@@@std@@QBEIXZ 00405e20 f i TextPic.obj
 0001:00004e50       ?_Ucopy@?$vector@UKImageParam@@V?$allocator@UKImageParam@@@std@@@std@@IAEPAUKImageParam@@PBU3@0PAU3@@Z 00405e50 f i TextPic.obj
 0001:00004ea0       ?_Ufill@?$vector@UKImageParam@@V?$allocator@UKImageParam@@@std@@@std@@IAEXPAUKImageParam@@IABU3@@Z 00405ea0 f i TextPic.obj
 0001:00004ef0       ?_Construct@std@@YAXPAUKImageParam@@ABU2@@Z 00405ef0 f i TextPic.obj
 0001:00004f20       ??0KUiCursor@@QAE@XZ       00405f20 f   UiCursor.obj
 0001:00004f50       ?Cleanup@KUiCursor@@QAEXXZ 00405f50 f   UiCursor.obj
 0001:00004f80       ??1KUiCursor@@QAE@XZ       00405f80 f   UiCursor.obj
 0001:00004f90       ?SetPosition@KUiCursor@@QAEXHH@Z 00405f90 f   UiCursor.obj
 0001:00004fb0       ?GetPosition@KUiCursor@@QAEXAAH0@Z 00405fb0 f   UiCursor.obj
 0001:00004fd0       ?KUiLoadCursor@@YAHPBDAAPAUHICON__@@@Z 00405fd0 f   UiCursor.obj
 0001:000051c0       ?SetImage@KUiCursor@@QAEXHPBD@Z 004061c0 f   UiCursor.obj
 0001:00005200       ?SwitchImage@KUiCursor@@QAEHH@Z 00406200 f   UiCursor.obj
 0001:00005240       ?RestoreCursor@KUiCursor@@QAEXXZ 00406240 f   UiCursor.obj
 0001:00005250       ?Paint@KUiCursor@@QAEXXZ   00406250 f   UiCursor.obj
 0001:00005260       ?Show@KUiCursor@@QAEXH@Z   00406260 f   UiCursor.obj
 0001:00005270       ?IR_GetCurrentTime@@YAIXZ  00406270 f   UiImage.obj
 0001:00005280       ?IR_UpdateTime@@YAXXZ      00406280 f   UiImage.obj
 0001:00005290       ?IR_InitUiImageRef@@YAXAAUKUiImageRef@@@Z 00406290 f   UiImage.obj
 0001:000052b0       ?IR_InitUiImagePartRef@@YAXAAUKUiImagePartRef@@@Z 004062b0 f   UiImage.obj
 0001:000052d0       ?IR_IsTimePassed@@YAHIAAI@Z 004062d0 f   UiImage.obj
 0001:00005300       ?IR_GetRemainTime@@YAIII@Z 00406300 f   UiImage.obj
 0001:00005320       ?IR_NextFrame@@YAHAAUKUiImageRef@@@Z 00406320 f   UiImage.obj
 0001:00005400       ?IR_UpdateImagePart@@YAXAAUKUiImagePartRef@@HH@Z 00406400 f   UiImage.obj
 0001:000055d0       ?IR_DrawImage@@YAXPAUKUiImageRef@@@Z 004065d0 f   UiImage.obj
 0001:000055f0       ?IR_DrawImagePart@@YAXPAUKUiImagePartRef@@@Z 004065f0 f   UiImage.obj
 0001:00005610       ?IR_GetSpritePixcelAlpha@@YAHAAUKUiImageRef@@HH@Z 00406610 f   UiImage.obj
 0001:00005650       ?IR_GetReferenceSpot@@YAXAAUKUiImageRef@@AAH1@Z 00406650 f   UiImage.obj
 0001:000056b0       ?IR_GetCurFrame@@YAHAAUKUiImageRef@@@Z 004066b0 f   UiImage.obj
 0001:000056d0       ?IR_GetNumFrames@@YAHAAUKUiImageRef@@@Z 004066d0 f   UiImage.obj
 0001:00005760       ?SetAllButtonTipTextColor@KWndButton@@SAXI@Z 00406760 f   WndButton.obj
 0001:00005770       ?EnableAllButtonTip@KWndButton@@SAXH@Z 00406770 f   WndButton.obj
 0001:00005790       ??0KWndButton@@QAE@XZ      00406790 f   WndButton.obj
 0001:000057e0       ?UpdateData@KWndWindow@@UAEXXZ 004067e0 f i WndButton.obj
 0001:000057f0       ?CloseWindow@KWndWindow@@UAEH_N@Z 004067f0 f i WndButton.obj
 0001:00005800       ?Breathe@KWndWindow@@EAEXXZ 00406800 f i WndButton.obj
 0001:00005810       ?GetShortKey@KWndButton@@UAEPBDXZ 00406810 f i WndButton.obj
 0001:00005820       ?OnButtonClick@KWndButton@@UAEXXZ 00406820 f i WndButton.obj
 0001:00005830       ??_GKWndButton@@UAEPAXI@Z  00406830 f i WndButton.obj
 0001:00005830       ??_EKWndButton@@UAEPAXI@Z  00406830 f i WndButton.obj
 0001:00005850       ??1KWndButton@@UAE@XZ      00406850 f i WndButton.obj
 0001:00005860       ?Clone@KWndButton@@QAEXPAV1@@Z 00406860 f   WndButton.obj
 0001:00005900       ?Init@KWndButton@@UAEHPAVKIniFile@@PBD@Z 00406900 f   WndButton.obj
 0001:00005b00       ?IsButtonChecked@KWndButton@@QAEHXZ 00406b00 f   WndButton.obj
 0001:00005b10       ?CheckButton@KWndButton@@QAEXH@Z 00406b10 f   WndButton.obj
 0001:00005b50       ?IsButtonActive@KWndButton@@QAEHXZ 00406b50 f   WndButton.obj
 0001:00005b60       ?WndProc@KWndButton@@UAEHIIH@Z 00406b60 f   WndButton.obj
 0001:00005e10       ?GetToolTipInfo@KWndButton@@UAEHPADH@Z 00406e10 f   WndButton.obj
 0001:00005ec0       ?SetToolTipInfo@KWndButton@@QAEHPADH@Z 00406ec0 f   WndButton.obj
 0001:00005f30       ?PaintWindow@KWndButton@@UAEXXZ 00406f30 f   WndButton.obj
 0001:00005f70       ?OnLBtnDown@KWndButton@@AAEX_N@Z 00406f70 f   WndButton.obj
 0001:00006060       ?OnLBtnUp@KWndButton@@AAEXXZ 00407060 f   WndButton.obj
 0001:000060c0       ?OnLBtnDownMove@KWndButton@@AAEXXZ 004070c0 f   WndButton.obj
 0001:000060f0       ?Enable@KWndButton@@UAEXH@Z 004070f0 f   WndButton.obj
 0001:00006160       ??0KWndImageTextButton@@QAE@XZ 00407160 f   WndButton.obj
 0001:000061e0       ??_GKWndImageTextButton@@UAEPAXI@Z 004071e0 f i WndButton.obj
 0001:000061e0       ??_EKWndImageTextButton@@UAEPAXI@Z 004071e0 f i WndButton.obj
 0001:00006200       ??1KWndMovingImage@@UAE@XZ 00407200 f i WndButton.obj
 0001:00006210       ??1KWndImagePart@@UAE@XZ   00407210 f i WndButton.obj
 0001:00006220       ??1KWndImageTextButton@@UAE@XZ 00407220 f i WndButton.obj
 0001:00006290       ?Init@KWndImageTextButton@@UAEHPAVKIniFile@@PBD@Z 00407290 f   WndButton.obj
 0001:00006390       ?Set2IntText@KWndImageTextButton@@QAEXHHD@Z 00407390 f   WndButton.obj
 0001:000063b0       ?SetIntText@KWndImageTextButton@@QAEXHD@Z 004073b0 f   WndButton.obj
 0001:000063d0       ?SetWorldRankText@KWndImageTextButton@@QAEXHD@Z 004073d0 f   WndButton.obj
 0001:000063f0       ?SetText@KWndImageTextButton@@QAEXPBDH@Z 004073f0 f   WndButton.obj
 0001:00006410       ?GetText@KWndImageTextButton@@QAEHPADH@Z 00407410 f   WndButton.obj
 0001:00006430       ?Set2IntValue@KWndImageTextButton@@QAEXHH@Z 00407430 f   WndButton.obj
 0001:00006460       ??0KWndChessPanel@@AAE@XZ  00407460 f   WndChessPanel.obj
 0001:00006480       ??_EKWndChessPanel@@EAEPAXI@Z 00407480 f i WndChessPanel.obj
 0001:00006480       ??_GKWndChessPanel@@EAEPAXI@Z 00407480 f i WndChessPanel.obj
 0001:000064a0       ??1KWndChessPanel@@EAE@XZ  004074a0 f   WndChessPanel.obj
 0001:000064b0       ?OpenWindow@KWndChessPanel@@SAPAV1@_N@Z 004074b0 f   WndChessPanel.obj
 0001:00006570       ?CloseWindow@KWndChessPanel@@SAX_N@Z 00407570 f   WndChessPanel.obj
 0001:000065b0       ?Clear@KWndChessPanel@@SAXXZ 004075b0 f   WndChessPanel.obj
 0001:000065c0       ?GetIfVisible@KWndChessPanel@@SAPAV1@XZ 004075c0 f   WndChessPanel.obj
 0001:000065e0       ?PaintWindow@KWndChessPanel@@UAEXXZ 004075e0 f   WndChessPanel.obj
 0001:00006700       ?PtInWindow@KWndChessPanel@@UAEHHH@Z 00407700 f   WndChessPanel.obj
 0001:00006710       ?WndProc@KWndChessPanel@@UAEHIIH@Z 00407710 f   WndChessPanel.obj
 0001:00006720       ?Initialize@KWndChessPanel@@AAEXXZ 00407720 f   WndChessPanel.obj
 0001:00006730       ?Init@KWndChessPanel@@UAEHPAVKIniFile@@PBD@Z 00407730 f   WndChessPanel.obj
 0001:00006780       ??0KWndEdit@@QAE@XZ        00407780 f   WndEdit.obj
 0001:000067c0       ??_GKWndEdit@@UAEPAXI@Z    004077c0 f i WndEdit.obj
 0001:000067c0       ??_EKWndEdit@@UAEPAXI@Z    004077c0 f i WndEdit.obj
 0001:000067e0       ??1KWndEdit@@UAE@XZ        004077e0 f   WndEdit.obj
 0001:000067f0       ?Clone@KWndEdit@@QAEXPAV1@@Z 004077f0 f   WndEdit.obj
 0001:00006840       ?Init@KWndEdit@@UAEHPAVKIniFile@@PBD@Z 00407840 f   WndEdit.obj
 0001:00006a80       ?Enable@KWndEdit@@UAEXH@Z  00407a80 f   WndEdit.obj
 0001:00006ac0       ?WndProc@KWndEdit@@UAEHIIH@Z 00407ac0 f   WndEdit.obj
 0001:00006d10       ?SetColor@KWndEdit@@QAEXI@Z 00407d10 f   WndEdit.obj
 0001:00006d20       ?InsertString@KWndEdit@@QAEHPBDH@Z 00407d20 f   WndEdit.obj
 0001:00006de0       ?Copy@KWndEdit@@AAEHXZ     00407de0 f   WndEdit.obj
 0001:00006e60       ?Paste@KWndEdit@@AAEHXZ    00407e60 f   WndEdit.obj
 0001:00006ea0       ?OnKeyDown@KWndEdit@@IAEHHH@Z 00407ea0 f   WndEdit.obj
 0001:000072d0       ?InsertChar@KWndEdit@@QAEHH@Z 004082d0 f   WndEdit.obj
 0001:00007380       ?InsertChar@KWndEdit@@IAEHDD@Z 00408380 f   WndEdit.obj
 0001:00007430       ?UpdateData@KWndEdit@@EAEXXZ 00408430 f   WndEdit.obj
 0001:00007450       ?FmtForShow@KWndEdit@@AAEXXZ 00408450 f   WndEdit.obj
 0001:00007610       ?SplitStringLine@@YAHPADHH@Z 00408610 f   WndEdit.obj
 0001:00007670       ?PaintWindow@KWndEdit@@UAEXXZ 00408670 f   WndEdit.obj
 0001:00007990       ?SetTextPtr@KWndEdit@@IAEXPADH@Z 00408990 f   WndEdit.obj
 0001:000079c0       ?SetText@KWndEdit@@QAEXPBD@Z 004089c0 f   WndEdit.obj
 0001:00007a30       ?ClearText@KWndEdit@@QAEX_N@Z 00408a30 f   WndEdit.obj
 0001:00007a80       ?SetIntText@KWndEdit@@QAEXH@Z 00408a80 f   WndEdit.obj
 0001:00007ac0       ?GetIntNumber@KWndEdit@@QAEHXZ 00408ac0 f   WndEdit.obj
 0001:00007ae0       ?GetTextString@KWndEdit@@QAEPADXZ 00408ae0 f   WndEdit.obj
 0001:00007af0       ?GetText@KWndEdit@@QAEHPADH_N@Z 00408af0 f   WndEdit.obj
 0001:00007b70       ?GetCaretPosition@KWndEdit@@QAEXPAH0@Z 00408b70 f   WndEdit.obj
 0001:00007bb0       ??0KWndEdit06@@QAE@XZ      00408bb0 f   WndEdit.obj
 0001:00007be0       ??_EKWndEdit06@@UAEPAXI@Z  00408be0 f i WndEdit.obj
 0001:00007be0       ??_GKWndEdit06@@UAEPAXI@Z  00408be0 f i WndEdit.obj
 0001:00007c00       ??1KWndEdit06@@UAE@XZ      00408c00 f i WndEdit.obj
 0001:00007c10       ??0KWndEdit32@@QAE@XZ      00408c10 f   WndEdit.obj
 0001:00007c40       ??_GKWndEdit32@@UAEPAXI@Z  00408c40 f i WndEdit.obj
 0001:00007c40       ??_EKWndEdit32@@UAEPAXI@Z  00408c40 f i WndEdit.obj
 0001:00007c60       ??1KWndEdit32@@UAE@XZ      00408c60 f i WndEdit.obj
 0001:00007c70       ??0KWndEdit80@@QAE@XZ      00408c70 f   WndEdit.obj
 0001:00007ca0       ??_EKWndEdit80@@UAEPAXI@Z  00408ca0 f i WndEdit.obj
 0001:00007ca0       ??_GKWndEdit80@@UAEPAXI@Z  00408ca0 f i WndEdit.obj
 0001:00007cc0       ??1KWndEdit80@@UAE@XZ      00408cc0 f i WndEdit.obj
 0001:00007cd0       ??0KWndEdit128@@QAE@XZ     00408cd0 f   WndEdit.obj
 0001:00007d00       ??_GKWndEdit128@@UAEPAXI@Z 00408d00 f i WndEdit.obj
 0001:00007d00       ??_EKWndEdit128@@UAEPAXI@Z 00408d00 f i WndEdit.obj
 0001:00007d20       ??1KWndEdit128@@UAE@XZ     00408d20 f i WndEdit.obj
 0001:00007d30       ??0KWndEdit512@@QAE@XZ     00408d30 f   WndEdit.obj
 0001:00007d60       ??_EKWndEdit512@@UAEPAXI@Z 00408d60 f i WndEdit.obj
 0001:00007d60       ??_GKWndEdit512@@UAEPAXI@Z 00408d60 f i WndEdit.obj
 0001:00007d80       ??1KWndEdit512@@UAE@XZ     00408d80 f i WndEdit.obj
 0001:00007d90       ??0KWndImage@@QAE@XZ       00408d90 f   WndImage.obj
 0001:00007de0       ??_EKWndImage@@UAEPAXI@Z   00408de0 f i WndImage.obj
 0001:00007de0       ??_GKWndImage@@UAEPAXI@Z   00408de0 f i WndImage.obj
 0001:00007e00       ??1KWndImage@@UAE@XZ       00408e00 f i WndImage.obj
 0001:00007e10       ?Clone@KWndImage@@QAEXPAV1@@Z 00408e10 f   WndImage.obj
 0001:00007e40       ?Init@KWndImage@@UAEHPAVKIniFile@@PBD@Z 00408e40 f   WndImage.obj
 0001:00007fb0       ?PtInWindow@KWndImage@@UAEHHH@Z 00408fb0 f   WndImage.obj
 0001:00008030       ?SetFrame@KWndImage@@QAEXH@Z 00409030 f   WndImage.obj
 0001:00008040       ?SetImage@KWndImage@@QAEXFPBD_N@Z 00409040 f   WndImage.obj
 0001:000080d0       ?UpdateTimer@KWndImage@@QAEXXZ 004090d0 f   WndImage.obj
 0001:000080e0       ?NextFrame@KWndImage@@QAEHXZ 004090e0 f   WndImage.obj
 0001:000080f0       ?PaintWindow@KWndImage@@UAEXXZ 004090f0 f   WndImage.obj
 0001:00008130       ?GetCurFrame@KWndImage@@QAEHXZ 00409130 f   WndImage.obj
 0001:00008140       ?GetNumFrames@KWndImage@@QAEHXZ 00409140 f   WndImage.obj
 0001:00008150       ?GetMaxFrame@KCanGetNumImage@@QAEHXZ 00409150 f   WndImage.obj
 0001:00008160       ?GetCurrentFrame@KCanGetNumImage@@QAEHXZ 00409160 f   WndImage.obj
 0001:00008170       ??0KWndImage2@@QAE@XZ      00409170 f   WndImage2.obj
 0001:000081e0       ??_GKWndImage2@@UAEPAXI@Z  004091e0 f i WndImage2.obj
 0001:000081e0       ??_EKWndImage2@@UAEPAXI@Z  004091e0 f i WndImage2.obj
 0001:00008200       ??1KWndImage2@@UAE@XZ      00409200 f i WndImage2.obj
 0001:00008210       ?Clone@KWndImage2@@QAEXPAV1@@Z 00409210 f   WndImage2.obj
 0001:00008290       ?Init@KWndImage2@@UAEHPAVKIniFile@@PBD@Z 00409290 f   WndImage2.obj
 0001:00008410       ?WndProc@KWndImage2@@UAEHIIH@Z 00409410 f   WndImage2.obj
 0001:000084c0       ?PtInWindow@KWndImage2@@UAEHHH@Z 004094c0 f   WndImage2.obj
 0001:00008540       ?SetFrame@KWndImage2@@QAEXH@Z 00409540 f   WndImage2.obj
 0001:00008550       ?SetImage@KWndImage2@@QAEXFPBD_N@Z 00409550 f   WndImage2.obj
 0001:000085f0       ?UpdateTimer@KWndImage2@@QAEXXZ 004095f0 f   WndImage2.obj
 0001:00008600       ?NextFrame@KWndImage2@@QAEHXZ 00409600 f   WndImage2.obj
 0001:00008610       ?PaintWindow@KWndImage2@@UAEXXZ 00409610 f   WndImage2.obj
 0001:00008650       ?GetCurFrame@KWndImage2@@QAEHXZ 00409650 f   WndImage2.obj
 0001:00008660       ?GetNumFrames@KWndImage2@@QAEHXZ 00409660 f   WndImage2.obj
 0001:00008670       ?SetToolTipInfo@KWndImage2@@QAEHPADH@Z 00409670 f   WndImage2.obj
 0001:000086e0       ?SetData@KWndImage2@@QAEXHH@Z 004096e0 f   WndImage2.obj
 0001:00008700       ??0KWndImagePart@@QAE@XZ   00409700 f   WndImagePart.obj
 0001:00008750       ??_GKWndImagePart@@UAEPAXI@Z 00409750 f i WndImagePart.obj
 0001:00008750       ??_EKWndImagePart@@UAEPAXI@Z 00409750 f i WndImagePart.obj
 0001:00008770       ?Clone@KWndImagePart@@IAEXPAV1@@Z 00409770 f   WndImagePart.obj
 0001:000087b0       ?Init@KWndImagePart@@UAEHPAVKIniFile@@PBD@Z 004097b0 f   WndImagePart.obj
 0001:00008870       ?PaintWindow@KWndImagePart@@UAEXXZ 00409870 f   WndImagePart.obj
 0001:000088b0       ?SetPart@KWndImagePart@@QAEXHH@Z 004098b0 f   WndImagePart.obj
 0001:000088d0       ??0KWndLabeledButton@@QAE@XZ 004098d0 f   WndLabeledButton.obj
 0001:00008910       ??_GKWndLabeledButton@@UAEPAXI@Z 00409910 f i WndLabeledButton.obj
 0001:00008910       ??_EKWndLabeledButton@@UAEPAXI@Z 00409910 f i WndLabeledButton.obj
 0001:00008930       ??1KWndLabeledButton@@UAE@XZ 00409930 f i WndLabeledButton.obj
 0001:00008940       ?Clone@KWndLabeledButton@@QAEXPAV1@@Z 00409940 f   WndLabeledButton.obj
 0001:00008a10       ?Init@KWndLabeledButton@@UAEHPAVKIniFile@@PBD@Z 00409a10 f   WndLabeledButton.obj
 0001:00008c60       ?SetLabel@KWndLabeledButton@@QAEXPBD@Z 00409c60 f   WndLabeledButton.obj
 0001:00008cc0       ?GetLabel@KWndLabeledButton@@QAEHPADH@Z 00409cc0 f   WndLabeledButton.obj
 0001:00008d10       ?SetLabelColor@KWndLabeledButton@@QAEXI@Z 00409d10 f   WndLabeledButton.obj
 0001:00008d20       ?PaintWindow@KWndLabeledButton@@UAEXXZ 00409d20 f   WndLabeledButton.obj
 0001:00008e20       ?Init@KWndRichLabeledButton@@UAEHPAVKIniFile@@PBD@Z 00409e20 f   WndLabeledButton.obj
 0001:00008e90       ?SetLabel@KWndRichLabeledButton@@QAEXPBDH@Z 00409e90 f   WndLabeledButton.obj
 0001:00008eb0       ?SetMoneyLabel@KWndRichLabeledButton@@QAEXK@Z 00409eb0 f   WndLabeledButton.obj
 0001:00008f40       ?SetLabelColor@KWndRichLabeledButton@@QAEXI@Z 00409f40 f   WndLabeledButton.obj
 0001:00008f60       ?GetLabel@KWndRichLabeledButton@@QAEHPAD@Z 00409f60 f   WndLabeledButton.obj
 0001:00008f80       ?PaintWindow@KWndRichLabeledButton@@UAEXXZ 00409f80 f   WndLabeledButton.obj
 0001:00008fb0       ??0KWndList@@QAE@XZ        00409fb0 f   WndList.obj
 0001:00009040       ??_EKWndList@@UAEPAXI@Z    0040a040 f i WndList.obj
 0001:00009040       ??_GKWndList@@UAEPAXI@Z    0040a040 f i WndList.obj
 0001:00009060       ?Clone@KWndList@@IAEXPAV1@@Z 0040a060 f   WndList.obj
 0001:00009140       ??1KWndList@@UAE@XZ        0040a140 f   WndList.obj
 0001:000091a0       ?SetScrollbar@KWndList@@QAEXPAVKWndScrollBar@@@Z 0040a1a0 f   WndList.obj
 0001:00009200       ?Init@KWndList@@UAEHPAVKIniFile@@PBD@Z 0040a200 f   WndList.obj
 0001:00009490       ?EnableMultiSel@KWndList@@QAEXH@Z 0040a490 f   WndList.obj
 0001:00009560       ?SetCustomColorOffset@KWndList@@QAEXH@Z 0040a560 f   WndList.obj
 0001:00009580       ?WndProc@KWndList@@UAEHIIH@Z 0040a580 f   WndList.obj
 0001:000096a0       ?GetIemIndexAtPoint@KWndList@@AAEHHH@Z 0040a6a0 f   WndList.obj
 0001:00009730       ?OnLButtonDown@KWndList@@AAEXHH@Z 0040a730 f   WndList.obj
 0001:000097d0       ?IsItemSel@KWndList@@QAEHH@Z 0040a7d0 f   WndList.obj
 0001:00009840       ?OnRButtonDown@KWndList@@AAEXHH@Z 0040a840 f   WndList.obj
 0001:00009870       ?OnLButtonDClick@KWndList@@AAEXHH@Z 0040a870 f   WndList.obj
 0001:000098a0       ?SetCurSel@KWndList@@QAEHH@Z 0040a8a0 f   WndList.obj
 0001:00009950       ?UpdateData@KWndList@@EAEXXZ 0040a950 f   WndList.obj
 0001:000099a0       ?OnMouseMove@KWndList@@AAEXHH@Z 0040a9a0 f   WndList.obj
 0001:000099e0       ?PaintWindow@KWndList@@UAEXXZ 0040a9e0 f   WndList.obj
 0001:00009f20       ?SetContent@KWndList@@QAEXPAEHHH@Z 0040af20 f   WndList.obj
 0001:0000a000       ?FindString@KWndList@@QAEHHPBD@Z 0040b000 f   WndList.obj
 0001:0000a080       ?GetItemDataInt@KWndList@@QAEHHH@Z 0040b080 f   WndList.obj
 0001:0000a0c0       ?GetString@KWndList@@QAEXHPAD@Z 0040b0c0 f   WndList.obj
 0001:0000a110       ?GetStrignLen@KWndList@@QAEHH@Z 0040b110 f   WndList.obj
 0001:0000a150       ?SetTopItemIndex@KWndList@@QAEXH@Z 0040b150 f   WndList.obj
 0001:0000a170       ?GetVisibleItemCount@KWndList@@QBEHXZ 0040b170 f   WndList.obj
 0001:0000a190       ?SetImage@KWndList@@QAEXPBDFF@Z 0040b190 f   WndList.obj
 0001:0000a1f0       ??0KWndList2@@QAE@XZ       0040b1f0 f   WndList2.obj
 0001:0000a250       ??_EKWndList2@@UAEPAXI@Z   0040b250 f i WndList2.obj
 0001:0000a250       ??_GKWndList2@@UAEPAXI@Z   0040b250 f i WndList2.obj
 0001:0000a270       ??1KWndList2@@UAE@XZ       0040b270 f   WndList2.obj
 0001:0000a2c0       ?Clone@KWndList2@@IAEXPAV1@@Z 0040b2c0 f   WndList2.obj
 0001:0000a310       ?Init@KWndList2@@UAEHPAVKIniFile@@PBD@Z 0040b310 f   WndList2.obj
 0001:0000a5a0       ?SetScrollbar@KWndList2@@QAEXPAVKWndScrollBar@@@Z 0040b5a0 f   WndList2.obj
 0001:0000a5f0       ?WndProc@KWndList2@@UAEHIIH@Z 0040b5f0 f   WndList2.obj
 0001:0000a690       ?SetCurSel@KWndList2@@QAEHH@Z 0040b690 f   WndList2.obj
 0001:0000a710       ?IsItemSel@KWndList2@@QAEHH@Z 0040b710 f   WndList2.obj
 0001:0000a730       ?OnLButtonDown@KWndList2@@AAEXHH@Z 0040b730 f   WndList2.obj
 0001:0000a780       ?OnMouseMove@KWndList2@@AAEXHH@Z 0040b780 f   WndList2.obj
 0001:0000a7d0       ?AddString@KWndList2@@QAEHHPBD00_N@Z 0040b7d0 f   WndList2.obj
 0001:0000a9c0       ?DeleteString@KWndList2@@QAEHH@Z 0040b9c0 f   WndList2.obj
 0001:0000aac0       ?ResetContent@KWndList2@@QAEXXZ 0040bac0 f   WndList2.obj
 0001:0000ab70       ?PaintWindow@KWndList2@@UAEXXZ 0040bb70 f   WndList2.obj
 0001:0000adc0       ?FindString@KWndList2@@QAEHHPBD@Z 0040bdc0 f   WndList2.obj
 0001:0000ae40       ?SetItemData@KWndList2@@QAEHHH@Z 0040be40 f   WndList2.obj
 0001:0000ae70       ?GetItemData@KWndList2@@QAEHH@Z 0040be70 f   WndList2.obj
 0001:0000ae90       ?GetString@KWndList2@@QAEHHPADI@Z 0040be90 f   WndList2.obj
 0001:0000aef0       ?SetTopItemIndex@KWndList2@@QAEXH@Z 0040bef0 f   WndList2.obj
 0001:0000af10       ?GetVisibleLineCount@KWndList2@@QBEHXZ 0040bf10 f   WndList2.obj
 0001:0000af20       ??0KWndListFilterItem@@QAE@XZ 0040bf20 f   WndListFilterItem.obj
 0001:0000af60       ??_GKWndListFilterItem@@UAEPAXI@Z 0040bf60 f i WndListFilterItem.obj
 0001:0000af60       ??_EKWndListFilterItem@@UAEPAXI@Z 0040bf60 f i WndListFilterItem.obj
 0001:0000af80       ??1KWndListFilterItem@@UAE@XZ 0040bf80 f   WndListFilterItem.obj
 0001:0000afd0       ?Clone@KWndListFilterItem@@IAEXPAV1@@Z 0040bfd0 f   WndListFilterItem.obj
 0001:0000b010       ?Init@KWndListFilterItem@@UAEHPAVKIniFile@@PBD@Z 0040c010 f   WndListFilterItem.obj
 0001:0000b190       ?SetScrollbar@KWndListFilterItem@@QAEXPAVKWndScrollBar@@@Z 0040c190 f   WndListFilterItem.obj
 0001:0000b1e0       ?WndProc@KWndListFilterItem@@UAEHIIH@Z 0040c1e0 f   WndListFilterItem.obj
 0001:0000b280       ?SetCurSel@KWndListFilterItem@@QAEHH@Z 0040c280 f   WndListFilterItem.obj
 0001:0000b300       ?OnLButtonDown@KWndListFilterItem@@AAEXHH@Z 0040c300 f   WndListFilterItem.obj
 0001:0000b350       ?OnMouseMove@KWndListFilterItem@@AAEXHH@Z 0040c350 f   WndListFilterItem.obj
 0001:0000b3a0       ?AddString@KWndListFilterItem@@QAEHHPBDHHH@Z 0040c3a0 f   WndListFilterItem.obj
 0001:0000b530       ?DeleteString@KWndListFilterItem@@QAEHH@Z 0040c530 f   WndListFilterItem.obj
 0001:0000b620       ?ResetContent@KWndListFilterItem@@QAEXXZ 0040c620 f   WndListFilterItem.obj
 0001:0000b6c0       ?PaintWindow@KWndListFilterItem@@UAEXXZ 0040c6c0 f   WndListFilterItem.obj
 0001:0000b7f0       ?FindOptionIndex@KWndListFilterItem@@QAEHH@Z 0040c7f0 f   WndListFilterItem.obj
 0001:0000b820       ?SetItemValue@KWndListFilterItem@@QAEHHH@Z 0040c820 f   WndListFilterItem.obj
 0001:0000b850       ?GetItemValue@KWndListFilterItem@@QAEHH@Z 0040c850 f   WndListFilterItem.obj
 0001:0000b870       ?GetItemOption@KWndListFilterItem@@QAEHH@Z 0040c870 f   WndListFilterItem.obj
 0001:0000b890       ?GetString@KWndListFilterItem@@QAEHHPADI@Z 0040c890 f   WndListFilterItem.obj
 0001:0000b900       ?SetTopItemIndex@KWndListFilterItem@@QAEXH@Z 0040c900 f   WndListFilterItem.obj
 0001:0000b920       ?GetVisibleLineCount@KWndListFilterItem@@QBEHXZ 0040c920 f   WndListFilterItem.obj
 0001:0000b930       ??0KWndListPoint@@QAE@XZ   0040c930 f   WndListPoint.obj
 0001:0000b970       ??_EKWndListPoint@@UAEPAXI@Z 0040c970 f i WndListPoint.obj
 0001:0000b970       ??_GKWndListPoint@@UAEPAXI@Z 0040c970 f i WndListPoint.obj
 0001:0000b990       ??1KWndListPoint@@UAE@XZ   0040c990 f   WndListPoint.obj
 0001:0000b9e0       ?Clone@KWndListPoint@@IAEXPAV1@@Z 0040c9e0 f   WndListPoint.obj
 0001:0000ba20       ?Init@KWndListPoint@@UAEHPAVKIniFile@@PBD@Z 0040ca20 f   WndListPoint.obj
 0001:0000bba0       ?SetScrollbar@KWndListPoint@@QAEXPAVKWndScrollBar@@@Z 0040cba0 f   WndListPoint.obj
 0001:0000bbf0       ?WndProc@KWndListPoint@@UAEHIIH@Z 0040cbf0 f   WndListPoint.obj
 0001:0000bc90       ?SetCurSel@KWndListPoint@@QAEHH@Z 0040cc90 f   WndListPoint.obj
 0001:0000bd10       ?OnLButtonDown@KWndListPoint@@AAEXHH@Z 0040cd10 f   WndListPoint.obj
 0001:0000bd60       ?OnMouseMove@KWndListPoint@@AAEXHH@Z 0040cd60 f   WndListPoint.obj
 0001:0000bdb0       ?AddValue@KWndListPoint@@QAEHHHHH@Z 0040cdb0 f   WndListPoint.obj
 0001:0000bf00       ?DeleteString@KWndListPoint@@QAEHH@Z 0040cf00 f   WndListPoint.obj
 0001:0000bff0       ?ResetContent@KWndListPoint@@QAEXXZ 0040cff0 f   WndListPoint.obj
 0001:0000c090       ?PaintWindow@KWndListPoint@@UAEXXZ 0040d090 f   WndListPoint.obj
 0001:0000c180       ?FindString@KWndListPoint@@QAEHHPBD@Z 0040d180 f   WndListPoint.obj
 0001:0000c190       ?SetItemValue1@KWndListPoint@@QAEHHH@Z 0040d190 f   WndListPoint.obj
 0001:0000c1c0       ?GetItemValue1@KWndListPoint@@QAEHH@Z 0040d1c0 f   WndListPoint.obj
 0001:0000c1e0       ?SetItemValue2@KWndListPoint@@QAEHHH@Z 0040d1e0 f   WndListPoint.obj
 0001:0000c210       ?GetItemValue2@KWndListPoint@@QAEHH@Z 0040d210 f   WndListPoint.obj
 0001:0000c230       ?GetString@KWndListPoint@@QAEHHPAD0I@Z 0040d230 f   WndListPoint.obj
 0001:0000c240       ?SetTopItemIndex@KWndListPoint@@QAEXH@Z 0040d240 f   WndListPoint.obj
 0001:0000c260       ?GetVisibleLineCount@KWndListPoint@@QBEHXZ 0040d260 f   WndListPoint.obj
 0001:0000c270       ??0KWndMessageListBox@@QAE@XZ 0040d270 f   WndMessageListBox.obj
 0001:0000c2d0       ??_EKWndMessageListBox@@UAEPAXI@Z 0040d2d0 f i WndMessageListBox.obj
 0001:0000c2d0       ??_GKWndMessageListBox@@UAEPAXI@Z 0040d2d0 f i WndMessageListBox.obj
 0001:0000c2f0       ??1KWndMessageListBox@@UAE@XZ 0040d2f0 f   WndMessageListBox.obj
 0001:0000c350       ?SetCapability@KWndMessageListBox@@QAEHH@Z 0040d350 f   WndMessageListBox.obj
 0001:0000c490       ?SetScrollbar@KWndMessageListBox@@QAEXPAVKWndScrollBar@@@Z 0040d490 f   WndMessageListBox.obj
 0001:0000c4b0       ?AddOneMessage@KWndMessageListBox@@QAEHPBDH00HHHI@Z 0040d4b0 f   WndMessageListBox.obj
 0001:0000c700       ?RemoveAMessage@KWndMessageListBox@@QAEXH@Z 0040d700 f   WndMessageListBox.obj
 0001:0000c7e0       ?Clear@KWndMessageListBox@@QAEXXZ 0040d7e0 f   WndMessageListBox.obj
 0001:0000c820       ?Clone@KWndMessageListBox@@QAEXPAV1@@Z 0040d820 f   WndMessageListBox.obj
 0001:0000c8a0       ?Init@KWndMessageListBox@@UAEHPAVKIniFile@@PBD@Z 0040d8a0 f   WndMessageListBox.obj
 0001:0000cc10       ?SetSize@KWndMessageListBox@@UAEXHH@Z 0040dc10 f   WndMessageListBox.obj
 0001:0000cd50       ?SetFontSize@KWndMessageListBox@@QAEXH@Z 0040dd50 f   WndMessageListBox.obj
 0001:0000cd80       ?UpdateData@KWndMessageListBox@@EAEXXZ 0040dd80 f   WndMessageListBox.obj
 0001:0000cdf0       ?GetFirstShowLine@KWndMessageListBox@@QAEHXZ 0040ddf0 f   WndMessageListBox.obj
 0001:0000ce20       ?SetFirstShowLine@KWndMessageListBox@@QAEXH@Z 0040de20 f   WndMessageListBox.obj
 0001:0000cee0       ?GetItemLineCount@KWndMessageListBox@@QAEHH@Z 0040dee0 f   WndMessageListBox.obj
 0001:0000cf10       ?PaintWindow@KWndMessageListBox@@EAEXXZ 0040df10 f   WndMessageListBox.obj
 0001:0000d2a0       ?WndProc@KWndMessageListBox@@EAEHIIH@Z 0040e2a0 f   WndMessageListBox.obj
 0001:0000d3b0       ?GetMsgAtPoint@KWndMessageListBox@@AAEHHH@Z 0040e3b0 f   WndMessageListBox.obj
 0001:0000d420       ?HitTextAtPoint@KWndMessageListBox@@QAEHHH@Z 0040e420 f   WndMessageListBox.obj
 0001:0000d4e0       ?OnLButtonDown@KWndMessageListBox@@AAEXHH@Z 0040e4e0 f   WndMessageListBox.obj
 0001:0000d520       ?OnLButtonDClick@KWndMessageListBox@@AAEXHH@Z 0040e520 f   WndMessageListBox.obj
 0001:0000d550       ?SetCurSel@KWndMessageListBox@@QAEHH@Z 0040e550 f   WndMessageListBox.obj
 0001:0000d590       ?OnMouseMove@KWndMessageListBox@@AAEXHH@Z 0040e590 f   WndMessageListBox.obj
 0001:0000d5d0       ?GetOneMessage@KWndMessageListBox@@QAEHHPADH_N@Z 0040e5d0 f   WndMessageListBox.obj
 0001:0000d650       ?SplitData@KWndMessageListBox@@QAEIXZ 0040e650 f   WndMessageListBox.obj
 0001:0000d700       ?BindData@KWndMessageListBox@@QAEII@Z 0040e700 f   WndMessageListBox.obj
 0001:0000d830       ?FreeData@KWndMessageListBox@@SAXI@Z 0040e830 f   WndMessageListBox.obj
 0001:0000d860       ?GetOffsetTextHeight@KWndMessageListBox@@AAEIXZ 0040e860 f   WndMessageListBox.obj
 0001:0000d880       ?PtInWindow@KWndMessageListBox@@UAEHHH@Z 0040e880 f   WndMessageListBox.obj
 0001:0000d8c0       ?ClearHideLine@KWndMessageListBox@@QAEXXZ 0040e8c0 f   WndMessageListBox.obj
 0001:0000d8d0       ?HideNextLine@KWndMessageListBox@@QAEXXZ 0040e8d0 f   WndMessageListBox.obj
 0001:0000d940       ?HideAllLine@KWndMessageListBox@@QAEXXZ 0040e940 f   WndMessageListBox.obj
 0001:0000d950       ?GetMinHeight@KWndMessageListBox@@QAEHXZ 0040e950 f   WndMessageListBox.obj
 0001:0000d970       ?UpdateChatItem@KWndMessageListBox@@QAEXXZ 0040e970 f   WndMessageListBox.obj
 0001:0000d9c0       ??0KScrollMessageListBox@@QAE@XZ 0040e9c0 f   WndMessageListBox.obj
 0001:0000da60       ??1KWndScrollBar@@UAE@XZ   0040ea60 f i WndMessageListBox.obj
 0001:0000dab0       ??_EKScrollMessageListBox@@UAEPAXI@Z 0040eab0 f i WndMessageListBox.obj
 0001:0000dab0       ??_GKScrollMessageListBox@@UAEPAXI@Z 0040eab0 f i WndMessageListBox.obj
 0001:0000dad0       ??1KScrollMessageListBox@@UAE@XZ 0040ead0 f i WndMessageListBox.obj
 0001:0000db50       ?Init@KScrollMessageListBox@@UAEHPAVKIniFile@@PBD@Z 0040eb50 f   WndMessageListBox.obj
 0001:0000dc80       ?WndProc@KScrollMessageListBox@@UAEHIIH@Z 0040ec80 f   WndMessageListBox.obj
 0001:0000ddb0       ?InitMinMaxLineCount@KScrollMessageListBox@@IAEXHH@Z 0040edb0 f   WndMessageListBox.obj
 0001:0000ddf0       ?HeightToLineHeight@KScrollMessageListBox@@QAEHH@Z 0040edf0 f   WndMessageListBox.obj
 0001:0000de10       ?WidthToCharWidth@KScrollMessageListBox@@QAEHH@Z 0040ee10 f   WndMessageListBox.obj
 0001:0000de30       ?GetMinHeight@KScrollMessageListBox@@QAEHXZ 0040ee30 f   WndMessageListBox.obj
 0001:0000de70       ?MsgListBox_LoadContent@@YA_NPAVKWndMessageListBox@@PAVKIniFile@@PBD@Z 0040ee70 f   WndMessageListBox.obj
 0001:0000df90       ??0KWndMovingImage@@QAE@XZ 0040ef90 f   WndMovingImage.obj
 0001:0000dfc0       ??_EKWndMovingImage@@UAEPAXI@Z 0040efc0 f i WndMovingImage.obj
 0001:0000dfc0       ??_GKWndMovingImage@@UAEPAXI@Z 0040efc0 f i WndMovingImage.obj
 0001:0000dfe0       ?Clone@KWndMovingImage@@IAEXPAV1@@Z 0040efe0 f   WndMovingImage.obj
 0001:0000e040       ?Init@KWndMovingImage@@UAEHPAVKIniFile@@PBD@Z 0040f040 f   WndMovingImage.obj
 0001:0000e0d0       ?SetMoveValue@KWndMovingImage@@QAEXHH@Z 0040f0d0 f   WndMovingImage.obj
 0001:0000e150       ?WndObjContainerInit@@YAXPAVKIniFile@@@Z 0040f150 f   WndObjContainer.obj
 0001:0000e300       ??0KWndObjectBox@@QAE@XZ   0040f300 f   WndObjContainer.obj
 0001:0000e340       ??_EKWndObjectBox@@UAEPAXI@Z 0040f340 f i WndObjContainer.obj
 0001:0000e340       ??_GKWndObjectBox@@UAEPAXI@Z 0040f340 f i WndObjContainer.obj
 0001:0000e360       ??1KWndObjectBox@@UAE@XZ   0040f360 f i WndObjContainer.obj
 0001:0000e370       ?SetContainerId@KWndObjectBox@@QAEXH@Z 0040f370 f   WndObjContainer.obj
 0001:0000e380       ?SetObjectGenre@KWndObjectBox@@QAEXI@Z 0040f380 f   WndObjContainer.obj
 0001:0000e390       ?Clear@KWndObjectBox@@QAEXXZ 0040f390 f   WndObjContainer.obj
 0001:0000e3a0       ?GetObjectA@KWndObjectBox@@QBEHAAUKUiDraggedObject@@@Z 0040f3a0 f   WndObjContainer.obj
 0001:0000e3d0       ?HoldObject@KWndObjectBox@@QAEXIIHH@Z 0040f3d0 f   WndObjContainer.obj
 0001:0000e450       ?PaintWindow@KWndObjectBox@@MAEXXZ 0040f450 f   WndObjContainer.obj
 0001:0000e6a0       ?Clone@KWndObjectBox@@QAEXPAV1@@Z 0040f6a0 f   WndObjContainer.obj
 0001:0000e6c0       ?Init@KWndObjectBox@@UAEHPAVKIniFile@@PBD@Z 0040f6c0 f   WndObjContainer.obj
 0001:0000e750       ?EnablePickPut@KWndObjectBox@@QAEX_N@Z 0040f750 f   WndObjContainer.obj
 0001:0000e770       ?WndProc@KWndObjectBox@@MAEHIIH@Z 0040f770 f   WndObjContainer.obj
 0001:0000ec50       ?DropObject@KWndObjectBox@@IAEH_N@Z 0040fc50 f   WndObjContainer.obj
 0001:0000ed10       ??0KWndObjectMatrix@@QAE@XZ 0040fd10 f   WndObjContainer.obj
 0001:0000ed60       ??_EKWndObjectMatrix@@UAEPAXI@Z 0040fd60 f i WndObjContainer.obj
 0001:0000ed60       ??_GKWndObjectMatrix@@UAEPAXI@Z 0040fd60 f i WndObjContainer.obj
 0001:0000ed80       ?SetContainerId@KWndObjectMatrix@@QAEXH@Z 0040fd80 f   WndObjContainer.obj
 0001:0000ed90       ??1KWndObjectMatrix@@UAE@XZ 0040fd90 f   WndObjContainer.obj
 0001:0000ede0       ?Clone@KWndObjectMatrix@@IAEXPAV1@@Z 0040fde0 f   WndObjContainer.obj
 0001:0000ee10       ?Init@KWndObjectMatrix@@UAEHPAVKIniFile@@PBD@Z 0040fe10 f   WndObjContainer.obj
 0001:0000ef30       ?PaintWindow@KWndObjectMatrix@@EAEXXZ 0040ff30 f   WndObjContainer.obj
 0001:0000f300       ?AddObject@KWndObjectMatrix@@QAEHPAUKUiDraggedObject@@H@Z 00410300 f   WndObjContainer.obj
 0001:0000f3d0       ?RemoveObject@KWndObjectMatrix@@QAEHPAUKUiDraggedObject@@@Z 004103d0 f   WndObjContainer.obj
 0001:0000f470       ?GetObjectA@KWndObjectMatrix@@QBEHAAUKUiDraggedObject@@HH@Z 00410470 f   WndObjContainer.obj
 0001:0000f4c0       ?Clear@KWndObjectMatrix@@QAEXXZ 004104c0 f   WndObjContainer.obj
 0001:0000f4f0       ?WndProc@KWndObjectMatrix@@EAEHIIH@Z 004104f0 f   WndObjContainer.obj
 0001:0000fa90       ?GetObjectAt@KWndObjectMatrix@@AAEHHH@Z 00410a90 f   WndObjContainer.obj
 0001:0000fb00       ?PickUpObjectAt@KWndObjectMatrix@@AAEHHH@Z 00410b00 f   WndObjContainer.obj
 0001:0000fb60       ?DropObject@KWndObjectMatrix@@AAEHHH_N@Z 00410b60 f   WndObjContainer.obj
 0001:0000fdd0       ?TryDropObjAtPos@KWndObjectMatrix@@AAEHABUtagRECT@@AAPAUKUiDraggedObject@@@Z 00410dd0 f   WndObjContainer.obj
 0001:0000fe50       ?DropObject@KWndObjectMatrix@@AAEXHHPAUKUiDraggedObject@@@Z 00410e50 f   WndObjContainer.obj
 0001:0000fec0       ?EnableTracePutPos@KWndObjectMatrix@@QAEX_N@Z 00410ec0 f   WndObjContainer.obj
 0001:0000fee0       ?EnablePickPut@KWndObjectMatrix@@QAEX_N@Z 00410ee0 f   WndObjContainer.obj
 0001:0000ff00       ?WndProc@KWndPage@@UAEHIIH@Z 00410f00 f   WndPage.obj
 0001:0000ff60       ??0KWndPageSet@@QAE@XZ     00410f60 f   WndPage.obj
 0001:0000ff90       ??_GKWndPageSet@@UAEPAXI@Z 00410f90 f i WndPage.obj
 0001:0000ff90       ??_EKWndPageSet@@UAEPAXI@Z 00410f90 f i WndPage.obj
 0001:0000ffb0       ??1KWndPageSet@@UAE@XZ     00410fb0 f   WndPage.obj
 0001:0000fff0       ?WndProc@KWndPageSet@@UAEHIIH@Z 00410ff0 f   WndPage.obj
 0001:00010020       ?AddPage@KWndPageSet@@QAE_NPAVKWndPage@@PAVKWndButton@@@Z 00411020 f   WndPage.obj
 0001:000100e0       ?ActivePage@KWndPageSet@@QAE_NH@Z 004110e0 f   WndPage.obj
 0001:000101a0       ?OnPageBtnClick@KWndPageSet@@AAEXPAVKWndWindow@@@Z 004111a0 f   WndPage.obj
 0001:00010220       ?GetActivePage@KWndPageSet@@QAEPAVKWndPage@@XZ 00411220 f   WndPage.obj
 0001:00010240       ??0KWndPureTextBtn@@QAE@XZ 00411240 f   WndPureTextBtn.obj
 0001:000102a0       ??_EKWndPureTextBtn@@UAEPAXI@Z 004112a0 f i WndPureTextBtn.obj
 0001:000102a0       ??_GKWndPureTextBtn@@UAEPAXI@Z 004112a0 f i WndPureTextBtn.obj
 0001:000102c0       ??1KWndPureTextBtn@@UAE@XZ 004112c0 f i WndPureTextBtn.obj
 0001:000102d0       ?Clone@KWndPureTextBtn@@QAEXPAV1@@Z 004112d0 f   WndPureTextBtn.obj
 0001:00010340       ?Init@KWndPureTextBtn@@UAEHPAVKIniFile@@PBD@Z 00411340 f   WndPureTextBtn.obj
 0001:000104f0       ?AdjustPosition@KWndPureTextBtn@@AAEXXZ 004114f0 f   WndPureTextBtn.obj
 0001:00010540       ?PaintWindow@KWndPureTextBtn@@UAEXXZ 00411540 f   WndPureTextBtn.obj
 0001:00010620       ?SetText@KWndPureTextBtn@@QAEXPBDH@Z 00411620 f   WndPureTextBtn.obj
 0001:00010680       ?SetColor@KWndPureTextBtn@@QAEXIIIIII@Z 00411680 f   WndPureTextBtn.obj
 0001:000106c0       ?CheckButton@KWndPureTextBtn@@QAEXH@Z 004116c0 f   WndPureTextBtn.obj
 0001:000106e0       ?WndProc@KWndPureTextBtn@@UAEHIIH@Z 004116e0 f   WndPureTextBtn.obj
 0001:000107e0       ?GenChatItem@KWndPureTextBtn@@AAEXPAD@Z 004117e0 f   WndPureTextBtn.obj
 0001:00010c30       ??0KWndStation@@QAE@XZ     00411c30 f i Wnds.obj
 0001:00010d30       ??1KWndStation@@QAE@XZ     00411d30 f i Wnds.obj
 0001:00010da0       ?Wnd_Cleanup@@YAXXZ        00411da0 f   Wnds.obj
 0001:00010df0       ?Wnd_RenderWindows@@YAXXZ  00411df0 f   Wnds.obj
 0001:00010ec0       ?Wnd_Heartbeat@@YAXXZ      00411ec0 f   Wnds.obj
 0001:00010ef0       ?Wnd_AddWindow@@YAXPAVKWndWindow@@W4WND_LAYER_LIST@@@Z 00411ef0 f   Wnds.obj
 0001:00010f30       ?Wnd_SetGameSpaceWnd@@YAXPAVKWndWindow@@@Z 00411f30 f   Wnds.obj
 0001:00010f40       ?Wnd_GameSpaceHandleInput@@YAX_N@Z 00411f40 f   Wnds.obj
 0001:00010f50       ?Wnd_ShowHideGameSpace@@YAX_N@Z 00411f50 f   Wnds.obj
 0001:00010f60       ?Wnd_OnWindowDelete@@YAXPAVKWndWindow@@@Z 00411f60 f   Wnds.obj
 0001:00011000       ?Wnd_DragBegin@@YAHPBUKUiDraggedObject@@P6AHHHABU1@H@Z@Z 00412000 f   Wnds.obj
 0001:00011040       ?Wnd_GetDragObj@@YAHPAUKUiDraggedObject@@@Z 00412040 f   Wnds.obj
 0001:00011080       ?Wnd_DragFinished@@YAXXZ   00412080 f   Wnds.obj
 0001:00011090       ?Wnd_ProcessInput@@YAXIIH@Z 00412090 f   Wnds.obj
 0001:000114f0       ?Wnd_TransmitInputToGameSpace@@YAXIIH@Z 004124f0 f   Wnds.obj
 0001:00011590       ?Wnd_ShowCursor@@YAXH@Z    00412590 f   Wnds.obj
 0001:000115a0       ?Wnd_SetCursorPos@@YAXHH@Z 004125a0 f   Wnds.obj
 0001:000115f0       ?Wnd_GetCursorPos@@YAXPAH0@Z 004125f0 f   Wnds.obj
 0001:00011630       ?Wnd_GetFocusWnd@@YAPAVKWndWindow@@XZ 00412630 f   Wnds.obj
 0001:00011640       ?Wnd_SetFocusWnd@@YAXPAVKWndWindow@@@Z 00412640 f   Wnds.obj
 0001:00011690       ?Wnd_SetCapture@@YAXPAVKWndWindow@@@Z 00412690 f   Wnds.obj
 0001:000116b0       ?Wnd_ReleaseCapture@@YAXXZ 004126b0 f   Wnds.obj
 0001:000116e0       ?Wnd_SetExclusive@@YAXPAVKWndWindow@@@Z 004126e0 f   Wnds.obj
 0001:00011770       ?Wnd_ReleaseExclusive@@YAXPAVKWndWindow@@@Z 00412770 f   Wnds.obj
 0001:000117c0       ?Wnd_LoadCursor@@YAXHPBD@Z 004127c0 f   Wnds.obj
 0001:000117e0       ?Wnd_SwitchCursor@@YAHH@Z  004127e0 f   Wnds.obj
 0001:000117f0       ?Wnd_SetScreenSize@@YAXHH@Z 004127f0 f   Wnds.obj
 0001:00011810       ?Wnd_GetScreenSize@@YAXAAH0@Z 00412810 f   Wnds.obj
 0001:00011830       ?Wnd_RestoreCursor@@YAXXZ  00412830 f   Wnds.obj
 0001:00011840       ??0KWndScrollBar@@QAE@XZ   00412840 f   WndScrollBar.obj
 0001:000118d0       ??_EKWndScrollBar@@UAEPAXI@Z 004128d0 f i WndScrollBar.obj
 0001:000118d0       ??_GKWndScrollBar@@UAEPAXI@Z 004128d0 f i WndScrollBar.obj
 0001:000118f0       ?Clone@KWndScrollBar@@QAEXPAV1@@Z 004128f0 f   WndScrollBar.obj
 0001:00011990       ?Init@KWndScrollBar@@UAEHPAVKIniFile@@PBD@Z 00412990 f   WndScrollBar.obj
 0001:00011b10       ?SetSize@KWndScrollBar@@UAEXHH@Z 00412b10 f   WndScrollBar.obj
 0001:00011b70       ?WndProc@KWndScrollBar@@UAEHIIH@Z 00412b70 f   WndScrollBar.obj
 0001:00011c80       ?PaintWindow@KWndScrollBar@@UAEXXZ 00412c80 f   WndScrollBar.obj
 0001:00011d10       ?SetValueRange@KWndScrollBar@@QAEXHH@Z 00412d10 f   WndScrollBar.obj
 0001:00011d40       ?SetScrollPos@KWndScrollBar@@QAEXH@Z 00412d40 f   WndScrollBar.obj
 0001:00011da0       ?SetSlideBtnPos@KWndScrollBar@@AAEXXZ 00412da0 f   WndScrollBar.obj
 0001:00011e60       ?OnLButtonDown@KWndScrollBar@@AAEXHH@Z 00412e60 f   WndScrollBar.obj
 0001:00011f40       ?ScrollLine@KWndScrollBar@@QAEH_N@Z 00412f40 f   WndScrollBar.obj
 0001:00011f70       ?ScrollPage@KWndScrollBar@@QAEH_N@Z 00412f70 f   WndScrollBar.obj
 0001:00011fa0       ?OnSlideBtnPressed@KWndScrollBar@@AAEXXZ 00412fa0 f   WndScrollBar.obj
 0001:00011fc0       ?OnDraggingSlide@KWndScrollBar@@AAEXHH@Z 00412fc0 f   WndScrollBar.obj
 0001:00012040       ?GetMinHeight@KWndScrollBar@@QAEHXZ 00413040 f   WndScrollBar.obj
 0001:00012080       ?SetParentWnd@KWndScrollBar@@QAEXPAVKWndWindow@@@Z 00413080 f   WndScrollBar.obj
 0001:00012090       ?Clone@KWndShadow@@QAEXPAV1@@Z 00413090 f   WndShadow.obj
 0001:000120b0       ?Init@KWndShadow@@UAEHPAVKIniFile@@PBD@Z 004130b0 f   WndShadow.obj
 0001:00012170       ?PaintWindow@KWndShadow@@MAEXXZ 00413170 f   WndShadow.obj
 0001:000121d0       ?PtInWindow@KWndShadow@@UAEHHH@Z 004131d0 f   WndShadow.obj
 0001:000121e0       ?SetColor@KWndShadow@@QAEXI@Z 004131e0 f   WndShadow.obj
 0001:000121f0       ??0KWndShowAnimate@@QAE@XZ 004131f0 f   WndShowAnimate.obj
 0001:00012210       ??_EKWndShowAnimate@@UAEPAXI@Z 00413210 f i WndShowAnimate.obj
 0001:00012210       ??_GKWndShowAnimate@@UAEPAXI@Z 00413210 f i WndShowAnimate.obj
 0001:00012230       ??1KWndShowAnimate@@UAE@XZ 00413230 f i WndShowAnimate.obj
 0001:00012240       ?Clone@KWndShowAnimate@@QAEXPAV1@@Z 00413240 f   WndShowAnimate.obj
 0001:00012290       ?Init@KWndShowAnimate@@UAEHPAVKIniFile@@PBD@Z 00413290 f   WndShowAnimate.obj
 0001:00012330       ?Show@KWndShowAnimate@@UAEXXZ 00413330 f   WndShowAnimate.obj
 0001:000123e0       ?Hide@KWndShowAnimate@@UAEXXZ 004133e0 f   WndShowAnimate.obj
 0001:00012470       ?SetMoveSpeed@KWndShowAnimate@@SAXHH@Z 00413470 f   WndShowAnimate.obj
 0001:000124b0       ?SetInterval@KWndShowAnimate@@SAXI@Z 004134b0 f   WndShowAnimate.obj
 0001:000124d0       ?ShowCompleted@KWndShowAnimate@@UAEXXZ 004134d0 f   WndShowAnimate.obj
 0001:000124e0       ?PaintWindow@KWndShowAnimate@@MAEXXZ 004134e0 f   WndShowAnimate.obj
 0001:000125c0       ??0KWndText@@QAE@XZ        004135c0 f   WndText.obj
 0001:000125f0       ??_GKWndText@@UAEPAXI@Z    004135f0 f i WndText.obj
 0001:000125f0       ??_EKWndText@@UAEPAXI@Z    004135f0 f i WndText.obj
 0001:00012610       ??1KWndText@@UAE@XZ        00413610 f i WndText.obj
 0001:00012620       ?SetText@KWndText@@QAEXPBDH@Z 00413620 f   WndText.obj
 0001:000126f0       ?GetText@KWndText@@QAEHPADH@Z 004136f0 f   WndText.obj
 0001:00012730       ?SetTopLine@KWndText@@QAEHH@Z 00413730 f   WndText.obj
 0001:00012750       ?SetTextPtr@KWndText@@IAEXPADH@Z 00413750 f   WndText.obj
 0001:00012770       ?Clone@KWndText@@QAEXPAV1@@Z 00413770 f   WndText.obj
 0001:000127a0       ?Init@KWndText@@UAEHPAVKIniFile@@PBD@Z 004137a0 f   WndText.obj
 0001:000129a0       ?PaintWindow@KWndText@@UAEXXZ 004139a0 f   WndText.obj
 0001:00012ae0       ?SetTextColor@KWndText@@QAEXI@Z 00413ae0 f   WndText.obj
 0001:00012af0       ?SetIntText@KWndText@@QAEXHD@Z 00413af0 f   WndText.obj
 0001:00012b50       ?Set2IntText@KWndText@@QAEXHHD@Z 00413b50 f   WndText.obj
 0001:00012ba0       ?SetCharText@KWndText@@QAEXDD@Z 00413ba0 f   WndText.obj
 0001:00012c10       ?SetByteText@KWndText@@QAEXED@Z 00413c10 f   WndText.obj
 0001:00012c80       ?SetShortText@KWndText@@QAEXFD@Z 00413c80 f   WndText.obj
 0001:00012cf0       ?Set2ShortText@KWndText@@QAEXFFD@Z 00413cf0 f   WndText.obj
 0001:00012d40       ?SetMoneyText@KWndText@@QAEXHD@Z 00413d40 f   WndText.obj
 0001:00012e10       ?SetJbCoinText@KWndText@@QAEXHD@Z 00413e10 f   WndText.obj
 0001:00012ed0       ?SetWorldRankText@KWndText@@QAEXHD@Z 00413ed0 f   WndText.obj
 0001:00012f70       ?SetTransLifeText@KWndText@@QAEXDD@Z 00413f70 f   WndText.obj
 0001:00012ff0       ?Set2UIntText@KWndText@@QAEXIID@Z 00413ff0 f   WndText.obj
 0001:00013040       ?SetStackText@KWndText@@QAEXHD@Z 00414040 f   WndText.obj
 0001:000130b0       ?SetDefText@KWndText@@QAEXH_N@Z 004140b0 f   WndText.obj
 0001:00013140       ?Set2IntTextPlus@KWndText@@QAEXHHD@Z 00414140 f   WndText.obj
 0001:000131f0       ?Set3IntText@KWndText@@QAEXHHHDD@Z 004141f0 f   WndText.obj
 0001:00013240       ??0KWndText32@@QAE@XZ      00414240 f   WndText.obj
 0001:00013270       ??_GKWndText32@@UAEPAXI@Z  00414270 f i WndText.obj
 0001:00013270       ??_EKWndText32@@UAEPAXI@Z  00414270 f i WndText.obj
 0001:00013290       ??1KWndText32@@UAE@XZ      00414290 f i WndText.obj
 0001:000132a0       ??0KWndText80@@QAE@XZ      004142a0 f   WndText.obj
 0001:000132d0       ??_EKWndText80@@UAEPAXI@Z  004142d0 f i WndText.obj
 0001:000132d0       ??_GKWndText80@@UAEPAXI@Z  004142d0 f i WndText.obj
 0001:000132f0       ??1KWndText80@@UAE@XZ      004142f0 f i WndText.obj
 0001:00013300       ??0KWndText128@@QAE@XZ     00414300 f   WndText.obj
 0001:00013330       ??_EKWndText128@@UAEPAXI@Z 00414330 f i WndText.obj
 0001:00013330       ??_GKWndText128@@UAEPAXI@Z 00414330 f i WndText.obj
 0001:00013350       ??1KWndText128@@UAE@XZ     00414350 f i WndText.obj
 0001:00013360       ??0KWndText256@@QAE@XZ     00414360 f   WndText.obj
 0001:00013390       ??_GKWndText256@@UAEPAXI@Z 00414390 f i WndText.obj
 0001:00013390       ??_EKWndText256@@UAEPAXI@Z 00414390 f i WndText.obj
 0001:000133b0       ??1KWndText256@@UAE@XZ     004143b0 f i WndText.obj
 0001:000133c0       ??0KWndText512@@QAE@XZ     004143c0 f   WndText.obj
 0001:000133f0       ??_EKWndText512@@UAEPAXI@Z 004143f0 f i WndText.obj
 0001:000133f0       ??_GKWndText512@@UAEPAXI@Z 004143f0 f i WndText.obj
 0001:00013410       ??1KWndText512@@UAE@XZ     00414410 f i WndText.obj
 0001:00013420       ??0KWndToolBar@@QAE@XZ     00414420 f   WndToolBar.obj
 0001:00013440       ??_GKWndToolBar@@UAEPAXI@Z 00414440 f i WndToolBar.obj
 0001:00013440       ??_EKWndToolBar@@UAEPAXI@Z 00414440 f i WndToolBar.obj
 0001:00013460       ??1KWndToolBar@@UAE@XZ     00414460 f   WndToolBar.obj
 0001:000134b0       ?Clone@KWndToolBar@@QAEXPAV1@@Z 004144b0 f   WndToolBar.obj
 0001:000134f0       ?Init@KWndToolBar@@UAEHPAVKIniFile@@PBD@Z 004144f0 f   WndToolBar.obj
 0001:00013580       ?WndProc@KWndToolBar@@UAEHIIH@Z 00414580 f   WndToolBar.obj
 0001:000135c0       ?PaintWindow@KWndToolBar@@UAEXXZ 004145c0 f   WndToolBar.obj
 0001:000135d0       ?AddOneWindow@KWndToolBar@@IAEXPAVKIniFile@@PBD@Z 004145d0 f   WndToolBar.obj
 0001:000136d0       ?FreeAllWindow@KWndToolBar@@IAEXXZ 004146d0 f   WndToolBar.obj
 0001:00013740       ?UpdateData@KWndToolBar@@UAEXXZ 00414740 f   WndToolBar.obj
 0001:00013780       ??0KWndValueImage@@QAE@XZ  00414780 f   WndValueImage.obj
 0001:000137b0       ??_EKWndValueImage@@UAEPAXI@Z 004147b0 f i WndValueImage.obj
 0001:000137b0       ??_GKWndValueImage@@UAEPAXI@Z 004147b0 f i WndValueImage.obj
 0001:000137d0       ??1KWndValueImage@@UAE@XZ  004147d0 f i WndValueImage.obj
 0001:000137e0       ?Clone@KWndValueImage@@QAEXPAV1@@Z 004147e0 f   WndValueImage.obj
 0001:00013820       ?Init@KWndValueImage@@UAEHPAVKIniFile@@PBD@Z 00414820 f   WndValueImage.obj
 0001:000138a0       ?SetValue@KWndValueImage@@QAEXHH@Z 004148a0 f   WndValueImage.obj
 0001:000138f0       ??0KWndWindow@@QAE@XZ      004148f0 f   WndWindow.obj
 0001:00013930       ??_GKWndWindow@@UAEPAXI@Z  00414930 f i WndWindow.obj
 0001:00013930       ??_EKWndWindow@@UAEPAXI@Z  00414930 f i WndWindow.obj
 0001:00013950       ??1KWndWindow@@UAE@XZ      00414950 f   WndWindow.obj
 0001:00013980       ?BringToTop@KWndWindow@@QAEXXZ 00414980 f   WndWindow.obj
 0001:000139e0       ?GetPosition@KWndWindow@@QAEXPAH0@Z 004149e0 f   WndWindow.obj
 0001:00013a00       ?SetPosition@KWndWindow@@QAEXHH@Z 00414a00 f   WndWindow.obj
 0001:00013a30       ?GetAbsolutePos@KWndWindow@@QAEXPAH0@Z 00414a30 f   WndWindow.obj
 0001:00013a50       ?GetSize@KWndWindow@@QAEXPAH0@Z 00414a50 f   WndWindow.obj
 0001:00013a70       ?SetSize@KWndWindow@@UAEXHH@Z 00414a70 f   WndWindow.obj
 0001:00013b70       ?AbsoluteMove@KWndWindow@@AAEXHH@Z 00414b70 f   WndWindow.obj
 0001:00013bb0       ?Show@KWndWindow@@UAEXXZ   00414bb0 f   WndWindow.obj
 0001:00013bc0       ?Hide@KWndWindow@@UAEXXZ   00414bc0 f   WndWindow.obj
 0001:00013c10       ?IsVisible@KWndWindow@@QAEHXZ 00414c10 f   WndWindow.obj
 0001:00013c20       ?Enable@KWndWindow@@UAEXH@Z 00414c20 f   WndWindow.obj
 0001:00013c50       ?Destroy@KWndWindow@@QAEXXZ 00414c50 f   WndWindow.obj
 0001:00013c60       ?Clone@KWndWindow@@IAEXPAV1@@Z 00414c60 f   WndWindow.obj
 0001:00013c90       ?Init@KWndWindow@@UAEHPAVKIniFile@@PBD@Z 00414c90 f   WndWindow.obj
 0001:00013e60       ?PtInWindow@KWndWindow@@UAEHHH@Z 00414e60 f   WndWindow.obj
 0001:00013ee0       ?Paint@KWndWindow@@QAEXXZ  00414ee0 f   WndWindow.obj
 0001:00013f10       ?LetMeBreathe@KWndWindow@@QAEXXZ 00414f10 f   WndWindow.obj
 0001:00013f50       ?AddChild@KWndWindow@@QAEXPAV1@@Z 00414f50 f   WndWindow.obj
 0001:00013fc0       ?AddBrother@KWndWindow@@QAEXPAV1@@Z 00414fc0 f   WndWindow.obj
 0001:00014030       ?LeaveAlone@KWndWindow@@QAEXXZ 00415030 f   WndWindow.obj
 0001:00014060       ?SplitSmaleFamily@KWndWindow@@QAEXXZ 00415060 f   WndWindow.obj
 0001:000140b0       ?WndProc@KWndWindow@@UAEHIIH@Z 004150b0 f   WndWindow.obj
 0001:00014180       ?OnLBtnDown@KWndWindow@@AAEXHH@Z 00415180 f   WndWindow.obj
 0001:000141b0       ?OnMoveWnd@KWndWindow@@AAEXXZ 004151b0 f   WndWindow.obj
 0001:00014240       ?TopChildFromPoint@KWndWindow@@UAEPAV1@HH@Z 00415240 f   WndWindow.obj
 0001:000142b0       ?GetOwner@KWndWindow@@QAEPAV1@XZ 004152b0 f   WndWindow.obj
 0001:000142d0       ?PaintDebugInfo@KWndWindow@@QAEXXZ 004152d0 f   WndWindow.obj
 0001:00014400       ?PaintWindow@KWndWindow@@UAEXXZ 00415400 f   WndWindow.obj
 0001:00014550       ?GetColor@@YAIPBD@Z        00415550 f   WndWindow.obj
 0001:00014680       ?GetColorString@@YAPBDI@Z  00415680 f   WndWindow.obj
 0001:000146c0       ?SetCursorAbove@KWndWindow@@QAEXXZ 004156c0 f   WndWindow.obj
 0001:000146f0       ?GetAllChildLayoutRect@KWndWindow@@QAEXPAUtagRECT@@@Z 004156f0 f   WndWindow.obj
 0001:000147f0       ??0KUiConnectInfo@@AAE@XZ  004157f0 f   UiConnectInfo.obj
 0001:000148c0       ??_GKUiConnectInfo@@EAEPAXI@Z 004158c0 f i UiConnectInfo.obj
 0001:000148c0       ??_EKUiConnectInfo@@EAEPAXI@Z 004158c0 f i UiConnectInfo.obj
 0001:000148e0       ??1KUiConnectInfo@@EAE@XZ  004158e0 f i UiConnectInfo.obj
 0001:00014980       ?OpenWindow@KUiConnectInfo@@SAPAV1@W4LOGIN_BG_INFO_MSG_INDEX@@HH@Z 00415980 f   UiConnectInfo.obj
 0001:00014a50       ?CloseWindow@KUiConnectInfo@@SAX_N@Z 00415a50 f   UiConnectInfo.obj
 0001:00014a90       ?Initialize@KUiConnectInfo@@AAEXXZ 00415a90 f   UiConnectInfo.obj
 0001:00014ad0       ?LoadScheme@KUiConnectInfo@@AAEXPBD@Z 00415ad0 f   UiConnectInfo.obj
 0001:00014d70       ?OnClickConfirmBtn@KUiConnectInfo@@AAEXXZ 00415d70 f   UiConnectInfo.obj
 0001:00014e50       ?WndProc@KUiConnectInfo@@EAEHIIH@Z 00415e50 f   UiConnectInfo.obj
 0001:00014f20       ?OnDelRole@KUiConnectInfo@@AAE_NXZ 00415f20 f   UiConnectInfo.obj
 0001:00014fe0       ?OnCancelDelRole@KUiConnectInfo@@AAEXXZ 00415fe0 f   UiConnectInfo.obj
 0001:00015000       ?SetInfoMsg@KUiConnectInfo@@AAEXW4LOGIN_BG_INFO_MSG_INDEX@@@Z 00416000 f   UiConnectInfo.obj
 0001:00015160       ?GotoNextStep@KUiConnectInfo@@AAEXXZ 00416160 f   UiConnectInfo.obj
 0001:000151f0       ?Breathe@KUiConnectInfo@@EAEXXZ 004161f0 f   UiConnectInfo.obj
 0001:000153d0       ?PaintWindow@KUiConnectInfo@@EAEXXZ 004163d0 f   UiConnectInfo.obj
 0001:000156f0       ??0KUiLogin@@AAE@XZ        004166f0 f   UiLogin.obj
 0001:000157b0       ??_EKUiLogin@@EAEPAXI@Z    004167b0 f i UiLogin.obj
 0001:000157b0       ??_GKUiLogin@@EAEPAXI@Z    004167b0 f i UiLogin.obj
 0001:000157d0       ??1KUiLogin@@EAE@XZ        004167d0 f   UiLogin.obj
 0001:00015890       ?OpenWindow@KUiLogin@@SAPAV1@XZ 00416890 f   UiLogin.obj
 0001:00015930       ?CloseWindow@KUiLogin@@SAX_N@Z 00416930 f   UiLogin.obj
 0001:00015990       ?Show@KUiLogin@@EAEXXZ     00416990 f   UiLogin.obj
 0001:00015a30       ?Initialize@KUiLogin@@AAEXXZ 00416a30 f   UiLogin.obj
 0001:00015ac0       ?LoadScheme@KUiLogin@@AAEXPBD@Z 00416ac0 f   UiLogin.obj
 0001:00015c20       ?WndProc@KUiLogin@@EAEHIIH@Z 00416c20 f   UiLogin.obj
 0001:00015f70       ?OnEnableAutoLogin@KUiLogin@@AAEXXZ 00416f70 f   UiLogin.obj
 0001:00015fe0       ?OnKeyDown@KUiLogin@@AAEXI@Z 00416fe0 f   UiLogin.obj
 0001:00016220       ?OnLogin@KUiLogin@@AAEXXZ  00417220 f   UiLogin.obj
 0001:000162a0       ?OnCancel@KUiLogin@@AAEXXZ 004172a0 f   UiLogin.obj
 0001:000162c0       ?GetInputInfo@KUiLogin@@AAEHPAD0@Z 004172c0 f   UiLogin.obj
 0001:00016380       ?IsValidPassword@KUiLogin@@SA_NPBDH@Z 00417380 f   UiLogin.obj
 0001:00016390       ?OnFocusAccount@KUiLogin@@AAEX_N@Z 00417390 f   UiLogin.obj
 0001:000163a0       ?OpenWindow@KUiLoginBackGround@@SAPAV1@PBD@Z 004173a0 f   UiLoginBg.obj
 0001:00016470       ??_GKUiLoginBackGround@@EAEPAXI@Z 00417470 f i UiLoginBg.obj
 0001:00016470       ??_EKUiLoginBackGround@@EAEPAXI@Z 00417470 f i UiLoginBg.obj
 0001:00016490       ??1KUiLoginBackGround@@EAE@XZ 00417490 f i UiLoginBg.obj
 0001:00016500       ?CloseWindow@KUiLoginBackGround@@SAX_N@Z 00417500 f   UiLoginBg.obj
 0001:00016530       ?Initialize@KUiLoginBackGround@@AAEXXZ 00417530 f   UiLoginBg.obj
 0001:00016580       ?SetConfig@KUiLoginBackGround@@SAXPBD@Z 00417580 f   UiLoginBg.obj
 0001:000166f0       ?LoadScheme@KUiLoginBackGround@@AAEXPAVKIniFile@@@Z 004176f0 f   UiLoginBg.obj
 0001:000167e0       ?Breathe@KUiLoginBackGround@@EAEXXZ 004177e0 f   UiLoginBg.obj
 0001:00016870       ??0KUiSelServer@@AAE@XZ    00417870 f   UiSelServer.obj
 0001:00016930       ??_GKUiSelServer@@EAEPAXI@Z 00417930 f i UiSelServer.obj
 0001:00016930       ??_EKUiSelServer@@EAEPAXI@Z 00417930 f i UiSelServer.obj
 0001:00016950       ??1KUiSelServer@@EAE@XZ    00417950 f   UiSelServer.obj
 0001:00016a80       ?OpenWindow@KUiSelServer@@SAPAV1@XZ 00417a80 f   UiSelServer.obj
 0001:00016b30       ?CloseWindow@KUiSelServer@@SAX_N@Z 00417b30 f   UiSelServer.obj
 0001:00016b60       ?Initialize@KUiSelServer@@AAEXXZ 00417b60 f   UiSelServer.obj
 0001:00016c10       ?GetList@KUiSelServer@@AAEXXZ 00417c10 f   UiSelServer.obj
 0001:00016d90       ?LoadScheme@KUiSelServer@@AAEXPBD@Z 00417d90 f   UiSelServer.obj
 0001:00016f80       ?WndProc@KUiSelServer@@EAEHIIH@Z 00417f80 f   UiSelServer.obj
 0001:00017060       ?OnKeyDown@KUiSelServer@@AAEHI@Z 00418060 f   UiSelServer.obj
 0001:00017270       ?OnClickButton@KUiSelServer@@AAEXPAVKWndButton@@@Z 00418270 f   UiSelServer.obj
 0001:000172a0       ?OnSelRegion@KUiSelServer@@AAEXH@Z 004182a0 f   UiSelServer.obj
 0001:000173b0       ?OnLogin@KUiSelServer@@AAEXXZ 004183b0 f   UiSelServer.obj
 0001:00017420       ?OnCancel@KUiSelServer@@AAEXXZ 00418420 f   UiSelServer.obj
 0001:00017440       ?GetIfVisible@KUiChooseFace@@SAPAV1@XZ 00418440 f   UiChooseFace.obj
 0001:00017460       ?OpenWindow@KUiChooseFace@@SAPAV1@H@Z 00418460 f   UiChooseFace.obj
 0001:00017720       ??_EKUiChooseFace@@UAEPAXI@Z 00418720 f i UiChooseFace.obj
 0001:00017720       ??_GKUiChooseFace@@UAEPAXI@Z 00418720 f i UiChooseFace.obj
 0001:00017740       ??1KUiChooseFace@@UAE@XZ   00418740 f i UiChooseFace.obj
 0001:00017990       ?CloseWindow@KUiChooseFace@@SAXXZ 00418990 f   UiChooseFace.obj
 0001:000179c0       ?Initialize@KUiChooseFace@@AAEXXZ 004189c0 f   UiChooseFace.obj
 0001:00017bc0       ?LoadScheme@KUiChooseFace@@AAEXPBD@Z 00418bc0 f   UiChooseFace.obj
 0001:00017fb0       ?ShowWindow@KUiChooseFace@@AAEXH@Z 00418fb0 f   UiChooseFace.obj
 0001:00018400       ?WndProc@KUiChooseFace@@EAEHIIH@Z 00419400 f   UiChooseFace.obj
 0001:00018740       ?OnOK@KUiChooseFace@@AAEXXZ 00419740 f   UiChooseFace.obj
 0001:000187e0       ?PaintWindow@KUiChooseFace@@EAEXXZ 004197e0 f   UiChooseFace.obj
 0001:00018e80       ??0KUiFaceSelector@@AAE@XZ 00419e80 f   UiFaceSelector.obj
 0001:00018f30       ??_EKUiFaceSelector@@EAEPAXI@Z 00419f30 f i UiFaceSelector.obj
 0001:00018f30       ??_GKUiFaceSelector@@EAEPAXI@Z 00419f30 f i UiFaceSelector.obj
 0001:00018f50       ??1KUiFaceSelector@@EAE@XZ 00419f50 f i UiFaceSelector.obj
 0001:00018fc0       ?OpenWindow@KUiFaceSelector@@SAPAV1@PAVKWndWindow@@PAX@Z 00419fc0 f   UiFaceSelector.obj
 0001:00019080       ?CloseWindow@KUiFaceSelector@@SAX_N@Z 0041a080 f   UiFaceSelector.obj
 0001:000190b0       ?GetIfVisible@KUiFaceSelector@@SAPAV1@XZ 0041a0b0 f   UiFaceSelector.obj
 0001:000190d0       ?ConvertFaceText@KUiFaceSelector@@SAHPADPBDH@Z 0041a0d0 f   UiFaceSelector.obj
 0001:000191d0       ?ConvertFace@KUiFaceSelector@@CAHPADAAHPBDH1@Z 0041a1d0 f   UiFaceSelector.obj
 0001:00019270       ?Initialize@KUiFaceSelector@@AAEXXZ 0041a270 f   UiFaceSelector.obj
 0001:000192d0       ?LoadFaceList@KUiFaceSelector@@SAXXZ 0041a2d0 f   UiFaceSelector.obj
 0001:00019420       ?Clear@KUiFaceSelector@@SAXXZ 0041a420 f   UiFaceSelector.obj
 0001:00019460       ?OnSelFace@KUiFaceSelector@@AAEXXZ 0041a460 f   UiFaceSelector.obj
 0001:000194b0       ?WndProc@KUiFaceSelector@@EAEHIIH@Z 0041a4b0 f   UiFaceSelector.obj
 0001:000195c0       ?OnExpandWnd@KUiFaceSelector@@AAEXXZ 0041a5c0 f   UiFaceSelector.obj
 0001:00019620       ?OnUnExpandWnd@KUiFaceSelector@@AAEXXZ 0041a620 f   UiFaceSelector.obj
 0001:00019670       ?LoadScheme@KUiFaceSelector@@QAEXPBD@Z 0041a670 f   UiFaceSelector.obj
 0001:00019960       ?UpdateFaceTip@KUiFaceSelector@@AAEXHH@Z 0041a960 f   UiFaceSelector.obj
 0001:00019a10       ?PaintWindow@KUiFaceSelector@@EAEXXZ 0041aa10 f   UiFaceSelector.obj
 0001:00019d20       ?Show@KUiFaceSelector@@EAEXXZ 0041ad20 f   UiFaceSelector.obj
 0001:00019d40       ?Hide@KUiFaceSelector@@EAEXXZ 0041ad40 f   UiFaceSelector.obj
 0001:00019d60       ?GetFaceAtPos@KUiFaceSelector@@AAEHHH@Z 0041ad60 f   UiFaceSelector.obj
 0001:00019df0       ?CreateObject@GameWorld_DateTime@@SAPAVKWndWindow@@XZ 0041adf0 f i UiPlayerBar.obj
 0001:00019e50       ?GetFormatedTimeString@@YAHHPAD@Z 0041ae50 f   UiPlayerBar.obj
 0001:00019ed0       ?GetFormatedTimeString@@YAHPAUtm@@PAD@Z 0041aed0 f   UiPlayerBar.obj
 0001:00019f10       ??0GameWorld_DateTime@@QAE@XZ 0041af10 f   UiPlayerBar.obj
 0001:00019f70       ??_EGameWorld_DateTime@@UAEPAXI@Z 0041af70 f i UiPlayerBar.obj
 0001:00019f70       ??_GGameWorld_DateTime@@UAEPAXI@Z 0041af70 f i UiPlayerBar.obj
 0001:00019f90       ??1GameWorld_DateTime@@UAE@XZ 0041af90 f i UiPlayerBar.obj
 0001:00019fa0       ?OnButtonClick@GameWorld_DateTime@@EAEXXZ 0041afa0 f   UiPlayerBar.obj
 0001:00019fc0       ?Init@GameWorld_DateTime@@UAEHPAVKIniFile@@PBD@Z 0041afc0 f   UiPlayerBar.obj
 0001:0001a160       ?UpdateData@GameWorld_DateTime@@UAEXXZ 0041b160 f   UiPlayerBar.obj
 0001:0001a290       ?UpdateNetStatus@GameWorld_DateTime@@AAEXXZ 0041b290 f   UiPlayerBar.obj
 0001:0001a400       ?Init@KImmediaItem@@UAEHPAVKIniFile@@PBD@Z 0041b400 f   UiPlayerBar.obj
 0001:0001a460       ?PaintWindow@KImmediaItem@@UAEXXZ 0041b460 f   UiPlayerBar.obj
 0001:0001a560       ??0KUiPlayerBar@@AAE@XZ    0041b560 f   UiPlayerBar.obj
 0001:0001a790       ??0KImmediaItem@@QAE@XZ    0041b790 f i UiPlayerBar.obj
 0001:0001a7b0       ??_EKImmediaItem@@UAEPAXI@Z 0041b7b0 f i UiPlayerBar.obj
 0001:0001a7b0       ??_GKImmediaItem@@UAEPAXI@Z 0041b7b0 f i UiPlayerBar.obj
 0001:0001a7d0       ??1KImmediaItem@@UAE@XZ    0041b7d0 f i UiPlayerBar.obj
 0001:0001a7e0       ??_EKUiPlayerBar@@EAEPAXI@Z 0041b7e0 f i UiPlayerBar.obj
 0001:0001a7e0       ??_GKUiPlayerBar@@EAEPAXI@Z 0041b7e0 f i UiPlayerBar.obj
 0001:0001a800       ??1KUiPlayerBar@@EAE@XZ    0041b800 f   UiPlayerBar.obj
 0001:0001a9b0       ?GetIfVisible@KUiPlayerBar@@SAPAV1@XZ 0041b9b0 f   UiPlayerBar.obj
 0001:0001a9d0       ?OpenWindow@KUiPlayerBar@@SAPAV1@XZ 0041b9d0 f   UiPlayerBar.obj
 0001:0001aa90       ?UpdateData@KUiPlayerBar@@EAEXXZ 0041ba90 f   UiPlayerBar.obj
 0001:0001ab90       ?CloseWindow@KUiPlayerBar@@SAX_N@Z 0041bb90 f   UiPlayerBar.obj
 0001:0001abf0       ?LoadScheme@KUiPlayerBar@@SAXPBD@Z 0041bbf0 f   UiPlayerBar.obj
 0001:0001aca0       ?LoadScheme@KUiPlayerBar@@AAEXPAVKIniFile@@PBD@Z 0041bca0 f   UiPlayerBar.obj
 0001:0001b0f0       ?Initialize@KUiPlayerBar@@AAEXXZ 0041c0f0 f   UiPlayerBar.obj
 0001:0001b2c0       ?WndProc@KUiPlayerBar@@EAEHIIH@Z 0041c2c0 f   UiPlayerBar.obj
 0001:0001bb20       ?PaintWindow@KUiPlayerBar@@EAEXXZ 0041cb20 f   UiPlayerBar.obj
 0001:0001bc00       ?PopupChannelMenu@KUiPlayerBar@@AAEXHH@Z 0041cc00 f   UiPlayerBar.obj
 0001:0001bf80       ?PopupPhraseMenu@KUiPlayerBar@@AAEXHH_N@Z 0041cf80 f   UiPlayerBar.obj
 0001:0001c040       ?OnSend@KUiPlayerBar@@AAEXH@Z 0041d040 f   UiPlayerBar.obj
 0001:0001c530       ?IsCanSendMessage@KUiPlayerBar@@SAHPBDHPADH@Z 0041d530 f   UiPlayerBar.obj
 0001:0001c5e0       ?OnSendChannelMessage@KUiPlayerBar@@SAXKPBDH@Z 0041d5e0 f   UiPlayerBar.obj
 0001:0001c6a0       ?OnDirectSendChannelMessage@KUiPlayerBar@@AAEXKEPBDH@Z 0041d6a0 f   UiPlayerBar.obj
 0001:0001c750       ?OnSendSomeoneMessage@KUiPlayerBar@@SAXPBD0H@Z 0041d750 f   UiPlayerBar.obj
 0001:0001c830       ?InputRecentMsg@KUiPlayerBar@@AAEX_N@Z 0041d830 f   UiPlayerBar.obj
 0001:0001c8b0       ?OnObjPickedDropped@KUiPlayerBar@@AAEXPAUITEM_PICKDROP_PLACE@@0@Z 0041d8b0 f   UiPlayerBar.obj
 0001:0001cb30       ?CanDragObj@KUiPlayerBar@@AAEHI@Z 0041db30 f   UiPlayerBar.obj
 0001:0001cbf0       ?OnUseItem@KUiPlayerBar@@SAXH@Z 0041dbf0 f   UiPlayerBar.obj
 0001:0001cce0       ?GetChannelIndex@KUiPlayerBar@@AAEHPBD@Z 0041dce0 f   UiPlayerBar.obj
 0001:0001cda0       ?SetCurrentChannel@KUiPlayerBar@@SAXH@Z 0041dda0 f   UiPlayerBar.obj
 0001:0001cee0       ?InputCurrentChannel@KUiPlayerBar@@AAEXH_N@Z 0041dee0 f   UiPlayerBar.obj
 0001:0001cf50       ?SwitchChannel@KUiPlayerBar@@SAXH@Z 0041df50 f   UiPlayerBar.obj
 0001:0001cfb0       ?GetCurChannel@KUiPlayerBar@@SAHXZ 0041dfb0 f   UiPlayerBar.obj
 0001:0001cfd0       ?UpdateXXXNumber@KUiPlayerBar@@AAEXAAH0@Z 0041dfd0 f   UiPlayerBar.obj
 0001:0001d090       ?UpdateRuntimeAttribute@KUiPlayerBar@@AAEXAAH0@Z 0041e090 f   UiPlayerBar.obj
 0001:0001d100       ?UpdateItem@KUiPlayerBar@@QAEXHII@Z 0041e100 f   UiPlayerBar.obj
 0001:0001d190       ?UpdateSkill@KUiPlayerBar@@QAEXHII@Z 0041e190 f   UiPlayerBar.obj
 0001:0001d1c0       ?Breathe@KUiPlayerBar@@EAEXXZ 0041e1c0 f   UiPlayerBar.obj
 0001:0001d540       ?IsHasCost@KUiPlayerBar@@AAEHEHHHHAAH00@Z 0041e540 f   UiPlayerBar.obj
 0001:0001d6a0       ?InputNameMsg@KUiPlayerBar@@SAXDPBD_N@Z 0041e6a0 f   UiPlayerBar.obj
 0001:0001d910       ??Rstring_iless@@QBE_NABV?$basic_string@DU?$char_traits@D@std@@V?$allocator@D@2@@std@@0@Z 0041e910 f i UiPlayerBar.obj
 0001:0001d970       ?FindRecentPlayer@KUiPlayerBar@@SAHPBD@Z 0041e970 f   UiPlayerBar.obj
 0001:0001d9f0       ?GetRecentPlayerName@KUiPlayerBar@@SAPADH@Z 0041e9f0 f   UiPlayerBar.obj
 0001:0001da30       ?AddRecentPlayer@KUiPlayerBar@@SAHPBD@Z 0041ea30 f   UiPlayerBar.obj
 0001:0001db40       ?ReplaceSpecialName@KUiPlayerBar@@AAEXPADI0@Z 0041eb40 f   UiPlayerBar.obj
 0001:0001db60       ?GetExp@KUiPlayerBar@@SA_NAAH00@Z 0041eb60 f   UiPlayerBar.obj
 0001:0001dba0       ?LoadPrivateSetting@KUiPlayerBar@@SAHPAVKIniFile@@@Z 0041eba0 f   UiPlayerBar.obj
 0001:0001dd60       ?SavePrivateSetting@KUiPlayerBar@@SAHPAVKIniFile@@@Z 0041ed60 f   UiPlayerBar.obj
 0001:0001dec0       ?SetChatItemInfo@KUiPlayerBar@@SAXUKUiChatItemParam@@I@Z 0041eec0 f   UiPlayerBar.obj
 0001:0001e520       ?SetChatItemInfo@KUiPlayerBar@@SAXFPAD0@Z 0041f520 f   UiPlayerBar.obj
 0001:0001e770       ?SetChatItemPosition@KUiPlayerBar@@SAXFFF_N@Z 0041f770 f   UiPlayerBar.obj
 0001:0001e840       ?ClearChatItem@KUiPlayerBar@@SAXXZ 0041f840 f   UiPlayerBar.obj
 0001:0001e8a0       ?EncodeChatItemInfo@KUiPlayerBar@@SAXPBDIPAD1@Z 0041f8a0 f   UiPlayerBar.obj
 0001:0001ec60       ?PopupPKMenu@KUiPlayerBar@@SAXFF@Z 0041fc60 f   UiPlayerBar.obj
 0001:0001ed60       ?OnChoosePKMenu@KUiPlayerBar@@AAEXE@Z 0041fd60 f   UiPlayerBar.obj
 0001:0001ed80       ?MyMessage@KUiPlayerBar@@SAXPAD@Z 0041fd80 f   UiPlayerBar.obj
 0001:0001ee10       ?_Lbound@?$_Tree@V?$basic_string@DU?$char_traits@D@std@@V?$allocator@D@2@@std@@U?$pair@$$CBV?$basic_string@DU?$char_traits@D@std@@V?$allocator@D@2@@std@@UShortFuncInfo@@@2@U_Kfn@?$map@V?$basic_string@DU?$char_traits@D@std@@V?$allocator@D@2@@std@@UShortFuncInfo@@Ustring_iless@@V?$allocator@UShortFuncInfo@@@2@@2@Ustring_iless@@V?$allocator@UShortFuncInfo@@@2@@std@@IBEPAU_Node@12@ABV?$basic_string@DU?$char_traits@D@std@@V?$allocator@D@2@@2@@Z 0041fe10 f i UiPlayerBar.obj
 0001:0001eea0       ?GetIfVisible@KUiStatus@@SAPAV1@XZ 0041fea0 f   UiStatus.obj
 0001:0001eec0       ?OpenWindow@KUiStatus@@SAPAV1@XZ 0041fec0 f   UiStatus.obj
 0001:0001ef80       ??0KUiStatus@@AAE@XZ       0041ff80 f i UiStatus.obj
 0001:0001f280       ??_EKUiStatus@@EAEPAXI@Z   00420280 f i UiStatus.obj
 0001:0001f280       ??_GKUiStatus@@EAEPAXI@Z   00420280 f i UiStatus.obj
 0001:0001f2a0       ??1KUiStatus@@EAE@XZ       004202a0 f i UiStatus.obj
 0001:0001f5a0       ?CloseWindow@KUiStatus@@SAX_N@Z 004205a0 f   UiStatus.obj
 0001:0001f5d0       ?Initialize@KUiStatus@@AAEXXZ 004205d0 f   UiStatus.obj
 0001:0001f890       ?LoadScheme@KUiStatus@@SAXPBD@Z 00420890 f   UiStatus.obj
 0001:0001f940       ?LoadScheme@KUiStatus@@AAEXPAVKIniFile@@@Z 00420940 f   UiStatus.obj
 0001:0001fd30       ?Breathe@KUiStatus@@EAEXXZ 00420d30 f   UiStatus.obj
 0001:000203f0       ?WndProc@KUiStatus@@EAEHIIH@Z 004213f0 f   UiStatus.obj
 0001:00020770       ?UseRemainPoint@KUiStatus@@AAEXW4UI_PLAYER_ATTRIBUTE@@H@Z 00421770 f   UiStatus.obj
 0001:00020830       ?OnDirectAddPoint@KUiStatus@@AAEXH@Z 00421830 f   UiStatus.obj
 0001:000208e0       ?UpdateBaseData@KUiStatus@@QAEXXZ 004218e0 f   UiStatus.obj
 0001:00020950       ?UpdateRuntimeInfo@KUiStatus@@QAEXPAUKUiPlayerRuntimeInfo@@@Z 00421950 f   UiStatus.obj
 0001:000209c0       ?UpdateClientDaTa@KUiStatus@@SAXXZ 004219c0 f   UiStatus.obj
 0001:000209d0       ?UpdateData@KUiStatus@@UAEXXZ 004219d0 f   UiStatus.obj
 0001:00020a50       ?UpdateAllEquips@KUiStatus@@QAEXXZ 00421a50 f   UiStatus.obj
 0001:00020ac0       ?UpdateRuntimeAttribute@KUiStatus@@QAEXPAUKUiPlayerAttribute@@@Z 00421ac0 f   UiStatus.obj
 0001:00020d40       ?OnEquiptChanged@KUiStatus@@AAEXPAUITEM_PICKDROP_PLACE@@0@Z 00421d40 f   UiStatus.obj
 0001:00020f60       ?UpdateEquip@KUiStatus@@QAEXPAUKUiObjAtRegion@@H@Z 00421f60 f   UiStatus.obj
 0001:00020fe0       ?OnNpcTradeMode@KUiStatus@@QAEX_N@Z 00421fe0 f   UiStatus.obj
 0001:00021010       ?UpdateButton@KUiStatus@@SAX_N@Z 00422010 f   UiStatus.obj
 0001:000210b0       ?OnClickLockBtn@KUiStatus@@AAEXXZ 004220b0 f   UiStatus.obj
 0001:00021130       ?OnClickUnLockBtn@KUiStatus@@AAEXXZ 00422130 f   UiStatus.obj
 0001:000211b0       ?OnClickBindBtn@KUiStatus@@AAEXXZ 004221b0 f   UiStatus.obj
 0001:00021290       ?OnClickUnBindBtn@KUiStatus@@AAEXXZ 00422290 f   UiStatus.obj
 0001:00021370       ?OnBindItem@KUiStatus@@AAEXPAUKUiDraggedObject@@@Z 00422370 f   UiStatus.obj
 0001:00021400       ?OnUnBindItem@KUiStatus@@AAEXPAUKUiDraggedObject@@@Z 00422400 f   UiStatus.obj
 0001:00021490       ?OnRepairItem@KUiStatus@@AAEXPAUKUiDraggedObject@@@Z 00422490 f   UiStatus.obj
 0001:00021530       ??0KUiOptions@@AAE@XZ      00422530 f   UiOptions.obj
 0001:00021720       ??_EKUiOptions@@EAEPAXI@Z  00422720 f i UiOptions.obj
 0001:00021720       ??_GKUiOptions@@EAEPAXI@Z  00422720 f i UiOptions.obj
 0001:00021740       ??1KUiOptions@@EAE@XZ      00422740 f i UiOptions.obj
 0001:00021900       ?GetIfVisible@KUiOptions@@SAPAV1@XZ 00422900 f   UiOptions.obj
 0001:00021920       ?OpenWindow@KUiOptions@@SAPAV1@PAVKWndWindow@@@Z 00422920 f   UiOptions.obj
 0001:000219d0       ?CloseWindow@KUiOptions@@SAXXZ 004229d0 f   UiOptions.obj
 0001:00021a10       ?Initialize@KUiOptions@@AAEXXZ 00422a10 f   UiOptions.obj
 0001:00021b40       ?LoadScheme@KUiOptions@@SAXPBD@Z 00422b40 f   UiOptions.obj
 0001:00021bf0       ?LoadScheme@KUiOptions@@AAEXPAVKIniFile@@@Z 00422bf0 f   UiOptions.obj
 0001:00021fb0       ?WndProc@KUiOptions@@EAEHIIH@Z 00422fb0 f   UiOptions.obj
 0001:00022170       ?UpdateSettingSet@KUiOptions@@AAEXH_N@Z 00423170 f   UiOptions.obj
 0001:00022280       ?PopupSeleteSetMenu@KUiOptions@@AAEXHH@Z 00423280 f   UiOptions.obj
 0001:00022390       ?OnScrollBarPosChanged@KUiOptions@@AAEXPAVKWndWindow@@H@Z 00423390 f   UiOptions.obj
 0001:000223e0       ?UpdateAllToggleBtn@KUiOptions@@AAEXXZ 004233e0 f   UiOptions.obj
 0001:00022500       ?UpdateAllStatusImg@KUiOptions@@AAEXXZ 00423500 f   UiOptions.obj
 0001:00022570       ?LoadSetting@KUiOptions@@SAX_N0@Z 00423570 f   UiOptions.obj
 0001:00022840       ?StoreSetting@KUiOptions@@AAEXXZ 00423840 f   UiOptions.obj
 0001:00022900       ?ToggleOption@KUiOptions@@QAEXH@Z 00423900 f   UiOptions.obj
 0001:000229d0       ?SetMusicValue@KUiOptions@@QAEXH@Z 004239d0 f   UiOptions.obj
 0001:00022a00       ?SetSoundValue@KUiOptions@@QAEXH@Z 00423a00 f   UiOptions.obj
 0001:00022a30       ?SetBrightness@KUiOptions@@QAEXH@Z 00423a30 f   UiOptions.obj
 0001:00022a60       ?OpenWindow@KUiInit@@SAPAV1@_N0@Z 00423a60 f   UiInit.obj
 0001:00022c00       ??_GKUiInit@@EAEPAXI@Z     00423c00 f i UiInit.obj
 0001:00022c00       ??_EKUiInit@@EAEPAXI@Z     00423c00 f i UiInit.obj
 0001:00022c20       ??1KUiInit@@EAE@XZ         00423c20 f i UiInit.obj
 0001:00022d00       ?CloseWindow@KUiInit@@SAXXZ 00423d00 f   UiInit.obj
 0001:00022d30       ?PlayTitleMusic@KUiInit@@SAXXZ 00423d30 f   UiInit.obj
 0001:00022e60       ?StopTitleMusic@KUiInit@@SAXXZ 00423e60 f   UiInit.obj
 0001:00022e80       ?LoadScheme@KUiInit@@AAEXPBD@Z 00423e80 f   UiInit.obj
 0001:00023020       ?Initialize@KUiInit@@AAEXXZ 00424020 f   UiInit.obj
 0001:000230e0       ?WndProc@KUiInit@@EAEHIIH@Z 004240e0 f   UiInit.obj
 0001:00023130       ?OnKeyDown@KUiInit@@AAEHI@Z 00424130 f   UiInit.obj
 0001:00023200       ?OnClickButton@KUiInit@@AAEXPAVKWndButton@@@Z 00424200 f   UiInit.obj
 0001:00023290       ?GetActiveBtn@KUiInit@@AAEPAVKWndButton@@XZ 00424290 f   UiInit.obj
 0001:00023300       ?ShowCompleted@KUiInit@@EAEXXZ 00424300 f   UiInit.obj
 0001:00023310       ??0KUiTeamBuild@@AAE@XZ    00424310 f   UiTeamBuild.obj
 0001:000233a0       ??_EKUiTeamBuild@@EAEPAXI@Z 004243a0 f i UiTeamBuild.obj
 0001:000233a0       ??_GKUiTeamBuild@@EAEPAXI@Z 004243a0 f i UiTeamBuild.obj
 0001:000233c0       ??1KUiTeamBuild@@EAE@XZ    004243c0 f i UiTeamBuild.obj
 0001:00023460       ?OpenWindow@KUiTeamBuild@@SAPAV1@XZ 00424460 f   UiTeamBuild.obj
 0001:000234f0       ?CloseWindow@KUiTeamBuild@@SAX_N@Z 004244f0 f   UiTeamBuild.obj
 0001:00023530       ?Initialize@KUiTeamBuild@@AAEXXZ 00424530 f   UiTeamBuild.obj
 0001:000235c0       ?LoadScheme@KUiTeamBuild@@AAEXPBD@Z 004245c0 f   UiTeamBuild.obj
 0001:00023710       ?OnClickConfirmBtn@KUiTeamBuild@@AAEXXZ 00424710 f   UiTeamBuild.obj
 0001:00023730       ?OnClickCancelBtn@KUiTeamBuild@@AAEXXZ 00424730 f   UiTeamBuild.obj
 0001:00023750       ?WndProc@KUiTeamBuild@@EAEHIIH@Z 00424750 f   UiTeamBuild.obj
 0001:000237e0       ?GetIfVisible@KUiChaPW@@SAPAV1@XZ 004247e0 f   UiChaPW.obj
 0001:00023800       ?OpenWindow@KUiChaPW@@SAPAV1@XZ 00424800 f   UiChaPW.obj
 0001:00023940       ??_GKUiChaPW@@EAEPAXI@Z    00424940 f i UiChaPW.obj
 0001:00023940       ??_EKUiChaPW@@EAEPAXI@Z    00424940 f i UiChaPW.obj
 0001:00023960       ??1KUiChaPW@@EAE@XZ        00424960 f i UiChaPW.obj
 0001:00023a30       ?CloseWindow@KUiChaPW@@SAXXZ 00424a30 f   UiChaPW.obj
 0001:00023a60       ?Initialize@KUiChaPW@@AAEXXZ 00424a60 f   UiChaPW.obj
 0001:00023b10       ?LoadScheme@KUiChaPW@@SAXPBD@Z 00424b10 f   UiChaPW.obj
 0001:00023ca0       ?WndProc@KUiChaPW@@EAEHIIH@Z 00424ca0 f   UiChaPW.obj
 0001:00023e10       ?OnOk@KUiChaPW@@AAEXXZ     00424e10 f   UiChaPW.obj
 0001:00023e50       ?OnCheckInput@KUiChaPW@@AAEHXZ 00424e50 f   UiChaPW.obj
 0001:00023f60       ?GetIfVisible@KUiCreatPW@@SAPAV1@XZ 00424f60 f   UiCreatPW.obj
 0001:00023f80       ?OpenWindow@KUiCreatPW@@SAPAV1@XZ 00424f80 f   UiCreatPW.obj
 0001:000240a0       ??_EKUiCreatPW@@EAEPAXI@Z  004250a0 f i UiCreatPW.obj
 0001:000240a0       ??_GKUiCreatPW@@EAEPAXI@Z  004250a0 f i UiCreatPW.obj
 0001:000240c0       ??1KUiCreatPW@@EAE@XZ      004250c0 f i UiCreatPW.obj
 0001:00024170       ?CloseWindow@KUiCreatPW@@SAXXZ 00425170 f   UiCreatPW.obj
 0001:000241a0       ?Initialize@KUiCreatPW@@AAEXXZ 004251a0 f   UiCreatPW.obj
 0001:00024230       ?LoadScheme@KUiCreatPW@@SAXPBD@Z 00425230 f   UiCreatPW.obj
 0001:00024390       ?WndProc@KUiCreatPW@@EAEHIIH@Z 00425390 f   UiCreatPW.obj
 0001:000244b0       ?OnOk@KUiCreatPW@@AAEXXZ   004254b0 f   UiCreatPW.obj
 0001:000244e0       ?OnCheckInput@KUiCreatPW@@AAEHXZ 004254e0 f   UiCreatPW.obj
 0001:000245d0       ?GetIfVisible@KUiExpandItem@@SAPAV1@XZ 004255d0 f   UiExpandItem.obj
 0001:000245f0       ?OpenWindow@KUiExpandItem@@SAPAV1@XZ 004255f0 f   UiExpandItem.obj
 0001:000246d0       ??_GKUiExpandItem@@EAEPAXI@Z 004256d0 f i UiExpandItem.obj
 0001:000246d0       ??_EKUiExpandItem@@EAEPAXI@Z 004256d0 f i UiExpandItem.obj
 0001:000246f0       ??1KUiExpandItem@@EAE@XZ   004256f0 f i UiExpandItem.obj
 0001:00024760       ?CloseWindow@KUiExpandItem@@SAXXZ 00425760 f   UiExpandItem.obj
 0001:00024780       ?Initialize@KUiExpandItem@@AAEXXZ 00425780 f   UiExpandItem.obj
 0001:000247e0       ?UpdateData@KUiExpandItem@@EAEXXZ 004257e0 f   UiExpandItem.obj
 0001:00024860       ?UpdateItem@KUiExpandItem@@QAEXPAUKUiObjAtRegion@@H@Z 00425860 f   UiExpandItem.obj
 0001:000248e0       ?LoadScheme@KUiExpandItem@@SAXPBD@Z 004258e0 f   UiExpandItem.obj
 0001:000249e0       ?WndProc@KUiExpandItem@@EAEHIIH@Z 004259e0 f   UiExpandItem.obj
 0001:00024a50       ?PaintWindow@KUiExpandItem@@EAEXXZ 00425a50 f   UiExpandItem.obj
 0001:00024ae0       ?OnClickItem@KUiExpandItem@@AAEXPAUKUiDraggedObject@@@Z 00425ae0 f   UiExpandItem.obj
 0001:00024af0       ?OnItemPickDrop@KUiExpandItem@@AAEXPAUITEM_PICKDROP_PLACE@@0@Z 00425af0 f   UiExpandItem.obj
 0001:00024bc0       ??0KUiGetMoney@@AAE@XZ     00425bc0 f   UiGetMoney.obj
 0001:00024c60       ??_EKUiGetMoney@@EAEPAXI@Z 00425c60 f i UiGetMoney.obj
 0001:00024c60       ??_GKUiGetMoney@@EAEPAXI@Z 00425c60 f i UiGetMoney.obj
 0001:00024c80       ??1KUiGetMoney@@EAE@XZ     00425c80 f i UiGetMoney.obj
 0001:00024d10       ?OpenWindow@KUiGetMoney@@SAPAV1@HHPAVKWndWindow@@I0@Z 00425d10 f   UiGetMoney.obj
 0001:00024e20       ?CloseWindow@KUiGetMoney@@SAX_N@Z 00425e20 f   UiGetMoney.obj
 0001:00024e60       ?GetIfVisible@KUiGetMoney@@SAPAV1@XZ 00425e60 f   UiGetMoney.obj
 0001:00024e80       ?Show@KUiGetMoney@@AAEXPAVKWndWindow@@@Z 00425e80 f   UiGetMoney.obj
 0001:00024f30       ?Hide@KUiGetMoney@@EAEXXZ  00425f30 f   UiGetMoney.obj
 0001:00024f50       ?Initialize@KUiGetMoney@@AAEHXZ 00425f50 f   UiGetMoney.obj
 0001:00024fd0       ?LoadScheme@KUiGetMoney@@SAXPBD@Z 00425fd0 f   UiGetMoney.obj
 0001:00025100       ?WndProc@KUiGetMoney@@EAEHIIH@Z 00426100 f   UiGetMoney.obj
 0001:000251c0       ?OnOk@KUiGetMoney@@AAEXXZ  004261c0 f   UiGetMoney.obj
 0001:00025200       ?OnCheckInput@KUiGetMoney@@AAEXXZ 00426200 f   UiGetMoney.obj
 0001:000252a0       ?OnCancel@KUiGetMoney@@AAEXXZ 004262a0 f   UiGetMoney.obj
 0001:000252d0       ??0KUiGiveBox@@AAE@XZ      004262d0 f   UiGiveBox.obj
 0001:00025370       ??_GKUiGiveBox@@EAEPAXI@Z  00426370 f i UiGiveBox.obj
 0001:00025370       ??_EKUiGiveBox@@EAEPAXI@Z  00426370 f i UiGiveBox.obj
 0001:00025390       ??1KUiGiveBox@@EAE@XZ      00426390 f i UiGiveBox.obj
 0001:00025450       ?OpenWindow@KUiGiveBox@@SAPAV1@PBD0PAD@Z 00426450 f   UiGiveBox.obj
 0001:000255b0       ?CloseWindow@KUiGiveBox@@SAX_N@Z 004265b0 f   UiGiveBox.obj
 0001:00025600       ?GetIfVisible@KUiGiveBox@@SAPAV1@XZ 00426600 f   UiGiveBox.obj
 0001:00025620       ?Initialize@KUiGiveBox@@AAEXXZ 00426620 f   UiGiveBox.obj
 0001:000256d0       ?LoadScheme@KUiGiveBox@@SAXPBD@Z 004266d0 f   UiGiveBox.obj
 0001:00025850       ?WndProc@KUiGiveBox@@EAEHIIH@Z 00426850 f   UiGiveBox.obj
[...]
 0003:0001443c       ?ms_DefaultHeight@KUiMsgCentrePad@@0HA 004c943c     UiMsgCentrePad.obj
 0003:00014440       ?m_pSelf@KUiMakeAdv@@0PAV1@A 004c9440     UiMakeAdv.obj
 0003:00014444       ?m_pSelf@KUiMarket@@0PAV1@A 004c9444     UiMarket.obj
 0003:00014448       ?m_pSelf@KUiMarkPrice@@0PAV1@A 004c9448     UiMarkPrice.obj
 0003:0001444c       ?m_pSelf@KUiPlayerShop@@0PAV1@A 004c944c     UiPlayerShop.obj
 0003:00014450       ?m_pSelf@KUiShop@@0PAV1@A  004c9450     UiShop.obj
 0003:00014454       ?m_pSelf@KUiShoppingCart@@0PAV1@A 004c9454     UiShoppingCart.obj
 0003:00014458       ?m_pSelf@KUiTrade@@0PAV1@A 004c9458     UiTrade.obj
 0003:0001445c       ?m_pSelf@KUiTradeConfirm@@0PAV1@A 004c945c     UiTradeConfirmWnd.obj
 0003:00014460       ?g_WndGameSpace@@3VKUiGameSpace@@A 004c9460     UiGame.obj
 0003:000144dc       ?m_pSelf@KUiNotification@@0PAV1@A 004c94dc     UiNotification.obj
 0003:000144e0       ?m_pSelf@KUiSysMsgCentre@@0PAV1@A 004c94e0     UiSysMsgCentre.obj
 0003:000144e4       ?m_pSelf@KUiCaveMap@@0PAV1@A 004c94e4     UiCaveMap.obj
 0003:000144e8       ?m_pSelf@KUiFindPos@@0PAV1@A 004c94e8     UiFindPos.obj
 0003:000144ec       ?ms_pSelf@KUiMiniMap@@0PAV1@A 004c94ec     UiMiniMap.obj
 0003:000144f4       ?m_pSelf@KUiWorldMap@@0PAV1@A 004c94f4     UiWorldMap.obj
 0003:000144f8       ?m_MenuData@KUiSelColor@@0PAEA 004c94f8     UiSelColor.obj
 0003:000148b8       ?m_pSelf@KUiNewPlayerStartMsg@@0PAV1@A 004c98b8     UiNewPlayerStartMsg.obj
 0003:000148bc       ?m_pSelf@KUiPlayVideo@@0PAV1@A 004c98bc     UiPlayVideo.obj
 0003:000148c0       ?m_pSelf@KUiHelper@@0PAV1@A 004c98c0     UiHelper.obj
 0003:000148c4       ?ms_nImgFrame@KUiHelper@@0HA 004c98c4     UiHelper.obj
 0003:000148c8       ?m_pSelf@KUiHelper2@@0PAV1@A 004c98c8     UiHelper2.obj
 0003:000148cc       ?m_pSelf@KUiHelperMission@@0PAV1@A 004c98cc     UiHelperMission.obj
 0003:000148d0       ?m_pSelf@KReconnectWnd@@0PAV1@A 004c98d0     UiReconnect.obj
 0003:000148d4       ?m_nChangeWorldReconnectTimes@@3HA 004c98d4     UiReconnect.obj
 0003:000148d8       ?m_uLastReconnectTick@@3IA 004c98d8     UiReconnect.obj
 0003:000148dc       ?m_pSelf@KReviveWnd@@0PAV1@A 004c98dc     UiRevive.obj
 0003:000148e0       ?ms_pPersonalRecord@KTaskDataFile@@0PAUKPersonalRecord@1@A 004c98e0     UiTaskDataFile.obj
 0003:000148e4       ?ms_pSystemRecordList@KTaskDataFile@@0PAUKTaskSystemRecordNode@1@A 004c98e4     UiTaskDataFile.obj
 0003:000148e8       ?ms_nSystemRecordCount@KTaskDataFile@@0HA 004c98e8     UiTaskDataFile.obj
 0003:000148ec       ?m_pSelf@KUiTaskNote@@0PAV1@A 004c98ec     UiTaskNote.obj
 0003:000148f0       ?m_pSelf@KUiNewsMessage@@0PAV1@A 004c98f0     UiNewsMessage.obj
 0003:000148f4       ?ms_bEnableIdleMsg@KUiNewsMessage@@0HA 004c98f4     UiNewsMessage.obj
 0003:000148fc       ?m_pSelf@KUiNewsMessageEx@@0PAV1@A 004c98fc     UiNewsMessageEx.obj
 0003:00014900       ?ms_bEnableIdleMsg@KUiNewsMessageEx@@0HA 004c9900     UiNewsMessageEx.obj
 0003:00014908       ?m_IndexIDIni@KUiStrengthRank@@0VKIniFile@@A 004c9908     UiStrengthRank.obj
 0003:00014968       ?m_RankData@KUiStrengthRank@@0V?$KLinkStruct@UKRankNode@@@@A 004c9968     UiStrengthRank.obj
 0003:00014988       ?m_IndexData@KUiStrengthRank@@0V?$KLinkStruct@UKRankIndexNode@@@@A 004c9988     UiStrengthRank.obj
 0003:000149a4       ?m_pSelf@KUiStrengthRank@@0PAV1@A 004c99a4     UiStrengthRank.obj
 0003:000149a8       ?m_bIsIndexDataChange@KUiStrengthRank@@0HA 004c99a8     UiStrengthRank.obj
 0003:000149ac       ?m_bIsRankDataChange@KUiStrengthRank@@0HA 004c99ac     UiStrengthRank.obj
 0003:000149b0       ?ms_pSelf@KUiPopupPasswordQuery@@0PAV1@A 004c99b0     UiPopupPasswordQuery.obj
 0003:000149b4       ?ms_pSelf@KUiTongAssignBox@@0PAV1@A 004c99b4     UiTongAssignBox.obj
 0003:000149b8       ?m_pSelf@KUiTongChangeTitle@@0PAV1@A 004c99b8     UiTongChangeTitle.obj
 0003:000149bc       ?ms_pSelf@KUiTongCreateSheet@@0PAV1@A 004c99bc     UiTongCreateSheet.obj
 0003:000149c0       ?ms_pSelf@KUiTongInformation@@0PAV1@A 004c99c0     UiTongInformation.obj
 0003:000149c8       ?m_TongData@KUiTongManager@@0UKTongInfo@@A 004c99c8     UiTongManager.obj
 0003:000149fc       ?ms_pSelf@KUiTongManager@@0PAV1@A 004c99fc     UiTongManager.obj
 0003:00014a00       ?m_nElderDataIndex@KUiTongManager@@0HA 004c9a00     UiTongManager.obj
 0003:00014a04       ?m_nMemberDataIndex@KUiTongManager@@0HA 004c9a04     UiTongManager.obj
 0003:00014a08       ?m_nCaptainDataIndex@KUiTongManager@@0HA 004c9a08     UiTongManager.obj
 0003:00014a0c       ?m_pSelf@KUiTongSetTax@@0PAV1@A 004c9a0c     UiTongSetTax .obj
 0003:00014a10       ?m_pNearbyPlayersList@@3PAUKUiPlayerItem@@A 004c9a10     UiAutoPlay.obj
 0003:00014a14       ?m_pSelf@KUiRecovery@@0PAV1@A 004c9a14     UiAutoPlay.obj
 0003:00014a18       ?m_pSelf@KUiPick@@0PAV1@A  004c9a18     UiAutoPlay.obj
 0003:00014a1c       ?m_pSelf@KUiFight@@0PAV1@A 004c9a1c     UiAutoPlay.obj
 0003:00014a20       ?m_pSelf@KUiOther@@0PAV1@A 004c9a20     UiAutoPlay.obj
 0003:00014a24       ?m_pSelf@KUiMovePlayer@@0PAV1@A 004c9a24     UiAutoPlay.obj
 0003:00014a28       ?m_pSelf@KUiAutoPlay@@0PAV1@A 004c9a28     UiAutoPlay.obj
 0003:00014a2c       ?m_pSelf@UiMiniBuff@@0PAV1@A 004c9a2c     UiMiniBuff.obj
 0003:00014a30       ?ms_pSelf@KUiTopTKNew@@0PAV1@A 004c9a30     UiTopTKNew.obj
 0003:00014a34       ?m_pSelf@KUiTrembleItem@@0PAV1@A 004c9a34     UiTrembleItem.obj
 0003:00014a38       ?m_pSelf@KUiUpgradeAttrib@@0PAV1@A 004c9a38     UiUpgradeAttrib.obj
 0003:00014a3c       ?m_pSelf@KUiComItem@@0PAV1@A 004c9a3c     UiCompoundItem.obj
 0003:00014a4c       ?gTrayMode@@3VTrayMode@@A  004c9a4c     TrayMode.obj
 0003:00014a50       ?m_pSelf@TrayMode@@0PAV1@A 004c9a50     TrayMode.obj
 0003:00014a54       ?bFPS@@3HA                 004c9a54     TrayMode.obj
 0003:00014c38       ?s_LNotify@@3UBlacklistNotify@@A 004c9c38     GameSpaceChangedNotify.obj
 0003:00014c40       ?g_BlackListUserNames@@3V?$map@V?$basic_string@DU?$char_traits@D@std@@V?$allocator@D@2@@std@@V12@U?$less@V?$basic_string@DU?$char_traits@D@std@@V?$allocator@D@2@@std@@@2@V?$allocator@V?$basic_string@DU?$char_traits@D@std@@V?$allocator@D@2@@std@@@2@@std@@A 004c9c40     GameSpaceChangedNotify.obj
 0003:00014cc0       ?ms_FunsMap@KShortcutKeyCentre@@2V?$map@V?$basic_string@DU?$char_traits@D@std@@V?$allocator@D@2@@std@@UShortFuncInfo@@Ustring_iless@@V?$allocator@UShortFuncInfo@@@2@@std@@A 004c9cc0     ShortcutKey.obj
 0003:00014cd8       ?ms_Script@KShortcutKeyCentre@@0VKLuaScript@@A 004c9cd8     ShortcutKey.obj
 0003:00014d4c       ?ms_pCommands@KShortcutKeyCentre@@0PAUCOMMAND_SETTING@@A 004c9d4c     ShortcutKey.obj
 0003:00014d50       ?ms_nCommands@KShortcutKeyCentre@@0HA 004c9d50     ShortcutKey.obj
 0003:00014d54       ?ms_Enable@KShortcutKeyCentre@@0_NA 004c9d54     ShortcutKey.obj
 0003:00014d55       ?ms_bMouse@KShortcutKeyCentre@@2_NA 004c9d55     ShortcutKey.obj
 0003:00014d58       ?ms_MouseX@KShortcutKeyCentre@@2HA 004c9d58     ShortcutKey.obj
 0003:00014d5c       ?ms_MouseY@KShortcutKeyCentre@@2HA 004c9d5c     ShortcutKey.obj
 0003:00014d60       ?_Nilrefs@?$_Tree@V?$basic_string@DU?$char_traits@D@std@@V?$allocator@D@2@@std@@U?$pair@$$CBV?$basic_string@DU?$char_traits@D@std@@V?$allocator@D@2@@std@@UShortFuncInfo@@@2@U_Kfn@?$map@V?$basic_string@DU?$char_traits@D@std@@V?$allocator@D@2@@std@@UShortFuncInfo@@Ustring_iless@@V?$allocator@UShortFuncInfo@@@2@@2@Ustring_iless@@V?$allocator@UShortFuncInfo@@@2@@std@@1IA 004c9d60     ShortcutKey.obj
 0003:00014d64       ?_Nilrefs@?$_Tree@V?$basic_string@DU?$char_traits@D@std@@V?$allocator@D@2@@std@@U?$pair@$$CBV?$basic_string@DU?$char_traits@D@std@@V?$allocator@D@2@@std@@U?$pair@KK@2@@2@U_Kfn@?$map@V?$basic_string@DU?$char_traits@D@std@@V?$allocator@D@2@@std@@U?$pair@KK@2@Ustring_iless@@V?$allocator@U?$pair@KK@std@@@2@@2@Ustring_iless@@V?$allocator@U?$pair@KK@std@@@2@@std@@1IA 004c9d64     ShortcutKey.obj
 0003:00014d68       ?_Nil@?$_Tree@V?$basic_string@DU?$char_traits@D@std@@V?$allocator@D@2@@std@@U?$pair@$$CBV?$basic_string@DU?$char_traits@D@std@@V?$allocator@D@2@@std@@U?$pair@KK@2@@2@U_Kfn@?$map@V?$basic_string@DU?$char_traits@D@std@@V?$allocator@D@2@@std@@U?$pair@KK@2@Ustring_iless@@V?$allocator@U?$pair@KK@std@@@2@@2@Ustring_iless@@V?$allocator@U?$pair@KK@std@@@2@@std@@1PAU_Node@12@A 004c9d68     ShortcutKey.obj
 0003:00014d70       ?s_ANotify@@3UAddinNotify@@A 004c9d70     UiBase.obj
 0003:00014d78       ?g_UiBase@@3VKUiBase@@A    004c9d78     UiBase.obj
 0003:00014e04       ?g_nWindowNTFlag@@3HA      004c9e04     UiBase.obj
 0003:00014e08       ?_Nilrefs@?$_Tree@V?$basic_string@DU?$char_traits@D@std@@V?$allocator@D@2@@std@@U?$pair@$$CBV?$basic_string@DU?$char_traits@D@std@@V?$allocator@D@2@@std@@PAX@2@U_Kfn@?$map@V?$basic_string@DU?$char_traits@D@std@@V?$allocator@D@2@@std@@PAXU?$less@V?$basic_string@DU?$char_traits@D@std@@V?$allocator@D@2@@std@@@2@V?$allocator@PAX@2@@2@U?$less@V?$basic_string@DU?$char_traits@D@std@@V?$allocator@D@2@@std@@@2@V?$allocator@PAX@2@@std@@1IA 004c9e08     UiBase.obj
 0003:00014e0c       ?_Nil@?$_Tree@V?$basic_string@DU?$char_traits@D@std@@V?$allocator@D@2@@std@@U?$pair@$$CBV?$basic_string@DU?$char_traits@D@std@@V?$allocator@D@2@@std@@PAX@2@U_Kfn@?$map@V?$basic_string@DU?$char_traits@D@std@@V?$allocator@D@2@@std@@PAXU?$less@V?$basic_string@DU?$char_traits@D@std@@V?$allocator@D@2@@std@@@2@V?$allocator@PAX@2@@2@U?$less@V?$basic_string@DU?$char_traits@D@std@@V?$allocator@D@2@@std@@@2@V?$allocator@PAX@2@@std@@1PAU_Node@12@A 004c9e0c     UiBase.obj
 0003:00014e34       ?g_bDisconnect@@3HA        004c9e34     UiShell.obj
 0003:00014e48       ?g_ClientCallback@@3UKClientCallback@@A 004c9e48     S3Client.obj
 0003:00014e50       ?g_ChatFilter@@3VCChatFilter@@A 004c9e50     S3Client.obj
 0003:00014e58       ?g_libFilterText@@3VCFilterTextLib@@A 004c9e58     S3Client.obj
 0003:00014e60       ?g_PakList@@3VKPakList@@A  004c9e60     S3Client.obj
 0003:00014f04       ?hInst@@3PAUHINSTANCE__@@A 004c9f04     S3Client.obj
 0003:00014f08       ?MyApp@@3VKMyApp@@A        004c9f08     S3Client.obj
 0003:00015038       ?g_pRepresentShell@@3PAUiRepresentShell@@A 004ca038     S3Client.obj
 0003:0001503c       ?g_pIInlinePicSink@@3PAUIInlinePicEngineSink@@A 004ca03c     S3Client.obj
 0003:00015040       ?g_pCoreShell@@3PAUiCoreShell@@A 004ca040     S3Client.obj
 0003:00015044       ?g_pMusic@@3PAVKMusic@@A   004ca044     S3Client.obj
 0003:0001504c       ?g_bRepresent3@@3HA        004ca04c     S3Client.obj
 0003:00015058       ?g_NetConnectAgent@@3VKNetConnectAgent@@A 004ca058     NetConnectAgent.obj
 0003:00015480       ?g_LoginLogic@@3VKLogin@@A 004ca480     Login.obj
 0003:000155d4       __dowildcard               004ca5d4     MSVCRT:wildcard.obj
 0003:000155d8       __newmode                  004ca5d8     MSVCRT:_newmode.obj
 0003:000155dc       __commode                  004ca5dc     MSVCRT:xncommod.obj
 0003:000155e0       __fmode                    004ca5e0     MSVCRT:xtxtmode.obj
 0003:000155e4       __adjust_fdiv              004ca5e4     <common>
 0003:000155e8       ___onexitend               004ca5e8     <common>
 0003:000155ec       ___onexitbegin             004ca5ec     <common>

 entry point at        0001:0009340a

 Static symbols

 0001:00090cb0       _$E56                      00491cb0 f   Login.obj
 0001:00090cc0       _$E53                      00491cc0 f   Login.obj
 0001:00090cd0       _$E55                      00491cd0 f   Login.obj
 0001:00090ce0       _$E54                      00491ce0 f   Login.obj
 0001:00090d80       _$E59                      00491d80 f   Login.obj
 0001:00090d90       _$E58                      00491d90 f   Login.obj
 0001:00092600       ?DecodeAddressField@@YAHPBDPADH@Z 00493600 f   Login.obj
 0001:000926d0       ?HexToBytes@@YAHPBDPAEH@Z  004936d0 f   Login.obj
 0001:00092770       ?HexToNibble@@YAHD@Z       00493770 f   Login.obj
 0001:000904b0       _$E37                      004914b0 f   NetConnectAgent.obj
 0001:000904c0       _$E34                      004914c0 f   NetConnectAgent.obj
 0001:000904d0       _$E36                      004914d0 f   NetConnectAgent.obj
 0001:000904e0       _$E35                      004914e0 f   NetConnectAgent.obj
 0001:0008f9f0       _$E58                      004909f0 f   S3Client.obj
 0001:0008fa00       _$E55                      00490a00 f   S3Client.obj
 0001:0008fa10       _$E57                      00490a10 f   S3Client.obj
 0001:0008fa20       _$E56                      00490a20 f   S3Client.obj
 0001:0008fab0       _$E63                      00490ab0 f   S3Client.obj
 0001:0008fac0       _$E60                      00490ac0 f   S3Client.obj
 0001:0008fad0       _$E62                      00490ad0 f   S3Client.obj
 0001:0008fae0       _$E61                      00490ae0 f   S3Client.obj
 0001:0008faf0       _$E68                      00490af0 f   S3Client.obj
 0001:0008fb00       _$E65                      00490b00 f   S3Client.obj
 0001:0008fb10       _$E67                      00490b10 f   S3Client.obj
 0001:0008fb20       _$E66                      00490b20 f   S3Client.obj
 0001:0008fb30       _$E73                      00490b30 f   S3Client.obj
 0001:0008fb40       _$E70                      00490b40 f   S3Client.obj
 0001:0008fb50       _$E72                      00490b50 f   S3Client.obj
 0001:0008fb60       _$E71                      00490b60 f   S3Client.obj
 0001:0008fb70       _$E76                      00490b70 f   S3Client.obj
 0001:0008fb80       _$E75                      00490b80 f   S3Client.obj
 0001:0008e170       _$E172                     0048f170 f   UiShell.obj
 0001:0008e180       _$E171                     0048f180 f   UiShell.obj
 0001:0008a600       _$E98                      0048b600 f   UiBase.obj
 0001:0008a610       _$E95                      0048b610 f   UiBase.obj
 0001:0008a620       _$E97                      0048b620 f   UiBase.obj
 0001:0008a630       _$E96                      0048b630 f   UiBase.obj
 0001:0008afe0       ?_KSG_GetWindowVersion@@YAHXZ 0048bfe0 f   UiBase.obj
 0001:0008c3f0       _$E101                     0048d3f0 f   UiBase.obj
 0001:0008c400       _$E100                     0048d400 f   UiBase.obj
 0001:00081b90       _$E139                     00482b90 f   ShortcutKey.obj
 0001:00081ba0       _$E135                     00482ba0 f   ShortcutKey.obj
 0001:00081bb0       _$E138                     00482bb0 f   ShortcutKey.obj
 0001:00081bc0       _$E136                     00482bc0 f   ShortcutKey.obj
 0001:00081be0       _$E144                     00482be0 f   ShortcutKey.obj
 0001:00081bf0       _$E141                     00482bf0 f   ShortcutKey.obj
 0001:00081c10       _$E143                     00482c10 f   ShortcutKey.obj
 0001:00081c20       _$E142                     00482c20 f   ShortcutKey.obj
 0001:000840b0       _$E149                     004850b0 f   ShortcutKey.obj
 0001:00087c60       _$E152                     00488c60 f   ShortcutKey.obj
 0001:000804d0       _$E140                     004814d0 f   GameSpaceChangedNotify.obj
 0001:000804e0       _$E137                     004814e0 f   GameSpaceChangedNotify.obj
 0001:00080500       _$E139                     00481500 f   GameSpaceChangedNotify.obj
 0001:00080510       _$E138                     00481510 f   GameSpaceChangedNotify.obj
 0001:00080520       _$E143                     00481520 f   GameSpaceChangedNotify.obj
 0001:00080530       _$E142                     00481530 f   GameSpaceChangedNotify.obj
 0001:0005b2f0       _$E41                      0045c2f0 f   UiStrengthRank.obj
 0001:0005b300       _$E37                      0045c300 f   UiStrengthRank.obj
 0001:0005b330       _$E40                      0045c330 f   UiStrengthRank.obj
 0001:0005b340       _$E38                      0045c340 f   UiStrengthRank.obj
 0001:0005b480       _$E46                      0045c480 f   UiStrengthRank.obj
 0001:0005b490       _$E43                      0045c490 f   UiStrengthRank.obj
 0001:0005b4c0       _$E45                      0045c4c0 f   UiStrengthRank.obj
 0001:0005b4d0       _$E44                      0045c4d0 f   UiStrengthRank.obj
 0001:0005b610       _$E51                      0045c610 f   UiStrengthRank.obj
 0001:0005b620       _$E48                      0045c620 f   UiStrengthRank.obj
 0001:0005b630       _$E50                      0045c630 f   UiStrengthRank.obj
 0001:0005b640       _$E49                      0045c640 f   UiStrengthRank.obj
 0001:0004fab0       _$E77                      00450ab0 f   UiGame.obj
 0001:0004fac0       _$E74                      00450ac0 f   UiGame.obj
 0001:0004fad0       _$E76                      00450ad0 f   UiGame.obj
 0001:0004fae0       _$E75                      00450ae0 f   UiGame.obj
 0001:0003f760       _$E10                      00440760 f   UiInformation3.obj
 0001:0003f770       _$E7                       00440770 f   UiInformation3.obj
 0001:0003f780       _$E9                       00440780 f   UiInformation3.obj
 0001:0003f790       _$E8                       00440790 f   UiInformation3.obj
 0001:0003f160       _$E10                      00440160 f   UiInformation2.obj
 0001:0003f170       _$E7                       00440170 f   UiInformation2.obj
 0001:0003f180       _$E9                       00440180 f   UiInformation2.obj
 0001:0003f190       _$E8                       00440190 f   UiInformation2.obj
 0001:0003ec20       _$E10                      0043fc20 f   UiInformation.obj
 0001:0003ec30       _$E7                       0043fc30 f   UiInformation.obj
 0001:0003ec40       _$E9                       0043fc40 f   UiInformation.obj
 0001:0003ec50       _$E8                       0043fc50 f   UiInformation.obj
 0001:0003d330       _$E37                      0043e330 f   UiChatPhrase.obj
 0001:0003d340       _$E34                      0043e340 f   UiChatPhrase.obj
 0001:0003d350       _$E36                      0043e350 f   UiChatPhrase.obj
 0001:0003d360       _$E35                      0043e360 f   UiChatPhrase.obj
 0001:00035000       _$E57                      00436000 f   UiChatCentre.obj
 0001:00035010       _$E56                      00436010 f   UiChatCentre.obj
 0001:000271b0       _$E35                      004281b0 f   UiKeyBoard.obj
 0001:000271c0       _$E32                      004281c0 f   UiKeyBoard.obj
 0001:000271d0       _$E34                      004281d0 f   UiKeyBoard.obj
 0001:000271e0       _$E33                      004281e0 f   UiKeyBoard.obj
 0001:000271f0       _$E41                      004281f0 f   UiKeyBoard.obj
 0001:00027200       _$E38                      00428200 f   UiKeyBoard.obj
 0001:00027210       _$E40                      00428210 f   UiKeyBoard.obj
 0001:00027220       _$E39                      00428220 f   UiKeyBoard.obj
 0001:00010c10       _$E56                      00411c10 f   Wnds.obj
 0001:00010c20       _$E53                      00411c20 f   Wnds.obj
 0001:00010d10       _$E55                      00411d10 f   Wnds.obj
 0001:00010d20       _$E54                      00411d20 f   Wnds.obj
 0001:00011510       ?Wnd_GetActive@@YAPAVKWndWindow@@HH_N@Z 00412510 f   Wnds.obj
 0001:00006740       _$E4                       00407740 f   WndEdit.obj
 0001:00006750       _$E1                       00407750 f   WndEdit.obj
 0001:00006760       _$E3                       00407760 f   WndEdit.obj
 0001:00006770       _$E2                       00407770 f   WndEdit.obj
 0001:000031a0       _$E28                      004041a0 f   SpaceOver.obj
 0001:000031b0       _$E27                      004041b0 f   SpaceOver.obj
 0001:00000fe0       _$E28                      00401fe0 f   MouseHover.obj
 0001:00000ff0       _$E27                      00401ff0 f   MouseHover.obj
 0001:000000b0       _$E2                       004010b0 f   ComWindow.obj
 0001:000000c0       _$E1                       004010c0 f   ComWindow.obj
 0001:000932b4       ?ArrayUnwindFilter@@YAHPAU_EXCEPTION_POINTERS@@@Z 004942b4 f   MSVCRT:ehvecdtr.obj
