 Game

 Timestamp is 69148bef (Wed Nov 12 08:30:23 2025)

 Preferred load address is 00400000

 Start         Length     Name                   Class
 0001:00000000 0008df8aH .text                   CODE
 0001:0008df90 0000bc7cH .text$x                 CODE
 0002:00000000 00000430H .idata$5                DATA
 0002:00000430 0000267cH .rdata                  DATA
 0002:00002ab0 0000a1e8H .xdata$x                DATA
 0002:0000cc98 000000b4H .idata$2                DATA
 0002:0000cd4c 00000014H .idata$3                DATA
 0002:0000cd60 00000430H .idata$4                DATA
 0002:0000d190 00001d7aH .idata$6                DATA
 0002:0000ef0a 00000000H .edata                  DATA
 0003:00000000 00000004H .CRT$XCA                DATA
 0003:00000004 0000007cH .CRT$XCU                DATA
 0003:00000080 00000004H .CRT$XCZ                DATA
 0003:00000084 00000004H .CRT$XIA                DATA
 0003:00000088 00000004H .CRT$XIZ                DATA
 0003:00000090 0000a735H .data                   DATA
 0003:0000a7c8 00004d10H .bss                    DATA
 0004:00000000 000000e8H .rsrc$01                DATA
 0004:000000f0 000013e8H .rsrc$02                DATA

  Address         Publics by Value              Rva+Base     Lib:Object

 0001:00000000       ?ALW_GetWndPosition@@YAXAAH0HH_N1@Z 00401000 f   AutoLocateWnd.obj
 0001:000000d0       ?gGetComClassFactory@@YAPAVKComClassFactory@@XZ 004010d0 f   ComWindow.obj
 0001:000000e0       ??0KComClassFactory@@QAE@XZ 004010e0 f   ComWindow.obj
 0001:000000f0       ?FindComClass@KComClassFactory@@QAEPAUKComClassInfo@@PBD@Z 004010f0 f   ComWindow.obj
 0001:00000160       ?FindComClass@KComClassFactory@@QAEPAUKComClassInfo@@PBU2@@Z 00401160 f   ComWindow.obj
 0001:00000180       ?RegisterComClass@KComClassFactory@@QAEHABUKComClassInfo@@@Z 00401180 f   ComWindow.obj
 0001:000001c0       ?CreateComObject@KComClassFactory@@QAEPAVKWndWindow@@PBD@Z 004011c0 f   ComWindow.obj
 0001:000001e0       ?get_VS_ColorRGB@@YAPAHPAH0HH@Z 004011e0 f   LightLoop.obj
 0001:000002b0       ?_Draw_Light@@YAXPAUKRUPoint@@HAAHAAEHHHHH@Z 004012b0 f   LightLoop.obj
 0001:000004c0       ?_SwapPos@@YAXAAHAAEHHHH@Z 004014c0 f   LightLoop.obj
 0001:00000540       ?DrawLight@@YAXAAHAAE1HHHHHH@Z 00401540 f   LightLoop.obj
 0001:00000e60       ?DrawBorder@@YAXAAHAAGAAKHHHHH@Z 00401e60 f   LightLoop.obj
 0001:00000fb0       ??_H@YGXPAXIHP6EX0@Z@Z     00401fb0 f i MouseHover.obj
 0001:00001000       ?SetHoverObjDescColor@@YAXI@Z 00402000 f   MouseHover.obj
 0001:00001010       ?SetMouseHoverObjectDesc@@YAXPAXHIIHHH@Z 00402010 f   MouseHover.obj
 0001:00001240       ?DrawDraggingGameObjFunc@@YAHHHABUKUiDraggedObject@@H@Z 00402240 f   MouseHover.obj
 0001:00001270       ??0KMouseOver@@QAE@XZ      00402270 f   MouseHover.obj
 0001:00001320       ?IsMoseHoverWndObj@KMouseOver@@QAEHPAXH@Z 00402320 f   MouseHover.obj
 0001:00001350       ?CancelMouseHoverInfo@KMouseOver@@QAEXXZ 00402350 f   MouseHover.obj
 0001:000013c0       ?SetMouseHoverInfo@KMouseOver@@QAEXPAXHHH_N1@Z 004023c0 f   MouseHover.obj
 0001:00001430       ?SetMouseHoverImage@KMouseOver@@QAEX_N@Z 00402430 f   MouseHover.obj
 0001:00001520       ?SetMouseHoverTitle@KMouseOver@@QAEXPBDHI@Z 00402520 f   MouseHover.obj
 0001:00001590       ?SetMouseHoverProp@KMouseOver@@QAEXPBDHI@Z 00402590 f   MouseHover.obj
 0001:00001600       ?SetMouseHoverDesc@KMouseOver@@QAEXPBDHI@Z 00402600 f   MouseHover.obj
 0001:00001670       ?SetMouseHoverIcon@KMouseOver@@QAEXPBD@Z 00402670 f   MouseHover.obj
 0001:00001730       ?Update@KMouseOver@@AAEXHH@Z 00402730 f   MouseHover.obj
 0001:000018c0       ?UpdateCursorPos@KMouseOver@@QAEXHH@Z 004028c0 f   MouseHover.obj
 0001:000018f0       ?OnWndClosed@KMouseOver@@QAEXPAX@Z 004028f0 f   MouseHover.obj
 0001:00001910       ?LoadScheme@KMouseOver@@QAEXPBD@Z 00402910 f   MouseHover.obj
 0001:00001c10       ?PaintMouseHoverInfo@KMouseOver@@QAEXXZ 00402c10 f   MouseHover.obj
 0001:00002110       ?OnWndDelete@KPopupMenu@@SAXPAVKWndWindow@@@Z 00403110 f   PopupMenu.obj
 0001:00002130       ?Popup@KPopupMenu@@SAXPAUKPopupMenuData@@PAVKWndWindow@@I@Z 00403130 f   PopupMenu.obj
 0001:00002430       ?PaintMenu@KPopupMenu@@SAXXZ 00403430 f   PopupMenu.obj
 0001:00002af0       ?HandleInput@KPopupMenu@@SAHIIH@Z 00403af0 f   PopupMenu.obj
 0001:00002bd0       ?SelectItem@KPopupMenu@@CA_NH_N@Z 00403bd0 f   PopupMenu.obj
 0001:00002c60       ?SelectItem@KPopupMenu@@CA_NHH_N@Z 00403c60 f   PopupMenu.obj
 0001:00002d80       ?Cancel@KPopupMenu@@SAXXZ  00403d80 f   PopupMenu.obj
 0001:00002db0       ?InitMenuData@KPopupMenu@@SAXPAUKPopupMenuData@@H@Z 00403db0 f   PopupMenu.obj
 0001:00002e80       ?LoadTheme@KPopupMenu@@SAXPBD@Z 00403e80 f   PopupMenu.obj
 0001:000031c0       ?SetSpaceOverObjDescColor@@YAXI@Z 004041c0 f   SpaceOver.obj
 0001:000031d0       ?SetSpaceOverObjectDesc@@YAXPAXHIIHHHI_N@Z 004041d0 f   SpaceOver.obj
 0001:00003300       ??0KSpaceOver@@QAE@XZ      00404300 f   SpaceOver.obj
 0001:000033a0       ?IsSpaceOverWndObj@KSpaceOver@@QAEHPAXH@Z 004043a0 f   SpaceOver.obj
 0001:000033d0       ?CancelSpaceOverInfo@KSpaceOver@@QAEXXZ 004043d0 f   SpaceOver.obj
 0001:00003410       ?SetSpaceOverInfo@KSpaceOver@@QAEXPAXHHHI_N1@Z 00404410 f   SpaceOver.obj
 0001:00003480       ?SetSpaceOverImage@KSpaceOver@@QAEX_N@Z 00404480 f   SpaceOver.obj
 0001:00003560       ?SetSpaceOverDesc@KSpaceOver@@QAEXPBDHI@Z 00404560 f   SpaceOver.obj
 0001:000035d0       ?Update@KSpaceOver@@AAEXHH@Z 004045d0 f   SpaceOver.obj
 0001:000036e0       ?UpdateCursorPos@KSpaceOver@@QAEXHH@Z 004046e0 f   SpaceOver.obj
 0001:00003710       ?OnWndClosed@KSpaceOver@@QAEXPAX@Z 00404710 f   SpaceOver.obj
 0001:00003730       ?LoadScheme@KSpaceOver@@QAEXPBD@Z 00404730 f   SpaceOver.obj
 0001:000038f0       ?PaintSpaceOverInfo@KSpaceOver@@QAEXXZ 004048f0 f   SpaceOver.obj
 0001:00003bd0       ?OutputTabSplitText@@YAHPBDHHHPAUKOutputTextParam@@@Z 00404bd0 f   SpecialFuncs.obj
 0001:00003d50       ?SetScrPicPath@@YA_NPBD@Z  00404d50 f   SpecialFuncs.obj
 0001:00003e10       ?GetSrcPicPath@@YAPADXZ    00404e10 f   SpecialFuncs.obj
 0001:00003e30       ?GetAPrintScreenFileName@@YA_NPADH@Z 00404e30 f   SpecialFuncs.obj
 0001:00003e70       ?SaveScreenToFile@@YAXW4ScreenFileType@@I@Z 00404e70 f   SpecialFuncs.obj
 0001:00003f60       ??0KInlinePicSink@@QAE@XZ  00404f60 f   TextPic.obj
 0001:00003fb0       ?Init@KInlinePicSink@@QAEHPAUiRepresentShell@@@Z 00404fb0 f   TextPic.obj
 0001:000044a0       ?UnInit@KInlinePicSink@@QAEHXZ 004054a0 f   TextPic.obj
 0001:000044d0       ?GetPicSize@KInlinePicSink@@UAEJGAAH0@Z 004054d0 f   TextPic.obj
 0001:000045e0       ?DrawPic@KInlinePicSink@@UAEJGHH@Z 004055e0 f   TextPic.obj
 0001:000046e0       ?AddCustomInlinePic@KInlinePicSink@@UAEJAAGPBD@Z 004056e0 f   TextPic.obj
 0001:00004a70       ?RemoveCustomInlinePic@KInlinePicSink@@UAEJG@Z 00405a70 f   TextPic.obj
 0001:00004af0       ?_Destroy@?$vector@UKImageParam@@V?$allocator@UKImageParam@@@std@@@std@@IAEXPAUKImageParam@@0@Z 00405af0 f i TextPic.obj
 0001:00004b00       ?insert@?$vector@UKUiImageRef@@V?$allocator@UKUiImageRef@@@std@@@std@@QAEXPAUKUiImageRef@@IABU3@@Z 00405b00 f i TextPic.obj
 0001:00004e20       ?size@?$vector@UKImageParam@@V?$allocator@UKImageParam@@@std@@@std@@QBEIXZ 00405e20 f i TextPic.obj
 0001:00004e50       ?_Ucopy@?$vector@UKImageParam@@V?$allocator@UKImageParam@@@std@@@std@@IAEPAUKImageParam@@PBU3@0PAU3@@Z 00405e50 f i TextPic.obj
 0001:00004ea0       ?_Ufill@?$vector@UKImageParam@@V?$allocator@UKImageParam@@@std@@@std@@IAEXPAUKImageParam@@IABU3@@Z 00405ea0 f i TextPic.obj
 0001:00004ef0       ?_Construct@std@@YAXPAUKImageParam@@ABU2@@Z 00405ef0 f i TextPic.obj
 0001:00004f20       ??0KUiCursor@@QAE@XZ       00405f20 f   UiCursor.obj
 0001:00004f50       ?Cleanup@KUiCursor@@QAEXXZ 00405f50 f   UiCursor.obj
 0001:00004f80       ??1KUiCursor@@QAE@XZ       00405f80 f   UiCursor.obj
 0001:00004f90       ?SetPosition@KUiCursor@@QAEXHH@Z 00405f90 f   UiCursor.obj
 0001:00004fb0       ?GetPosition@KUiCursor@@QAEXAAH0@Z 00405fb0 f   UiCursor.obj
 0001:00004fd0       ?KUiLoadCursor@@YAHPBDAAPAUHICON__@@@Z 00405fd0 f   UiCursor.obj
 0001:000051c0       ?SetImage@KUiCursor@@QAEXHPBD@Z 004061c0 f   UiCursor.obj
 0001:00005200       ?SwitchImage@KUiCursor@@QAEHH@Z 00406200 f   UiCursor.obj
 0001:00005240       ?RestoreCursor@KUiCursor@@QAEXXZ 00406240 f   UiCursor.obj
 0001:00005250       ?Paint@KUiCursor@@QAEXXZ   00406250 f   UiCursor.obj
 0001:00005260       ?Show@KUiCursor@@QAEXH@Z   00406260 f   UiCursor.obj
 0001:00005270       ?IR_GetCurrentTime@@YAIXZ  00406270 f   UiImage.obj
 0001:00005280       ?IR_UpdateTime@@YAXXZ      00406280 f   UiImage.obj
 0001:00005290       ?IR_InitUiImageRef@@YAXAAUKUiImageRef@@@Z 00406290 f   UiImage.obj
 0001:000052b0       ?IR_InitUiImagePartRef@@YAXAAUKUiImagePartRef@@@Z 004062b0 f   UiImage.obj
 0001:000052d0       ?IR_IsTimePassed@@YAHIAAI@Z 004062d0 f   UiImage.obj
 0001:00005300       ?IR_GetRemainTime@@YAIII@Z 00406300 f   UiImage.obj
 0001:00005320       ?IR_NextFrame@@YAHAAUKUiImageRef@@@Z 00406320 f   UiImage.obj
 0001:00005400       ?IR_UpdateImagePart@@YAXAAUKUiImagePartRef@@HH@Z 00406400 f   UiImage.obj
 0001:000055d0       ?IR_DrawImage@@YAXPAUKUiImageRef@@@Z 004065d0 f   UiImage.obj
 0001:000055f0       ?IR_DrawImagePart@@YAXPAUKUiImagePartRef@@@Z 004065f0 f   UiImage.obj
 0001:00005610       ?IR_GetSpritePixcelAlpha@@YAHAAUKUiImageRef@@HH@Z 00406610 f   UiImage.obj
 0001:00005650       ?IR_GetReferenceSpot@@YAXAAUKUiImageRef@@AAH1@Z 00406650 f   UiImage.obj
 0001:000056b0       ?IR_GetCurFrame@@YAHAAUKUiImageRef@@@Z 004066b0 f   UiImage.obj
 0001:000056d0       ?IR_GetNumFrames@@YAHAAUKUiImageRef@@@Z 004066d0 f   UiImage.obj
 0001:00005760       ?SetAllButtonTipTextColor@KWndButton@@SAXI@Z 00406760 f   WndButton.obj
 0001:00005770       ?EnableAllButtonTip@KWndButton@@SAXH@Z 00406770 f   WndButton.obj
 0001:00005790       ??0KWndButton@@QAE@XZ      00406790 f   WndButton.obj
 0001:000057e0       ?UpdateData@KWndWindow@@UAEXXZ 004067e0 f i WndButton.obj
 0001:000057f0       ?CloseWindow@KWndWindow@@UAEH_N@Z 004067f0 f i WndButton.obj
 0001:00005800       ?Breathe@KWndWindow@@EAEXXZ 00406800 f i WndButton.obj
 0001:00005810       ?GetShortKey@KWndButton@@UAEPBDXZ 00406810 f i WndButton.obj
 0001:00005820       ?OnButtonClick@KWndButton@@UAEXXZ 00406820 f i WndButton.obj
 0001:00005830       ??_EKWndButton@@UAEPAXI@Z  00406830 f i WndButton.obj
 0001:00005830       ??_GKWndButton@@UAEPAXI@Z  00406830 f i WndButton.obj
 0001:00005850       ??1KWndButton@@UAE@XZ      00406850 f i WndButton.obj
 0001:00005860       ?Clone@KWndButton@@QAEXPAV1@@Z 00406860 f   WndButton.obj
 0001:00005900       ?Init@KWndButton@@UAEHPAVKIniFile@@PBD@Z 00406900 f   WndButton.obj
 0001:00005b00       ?IsButtonChecked@KWndButton@@QAEHXZ 00406b00 f   WndButton.obj
 0001:00005b10       ?CheckButton@KWndButton@@QAEXH@Z 00406b10 f   WndButton.obj
 0001:00005b50       ?IsButtonActive@KWndButton@@QAEHXZ 00406b50 f   WndButton.obj
 0001:00005b60       ?WndProc@KWndButton@@UAEHIIH@Z 00406b60 f   WndButton.obj
 0001:00005e10       ?GetToolTipInfo@KWndButton@@UAEHPADH@Z 00406e10 f   WndButton.obj
 0001:00005ec0       ?SetToolTipInfo@KWndButton@@QAEHPADH@Z 00406ec0 f   WndButton.obj
 0001:00005f30       ?PaintWindow@KWndButton@@UAEXXZ 00406f30 f   WndButton.obj
 0001:00005f70       ?OnLBtnDown@KWndButton@@AAEX_N@Z 00406f70 f   WndButton.obj
 0001:00006060       ?OnLBtnUp@KWndButton@@AAEXXZ 00407060 f   WndButton.obj
 0001:000060c0       ?OnLBtnDownMove@KWndButton@@AAEXXZ 004070c0 f   WndButton.obj
 0001:000060f0       ?Enable@KWndButton@@UAEXH@Z 004070f0 f   WndButton.obj
 0001:00006160       ??0KWndImageTextButton@@QAE@XZ 00407160 f   WndButton.obj
 0001:000061e0       ??_EKWndImageTextButton@@UAEPAXI@Z 004071e0 f i WndButton.obj
 0001:000061e0       ??_GKWndImageTextButton@@UAEPAXI@Z 004071e0 f i WndButton.obj
 0001:00006200       ??1KWndMovingImage@@UAE@XZ 00407200 f i WndButton.obj
 0001:00006210       ??1KWndImagePart@@UAE@XZ   00407210 f i WndButton.obj
 0001:00006220       ??1KWndImageTextButton@@UAE@XZ 00407220 f i WndButton.obj
 0001:00006290       ?Init@KWndImageTextButton@@UAEHPAVKIniFile@@PBD@Z 00407290 f   WndButton.obj
 0001:00006390       ?Set2IntText@KWndImageTextButton@@QAEXHHD@Z 00407390 f   WndButton.obj
 0001:000063b0       ?SetIntText@KWndImageTextButton@@QAEXHD@Z 004073b0 f   WndButton.obj
 0001:000063d0       ?SetWorldRankText@KWndImageTextButton@@QAEXHD@Z 004073d0 f   WndButton.obj
 0001:000063f0       ?SetText@KWndImageTextButton@@QAEXPBDH@Z 004073f0 f   WndButton.obj
 0001:00006410       ?GetText@KWndImageTextButton@@QAEHPADH@Z 00407410 f   WndButton.obj
 0001:00006430       ?Set2IntValue@KWndImageTextButton@@QAEXHH@Z 00407430 f   WndButton.obj
 0001:00006460       ??0KWndChessPanel@@AAE@XZ  00407460 f   WndChessPanel.obj
 0001:00006480       ??_EKWndChessPanel@@EAEPAXI@Z 00407480 f i WndChessPanel.obj
 0001:00006480       ??_GKWndChessPanel@@EAEPAXI@Z 00407480 f i WndChessPanel.obj
 0001:000064a0       ??1KWndChessPanel@@EAE@XZ  004074a0 f   WndChessPanel.obj
 0001:000064b0       ?OpenWindow@KWndChessPanel@@SAPAV1@_N@Z 004074b0 f   WndChessPanel.obj
 0001:00006570       ?CloseWindow@KWndChessPanel@@SAX_N@Z 00407570 f   WndChessPanel.obj
 0001:000065b0       ?Clear@KWndChessPanel@@SAXXZ 004075b0 f   WndChessPanel.obj
 0001:000065c0       ?GetIfVisible@KWndChessPanel@@SAPAV1@XZ 004075c0 f   WndChessPanel.obj
 0001:000065e0       ?PaintWindow@KWndChessPanel@@UAEXXZ 004075e0 f   WndChessPanel.obj
 0001:00006700       ?PtInWindow@KWndChessPanel@@UAEHHH@Z 00407700 f   WndChessPanel.obj
 0001:00006710       ?WndProc@KWndChessPanel@@UAEHIIH@Z 00407710 f   WndChessPanel.obj
 0001:00006720       ?Initialize@KWndChessPanel@@AAEXXZ 00407720 f   WndChessPanel.obj
 0001:00006730       ?Init@KWndChessPanel@@UAEHPAVKIniFile@@PBD@Z 00407730 f   WndChessPanel.obj
 0001:00006780       ??0KWndEdit@@QAE@XZ        00407780 f   WndEdit.obj
 0001:000067c0       ??_EKWndEdit@@UAEPAXI@Z    004077c0 f i WndEdit.obj
 0001:000067c0       ??_GKWndEdit@@UAEPAXI@Z    004077c0 f i WndEdit.obj
 0001:000067e0       ??1KWndEdit@@UAE@XZ        004077e0 f   WndEdit.obj
 0001:000067f0       ?Clone@KWndEdit@@QAEXPAV1@@Z 004077f0 f   WndEdit.obj
 0001:00006840       ?Init@KWndEdit@@UAEHPAVKIniFile@@PBD@Z 00407840 f   WndEdit.obj
 0001:00006a80       ?Enable@KWndEdit@@UAEXH@Z  00407a80 f   WndEdit.obj
 0001:00006ac0       ?WndProc@KWndEdit@@UAEHIIH@Z 00407ac0 f   WndEdit.obj
 0001:00006d10       ?SetColor@KWndEdit@@QAEXI@Z 00407d10 f   WndEdit.obj
 0001:00006d20       ?InsertString@KWndEdit@@QAEHPBDH@Z 00407d20 f   WndEdit.obj
 0001:00006de0       ?Copy@KWndEdit@@AAEHXZ     00407de0 f   WndEdit.obj
 0001:00006e60       ?Paste@KWndEdit@@AAEHXZ    00407e60 f   WndEdit.obj
 0001:00006ea0       ?OnKeyDown@KWndEdit@@IAEHHH@Z 00407ea0 f   WndEdit.obj
 0001:000072d0       ?InsertChar@KWndEdit@@QAEHH@Z 004082d0 f   WndEdit.obj
 0001:00007380       ?InsertChar@KWndEdit@@IAEHDD@Z 00408380 f   WndEdit.obj
 0001:00007430       ?UpdateData@KWndEdit@@EAEXXZ 00408430 f   WndEdit.obj
 0001:00007450       ?FmtForShow@KWndEdit@@AAEXXZ 00408450 f   WndEdit.obj
 0001:00007610       ?SplitStringLine@@YAHPADHH@Z 00408610 f   WndEdit.obj
 0001:00007670       ?PaintWindow@KWndEdit@@UAEXXZ 00408670 f   WndEdit.obj
 0001:00007990       ?SetTextPtr@KWndEdit@@IAEXPADH@Z 00408990 f   WndEdit.obj
 0001:000079c0       ?SetText@KWndEdit@@QAEXPBD@Z 004089c0 f   WndEdit.obj
 0001:00007a30       ?ClearText@KWndEdit@@QAEX_N@Z 00408a30 f   WndEdit.obj
 0001:00007a80       ?SetIntText@KWndEdit@@QAEXH@Z 00408a80 f   WndEdit.obj
 0001:00007ac0       ?GetIntNumber@KWndEdit@@QAEHXZ 00408ac0 f   WndEdit.obj
 0001:00007ae0       ?GetTextString@KWndEdit@@QAEPADXZ 00408ae0 f   WndEdit.obj
 0001:00007af0       ?GetText@KWndEdit@@QAEHPADH_N@Z 00408af0 f   WndEdit.obj
 0001:00007b70       ?GetCaretPosition@KWndEdit@@QAEXPAH0@Z 00408b70 f   WndEdit.obj
 0001:00007bb0       ??0KWndEdit06@@QAE@XZ      00408bb0 f   WndEdit.obj
 0001:00007be0       ??_GKWndEdit06@@UAEPAXI@Z  00408be0 f i WndEdit.obj
 0001:00007be0       ??_EKWndEdit06@@UAEPAXI@Z  00408be0 f i WndEdit.obj
 0001:00007c00       ??1KWndEdit06@@UAE@XZ      00408c00 f i WndEdit.obj
 0001:00007c10       ??0KWndEdit32@@QAE@XZ      00408c10 f   WndEdit.obj
 0001:00007c40       ??_EKWndEdit32@@UAEPAXI@Z  00408c40 f i WndEdit.obj
 0001:00007c40       ??_GKWndEdit32@@UAEPAXI@Z  00408c40 f i WndEdit.obj
 0001:00007c60       ??1KWndEdit32@@UAE@XZ      00408c60 f i WndEdit.obj
 0001:00007c70       ??0KWndEdit80@@QAE@XZ      00408c70 f   WndEdit.obj
 0001:00007ca0       ??_EKWndEdit80@@UAEPAXI@Z  00408ca0 f i WndEdit.obj
 0001:00007ca0       ??_GKWndEdit80@@UAEPAXI@Z  00408ca0 f i WndEdit.obj
 0001:00007cc0       ??1KWndEdit80@@UAE@XZ      00408cc0 f i WndEdit.obj
 0001:00007cd0       ??0KWndEdit128@@QAE@XZ     00408cd0 f   WndEdit.obj
 0001:00007d00       ??_EKWndEdit128@@UAEPAXI@Z 00408d00 f i WndEdit.obj
 0001:00007d00       ??_GKWndEdit128@@UAEPAXI@Z 00408d00 f i WndEdit.obj
 0001:00007d20       ??1KWndEdit128@@UAE@XZ     00408d20 f i WndEdit.obj
 0001:00007d30       ??0KWndEdit512@@QAE@XZ     00408d30 f   WndEdit.obj
 0001:00007d60       ??_GKWndEdit512@@UAEPAXI@Z 00408d60 f i WndEdit.obj
 0001:00007d60       ??_EKWndEdit512@@UAEPAXI@Z 00408d60 f i WndEdit.obj
 0001:00007d80       ??1KWndEdit512@@UAE@XZ     00408d80 f i WndEdit.obj
 0001:00007d90       ??0KWndImage@@QAE@XZ       00408d90 f   WndImage.obj
 0001:00007de0       ??_GKWndImage@@UAEPAXI@Z   00408de0 f i WndImage.obj
 0001:00007de0       ??_EKWndImage@@UAEPAXI@Z   00408de0 f i WndImage.obj
 0001:00007e00       ??1KWndImage@@UAE@XZ       00408e00 f i WndImage.obj
 0001:00007e10       ?Clone@KWndImage@@QAEXPAV1@@Z 00408e10 f   WndImage.obj
 0001:00007e40       ?Init@KWndImage@@UAEHPAVKIniFile@@PBD@Z 00408e40 f   WndImage.obj
 0001:00007fb0       ?PtInWindow@KWndImage@@UAEHHH@Z 00408fb0 f   WndImage.obj
 0001:00008030       ?SetFrame@KWndImage@@QAEXH@Z 00409030 f   WndImage.obj
 0001:00008040       ?SetImage@KWndImage@@QAEXFPBD_N@Z 00409040 f   WndImage.obj
 0001:000080d0       ?UpdateTimer@KWndImage@@QAEXXZ 004090d0 f   WndImage.obj
 0001:000080e0       ?NextFrame@KWndImage@@QAEHXZ 004090e0 f   WndImage.obj
 0001:000080f0       ?PaintWindow@KWndImage@@UAEXXZ 004090f0 f   WndImage.obj
 0001:00008130       ?GetCurFrame@KWndImage@@QAEHXZ 00409130 f   WndImage.obj
 0001:00008140       ?GetNumFrames@KWndImage@@QAEHXZ 00409140 f   WndImage.obj
 0001:00008150       ?GetMaxFrame@KCanGetNumImage@@QAEHXZ 00409150 f   WndImage.obj
 0001:00008160       ?GetCurrentFrame@KCanGetNumImage@@QAEHXZ 00409160 f   WndImage.obj
 0001:00008170       ??0KWndImage2@@QAE@XZ      00409170 f   WndImage2.obj
 0001:000081e0       ??_EKWndImage2@@UAEPAXI@Z  004091e0 f i WndImage2.obj
 0001:000081e0       ??_GKWndImage2@@UAEPAXI@Z  004091e0 f i WndImage2.obj
 0001:00008200       ??1KWndImage2@@UAE@XZ      00409200 f i WndImage2.obj
 0001:00008210       ?Clone@KWndImage2@@QAEXPAV1@@Z 00409210 f   WndImage2.obj
 0001:00008290       ?Init@KWndImage2@@UAEHPAVKIniFile@@PBD@Z 00409290 f   WndImage2.obj
 0001:00008410       ?WndProc@KWndImage2@@UAEHIIH@Z 00409410 f   WndImage2.obj
 0001:000084c0       ?PtInWindow@KWndImage2@@UAEHHH@Z 004094c0 f   WndImage2.obj
 0001:00008540       ?SetFrame@KWndImage2@@QAEXH@Z 00409540 f   WndImage2.obj
 0001:00008550       ?SetImage@KWndImage2@@QAEXFPBD_N@Z 00409550 f   WndImage2.obj
 0001:000085f0       ?UpdateTimer@KWndImage2@@QAEXXZ 004095f0 f   WndImage2.obj
 0001:00008600       ?NextFrame@KWndImage2@@QAEHXZ 00409600 f   WndImage2.obj
 0001:00008610       ?PaintWindow@KWndImage2@@UAEXXZ 00409610 f   WndImage2.obj
 0001:00008650       ?GetCurFrame@KWndImage2@@QAEHXZ 00409650 f   WndImage2.obj
 0001:00008660       ?GetNumFrames@KWndImage2@@QAEHXZ 00409660 f   WndImage2.obj
 0001:00008670       ?SetToolTipInfo@KWndImage2@@QAEHPADH@Z 00409670 f   WndImage2.obj
 0001:000086e0       ?SetData@KWndImage2@@QAEXHH@Z 004096e0 f   WndImage2.obj
 0001:00008700       ??0KWndImagePart@@QAE@XZ   00409700 f   WndImagePart.obj
 0001:00008750       ??_GKWndImagePart@@UAEPAXI@Z 00409750 f i WndImagePart.obj
 0001:00008750       ??_EKWndImagePart@@UAEPAXI@Z 00409750 f i WndImagePart.obj
 0001:00008770       ?Clone@KWndImagePart@@IAEXPAV1@@Z 00409770 f   WndImagePart.obj
 0001:000087b0       ?Init@KWndImagePart@@UAEHPAVKIniFile@@PBD@Z 004097b0 f   WndImagePart.obj
 0001:00008870       ?PaintWindow@KWndImagePart@@UAEXXZ 00409870 f   WndImagePart.obj
 0001:000088b0       ?SetPart@KWndImagePart@@QAEXHH@Z 004098b0 f   WndImagePart.obj
 0001:000088d0       ??0KWndLabeledButton@@QAE@XZ 004098d0 f   WndLabeledButton.obj
 0001:00008910       ??_GKWndLabeledButton@@UAEPAXI@Z 00409910 f i WndLabeledButton.obj
 0001:00008910       ??_EKWndLabeledButton@@UAEPAXI@Z 00409910 f i WndLabeledButton.obj
 0001:00008930       ??1KWndLabeledButton@@UAE@XZ 00409930 f i WndLabeledButton.obj
 0001:00008940       ?Clone@KWndLabeledButton@@QAEXPAV1@@Z 00409940 f   WndLabeledButton.obj
 0001:00008a10       ?Init@KWndLabeledButton@@UAEHPAVKIniFile@@PBD@Z 00409a10 f   WndLabeledButton.obj
 0001:00008c60       ?SetLabel@KWndLabeledButton@@QAEXPBD@Z 00409c60 f   WndLabeledButton.obj
 0001:00008cc0       ?GetLabel@KWndLabeledButton@@QAEHPADH@Z 00409cc0 f   WndLabeledButton.obj
 0001:00008d10       ?SetLabelColor@KWndLabeledButton@@QAEXI@Z 00409d10 f   WndLabeledButton.obj
 0001:00008d20       ?PaintWindow@KWndLabeledButton@@UAEXXZ 00409d20 f   WndLabeledButton.obj
 0001:00008e20       ?Init@KWndRichLabeledButton@@UAEHPAVKIniFile@@PBD@Z 00409e20 f   WndLabeledButton.obj
 0001:00008e90       ?SetLabel@KWndRichLabeledButton@@QAEXPBDH@Z 00409e90 f   WndLabeledButton.obj
 0001:00008eb0       ?SetMoneyLabel@KWndRichLabeledButton@@QAEXK@Z 00409eb0 f   WndLabeledButton.obj
 0001:00008f40       ?SetLabelColor@KWndRichLabeledButton@@QAEXI@Z 00409f40 f   WndLabeledButton.obj
 0001:00008f60       ?GetLabel@KWndRichLabeledButton@@QAEHPAD@Z 00409f60 f   WndLabeledButton.obj
 0001:00008f80       ?PaintWindow@KWndRichLabeledButton@@UAEXXZ 00409f80 f   WndLabeledButton.obj
 0001:00008fb0       ??0KWndList@@QAE@XZ        00409fb0 f   WndList.obj
 0001:00009040       ??_EKWndList@@UAEPAXI@Z    0040a040 f i WndList.obj
 0001:00009040       ??_GKWndList@@UAEPAXI@Z    0040a040 f i WndList.obj
 0001:00009060       ?Clone@KWndList@@IAEXPAV1@@Z 0040a060 f   WndList.obj
 0001:00009140       ??1KWndList@@UAE@XZ        0040a140 f   WndList.obj
 0001:000091a0       ?SetScrollbar@KWndList@@QAEXPAVKWndScrollBar@@@Z 0040a1a0 f   WndList.obj
 0001:00009200       ?Init@KWndList@@UAEHPAVKIniFile@@PBD@Z 0040a200 f   WndList.obj
 0001:00009490       ?EnableMultiSel@KWndList@@QAEXH@Z 0040a490 f   WndList.obj
 0001:00009560       ?SetCustomColorOffset@KWndList@@QAEXH@Z 0040a560 f   WndList.obj
 0001:00009580       ?WndProc@KWndList@@UAEHIIH@Z 0040a580 f   WndList.obj
 0001:000096a0       ?GetIemIndexAtPoint@KWndList@@AAEHHH@Z 0040a6a0 f   WndList.obj
 0001:00009730       ?OnLButtonDown@KWndList@@AAEXHH@Z 0040a730 f   WndList.obj
 0001:000097d0       ?IsItemSel@KWndList@@QAEHH@Z 0040a7d0 f   WndList.obj
 0001:00009840       ?OnRButtonDown@KWndList@@AAEXHH@Z 0040a840 f   WndList.obj
 0001:00009870       ?OnLButtonDClick@KWndList@@AAEXHH@Z 0040a870 f   WndList.obj
 0001:000098a0       ?SetCurSel@KWndList@@QAEHH@Z 0040a8a0 f   WndList.obj
 0001:00009950       ?UpdateData@KWndList@@EAEXXZ 0040a950 f   WndList.obj
 0001:000099a0       ?OnMouseMove@KWndList@@AAEXHH@Z 0040a9a0 f   WndList.obj
 0001:000099e0       ?PaintWindow@KWndList@@UAEXXZ 0040a9e0 f   WndList.obj
 0001:00009f20       ?SetContent@KWndList@@QAEXPAEHHH@Z 0040af20 f   WndList.obj
 0001:0000a000       ?FindString@KWndList@@QAEHHPBD@Z 0040b000 f   WndList.obj
 0001:0000a080       ?GetItemDataInt@KWndList@@QAEHHH@Z 0040b080 f   WndList.obj
 0001:0000a0c0       ?GetString@KWndList@@QAEXHPAD@Z 0040b0c0 f   WndList.obj
 0001:0000a110       ?GetStrignLen@KWndList@@QAEHH@Z 0040b110 f   WndList.obj
 0001:0000a150       ?SetTopItemIndex@KWndList@@QAEXH@Z 0040b150 f   WndList.obj
 0001:0000a170       ?GetVisibleItemCount@KWndList@@QBEHXZ 0040b170 f   WndList.obj
 0001:0000a190       ?SetImage@KWndList@@QAEXPBDFF@Z 0040b190 f   WndList.obj
 0001:0000a1f0       ??0KWndList2@@QAE@XZ       0040b1f0 f   WndList2.obj
 0001:0000a250       ??_GKWndList2@@UAEPAXI@Z   0040b250 f i WndList2.obj
 0001:0000a250       ??_EKWndList2@@UAEPAXI@Z   0040b250 f i WndList2.obj
 0001:0000a270       ??1KWndList2@@UAE@XZ       0040b270 f   WndList2.obj
 0001:0000a2c0       ?Clone@KWndList2@@IAEXPAV1@@Z 0040b2c0 f   WndList2.obj
 0001:0000a310       ?Init@KWndList2@@UAEHPAVKIniFile@@PBD@Z 0040b310 f   WndList2.obj
 0001:0000a5a0       ?SetScrollbar@KWndList2@@QAEXPAVKWndScrollBar@@@Z 0040b5a0 f   WndList2.obj
 0001:0000a5f0       ?WndProc@KWndList2@@UAEHIIH@Z 0040b5f0 f   WndList2.obj
 0001:0000a690       ?SetCurSel@KWndList2@@QAEHH@Z 0040b690 f   WndList2.obj
 0001:0000a710       ?IsItemSel@KWndList2@@QAEHH@Z 0040b710 f   WndList2.obj
 0001:0000a730       ?OnLButtonDown@KWndList2@@AAEXHH@Z 0040b730 f   WndList2.obj
 0001:0000a780       ?OnMouseMove@KWndList2@@AAEXHH@Z 0040b780 f   WndList2.obj
 0001:0000a7d0       ?AddString@KWndList2@@QAEHHPBD00_N@Z 0040b7d0 f   WndList2.obj
 0001:0000a9c0       ?DeleteString@KWndList2@@QAEHH@Z 0040b9c0 f   WndList2.obj
 0001:0000aac0       ?ResetContent@KWndList2@@QAEXXZ 0040bac0 f   WndList2.obj
 0001:0000ab70       ?PaintWindow@KWndList2@@UAEXXZ 0040bb70 f   WndList2.obj
 0001:0000adc0       ?FindString@KWndList2@@QAEHHPBD@Z 0040bdc0 f   WndList2.obj
 0001:0000ae40       ?SetItemData@KWndList2@@QAEHHH@Z 0040be40 f   WndList2.obj
 0001:0000ae70       ?GetItemData@KWndList2@@QAEHH@Z 0040be70 f   WndList2.obj
 0001:0000ae90       ?GetString@KWndList2@@QAEHHPADI@Z 0040be90 f   WndList2.obj
 0001:0000aef0       ?SetTopItemIndex@KWndList2@@QAEXH@Z 0040bef0 f   WndList2.obj
 0001:0000af10       ?GetVisibleLineCount@KWndList2@@QBEHXZ 0040bf10 f   WndList2.obj
 0001:0000af20       ??0KWndListFilterItem@@QAE@XZ 0040bf20 f   WndListFilterItem.obj
 0001:0000af60       ??_GKWndListFilterItem@@UAEPAXI@Z 0040bf60 f i WndListFilterItem.obj
 0001:0000af60       ??_EKWndListFilterItem@@UAEPAXI@Z 0040bf60 f i WndListFilterItem.obj
 0001:0000af80       ??1KWndListFilterItem@@UAE@XZ 0040bf80 f   WndListFilterItem.obj
 0001:0000afd0       ?Clone@KWndListFilterItem@@IAEXPAV1@@Z 0040bfd0 f   WndListFilterItem.obj
 0001:0000b010       ?Init@KWndListFilterItem@@UAEHPAVKIniFile@@PBD@Z 0040c010 f   WndListFilterItem.obj
 0001:0000b190       ?SetScrollbar@KWndListFilterItem@@QAEXPAVKWndScrollBar@@@Z 0040c190 f   WndListFilterItem.obj
 0001:0000b1e0       ?WndProc@KWndListFilterItem@@UAEHIIH@Z 0040c1e0 f   WndListFilterItem.obj
 0001:0000b280       ?SetCurSel@KWndListFilterItem@@QAEHH@Z 0040c280 f   WndListFilterItem.obj
 0001:0000b300       ?OnLButtonDown@KWndListFilterItem@@AAEXHH@Z 0040c300 f   WndListFilterItem.obj
 0001:0000b350       ?OnMouseMove@KWndListFilterItem@@AAEXHH@Z 0040c350 f   WndListFilterItem.obj
 0001:0000b3a0       ?AddString@KWndListFilterItem@@QAEHHPBDHHH@Z 0040c3a0 f   WndListFilterItem.obj
 0001:0000b530       ?DeleteString@KWndListFilterItem@@QAEHH@Z 0040c530 f   WndListFilterItem.obj
 0001:0000b620       ?ResetContent@KWndListFilterItem@@QAEXXZ 0040c620 f   WndListFilterItem.obj
 0001:0000b6c0       ?PaintWindow@KWndListFilterItem@@UAEXXZ 0040c6c0 f   WndListFilterItem.obj
 0001:0000b7f0       ?FindOptionIndex@KWndListFilterItem@@QAEHH@Z 0040c7f0 f   WndListFilterItem.obj
 0001:0000b820       ?SetItemValue@KWndListFilterItem@@QAEHHH@Z 0040c820 f   WndListFilterItem.obj
 0001:0000b850       ?GetItemValue@KWndListFilterItem@@QAEHH@Z 0040c850 f   WndListFilterItem.obj
 0001:0000b870       ?GetItemOption@KWndListFilterItem@@QAEHH@Z 0040c870 f   WndListFilterItem.obj
 0001:0000b890       ?GetString@KWndListFilterItem@@QAEHHPADI@Z 0040c890 f   WndListFilterItem.obj
 0001:0000b900       ?SetTopItemIndex@KWndListFilterItem@@QAEXH@Z 0040c900 f   WndListFilterItem.obj
 0001:0000b920       ?GetVisibleLineCount@KWndListFilterItem@@QBEHXZ 0040c920 f   WndListFilterItem.obj
 0001:0000b930       ??0KWndListPoint@@QAE@XZ   0040c930 f   WndListPoint.obj
 0001:0000b970       ??_EKWndListPoint@@UAEPAXI@Z 0040c970 f i WndListPoint.obj
 0001:0000b970       ??_GKWndListPoint@@UAEPAXI@Z 0040c970 f i WndListPoint.obj
 0001:0000b990       ??1KWndListPoint@@UAE@XZ   0040c990 f   WndListPoint.obj
 0001:0000b9e0       ?Clone@KWndListPoint@@IAEXPAV1@@Z 0040c9e0 f   WndListPoint.obj
 0001:0000ba20       ?Init@KWndListPoint@@UAEHPAVKIniFile@@PBD@Z 0040ca20 f   WndListPoint.obj
 0001:0000bba0       ?SetScrollbar@KWndListPoint@@QAEXPAVKWndScrollBar@@@Z 0040cba0 f   WndListPoint.obj
 0001:0000bbf0       ?WndProc@KWndListPoint@@UAEHIIH@Z 0040cbf0 f   WndListPoint.obj
 0001:0000bc90       ?SetCurSel@KWndListPoint@@QAEHH@Z 0040cc90 f   WndListPoint.obj
 0001:0000bd10       ?OnLButtonDown@KWndListPoint@@AAEXHH@Z 0040cd10 f   WndListPoint.obj
 0001:0000bd60       ?OnMouseMove@KWndListPoint@@AAEXHH@Z 0040cd60 f   WndListPoint.obj
 0001:0000bdb0       ?AddValue@KWndListPoint@@QAEHHHHH@Z 0040cdb0 f   WndListPoint.obj
 0001:0000bf00       ?DeleteString@KWndListPoint@@QAEHH@Z 0040cf00 f   WndListPoint.obj
 0001:0000bff0       ?ResetContent@KWndListPoint@@QAEXXZ 0040cff0 f   WndListPoint.obj
 0001:0000c090       ?PaintWindow@KWndListPoint@@UAEXXZ 0040d090 f   WndListPoint.obj
 0001:0000c180       ?FindString@KWndListPoint@@QAEHHPBD@Z 0040d180 f   WndListPoint.obj
 0001:0000c190       ?SetItemValue1@KWndListPoint@@QAEHHH@Z 0040d190 f   WndListPoint.obj
 0001:0000c1c0       ?GetItemValue1@KWndListPoint@@QAEHH@Z 0040d1c0 f   WndListPoint.obj
 0001:0000c1e0       ?SetItemValue2@KWndListPoint@@QAEHHH@Z 0040d1e0 f   WndListPoint.obj
 0001:0000c210       ?GetItemValue2@KWndListPoint@@QAEHH@Z 0040d210 f   WndListPoint.obj
 0001:0000c230       ?GetString@KWndListPoint@@QAEHHPAD0I@Z 0040d230 f   WndListPoint.obj
 0001:0000c240       ?SetTopItemIndex@KWndListPoint@@QAEXH@Z 0040d240 f   WndListPoint.obj
 0001:0000c260       ?GetVisibleLineCount@KWndListPoint@@QBEHXZ 0040d260 f   WndListPoint.obj
 0001:0000c270       ??0KWndMessageListBox@@QAE@XZ 0040d270 f   WndMessageListBox.obj
 0001:0000c2d0       ??_GKWndMessageListBox@@UAEPAXI@Z 0040d2d0 f i WndMessageListBox.obj
 0001:0000c2d0       ??_EKWndMessageListBox@@UAEPAXI@Z 0040d2d0 f i WndMessageListBox.obj
 0001:0000c2f0       ??1KWndMessageListBox@@UAE@XZ 0040d2f0 f   WndMessageListBox.obj
 0001:0000c350       ?SetCapability@KWndMessageListBox@@QAEHH@Z 0040d350 f   WndMessageListBox.obj
 0001:0000c490       ?SetScrollbar@KWndMessageListBox@@QAEXPAVKWndScrollBar@@@Z 0040d490 f   WndMessageListBox.obj
 0001:0000c4b0       ?AddOneMessage@KWndMessageListBox@@QAEHPBDH00HHHI@Z 0040d4b0 f   WndMessageListBox.obj
 0001:0000c700       ?RemoveAMessage@KWndMessageListBox@@QAEXH@Z 0040d700 f   WndMessageListBox.obj
 0001:0000c7e0       ?Clear@KWndMessageListBox@@QAEXXZ 0040d7e0 f   WndMessageListBox.obj
 0001:0000c820       ?Clone@KWndMessageListBox@@QAEXPAV1@@Z 0040d820 f   WndMessageListBox.obj
 0001:0000c8a0       ?Init@KWndMessageListBox@@UAEHPAVKIniFile@@PBD@Z 0040d8a0 f   WndMessageListBox.obj
 0001:0000cc10       ?SetSize@KWndMessageListBox@@UAEXHH@Z 0040dc10 f   WndMessageListBox.obj
 0001:0000cd50       ?SetFontSize@KWndMessageListBox@@QAEXH@Z 0040dd50 f   WndMessageListBox.obj
 0001:0000cd80       ?UpdateData@KWndMessageListBox@@EAEXXZ 0040dd80 f   WndMessageListBox.obj
 0001:0000cdf0       ?GetFirstShowLine@KWndMessageListBox@@QAEHXZ 0040ddf0 f   WndMessageListBox.obj
 0001:0000ce20       ?SetFirstShowLine@KWndMessageListBox@@QAEXH@Z 0040de20 f   WndMessageListBox.obj
 0001:0000cee0       ?GetItemLineCount@KWndMessageListBox@@QAEHH@Z 0040dee0 f   WndMessageListBox.obj
 0001:0000cf10       ?PaintWindow@KWndMessageListBox@@EAEXXZ 0040df10 f   WndMessageListBox.obj
 0001:0000d2a0       ?WndProc@KWndMessageListBox@@EAEHIIH@Z 0040e2a0 f   WndMessageListBox.obj
 0001:0000d3b0       ?GetMsgAtPoint@KWndMessageListBox@@AAEHHH@Z 0040e3b0 f   WndMessageListBox.obj
 0001:0000d420       ?HitTextAtPoint@KWndMessageListBox@@QAEHHH@Z 0040e420 f   WndMessageListBox.obj
 0001:0000d4e0       ?OnLButtonDown@KWndMessageListBox@@AAEXHH@Z 0040e4e0 f   WndMessageListBox.obj
 0001:0000d520       ?OnLButtonDClick@KWndMessageListBox@@AAEXHH@Z 0040e520 f   WndMessageListBox.obj
 0001:0000d550       ?SetCurSel@KWndMessageListBox@@QAEHH@Z 0040e550 f   WndMessageListBox.obj
 0001:0000d590       ?OnMouseMove@KWndMessageListBox@@AAEXHH@Z 0040e590 f   WndMessageListBox.obj
 0001:0000d5d0       ?GetOneMessage@KWndMessageListBox@@QAEHHPADH_N@Z 0040e5d0 f   WndMessageListBox.obj
 0001:0000d650       ?SplitData@KWndMessageListBox@@QAEIXZ 0040e650 f   WndMessageListBox.obj
 0001:0000d700       ?BindData@KWndMessageListBox@@QAEII@Z 0040e700 f   WndMessageListBox.obj
 0001:0000d830       ?FreeData@KWndMessageListBox@@SAXI@Z 0040e830 f   WndMessageListBox.obj
 0001:0000d860       ?GetOffsetTextHeight@KWndMessageListBox@@AAEIXZ 0040e860 f   WndMessageListBox.obj
 0001:0000d880       ?PtInWindow@KWndMessageListBox@@UAEHHH@Z 0040e880 f   WndMessageListBox.obj
 0001:0000d8c0       ?ClearHideLine@KWndMessageListBox@@QAEXXZ 0040e8c0 f   WndMessageListBox.obj
 0001:0000d8d0       ?HideNextLine@KWndMessageListBox@@QAEXXZ 0040e8d0 f   WndMessageListBox.obj
 0001:0000d940       ?HideAllLine@KWndMessageListBox@@QAEXXZ 0040e940 f   WndMessageListBox.obj
 0001:0000d950       ?GetMinHeight@KWndMessageListBox@@QAEHXZ 0040e950 f   WndMessageListBox.obj
 0001:0000d970       ?UpdateChatItem@KWndMessageListBox@@QAEXXZ 0040e970 f   WndMessageListBox.obj
 0001:0000d9c0       ??0KScrollMessageListBox@@QAE@XZ 0040e9c0 f   WndMessageListBox.obj
 0001:0000da60       ??1KWndScrollBar@@UAE@XZ   0040ea60 f i WndMessageListBox.obj
 0001:0000dab0       ??_GKScrollMessageListBox@@UAEPAXI@Z 0040eab0 f i WndMessageListBox.obj
 0001:0000dab0       ??_EKScrollMessageListBox@@UAEPAXI@Z 0040eab0 f i WndMessageListBox.obj
 0001:0000dad0       ??1KScrollMessageListBox@@UAE@XZ 0040ead0 f i WndMessageListBox.obj
 0001:0000db50       ?Init@KScrollMessageListBox@@UAEHPAVKIniFile@@PBD@Z 0040eb50 f   WndMessageListBox.obj
 0001:0000dc80       ?WndProc@KScrollMessageListBox@@UAEHIIH@Z 0040ec80 f   WndMessageListBox.obj
 0001:0000ddb0       ?InitMinMaxLineCount@KScrollMessageListBox@@IAEXHH@Z 0040edb0 f   WndMessageListBox.obj
 0001:0000ddf0       ?HeightToLineHeight@KScrollMessageListBox@@QAEHH@Z 0040edf0 f   WndMessageListBox.obj
 0001:0000de10       ?WidthToCharWidth@KScrollMessageListBox@@QAEHH@Z 0040ee10 f   WndMessageListBox.obj
 0001:0000de30       ?GetMinHeight@KScrollMessageListBox@@QAEHXZ 0040ee30 f   WndMessageListBox.obj
 0001:0000de70       ?MsgListBox_LoadContent@@YA_NPAVKWndMessageListBox@@PAVKIniFile@@PBD@Z 0040ee70 f   WndMessageListBox.obj
 0001:0000df90       ??0KWndMovingImage@@QAE@XZ 0040ef90 f   WndMovingImage.obj
 0001:0000dfc0       ??_EKWndMovingImage@@UAEPAXI@Z 0040efc0 f i WndMovingImage.obj
 0001:0000dfc0       ??_GKWndMovingImage@@UAEPAXI@Z 0040efc0 f i WndMovingImage.obj
 0001:0000dfe0       ?Clone@KWndMovingImage@@IAEXPAV1@@Z 0040efe0 f   WndMovingImage.obj
 0001:0000e040       ?Init@KWndMovingImage@@UAEHPAVKIniFile@@PBD@Z 0040f040 f   WndMovingImage.obj
 0001:0000e0d0       ?SetMoveValue@KWndMovingImage@@QAEXHH@Z 0040f0d0 f   WndMovingImage.obj
 0001:0000e150       ?WndObjContainerInit@@YAXPAVKIniFile@@@Z 0040f150 f   WndObjContainer.obj
 0001:0000e300       ??0KWndObjectBox@@QAE@XZ   0040f300 f   WndObjContainer.obj
 0001:0000e340       ??_EKWndObjectBox@@UAEPAXI@Z 0040f340 f i WndObjContainer.obj
 0001:0000e340       ??_GKWndObjectBox@@UAEPAXI@Z 0040f340 f i WndObjContainer.obj
 0001:0000e360       ??1KWndObjectBox@@UAE@XZ   0040f360 f i WndObjContainer.obj
 0001:0000e370       ?SetContainerId@KWndObjectBox@@QAEXH@Z 0040f370 f   WndObjContainer.obj
 0001:0000e380       ?SetObjectGenre@KWndObjectBox@@QAEXI@Z 0040f380 f   WndObjContainer.obj
 0001:0000e390       ?Clear@KWndObjectBox@@QAEXXZ 0040f390 f   WndObjContainer.obj
 0001:0000e3a0       ?GetObjectA@KWndObjectBox@@QBEHAAUKUiDraggedObject@@@Z 0040f3a0 f   WndObjContainer.obj
 0001:0000e3d0       ?HoldObject@KWndObjectBox@@QAEXIIHH@Z 0040f3d0 f   WndObjContainer.obj
 0001:0000e450       ?PaintWindow@KWndObjectBox@@MAEXXZ 0040f450 f   WndObjContainer.obj
 0001:0000e6a0       ?Clone@KWndObjectBox@@QAEXPAV1@@Z 0040f6a0 f   WndObjContainer.obj
 0001:0000e6c0       ?Init@KWndObjectBox@@UAEHPAVKIniFile@@PBD@Z 0040f6c0 f   WndObjContainer.obj
 0001:0000e750       ?EnablePickPut@KWndObjectBox@@QAEX_N@Z 0040f750 f   WndObjContainer.obj
 0001:0000e770       ?WndProc@KWndObjectBox@@MAEHIIH@Z 0040f770 f   WndObjContainer.obj
 0001:0000eb10       ?DropObject@KWndObjectBox@@IAEH_N@Z 0040fb10 f   WndObjContainer.obj
 0001:0000ebd0       ??0KWndObjectMatrix@@QAE@XZ 0040fbd0 f   WndObjContainer.obj
 0001:0000ec20       ??_EKWndObjectMatrix@@UAEPAXI@Z 0040fc20 f i WndObjContainer.obj
 0001:0000ec20       ??_GKWndObjectMatrix@@UAEPAXI@Z 0040fc20 f i WndObjContainer.obj
 0001:0000ec40       ?SetContainerId@KWndObjectMatrix@@QAEXH@Z 0040fc40 f   WndObjContainer.obj
 0001:0000ec50       ??1KWndObjectMatrix@@UAE@XZ 0040fc50 f   WndObjContainer.obj
 0001:0000eca0       ?Clone@KWndObjectMatrix@@IAEXPAV1@@Z 0040fca0 f   WndObjContainer.obj
 0001:0000ecd0       ?Init@KWndObjectMatrix@@UAEHPAVKIniFile@@PBD@Z 0040fcd0 f   WndObjContainer.obj
 0001:0000edf0       ?PaintWindow@KWndObjectMatrix@@EAEXXZ 0040fdf0 f   WndObjContainer.obj
 0001:0000f1c0       ?AddObject@KWndObjectMatrix@@QAEHPAUKUiDraggedObject@@H@Z 004101c0 f   WndObjContainer.obj
 0001:0000f290       ?RemoveObject@KWndObjectMatrix@@QAEHPAUKUiDraggedObject@@@Z 00410290 f   WndObjContainer.obj
 0001:0000f330       ?GetObjectA@KWndObjectMatrix@@QBEHAAUKUiDraggedObject@@HH@Z 00410330 f   WndObjContainer.obj
 0001:0000f380       ?Clear@KWndObjectMatrix@@QAEXXZ 00410380 f   WndObjContainer.obj
 0001:0000f3b0       ?WndProc@KWndObjectMatrix@@EAEHIIH@Z 004103b0 f   WndObjContainer.obj
 0001:0000f780       ?GetObjectAt@KWndObjectMatrix@@AAEHHH@Z 00410780 f   WndObjContainer.obj
 0001:0000f7f0       ?PickUpObjectAt@KWndObjectMatrix@@AAEHHH@Z 004107f0 f   WndObjContainer.obj
 0001:0000f850       ?DropObject@KWndObjectMatrix@@AAEHHH_N@Z 00410850 f   WndObjContainer.obj
 0001:0000fac0       ?TryDropObjAtPos@KWndObjectMatrix@@AAEHABUtagRECT@@AAPAUKUiDraggedObject@@@Z 00410ac0 f   WndObjContainer.obj
 0001:0000fb40       ?DropObject@KWndObjectMatrix@@AAEXHHPAUKUiDraggedObject@@@Z 00410b40 f   WndObjContainer.obj
 0001:0000fbb0       ?EnableTracePutPos@KWndObjectMatrix@@QAEX_N@Z 00410bb0 f   WndObjContainer.obj
 0001:0000fbd0       ?EnablePickPut@KWndObjectMatrix@@QAEX_N@Z 00410bd0 f   WndObjContainer.obj
 0001:0000fbf0       ?WndProc@KWndPage@@UAEHIIH@Z 00410bf0 f   WndPage.obj
 0001:0000fc50       ??0KWndPageSet@@QAE@XZ     00410c50 f   WndPage.obj
 0001:0000fc80       ??_EKWndPageSet@@UAEPAXI@Z 00410c80 f i WndPage.obj
 0001:0000fc80       ??_GKWndPageSet@@UAEPAXI@Z 00410c80 f i WndPage.obj
 0001:0000fca0       ??1KWndPageSet@@UAE@XZ     00410ca0 f   WndPage.obj
 0001:0000fce0       ?WndProc@KWndPageSet@@UAEHIIH@Z 00410ce0 f   WndPage.obj
 0001:0000fd10       ?AddPage@KWndPageSet@@QAE_NPAVKWndPage@@PAVKWndButton@@@Z 00410d10 f   WndPage.obj
 0001:0000fdd0       ?ActivePage@KWndPageSet@@QAE_NH@Z 00410dd0 f   WndPage.obj
 0001:0000fe90       ?OnPageBtnClick@KWndPageSet@@AAEXPAVKWndWindow@@@Z 00410e90 f   WndPage.obj
 0001:0000ff10       ?GetActivePage@KWndPageSet@@QAEPAVKWndPage@@XZ 00410f10 f   WndPage.obj
 0001:0000ff30       ??0KWndPureTextBtn@@QAE@XZ 00410f30 f   WndPureTextBtn.obj
 0001:0000ff90       ??_EKWndPureTextBtn@@UAEPAXI@Z 00410f90 f i WndPureTextBtn.obj
 0001:0000ff90       ??_GKWndPureTextBtn@@UAEPAXI@Z 00410f90 f i WndPureTextBtn.obj
 0001:0000ffb0       ??1KWndPureTextBtn@@UAE@XZ 00410fb0 f i WndPureTextBtn.obj
 0001:0000ffc0       ?Clone@KWndPureTextBtn@@QAEXPAV1@@Z 00410fc0 f   WndPureTextBtn.obj
 0001:00010030       ?Init@KWndPureTextBtn@@UAEHPAVKIniFile@@PBD@Z 00411030 f   WndPureTextBtn.obj
 0001:000101e0       ?AdjustPosition@KWndPureTextBtn@@AAEXXZ 004111e0 f   WndPureTextBtn.obj
 0001:00010230       ?PaintWindow@KWndPureTextBtn@@UAEXXZ 00411230 f   WndPureTextBtn.obj
 0001:00010310       ?SetText@KWndPureTextBtn@@QAEXPBDH@Z 00411310 f   WndPureTextBtn.obj
 0001:00010370       ?SetColor@KWndPureTextBtn@@QAEXIIIIII@Z 00411370 f   WndPureTextBtn.obj
 0001:000103b0       ?CheckButton@KWndPureTextBtn@@QAEXH@Z 004113b0 f   WndPureTextBtn.obj
 0001:000103d0       ?WndProc@KWndPureTextBtn@@UAEHIIH@Z 004113d0 f   WndPureTextBtn.obj
 0001:000104d0       ?GenChatItem@KWndPureTextBtn@@AAEXPAD@Z 004114d0 f   WndPureTextBtn.obj
 0001:00010920       ??0KWndStation@@QAE@XZ     00411920 f i Wnds.obj
 0001:00010a20       ??1KWndStation@@QAE@XZ     00411a20 f i Wnds.obj
 0001:00010a90       ?Wnd_Cleanup@@YAXXZ        00411a90 f   Wnds.obj
 0001:00010ae0       ?Wnd_RenderWindows@@YAXXZ  00411ae0 f   Wnds.obj
 0001:00010bb0       ?Wnd_Heartbeat@@YAXXZ      00411bb0 f   Wnds.obj
 0001:00010be0       ?Wnd_AddWindow@@YAXPAVKWndWindow@@W4WND_LAYER_LIST@@@Z 00411be0 f   Wnds.obj
 0001:00010c20       ?Wnd_SetGameSpaceWnd@@YAXPAVKWndWindow@@@Z 00411c20 f   Wnds.obj
 0001:00010c30       ?Wnd_GameSpaceHandleInput@@YAX_N@Z 00411c30 f   Wnds.obj
 0001:00010c40       ?Wnd_ShowHideGameSpace@@YAX_N@Z 00411c40 f   Wnds.obj
 0001:00010c50       ?Wnd_OnWindowDelete@@YAXPAVKWndWindow@@@Z 00411c50 f   Wnds.obj
 0001:00010cf0       ?Wnd_DragBegin@@YAHPBUKUiDraggedObject@@P6AHHHABU1@H@Z@Z 00411cf0 f   Wnds.obj
 0001:00010d30       ?Wnd_GetDragObj@@YAHPAUKUiDraggedObject@@@Z 00411d30 f   Wnds.obj
 0001:00010d70       ?Wnd_DragFinished@@YAXXZ   00411d70 f   Wnds.obj
 0001:00010d80       ?Wnd_ProcessInput@@YAXIIH@Z 00411d80 f   Wnds.obj
 0001:000111e0       ?Wnd_TransmitInputToGameSpace@@YAXIIH@Z 004121e0 f   Wnds.obj
 0001:00011280       ?Wnd_ShowCursor@@YAXH@Z    00412280 f   Wnds.obj
 0001:00011290       ?Wnd_SetCursorPos@@YAXHH@Z 00412290 f   Wnds.obj
 0001:000112e0       ?Wnd_GetCursorPos@@YAXPAH0@Z 004122e0 f   Wnds.obj
 0001:00011320       ?Wnd_GetFocusWnd@@YAPAVKWndWindow@@XZ 00412320 f   Wnds.obj
 0001:00011330       ?Wnd_SetFocusWnd@@YAXPAVKWndWindow@@@Z 00412330 f   Wnds.obj
 0001:00011380       ?Wnd_SetCapture@@YAXPAVKWndWindow@@@Z 00412380 f   Wnds.obj
 0001:000113a0       ?Wnd_ReleaseCapture@@YAXXZ 004123a0 f   Wnds.obj
 0001:000113d0       ?Wnd_SetExclusive@@YAXPAVKWndWindow@@@Z 004123d0 f   Wnds.obj
 0001:00011460       ?Wnd_ReleaseExclusive@@YAXPAVKWndWindow@@@Z 00412460 f   Wnds.obj
 0001:000114b0       ?Wnd_LoadCursor@@YAXHPBD@Z 004124b0 f   Wnds.obj
 0001:000114d0       ?Wnd_SwitchCursor@@YAHH@Z  004124d0 f   Wnds.obj
 0001:000114e0       ?Wnd_SetScreenSize@@YAXHH@Z 004124e0 f   Wnds.obj
 0001:00011500       ?Wnd_GetScreenSize@@YAXAAH0@Z 00412500 f   Wnds.obj
 0001:00011520       ?Wnd_RestoreCursor@@YAXXZ  00412520 f   Wnds.obj
 0001:00011530       ??0KWndScrollBar@@QAE@XZ   00412530 f   WndScrollBar.obj
 0001:000115c0       ??_EKWndScrollBar@@UAEPAXI@Z 004125c0 f i WndScrollBar.obj
 0001:000115c0       ??_GKWndScrollBar@@UAEPAXI@Z 004125c0 f i WndScrollBar.obj
 0001:000115e0       ?Clone@KWndScrollBar@@QAEXPAV1@@Z 004125e0 f   WndScrollBar.obj
 0001:00011680       ?Init@KWndScrollBar@@UAEHPAVKIniFile@@PBD@Z 00412680 f   WndScrollBar.obj
 0001:00011800       ?SetSize@KWndScrollBar@@UAEXHH@Z 00412800 f   WndScrollBar.obj
 0001:00011860       ?WndProc@KWndScrollBar@@UAEHIIH@Z 00412860 f   WndScrollBar.obj
 0001:00011970       ?PaintWindow@KWndScrollBar@@UAEXXZ 00412970 f   WndScrollBar.obj
 0001:00011a00       ?SetValueRange@KWndScrollBar@@QAEXHH@Z 00412a00 f   WndScrollBar.obj
 0001:00011a30       ?SetScrollPos@KWndScrollBar@@QAEXH@Z 00412a30 f   WndScrollBar.obj
 0001:00011a90       ?SetSlideBtnPos@KWndScrollBar@@AAEXXZ 00412a90 f   WndScrollBar.obj
 0001:00011b50       ?OnLButtonDown@KWndScrollBar@@AAEXHH@Z 00412b50 f   WndScrollBar.obj
 0001:00011c30       ?ScrollLine@KWndScrollBar@@QAEH_N@Z 00412c30 f   WndScrollBar.obj
 0001:00011c60       ?ScrollPage@KWndScrollBar@@QAEH_N@Z 00412c60 f   WndScrollBar.obj
 0001:00011c90       ?OnSlideBtnPressed@KWndScrollBar@@AAEXXZ 00412c90 f   WndScrollBar.obj
 0001:00011cb0       ?OnDraggingSlide@KWndScrollBar@@AAEXHH@Z 00412cb0 f   WndScrollBar.obj
 0001:00011d30       ?GetMinHeight@KWndScrollBar@@QAEHXZ 00412d30 f   WndScrollBar.obj
 0001:00011d70       ?SetParentWnd@KWndScrollBar@@QAEXPAVKWndWindow@@@Z 00412d70 f   WndScrollBar.obj
 0001:00011d80       ?Clone@KWndShadow@@QAEXPAV1@@Z 00412d80 f   WndShadow.obj
 0001:00011da0       ?Init@KWndShadow@@UAEHPAVKIniFile@@PBD@Z 00412da0 f   WndShadow.obj
 0001:00011e60       ?PaintWindow@KWndShadow@@MAEXXZ 00412e60 f   WndShadow.obj
 0001:00011ec0       ?PtInWindow@KWndShadow@@UAEHHH@Z 00412ec0 f   WndShadow.obj
 0001:00011ed0       ?SetColor@KWndShadow@@QAEXI@Z 00412ed0 f   WndShadow.obj
 0001:00011ee0       ??0KWndShowAnimate@@QAE@XZ 00412ee0 f   WndShowAnimate.obj
 0001:00011f00       ??_GKWndShowAnimate@@UAEPAXI@Z 00412f00 f i WndShowAnimate.obj
 0001:00011f00       ??_EKWndShowAnimate@@UAEPAXI@Z 00412f00 f i WndShowAnimate.obj
 0001:00011f20       ??1KWndShowAnimate@@UAE@XZ 00412f20 f i WndShowAnimate.obj
 0001:00011f30       ?Clone@KWndShowAnimate@@QAEXPAV1@@Z 00412f30 f   WndShowAnimate.obj
 0001:00011f80       ?Init@KWndShowAnimate@@UAEHPAVKIniFile@@PBD@Z 00412f80 f   WndShowAnimate.obj
 0001:00012020       ?Show@KWndShowAnimate@@UAEXXZ 00413020 f   WndShowAnimate.obj
 0001:000120d0       ?Hide@KWndShowAnimate@@UAEXXZ 004130d0 f   WndShowAnimate.obj
 0001:00012160       ?SetMoveSpeed@KWndShowAnimate@@SAXHH@Z 00413160 f   WndShowAnimate.obj
 0001:000121a0       ?SetInterval@KWndShowAnimate@@SAXI@Z 004131a0 f   WndShowAnimate.obj
 0001:000121c0       ?ShowCompleted@KWndShowAnimate@@UAEXXZ 004131c0 f   WndShowAnimate.obj
 0001:000121d0       ?PaintWindow@KWndShowAnimate@@MAEXXZ 004131d0 f   WndShowAnimate.obj
 0001:000122b0       ??0KWndText@@QAE@XZ        004132b0 f   WndText.obj
 0001:000122e0       ??_GKWndText@@UAEPAXI@Z    004132e0 f i WndText.obj
 0001:000122e0       ??_EKWndText@@UAEPAXI@Z    004132e0 f i WndText.obj
 0001:00012300       ??1KWndText@@UAE@XZ        00413300 f i WndText.obj
 0001:00012310       ?SetText@KWndText@@QAEXPBDH@Z 00413310 f   WndText.obj
 0001:000123e0       ?GetText@KWndText@@QAEHPADH@Z 004133e0 f   WndText.obj
 0001:00012420       ?SetTopLine@KWndText@@QAEHH@Z 00413420 f   WndText.obj
 0001:00012440       ?SetTextPtr@KWndText@@IAEXPADH@Z 00413440 f   WndText.obj
 0001:00012460       ?Clone@KWndText@@QAEXPAV1@@Z 00413460 f   WndText.obj
 0001:00012490       ?Init@KWndText@@UAEHPAVKIniFile@@PBD@Z 00413490 f   WndText.obj
 0001:00012690       ?PaintWindow@KWndText@@UAEXXZ 00413690 f   WndText.obj
 0001:000127d0       ?SetTextColor@KWndText@@QAEXI@Z 004137d0 f   WndText.obj
 0001:000127e0       ?SetIntText@KWndText@@QAEXHD@Z 004137e0 f   WndText.obj
 0001:00012840       ?Set2IntText@KWndText@@QAEXHHD@Z 00413840 f   WndText.obj
 0001:00012890       ?SetCharText@KWndText@@QAEXDD@Z 00413890 f   WndText.obj
 0001:00012900       ?SetByteText@KWndText@@QAEXED@Z 00413900 f   WndText.obj
 0001:00012970       ?SetShortText@KWndText@@QAEXFD@Z 00413970 f   WndText.obj
 0001:000129e0       ?Set2ShortText@KWndText@@QAEXFFD@Z 004139e0 f   WndText.obj
 0001:00012a30       ?SetMoneyText@KWndText@@QAEXHD@Z 00413a30 f   WndText.obj
 0001:00012b00       ?SetJbCoinText@KWndText@@QAEXHD@Z 00413b00 f   WndText.obj
 0001:00012bc0       ?SetWorldRankText@KWndText@@QAEXHD@Z 00413bc0 f   WndText.obj
 0001:00012c60       ?SetTransLifeText@KWndText@@QAEXDD@Z 00413c60 f   WndText.obj
 0001:00012ce0       ?Set2UIntText@KWndText@@QAEXIID@Z 00413ce0 f   WndText.obj
 0001:00012d30       ?SetStackText@KWndText@@QAEXHD@Z 00413d30 f   WndText.obj
 0001:00012da0       ?SetDefText@KWndText@@QAEXH_N@Z 00413da0 f   WndText.obj
 0001:00012e30       ?Set2IntTextPlus@KWndText@@QAEXHHD@Z 00413e30 f   WndText.obj
 0001:00012ee0       ?Set3IntText@KWndText@@QAEXHHHDD@Z 00413ee0 f   WndText.obj
 0001:00012f30       ??0KWndText32@@QAE@XZ      00413f30 f   WndText.obj
 0001:00012f60       ??_EKWndText32@@UAEPAXI@Z  00413f60 f i WndText.obj
 0001:00012f60       ??_GKWndText32@@UAEPAXI@Z  00413f60 f i WndText.obj
 0001:00012f80       ??1KWndText32@@UAE@XZ      00413f80 f i WndText.obj
 0001:00012f90       ??0KWndText80@@QAE@XZ      00413f90 f   WndText.obj
 0001:00012fc0       ??_GKWndText80@@UAEPAXI@Z  00413fc0 f i WndText.obj
 0001:00012fc0       ??_EKWndText80@@UAEPAXI@Z  00413fc0 f i WndText.obj
 0001:00012fe0       ??1KWndText80@@UAE@XZ      00413fe0 f i WndText.obj
 0001:00012ff0       ??0KWndText128@@QAE@XZ     00413ff0 f   WndText.obj
 0001:00013020       ??_EKWndText128@@UAEPAXI@Z 00414020 f i WndText.obj
 0001:00013020       ??_GKWndText128@@UAEPAXI@Z 00414020 f i WndText.obj
 0001:00013040       ??1KWndText128@@UAE@XZ     00414040 f i WndText.obj
 0001:00013050       ??0KWndText256@@QAE@XZ     00414050 f   WndText.obj
 0001:00013080       ??_GKWndText256@@UAEPAXI@Z 00414080 f i WndText.obj
 0001:00013080       ??_EKWndText256@@UAEPAXI@Z 00414080 f i WndText.obj
 0001:000130a0       ??1KWndText256@@UAE@XZ     004140a0 f i WndText.obj
 0001:000130b0       ??0KWndText512@@QAE@XZ     004140b0 f   WndText.obj
 0001:000130e0       ??_GKWndText512@@UAEPAXI@Z 004140e0 f i WndText.obj
 0001:000130e0       ??_EKWndText512@@UAEPAXI@Z 004140e0 f i WndText.obj
 0001:00013100       ??1KWndText512@@UAE@XZ     00414100 f i WndText.obj
 0001:00013110       ??0KWndToolBar@@QAE@XZ     00414110 f   WndToolBar.obj
 0001:00013130       ??_GKWndToolBar@@UAEPAXI@Z 00414130 f i WndToolBar.obj
 0001:00013130       ??_EKWndToolBar@@UAEPAXI@Z 00414130 f i WndToolBar.obj
 0001:00013150       ??1KWndToolBar@@UAE@XZ     00414150 f   WndToolBar.obj
 0001:000131a0       ?Clone@KWndToolBar@@QAEXPAV1@@Z 004141a0 f   WndToolBar.obj
 0001:000131e0       ?Init@KWndToolBar@@UAEHPAVKIniFile@@PBD@Z 004141e0 f   WndToolBar.obj
 0001:00013270       ?WndProc@KWndToolBar@@UAEHIIH@Z 00414270 f   WndToolBar.obj
 0001:000132b0       ?PaintWindow@KWndToolBar@@UAEXXZ 004142b0 f   WndToolBar.obj
 0001:000132c0       ?AddOneWindow@KWndToolBar@@IAEXPAVKIniFile@@PBD@Z 004142c0 f   WndToolBar.obj
 0001:000133c0       ?FreeAllWindow@KWndToolBar@@IAEXXZ 004143c0 f   WndToolBar.obj
 0001:00013430       ?UpdateData@KWndToolBar@@UAEXXZ 00414430 f   WndToolBar.obj
 0001:00013470       ??0KWndValueImage@@QAE@XZ  00414470 f   WndValueImage.obj
 0001:000134a0       ??_EKWndValueImage@@UAEPAXI@Z 004144a0 f i WndValueImage.obj
 0001:000134a0       ??_GKWndValueImage@@UAEPAXI@Z 004144a0 f i WndValueImage.obj
 0001:000134c0       ??1KWndValueImage@@UAE@XZ  004144c0 f i WndValueImage.obj
 0001:000134d0       ?Clone@KWndValueImage@@QAEXPAV1@@Z 004144d0 f   WndValueImage.obj
 0001:00013510       ?Init@KWndValueImage@@UAEHPAVKIniFile@@PBD@Z 00414510 f   WndValueImage.obj
 0001:00013590       ?SetValue@KWndValueImage@@QAEXHH@Z 00414590 f   WndValueImage.obj
 0001:000135e0       ??0KWndWindow@@QAE@XZ      004145e0 f   WndWindow.obj
 0001:00013620       ??_EKWndWindow@@UAEPAXI@Z  00414620 f i WndWindow.obj
 0001:00013620       ??_GKWndWindow@@UAEPAXI@Z  00414620 f i WndWindow.obj
 0001:00013640       ??1KWndWindow@@UAE@XZ      00414640 f   WndWindow.obj
 0001:00013670       ?BringToTop@KWndWindow@@QAEXXZ 00414670 f   WndWindow.obj
 0001:000136d0       ?GetPosition@KWndWindow@@QAEXPAH0@Z 004146d0 f   WndWindow.obj
 0001:000136f0       ?SetPosition@KWndWindow@@QAEXHH@Z 004146f0 f   WndWindow.obj
 0001:00013720       ?GetAbsolutePos@KWndWindow@@QAEXPAH0@Z 00414720 f   WndWindow.obj
 0001:00013740       ?GetSize@KWndWindow@@QAEXPAH0@Z 00414740 f   WndWindow.obj
 0001:00013760       ?SetSize@KWndWindow@@UAEXHH@Z 00414760 f   WndWindow.obj
 0001:00013860       ?AbsoluteMove@KWndWindow@@AAEXHH@Z 00414860 f   WndWindow.obj
 0001:000138a0       ?Show@KWndWindow@@UAEXXZ   004148a0 f   WndWindow.obj
 0001:000138b0       ?Hide@KWndWindow@@UAEXXZ   004148b0 f   WndWindow.obj
 0001:00013900       ?IsVisible@KWndWindow@@QAEHXZ 00414900 f   WndWindow.obj
 0001:00013910       ?Enable@KWndWindow@@UAEXH@Z 00414910 f   WndWindow.obj
 0001:00013940       ?Destroy@KWndWindow@@QAEXXZ 00414940 f   WndWindow.obj
 0001:00013950       ?Clone@KWndWindow@@IAEXPAV1@@Z 00414950 f   WndWindow.obj
 0001:00013980       ?Init@KWndWindow@@UAEHPAVKIniFile@@PBD@Z 00414980 f   WndWindow.obj
 0001:00013b50       ?PtInWindow@KWndWindow@@UAEHHH@Z 00414b50 f   WndWindow.obj
 0001:00013bd0       ?Paint@KWndWindow@@QAEXXZ  00414bd0 f   WndWindow.obj
 0001:00013c00       ?LetMeBreathe@KWndWindow@@QAEXXZ 00414c00 f   WndWindow.obj
 0001:00013c40       ?AddChild@KWndWindow@@QAEXPAV1@@Z 00414c40 f   WndWindow.obj
 0001:00013cb0       ?AddBrother@KWndWindow@@QAEXPAV1@@Z 00414cb0 f   WndWindow.obj
 0001:00013d20       ?LeaveAlone@KWndWindow@@QAEXXZ 00414d20 f   WndWindow.obj
 0001:00013d50       ?SplitSmaleFamily@KWndWindow@@QAEXXZ 00414d50 f   WndWindow.obj
 0001:00013da0       ?WndProc@KWndWindow@@UAEHIIH@Z 00414da0 f   WndWindow.obj
 0001:00013e70       ?OnLBtnDown@KWndWindow@@AAEXHH@Z 00414e70 f   WndWindow.obj
 0001:00013ea0       ?OnMoveWnd@KWndWindow@@AAEXXZ 00414ea0 f   WndWindow.obj
 0001:00013f30       ?TopChildFromPoint@KWndWindow@@UAEPAV1@HH@Z 00414f30 f   WndWindow.obj
 0001:00013fa0       ?GetOwner@KWndWindow@@QAEPAV1@XZ 00414fa0 f   WndWindow.obj
 0001:00013fc0       ?PaintDebugInfo@KWndWindow@@QAEXXZ 00414fc0 f   WndWindow.obj
 0001:000140f0       ?PaintWindow@KWndWindow@@UAEXXZ 004150f0 f   WndWindow.obj
 0001:00014240       ?GetColor@@YAIPBD@Z        00415240 f   WndWindow.obj
 0001:00014370       ?GetColorString@@YAPBDI@Z  00415370 f   WndWindow.obj
 0001:000143b0       ?SetCursorAbove@KWndWindow@@QAEXXZ 004153b0 f   WndWindow.obj
 0001:000143e0       ?GetAllChildLayoutRect@KWndWindow@@QAEXPAUtagRECT@@@Z 004153e0 f   WndWindow.obj
 0001:000144e0       ??0KUiConnectInfo@@AAE@XZ  004154e0 f   UiConnectInfo.obj
 0001:000145b0       ??_GKUiConnectInfo@@EAEPAXI@Z 004155b0 f i UiConnectInfo.obj
 0001:000145b0       ??_EKUiConnectInfo@@EAEPAXI@Z 004155b0 f i UiConnectInfo.obj
 0001:000145d0       ??1KUiConnectInfo@@EAE@XZ  004155d0 f i UiConnectInfo.obj
 0001:00014670       ?OpenWindow@KUiConnectInfo@@SAPAV1@W4LOGIN_BG_INFO_MSG_INDEX@@HH@Z 00415670 f   UiConnectInfo.obj
 0001:00014740       ?CloseWindow@KUiConnectInfo@@SAX_N@Z 00415740 f   UiConnectInfo.obj
 0001:00014780       ?Initialize@KUiConnectInfo@@AAEXXZ 00415780 f   UiConnectInfo.obj
 0001:000147c0       ?LoadScheme@KUiConnectInfo@@AAEXPBD@Z 004157c0 f   UiConnectInfo.obj
 0001:00014a60       ?OnClickConfirmBtn@KUiConnectInfo@@AAEXXZ 00415a60 f   UiConnectInfo.obj
 0001:00014b40       ?WndProc@KUiConnectInfo@@EAEHIIH@Z 00415b40 f   UiConnectInfo.obj
 0001:00014c10       ?OnDelRole@KUiConnectInfo@@AAE_NXZ 00415c10 f   UiConnectInfo.obj
 0001:00014cd0       ?OnCancelDelRole@KUiConnectInfo@@AAEXXZ 00415cd0 f   UiConnectInfo.obj
 0001:00014cf0       ?SetInfoMsg@KUiConnectInfo@@AAEXW4LOGIN_BG_INFO_MSG_INDEX@@@Z 00415cf0 f   UiConnectInfo.obj
 0001:00014e40       ?GotoNextStep@KUiConnectInfo@@AAEXXZ 00415e40 f   UiConnectInfo.obj
 0001:00014ed0       ?Breathe@KUiConnectInfo@@EAEXXZ 00415ed0 f   UiConnectInfo.obj
 0001:000150b0       ?PaintWindow@KUiConnectInfo@@EAEXXZ 004160b0 f   UiConnectInfo.obj
 0001:00015270       ??0KUiLogin@@AAE@XZ        00416270 f   UiLogin.obj
 0001:00015330       ??_GKUiLogin@@EAEPAXI@Z    00416330 f i UiLogin.obj
 0001:00015330       ??_EKUiLogin@@EAEPAXI@Z    00416330 f i UiLogin.obj
 0001:00015350       ??1KUiLogin@@EAE@XZ        00416350 f   UiLogin.obj
 0001:00015410       ?OpenWindow@KUiLogin@@SAPAV1@XZ 00416410 f   UiLogin.obj
 0001:000154b0       ?CloseWindow@KUiLogin@@SAX_N@Z 004164b0 f   UiLogin.obj
 0001:00015510       ?Show@KUiLogin@@EAEXXZ     00416510 f   UiLogin.obj
 0001:000155b0       ?Initialize@KUiLogin@@AAEXXZ 004165b0 f   UiLogin.obj
 0001:00015640       ?LoadScheme@KUiLogin@@AAEXPBD@Z 00416640 f   UiLogin.obj
 0001:000157a0       ?WndProc@KUiLogin@@EAEHIIH@Z 004167a0 f   UiLogin.obj
 0001:00015af0       ?OnEnableAutoLogin@KUiLogin@@AAEXXZ 00416af0 f   UiLogin.obj
 0001:00015b60       ?OnKeyDown@KUiLogin@@AAEXI@Z 00416b60 f   UiLogin.obj
 0001:00015da0       ?OnLogin@KUiLogin@@AAEXXZ  00416da0 f   UiLogin.obj
 0001:00015e20       ?OnCancel@KUiLogin@@AAEXXZ 00416e20 f   UiLogin.obj
 0001:00015e40       ?GetInputInfo@KUiLogin@@AAEHPAD0@Z 00416e40 f   UiLogin.obj
 0001:00015f00       ?IsValidPassword@KUiLogin@@SA_NPBDH@Z 00416f00 f   UiLogin.obj
 0001:00015f10       ?OnFocusAccount@KUiLogin@@AAEX_N@Z 00416f10 f   UiLogin.obj
 0001:00015f20       ?OpenWindow@KUiLoginBackGround@@SAPAV1@PBD@Z 00416f20 f   UiLoginBg.obj
 0001:00015ff0       ??_GKUiLoginBackGround@@EAEPAXI@Z 00416ff0 f i UiLoginBg.obj
 0001:00015ff0       ??_EKUiLoginBackGround@@EAEPAXI@Z 00416ff0 f i UiLoginBg.obj
 0001:00016010       ??1KUiLoginBackGround@@EAE@XZ 00417010 f i UiLoginBg.obj
 0001:00016080       ?CloseWindow@KUiLoginBackGround@@SAX_N@Z 00417080 f   UiLoginBg.obj
 0001:000160b0       ?Initialize@KUiLoginBackGround@@AAEXXZ 004170b0 f   UiLoginBg.obj
 0001:00016100       ?SetConfig@KUiLoginBackGround@@SAXPBD@Z 00417100 f   UiLoginBg.obj
 0001:00016270       ?LoadScheme@KUiLoginBackGround@@AAEXPAVKIniFile@@@Z 00417270 f   UiLoginBg.obj
 0001:00016360       ?Breathe@KUiLoginBackGround@@EAEXXZ 00417360 f   UiLoginBg.obj
 0001:000163f0       ??0KUiSelServer@@AAE@XZ    004173f0 f   UiSelServer.obj
 0001:000164b0       ??_EKUiSelServer@@EAEPAXI@Z 004174b0 f i UiSelServer.obj
 0001:000164b0       ??_GKUiSelServer@@EAEPAXI@Z 004174b0 f i UiSelServer.obj
 0001:000164d0       ??1KUiSelServer@@EAE@XZ    004174d0 f   UiSelServer.obj
 0001:00016600       ?OpenWindow@KUiSelServer@@SAPAV1@XZ 00417600 f   UiSelServer.obj
 0001:000166b0       ?CloseWindow@KUiSelServer@@SAX_N@Z 004176b0 f   UiSelServer.obj
 0001:000166e0       ?Initialize@KUiSelServer@@AAEXXZ 004176e0 f   UiSelServer.obj
 0001:00016790       ?GetList@KUiSelServer@@AAEXXZ 00417790 f   UiSelServer.obj
 0001:00016910       ?LoadScheme@KUiSelServer@@AAEXPBD@Z 00417910 f   UiSelServer.obj
 0001:00016b00       ?WndProc@KUiSelServer@@EAEHIIH@Z 00417b00 f   UiSelServer.obj
 0001:00016be0       ?OnKeyDown@KUiSelServer@@AAEHI@Z 00417be0 f   UiSelServer.obj
 0001:00016df0       ?OnClickButton@KUiSelServer@@AAEXPAVKWndButton@@@Z 00417df0 f   UiSelServer.obj
 0001:00016e20       ?OnSelRegion@KUiSelServer@@AAEXH@Z 00417e20 f   UiSelServer.obj
 0001:00016f30       ?OnLogin@KUiSelServer@@AAEXXZ 00417f30 f   UiSelServer.obj
 0001:00016fa0       ?OnCancel@KUiSelServer@@AAEXXZ 00417fa0 f   UiSelServer.obj
 0001:00016fc0       ?GetIfVisible@KUiChooseFace@@SAPAV1@XZ 00417fc0 f   UiChooseFace.obj
 0001:00016fe0       ?OpenWindow@KUiChooseFace@@SAPAV1@H@Z 00417fe0 f   UiChooseFace.obj
 0001:000172a0       ??_EKUiChooseFace@@UAEPAXI@Z 004182a0 f i UiChooseFace.obj
 0001:000172a0       ??_GKUiChooseFace@@UAEPAXI@Z 004182a0 f i UiChooseFace.obj
 0001:000172c0       ??1KUiChooseFace@@UAE@XZ   004182c0 f i UiChooseFace.obj
 0001:00017510       ?CloseWindow@KUiChooseFace@@SAXXZ 00418510 f   UiChooseFace.obj
 0001:00017540       ?Initialize@KUiChooseFace@@AAEXXZ 00418540 f   UiChooseFace.obj
 0001:00017740       ?LoadScheme@KUiChooseFace@@AAEXPBD@Z 00418740 f   UiChooseFace.obj
 0001:00017b30       ?ShowWindow@KUiChooseFace@@AAEXH@Z 00418b30 f   UiChooseFace.obj
 0001:00017f80       ?WndProc@KUiChooseFace@@EAEHIIH@Z 00418f80 f   UiChooseFace.obj
 0001:000182c0       ?OnOK@KUiChooseFace@@AAEXXZ 004192c0 f   UiChooseFace.obj
 0001:00018360       ?PaintWindow@KUiChooseFace@@EAEXXZ 00419360 f   UiChooseFace.obj
 0001:00018a00       ??0KUiFaceSelector@@AAE@XZ 00419a00 f   UiFaceSelector.obj
 0001:00018ab0       ??_EKUiFaceSelector@@EAEPAXI@Z 00419ab0 f i UiFaceSelector.obj
 0001:00018ab0       ??_GKUiFaceSelector@@EAEPAXI@Z 00419ab0 f i UiFaceSelector.obj
 0001:00018ad0       ??1KUiFaceSelector@@EAE@XZ 00419ad0 f i UiFaceSelector.obj
 0001:00018b40       ?OpenWindow@KUiFaceSelector@@SAPAV1@PAVKWndWindow@@PAX@Z 00419b40 f   UiFaceSelector.obj
 0001:00018c00       ?CloseWindow@KUiFaceSelector@@SAX_N@Z 00419c00 f   UiFaceSelector.obj
 0001:00018c30       ?GetIfVisible@KUiFaceSelector@@SAPAV1@XZ 00419c30 f   UiFaceSelector.obj
 0001:00018c50       ?ConvertFaceText@KUiFaceSelector@@SAHPADPBDH@Z 00419c50 f   UiFaceSelector.obj
 0001:00018d50       ?ConvertFace@KUiFaceSelector@@CAHPADAAHPBDH1@Z 00419d50 f   UiFaceSelector.obj
 0001:00018df0       ?Initialize@KUiFaceSelector@@AAEXXZ 00419df0 f   UiFaceSelector.obj
 0001:00018e50       ?LoadFaceList@KUiFaceSelector@@SAXXZ 00419e50 f   UiFaceSelector.obj
 0001:00018fa0       ?Clear@KUiFaceSelector@@SAXXZ 00419fa0 f   UiFaceSelector.obj
 0001:00018fe0       ?OnSelFace@KUiFaceSelector@@AAEXXZ 00419fe0 f   UiFaceSelector.obj
 0001:00019030       ?WndProc@KUiFaceSelector@@EAEHIIH@Z 0041a030 f   UiFaceSelector.obj
 0001:00019140       ?OnExpandWnd@KUiFaceSelector@@AAEXXZ 0041a140 f   UiFaceSelector.obj
 0001:000191a0       ?OnUnExpandWnd@KUiFaceSelector@@AAEXXZ 0041a1a0 f   UiFaceSelector.obj
 0001:000191f0       ?LoadScheme@KUiFaceSelector@@QAEXPBD@Z 0041a1f0 f   UiFaceSelector.obj
 0001:000194e0       ?UpdateFaceTip@KUiFaceSelector@@AAEXHH@Z 0041a4e0 f   UiFaceSelector.obj
 0001:00019590       ?PaintWindow@KUiFaceSelector@@EAEXXZ 0041a590 f   UiFaceSelector.obj
 0001:000198a0       ?Show@KUiFaceSelector@@EAEXXZ 0041a8a0 f   UiFaceSelector.obj
 0001:000198c0       ?Hide@KUiFaceSelector@@EAEXXZ 0041a8c0 f   UiFaceSelector.obj
 0001:000198e0       ?GetFaceAtPos@KUiFaceSelector@@AAEHHH@Z 0041a8e0 f   UiFaceSelector.obj
 0001:00019970       ?CreateObject@GameWorld_DateTime@@SAPAVKWndWindow@@XZ 0041a970 f i UiPlayerBar.obj
 0001:000199d0       ?GetFormatedTimeString@@YAHHPAD@Z 0041a9d0 f   UiPlayerBar.obj
 0001:00019a50       ?GetFormatedTimeString@@YAHPAUtm@@PAD@Z 0041aa50 f   UiPlayerBar.obj
 0001:00019a90       ??0GameWorld_DateTime@@QAE@XZ 0041aa90 f   UiPlayerBar.obj
 0001:00019af0       ??_EGameWorld_DateTime@@UAEPAXI@Z 0041aaf0 f i UiPlayerBar.obj
 0001:00019af0       ??_GGameWorld_DateTime@@UAEPAXI@Z 0041aaf0 f i UiPlayerBar.obj
 0001:00019b10       ??1GameWorld_DateTime@@UAE@XZ 0041ab10 f i UiPlayerBar.obj
 0001:00019b20       ?OnButtonClick@GameWorld_DateTime@@EAEXXZ 0041ab20 f   UiPlayerBar.obj
 0001:00019b40       ?Init@GameWorld_DateTime@@UAEHPAVKIniFile@@PBD@Z 0041ab40 f   UiPlayerBar.obj
 0001:00019ce0       ?UpdateData@GameWorld_DateTime@@UAEXXZ 0041ace0 f   UiPlayerBar.obj
 0001:00019e10       ?UpdateNetStatus@GameWorld_DateTime@@AAEXXZ 0041ae10 f   UiPlayerBar.obj
 0001:00019f80       ?Init@KImmediaItem@@UAEHPAVKIniFile@@PBD@Z 0041af80 f   UiPlayerBar.obj
 0001:00019fe0       ?PaintWindow@KImmediaItem@@UAEXXZ 0041afe0 f   UiPlayerBar.obj
 0001:0001a0e0       ??0KUiPlayerBar@@AAE@XZ    0041b0e0 f   UiPlayerBar.obj
 0001:0001a310       ??0KImmediaItem@@QAE@XZ    0041b310 f i UiPlayerBar.obj
 0001:0001a330       ??_GKImmediaItem@@UAEPAXI@Z 0041b330 f i UiPlayerBar.obj
 0001:0001a330       ??_EKImmediaItem@@UAEPAXI@Z 0041b330 f i UiPlayerBar.obj
 0001:0001a350       ??1KImmediaItem@@UAE@XZ    0041b350 f i UiPlayerBar.obj
 0001:0001a360       ??_GKUiPlayerBar@@EAEPAXI@Z 0041b360 f i UiPlayerBar.obj
 0001:0001a360       ??_EKUiPlayerBar@@EAEPAXI@Z 0041b360 f i UiPlayerBar.obj
 0001:0001a380       ??1KUiPlayerBar@@EAE@XZ    0041b380 f   UiPlayerBar.obj
 0001:0001a530       ?GetIfVisible@KUiPlayerBar@@SAPAV1@XZ 0041b530 f   UiPlayerBar.obj
 0001:0001a550       ?OpenWindow@KUiPlayerBar@@SAPAV1@XZ 0041b550 f   UiPlayerBar.obj
 0001:0001a610       ?UpdateData@KUiPlayerBar@@EAEXXZ 0041b610 f   UiPlayerBar.obj
 0001:0001a710       ?CloseWindow@KUiPlayerBar@@SAX_N@Z 0041b710 f   UiPlayerBar.obj
 0001:0001a770       ?LoadScheme@KUiPlayerBar@@SAXPBD@Z 0041b770 f   UiPlayerBar.obj
 0001:0001a820       ?LoadScheme@KUiPlayerBar@@AAEXPAVKIniFile@@PBD@Z 0041b820 f   UiPlayerBar.obj
 0001:0001ac70       ?Initialize@KUiPlayerBar@@AAEXXZ 0041bc70 f   UiPlayerBar.obj
 0001:0001ae40       ?WndProc@KUiPlayerBar@@EAEHIIH@Z 0041be40 f   UiPlayerBar.obj
 0001:0001b6a0       ?PaintWindow@KUiPlayerBar@@EAEXXZ 0041c6a0 f   UiPlayerBar.obj
 0001:0001b780       ?PopupChannelMenu@KUiPlayerBar@@AAEXHH@Z 0041c780 f   UiPlayerBar.obj
 0001:0001bb00       ?PopupPhraseMenu@KUiPlayerBar@@AAEXHH_N@Z 0041cb00 f   UiPlayerBar.obj
 0001:0001bbc0       ?OnSend@KUiPlayerBar@@AAEXH@Z 0041cbc0 f   UiPlayerBar.obj
 0001:0001c0b0       ?IsCanSendMessage@KUiPlayerBar@@SAHPBDHPADH@Z 0041d0b0 f   UiPlayerBar.obj
 0001:0001c160       ?OnSendChannelMessage@KUiPlayerBar@@SAXKPBDH@Z 0041d160 f   UiPlayerBar.obj
 0001:0001c220       ?OnDirectSendChannelMessage@KUiPlayerBar@@AAEXKEPBDH@Z 0041d220 f   UiPlayerBar.obj
 0001:0001c2d0       ?OnSendSomeoneMessage@KUiPlayerBar@@SAXPBD0H@Z 0041d2d0 f   UiPlayerBar.obj
 0001:0001c3b0       ?InputRecentMsg@KUiPlayerBar@@AAEX_N@Z 0041d3b0 f   UiPlayerBar.obj
 0001:0001c430       ?OnObjPickedDropped@KUiPlayerBar@@AAEXPAUITEM_PICKDROP_PLACE@@0@Z 0041d430 f   UiPlayerBar.obj
 0001:0001c6b0       ?CanDragObj@KUiPlayerBar@@AAEHI@Z 0041d6b0 f   UiPlayerBar.obj
 0001:0001c770       ?OnUseItem@KUiPlayerBar@@SAXH@Z 0041d770 f   UiPlayerBar.obj
 0001:0001c860       ?GetChannelIndex@KUiPlayerBar@@AAEHPBD@Z 0041d860 f   UiPlayerBar.obj
 0001:0001c920       ?SetCurrentChannel@KUiPlayerBar@@SAXH@Z 0041d920 f   UiPlayerBar.obj
 0001:0001ca60       ?InputCurrentChannel@KUiPlayerBar@@AAEXH_N@Z 0041da60 f   UiPlayerBar.obj
 0001:0001cad0       ?SwitchChannel@KUiPlayerBar@@SAXH@Z 0041dad0 f   UiPlayerBar.obj
 0001:0001cb30       ?GetCurChannel@KUiPlayerBar@@SAHXZ 0041db30 f   UiPlayerBar.obj
 0001:0001cb50       ?UpdateXXXNumber@KUiPlayerBar@@AAEXAAH0@Z 0041db50 f   UiPlayerBar.obj
 0001:0001cc10       ?UpdateRuntimeAttribute@KUiPlayerBar@@AAEXAAH0@Z 0041dc10 f   UiPlayerBar.obj
 0001:0001cc80       ?UpdateItem@KUiPlayerBar@@QAEXHII@Z 0041dc80 f   UiPlayerBar.obj
 0001:0001cd10       ?UpdateSkill@KUiPlayerBar@@QAEXHII@Z 0041dd10 f   UiPlayerBar.obj
 0001:0001cd40       ?Breathe@KUiPlayerBar@@EAEXXZ 0041dd40 f   UiPlayerBar.obj
 0001:0001d0c0       ?IsHasCost@KUiPlayerBar@@AAEHEHHHHAAH00@Z 0041e0c0 f   UiPlayerBar.obj
 0001:0001d220       ?InputNameMsg@KUiPlayerBar@@SAXDPBD_N@Z 0041e220 f   UiPlayerBar.obj
 0001:0001d490       ??Rstring_iless@@QBE_NABV?$basic_string@DU?$char_traits@D@std@@V?$allocator@D@2@@std@@0@Z 0041e490 f i UiPlayerBar.obj
 0001:0001d4f0       ?FindRecentPlayer@KUiPlayerBar@@SAHPBD@Z 0041e4f0 f   UiPlayerBar.obj
 0001:0001d570       ?GetRecentPlayerName@KUiPlayerBar@@SAPADH@Z 0041e570 f   UiPlayerBar.obj
 0001:0001d5b0       ?AddRecentPlayer@KUiPlayerBar@@SAHPBD@Z 0041e5b0 f   UiPlayerBar.obj
 0001:0001d6c0       ?ReplaceSpecialName@KUiPlayerBar@@AAEXPADI0@Z 0041e6c0 f   UiPlayerBar.obj
 0001:0001d6e0       ?GetExp@KUiPlayerBar@@SA_NAAH00@Z 0041e6e0 f   UiPlayerBar.obj
 0001:0001d720       ?LoadPrivateSetting@KUiPlayerBar@@SAHPAVKIniFile@@@Z 0041e720 f   UiPlayerBar.obj
 0001:0001d8e0       ?SavePrivateSetting@KUiPlayerBar@@SAHPAVKIniFile@@@Z 0041e8e0 f   UiPlayerBar.obj
 0001:0001da40       ?SetChatItemInfo@KUiPlayerBar@@SAXUKUiChatItemParam@@I@Z 0041ea40 f   UiPlayerBar.obj
 0001:0001e0a0       ?SetChatItemInfo@KUiPlayerBar@@SAXFPAD0@Z 0041f0a0 f   UiPlayerBar.obj
 0001:0001e2f0       ?SetChatItemPosition@KUiPlayerBar@@SAXFFF_N@Z 0041f2f0 f   UiPlayerBar.obj
 0001:0001e3c0       ?ClearChatItem@KUiPlayerBar@@SAXXZ 0041f3c0 f   UiPlayerBar.obj
 0001:0001e420       ?EncodeChatItemInfo@KUiPlayerBar@@SAXPBDIPAD1@Z 0041f420 f   UiPlayerBar.obj
 0001:0001e7e0       ?PopupPKMenu@KUiPlayerBar@@SAXFF@Z 0041f7e0 f   UiPlayerBar.obj
 0001:0001e8e0       ?OnChoosePKMenu@KUiPlayerBar@@AAEXE@Z 0041f8e0 f   UiPlayerBar.obj
 0001:0001e900       ?MyMessage@KUiPlayerBar@@SAXPAD@Z 0041f900 f   UiPlayerBar.obj
 0001:0001e990       ?_Lbound@?$_Tree@V?$basic_string@DU?$char_traits@D@std@@V?$allocator@D@2@@std@@U?$pair@$$CBV?$basic_string@DU?$char_traits@D@std@@V?$allocator@D@2@@std@@UShortFuncInfo@@@2@U_Kfn@?$map@V?$basic_string@DU?$char_traits@D@std@@V?$allocator@D@2@@std@@UShortFuncInfo@@Ustring_iless@@V?$allocator@UShortFuncInfo@@@2@@2@Ustring_iless@@V?$allocator@UShortFuncInfo@@@2@@std@@IBEPAU_Node@12@ABV?$basic_string@DU?$char_traits@D@std@@V?$allocator@D@2@@2@@Z 0041f990 f i UiPlayerBar.obj
 0001:0001ea20       ?GetIfVisible@KUiStatus@@SAPAV1@XZ 0041fa20 f   UiStatus.obj
 0001:0001ea40       ?OpenWindow@KUiStatus@@SAPAV1@XZ 0041fa40 f   UiStatus.obj
 0001:0001eb00       ??0KUiStatus@@AAE@XZ       0041fb00 f i UiStatus.obj
 0001:0001ee00       ??_GKUiStatus@@EAEPAXI@Z   0041fe00 f i UiStatus.obj
 0001:0001ee00       ??_EKUiStatus@@EAEPAXI@Z   0041fe00 f i UiStatus.obj
 0001:0001ee20       ??1KUiStatus@@EAE@XZ       0041fe20 f i UiStatus.obj
 0001:0001f120       ?CloseWindow@KUiStatus@@SAX_N@Z 00420120 f   UiStatus.obj
 0001:0001f150       ?Initialize@KUiStatus@@AAEXXZ 00420150 f   UiStatus.obj
 0001:0001f410       ?LoadScheme@KUiStatus@@SAXPBD@Z 00420410 f   UiStatus.obj
 0001:0001f4c0       ?LoadScheme@KUiStatus@@AAEXPAVKIniFile@@@Z 004204c0 f   UiStatus.obj
 0001:0001f8b0       ?Breathe@KUiStatus@@EAEXXZ 004208b0 f   UiStatus.obj
 0001:0001ff70       ?WndProc@KUiStatus@@EAEHIIH@Z 00420f70 f   UiStatus.obj
 0001:000202f0       ?UseRemainPoint@KUiStatus@@AAEXW4UI_PLAYER_ATTRIBUTE@@H@Z 004212f0 f   UiStatus.obj
 0001:000203b0       ?OnDirectAddPoint@KUiStatus@@AAEXH@Z 004213b0 f   UiStatus.obj
 0001:00020460       ?UpdateBaseData@KUiStatus@@QAEXXZ 00421460 f   UiStatus.obj
 0001:000204d0       ?UpdateRuntimeInfo@KUiStatus@@QAEXPAUKUiPlayerRuntimeInfo@@@Z 004214d0 f   UiStatus.obj
 0001:00020540       ?UpdateClientDaTa@KUiStatus@@SAXXZ 00421540 f   UiStatus.obj
 0001:00020550       ?UpdateData@KUiStatus@@UAEXXZ 00421550 f   UiStatus.obj
 0001:000205d0       ?UpdateAllEquips@KUiStatus@@QAEXXZ 004215d0 f   UiStatus.obj
 0001:00020640       ?UpdateRuntimeAttribute@KUiStatus@@QAEXPAUKUiPlayerAttribute@@@Z 00421640 f   UiStatus.obj
 0001:000208c0       ?OnEquiptChanged@KUiStatus@@AAEXPAUITEM_PICKDROP_PLACE@@0@Z 004218c0 f   UiStatus.obj
 0001:00020ae0       ?UpdateEquip@KUiStatus@@QAEXPAUKUiObjAtRegion@@H@Z 00421ae0 f   UiStatus.obj
 0001:00020b60       ?OnNpcTradeMode@KUiStatus@@QAEX_N@Z 00421b60 f   UiStatus.obj
 0001:00020b90       ?UpdateButton@KUiStatus@@SAX_N@Z 00421b90 f   UiStatus.obj
 0001:00020c30       ?OnClickLockBtn@KUiStatus@@AAEXXZ 00421c30 f   UiStatus.obj
 0001:00020cb0       ?OnClickUnLockBtn@KUiStatus@@AAEXXZ 00421cb0 f   UiStatus.obj
 0001:00020d30       ?OnClickBindBtn@KUiStatus@@AAEXXZ 00421d30 f   UiStatus.obj
 0001:00020e10       ?OnClickUnBindBtn@KUiStatus@@AAEXXZ 00421e10 f   UiStatus.obj
 0001:00020ef0       ?OnBindItem@KUiStatus@@AAEXPAUKUiDraggedObject@@@Z 00421ef0 f   UiStatus.obj
 0001:00020f80       ?OnUnBindItem@KUiStatus@@AAEXPAUKUiDraggedObject@@@Z 00421f80 f   UiStatus.obj
 0001:00021010       ?OnRepairItem@KUiStatus@@AAEXPAUKUiDraggedObject@@@Z 00422010 f   UiStatus.obj
 0001:000210b0       ??0KUiOptions@@AAE@XZ      004220b0 f   UiOptions.obj
 0001:000212a0       ??_EKUiOptions@@EAEPAXI@Z  004222a0 f i UiOptions.obj
 0001:000212a0       ??_GKUiOptions@@EAEPAXI@Z  004222a0 f i UiOptions.obj
 0001:000212c0       ??1KUiOptions@@EAE@XZ      004222c0 f i UiOptions.obj
 0001:00021480       ?GetIfVisible@KUiOptions@@SAPAV1@XZ 00422480 f   UiOptions.obj
 0001:000214a0       ?OpenWindow@KUiOptions@@SAPAV1@PAVKWndWindow@@@Z 004224a0 f   UiOptions.obj
 0001:00021550       ?CloseWindow@KUiOptions@@SAXXZ 00422550 f   UiOptions.obj
 0001:00021590       ?Initialize@KUiOptions@@AAEXXZ 00422590 f   UiOptions.obj
 0001:000216c0       ?LoadScheme@KUiOptions@@SAXPBD@Z 004226c0 f   UiOptions.obj
 0001:00021770       ?LoadScheme@KUiOptions@@AAEXPAVKIniFile@@@Z 00422770 f   UiOptions.obj
 0001:00021b30       ?WndProc@KUiOptions@@EAEHIIH@Z 00422b30 f   UiOptions.obj
 0001:00021cf0       ?UpdateSettingSet@KUiOptions@@AAEXH_N@Z 00422cf0 f   UiOptions.obj
 0001:00021e00       ?PopupSeleteSetMenu@KUiOptions@@AAEXHH@Z 00422e00 f   UiOptions.obj
 0001:00021f10       ?OnScrollBarPosChanged@KUiOptions@@AAEXPAVKWndWindow@@H@Z 00422f10 f   UiOptions.obj
 0001:00021f60       ?UpdateAllToggleBtn@KUiOptions@@AAEXXZ 00422f60 f   UiOptions.obj
 0001:00022080       ?UpdateAllStatusImg@KUiOptions@@AAEXXZ 00423080 f   UiOptions.obj
 0001:000220f0       ?LoadSetting@KUiOptions@@SAX_N0@Z 004230f0 f   UiOptions.obj
 0001:000223c0       ?StoreSetting@KUiOptions@@AAEXXZ 004233c0 f   UiOptions.obj
 0001:00022480       ?ToggleOption@KUiOptions@@QAEXH@Z 00423480 f   UiOptions.obj
 0001:00022550       ?SetMusicValue@KUiOptions@@QAEXH@Z 00423550 f   UiOptions.obj
 0001:00022580       ?SetSoundValue@KUiOptions@@QAEXH@Z 00423580 f   UiOptions.obj
 0001:000225b0       ?SetBrightness@KUiOptions@@QAEXH@Z 004235b0 f   UiOptions.obj
 0001:000225e0       ?OpenWindow@KUiInit@@SAPAV1@_N0@Z 004235e0 f   UiInit.obj
 0001:00022780       ??_GKUiInit@@EAEPAXI@Z     00423780 f i UiInit.obj
 0001:00022780       ??_EKUiInit@@EAEPAXI@Z     00423780 f i UiInit.obj
 0001:000227a0       ??1KUiInit@@EAE@XZ         004237a0 f i UiInit.obj
 0001:00022880       ?CloseWindow@KUiInit@@SAXXZ 00423880 f   UiInit.obj
 0001:000228b0       ?PlayTitleMusic@KUiInit@@SAXXZ 004238b0 f   UiInit.obj
 0001:000229e0       ?StopTitleMusic@KUiInit@@SAXXZ 004239e0 f   UiInit.obj
 0001:00022a00       ?LoadScheme@KUiInit@@AAEXPBD@Z 00423a00 f   UiInit.obj
 0001:00022ba0       ?Initialize@KUiInit@@AAEXXZ 00423ba0 f   UiInit.obj
 0001:00022c60       ?WndProc@KUiInit@@EAEHIIH@Z 00423c60 f   UiInit.obj
 0001:00022cb0       ?OnKeyDown@KUiInit@@AAEHI@Z 00423cb0 f   UiInit.obj
 0001:00022d80       ?OnClickButton@KUiInit@@AAEXPAVKWndButton@@@Z 00423d80 f   UiInit.obj
 0001:00022e10       ?GetActiveBtn@KUiInit@@AAEPAVKWndButton@@XZ 00423e10 f   UiInit.obj
 0001:00022e80       ?ShowCompleted@KUiInit@@EAEXXZ 00423e80 f   UiInit.obj
 0001:00022e90       ??0KUiTeamBuild@@AAE@XZ    00423e90 f   UiTeamBuild.obj
 0001:00022f20       ??_GKUiTeamBuild@@EAEPAXI@Z 00423f20 f i UiTeamBuild.obj
 0001:00022f20       ??_EKUiTeamBuild@@EAEPAXI@Z 00423f20 f i UiTeamBuild.obj
 0001:00022f40       ??1KUiTeamBuild@@EAE@XZ    00423f40 f i UiTeamBuild.obj
 0001:00022fe0       ?OpenWindow@KUiTeamBuild@@SAPAV1@XZ 00423fe0 f   UiTeamBuild.obj
 0001:00023070       ?CloseWindow@KUiTeamBuild@@SAX_N@Z 00424070 f   UiTeamBuild.obj
 0001:000230b0       ?Initialize@KUiTeamBuild@@AAEXXZ 004240b0 f   UiTeamBuild.obj
 0001:00023140       ?LoadScheme@KUiTeamBuild@@AAEXPBD@Z 00424140 f   UiTeamBuild.obj
 0001:00023290       ?OnClickConfirmBtn@KUiTeamBuild@@AAEXXZ 00424290 f   UiTeamBuild.obj
 0001:000232b0       ?OnClickCancelBtn@KUiTeamBuild@@AAEXXZ 004242b0 f   UiTeamBuild.obj
 0001:000232d0       ?WndProc@KUiTeamBuild@@EAEHIIH@Z 004242d0 f   UiTeamBuild.obj
 0001:00023360       ?GetIfVisible@KUiChaPW@@SAPAV1@XZ 00424360 f   UiChaPW.obj
 0001:00023380       ?OpenWindow@KUiChaPW@@SAPAV1@XZ 00424380 f   UiChaPW.obj
 0001:000234c0       ??_EKUiChaPW@@EAEPAXI@Z    004244c0 f i UiChaPW.obj
 0001:000234c0       ??_GKUiChaPW@@EAEPAXI@Z    004244c0 f i UiChaPW.obj
 0001:000234e0       ??1KUiChaPW@@EAE@XZ        004244e0 f i UiChaPW.obj
 0001:000235b0       ?CloseWindow@KUiChaPW@@SAXXZ 004245b0 f   UiChaPW.obj
 0001:000235e0       ?Initialize@KUiChaPW@@AAEXXZ 004245e0 f   UiChaPW.obj
 0001:00023690       ?LoadScheme@KUiChaPW@@SAXPBD@Z 00424690 f   UiChaPW.obj
 0001:00023820       ?WndProc@KUiChaPW@@EAEHIIH@Z 00424820 f   UiChaPW.obj
 0001:00023990       ?OnOk@KUiChaPW@@AAEXXZ     00424990 f   UiChaPW.obj
 0001:000239d0       ?OnCheckInput@KUiChaPW@@AAEHXZ 004249d0 f   UiChaPW.obj
 0001:00023ae0       ?GetIfVisible@KUiCreatPW@@SAPAV1@XZ 00424ae0 f   UiCreatPW.obj
 0001:00023b00       ?OpenWindow@KUiCreatPW@@SAPAV1@XZ 00424b00 f   UiCreatPW.obj
 0001:00023c20       ??_EKUiCreatPW@@EAEPAXI@Z  00424c20 f i UiCreatPW.obj
 0001:00023c20       ??_GKUiCreatPW@@EAEPAXI@Z  00424c20 f i UiCreatPW.obj
 0001:00023c40       ??1KUiCreatPW@@EAE@XZ      00424c40 f i UiCreatPW.obj
 0001:00023cf0       ?CloseWindow@KUiCreatPW@@SAXXZ 00424cf0 f   UiCreatPW.obj
 0001:00023d20       ?Initialize@KUiCreatPW@@AAEXXZ 00424d20 f   UiCreatPW.obj
 0001:00023db0       ?LoadScheme@KUiCreatPW@@SAXPBD@Z 00424db0 f   UiCreatPW.obj
 0001:00023f10       ?WndProc@KUiCreatPW@@EAEHIIH@Z 00424f10 f   UiCreatPW.obj
 0001:00024030       ?OnOk@KUiCreatPW@@AAEXXZ   00425030 f   UiCreatPW.obj
 0001:00024060       ?OnCheckInput@KUiCreatPW@@AAEHXZ 00425060 f   UiCreatPW.obj
 0001:00024150       ?GetIfVisible@KUiExpandItem@@SAPAV1@XZ 00425150 f   UiExpandItem.obj
 0001:00024170       ?OpenWindow@KUiExpandItem@@SAPAV1@XZ 00425170 f   UiExpandItem.obj
 0001:00024250       ??_GKUiExpandItem@@EAEPAXI@Z 00425250 f i UiExpandItem.obj
 0001:00024250       ??_EKUiExpandItem@@EAEPAXI@Z 00425250 f i UiExpandItem.obj
 0001:00024270       ??1KUiExpandItem@@EAE@XZ   00425270 f i UiExpandItem.obj
 0001:000242e0       ?CloseWindow@KUiExpandItem@@SAXXZ 004252e0 f   UiExpandItem.obj
 0001:00024300       ?Initialize@KUiExpandItem@@AAEXXZ 00425300 f   UiExpandItem.obj
 0001:00024360       ?UpdateData@KUiExpandItem@@EAEXXZ 00425360 f   UiExpandItem.obj
 0001:000243e0       ?UpdateItem@KUiExpandItem@@QAEXPAUKUiObjAtRegion@@H@Z 004253e0 f   UiExpandItem.obj
 0001:00024460       ?LoadScheme@KUiExpandItem@@SAXPBD@Z 00425460 f   UiExpandItem.obj
 0001:00024560       ?WndProc@KUiExpandItem@@EAEHIIH@Z 00425560 f   UiExpandItem.obj
 0001:000245d0       ?PaintWindow@KUiExpandItem@@EAEXXZ 004255d0 f   UiExpandItem.obj
 0001:00024660       ?OnClickItem@KUiExpandItem@@AAEXPAUKUiDraggedObject@@@Z 00425660 f   UiExpandItem.obj
 0001:00024670       ?OnItemPickDrop@KUiExpandItem@@AAEXPAUITEM_PICKDROP_PLACE@@0@Z 00425670 f   UiExpandItem.obj
 0001:00024740       ??0KUiGetMoney@@AAE@XZ     00425740 f   UiGetMoney.obj
 0001:000247e0       ??_GKUiGetMoney@@EAEPAXI@Z 004257e0 f i UiGetMoney.obj
 0001:000247e0       ??_EKUiGetMoney@@EAEPAXI@Z 004257e0 f i UiGetMoney.obj
 0001:00024800       ??1KUiGetMoney@@EAE@XZ     00425800 f i UiGetMoney.obj
 0001:00024890       ?OpenWindow@KUiGetMoney@@SAPAV1@HHPAVKWndWindow@@I0@Z 00425890 f   UiGetMoney.obj
 0001:000249a0       ?CloseWindow@KUiGetMoney@@SAX_N@Z 004259a0 f   UiGetMoney.obj
 0001:000249e0       ?GetIfVisible@KUiGetMoney@@SAPAV1@XZ 004259e0 f   UiGetMoney.obj
 0001:00024a00       ?Show@KUiGetMoney@@AAEXPAVKWndWindow@@@Z 00425a00 f   UiGetMoney.obj
 0001:00024ab0       ?Hide@KUiGetMoney@@EAEXXZ  00425ab0 f   UiGetMoney.obj
 0001:00024ad0       ?Initialize@KUiGetMoney@@AAEHXZ 00425ad0 f   UiGetMoney.obj
 0001:00024b50       ?LoadScheme@KUiGetMoney@@SAXPBD@Z 00425b50 f   UiGetMoney.obj
 0001:00024c80       ?WndProc@KUiGetMoney@@EAEHIIH@Z 00425c80 f   UiGetMoney.obj
 0001:00024d40       ?OnOk@KUiGetMoney@@AAEXXZ  00425d40 f   UiGetMoney.obj
 0001:00024d80       ?OnCheckInput@KUiGetMoney@@AAEXXZ 00425d80 f   UiGetMoney.obj
 0001:00024e20       ?OnCancel@KUiGetMoney@@AAEXXZ 00425e20 f   UiGetMoney.obj
 0001:00024e50       ??0KUiGiveBox@@AAE@XZ      00425e50 f   UiGiveBox.obj
 0001:00024ef0       ??_EKUiGiveBox@@EAEPAXI@Z  00425ef0 f i UiGiveBox.obj
 0001:00024ef0       ??_GKUiGiveBox@@EAEPAXI@Z  00425ef0 f i UiGiveBox.obj
 0001:00024f10       ??1KUiGiveBox@@EAE@XZ      00425f10 f i UiGiveBox.obj
 0001:00024fd0       ?OpenWindow@KUiGiveBox@@SAPAV1@PBD0PAD@Z 00425fd0 f   UiGiveBox.obj
 0001:00025130       ?CloseWindow@KUiGiveBox@@SAX_N@Z 00426130 f   UiGiveBox.obj
 0001:00025180       ?GetIfVisible@KUiGiveBox@@SAPAV1@XZ 00426180 f   UiGiveBox.obj
 0001:000251a0       ?Initialize@KUiGiveBox@@AAEXXZ 004261a0 f   UiGiveBox.obj
 0001:00025250       ?LoadScheme@KUiGiveBox@@SAXPBD@Z 00426250 f   UiGiveBox.obj
 0001:000253d0       ?WndProc@KUiGiveBox@@EAEHIIH@Z 004263d0 f   UiGiveBox.obj
[...]
 0003:0000e32c       ?m_pSelf@KUiMsgCentrePad@@0PAV1@A 004b832c     UiMsgCentrePad.obj
 0003:0000e330       ?ms_DefaultWidth@KUiMsgCentrePad@@0HA 004b8330     UiMsgCentrePad.obj
 0003:0000e334       ?ms_DefaultHeight@KUiMsgCentrePad@@0HA 004b8334     UiMsgCentrePad.obj
 0003:0000e338       ?m_pSelf@KUiMakeAdv@@0PAV1@A 004b8338     UiMakeAdv.obj
 0003:0000e33c       ?m_pSelf@KUiMarket@@0PAV1@A 004b833c     UiMarket.obj
 0003:0000e340       ?m_pSelf@KUiMarkPrice@@0PAV1@A 004b8340     UiMarkPrice.obj
 0003:0000e344       ?m_pSelf@KUiPlayerShop@@0PAV1@A 004b8344     UiPlayerShop.obj
 0003:0000e348       ?m_pSelf@KUiShop@@0PAV1@A  004b8348     UiShop.obj
 0003:0000e34c       ?m_pSelf@KUiShoppingCart@@0PAV1@A 004b834c     UiShoppingCart.obj
 0003:0000e350       ?m_pSelf@KUiTrade@@0PAV1@A 004b8350     UiTrade.obj
 0003:0000e354       ?m_pSelf@KUiTradeConfirm@@0PAV1@A 004b8354     UiTradeConfirmWnd.obj
 0003:0000e358       ?g_WndGameSpace@@3VKUiGameSpace@@A 004b8358     UiGame.obj
 0003:0000e3d4       ?m_pSelf@KUiNotification@@0PAV1@A 004b83d4     UiNotification.obj
 0003:0000e3d8       ?m_pSelf@KUiSysMsgCentre@@0PAV1@A 004b83d8     UiSysMsgCentre.obj
 0003:0000e3dc       ?m_pSelf@KUiCaveMap@@0PAV1@A 004b83dc     UiCaveMap.obj
 0003:0000e3e0       ?m_pSelf@KUiFindPos@@0PAV1@A 004b83e0     UiFindPos.obj
 0003:0000e3e4       ?ms_pSelf@KUiMiniMap@@0PAV1@A 004b83e4     UiMiniMap.obj
 0003:0000e3ec       ?m_pSelf@KUiWorldMap@@0PAV1@A 004b83ec     UiWorldMap.obj
 0003:0000e3f0       ?m_MenuData@KUiSelColor@@0PAEA 004b83f0     UiSelColor.obj
 0003:0000e7b0       ?m_pSelf@KUiNewPlayerStartMsg@@0PAV1@A 004b87b0     UiNewPlayerStartMsg.obj
 0003:0000e7b4       ?m_pSelf@KUiPlayVideo@@0PAV1@A 004b87b4     UiPlayVideo.obj
 0003:0000e7b8       ?m_pSelf@KUiHelper@@0PAV1@A 004b87b8     UiHelper.obj
 0003:0000e7bc       ?ms_nImgFrame@KUiHelper@@0HA 004b87bc     UiHelper.obj
 0003:0000e7c0       ?m_pSelf@KUiHelper2@@0PAV1@A 004b87c0     UiHelper2.obj
 0003:0000e7c4       ?m_pSelf@KUiHelperMission@@0PAV1@A 004b87c4     UiHelperMission.obj
 0003:0000e7c8       ?m_pSelf@KReconnectWnd@@0PAV1@A 004b87c8     UiReconnect.obj
 0003:0000e7cc       ?m_nChangeWorldReconnectTimes@@3HA 004b87cc     UiReconnect.obj
 0003:0000e7d0       ?m_uLastReconnectTick@@3IA 004b87d0     UiReconnect.obj
 0003:0000e7d4       ?m_pSelf@KReviveWnd@@0PAV1@A 004b87d4     UiRevive.obj
 0003:0000e7d8       ?ms_pPersonalRecord@KTaskDataFile@@0PAUKPersonalRecord@1@A 004b87d8     UiTaskDataFile.obj
 0003:0000e7dc       ?ms_pSystemRecordList@KTaskDataFile@@0PAUKTaskSystemRecordNode@1@A 004b87dc     UiTaskDataFile.obj
 0003:0000e7e0       ?ms_nSystemRecordCount@KTaskDataFile@@0HA 004b87e0     UiTaskDataFile.obj
 0003:0000e7e4       ?m_pSelf@KUiTaskNote@@0PAV1@A 004b87e4     UiTaskNote.obj
 0003:0000e7e8       ?m_pSelf@KUiNewsMessage@@0PAV1@A 004b87e8     UiNewsMessage.obj
 0003:0000e7ec       ?ms_bEnableIdleMsg@KUiNewsMessage@@0HA 004b87ec     UiNewsMessage.obj
 0003:0000e7f4       ?m_pSelf@KUiNewsMessageEx@@0PAV1@A 004b87f4     UiNewsMessageEx.obj
 0003:0000e7f8       ?ms_bEnableIdleMsg@KUiNewsMessageEx@@0HA 004b87f8     UiNewsMessageEx.obj
 0003:0000e800       ?m_IndexIDIni@KUiStrengthRank@@0VKIniFile@@A 004b8800     UiStrengthRank.obj
 0003:0000e860       ?m_RankData@KUiStrengthRank@@0V?$KLinkStruct@UKRankNode@@@@A 004b8860     UiStrengthRank.obj
 0003:0000e880       ?m_IndexData@KUiStrengthRank@@0V?$KLinkStruct@UKRankIndexNode@@@@A 004b8880     UiStrengthRank.obj
 0003:0000e89c       ?m_pSelf@KUiStrengthRank@@0PAV1@A 004b889c     UiStrengthRank.obj
 0003:0000e8a0       ?m_bIsIndexDataChange@KUiStrengthRank@@0HA 004b88a0     UiStrengthRank.obj
 0003:0000e8a4       ?m_bIsRankDataChange@KUiStrengthRank@@0HA 004b88a4     UiStrengthRank.obj
 0003:0000e8a8       ?ms_pSelf@KUiPopupPasswordQuery@@0PAV1@A 004b88a8     UiPopupPasswordQuery.obj
 0003:0000e8ac       ?ms_pSelf@KUiTongAssignBox@@0PAV1@A 004b88ac     UiTongAssignBox.obj
 0003:0000e8b0       ?m_pSelf@KUiTongChangeTitle@@0PAV1@A 004b88b0     UiTongChangeTitle.obj
 0003:0000e8b4       ?ms_pSelf@KUiTongCreateSheet@@0PAV1@A 004b88b4     UiTongCreateSheet.obj
 0003:0000e8b8       ?ms_pSelf@KUiTongInformation@@0PAV1@A 004b88b8     UiTongInformation.obj
 0003:0000e8c0       ?m_TongData@KUiTongManager@@0UKTongInfo@@A 004b88c0     UiTongManager.obj
 0003:0000e8f4       ?ms_pSelf@KUiTongManager@@0PAV1@A 004b88f4     UiTongManager.obj
 0003:0000e8f8       ?m_nElderDataIndex@KUiTongManager@@0HA 004b88f8     UiTongManager.obj
 0003:0000e8fc       ?m_nMemberDataIndex@KUiTongManager@@0HA 004b88fc     UiTongManager.obj
 0003:0000e900       ?m_nCaptainDataIndex@KUiTongManager@@0HA 004b8900     UiTongManager.obj
 0003:0000e904       ?m_pSelf@KUiTongSetTax@@0PAV1@A 004b8904     UiTongSetTax .obj
 0003:0000e908       ?m_pNearbyPlayersList@@3PAUKUiPlayerItem@@A 004b8908     UiAutoPlay.obj
 0003:0000e90c       ?m_pSelf@KUiRecovery@@0PAV1@A 004b890c     UiAutoPlay.obj
 0003:0000e910       ?m_pSelf@KUiPick@@0PAV1@A  004b8910     UiAutoPlay.obj
 0003:0000e914       ?m_pSelf@KUiFight@@0PAV1@A 004b8914     UiAutoPlay.obj
 0003:0000e918       ?m_pSelf@KUiOther@@0PAV1@A 004b8918     UiAutoPlay.obj
 0003:0000e91c       ?m_pSelf@KUiMovePlayer@@0PAV1@A 004b891c     UiAutoPlay.obj
 0003:0000e920       ?m_pSelf@KUiAutoPlay@@0PAV1@A 004b8920     UiAutoPlay.obj
 0003:0000e924       ?m_pSelf@UiMiniBuff@@0PAV1@A 004b8924     UiMiniBuff.obj
 0003:0000e928       ?ms_pSelf@KUiTopTKNew@@0PAV1@A 004b8928     UiTopTKNew.obj
 0003:0000e92c       ?m_pSelf@KUiTrembleItem@@0PAV1@A 004b892c     UiTrembleItem.obj
 0003:0000e930       ?gTrayMode@@3VTrayMode@@A  004b8930     TrayMode.obj
 0003:0000e934       ?m_pSelf@TrayMode@@0PAV1@A 004b8934     TrayMode.obj
 0003:0000e938       ?bFPS@@3HA                 004b8938     TrayMode.obj
 0003:0000eb20       ?s_LNotify@@3UBlacklistNotify@@A 004b8b20     GameSpaceChangedNotify.obj
 0003:0000eb28       ?g_BlackListUserNames@@3V?$map@V?$basic_string@DU?$char_traits@D@std@@V?$allocator@D@2@@std@@V12@U?$less@V?$basic_string@DU?$char_traits@D@std@@V?$allocator@D@2@@std@@@2@V?$allocator@V?$basic_string@DU?$char_traits@D@std@@V?$allocator@D@2@@std@@@2@@std@@A 004b8b28     GameSpaceChangedNotify.obj
 0003:0000eba8       ?ms_FunsMap@KShortcutKeyCentre@@2V?$map@V?$basic_string@DU?$char_traits@D@std@@V?$allocator@D@2@@std@@UShortFuncInfo@@Ustring_iless@@V?$allocator@UShortFuncInfo@@@2@@std@@A 004b8ba8     ShortcutKey.obj
 0003:0000ebc0       ?ms_Script@KShortcutKeyCentre@@0VKLuaScript@@A 004b8bc0     ShortcutKey.obj
 0003:0000ec34       ?ms_pCommands@KShortcutKeyCentre@@0PAUCOMMAND_SETTING@@A 004b8c34     ShortcutKey.obj
 0003:0000ec38       ?ms_nCommands@KShortcutKeyCentre@@0HA 004b8c38     ShortcutKey.obj
 0003:0000ec3c       ?ms_Enable@KShortcutKeyCentre@@0_NA 004b8c3c     ShortcutKey.obj
 0003:0000ec3d       ?ms_bMouse@KShortcutKeyCentre@@2_NA 004b8c3d     ShortcutKey.obj
 0003:0000ec40       ?ms_MouseX@KShortcutKeyCentre@@2HA 004b8c40     ShortcutKey.obj
 0003:0000ec44       ?ms_MouseY@KShortcutKeyCentre@@2HA 004b8c44     ShortcutKey.obj
 0003:0000ec48       ?_Nilrefs@?$_Tree@V?$basic_string@DU?$char_traits@D@std@@V?$allocator@D@2@@std@@U?$pair@$$CBV?$basic_string@DU?$char_traits@D@std@@V?$allocator@D@2@@std@@UShortFuncInfo@@@2@U_Kfn@?$map@V?$basic_string@DU?$char_traits@D@std@@V?$allocator@D@2@@std@@UShortFuncInfo@@Ustring_iless@@V?$allocator@UShortFuncInfo@@@2@@2@Ustring_iless@@V?$allocator@UShortFuncInfo@@@2@@std@@1IA 004b8c48     ShortcutKey.obj
 0003:0000ec4c       ?_Nilrefs@?$_Tree@V?$basic_string@DU?$char_traits@D@std@@V?$allocator@D@2@@std@@U?$pair@$$CBV?$basic_string@DU?$char_traits@D@std@@V?$allocator@D@2@@std@@U?$pair@KK@2@@2@U_Kfn@?$map@V?$basic_string@DU?$char_traits@D@std@@V?$allocator@D@2@@std@@U?$pair@KK@2@Ustring_iless@@V?$allocator@U?$pair@KK@std@@@2@@2@Ustring_iless@@V?$allocator@U?$pair@KK@std@@@2@@std@@1IA 004b8c4c     ShortcutKey.obj
 0003:0000ec50       ?_Nil@?$_Tree@V?$basic_string@DU?$char_traits@D@std@@V?$allocator@D@2@@std@@U?$pair@$$CBV?$basic_string@DU?$char_traits@D@std@@V?$allocator@D@2@@std@@U?$pair@KK@2@@2@U_Kfn@?$map@V?$basic_string@DU?$char_traits@D@std@@V?$allocator@D@2@@std@@U?$pair@KK@2@Ustring_iless@@V?$allocator@U?$pair@KK@std@@@2@@2@Ustring_iless@@V?$allocator@U?$pair@KK@std@@@2@@std@@1PAU_Node@12@A 004b8c50     ShortcutKey.obj
 0003:0000ec58       ?s_ANotify@@3UAddinNotify@@A 004b8c58     UiBase.obj
 0003:0000ec60       ?g_UiBase@@3VKUiBase@@A    004b8c60     UiBase.obj
 0003:0000ecec       ?g_nWindowNTFlag@@3HA      004b8cec     UiBase.obj
 0003:0000ecf0       ?_Nilrefs@?$_Tree@V?$basic_string@DU?$char_traits@D@std@@V?$allocator@D@2@@std@@U?$pair@$$CBV?$basic_string@DU?$char_traits@D@std@@V?$allocator@D@2@@std@@PAX@2@U_Kfn@?$map@V?$basic_string@DU?$char_traits@D@std@@V?$allocator@D@2@@std@@PAXU?$less@V?$basic_string@DU?$char_traits@D@std@@V?$allocator@D@2@@std@@@2@V?$allocator@PAX@2@@2@U?$less@V?$basic_string@DU?$char_traits@D@std@@V?$allocator@D@2@@std@@@2@V?$allocator@PAX@2@@std@@1IA 004b8cf0     UiBase.obj
 0003:0000ecf4       ?_Nil@?$_Tree@V?$basic_string@DU?$char_traits@D@std@@V?$allocator@D@2@@std@@U?$pair@$$CBV?$basic_string@DU?$char_traits@D@std@@V?$allocator@D@2@@std@@PAX@2@U_Kfn@?$map@V?$basic_string@DU?$char_traits@D@std@@V?$allocator@D@2@@std@@PAXU?$less@V?$basic_string@DU?$char_traits@D@std@@V?$allocator@D@2@@std@@@2@V?$allocator@PAX@2@@2@U?$less@V?$basic_string@DU?$char_traits@D@std@@V?$allocator@D@2@@std@@@2@V?$allocator@PAX@2@@std@@1PAU_Node@12@A 004b8cf4     UiBase.obj
 0003:0000ed1c       ?g_bDisconnect@@3HA        004b8d1c     UiShell.obj
 0003:0000ed30       ?g_ClientCallback@@3UKClientCallback@@A 004b8d30     S3Client.obj
 0003:0000ed38       ?g_ChatFilter@@3VCChatFilter@@A 004b8d38     S3Client.obj
 0003:0000ed40       ?g_libFilterText@@3VCFilterTextLib@@A 004b8d40     S3Client.obj
 0003:0000ed48       ?g_PakList@@3VKPakList@@A  004b8d48     S3Client.obj
 0003:0000edec       ?hInst@@3PAUHINSTANCE__@@A 004b8dec     S3Client.obj
 0003:0000edf0       ?MyApp@@3VKMyApp@@A        004b8df0     S3Client.obj
 0003:0000ef20       ?g_pRepresentShell@@3PAUiRepresentShell@@A 004b8f20     S3Client.obj
 0003:0000ef24       ?g_pIInlinePicSink@@3PAUIInlinePicEngineSink@@A 004b8f24     S3Client.obj
 0003:0000ef28       ?g_pCoreShell@@3PAUiCoreShell@@A 004b8f28     S3Client.obj
 0003:0000ef2c       ?g_pMusic@@3PAVKMusic@@A   004b8f2c     S3Client.obj
 0003:0000ef34       ?g_bRepresent3@@3HA        004b8f34     S3Client.obj
 0003:0000ef40       ?g_NetConnectAgent@@3VKNetConnectAgent@@A 004b8f40     NetConnectAgent.obj
 0003:0000f368       ?g_LoginLogic@@3VKLogin@@A 004b9368     Login.obj
 0003:0000f4bc       __dowildcard               004b94bc     MSVCRT:wildcard.obj
 0003:0000f4c0       __newmode                  004b94c0     MSVCRT:_newmode.obj
 0003:0000f4c4       __commode                  004b94c4     MSVCRT:xncommod.obj
 0003:0000f4c8       __fmode                    004b94c8     MSVCRT:xtxtmode.obj
 0003:0000f4cc       __adjust_fdiv              004b94cc     <common>
 0003:0000f4d0       ___onexitend               004b94d0     <common>
 0003:0000f4d4       ___onexitbegin             004b94d4     <common>

 entry point at        0001:0008a72a

 Static symbols

 0001:00087ff0       _$E56                      00488ff0 f   Login.obj
 0001:00088000       _$E53                      00489000 f   Login.obj
 0001:00088010       _$E55                      00489010 f   Login.obj
 0001:00088020       _$E54                      00489020 f   Login.obj
 0001:000880c0       _$E59                      004890c0 f   Login.obj
 0001:000880d0       _$E58                      004890d0 f   Login.obj
 0001:00089940       ?DecodeAddressField@@YAHPBDPADH@Z 0048a940 f   Login.obj
 0001:00089a10       ?HexToBytes@@YAHPBDPAEH@Z  0048aa10 f   Login.obj
 0001:00089ab0       ?HexToNibble@@YAHD@Z       0048aab0 f   Login.obj
 0001:000877c0       _$E37                      004887c0 f   NetConnectAgent.obj
 0001:000877d0       _$E34                      004887d0 f   NetConnectAgent.obj
 0001:000877e0       _$E36                      004887e0 f   NetConnectAgent.obj
 0001:000877f0       _$E35                      004887f0 f   NetConnectAgent.obj
 0001:00086d00       _$E58                      00487d00 f   S3Client.obj
 0001:00086d10       _$E55                      00487d10 f   S3Client.obj
 0001:00086d20       _$E57                      00487d20 f   S3Client.obj
 0001:00086d30       _$E56                      00487d30 f   S3Client.obj
 0001:00086dc0       _$E63                      00487dc0 f   S3Client.obj
 0001:00086dd0       _$E60                      00487dd0 f   S3Client.obj
 0001:00086de0       _$E62                      00487de0 f   S3Client.obj
 0001:00086df0       _$E61                      00487df0 f   S3Client.obj
 0001:00086e00       _$E68                      00487e00 f   S3Client.obj
 0001:00086e10       _$E65                      00487e10 f   S3Client.obj
 0001:00086e20       _$E67                      00487e20 f   S3Client.obj
 0001:00086e30       _$E66                      00487e30 f   S3Client.obj
 0001:00086e40       _$E73                      00487e40 f   S3Client.obj
 0001:00086e50       _$E70                      00487e50 f   S3Client.obj
 0001:00086e60       _$E72                      00487e60 f   S3Client.obj
 0001:00086e70       _$E71                      00487e70 f   S3Client.obj
 0001:00086e80       _$E76                      00487e80 f   S3Client.obj
 0001:00086e90       _$E75                      00487e90 f   S3Client.obj
 0001:00085480       _$E172                     00486480 f   UiShell.obj
 0001:00085490       _$E171                     00486490 f   UiShell.obj
 0001:00081910       _$E98                      00482910 f   UiBase.obj
 0001:00081920       _$E95                      00482920 f   UiBase.obj
 0001:00081930       _$E97                      00482930 f   UiBase.obj
 0001:00081940       _$E96                      00482940 f   UiBase.obj
 0001:000822f0       ?_KSG_GetWindowVersion@@YAHXZ 004832f0 f   UiBase.obj
 0001:00083700       _$E101                     00484700 f   UiBase.obj
 0001:00083710       _$E100                     00484710 f   UiBase.obj
 0001:00078ea0       _$E139                     00479ea0 f   ShortcutKey.obj
 0001:00078eb0       _$E135                     00479eb0 f   ShortcutKey.obj
 0001:00078ec0       _$E138                     00479ec0 f   ShortcutKey.obj
 0001:00078ed0       _$E136                     00479ed0 f   ShortcutKey.obj
 0001:00078ef0       _$E144                     00479ef0 f   ShortcutKey.obj
 0001:00078f00       _$E141                     00479f00 f   ShortcutKey.obj
 0001:00078f20       _$E143                     00479f20 f   ShortcutKey.obj
 0001:00078f30       _$E142                     00479f30 f   ShortcutKey.obj
 0001:0007b3c0       _$E149                     0047c3c0 f   ShortcutKey.obj
 0001:0007ef70       _$E152                     0047ff70 f   ShortcutKey.obj
 0001:000777e0       _$E138                     004787e0 f   GameSpaceChangedNotify.obj
 0001:000777f0       _$E135                     004787f0 f   GameSpaceChangedNotify.obj
 0001:00077810       _$E137                     00478810 f   GameSpaceChangedNotify.obj
 0001:00077820       _$E136                     00478820 f   GameSpaceChangedNotify.obj
 0001:00077830       _$E141                     00478830 f   GameSpaceChangedNotify.obj
 0001:00077840       _$E140                     00478840 f   GameSpaceChangedNotify.obj
 0001:0005ae10       _$E41                      0045be10 f   UiStrengthRank.obj
 0001:0005ae20       _$E37                      0045be20 f   UiStrengthRank.obj
 0001:0005ae50       _$E40                      0045be50 f   UiStrengthRank.obj
 0001:0005ae60       _$E38                      0045be60 f   UiStrengthRank.obj
 0001:0005afa0       _$E46                      0045bfa0 f   UiStrengthRank.obj
 0001:0005afb0       _$E43                      0045bfb0 f   UiStrengthRank.obj
 0001:0005afe0       _$E45                      0045bfe0 f   UiStrengthRank.obj
 0001:0005aff0       _$E44                      0045bff0 f   UiStrengthRank.obj
 0001:0005b130       _$E51                      0045c130 f   UiStrengthRank.obj
 0001:0005b140       _$E48                      0045c140 f   UiStrengthRank.obj
 0001:0005b150       _$E50                      0045c150 f   UiStrengthRank.obj
 0001:0005b160       _$E49                      0045c160 f   UiStrengthRank.obj
 0001:0004f610       _$E77                      00450610 f   UiGame.obj
 0001:0004f620       _$E74                      00450620 f   UiGame.obj
 0001:0004f630       _$E76                      00450630 f   UiGame.obj
 0001:0004f640       _$E75                      00450640 f   UiGame.obj
 0001:0003f2c0       _$E10                      004402c0 f   UiInformation3.obj
 0001:0003f2d0       _$E7                       004402d0 f   UiInformation3.obj
 0001:0003f2e0       _$E9                       004402e0 f   UiInformation3.obj
 0001:0003f2f0       _$E8                       004402f0 f   UiInformation3.obj
 0001:0003ecc0       _$E10                      0043fcc0 f   UiInformation2.obj
 0001:0003ecd0       _$E7                       0043fcd0 f   UiInformation2.obj
 0001:0003ece0       _$E9                       0043fce0 f   UiInformation2.obj
 0001:0003ecf0       _$E8                       0043fcf0 f   UiInformation2.obj
 0001:0003e780       _$E10                      0043f780 f   UiInformation.obj
 0001:0003e790       _$E7                       0043f790 f   UiInformation.obj
 0001:0003e7a0       _$E9                       0043f7a0 f   UiInformation.obj
 0001:0003e7b0       _$E8                       0043f7b0 f   UiInformation.obj
 0001:0003ce90       _$E37                      0043de90 f   UiChatPhrase.obj
 0001:0003cea0       _$E34                      0043dea0 f   UiChatPhrase.obj
 0001:0003ceb0       _$E36                      0043deb0 f   UiChatPhrase.obj
 0001:0003cec0       _$E35                      0043dec0 f   UiChatPhrase.obj
 0001:00034b60       _$E57                      00435b60 f   UiChatCentre.obj
 0001:00034b70       _$E56                      00435b70 f   UiChatCentre.obj
 0001:00026d20       _$E35                      00427d20 f   UiKeyBoard.obj
 0001:00026d30       _$E32                      00427d30 f   UiKeyBoard.obj
 0001:00026d40       _$E34                      00427d40 f   UiKeyBoard.obj
 0001:00026d50       _$E33                      00427d50 f   UiKeyBoard.obj
 0001:00026d60       _$E41                      00427d60 f   UiKeyBoard.obj
 0001:00026d70       _$E38                      00427d70 f   UiKeyBoard.obj
 0001:00026d80       _$E40                      00427d80 f   UiKeyBoard.obj
 0001:00026d90       _$E39                      00427d90 f   UiKeyBoard.obj
 0001:00010900       _$E56                      00411900 f   Wnds.obj
 0001:00010910       _$E53                      00411910 f   Wnds.obj
 0001:00010a00       _$E55                      00411a00 f   Wnds.obj
 0001:00010a10       _$E54                      00411a10 f   Wnds.obj
 0001:00011200       ?Wnd_GetActive@@YAPAVKWndWindow@@HH_N@Z 00412200 f   Wnds.obj
 0001:00006740       _$E4                       00407740 f   WndEdit.obj
 0001:00006750       _$E1                       00407750 f   WndEdit.obj
 0001:00006760       _$E3                       00407760 f   WndEdit.obj
 0001:00006770       _$E2                       00407770 f   WndEdit.obj
 0001:000031a0       _$E28                      004041a0 f   SpaceOver.obj
 0001:000031b0       _$E27                      004041b0 f   SpaceOver.obj
 0001:00000fe0       _$E28                      00401fe0 f   MouseHover.obj
 0001:00000ff0       _$E27                      00401ff0 f   MouseHover.obj
 0001:000000b0       _$E2                       004010b0 f   ComWindow.obj
 0001:000000c0       _$E1                       004010c0 f   ComWindow.obj
 0001:0008a5d2       ?ArrayUnwindFilter@@YAHPAU_EXCEPTION_POINTERS@@@Z 0048b5d2 f   MSVCRT:ehvecdtr.obj
