 Game

 Timestamp is 6927148a (Wed Nov 26 09:54:02 2025)

 Preferred load address is 00400000

 Start         Length     Name                   Class
 0001:00000000 0008e22aH .text                   CODE
 0001:0008e230 0000bcacH .text$x                 CODE
 0002:00000000 00000434H .idata$5                DATA
 0002:00000438 00002684H .rdata                  DATA
 0002:00002ac0 0000a208H .xdata$x                DATA
 0002:0000ccc8 000000b4H .idata$2                DATA
 0002:0000cd7c 00000014H .idata$3                DATA
 0002:0000cd90 00000434H .idata$4                DATA
 0002:0000d1c4 00001d98H .idata$6                DATA
 0002:0000ef5c 00000000H .edata                  DATA
 0003:00000000 00000004H .CRT$XCA                DATA
 0003:00000004 0000007cH .CRT$XCU                DATA
 0003:00000080 00000004H .CRT$XCZ                DATA
 0003:00000084 00000004H .CRT$XIA                DATA
 0003:00000088 00000004H .CRT$XIZ                DATA
 0003:00000090 0000a785H .data                   DATA
 0003:0000a818 00004d10H .bss                    DATA
 0004:00000000 000000e8H .rsrc$01                DATA
 0004:000000f0 000013e8H .rsrc$02                DATA

  Address         Publics by Value              Rva+Base     Lib:Object

 0001:00000000       ?ALW_GetWndPosition@@YAXAAH0HH_N1@Z 00401000 f   AutoLocateWnd.obj
 0001:000000d0       ?gGetComClassFactory@@YAPAVKComClassFactory@@XZ 004010d0 f   ComWindow.obj
 0001:000000e0       ??0KComClassFactory@@QAE@XZ 004010e0 f   ComWindow.obj
 0001:000000f0       ?FindComClass@KComClassFactory@@QAEPAUKComClassInfo@@PBD@Z 004010f0 f   ComWindow.obj
 0001:00000160       ?FindComClass@KComClassFactory@@QAEPAUKComClassInfo@@PBU2@@Z 00401160 f   ComWindow.obj
 0001:00000180       ?RegisterComClass@KComClassFactory@@QAEHABUKComClassInfo@@@Z 00401180 f   ComWindow.obj
 0001:000001c0       ?CreateComObject@KComClassFactory@@QAEPAVKWndWindow@@PBD@Z 004011c0 f   ComWindow.obj
 0001:000001e0       ?get_VS_ColorRGB@@YAPAHPAH0HH@Z 004011e0 f   LightLoop.obj
 0001:000002b0       ?_Draw_Light@@YAXPAUKRUPoint@@HAAHAAEHHHHH@Z 004012b0 f   LightLoop.obj
 0001:000004c0       ?_SwapPos@@YAXAAHAAEHHHH@Z 004014c0 f   LightLoop.obj
 0001:00000540       ?DrawLight@@YAXAAHAAE1HHHHHH@Z 00401540 f   LightLoop.obj
 0001:00000e60       ?DrawBorder@@YAXAAHAAGAAKHHHHH@Z 00401e60 f   LightLoop.obj
 0001:00000fb0       ??_H@YGXPAXIHP6EX0@Z@Z     00401fb0 f i MouseHover.obj
 0001:00001000       ?SetHoverObjDescColor@@YAXI@Z 00402000 f   MouseHover.obj
 0001:00001010       ?SetMouseHoverObjectDesc@@YAXPAXHIIHHH@Z 00402010 f   MouseHover.obj
 0001:00001240       ?DrawDraggingGameObjFunc@@YAHHHABUKUiDraggedObject@@H@Z 00402240 f   MouseHover.obj
 0001:00001270       ??0KMouseOver@@QAE@XZ      00402270 f   MouseHover.obj
 0001:00001320       ?IsMoseHoverWndObj@KMouseOver@@QAEHPAXH@Z 00402320 f   MouseHover.obj
 0001:00001350       ?CancelMouseHoverInfo@KMouseOver@@QAEXXZ 00402350 f   MouseHover.obj
 0001:000013c0       ?SetMouseHoverInfo@KMouseOver@@QAEXPAXHHH_N1@Z 004023c0 f   MouseHover.obj
 0001:00001430       ?SetMouseHoverImage@KMouseOver@@QAEX_N@Z 00402430 f   MouseHover.obj
 0001:00001520       ?SetMouseHoverTitle@KMouseOver@@QAEXPBDHI@Z 00402520 f   MouseHover.obj
 0001:00001590       ?SetMouseHoverProp@KMouseOver@@QAEXPBDHI@Z 00402590 f   MouseHover.obj
 0001:00001600       ?SetMouseHoverDesc@KMouseOver@@QAEXPBDHI@Z 00402600 f   MouseHover.obj
 0001:00001670       ?SetMouseHoverIcon@KMouseOver@@QAEXPBD@Z 00402670 f   MouseHover.obj
 0001:00001730       ?Update@KMouseOver@@AAEXHH@Z 00402730 f   MouseHover.obj
 0001:000018c0       ?UpdateCursorPos@KMouseOver@@QAEXHH@Z 004028c0 f   MouseHover.obj
 0001:000018f0       ?OnWndClosed@KMouseOver@@QAEXPAX@Z 004028f0 f   MouseHover.obj
 0001:00001910       ?LoadScheme@KMouseOver@@QAEXPBD@Z 00402910 f   MouseHover.obj
 0001:00001c10       ?PaintMouseHoverInfo@KMouseOver@@QAEXXZ 00402c10 f   MouseHover.obj
 0001:00002110       ?OnWndDelete@KPopupMenu@@SAXPAVKWndWindow@@@Z 00403110 f   PopupMenu.obj
 0001:00002130       ?Popup@KPopupMenu@@SAXPAUKPopupMenuData@@PAVKWndWindow@@I@Z 00403130 f   PopupMenu.obj
 0001:00002430       ?PaintMenu@KPopupMenu@@SAXXZ 00403430 f   PopupMenu.obj
 0001:00002af0       ?HandleInput@KPopupMenu@@SAHIIH@Z 00403af0 f   PopupMenu.obj
 0001:00002bd0       ?SelectItem@KPopupMenu@@CA_NH_N@Z 00403bd0 f   PopupMenu.obj
 0001:00002c60       ?SelectItem@KPopupMenu@@CA_NHH_N@Z 00403c60 f   PopupMenu.obj
 0001:00002d80       ?Cancel@KPopupMenu@@SAXXZ  00403d80 f   PopupMenu.obj
 0001:00002db0       ?InitMenuData@KPopupMenu@@SAXPAUKPopupMenuData@@H@Z 00403db0 f   PopupMenu.obj
 0001:00002e80       ?LoadTheme@KPopupMenu@@SAXPBD@Z 00403e80 f   PopupMenu.obj
 0001:000031c0       ?SetSpaceOverObjDescColor@@YAXI@Z 004041c0 f   SpaceOver.obj
 0001:000031d0       ?SetSpaceOverObjectDesc@@YAXPAXHIIHHHI_N@Z 004041d0 f   SpaceOver.obj
 0001:00003300       ??0KSpaceOver@@QAE@XZ      00404300 f   SpaceOver.obj
 0001:000033a0       ?IsSpaceOverWndObj@KSpaceOver@@QAEHPAXH@Z 004043a0 f   SpaceOver.obj
 0001:000033d0       ?CancelSpaceOverInfo@KSpaceOver@@QAEXXZ 004043d0 f   SpaceOver.obj
 0001:00003410       ?SetSpaceOverInfo@KSpaceOver@@QAEXPAXHHHI_N1@Z 00404410 f   SpaceOver.obj
 0001:00003480       ?SetSpaceOverImage@KSpaceOver@@QAEX_N@Z 00404480 f   SpaceOver.obj
 0001:00003560       ?SetSpaceOverDesc@KSpaceOver@@QAEXPBDHI@Z 00404560 f   SpaceOver.obj
 0001:000035d0       ?Update@KSpaceOver@@AAEXHH@Z 004045d0 f   SpaceOver.obj
 0001:000036e0       ?UpdateCursorPos@KSpaceOver@@QAEXHH@Z 004046e0 f   SpaceOver.obj
 0001:00003710       ?OnWndClosed@KSpaceOver@@QAEXPAX@Z 00404710 f   SpaceOver.obj
 0001:00003730       ?LoadScheme@KSpaceOver@@QAEXPBD@Z 00404730 f   SpaceOver.obj
 0001:000038f0       ?PaintSpaceOverInfo@KSpaceOver@@QAEXXZ 004048f0 f   SpaceOver.obj
 0001:00003bd0       ?OutputTabSplitText@@YAHPBDHHHPAUKOutputTextParam@@@Z 00404bd0 f   SpecialFuncs.obj
 0001:00003d50       ?SetScrPicPath@@YA_NPBD@Z  00404d50 f   SpecialFuncs.obj
 0001:00003e10       ?GetSrcPicPath@@YAPADXZ    00404e10 f   SpecialFuncs.obj
 0001:00003e30       ?GetAPrintScreenFileName@@YA_NPADH@Z 00404e30 f   SpecialFuncs.obj
 0001:00003e70       ?SaveScreenToFile@@YAXW4ScreenFileType@@I@Z 00404e70 f   SpecialFuncs.obj
 0001:00003f60       ??0KInlinePicSink@@QAE@XZ  00404f60 f   TextPic.obj
 0001:00003fb0       ?Init@KInlinePicSink@@QAEHPAUiRepresentShell@@@Z 00404fb0 f   TextPic.obj
 0001:000044a0       ?UnInit@KInlinePicSink@@QAEHXZ 004054a0 f   TextPic.obj
 0001:000044d0       ?GetPicSize@KInlinePicSink@@UAEJGAAH0@Z 004054d0 f   TextPic.obj
 0001:000045e0       ?DrawPic@KInlinePicSink@@UAEJGHH@Z 004055e0 f   TextPic.obj
 0001:000046e0       ?AddCustomInlinePic@KInlinePicSink@@UAEJAAGPBD@Z 004056e0 f   TextPic.obj
 0001:00004a70       ?RemoveCustomInlinePic@KInlinePicSink@@UAEJG@Z 00405a70 f   TextPic.obj
 0001:00004af0       ?_Destroy@?$vector@UKImageParam@@V?$allocator@UKImageParam@@@std@@@std@@IAEXPAUKImageParam@@0@Z 00405af0 f i TextPic.obj
 0001:00004b00       ?insert@?$vector@UKUiImageRef@@V?$allocator@UKUiImageRef@@@std@@@std@@QAEXPAUKUiImageRef@@IABU3@@Z 00405b00 f i TextPic.obj
 0001:00004e20       ?size@?$vector@UKImageParam@@V?$allocator@UKImageParam@@@std@@@std@@QBEIXZ 00405e20 f i TextPic.obj
 0001:00004e50       ?_Ucopy@?$vector@UKImageParam@@V?$allocator@UKImageParam@@@std@@@std@@IAEPAUKImageParam@@PBU3@0PAU3@@Z 00405e50 f i TextPic.obj
 0001:00004ea0       ?_Ufill@?$vector@UKImageParam@@V?$allocator@UKImageParam@@@std@@@std@@IAEXPAUKImageParam@@IABU3@@Z 00405ea0 f i TextPic.obj
 0001:00004ef0       ?_Construct@std@@YAXPAUKImageParam@@ABU2@@Z 00405ef0 f i TextPic.obj
 0001:00004f20       ??0KUiCursor@@QAE@XZ       00405f20 f   UiCursor.obj
 0001:00004f50       ?Cleanup@KUiCursor@@QAEXXZ 00405f50 f   UiCursor.obj
 0001:00004f80       ??1KUiCursor@@QAE@XZ       00405f80 f   UiCursor.obj
 0001:00004f90       ?SetPosition@KUiCursor@@QAEXHH@Z 00405f90 f   UiCursor.obj
 0001:00004fb0       ?GetPosition@KUiCursor@@QAEXAAH0@Z 00405fb0 f   UiCursor.obj
 0001:00004fd0       ?KUiLoadCursor@@YAHPBDAAPAUHICON__@@@Z 00405fd0 f   UiCursor.obj
 0001:000051c0       ?SetImage@KUiCursor@@QAEXHPBD@Z 004061c0 f   UiCursor.obj
 0001:00005200       ?SwitchImage@KUiCursor@@QAEHH@Z 00406200 f   UiCursor.obj
 0001:00005240       ?RestoreCursor@KUiCursor@@QAEXXZ 00406240 f   UiCursor.obj
 0001:00005250       ?Paint@KUiCursor@@QAEXXZ   00406250 f   UiCursor.obj
 0001:00005260       ?Show@KUiCursor@@QAEXH@Z   00406260 f   UiCursor.obj
 0001:00005270       ?IR_GetCurrentTime@@YAIXZ  00406270 f   UiImage.obj
 0001:00005280       ?IR_UpdateTime@@YAXXZ      00406280 f   UiImage.obj
 0001:00005290       ?IR_InitUiImageRef@@YAXAAUKUiImageRef@@@Z 00406290 f   UiImage.obj
 0001:000052b0       ?IR_InitUiImagePartRef@@YAXAAUKUiImagePartRef@@@Z 004062b0 f   UiImage.obj
 0001:000052d0       ?IR_IsTimePassed@@YAHIAAI@Z 004062d0 f   UiImage.obj
 0001:00005300       ?IR_GetRemainTime@@YAIII@Z 00406300 f   UiImage.obj
 0001:00005320       ?IR_NextFrame@@YAHAAUKUiImageRef@@@Z 00406320 f   UiImage.obj
 0001:00005400       ?IR_UpdateImagePart@@YAXAAUKUiImagePartRef@@HH@Z 00406400 f   UiImage.obj
 0001:000055d0       ?IR_DrawImage@@YAXPAUKUiImageRef@@@Z 004065d0 f   UiImage.obj
 0001:000055f0       ?IR_DrawImagePart@@YAXPAUKUiImagePartRef@@@Z 004065f0 f   UiImage.obj
 0001:00005610       ?IR_GetSpritePixcelAlpha@@YAHAAUKUiImageRef@@HH@Z 00406610 f   UiImage.obj
 0001:00005650       ?IR_GetReferenceSpot@@YAXAAUKUiImageRef@@AAH1@Z 00406650 f   UiImage.obj
 0001:000056b0       ?IR_GetCurFrame@@YAHAAUKUiImageRef@@@Z 004066b0 f   UiImage.obj
 0001:000056d0       ?IR_GetNumFrames@@YAHAAUKUiImageRef@@@Z 004066d0 f   UiImage.obj
 0001:00005760       ?SetAllButtonTipTextColor@KWndButton@@SAXI@Z 00406760 f   WndButton.obj
 0001:00005770       ?EnableAllButtonTip@KWndButton@@SAXH@Z 00406770 f   WndButton.obj
 0001:00005790       ??0KWndButton@@QAE@XZ      00406790 f   WndButton.obj
 0001:000057e0       ?UpdateData@KWndWindow@@UAEXXZ 004067e0 f i WndButton.obj
 0001:000057f0       ?CloseWindow@KWndWindow@@UAEH_N@Z 004067f0 f i WndButton.obj
 0001:00005800       ?Breathe@KWndWindow@@EAEXXZ 00406800 f i WndButton.obj
 0001:00005810       ?GetShortKey@KWndButton@@UAEPBDXZ 00406810 f i WndButton.obj
 0001:00005820       ?OnButtonClick@KWndButton@@UAEXXZ 00406820 f i WndButton.obj
 0001:00005830       ??_GKWndButton@@UAEPAXI@Z  00406830 f i WndButton.obj
 0001:00005830       ??_EKWndButton@@UAEPAXI@Z  00406830 f i WndButton.obj
 0001:00005850       ??1KWndButton@@UAE@XZ      00406850 f i WndButton.obj
 0001:00005860       ?Clone@KWndButton@@QAEXPAV1@@Z 00406860 f   WndButton.obj
 0001:00005900       ?Init@KWndButton@@UAEHPAVKIniFile@@PBD@Z 00406900 f   WndButton.obj
 0001:00005b00       ?IsButtonChecked@KWndButton@@QAEHXZ 00406b00 f   WndButton.obj
 0001:00005b10       ?CheckButton@KWndButton@@QAEXH@Z 00406b10 f   WndButton.obj
 0001:00005b50       ?IsButtonActive@KWndButton@@QAEHXZ 00406b50 f   WndButton.obj
 0001:00005b60       ?WndProc@KWndButton@@UAEHIIH@Z 00406b60 f   WndButton.obj
 0001:00005e10       ?GetToolTipInfo@KWndButton@@UAEHPADH@Z 00406e10 f   WndButton.obj
 0001:00005ec0       ?SetToolTipInfo@KWndButton@@QAEHPADH@Z 00406ec0 f   WndButton.obj
 0001:00005f30       ?PaintWindow@KWndButton@@UAEXXZ 00406f30 f   WndButton.obj
 0001:00005f70       ?OnLBtnDown@KWndButton@@AAEX_N@Z 00406f70 f   WndButton.obj
 0001:00006060       ?OnLBtnUp@KWndButton@@AAEXXZ 00407060 f   WndButton.obj
 0001:000060c0       ?OnLBtnDownMove@KWndButton@@AAEXXZ 004070c0 f   WndButton.obj
 0001:000060f0       ?Enable@KWndButton@@UAEXH@Z 004070f0 f   WndButton.obj
 0001:00006160       ??0KWndImageTextButton@@QAE@XZ 00407160 f   WndButton.obj
 0001:000061e0       ??_EKWndImageTextButton@@UAEPAXI@Z 004071e0 f i WndButton.obj
 0001:000061e0       ??_GKWndImageTextButton@@UAEPAXI@Z 004071e0 f i WndButton.obj
 0001:00006200       ??1KWndMovingImage@@UAE@XZ 00407200 f i WndButton.obj
 0001:00006210       ??1KWndImagePart@@UAE@XZ   00407210 f i WndButton.obj
 0001:00006220       ??1KWndImageTextButton@@UAE@XZ 00407220 f i WndButton.obj
 0001:00006290       ?Init@KWndImageTextButton@@UAEHPAVKIniFile@@PBD@Z 00407290 f   WndButton.obj
 0001:00006390       ?Set2IntText@KWndImageTextButton@@QAEXHHD@Z 00407390 f   WndButton.obj
 0001:000063b0       ?SetIntText@KWndImageTextButton@@QAEXHD@Z 004073b0 f   WndButton.obj
 0001:000063d0       ?SetWorldRankText@KWndImageTextButton@@QAEXHD@Z 004073d0 f   WndButton.obj
 0001:000063f0       ?SetText@KWndImageTextButton@@QAEXPBDH@Z 004073f0 f   WndButton.obj
 0001:00006410       ?GetText@KWndImageTextButton@@QAEHPADH@Z 00407410 f   WndButton.obj
 0001:00006430       ?Set2IntValue@KWndImageTextButton@@QAEXHH@Z 00407430 f   WndButton.obj
 0001:00006460       ??0KWndChessPanel@@AAE@XZ  00407460 f   WndChessPanel.obj
 0001:00006480       ??_EKWndChessPanel@@EAEPAXI@Z 00407480 f i WndChessPanel.obj
 0001:00006480       ??_GKWndChessPanel@@EAEPAXI@Z 00407480 f i WndChessPanel.obj
 0001:000064a0       ??1KWndChessPanel@@EAE@XZ  004074a0 f   WndChessPanel.obj
 0001:000064b0       ?OpenWindow@KWndChessPanel@@SAPAV1@_N@Z 004074b0 f   WndChessPanel.obj
 0001:00006570       ?CloseWindow@KWndChessPanel@@SAX_N@Z 00407570 f   WndChessPanel.obj
 0001:000065b0       ?Clear@KWndChessPanel@@SAXXZ 004075b0 f   WndChessPanel.obj
 0001:000065c0       ?GetIfVisible@KWndChessPanel@@SAPAV1@XZ 004075c0 f   WndChessPanel.obj
 0001:000065e0       ?PaintWindow@KWndChessPanel@@UAEXXZ 004075e0 f   WndChessPanel.obj
 0001:00006700       ?PtInWindow@KWndChessPanel@@UAEHHH@Z 00407700 f   WndChessPanel.obj
 0001:00006710       ?WndProc@KWndChessPanel@@UAEHIIH@Z 00407710 f   WndChessPanel.obj
 0001:00006720       ?Initialize@KWndChessPanel@@AAEXXZ 00407720 f   WndChessPanel.obj
 0001:00006730       ?Init@KWndChessPanel@@UAEHPAVKIniFile@@PBD@Z 00407730 f   WndChessPanel.obj
 0001:00006780       ??0KWndEdit@@QAE@XZ        00407780 f   WndEdit.obj
 0001:000067c0       ??_EKWndEdit@@UAEPAXI@Z    004077c0 f i WndEdit.obj
 0001:000067c0       ??_GKWndEdit@@UAEPAXI@Z    004077c0 f i WndEdit.obj
 0001:000067e0       ??1KWndEdit@@UAE@XZ        004077e0 f   WndEdit.obj
 0001:000067f0       ?Clone@KWndEdit@@QAEXPAV1@@Z 004077f0 f   WndEdit.obj
 0001:00006840       ?Init@KWndEdit@@UAEHPAVKIniFile@@PBD@Z 00407840 f   WndEdit.obj
 0001:00006a80       ?Enable@KWndEdit@@UAEXH@Z  00407a80 f   WndEdit.obj
 0001:00006ac0       ?WndProc@KWndEdit@@UAEHIIH@Z 00407ac0 f   WndEdit.obj
 0001:00006d10       ?SetColor@KWndEdit@@QAEXI@Z 00407d10 f   WndEdit.obj
 0001:00006d20       ?InsertString@KWndEdit@@QAEHPBDH@Z 00407d20 f   WndEdit.obj
 0001:00006de0       ?Copy@KWndEdit@@AAEHXZ     00407de0 f   WndEdit.obj
 0001:00006e60       ?Paste@KWndEdit@@AAEHXZ    00407e60 f   WndEdit.obj
 0001:00006ea0       ?OnKeyDown@KWndEdit@@IAEHHH@Z 00407ea0 f   WndEdit.obj
 0001:000072d0       ?InsertChar@KWndEdit@@QAEHH@Z 004082d0 f   WndEdit.obj
 0001:00007380       ?InsertChar@KWndEdit@@IAEHDD@Z 00408380 f   WndEdit.obj
 0001:00007430       ?UpdateData@KWndEdit@@EAEXXZ 00408430 f   WndEdit.obj
 0001:00007450       ?FmtForShow@KWndEdit@@AAEXXZ 00408450 f   WndEdit.obj
 0001:00007610       ?SplitStringLine@@YAHPADHH@Z 00408610 f   WndEdit.obj
 0001:00007670       ?PaintWindow@KWndEdit@@UAEXXZ 00408670 f   WndEdit.obj
 0001:00007990       ?SetTextPtr@KWndEdit@@IAEXPADH@Z 00408990 f   WndEdit.obj
 0001:000079c0       ?SetText@KWndEdit@@QAEXPBD@Z 004089c0 f   WndEdit.obj
 0001:00007a30       ?ClearText@KWndEdit@@QAEX_N@Z 00408a30 f   WndEdit.obj
 0001:00007a80       ?SetIntText@KWndEdit@@QAEXH@Z 00408a80 f   WndEdit.obj
 0001:00007ac0       ?GetIntNumber@KWndEdit@@QAEHXZ 00408ac0 f   WndEdit.obj
 0001:00007ae0       ?GetTextString@KWndEdit@@QAEPADXZ 00408ae0 f   WndEdit.obj
 0001:00007af0       ?GetText@KWndEdit@@QAEHPADH_N@Z 00408af0 f   WndEdit.obj
 0001:00007b70       ?GetCaretPosition@KWndEdit@@QAEXPAH0@Z 00408b70 f   WndEdit.obj
 0001:00007bb0       ??0KWndEdit06@@QAE@XZ      00408bb0 f   WndEdit.obj
 0001:00007be0       ??_EKWndEdit06@@UAEPAXI@Z  00408be0 f i WndEdit.obj
 0001:00007be0       ??_GKWndEdit06@@UAEPAXI@Z  00408be0 f i WndEdit.obj
 0001:00007c00       ??1KWndEdit06@@UAE@XZ      00408c00 f i WndEdit.obj
 0001:00007c10       ??0KWndEdit32@@QAE@XZ      00408c10 f   WndEdit.obj
 0001:00007c40       ??_EKWndEdit32@@UAEPAXI@Z  00408c40 f i WndEdit.obj
 0001:00007c40       ??_GKWndEdit32@@UAEPAXI@Z  00408c40 f i WndEdit.obj
 0001:00007c60       ??1KWndEdit32@@UAE@XZ      00408c60 f i WndEdit.obj
 0001:00007c70       ??0KWndEdit80@@QAE@XZ      00408c70 f   WndEdit.obj
 0001:00007ca0       ??_EKWndEdit80@@UAEPAXI@Z  00408ca0 f i WndEdit.obj
 0001:00007ca0       ??_GKWndEdit80@@UAEPAXI@Z  00408ca0 f i WndEdit.obj
 0001:00007cc0       ??1KWndEdit80@@UAE@XZ      00408cc0 f i WndEdit.obj
 0001:00007cd0       ??0KWndEdit128@@QAE@XZ     00408cd0 f   WndEdit.obj
 0001:00007d00       ??_EKWndEdit128@@UAEPAXI@Z 00408d00 f i WndEdit.obj
 0001:00007d00       ??_GKWndEdit128@@UAEPAXI@Z 00408d00 f i WndEdit.obj
 0001:00007d20       ??1KWndEdit128@@UAE@XZ     00408d20 f i WndEdit.obj
 0001:00007d30       ??0KWndEdit512@@QAE@XZ     00408d30 f   WndEdit.obj
 0001:00007d60       ??_EKWndEdit512@@UAEPAXI@Z 00408d60 f i WndEdit.obj
 0001:00007d60       ??_GKWndEdit512@@UAEPAXI@Z 00408d60 f i WndEdit.obj
 0001:00007d80       ??1KWndEdit512@@UAE@XZ     00408d80 f i WndEdit.obj
 0001:00007d90       ??0KWndImage@@QAE@XZ       00408d90 f   WndImage.obj
 0001:00007de0       ??_EKWndImage@@UAEPAXI@Z   00408de0 f i WndImage.obj
 0001:00007de0       ??_GKWndImage@@UAEPAXI@Z   00408de0 f i WndImage.obj
 0001:00007e00       ??1KWndImage@@UAE@XZ       00408e00 f i WndImage.obj
 0001:00007e10       ?Clone@KWndImage@@QAEXPAV1@@Z 00408e10 f   WndImage.obj
 0001:00007e40       ?Init@KWndImage@@UAEHPAVKIniFile@@PBD@Z 00408e40 f   WndImage.obj
 0001:00007fb0       ?PtInWindow@KWndImage@@UAEHHH@Z 00408fb0 f   WndImage.obj
 0001:00008030       ?SetFrame@KWndImage@@QAEXH@Z 00409030 f   WndImage.obj
 0001:00008040       ?SetImage@KWndImage@@QAEXFPBD_N@Z 00409040 f   WndImage.obj
 0001:000080d0       ?UpdateTimer@KWndImage@@QAEXXZ 004090d0 f   WndImage.obj
 0001:000080e0       ?NextFrame@KWndImage@@QAEHXZ 004090e0 f   WndImage.obj
 0001:000080f0       ?PaintWindow@KWndImage@@UAEXXZ 004090f0 f   WndImage.obj
 0001:00008130       ?GetCurFrame@KWndImage@@QAEHXZ 00409130 f   WndImage.obj
 0001:00008140       ?GetNumFrames@KWndImage@@QAEHXZ 00409140 f   WndImage.obj
 0001:00008150       ?GetMaxFrame@KCanGetNumImage@@QAEHXZ 00409150 f   WndImage.obj
 0001:00008160       ?GetCurrentFrame@KCanGetNumImage@@QAEHXZ 00409160 f   WndImage.obj
 0001:00008170       ??0KWndImage2@@QAE@XZ      00409170 f   WndImage2.obj
 0001:000081e0       ??_EKWndImage2@@UAEPAXI@Z  004091e0 f i WndImage2.obj
 0001:000081e0       ??_GKWndImage2@@UAEPAXI@Z  004091e0 f i WndImage2.obj
 0001:00008200       ??1KWndImage2@@UAE@XZ      00409200 f i WndImage2.obj
 0001:00008210       ?Clone@KWndImage2@@QAEXPAV1@@Z 00409210 f   WndImage2.obj
 0001:00008290       ?Init@KWndImage2@@UAEHPAVKIniFile@@PBD@Z 00409290 f   WndImage2.obj
 0001:00008410       ?WndProc@KWndImage2@@UAEHIIH@Z 00409410 f   WndImage2.obj
 0001:000084c0       ?PtInWindow@KWndImage2@@UAEHHH@Z 004094c0 f   WndImage2.obj
 0001:00008540       ?SetFrame@KWndImage2@@QAEXH@Z 00409540 f   WndImage2.obj
 0001:00008550       ?SetImage@KWndImage2@@QAEXFPBD_N@Z 00409550 f   WndImage2.obj
 0001:000085f0       ?UpdateTimer@KWndImage2@@QAEXXZ 004095f0 f   WndImage2.obj
 0001:00008600       ?NextFrame@KWndImage2@@QAEHXZ 00409600 f   WndImage2.obj
 0001:00008610       ?PaintWindow@KWndImage2@@UAEXXZ 00409610 f   WndImage2.obj
 0001:00008650       ?GetCurFrame@KWndImage2@@QAEHXZ 00409650 f   WndImage2.obj
 0001:00008660       ?GetNumFrames@KWndImage2@@QAEHXZ 00409660 f   WndImage2.obj
 0001:00008670       ?SetToolTipInfo@KWndImage2@@QAEHPADH@Z 00409670 f   WndImage2.obj
 0001:000086e0       ?SetData@KWndImage2@@QAEXHH@Z 004096e0 f   WndImage2.obj
 0001:00008700       ??0KWndImagePart@@QAE@XZ   00409700 f   WndImagePart.obj
 0001:00008750       ??_EKWndImagePart@@UAEPAXI@Z 00409750 f i WndImagePart.obj
 0001:00008750       ??_GKWndImagePart@@UAEPAXI@Z 00409750 f i WndImagePart.obj
 0001:00008770       ?Clone@KWndImagePart@@IAEXPAV1@@Z 00409770 f   WndImagePart.obj
 0001:000087b0       ?Init@KWndImagePart@@UAEHPAVKIniFile@@PBD@Z 004097b0 f   WndImagePart.obj
 0001:00008870       ?PaintWindow@KWndImagePart@@UAEXXZ 00409870 f   WndImagePart.obj
 0001:000088b0       ?SetPart@KWndImagePart@@QAEXHH@Z 004098b0 f   WndImagePart.obj
 0001:000088d0       ??0KWndLabeledButton@@QAE@XZ 004098d0 f   WndLabeledButton.obj
 0001:00008910       ??_EKWndLabeledButton@@UAEPAXI@Z 00409910 f i WndLabeledButton.obj
 0001:00008910       ??_GKWndLabeledButton@@UAEPAXI@Z 00409910 f i WndLabeledButton.obj
 0001:00008930       ??1KWndLabeledButton@@UAE@XZ 00409930 f i WndLabeledButton.obj
 0001:00008940       ?Clone@KWndLabeledButton@@QAEXPAV1@@Z 00409940 f   WndLabeledButton.obj
 0001:00008a10       ?Init@KWndLabeledButton@@UAEHPAVKIniFile@@PBD@Z 00409a10 f   WndLabeledButton.obj
 0001:00008c60       ?SetLabel@KWndLabeledButton@@QAEXPBD@Z 00409c60 f   WndLabeledButton.obj
 0001:00008cc0       ?GetLabel@KWndLabeledButton@@QAEHPADH@Z 00409cc0 f   WndLabeledButton.obj
 0001:00008d10       ?SetLabelColor@KWndLabeledButton@@QAEXI@Z 00409d10 f   WndLabeledButton.obj
 0001:00008d20       ?PaintWindow@KWndLabeledButton@@UAEXXZ 00409d20 f   WndLabeledButton.obj
 0001:00008e20       ?Init@KWndRichLabeledButton@@UAEHPAVKIniFile@@PBD@Z 00409e20 f   WndLabeledButton.obj
 0001:00008e90       ?SetLabel@KWndRichLabeledButton@@QAEXPBDH@Z 00409e90 f   WndLabeledButton.obj
 0001:00008eb0       ?SetMoneyLabel@KWndRichLabeledButton@@QAEXK@Z 00409eb0 f   WndLabeledButton.obj
 0001:00008f40       ?SetLabelColor@KWndRichLabeledButton@@QAEXI@Z 00409f40 f   WndLabeledButton.obj
 0001:00008f60       ?GetLabel@KWndRichLabeledButton@@QAEHPAD@Z 00409f60 f   WndLabeledButton.obj
 0001:00008f80       ?PaintWindow@KWndRichLabeledButton@@UAEXXZ 00409f80 f   WndLabeledButton.obj
 0001:00008fb0       ??0KWndList@@QAE@XZ        00409fb0 f   WndList.obj
 0001:00009040       ??_EKWndList@@UAEPAXI@Z    0040a040 f i WndList.obj
 0001:00009040       ??_GKWndList@@UAEPAXI@Z    0040a040 f i WndList.obj
 0001:00009060       ?Clone@KWndList@@IAEXPAV1@@Z 0040a060 f   WndList.obj
 0001:00009140       ??1KWndList@@UAE@XZ        0040a140 f   WndList.obj
 0001:000091a0       ?SetScrollbar@KWndList@@QAEXPAVKWndScrollBar@@@Z 0040a1a0 f   WndList.obj
 0001:00009200       ?Init@KWndList@@UAEHPAVKIniFile@@PBD@Z 0040a200 f   WndList.obj
 0001:00009490       ?EnableMultiSel@KWndList@@QAEXH@Z 0040a490 f   WndList.obj
 0001:00009560       ?SetCustomColorOffset@KWndList@@QAEXH@Z 0040a560 f   WndList.obj
 0001:00009580       ?WndProc@KWndList@@UAEHIIH@Z 0040a580 f   WndList.obj
 0001:000096a0       ?GetIemIndexAtPoint@KWndList@@AAEHHH@Z 0040a6a0 f   WndList.obj
 0001:00009730       ?OnLButtonDown@KWndList@@AAEXHH@Z 0040a730 f   WndList.obj
 0001:000097d0       ?IsItemSel@KWndList@@QAEHH@Z 0040a7d0 f   WndList.obj
 0001:00009840       ?OnRButtonDown@KWndList@@AAEXHH@Z 0040a840 f   WndList.obj
 0001:00009870       ?OnLButtonDClick@KWndList@@AAEXHH@Z 0040a870 f   WndList.obj
 0001:000098a0       ?SetCurSel@KWndList@@QAEHH@Z 0040a8a0 f   WndList.obj
 0001:00009950       ?UpdateData@KWndList@@EAEXXZ 0040a950 f   WndList.obj
 0001:000099a0       ?OnMouseMove@KWndList@@AAEXHH@Z 0040a9a0 f   WndList.obj
 0001:000099e0       ?PaintWindow@KWndList@@UAEXXZ 0040a9e0 f   WndList.obj
 0001:00009f20       ?SetContent@KWndList@@QAEXPAEHHH@Z 0040af20 f   WndList.obj
 0001:0000a000       ?FindString@KWndList@@QAEHHPBD@Z 0040b000 f   WndList.obj
 0001:0000a080       ?GetItemDataInt@KWndList@@QAEHHH@Z 0040b080 f   WndList.obj
 0001:0000a0c0       ?GetString@KWndList@@QAEXHPAD@Z 0040b0c0 f   WndList.obj
 0001:0000a110       ?GetStrignLen@KWndList@@QAEHH@Z 0040b110 f   WndList.obj
 0001:0000a150       ?SetTopItemIndex@KWndList@@QAEXH@Z 0040b150 f   WndList.obj
 0001:0000a170       ?GetVisibleItemCount@KWndList@@QBEHXZ 0040b170 f   WndList.obj
 0001:0000a190       ?SetImage@KWndList@@QAEXPBDFF@Z 0040b190 f   WndList.obj
 0001:0000a1f0       ??0KWndList2@@QAE@XZ       0040b1f0 f   WndList2.obj
 0001:0000a250       ??_EKWndList2@@UAEPAXI@Z   0040b250 f i WndList2.obj
 0001:0000a250       ??_GKWndList2@@UAEPAXI@Z   0040b250 f i WndList2.obj
 0001:0000a270       ??1KWndList2@@UAE@XZ       0040b270 f   WndList2.obj
 0001:0000a2c0       ?Clone@KWndList2@@IAEXPAV1@@Z 0040b2c0 f   WndList2.obj
 0001:0000a310       ?Init@KWndList2@@UAEHPAVKIniFile@@PBD@Z 0040b310 f   WndList2.obj
 0001:0000a5a0       ?SetScrollbar@KWndList2@@QAEXPAVKWndScrollBar@@@Z 0040b5a0 f   WndList2.obj
 0001:0000a5f0       ?WndProc@KWndList2@@UAEHIIH@Z 0040b5f0 f   WndList2.obj
 0001:0000a690       ?SetCurSel@KWndList2@@QAEHH@Z 0040b690 f   WndList2.obj
 0001:0000a710       ?IsItemSel@KWndList2@@QAEHH@Z 0040b710 f   WndList2.obj
 0001:0000a730       ?OnLButtonDown@KWndList2@@AAEXHH@Z 0040b730 f   WndList2.obj
 0001:0000a780       ?OnMouseMove@KWndList2@@AAEXHH@Z 0040b780 f   WndList2.obj
 0001:0000a7d0       ?AddString@KWndList2@@QAEHHPBD00_N@Z 0040b7d0 f   WndList2.obj
 0001:0000a9c0       ?DeleteString@KWndList2@@QAEHH@Z 0040b9c0 f   WndList2.obj
 0001:0000aac0       ?ResetContent@KWndList2@@QAEXXZ 0040bac0 f   WndList2.obj
 0001:0000ab70       ?PaintWindow@KWndList2@@UAEXXZ 0040bb70 f   WndList2.obj
 0001:0000adc0       ?FindString@KWndList2@@QAEHHPBD@Z 0040bdc0 f   WndList2.obj
 0001:0000ae40       ?SetItemData@KWndList2@@QAEHHH@Z 0040be40 f   WndList2.obj
 0001:0000ae70       ?GetItemData@KWndList2@@QAEHH@Z 0040be70 f   WndList2.obj
 0001:0000ae90       ?GetString@KWndList2@@QAEHHPADI@Z 0040be90 f   WndList2.obj
 0001:0000aef0       ?SetTopItemIndex@KWndList2@@QAEXH@Z 0040bef0 f   WndList2.obj
 0001:0000af10       ?GetVisibleLineCount@KWndList2@@QBEHXZ 0040bf10 f   WndList2.obj
 0001:0000af20       ??0KWndListFilterItem@@QAE@XZ 0040bf20 f   WndListFilterItem.obj
 0001:0000af60       ??_GKWndListFilterItem@@UAEPAXI@Z 0040bf60 f i WndListFilterItem.obj
 0001:0000af60       ??_EKWndListFilterItem@@UAEPAXI@Z 0040bf60 f i WndListFilterItem.obj
 0001:0000af80       ??1KWndListFilterItem@@UAE@XZ 0040bf80 f   WndListFilterItem.obj
 0001:0000afd0       ?Clone@KWndListFilterItem@@IAEXPAV1@@Z 0040bfd0 f   WndListFilterItem.obj
 0001:0000b010       ?Init@KWndListFilterItem@@UAEHPAVKIniFile@@PBD@Z 0040c010 f   WndListFilterItem.obj
 0001:0000b190       ?SetScrollbar@KWndListFilterItem@@QAEXPAVKWndScrollBar@@@Z 0040c190 f   WndListFilterItem.obj
 0001:0000b1e0       ?WndProc@KWndListFilterItem@@UAEHIIH@Z 0040c1e0 f   WndListFilterItem.obj
 0001:0000b280       ?SetCurSel@KWndListFilterItem@@QAEHH@Z 0040c280 f   WndListFilterItem.obj
 0001:0000b300       ?OnLButtonDown@KWndListFilterItem@@AAEXHH@Z 0040c300 f   WndListFilterItem.obj
 0001:0000b350       ?OnMouseMove@KWndListFilterItem@@AAEXHH@Z 0040c350 f   WndListFilterItem.obj
 0001:0000b3a0       ?AddString@KWndListFilterItem@@QAEHHPBDHHH@Z 0040c3a0 f   WndListFilterItem.obj
 0001:0000b530       ?DeleteString@KWndListFilterItem@@QAEHH@Z 0040c530 f   WndListFilterItem.obj
 0001:0000b620       ?ResetContent@KWndListFilterItem@@QAEXXZ 0040c620 f   WndListFilterItem.obj
 0001:0000b6c0       ?PaintWindow@KWndListFilterItem@@UAEXXZ 0040c6c0 f   WndListFilterItem.obj
 0001:0000b7f0       ?FindOptionIndex@KWndListFilterItem@@QAEHH@Z 0040c7f0 f   WndListFilterItem.obj
 0001:0000b820       ?SetItemValue@KWndListFilterItem@@QAEHHH@Z 0040c820 f   WndListFilterItem.obj
 0001:0000b850       ?GetItemValue@KWndListFilterItem@@QAEHH@Z 0040c850 f   WndListFilterItem.obj
 0001:0000b870       ?GetItemOption@KWndListFilterItem@@QAEHH@Z 0040c870 f   WndListFilterItem.obj
 0001:0000b890       ?GetString@KWndListFilterItem@@QAEHHPADI@Z 0040c890 f   WndListFilterItem.obj
 0001:0000b900       ?SetTopItemIndex@KWndListFilterItem@@QAEXH@Z 0040c900 f   WndListFilterItem.obj
 0001:0000b920       ?GetVisibleLineCount@KWndListFilterItem@@QBEHXZ 0040c920 f   WndListFilterItem.obj
 0001:0000b930       ??0KWndListPoint@@QAE@XZ   0040c930 f   WndListPoint.obj
 0001:0000b970       ??_GKWndListPoint@@UAEPAXI@Z 0040c970 f i WndListPoint.obj
 0001:0000b970       ??_EKWndListPoint@@UAEPAXI@Z 0040c970 f i WndListPoint.obj
 0001:0000b990       ??1KWndListPoint@@UAE@XZ   0040c990 f   WndListPoint.obj
 0001:0000b9e0       ?Clone@KWndListPoint@@IAEXPAV1@@Z 0040c9e0 f   WndListPoint.obj
 0001:0000ba20       ?Init@KWndListPoint@@UAEHPAVKIniFile@@PBD@Z 0040ca20 f   WndListPoint.obj
 0001:0000bba0       ?SetScrollbar@KWndListPoint@@QAEXPAVKWndScrollBar@@@Z 0040cba0 f   WndListPoint.obj
 0001:0000bbf0       ?WndProc@KWndListPoint@@UAEHIIH@Z 0040cbf0 f   WndListPoint.obj
 0001:0000bc90       ?SetCurSel@KWndListPoint@@QAEHH@Z 0040cc90 f   WndListPoint.obj
 0001:0000bd10       ?OnLButtonDown@KWndListPoint@@AAEXHH@Z 0040cd10 f   WndListPoint.obj
 0001:0000bd60       ?OnMouseMove@KWndListPoint@@AAEXHH@Z 0040cd60 f   WndListPoint.obj
 0001:0000bdb0       ?AddValue@KWndListPoint@@QAEHHHHH@Z 0040cdb0 f   WndListPoint.obj
 0001:0000bf00       ?DeleteString@KWndListPoint@@QAEHH@Z 0040cf00 f   WndListPoint.obj
 0001:0000bff0       ?ResetContent@KWndListPoint@@QAEXXZ 0040cff0 f   WndListPoint.obj
 0001:0000c090       ?PaintWindow@KWndListPoint@@UAEXXZ 0040d090 f   WndListPoint.obj
 0001:0000c180       ?FindString@KWndListPoint@@QAEHHPBD@Z 0040d180 f   WndListPoint.obj
 0001:0000c190       ?SetItemValue1@KWndListPoint@@QAEHHH@Z 0040d190 f   WndListPoint.obj
 0001:0000c1c0       ?GetItemValue1@KWndListPoint@@QAEHH@Z 0040d1c0 f   WndListPoint.obj
 0001:0000c1e0       ?SetItemValue2@KWndListPoint@@QAEHHH@Z 0040d1e0 f   WndListPoint.obj
 0001:0000c210       ?GetItemValue2@KWndListPoint@@QAEHH@Z 0040d210 f   WndListPoint.obj
 0001:0000c230       ?GetString@KWndListPoint@@QAEHHPAD0I@Z 0040d230 f   WndListPoint.obj
 0001:0000c240       ?SetTopItemIndex@KWndListPoint@@QAEXH@Z 0040d240 f   WndListPoint.obj
 0001:0000c260       ?GetVisibleLineCount@KWndListPoint@@QBEHXZ 0040d260 f   WndListPoint.obj
 0001:0000c270       ??0KWndMessageListBox@@QAE@XZ 0040d270 f   WndMessageListBox.obj
 0001:0000c2d0       ??_GKWndMessageListBox@@UAEPAXI@Z 0040d2d0 f i WndMessageListBox.obj
 0001:0000c2d0       ??_EKWndMessageListBox@@UAEPAXI@Z 0040d2d0 f i WndMessageListBox.obj
 0001:0000c2f0       ??1KWndMessageListBox@@UAE@XZ 0040d2f0 f   WndMessageListBox.obj
 0001:0000c350       ?SetCapability@KWndMessageListBox@@QAEHH@Z 0040d350 f   WndMessageListBox.obj
 0001:0000c490       ?SetScrollbar@KWndMessageListBox@@QAEXPAVKWndScrollBar@@@Z 0040d490 f   WndMessageListBox.obj
 0001:0000c4b0       ?AddOneMessage@KWndMessageListBox@@QAEHPBDH00HHHI@Z 0040d4b0 f   WndMessageListBox.obj
 0001:0000c700       ?RemoveAMessage@KWndMessageListBox@@QAEXH@Z 0040d700 f   WndMessageListBox.obj
 0001:0000c7e0       ?Clear@KWndMessageListBox@@QAEXXZ 0040d7e0 f   WndMessageListBox.obj
 0001:0000c820       ?Clone@KWndMessageListBox@@QAEXPAV1@@Z 0040d820 f   WndMessageListBox.obj
 0001:0000c8a0       ?Init@KWndMessageListBox@@UAEHPAVKIniFile@@PBD@Z 0040d8a0 f   WndMessageListBox.obj
 0001:0000cc10       ?SetSize@KWndMessageListBox@@UAEXHH@Z 0040dc10 f   WndMessageListBox.obj
 0001:0000cd50       ?SetFontSize@KWndMessageListBox@@QAEXH@Z 0040dd50 f   WndMessageListBox.obj
 0001:0000cd80       ?UpdateData@KWndMessageListBox@@EAEXXZ 0040dd80 f   WndMessageListBox.obj
 0001:0000cdf0       ?GetFirstShowLine@KWndMessageListBox@@QAEHXZ 0040ddf0 f   WndMessageListBox.obj
 0001:0000ce20       ?SetFirstShowLine@KWndMessageListBox@@QAEXH@Z 0040de20 f   WndMessageListBox.obj
 0001:0000cee0       ?GetItemLineCount@KWndMessageListBox@@QAEHH@Z 0040dee0 f   WndMessageListBox.obj
 0001:0000cf10       ?PaintWindow@KWndMessageListBox@@EAEXXZ 0040df10 f   WndMessageListBox.obj
 0001:0000d2a0       ?WndProc@KWndMessageListBox@@EAEHIIH@Z 0040e2a0 f   WndMessageListBox.obj
 0001:0000d3b0       ?GetMsgAtPoint@KWndMessageListBox@@AAEHHH@Z 0040e3b0 f   WndMessageListBox.obj
 0001:0000d420       ?HitTextAtPoint@KWndMessageListBox@@QAEHHH@Z 0040e420 f   WndMessageListBox.obj
 0001:0000d4e0       ?OnLButtonDown@KWndMessageListBox@@AAEXHH@Z 0040e4e0 f   WndMessageListBox.obj
 0001:0000d520       ?OnLButtonDClick@KWndMessageListBox@@AAEXHH@Z 0040e520 f   WndMessageListBox.obj
 0001:0000d550       ?SetCurSel@KWndMessageListBox@@QAEHH@Z 0040e550 f   WndMessageListBox.obj
 0001:0000d590       ?OnMouseMove@KWndMessageListBox@@AAEXHH@Z 0040e590 f   WndMessageListBox.obj
 0001:0000d5d0       ?GetOneMessage@KWndMessageListBox@@QAEHHPADH_N@Z 0040e5d0 f   WndMessageListBox.obj
 0001:0000d650       ?SplitData@KWndMessageListBox@@QAEIXZ 0040e650 f   WndMessageListBox.obj
 0001:0000d700       ?BindData@KWndMessageListBox@@QAEII@Z 0040e700 f   WndMessageListBox.obj
 0001:0000d830       ?FreeData@KWndMessageListBox@@SAXI@Z 0040e830 f   WndMessageListBox.obj
 0001:0000d860       ?GetOffsetTextHeight@KWndMessageListBox@@AAEIXZ 0040e860 f   WndMessageListBox.obj
 0001:0000d880       ?PtInWindow@KWndMessageListBox@@UAEHHH@Z 0040e880 f   WndMessageListBox.obj
 0001:0000d8c0       ?ClearHideLine@KWndMessageListBox@@QAEXXZ 0040e8c0 f   WndMessageListBox.obj
 0001:0000d8d0       ?HideNextLine@KWndMessageListBox@@QAEXXZ 0040e8d0 f   WndMessageListBox.obj
 0001:0000d940       ?HideAllLine@KWndMessageListBox@@QAEXXZ 0040e940 f   WndMessageListBox.obj
 0001:0000d950       ?GetMinHeight@KWndMessageListBox@@QAEHXZ 0040e950 f   WndMessageListBox.obj
 0001:0000d970       ?UpdateChatItem@KWndMessageListBox@@QAEXXZ 0040e970 f   WndMessageListBox.obj
 0001:0000d9c0       ??0KScrollMessageListBox@@QAE@XZ 0040e9c0 f   WndMessageListBox.obj
 0001:0000da60       ??1KWndScrollBar@@UAE@XZ   0040ea60 f i WndMessageListBox.obj
 0001:0000dab0       ??_EKScrollMessageListBox@@UAEPAXI@Z 0040eab0 f i WndMessageListBox.obj
 0001:0000dab0       ??_GKScrollMessageListBox@@UAEPAXI@Z 0040eab0 f i WndMessageListBox.obj
 0001:0000dad0       ??1KScrollMessageListBox@@UAE@XZ 0040ead0 f i WndMessageListBox.obj
 0001:0000db50       ?Init@KScrollMessageListBox@@UAEHPAVKIniFile@@PBD@Z 0040eb50 f   WndMessageListBox.obj
 0001:0000dc80       ?WndProc@KScrollMessageListBox@@UAEHIIH@Z 0040ec80 f   WndMessageListBox.obj
 0001:0000ddb0       ?InitMinMaxLineCount@KScrollMessageListBox@@IAEXHH@Z 0040edb0 f   WndMessageListBox.obj
 0001:0000ddf0       ?HeightToLineHeight@KScrollMessageListBox@@QAEHH@Z 0040edf0 f   WndMessageListBox.obj
 0001:0000de10       ?WidthToCharWidth@KScrollMessageListBox@@QAEHH@Z 0040ee10 f   WndMessageListBox.obj
 0001:0000de30       ?GetMinHeight@KScrollMessageListBox@@QAEHXZ 0040ee30 f   WndMessageListBox.obj
 0001:0000de70       ?MsgListBox_LoadContent@@YA_NPAVKWndMessageListBox@@PAVKIniFile@@PBD@Z 0040ee70 f   WndMessageListBox.obj
 0001:0000df90       ??0KWndMovingImage@@QAE@XZ 0040ef90 f   WndMovingImage.obj
 0001:0000dfc0       ??_GKWndMovingImage@@UAEPAXI@Z 0040efc0 f i WndMovingImage.obj
 0001:0000dfc0       ??_EKWndMovingImage@@UAEPAXI@Z 0040efc0 f i WndMovingImage.obj
 0001:0000dfe0       ?Clone@KWndMovingImage@@IAEXPAV1@@Z 0040efe0 f   WndMovingImage.obj
 0001:0000e040       ?Init@KWndMovingImage@@UAEHPAVKIniFile@@PBD@Z 0040f040 f   WndMovingImage.obj
 0001:0000e0d0       ?SetMoveValue@KWndMovingImage@@QAEXHH@Z 0040f0d0 f   WndMovingImage.obj
 0001:0000e150       ?WndObjContainerInit@@YAXPAVKIniFile@@@Z 0040f150 f   WndObjContainer.obj
 0001:0000e300       ??0KWndObjectBox@@QAE@XZ   0040f300 f   WndObjContainer.obj
 0001:0000e340       ??_EKWndObjectBox@@UAEPAXI@Z 0040f340 f i WndObjContainer.obj
 0001:0000e340       ??_GKWndObjectBox@@UAEPAXI@Z 0040f340 f i WndObjContainer.obj
 0001:0000e360       ??1KWndObjectBox@@UAE@XZ   0040f360 f i WndObjContainer.obj
 0001:0000e370       ?SetContainerId@KWndObjectBox@@QAEXH@Z 0040f370 f   WndObjContainer.obj
 0001:0000e380       ?SetObjectGenre@KWndObjectBox@@QAEXI@Z 0040f380 f   WndObjContainer.obj
 0001:0000e390       ?Clear@KWndObjectBox@@QAEXXZ 0040f390 f   WndObjContainer.obj
 0001:0000e3a0       ?GetObjectA@KWndObjectBox@@QBEHAAUKUiDraggedObject@@@Z 0040f3a0 f   WndObjContainer.obj
 0001:0000e3d0       ?HoldObject@KWndObjectBox@@QAEXIIHH@Z 0040f3d0 f   WndObjContainer.obj
 0001:0000e450       ?PaintWindow@KWndObjectBox@@MAEXXZ 0040f450 f   WndObjContainer.obj
 0001:0000e6a0       ?Clone@KWndObjectBox@@QAEXPAV1@@Z 0040f6a0 f   WndObjContainer.obj
 0001:0000e6c0       ?Init@KWndObjectBox@@UAEHPAVKIniFile@@PBD@Z 0040f6c0 f   WndObjContainer.obj
 0001:0000e750       ?EnablePickPut@KWndObjectBox@@QAEX_N@Z 0040f750 f   WndObjContainer.obj
 0001:0000e770       ?WndProc@KWndObjectBox@@MAEHIIH@Z 0040f770 f   WndObjContainer.obj
 0001:0000eb10       ?DropObject@KWndObjectBox@@IAEH_N@Z 0040fb10 f   WndObjContainer.obj
 0001:0000ebd0       ??0KWndObjectMatrix@@QAE@XZ 0040fbd0 f   WndObjContainer.obj
 0001:0000ec20       ??_GKWndObjectMatrix@@UAEPAXI@Z 0040fc20 f i WndObjContainer.obj
 0001:0000ec20       ??_EKWndObjectMatrix@@UAEPAXI@Z 0040fc20 f i WndObjContainer.obj
 0001:0000ec40       ?SetContainerId@KWndObjectMatrix@@QAEXH@Z 0040fc40 f   WndObjContainer.obj
 0001:0000ec50       ??1KWndObjectMatrix@@UAE@XZ 0040fc50 f   WndObjContainer.obj
 0001:0000eca0       ?Clone@KWndObjectMatrix@@IAEXPAV1@@Z 0040fca0 f   WndObjContainer.obj
 0001:0000ecd0       ?Init@KWndObjectMatrix@@UAEHPAVKIniFile@@PBD@Z 0040fcd0 f   WndObjContainer.obj
 0001:0000edf0       ?PaintWindow@KWndObjectMatrix@@EAEXXZ 0040fdf0 f   WndObjContainer.obj
 0001:0000f1c0       ?AddObject@KWndObjectMatrix@@QAEHPAUKUiDraggedObject@@H@Z 004101c0 f   WndObjContainer.obj
 0001:0000f290       ?RemoveObject@KWndObjectMatrix@@QAEHPAUKUiDraggedObject@@@Z 00410290 f   WndObjContainer.obj
 0001:0000f330       ?GetObjectA@KWndObjectMatrix@@QBEHAAUKUiDraggedObject@@HH@Z 00410330 f   WndObjContainer.obj
 0001:0000f380       ?Clear@KWndObjectMatrix@@QAEXXZ 00410380 f   WndObjContainer.obj
 0001:0000f3b0       ?WndProc@KWndObjectMatrix@@EAEHIIH@Z 004103b0 f   WndObjContainer.obj
 0001:0000f780       ?GetObjectAt@KWndObjectMatrix@@AAEHHH@Z 00410780 f   WndObjContainer.obj
 0001:0000f7f0       ?PickUpObjectAt@KWndObjectMatrix@@AAEHHH@Z 004107f0 f   WndObjContainer.obj
 0001:0000f850       ?DropObject@KWndObjectMatrix@@AAEHHH_N@Z 00410850 f   WndObjContainer.obj
 0001:0000fac0       ?TryDropObjAtPos@KWndObjectMatrix@@AAEHABUtagRECT@@AAPAUKUiDraggedObject@@@Z 00410ac0 f   WndObjContainer.obj
 0001:0000fb40       ?DropObject@KWndObjectMatrix@@AAEXHHPAUKUiDraggedObject@@@Z 00410b40 f   WndObjContainer.obj
 0001:0000fbb0       ?EnableTracePutPos@KWndObjectMatrix@@QAEX_N@Z 00410bb0 f   WndObjContainer.obj
 0001:0000fbd0       ?EnablePickPut@KWndObjectMatrix@@QAEX_N@Z 00410bd0 f   WndObjContainer.obj
 0001:0000fbf0       ?WndProc@KWndPage@@UAEHIIH@Z 00410bf0 f   WndPage.obj
 0001:0000fc50       ??0KWndPageSet@@QAE@XZ     00410c50 f   WndPage.obj
 0001:0000fc80       ??_GKWndPageSet@@UAEPAXI@Z 00410c80 f i WndPage.obj
 0001:0000fc80       ??_EKWndPageSet@@UAEPAXI@Z 00410c80 f i WndPage.obj
 0001:0000fca0       ??1KWndPageSet@@UAE@XZ     00410ca0 f   WndPage.obj
 0001:0000fce0       ?WndProc@KWndPageSet@@UAEHIIH@Z 00410ce0 f   WndPage.obj
 0001:0000fd10       ?AddPage@KWndPageSet@@QAE_NPAVKWndPage@@PAVKWndButton@@@Z 00410d10 f   WndPage.obj
 0001:0000fdd0       ?ActivePage@KWndPageSet@@QAE_NH@Z 00410dd0 f   WndPage.obj
 0001:0000fe90       ?OnPageBtnClick@KWndPageSet@@AAEXPAVKWndWindow@@@Z 00410e90 f   WndPage.obj
 0001:0000ff10       ?GetActivePage@KWndPageSet@@QAEPAVKWndPage@@XZ 00410f10 f   WndPage.obj
 0001:0000ff30       ??0KWndPureTextBtn@@QAE@XZ 00410f30 f   WndPureTextBtn.obj
 0001:0000ff90       ??_GKWndPureTextBtn@@UAEPAXI@Z 00410f90 f i WndPureTextBtn.obj
 0001:0000ff90       ??_EKWndPureTextBtn@@UAEPAXI@Z 00410f90 f i WndPureTextBtn.obj
 0001:0000ffb0       ??1KWndPureTextBtn@@UAE@XZ 00410fb0 f i WndPureTextBtn.obj
 0001:0000ffc0       ?Clone@KWndPureTextBtn@@QAEXPAV1@@Z 00410fc0 f   WndPureTextBtn.obj
 0001:00010030       ?Init@KWndPureTextBtn@@UAEHPAVKIniFile@@PBD@Z 00411030 f   WndPureTextBtn.obj
 0001:000101e0       ?AdjustPosition@KWndPureTextBtn@@AAEXXZ 004111e0 f   WndPureTextBtn.obj
 0001:00010230       ?PaintWindow@KWndPureTextBtn@@UAEXXZ 00411230 f   WndPureTextBtn.obj
 0001:00010310       ?SetText@KWndPureTextBtn@@QAEXPBDH@Z 00411310 f   WndPureTextBtn.obj
 0001:00010370       ?SetColor@KWndPureTextBtn@@QAEXIIIIII@Z 00411370 f   WndPureTextBtn.obj
 0001:000103b0       ?CheckButton@KWndPureTextBtn@@QAEXH@Z 004113b0 f   WndPureTextBtn.obj
 0001:000103d0       ?WndProc@KWndPureTextBtn@@UAEHIIH@Z 004113d0 f   WndPureTextBtn.obj
 0001:000104d0       ?GenChatItem@KWndPureTextBtn@@AAEXPAD@Z 004114d0 f   WndPureTextBtn.obj
 0001:00010920       ??0KWndStation@@QAE@XZ     00411920 f i Wnds.obj
 0001:00010a20       ??1KWndStation@@QAE@XZ     00411a20 f i Wnds.obj
 0001:00010a90       ?Wnd_Cleanup@@YAXXZ        00411a90 f   Wnds.obj
 0001:00010ae0       ?Wnd_RenderWindows@@YAXXZ  00411ae0 f   Wnds.obj
 0001:00010bb0       ?Wnd_Heartbeat@@YAXXZ      00411bb0 f   Wnds.obj
 0001:00010be0       ?Wnd_AddWindow@@YAXPAVKWndWindow@@W4WND_LAYER_LIST@@@Z 00411be0 f   Wnds.obj
 0001:00010c20       ?Wnd_SetGameSpaceWnd@@YAXPAVKWndWindow@@@Z 00411c20 f   Wnds.obj
 0001:00010c30       ?Wnd_GameSpaceHandleInput@@YAX_N@Z 00411c30 f   Wnds.obj
 0001:00010c40       ?Wnd_ShowHideGameSpace@@YAX_N@Z 00411c40 f   Wnds.obj
 0001:00010c50       ?Wnd_OnWindowDelete@@YAXPAVKWndWindow@@@Z 00411c50 f   Wnds.obj
 0001:00010cf0       ?Wnd_DragBegin@@YAHPBUKUiDraggedObject@@P6AHHHABU1@H@Z@Z 00411cf0 f   Wnds.obj
 0001:00010d30       ?Wnd_GetDragObj@@YAHPAUKUiDraggedObject@@@Z 00411d30 f   Wnds.obj
 0001:00010d70       ?Wnd_DragFinished@@YAXXZ   00411d70 f   Wnds.obj
 0001:00010d80       ?Wnd_ProcessInput@@YAXIIH@Z 00411d80 f   Wnds.obj
 0001:000111e0       ?Wnd_TransmitInputToGameSpace@@YAXIIH@Z 004121e0 f   Wnds.obj
 0001:00011280       ?Wnd_ShowCursor@@YAXH@Z    00412280 f   Wnds.obj
 0001:00011290       ?Wnd_SetCursorPos@@YAXHH@Z 00412290 f   Wnds.obj
 0001:000112e0       ?Wnd_GetCursorPos@@YAXPAH0@Z 004122e0 f   Wnds.obj
 0001:00011320       ?Wnd_GetFocusWnd@@YAPAVKWndWindow@@XZ 00412320 f   Wnds.obj
 0001:00011330       ?Wnd_SetFocusWnd@@YAXPAVKWndWindow@@@Z 00412330 f   Wnds.obj
 0001:00011380       ?Wnd_SetCapture@@YAXPAVKWndWindow@@@Z 00412380 f   Wnds.obj
 0001:000113a0       ?Wnd_ReleaseCapture@@YAXXZ 004123a0 f   Wnds.obj
 0001:000113d0       ?Wnd_SetExclusive@@YAXPAVKWndWindow@@@Z 004123d0 f   Wnds.obj
 0001:00011460       ?Wnd_ReleaseExclusive@@YAXPAVKWndWindow@@@Z 00412460 f   Wnds.obj
 0001:000114b0       ?Wnd_LoadCursor@@YAXHPBD@Z 004124b0 f   Wnds.obj
 0001:000114d0       ?Wnd_SwitchCursor@@YAHH@Z  004124d0 f   Wnds.obj
 0001:000114e0       ?Wnd_SetScreenSize@@YAXHH@Z 004124e0 f   Wnds.obj
 0001:00011500       ?Wnd_GetScreenSize@@YAXAAH0@Z 00412500 f   Wnds.obj
 0001:00011520       ?Wnd_RestoreCursor@@YAXXZ  00412520 f   Wnds.obj
 0001:00011530       ??0KWndScrollBar@@QAE@XZ   00412530 f   WndScrollBar.obj
 0001:000115c0       ??_EKWndScrollBar@@UAEPAXI@Z 004125c0 f i WndScrollBar.obj
 0001:000115c0       ??_GKWndScrollBar@@UAEPAXI@Z 004125c0 f i WndScrollBar.obj
 0001:000115e0       ?Clone@KWndScrollBar@@QAEXPAV1@@Z 004125e0 f   WndScrollBar.obj
 0001:00011680       ?Init@KWndScrollBar@@UAEHPAVKIniFile@@PBD@Z 00412680 f   WndScrollBar.obj
 0001:00011800       ?SetSize@KWndScrollBar@@UAEXHH@Z 00412800 f   WndScrollBar.obj
 0001:00011860       ?WndProc@KWndScrollBar@@UAEHIIH@Z 00412860 f   WndScrollBar.obj
 0001:00011970       ?PaintWindow@KWndScrollBar@@UAEXXZ 00412970 f   WndScrollBar.obj
 0001:00011a00       ?SetValueRange@KWndScrollBar@@QAEXHH@Z 00412a00 f   WndScrollBar.obj
 0001:00011a30       ?SetScrollPos@KWndScrollBar@@QAEXH@Z 00412a30 f   WndScrollBar.obj
 0001:00011a90       ?SetSlideBtnPos@KWndScrollBar@@AAEXXZ 00412a90 f   WndScrollBar.obj
 0001:00011b50       ?OnLButtonDown@KWndScrollBar@@AAEXHH@Z 00412b50 f   WndScrollBar.obj
 0001:00011c30       ?ScrollLine@KWndScrollBar@@QAEH_N@Z 00412c30 f   WndScrollBar.obj
 0001:00011c60       ?ScrollPage@KWndScrollBar@@QAEH_N@Z 00412c60 f   WndScrollBar.obj
 0001:00011c90       ?OnSlideBtnPressed@KWndScrollBar@@AAEXXZ 00412c90 f   WndScrollBar.obj
 0001:00011cb0       ?OnDraggingSlide@KWndScrollBar@@AAEXHH@Z 00412cb0 f   WndScrollBar.obj
 0001:00011d30       ?GetMinHeight@KWndScrollBar@@QAEHXZ 00412d30 f   WndScrollBar.obj
 0001:00011d70       ?SetParentWnd@KWndScrollBar@@QAEXPAVKWndWindow@@@Z 00412d70 f   WndScrollBar.obj
 0001:00011d80       ?Clone@KWndShadow@@QAEXPAV1@@Z 00412d80 f   WndShadow.obj
 0001:00011da0       ?Init@KWndShadow@@UAEHPAVKIniFile@@PBD@Z 00412da0 f   WndShadow.obj
 0001:00011e60       ?PaintWindow@KWndShadow@@MAEXXZ 00412e60 f   WndShadow.obj
 0001:00011ec0       ?PtInWindow@KWndShadow@@UAEHHH@Z 00412ec0 f   WndShadow.obj
 0001:00011ed0       ?SetColor@KWndShadow@@QAEXI@Z 00412ed0 f   WndShadow.obj
 0001:00011ee0       ??0KWndShowAnimate@@QAE@XZ 00412ee0 f   WndShowAnimate.obj
 0001:00011f00       ??_EKWndShowAnimate@@UAEPAXI@Z 00412f00 f i WndShowAnimate.obj
 0001:00011f00       ??_GKWndShowAnimate@@UAEPAXI@Z 00412f00 f i WndShowAnimate.obj
 0001:00011f20       ??1KWndShowAnimate@@UAE@XZ 00412f20 f i WndShowAnimate.obj
 0001:00011f30       ?Clone@KWndShowAnimate@@QAEXPAV1@@Z 00412f30 f   WndShowAnimate.obj
 0001:00011f80       ?Init@KWndShowAnimate@@UAEHPAVKIniFile@@PBD@Z 00412f80 f   WndShowAnimate.obj
 0001:00012020       ?Show@KWndShowAnimate@@UAEXXZ 00413020 f   WndShowAnimate.obj
 0001:000120d0       ?Hide@KWndShowAnimate@@UAEXXZ 004130d0 f   WndShowAnimate.obj
 0001:00012160       ?SetMoveSpeed@KWndShowAnimate@@SAXHH@Z 00413160 f   WndShowAnimate.obj
 0001:000121a0       ?SetInterval@KWndShowAnimate@@SAXI@Z 004131a0 f   WndShowAnimate.obj
 0001:000121c0       ?ShowCompleted@KWndShowAnimate@@UAEXXZ 004131c0 f   WndShowAnimate.obj
 0001:000121d0       ?PaintWindow@KWndShowAnimate@@MAEXXZ 004131d0 f   WndShowAnimate.obj
 0001:000122b0       ??0KWndText@@QAE@XZ        004132b0 f   WndText.obj
 0001:000122e0       ??_GKWndText@@UAEPAXI@Z    004132e0 f i WndText.obj
 0001:000122e0       ??_EKWndText@@UAEPAXI@Z    004132e0 f i WndText.obj
 0001:00012300       ??1KWndText@@UAE@XZ        00413300 f i WndText.obj
 0001:00012310       ?SetText@KWndText@@QAEXPBDH@Z 00413310 f   WndText.obj
 0001:000123e0       ?GetText@KWndText@@QAEHPADH@Z 004133e0 f   WndText.obj
 0001:00012420       ?SetTopLine@KWndText@@QAEHH@Z 00413420 f   WndText.obj
 0001:00012440       ?SetTextPtr@KWndText@@IAEXPADH@Z 00413440 f   WndText.obj
 0001:00012460       ?Clone@KWndText@@QAEXPAV1@@Z 00413460 f   WndText.obj
 0001:00012490       ?Init@KWndText@@UAEHPAVKIniFile@@PBD@Z 00413490 f   WndText.obj
 0001:00012690       ?PaintWindow@KWndText@@UAEXXZ 00413690 f   WndText.obj
 0001:000127d0       ?SetTextColor@KWndText@@QAEXI@Z 004137d0 f   WndText.obj
 0001:000127e0       ?SetIntText@KWndText@@QAEXHD@Z 004137e0 f   WndText.obj
 0001:00012840       ?Set2IntText@KWndText@@QAEXHHD@Z 00413840 f   WndText.obj
 0001:00012890       ?SetCharText@KWndText@@QAEXDD@Z 00413890 f   WndText.obj
 0001:00012900       ?SetByteText@KWndText@@QAEXED@Z 00413900 f   WndText.obj
 0001:00012970       ?SetShortText@KWndText@@QAEXFD@Z 00413970 f   WndText.obj
 0001:000129e0       ?Set2ShortText@KWndText@@QAEXFFD@Z 004139e0 f   WndText.obj
 0001:00012a30       ?SetMoneyText@KWndText@@QAEXHD@Z 00413a30 f   WndText.obj
 0001:00012b00       ?SetJbCoinText@KWndText@@QAEXHD@Z 00413b00 f   WndText.obj
 0001:00012bc0       ?SetWorldRankText@KWndText@@QAEXHD@Z 00413bc0 f   WndText.obj
 0001:00012c60       ?SetTransLifeText@KWndText@@QAEXDD@Z 00413c60 f   WndText.obj
 0001:00012ce0       ?Set2UIntText@KWndText@@QAEXIID@Z 00413ce0 f   WndText.obj
 0001:00012d30       ?SetStackText@KWndText@@QAEXHD@Z 00413d30 f   WndText.obj
 0001:00012da0       ?SetDefText@KWndText@@QAEXH_N@Z 00413da0 f   WndText.obj
 0001:00012e30       ?Set2IntTextPlus@KWndText@@QAEXHHD@Z 00413e30 f   WndText.obj
 0001:00012ee0       ?Set3IntText@KWndText@@QAEXHHHDD@Z 00413ee0 f   WndText.obj
 0001:00012f30       ??0KWndText32@@QAE@XZ      00413f30 f   WndText.obj
 0001:00012f60       ??_EKWndText32@@UAEPAXI@Z  00413f60 f i WndText.obj
 0001:00012f60       ??_GKWndText32@@UAEPAXI@Z  00413f60 f i WndText.obj
 0001:00012f80       ??1KWndText32@@UAE@XZ      00413f80 f i WndText.obj
 0001:00012f90       ??0KWndText80@@QAE@XZ      00413f90 f   WndText.obj
 0001:00012fc0       ??_GKWndText80@@UAEPAXI@Z  00413fc0 f i WndText.obj
 0001:00012fc0       ??_EKWndText80@@UAEPAXI@Z  00413fc0 f i WndText.obj
 0001:00012fe0       ??1KWndText80@@UAE@XZ      00413fe0 f i WndText.obj
 0001:00012ff0       ??0KWndText128@@QAE@XZ     00413ff0 f   WndText.obj
 0001:00013020       ??_EKWndText128@@UAEPAXI@Z 00414020 f i WndText.obj
 0001:00013020       ??_GKWndText128@@UAEPAXI@Z 00414020 f i WndText.obj
 0001:00013040       ??1KWndText128@@UAE@XZ     00414040 f i WndText.obj
 0001:00013050       ??0KWndText256@@QAE@XZ     00414050 f   WndText.obj
 0001:00013080       ??_EKWndText256@@UAEPAXI@Z 00414080 f i WndText.obj
 0001:00013080       ??_GKWndText256@@UAEPAXI@Z 00414080 f i WndText.obj
 0001:000130a0       ??1KWndText256@@UAE@XZ     004140a0 f i WndText.obj
 0001:000130b0       ??0KWndText512@@QAE@XZ     004140b0 f   WndText.obj
 0001:000130e0       ??_EKWndText512@@UAEPAXI@Z 004140e0 f i WndText.obj
 0001:000130e0       ??_GKWndText512@@UAEPAXI@Z 004140e0 f i WndText.obj
 0001:00013100       ??1KWndText512@@UAE@XZ     00414100 f i WndText.obj
 0001:00013110       ??0KWndToolBar@@QAE@XZ     00414110 f   WndToolBar.obj
 0001:00013130       ??_EKWndToolBar@@UAEPAXI@Z 00414130 f i WndToolBar.obj
 0001:00013130       ??_GKWndToolBar@@UAEPAXI@Z 00414130 f i WndToolBar.obj
 0001:00013150       ??1KWndToolBar@@UAE@XZ     00414150 f   WndToolBar.obj
 0001:000131a0       ?Clone@KWndToolBar@@QAEXPAV1@@Z 004141a0 f   WndToolBar.obj
 0001:000131e0       ?Init@KWndToolBar@@UAEHPAVKIniFile@@PBD@Z 004141e0 f   WndToolBar.obj
 0001:00013270       ?WndProc@KWndToolBar@@UAEHIIH@Z 00414270 f   WndToolBar.obj
 0001:000132b0       ?PaintWindow@KWndToolBar@@UAEXXZ 004142b0 f   WndToolBar.obj
 0001:000132c0       ?AddOneWindow@KWndToolBar@@IAEXPAVKIniFile@@PBD@Z 004142c0 f   WndToolBar.obj
 0001:000133c0       ?FreeAllWindow@KWndToolBar@@IAEXXZ 004143c0 f   WndToolBar.obj
 0001:00013430       ?UpdateData@KWndToolBar@@UAEXXZ 00414430 f   WndToolBar.obj
 0001:00013470       ??0KWndValueImage@@QAE@XZ  00414470 f   WndValueImage.obj
 0001:000134a0       ??_GKWndValueImage@@UAEPAXI@Z 004144a0 f i WndValueImage.obj
 0001:000134a0       ??_EKWndValueImage@@UAEPAXI@Z 004144a0 f i WndValueImage.obj
 0001:000134c0       ??1KWndValueImage@@UAE@XZ  004144c0 f i WndValueImage.obj
 0001:000134d0       ?Clone@KWndValueImage@@QAEXPAV1@@Z 004144d0 f   WndValueImage.obj
 0001:00013510       ?Init@KWndValueImage@@UAEHPAVKIniFile@@PBD@Z 00414510 f   WndValueImage.obj
 0001:00013590       ?SetValue@KWndValueImage@@QAEXHH@Z 00414590 f   WndValueImage.obj
 0001:000135e0       ??0KWndWindow@@QAE@XZ      004145e0 f   WndWindow.obj
 0001:00013620       ??_GKWndWindow@@UAEPAXI@Z  00414620 f i WndWindow.obj
 0001:00013620       ??_EKWndWindow@@UAEPAXI@Z  00414620 f i WndWindow.obj
 0001:00013640       ??1KWndWindow@@UAE@XZ      00414640 f   WndWindow.obj
 0001:00013670       ?BringToTop@KWndWindow@@QAEXXZ 00414670 f   WndWindow.obj
 0001:000136d0       ?GetPosition@KWndWindow@@QAEXPAH0@Z 004146d0 f   WndWindow.obj
 0001:000136f0       ?SetPosition@KWndWindow@@QAEXHH@Z 004146f0 f   WndWindow.obj
 0001:00013720       ?GetAbsolutePos@KWndWindow@@QAEXPAH0@Z 00414720 f   WndWindow.obj
 0001:00013740       ?GetSize@KWndWindow@@QAEXPAH0@Z 00414740 f   WndWindow.obj
 0001:00013760       ?SetSize@KWndWindow@@UAEXHH@Z 00414760 f   WndWindow.obj
 0001:00013860       ?AbsoluteMove@KWndWindow@@AAEXHH@Z 00414860 f   WndWindow.obj
 0001:000138a0       ?Show@KWndWindow@@UAEXXZ   004148a0 f   WndWindow.obj
 0001:000138b0       ?Hide@KWndWindow@@UAEXXZ   004148b0 f   WndWindow.obj
 0001:00013900       ?IsVisible@KWndWindow@@QAEHXZ 00414900 f   WndWindow.obj
 0001:00013910       ?Enable@KWndWindow@@UAEXH@Z 00414910 f   WndWindow.obj
 0001:00013940       ?Destroy@KWndWindow@@QAEXXZ 00414940 f   WndWindow.obj
 0001:00013950       ?Clone@KWndWindow@@IAEXPAV1@@Z 00414950 f   WndWindow.obj
 0001:00013980       ?Init@KWndWindow@@UAEHPAVKIniFile@@PBD@Z 00414980 f   WndWindow.obj
 0001:00013b50       ?PtInWindow@KWndWindow@@UAEHHH@Z 00414b50 f   WndWindow.obj
 0001:00013bd0       ?Paint@KWndWindow@@QAEXXZ  00414bd0 f   WndWindow.obj
 0001:00013c00       ?LetMeBreathe@KWndWindow@@QAEXXZ 00414c00 f   WndWindow.obj
 0001:00013c40       ?AddChild@KWndWindow@@QAEXPAV1@@Z 00414c40 f   WndWindow.obj
 0001:00013cb0       ?AddBrother@KWndWindow@@QAEXPAV1@@Z 00414cb0 f   WndWindow.obj
 0001:00013d20       ?LeaveAlone@KWndWindow@@QAEXXZ 00414d20 f   WndWindow.obj
 0001:00013d50       ?SplitSmaleFamily@KWndWindow@@QAEXXZ 00414d50 f   WndWindow.obj
 0001:00013da0       ?WndProc@KWndWindow@@UAEHIIH@Z 00414da0 f   WndWindow.obj
 0001:00013e70       ?OnLBtnDown@KWndWindow@@AAEXHH@Z 00414e70 f   WndWindow.obj
 0001:00013ea0       ?OnMoveWnd@KWndWindow@@AAEXXZ 00414ea0 f   WndWindow.obj
 0001:00013f30       ?TopChildFromPoint@KWndWindow@@UAEPAV1@HH@Z 00414f30 f   WndWindow.obj
 0001:00013fa0       ?GetOwner@KWndWindow@@QAEPAV1@XZ 00414fa0 f   WndWindow.obj
 0001:00013fc0       ?PaintDebugInfo@KWndWindow@@QAEXXZ 00414fc0 f   WndWindow.obj
 0001:000140f0       ?PaintWindow@KWndWindow@@UAEXXZ 004150f0 f   WndWindow.obj
 0001:00014240       ?GetColor@@YAIPBD@Z        00415240 f   WndWindow.obj
 0001:00014370       ?GetColorString@@YAPBDI@Z  00415370 f   WndWindow.obj
 0001:000143b0       ?SetCursorAbove@KWndWindow@@QAEXXZ 004153b0 f   WndWindow.obj
 0001:000143e0       ?GetAllChildLayoutRect@KWndWindow@@QAEXPAUtagRECT@@@Z 004153e0 f   WndWindow.obj
 0001:000144e0       ??0KUiConnectInfo@@AAE@XZ  004154e0 f   UiConnectInfo.obj
 0001:000145b0       ??_EKUiConnectInfo@@EAEPAXI@Z 004155b0 f i UiConnectInfo.obj
 0001:000145b0       ??_GKUiConnectInfo@@EAEPAXI@Z 004155b0 f i UiConnectInfo.obj
 0001:000145d0       ??1KUiConnectInfo@@EAE@XZ  004155d0 f i UiConnectInfo.obj
 0001:00014670       ?OpenWindow@KUiConnectInfo@@SAPAV1@W4LOGIN_BG_INFO_MSG_INDEX@@HH@Z 00415670 f   UiConnectInfo.obj
 0001:00014740       ?CloseWindow@KUiConnectInfo@@SAX_N@Z 00415740 f   UiConnectInfo.obj
 0001:00014780       ?Initialize@KUiConnectInfo@@AAEXXZ 00415780 f   UiConnectInfo.obj
 0001:000147c0       ?LoadScheme@KUiConnectInfo@@AAEXPBD@Z 004157c0 f   UiConnectInfo.obj
 0001:00014a60       ?OnClickConfirmBtn@KUiConnectInfo@@AAEXXZ 00415a60 f   UiConnectInfo.obj
 0001:00014b40       ?WndProc@KUiConnectInfo@@EAEHIIH@Z 00415b40 f   UiConnectInfo.obj
 0001:00014c10       ?OnDelRole@KUiConnectInfo@@AAE_NXZ 00415c10 f   UiConnectInfo.obj
 0001:00014cd0       ?OnCancelDelRole@KUiConnectInfo@@AAEXXZ 00415cd0 f   UiConnectInfo.obj
 0001:00014cf0       ?SetInfoMsg@KUiConnectInfo@@AAEXW4LOGIN_BG_INFO_MSG_INDEX@@@Z 00415cf0 f   UiConnectInfo.obj
 0001:00014e50       ?GotoNextStep@KUiConnectInfo@@AAEXXZ 00415e50 f   UiConnectInfo.obj
 0001:00014ee0       ?Breathe@KUiConnectInfo@@EAEXXZ 00415ee0 f   UiConnectInfo.obj
 0001:000150c0       ?PaintWindow@KUiConnectInfo@@EAEXXZ 004160c0 f   UiConnectInfo.obj
 0001:000153e0       ??0KUiLogin@@AAE@XZ        004163e0 f   UiLogin.obj
 0001:000154a0       ??_EKUiLogin@@EAEPAXI@Z    004164a0 f i UiLogin.obj
 0001:000154a0       ??_GKUiLogin@@EAEPAXI@Z    004164a0 f i UiLogin.obj
 0001:000154c0       ??1KUiLogin@@EAE@XZ        004164c0 f   UiLogin.obj
 0001:00015580       ?OpenWindow@KUiLogin@@SAPAV1@XZ 00416580 f   UiLogin.obj
 0001:00015620       ?CloseWindow@KUiLogin@@SAX_N@Z 00416620 f   UiLogin.obj
 0001:00015680       ?Show@KUiLogin@@EAEXXZ     00416680 f   UiLogin.obj
 0001:00015720       ?Initialize@KUiLogin@@AAEXXZ 00416720 f   UiLogin.obj
 0001:000157b0       ?LoadScheme@KUiLogin@@AAEXPBD@Z 004167b0 f   UiLogin.obj
 0001:00015910       ?WndProc@KUiLogin@@EAEHIIH@Z 00416910 f   UiLogin.obj
 0001:00015c60       ?OnEnableAutoLogin@KUiLogin@@AAEXXZ 00416c60 f   UiLogin.obj
 0001:00015cd0       ?OnKeyDown@KUiLogin@@AAEXI@Z 00416cd0 f   UiLogin.obj
 0001:00015f10       ?OnLogin@KUiLogin@@AAEXXZ  00416f10 f   UiLogin.obj
 0001:00015f90       ?OnCancel@KUiLogin@@AAEXXZ 00416f90 f   UiLogin.obj
 0001:00015fb0       ?GetInputInfo@KUiLogin@@AAEHPAD0@Z 00416fb0 f   UiLogin.obj
 0001:00016070       ?IsValidPassword@KUiLogin@@SA_NPBDH@Z 00417070 f   UiLogin.obj
 0001:00016080       ?OnFocusAccount@KUiLogin@@AAEX_N@Z 00417080 f   UiLogin.obj
 0001:00016090       ?OpenWindow@KUiLoginBackGround@@SAPAV1@PBD@Z 00417090 f   UiLoginBg.obj
 0001:00016160       ??_EKUiLoginBackGround@@EAEPAXI@Z 00417160 f i UiLoginBg.obj
 0001:00016160       ??_GKUiLoginBackGround@@EAEPAXI@Z 00417160 f i UiLoginBg.obj
 0001:00016180       ??1KUiLoginBackGround@@EAE@XZ 00417180 f i UiLoginBg.obj
 0001:000161f0       ?CloseWindow@KUiLoginBackGround@@SAX_N@Z 004171f0 f   UiLoginBg.obj
 0001:00016220       ?Initialize@KUiLoginBackGround@@AAEXXZ 00417220 f   UiLoginBg.obj
 0001:00016270       ?SetConfig@KUiLoginBackGround@@SAXPBD@Z 00417270 f   UiLoginBg.obj
 0001:000163e0       ?LoadScheme@KUiLoginBackGround@@AAEXPAVKIniFile@@@Z 004173e0 f   UiLoginBg.obj
 0001:000164d0       ?Breathe@KUiLoginBackGround@@EAEXXZ 004174d0 f   UiLoginBg.obj
 0001:00016560       ??0KUiSelServer@@AAE@XZ    00417560 f   UiSelServer.obj
 0001:00016620       ??_GKUiSelServer@@EAEPAXI@Z 00417620 f i UiSelServer.obj
 0001:00016620       ??_EKUiSelServer@@EAEPAXI@Z 00417620 f i UiSelServer.obj
 0001:00016640       ??1KUiSelServer@@EAE@XZ    00417640 f   UiSelServer.obj
 0001:00016770       ?OpenWindow@KUiSelServer@@SAPAV1@XZ 00417770 f   UiSelServer.obj
 0001:00016820       ?CloseWindow@KUiSelServer@@SAX_N@Z 00417820 f   UiSelServer.obj
 0001:00016850       ?Initialize@KUiSelServer@@AAEXXZ 00417850 f   UiSelServer.obj
 0001:00016900       ?GetList@KUiSelServer@@AAEXXZ 00417900 f   UiSelServer.obj
 0001:00016a80       ?LoadScheme@KUiSelServer@@AAEXPBD@Z 00417a80 f   UiSelServer.obj
 0001:00016c70       ?WndProc@KUiSelServer@@EAEHIIH@Z 00417c70 f   UiSelServer.obj
 0001:00016d50       ?OnKeyDown@KUiSelServer@@AAEHI@Z 00417d50 f   UiSelServer.obj
 0001:00016f60       ?OnClickButton@KUiSelServer@@AAEXPAVKWndButton@@@Z 00417f60 f   UiSelServer.obj
 0001:00016f90       ?OnSelRegion@KUiSelServer@@AAEXH@Z 00417f90 f   UiSelServer.obj
 0001:000170a0       ?OnLogin@KUiSelServer@@AAEXXZ 004180a0 f   UiSelServer.obj
 0001:00017110       ?OnCancel@KUiSelServer@@AAEXXZ 00418110 f   UiSelServer.obj
 0001:00017130       ?GetIfVisible@KUiChooseFace@@SAPAV1@XZ 00418130 f   UiChooseFace.obj
 0001:00017150       ?OpenWindow@KUiChooseFace@@SAPAV1@H@Z 00418150 f   UiChooseFace.obj
 0001:00017410       ??_GKUiChooseFace@@UAEPAXI@Z 00418410 f i UiChooseFace.obj
 0001:00017410       ??_EKUiChooseFace@@UAEPAXI@Z 00418410 f i UiChooseFace.obj
 0001:00017430       ??1KUiChooseFace@@UAE@XZ   00418430 f i UiChooseFace.obj
 0001:00017680       ?CloseWindow@KUiChooseFace@@SAXXZ 00418680 f   UiChooseFace.obj
 0001:000176b0       ?Initialize@KUiChooseFace@@AAEXXZ 004186b0 f   UiChooseFace.obj
 0001:000178b0       ?LoadScheme@KUiChooseFace@@AAEXPBD@Z 004188b0 f   UiChooseFace.obj
 0001:00017ca0       ?ShowWindow@KUiChooseFace@@AAEXH@Z 00418ca0 f   UiChooseFace.obj
 0001:000180f0       ?WndProc@KUiChooseFace@@EAEHIIH@Z 004190f0 f   UiChooseFace.obj
 0001:00018430       ?OnOK@KUiChooseFace@@AAEXXZ 00419430 f   UiChooseFace.obj
 0001:000184d0       ?PaintWindow@KUiChooseFace@@EAEXXZ 004194d0 f   UiChooseFace.obj
 0001:00018b70       ??0KUiFaceSelector@@AAE@XZ 00419b70 f   UiFaceSelector.obj
 0001:00018c20       ??_EKUiFaceSelector@@EAEPAXI@Z 00419c20 f i UiFaceSelector.obj
 0001:00018c20       ??_GKUiFaceSelector@@EAEPAXI@Z 00419c20 f i UiFaceSelector.obj
 0001:00018c40       ??1KUiFaceSelector@@EAE@XZ 00419c40 f i UiFaceSelector.obj
 0001:00018cb0       ?OpenWindow@KUiFaceSelector@@SAPAV1@PAVKWndWindow@@PAX@Z 00419cb0 f   UiFaceSelector.obj
 0001:00018d70       ?CloseWindow@KUiFaceSelector@@SAX_N@Z 00419d70 f   UiFaceSelector.obj
 0001:00018da0       ?GetIfVisible@KUiFaceSelector@@SAPAV1@XZ 00419da0 f   UiFaceSelector.obj
 0001:00018dc0       ?ConvertFaceText@KUiFaceSelector@@SAHPADPBDH@Z 00419dc0 f   UiFaceSelector.obj
 0001:00018ec0       ?ConvertFace@KUiFaceSelector@@CAHPADAAHPBDH1@Z 00419ec0 f   UiFaceSelector.obj
 0001:00018f60       ?Initialize@KUiFaceSelector@@AAEXXZ 00419f60 f   UiFaceSelector.obj
 0001:00018fc0       ?LoadFaceList@KUiFaceSelector@@SAXXZ 00419fc0 f   UiFaceSelector.obj
 0001:00019110       ?Clear@KUiFaceSelector@@SAXXZ 0041a110 f   UiFaceSelector.obj
 0001:00019150       ?OnSelFace@KUiFaceSelector@@AAEXXZ 0041a150 f   UiFaceSelector.obj
 0001:000191a0       ?WndProc@KUiFaceSelector@@EAEHIIH@Z 0041a1a0 f   UiFaceSelector.obj
 0001:000192b0       ?OnExpandWnd@KUiFaceSelector@@AAEXXZ 0041a2b0 f   UiFaceSelector.obj
 0001:00019310       ?OnUnExpandWnd@KUiFaceSelector@@AAEXXZ 0041a310 f   UiFaceSelector.obj
 0001:00019360       ?LoadScheme@KUiFaceSelector@@QAEXPBD@Z 0041a360 f   UiFaceSelector.obj
 0001:00019650       ?UpdateFaceTip@KUiFaceSelector@@AAEXHH@Z 0041a650 f   UiFaceSelector.obj
 0001:00019700       ?PaintWindow@KUiFaceSelector@@EAEXXZ 0041a700 f   UiFaceSelector.obj
 0001:00019a10       ?Show@KUiFaceSelector@@EAEXXZ 0041aa10 f   UiFaceSelector.obj
 0001:00019a30       ?Hide@KUiFaceSelector@@EAEXXZ 0041aa30 f   UiFaceSelector.obj
 0001:00019a50       ?GetFaceAtPos@KUiFaceSelector@@AAEHHH@Z 0041aa50 f   UiFaceSelector.obj
 0001:00019ae0       ?CreateObject@GameWorld_DateTime@@SAPAVKWndWindow@@XZ 0041aae0 f i UiPlayerBar.obj
 0001:00019b40       ?GetFormatedTimeString@@YAHHPAD@Z 0041ab40 f   UiPlayerBar.obj
 0001:00019bc0       ?GetFormatedTimeString@@YAHPAUtm@@PAD@Z 0041abc0 f   UiPlayerBar.obj
 0001:00019c00       ??0GameWorld_DateTime@@QAE@XZ 0041ac00 f   UiPlayerBar.obj
 0001:00019c60       ??_GGameWorld_DateTime@@UAEPAXI@Z 0041ac60 f i UiPlayerBar.obj
 0001:00019c60       ??_EGameWorld_DateTime@@UAEPAXI@Z 0041ac60 f i UiPlayerBar.obj
 0001:00019c80       ??1GameWorld_DateTime@@UAE@XZ 0041ac80 f i UiPlayerBar.obj
 0001:00019c90       ?OnButtonClick@GameWorld_DateTime@@EAEXXZ 0041ac90 f   UiPlayerBar.obj
 0001:00019cb0       ?Init@GameWorld_DateTime@@UAEHPAVKIniFile@@PBD@Z 0041acb0 f   UiPlayerBar.obj
 0001:00019e50       ?UpdateData@GameWorld_DateTime@@UAEXXZ 0041ae50 f   UiPlayerBar.obj
 0001:00019f80       ?UpdateNetStatus@GameWorld_DateTime@@AAEXXZ 0041af80 f   UiPlayerBar.obj
 0001:0001a0f0       ?Init@KImmediaItem@@UAEHPAVKIniFile@@PBD@Z 0041b0f0 f   UiPlayerBar.obj
 0001:0001a150       ?PaintWindow@KImmediaItem@@UAEXXZ 0041b150 f   UiPlayerBar.obj
 0001:0001a250       ??0KUiPlayerBar@@AAE@XZ    0041b250 f   UiPlayerBar.obj
 0001:0001a480       ??0KImmediaItem@@QAE@XZ    0041b480 f i UiPlayerBar.obj
 0001:0001a4a0       ??_GKImmediaItem@@UAEPAXI@Z 0041b4a0 f i UiPlayerBar.obj
 0001:0001a4a0       ??_EKImmediaItem@@UAEPAXI@Z 0041b4a0 f i UiPlayerBar.obj
 0001:0001a4c0       ??1KImmediaItem@@UAE@XZ    0041b4c0 f i UiPlayerBar.obj
 0001:0001a4d0       ??_GKUiPlayerBar@@EAEPAXI@Z 0041b4d0 f i UiPlayerBar.obj
 0001:0001a4d0       ??_EKUiPlayerBar@@EAEPAXI@Z 0041b4d0 f i UiPlayerBar.obj
 0001:0001a4f0       ??1KUiPlayerBar@@EAE@XZ    0041b4f0 f   UiPlayerBar.obj
 0001:0001a6a0       ?GetIfVisible@KUiPlayerBar@@SAPAV1@XZ 0041b6a0 f   UiPlayerBar.obj
 0001:0001a6c0       ?OpenWindow@KUiPlayerBar@@SAPAV1@XZ 0041b6c0 f   UiPlayerBar.obj
 0001:0001a780       ?UpdateData@KUiPlayerBar@@EAEXXZ 0041b780 f   UiPlayerBar.obj
 0001:0001a880       ?CloseWindow@KUiPlayerBar@@SAX_N@Z 0041b880 f   UiPlayerBar.obj
 0001:0001a8e0       ?LoadScheme@KUiPlayerBar@@SAXPBD@Z 0041b8e0 f   UiPlayerBar.obj
 0001:0001a990       ?LoadScheme@KUiPlayerBar@@AAEXPAVKIniFile@@PBD@Z 0041b990 f   UiPlayerBar.obj
 0001:0001ade0       ?Initialize@KUiPlayerBar@@AAEXXZ 0041bde0 f   UiPlayerBar.obj
 0001:0001afb0       ?WndProc@KUiPlayerBar@@EAEHIIH@Z 0041bfb0 f   UiPlayerBar.obj
 0001:0001b810       ?PaintWindow@KUiPlayerBar@@EAEXXZ 0041c810 f   UiPlayerBar.obj
 0001:0001b8f0       ?PopupChannelMenu@KUiPlayerBar@@AAEXHH@Z 0041c8f0 f   UiPlayerBar.obj
 0001:0001bc70       ?PopupPhraseMenu@KUiPlayerBar@@AAEXHH_N@Z 0041cc70 f   UiPlayerBar.obj
 0001:0001bd30       ?OnSend@KUiPlayerBar@@AAEXH@Z 0041cd30 f   UiPlayerBar.obj
 0001:0001c220       ?IsCanSendMessage@KUiPlayerBar@@SAHPBDHPADH@Z 0041d220 f   UiPlayerBar.obj
 0001:0001c2d0       ?OnSendChannelMessage@KUiPlayerBar@@SAXKPBDH@Z 0041d2d0 f   UiPlayerBar.obj
 0001:0001c390       ?OnDirectSendChannelMessage@KUiPlayerBar@@AAEXKEPBDH@Z 0041d390 f   UiPlayerBar.obj
 0001:0001c440       ?OnSendSomeoneMessage@KUiPlayerBar@@SAXPBD0H@Z 0041d440 f   UiPlayerBar.obj
 0001:0001c520       ?InputRecentMsg@KUiPlayerBar@@AAEX_N@Z 0041d520 f   UiPlayerBar.obj
 0001:0001c5a0       ?OnObjPickedDropped@KUiPlayerBar@@AAEXPAUITEM_PICKDROP_PLACE@@0@Z 0041d5a0 f   UiPlayerBar.obj
 0001:0001c820       ?CanDragObj@KUiPlayerBar@@AAEHI@Z 0041d820 f   UiPlayerBar.obj
 0001:0001c8e0       ?OnUseItem@KUiPlayerBar@@SAXH@Z 0041d8e0 f   UiPlayerBar.obj
 0001:0001c9d0       ?GetChannelIndex@KUiPlayerBar@@AAEHPBD@Z 0041d9d0 f   UiPlayerBar.obj
 0001:0001ca90       ?SetCurrentChannel@KUiPlayerBar@@SAXH@Z 0041da90 f   UiPlayerBar.obj
 0001:0001cbd0       ?InputCurrentChannel@KUiPlayerBar@@AAEXH_N@Z 0041dbd0 f   UiPlayerBar.obj
 0001:0001cc40       ?SwitchChannel@KUiPlayerBar@@SAXH@Z 0041dc40 f   UiPlayerBar.obj
 0001:0001cca0       ?GetCurChannel@KUiPlayerBar@@SAHXZ 0041dca0 f   UiPlayerBar.obj
 0001:0001ccc0       ?UpdateXXXNumber@KUiPlayerBar@@AAEXAAH0@Z 0041dcc0 f   UiPlayerBar.obj
 0001:0001cd80       ?UpdateRuntimeAttribute@KUiPlayerBar@@AAEXAAH0@Z 0041dd80 f   UiPlayerBar.obj
 0001:0001cdf0       ?UpdateItem@KUiPlayerBar@@QAEXHII@Z 0041ddf0 f   UiPlayerBar.obj
 0001:0001ce80       ?UpdateSkill@KUiPlayerBar@@QAEXHII@Z 0041de80 f   UiPlayerBar.obj
 0001:0001ceb0       ?Breathe@KUiPlayerBar@@EAEXXZ 0041deb0 f   UiPlayerBar.obj
 0001:0001d230       ?IsHasCost@KUiPlayerBar@@AAEHEHHHHAAH00@Z 0041e230 f   UiPlayerBar.obj
 0001:0001d390       ?InputNameMsg@KUiPlayerBar@@SAXDPBD_N@Z 0041e390 f   UiPlayerBar.obj
 0001:0001d600       ??Rstring_iless@@QBE_NABV?$basic_string@DU?$char_traits@D@std@@V?$allocator@D@2@@std@@0@Z 0041e600 f i UiPlayerBar.obj
 0001:0001d660       ?FindRecentPlayer@KUiPlayerBar@@SAHPBD@Z 0041e660 f   UiPlayerBar.obj
 0001:0001d6e0       ?GetRecentPlayerName@KUiPlayerBar@@SAPADH@Z 0041e6e0 f   UiPlayerBar.obj
 0001:0001d720       ?AddRecentPlayer@KUiPlayerBar@@SAHPBD@Z 0041e720 f   UiPlayerBar.obj
 0001:0001d830       ?ReplaceSpecialName@KUiPlayerBar@@AAEXPADI0@Z 0041e830 f   UiPlayerBar.obj
 0001:0001d850       ?GetExp@KUiPlayerBar@@SA_NAAH00@Z 0041e850 f   UiPlayerBar.obj
 0001:0001d890       ?LoadPrivateSetting@KUiPlayerBar@@SAHPAVKIniFile@@@Z 0041e890 f   UiPlayerBar.obj
 0001:0001da50       ?SavePrivateSetting@KUiPlayerBar@@SAHPAVKIniFile@@@Z 0041ea50 f   UiPlayerBar.obj
 0001:0001dbb0       ?SetChatItemInfo@KUiPlayerBar@@SAXUKUiChatItemParam@@I@Z 0041ebb0 f   UiPlayerBar.obj
 0001:0001e210       ?SetChatItemInfo@KUiPlayerBar@@SAXFPAD0@Z 0041f210 f   UiPlayerBar.obj
 0001:0001e460       ?SetChatItemPosition@KUiPlayerBar@@SAXFFF_N@Z 0041f460 f   UiPlayerBar.obj
 0001:0001e530       ?ClearChatItem@KUiPlayerBar@@SAXXZ 0041f530 f   UiPlayerBar.obj
 0001:0001e590       ?EncodeChatItemInfo@KUiPlayerBar@@SAXPBDIPAD1@Z 0041f590 f   UiPlayerBar.obj
 0001:0001e950       ?PopupPKMenu@KUiPlayerBar@@SAXFF@Z 0041f950 f   UiPlayerBar.obj
 0001:0001ea50       ?OnChoosePKMenu@KUiPlayerBar@@AAEXE@Z 0041fa50 f   UiPlayerBar.obj
 0001:0001ea70       ?MyMessage@KUiPlayerBar@@SAXPAD@Z 0041fa70 f   UiPlayerBar.obj
 0001:0001eb00       ?_Lbound@?$_Tree@V?$basic_string@DU?$char_traits@D@std@@V?$allocator@D@2@@std@@U?$pair@$$CBV?$basic_string@DU?$char_traits@D@std@@V?$allocator@D@2@@std@@UShortFuncInfo@@@2@U_Kfn@?$map@V?$basic_string@DU?$char_traits@D@std@@V?$allocator@D@2@@std@@UShortFuncInfo@@Ustring_iless@@V?$allocator@UShortFuncInfo@@@2@@2@Ustring_iless@@V?$allocator@UShortFuncInfo@@@2@@std@@IBEPAU_Node@12@ABV?$basic_string@DU?$char_traits@D@std@@V?$allocator@D@2@@2@@Z 0041fb00 f i UiPlayerBar.obj
 0001:0001eb90       ?GetIfVisible@KUiStatus@@SAPAV1@XZ 0041fb90 f   UiStatus.obj
 0001:0001ebb0       ?OpenWindow@KUiStatus@@SAPAV1@XZ 0041fbb0 f   UiStatus.obj
 0001:0001ec70       ??0KUiStatus@@AAE@XZ       0041fc70 f i UiStatus.obj
 0001:0001ef70       ??_GKUiStatus@@EAEPAXI@Z   0041ff70 f i UiStatus.obj
 0001:0001ef70       ??_EKUiStatus@@EAEPAXI@Z   0041ff70 f i UiStatus.obj
 0001:0001ef90       ??1KUiStatus@@EAE@XZ       0041ff90 f i UiStatus.obj
 0001:0001f290       ?CloseWindow@KUiStatus@@SAX_N@Z 00420290 f   UiStatus.obj
 0001:0001f2c0       ?Initialize@KUiStatus@@AAEXXZ 004202c0 f   UiStatus.obj
 0001:0001f580       ?LoadScheme@KUiStatus@@SAXPBD@Z 00420580 f   UiStatus.obj
 0001:0001f630       ?LoadScheme@KUiStatus@@AAEXPAVKIniFile@@@Z 00420630 f   UiStatus.obj
 0001:0001fa20       ?Breathe@KUiStatus@@EAEXXZ 00420a20 f   UiStatus.obj
 0001:000200e0       ?WndProc@KUiStatus@@EAEHIIH@Z 004210e0 f   UiStatus.obj
 0001:00020460       ?UseRemainPoint@KUiStatus@@AAEXW4UI_PLAYER_ATTRIBUTE@@H@Z 00421460 f   UiStatus.obj
 0001:00020520       ?OnDirectAddPoint@KUiStatus@@AAEXH@Z 00421520 f   UiStatus.obj
 0001:000205d0       ?UpdateBaseData@KUiStatus@@QAEXXZ 004215d0 f   UiStatus.obj
 0001:00020640       ?UpdateRuntimeInfo@KUiStatus@@QAEXPAUKUiPlayerRuntimeInfo@@@Z 00421640 f   UiStatus.obj
 0001:000206b0       ?UpdateClientDaTa@KUiStatus@@SAXXZ 004216b0 f   UiStatus.obj
 0001:000206c0       ?UpdateData@KUiStatus@@UAEXXZ 004216c0 f   UiStatus.obj
 0001:00020740       ?UpdateAllEquips@KUiStatus@@QAEXXZ 00421740 f   UiStatus.obj
 0001:000207b0       ?UpdateRuntimeAttribute@KUiStatus@@QAEXPAUKUiPlayerAttribute@@@Z 004217b0 f   UiStatus.obj
 0001:00020a30       ?OnEquiptChanged@KUiStatus@@AAEXPAUITEM_PICKDROP_PLACE@@0@Z 00421a30 f   UiStatus.obj
 0001:00020c50       ?UpdateEquip@KUiStatus@@QAEXPAUKUiObjAtRegion@@H@Z 00421c50 f   UiStatus.obj
 0001:00020cd0       ?OnNpcTradeMode@KUiStatus@@QAEX_N@Z 00421cd0 f   UiStatus.obj
 0001:00020d00       ?UpdateButton@KUiStatus@@SAX_N@Z 00421d00 f   UiStatus.obj
 0001:00020da0       ?OnClickLockBtn@KUiStatus@@AAEXXZ 00421da0 f   UiStatus.obj
 0001:00020e20       ?OnClickUnLockBtn@KUiStatus@@AAEXXZ 00421e20 f   UiStatus.obj
 0001:00020ea0       ?OnClickBindBtn@KUiStatus@@AAEXXZ 00421ea0 f   UiStatus.obj
 0001:00020f80       ?OnClickUnBindBtn@KUiStatus@@AAEXXZ 00421f80 f   UiStatus.obj
 0001:00021060       ?OnBindItem@KUiStatus@@AAEXPAUKUiDraggedObject@@@Z 00422060 f   UiStatus.obj
 0001:000210f0       ?OnUnBindItem@KUiStatus@@AAEXPAUKUiDraggedObject@@@Z 004220f0 f   UiStatus.obj
 0001:00021180       ?OnRepairItem@KUiStatus@@AAEXPAUKUiDraggedObject@@@Z 00422180 f   UiStatus.obj
 0001:00021220       ??0KUiOptions@@AAE@XZ      00422220 f   UiOptions.obj
 0001:00021410       ??_EKUiOptions@@EAEPAXI@Z  00422410 f i UiOptions.obj
 0001:00021410       ??_GKUiOptions@@EAEPAXI@Z  00422410 f i UiOptions.obj
 0001:00021430       ??1KUiOptions@@EAE@XZ      00422430 f i UiOptions.obj
 0001:000215f0       ?GetIfVisible@KUiOptions@@SAPAV1@XZ 004225f0 f   UiOptions.obj
 0001:00021610       ?OpenWindow@KUiOptions@@SAPAV1@PAVKWndWindow@@@Z 00422610 f   UiOptions.obj
 0001:000216c0       ?CloseWindow@KUiOptions@@SAXXZ 004226c0 f   UiOptions.obj
 0001:00021700       ?Initialize@KUiOptions@@AAEXXZ 00422700 f   UiOptions.obj
 0001:00021830       ?LoadScheme@KUiOptions@@SAXPBD@Z 00422830 f   UiOptions.obj
 0001:000218e0       ?LoadScheme@KUiOptions@@AAEXPAVKIniFile@@@Z 004228e0 f   UiOptions.obj
 0001:00021ca0       ?WndProc@KUiOptions@@EAEHIIH@Z 00422ca0 f   UiOptions.obj
 0001:00021e60       ?UpdateSettingSet@KUiOptions@@AAEXH_N@Z 00422e60 f   UiOptions.obj
 0001:00021f70       ?PopupSeleteSetMenu@KUiOptions@@AAEXHH@Z 00422f70 f   UiOptions.obj
 0001:00022080       ?OnScrollBarPosChanged@KUiOptions@@AAEXPAVKWndWindow@@H@Z 00423080 f   UiOptions.obj
 0001:000220d0       ?UpdateAllToggleBtn@KUiOptions@@AAEXXZ 004230d0 f   UiOptions.obj
 0001:000221f0       ?UpdateAllStatusImg@KUiOptions@@AAEXXZ 004231f0 f   UiOptions.obj
 0001:00022260       ?LoadSetting@KUiOptions@@SAX_N0@Z 00423260 f   UiOptions.obj
 0001:00022530       ?StoreSetting@KUiOptions@@AAEXXZ 00423530 f   UiOptions.obj
 0001:000225f0       ?ToggleOption@KUiOptions@@QAEXH@Z 004235f0 f   UiOptions.obj
 0001:000226c0       ?SetMusicValue@KUiOptions@@QAEXH@Z 004236c0 f   UiOptions.obj
 0001:000226f0       ?SetSoundValue@KUiOptions@@QAEXH@Z 004236f0 f   UiOptions.obj
 0001:00022720       ?SetBrightness@KUiOptions@@QAEXH@Z 00423720 f   UiOptions.obj
 0001:00022750       ?OpenWindow@KUiInit@@SAPAV1@_N0@Z 00423750 f   UiInit.obj
 0001:000228f0       ??_GKUiInit@@EAEPAXI@Z     004238f0 f i UiInit.obj
 0001:000228f0       ??_EKUiInit@@EAEPAXI@Z     004238f0 f i UiInit.obj
 0001:00022910       ??1KUiInit@@EAE@XZ         00423910 f i UiInit.obj
 0001:000229f0       ?CloseWindow@KUiInit@@SAXXZ 004239f0 f   UiInit.obj
 0001:00022a20       ?PlayTitleMusic@KUiInit@@SAXXZ 00423a20 f   UiInit.obj
 0001:00022b50       ?StopTitleMusic@KUiInit@@SAXXZ 00423b50 f   UiInit.obj
 0001:00022b70       ?LoadScheme@KUiInit@@AAEXPBD@Z 00423b70 f   UiInit.obj
 0001:00022d10       ?Initialize@KUiInit@@AAEXXZ 00423d10 f   UiInit.obj
 0001:00022dd0       ?WndProc@KUiInit@@EAEHIIH@Z 00423dd0 f   UiInit.obj
 0001:00022e20       ?OnKeyDown@KUiInit@@AAEHI@Z 00423e20 f   UiInit.obj
 0001:00022ef0       ?OnClickButton@KUiInit@@AAEXPAVKWndButton@@@Z 00423ef0 f   UiInit.obj
 0001:00022f80       ?GetActiveBtn@KUiInit@@AAEPAVKWndButton@@XZ 00423f80 f   UiInit.obj
 0001:00022ff0       ?ShowCompleted@KUiInit@@EAEXXZ 00423ff0 f   UiInit.obj
 0001:00023000       ??0KUiTeamBuild@@AAE@XZ    00424000 f   UiTeamBuild.obj
 0001:00023090       ??_GKUiTeamBuild@@EAEPAXI@Z 00424090 f i UiTeamBuild.obj
 0001:00023090       ??_EKUiTeamBuild@@EAEPAXI@Z 00424090 f i UiTeamBuild.obj
 0001:000230b0       ??1KUiTeamBuild@@EAE@XZ    004240b0 f i UiTeamBuild.obj
 0001:00023150       ?OpenWindow@KUiTeamBuild@@SAPAV1@XZ 00424150 f   UiTeamBuild.obj
 0001:000231e0       ?CloseWindow@KUiTeamBuild@@SAX_N@Z 004241e0 f   UiTeamBuild.obj
 0001:00023220       ?Initialize@KUiTeamBuild@@AAEXXZ 00424220 f   UiTeamBuild.obj
 0001:000232b0       ?LoadScheme@KUiTeamBuild@@AAEXPBD@Z 004242b0 f   UiTeamBuild.obj
 0001:00023400       ?OnClickConfirmBtn@KUiTeamBuild@@AAEXXZ 00424400 f   UiTeamBuild.obj
 0001:00023420       ?OnClickCancelBtn@KUiTeamBuild@@AAEXXZ 00424420 f   UiTeamBuild.obj
 0001:00023440       ?WndProc@KUiTeamBuild@@EAEHIIH@Z 00424440 f   UiTeamBuild.obj
 0001:000234d0       ?GetIfVisible@KUiChaPW@@SAPAV1@XZ 004244d0 f   UiChaPW.obj
 0001:000234f0       ?OpenWindow@KUiChaPW@@SAPAV1@XZ 004244f0 f   UiChaPW.obj
 0001:00023630       ??_EKUiChaPW@@EAEPAXI@Z    00424630 f i UiChaPW.obj
 0001:00023630       ??_GKUiChaPW@@EAEPAXI@Z    00424630 f i UiChaPW.obj
 0001:00023650       ??1KUiChaPW@@EAE@XZ        00424650 f i UiChaPW.obj
 0001:00023720       ?CloseWindow@KUiChaPW@@SAXXZ 00424720 f   UiChaPW.obj
 0001:00023750       ?Initialize@KUiChaPW@@AAEXXZ 00424750 f   UiChaPW.obj
 0001:00023800       ?LoadScheme@KUiChaPW@@SAXPBD@Z 00424800 f   UiChaPW.obj
 0001:00023990       ?WndProc@KUiChaPW@@EAEHIIH@Z 00424990 f   UiChaPW.obj
 0001:00023b00       ?OnOk@KUiChaPW@@AAEXXZ     00424b00 f   UiChaPW.obj
 0001:00023b40       ?OnCheckInput@KUiChaPW@@AAEHXZ 00424b40 f   UiChaPW.obj
 0001:00023c50       ?GetIfVisible@KUiCreatPW@@SAPAV1@XZ 00424c50 f   UiCreatPW.obj
 0001:00023c70       ?OpenWindow@KUiCreatPW@@SAPAV1@XZ 00424c70 f   UiCreatPW.obj
 0001:00023d90       ??_EKUiCreatPW@@EAEPAXI@Z  00424d90 f i UiCreatPW.obj
 0001:00023d90       ??_GKUiCreatPW@@EAEPAXI@Z  00424d90 f i UiCreatPW.obj
 0001:00023db0       ??1KUiCreatPW@@EAE@XZ      00424db0 f i UiCreatPW.obj
 0001:00023e60       ?CloseWindow@KUiCreatPW@@SAXXZ 00424e60 f   UiCreatPW.obj
 0001:00023e90       ?Initialize@KUiCreatPW@@AAEXXZ 00424e90 f   UiCreatPW.obj
 0001:00023f20       ?LoadScheme@KUiCreatPW@@SAXPBD@Z 00424f20 f   UiCreatPW.obj
 0001:00024080       ?WndProc@KUiCreatPW@@EAEHIIH@Z 00425080 f   UiCreatPW.obj
 0001:000241a0       ?OnOk@KUiCreatPW@@AAEXXZ   004251a0 f   UiCreatPW.obj
 0001:000241d0       ?OnCheckInput@KUiCreatPW@@AAEHXZ 004251d0 f   UiCreatPW.obj
 0001:000242c0       ?GetIfVisible@KUiExpandItem@@SAPAV1@XZ 004252c0 f   UiExpandItem.obj
 0001:000242e0       ?OpenWindow@KUiExpandItem@@SAPAV1@XZ 004252e0 f   UiExpandItem.obj
 0001:000243c0       ??_EKUiExpandItem@@EAEPAXI@Z 004253c0 f i UiExpandItem.obj
 0001:000243c0       ??_GKUiExpandItem@@EAEPAXI@Z 004253c0 f i UiExpandItem.obj
 0001:000243e0       ??1KUiExpandItem@@EAE@XZ   004253e0 f i UiExpandItem.obj
 0001:00024450       ?CloseWindow@KUiExpandItem@@SAXXZ 00425450 f   UiExpandItem.obj
 0001:00024470       ?Initialize@KUiExpandItem@@AAEXXZ 00425470 f   UiExpandItem.obj
 0001:000244d0       ?UpdateData@KUiExpandItem@@EAEXXZ 004254d0 f   UiExpandItem.obj
 0001:00024550       ?UpdateItem@KUiExpandItem@@QAEXPAUKUiObjAtRegion@@H@Z 00425550 f   UiExpandItem.obj
 0001:000245d0       ?LoadScheme@KUiExpandItem@@SAXPBD@Z 004255d0 f   UiExpandItem.obj
 0001:000246d0       ?WndProc@KUiExpandItem@@EAEHIIH@Z 004256d0 f   UiExpandItem.obj
 0001:00024740       ?PaintWindow@KUiExpandItem@@EAEXXZ 00425740 f   UiExpandItem.obj
 0001:000247d0       ?OnClickItem@KUiExpandItem@@AAEXPAUKUiDraggedObject@@@Z 004257d0 f   UiExpandItem.obj
 0001:000247e0       ?OnItemPickDrop@KUiExpandItem@@AAEXPAUITEM_PICKDROP_PLACE@@0@Z 004257e0 f   UiExpandItem.obj
 0001:000248b0       ??0KUiGetMoney@@AAE@XZ     004258b0 f   UiGetMoney.obj
 0001:00024950       ??_GKUiGetMoney@@EAEPAXI@Z 00425950 f i UiGetMoney.obj
 0001:00024950       ??_EKUiGetMoney@@EAEPAXI@Z 00425950 f i UiGetMoney.obj
 0001:00024970       ??1KUiGetMoney@@EAE@XZ     00425970 f i UiGetMoney.obj
 0001:00024a00       ?OpenWindow@KUiGetMoney@@SAPAV1@HHPAVKWndWindow@@I0@Z 00425a00 f   UiGetMoney.obj
 0001:00024b10       ?CloseWindow@KUiGetMoney@@SAX_N@Z 00425b10 f   UiGetMoney.obj
 0001:00024b50       ?GetIfVisible@KUiGetMoney@@SAPAV1@XZ 00425b50 f   UiGetMoney.obj
 0001:00024b70       ?Show@KUiGetMoney@@AAEXPAVKWndWindow@@@Z 00425b70 f   UiGetMoney.obj
 0001:00024c20       ?Hide@KUiGetMoney@@EAEXXZ  00425c20 f   UiGetMoney.obj
 0001:00024c40       ?Initialize@KUiGetMoney@@AAEHXZ 00425c40 f   UiGetMoney.obj
 0001:00024cc0       ?LoadScheme@KUiGetMoney@@SAXPBD@Z 00425cc0 f   UiGetMoney.obj
 0001:00024df0       ?WndProc@KUiGetMoney@@EAEHIIH@Z 00425df0 f   UiGetMoney.obj
 0001:00024eb0       ?OnOk@KUiGetMoney@@AAEXXZ  00425eb0 f   UiGetMoney.obj
 0001:00024ef0       ?OnCheckInput@KUiGetMoney@@AAEXXZ 00425ef0 f   UiGetMoney.obj
 0001:00024f90       ?OnCancel@KUiGetMoney@@AAEXXZ 00425f90 f   UiGetMoney.obj
 0001:00024fc0       ??0KUiGiveBox@@AAE@XZ      00425fc0 f   UiGiveBox.obj
 0001:00025060       ??_EKUiGiveBox@@EAEPAXI@Z  00426060 f i UiGiveBox.obj
 0001:00025060       ??_GKUiGiveBox@@EAEPAXI@Z  00426060 f i UiGiveBox.obj
 0001:00025080       ??1KUiGiveBox@@EAE@XZ      00426080 f i UiGiveBox.obj
 0001:00025140       ?OpenWindow@KUiGiveBox@@SAPAV1@PBD0PAD@Z 00426140 f   UiGiveBox.obj
 0001:000252a0       ?CloseWindow@KUiGiveBox@@SAX_N@Z 004262a0 f   UiGiveBox.obj
 0001:000252f0       ?GetIfVisible@KUiGiveBox@@SAPAV1@XZ 004262f0 f   UiGiveBox.obj
 0001:00025310       ?Initialize@KUiGiveBox@@AAEXXZ 00426310 f   UiGiveBox.obj
 0001:000253c0       ?LoadScheme@KUiGiveBox@@SAXPBD@Z 004263c0 f   UiGiveBox.obj
 0001:00025540       ?WndProc@KUiGiveBox@@EAEHIIH@Z 00426540 f   UiGiveBox.obj
[...]
 0003:0000e37c       ?m_pSelf@KUiMsgCentrePad@@0PAV1@A 004b837c     UiMsgCentrePad.obj
 0003:0000e380       ?ms_DefaultWidth@KUiMsgCentrePad@@0HA 004b8380     UiMsgCentrePad.obj
 0003:0000e384       ?ms_DefaultHeight@KUiMsgCentrePad@@0HA 004b8384     UiMsgCentrePad.obj
 0003:0000e388       ?m_pSelf@KUiMakeAdv@@0PAV1@A 004b8388     UiMakeAdv.obj
 0003:0000e38c       ?m_pSelf@KUiMarket@@0PAV1@A 004b838c     UiMarket.obj
 0003:0000e390       ?m_pSelf@KUiMarkPrice@@0PAV1@A 004b8390     UiMarkPrice.obj
 0003:0000e394       ?m_pSelf@KUiPlayerShop@@0PAV1@A 004b8394     UiPlayerShop.obj
 0003:0000e398       ?m_pSelf@KUiShop@@0PAV1@A  004b8398     UiShop.obj
 0003:0000e39c       ?m_pSelf@KUiShoppingCart@@0PAV1@A 004b839c     UiShoppingCart.obj
 0003:0000e3a0       ?m_pSelf@KUiTrade@@0PAV1@A 004b83a0     UiTrade.obj
 0003:0000e3a4       ?m_pSelf@KUiTradeConfirm@@0PAV1@A 004b83a4     UiTradeConfirmWnd.obj
 0003:0000e3a8       ?g_WndGameSpace@@3VKUiGameSpace@@A 004b83a8     UiGame.obj
 0003:0000e424       ?m_pSelf@KUiNotification@@0PAV1@A 004b8424     UiNotification.obj
 0003:0000e428       ?m_pSelf@KUiSysMsgCentre@@0PAV1@A 004b8428     UiSysMsgCentre.obj
 0003:0000e42c       ?m_pSelf@KUiCaveMap@@0PAV1@A 004b842c     UiCaveMap.obj
 0003:0000e430       ?m_pSelf@KUiFindPos@@0PAV1@A 004b8430     UiFindPos.obj
 0003:0000e434       ?ms_pSelf@KUiMiniMap@@0PAV1@A 004b8434     UiMiniMap.obj
 0003:0000e43c       ?m_pSelf@KUiWorldMap@@0PAV1@A 004b843c     UiWorldMap.obj
 0003:0000e440       ?m_MenuData@KUiSelColor@@0PAEA 004b8440     UiSelColor.obj
 0003:0000e800       ?m_pSelf@KUiNewPlayerStartMsg@@0PAV1@A 004b8800     UiNewPlayerStartMsg.obj
 0003:0000e804       ?m_pSelf@KUiPlayVideo@@0PAV1@A 004b8804     UiPlayVideo.obj
 0003:0000e808       ?m_pSelf@KUiHelper@@0PAV1@A 004b8808     UiHelper.obj
 0003:0000e80c       ?ms_nImgFrame@KUiHelper@@0HA 004b880c     UiHelper.obj
 0003:0000e810       ?m_pSelf@KUiHelper2@@0PAV1@A 004b8810     UiHelper2.obj
 0003:0000e814       ?m_pSelf@KUiHelperMission@@0PAV1@A 004b8814     UiHelperMission.obj
 0003:0000e818       ?m_pSelf@KReconnectWnd@@0PAV1@A 004b8818     UiReconnect.obj
 0003:0000e81c       ?m_nChangeWorldReconnectTimes@@3HA 004b881c     UiReconnect.obj
 0003:0000e820       ?m_uLastReconnectTick@@3IA 004b8820     UiReconnect.obj
 0003:0000e824       ?m_pSelf@KReviveWnd@@0PAV1@A 004b8824     UiRevive.obj
 0003:0000e828       ?ms_pPersonalRecord@KTaskDataFile@@0PAUKPersonalRecord@1@A 004b8828     UiTaskDataFile.obj
 0003:0000e82c       ?ms_pSystemRecordList@KTaskDataFile@@0PAUKTaskSystemRecordNode@1@A 004b882c     UiTaskDataFile.obj
 0003:0000e830       ?ms_nSystemRecordCount@KTaskDataFile@@0HA 004b8830     UiTaskDataFile.obj
 0003:0000e834       ?m_pSelf@KUiTaskNote@@0PAV1@A 004b8834     UiTaskNote.obj
 0003:0000e838       ?m_pSelf@KUiNewsMessage@@0PAV1@A 004b8838     UiNewsMessage.obj
 0003:0000e83c       ?ms_bEnableIdleMsg@KUiNewsMessage@@0HA 004b883c     UiNewsMessage.obj
 0003:0000e844       ?m_pSelf@KUiNewsMessageEx@@0PAV1@A 004b8844     UiNewsMessageEx.obj
 0003:0000e848       ?ms_bEnableIdleMsg@KUiNewsMessageEx@@0HA 004b8848     UiNewsMessageEx.obj
 0003:0000e850       ?m_IndexIDIni@KUiStrengthRank@@0VKIniFile@@A 004b8850     UiStrengthRank.obj
 0003:0000e8b0       ?m_RankData@KUiStrengthRank@@0V?$KLinkStruct@UKRankNode@@@@A 004b88b0     UiStrengthRank.obj
 0003:0000e8d0       ?m_IndexData@KUiStrengthRank@@0V?$KLinkStruct@UKRankIndexNode@@@@A 004b88d0     UiStrengthRank.obj
 0003:0000e8ec       ?m_pSelf@KUiStrengthRank@@0PAV1@A 004b88ec     UiStrengthRank.obj
 0003:0000e8f0       ?m_bIsIndexDataChange@KUiStrengthRank@@0HA 004b88f0     UiStrengthRank.obj
 0003:0000e8f4       ?m_bIsRankDataChange@KUiStrengthRank@@0HA 004b88f4     UiStrengthRank.obj
 0003:0000e8f8       ?ms_pSelf@KUiPopupPasswordQuery@@0PAV1@A 004b88f8     UiPopupPasswordQuery.obj
 0003:0000e8fc       ?ms_pSelf@KUiTongAssignBox@@0PAV1@A 004b88fc     UiTongAssignBox.obj
 0003:0000e900       ?m_pSelf@KUiTongChangeTitle@@0PAV1@A 004b8900     UiTongChangeTitle.obj
 0003:0000e904       ?ms_pSelf@KUiTongCreateSheet@@0PAV1@A 004b8904     UiTongCreateSheet.obj
 0003:0000e908       ?ms_pSelf@KUiTongInformation@@0PAV1@A 004b8908     UiTongInformation.obj
 0003:0000e910       ?m_TongData@KUiTongManager@@0UKTongInfo@@A 004b8910     UiTongManager.obj
 0003:0000e944       ?ms_pSelf@KUiTongManager@@0PAV1@A 004b8944     UiTongManager.obj
 0003:0000e948       ?m_nElderDataIndex@KUiTongManager@@0HA 004b8948     UiTongManager.obj
 0003:0000e94c       ?m_nMemberDataIndex@KUiTongManager@@0HA 004b894c     UiTongManager.obj
 0003:0000e950       ?m_nCaptainDataIndex@KUiTongManager@@0HA 004b8950     UiTongManager.obj
 0003:0000e954       ?m_pSelf@KUiTongSetTax@@0PAV1@A 004b8954     UiTongSetTax .obj
 0003:0000e958       ?m_pNearbyPlayersList@@3PAUKUiPlayerItem@@A 004b8958     UiAutoPlay.obj
 0003:0000e95c       ?m_pSelf@KUiRecovery@@0PAV1@A 004b895c     UiAutoPlay.obj
 0003:0000e960       ?m_pSelf@KUiPick@@0PAV1@A  004b8960     UiAutoPlay.obj
 0003:0000e964       ?m_pSelf@KUiFight@@0PAV1@A 004b8964     UiAutoPlay.obj
 0003:0000e968       ?m_pSelf@KUiOther@@0PAV1@A 004b8968     UiAutoPlay.obj
 0003:0000e96c       ?m_pSelf@KUiMovePlayer@@0PAV1@A 004b896c     UiAutoPlay.obj
 0003:0000e970       ?m_pSelf@KUiAutoPlay@@0PAV1@A 004b8970     UiAutoPlay.obj
 0003:0000e974       ?m_pSelf@UiMiniBuff@@0PAV1@A 004b8974     UiMiniBuff.obj
 0003:0000e978       ?ms_pSelf@KUiTopTKNew@@0PAV1@A 004b8978     UiTopTKNew.obj
 0003:0000e97c       ?m_pSelf@KUiTrembleItem@@0PAV1@A 004b897c     UiTrembleItem.obj
 0003:0000e980       ?gTrayMode@@3VTrayMode@@A  004b8980     TrayMode.obj
 0003:0000e984       ?m_pSelf@TrayMode@@0PAV1@A 004b8984     TrayMode.obj
 0003:0000e988       ?bFPS@@3HA                 004b8988     TrayMode.obj
 0003:0000eb70       ?s_LNotify@@3UBlacklistNotify@@A 004b8b70     GameSpaceChangedNotify.obj
 0003:0000eb78       ?g_BlackListUserNames@@3V?$map@V?$basic_string@DU?$char_traits@D@std@@V?$allocator@D@2@@std@@V12@U?$less@V?$basic_string@DU?$char_traits@D@std@@V?$allocator@D@2@@std@@@2@V?$allocator@V?$basic_string@DU?$char_traits@D@std@@V?$allocator@D@2@@std@@@2@@std@@A 004b8b78     GameSpaceChangedNotify.obj
 0003:0000ebf8       ?ms_FunsMap@KShortcutKeyCentre@@2V?$map@V?$basic_string@DU?$char_traits@D@std@@V?$allocator@D@2@@std@@UShortFuncInfo@@Ustring_iless@@V?$allocator@UShortFuncInfo@@@2@@std@@A 004b8bf8     ShortcutKey.obj
 0003:0000ec10       ?ms_Script@KShortcutKeyCentre@@0VKLuaScript@@A 004b8c10     ShortcutKey.obj
 0003:0000ec84       ?ms_pCommands@KShortcutKeyCentre@@0PAUCOMMAND_SETTING@@A 004b8c84     ShortcutKey.obj
 0003:0000ec88       ?ms_nCommands@KShortcutKeyCentre@@0HA 004b8c88     ShortcutKey.obj
 0003:0000ec8c       ?ms_Enable@KShortcutKeyCentre@@0_NA 004b8c8c     ShortcutKey.obj
 0003:0000ec8d       ?ms_bMouse@KShortcutKeyCentre@@2_NA 004b8c8d     ShortcutKey.obj
 0003:0000ec90       ?ms_MouseX@KShortcutKeyCentre@@2HA 004b8c90     ShortcutKey.obj
 0003:0000ec94       ?ms_MouseY@KShortcutKeyCentre@@2HA 004b8c94     ShortcutKey.obj
 0003:0000ec98       ?_Nilrefs@?$_Tree@V?$basic_string@DU?$char_traits@D@std@@V?$allocator@D@2@@std@@U?$pair@$$CBV?$basic_string@DU?$char_traits@D@std@@V?$allocator@D@2@@std@@UShortFuncInfo@@@2@U_Kfn@?$map@V?$basic_string@DU?$char_traits@D@std@@V?$allocator@D@2@@std@@UShortFuncInfo@@Ustring_iless@@V?$allocator@UShortFuncInfo@@@2@@2@Ustring_iless@@V?$allocator@UShortFuncInfo@@@2@@std@@1IA 004b8c98     ShortcutKey.obj
 0003:0000ec9c       ?_Nilrefs@?$_Tree@V?$basic_string@DU?$char_traits@D@std@@V?$allocator@D@2@@std@@U?$pair@$$CBV?$basic_string@DU?$char_traits@D@std@@V?$allocator@D@2@@std@@U?$pair@KK@2@@2@U_Kfn@?$map@V?$basic_string@DU?$char_traits@D@std@@V?$allocator@D@2@@std@@U?$pair@KK@2@Ustring_iless@@V?$allocator@U?$pair@KK@std@@@2@@2@Ustring_iless@@V?$allocator@U?$pair@KK@std@@@2@@std@@1IA 004b8c9c     ShortcutKey.obj
 0003:0000eca0       ?_Nil@?$_Tree@V?$basic_string@DU?$char_traits@D@std@@V?$allocator@D@2@@std@@U?$pair@$$CBV?$basic_string@DU?$char_traits@D@std@@V?$allocator@D@2@@std@@U?$pair@KK@2@@2@U_Kfn@?$map@V?$basic_string@DU?$char_traits@D@std@@V?$allocator@D@2@@std@@U?$pair@KK@2@Ustring_iless@@V?$allocator@U?$pair@KK@std@@@2@@2@Ustring_iless@@V?$allocator@U?$pair@KK@std@@@2@@std@@1PAU_Node@12@A 004b8ca0     ShortcutKey.obj
 0003:0000eca8       ?s_ANotify@@3UAddinNotify@@A 004b8ca8     UiBase.obj
 0003:0000ecb0       ?g_UiBase@@3VKUiBase@@A    004b8cb0     UiBase.obj
 0003:0000ed3c       ?g_nWindowNTFlag@@3HA      004b8d3c     UiBase.obj
 0003:0000ed40       ?_Nilrefs@?$_Tree@V?$basic_string@DU?$char_traits@D@std@@V?$allocator@D@2@@std@@U?$pair@$$CBV?$basic_string@DU?$char_traits@D@std@@V?$allocator@D@2@@std@@PAX@2@U_Kfn@?$map@V?$basic_string@DU?$char_traits@D@std@@V?$allocator@D@2@@std@@PAXU?$less@V?$basic_string@DU?$char_traits@D@std@@V?$allocator@D@2@@std@@@2@V?$allocator@PAX@2@@2@U?$less@V?$basic_string@DU?$char_traits@D@std@@V?$allocator@D@2@@std@@@2@V?$allocator@PAX@2@@std@@1IA 004b8d40     UiBase.obj
 0003:0000ed44       ?_Nil@?$_Tree@V?$basic_string@DU?$char_traits@D@std@@V?$allocator@D@2@@std@@U?$pair@$$CBV?$basic_string@DU?$char_traits@D@std@@V?$allocator@D@2@@std@@PAX@2@U_Kfn@?$map@V?$basic_string@DU?$char_traits@D@std@@V?$allocator@D@2@@std@@PAXU?$less@V?$basic_string@DU?$char_traits@D@std@@V?$allocator@D@2@@std@@@2@V?$allocator@PAX@2@@2@U?$less@V?$basic_string@DU?$char_traits@D@std@@V?$allocator@D@2@@std@@@2@V?$allocator@PAX@2@@std@@1PAU_Node@12@A 004b8d44     UiBase.obj
 0003:0000ed6c       ?g_bDisconnect@@3HA        004b8d6c     UiShell.obj
 0003:0000ed80       ?g_ClientCallback@@3UKClientCallback@@A 004b8d80     S3Client.obj
 0003:0000ed88       ?g_ChatFilter@@3VCChatFilter@@A 004b8d88     S3Client.obj
 0003:0000ed90       ?g_libFilterText@@3VCFilterTextLib@@A 004b8d90     S3Client.obj
 0003:0000ed98       ?g_PakList@@3VKPakList@@A  004b8d98     S3Client.obj
 0003:0000ee3c       ?hInst@@3PAUHINSTANCE__@@A 004b8e3c     S3Client.obj
 0003:0000ee40       ?MyApp@@3VKMyApp@@A        004b8e40     S3Client.obj
 0003:0000ef70       ?g_pRepresentShell@@3PAUiRepresentShell@@A 004b8f70     S3Client.obj
 0003:0000ef74       ?g_pIInlinePicSink@@3PAUIInlinePicEngineSink@@A 004b8f74     S3Client.obj
 0003:0000ef78       ?g_pCoreShell@@3PAUiCoreShell@@A 004b8f78     S3Client.obj
 0003:0000ef7c       ?g_pMusic@@3PAVKMusic@@A   004b8f7c     S3Client.obj
 0003:0000ef84       ?g_bRepresent3@@3HA        004b8f84     S3Client.obj
 0003:0000ef90       ?g_NetConnectAgent@@3VKNetConnectAgent@@A 004b8f90     NetConnectAgent.obj
 0003:0000f3b8       ?g_LoginLogic@@3VKLogin@@A 004b93b8     Login.obj
 0003:0000f50c       __dowildcard               004b950c     MSVCRT:wildcard.obj
 0003:0000f510       __newmode                  004b9510     MSVCRT:_newmode.obj
 0003:0000f514       __commode                  004b9514     MSVCRT:xncommod.obj
 0003:0000f518       __fmode                    004b9518     MSVCRT:xtxtmode.obj
 0003:0000f51c       __adjust_fdiv              004b951c     <common>
 0003:0000f520       ___onexitend               004b9520     <common>
 0003:0000f524       ___onexitbegin             004b9524     <common>

 entry point at        0001:0008a9ca

 Static symbols

 0001:00088290       _$E56                      00489290 f   Login.obj
 0001:000882a0       _$E53                      004892a0 f   Login.obj
 0001:000882b0       _$E55                      004892b0 f   Login.obj
 0001:000882c0       _$E54                      004892c0 f   Login.obj
 0001:00088360       _$E59                      00489360 f   Login.obj
 0001:00088370       _$E58                      00489370 f   Login.obj
 0001:00089be0       ?DecodeAddressField@@YAHPBDPADH@Z 0048abe0 f   Login.obj
 0001:00089cb0       ?HexToBytes@@YAHPBDPAEH@Z  0048acb0 f   Login.obj
 0001:00089d50       ?HexToNibble@@YAHD@Z       0048ad50 f   Login.obj
 0001:00087a90       _$E37                      00488a90 f   NetConnectAgent.obj
 0001:00087aa0       _$E34                      00488aa0 f   NetConnectAgent.obj
 0001:00087ab0       _$E36                      00488ab0 f   NetConnectAgent.obj
 0001:00087ac0       _$E35                      00488ac0 f   NetConnectAgent.obj
 0001:00086fd0       _$E58                      00487fd0 f   S3Client.obj
 0001:00086fe0       _$E55                      00487fe0 f   S3Client.obj
 0001:00086ff0       _$E57                      00487ff0 f   S3Client.obj
 0001:00087000       _$E56                      00488000 f   S3Client.obj
 0001:00087090       _$E63                      00488090 f   S3Client.obj
 0001:000870a0       _$E60                      004880a0 f   S3Client.obj
 0001:000870b0       _$E62                      004880b0 f   S3Client.obj
 0001:000870c0       _$E61                      004880c0 f   S3Client.obj
 0001:000870d0       _$E68                      004880d0 f   S3Client.obj
 0001:000870e0       _$E65                      004880e0 f   S3Client.obj
 0001:000870f0       _$E67                      004880f0 f   S3Client.obj
 0001:00087100       _$E66                      00488100 f   S3Client.obj
 0001:00087110       _$E73                      00488110 f   S3Client.obj
 0001:00087120       _$E70                      00488120 f   S3Client.obj
 0001:00087130       _$E72                      00488130 f   S3Client.obj
 0001:00087140       _$E71                      00488140 f   S3Client.obj
 0001:00087150       _$E76                      00488150 f   S3Client.obj
 0001:00087160       _$E75                      00488160 f   S3Client.obj
 0001:00085750       _$E172                     00486750 f   UiShell.obj
 0001:00085760       _$E171                     00486760 f   UiShell.obj
 0001:00081be0       _$E98                      00482be0 f   UiBase.obj
 0001:00081bf0       _$E95                      00482bf0 f   UiBase.obj
 0001:00081c00       _$E97                      00482c00 f   UiBase.obj
 0001:00081c10       _$E96                      00482c10 f   UiBase.obj
 0001:000825c0       ?_KSG_GetWindowVersion@@YAHXZ 004835c0 f   UiBase.obj
 0001:000839d0       _$E101                     004849d0 f   UiBase.obj
 0001:000839e0       _$E100                     004849e0 f   UiBase.obj
 0001:00079170       _$E139                     0047a170 f   ShortcutKey.obj
 0001:00079180       _$E135                     0047a180 f   ShortcutKey.obj
 0001:00079190       _$E138                     0047a190 f   ShortcutKey.obj
 0001:000791a0       _$E136                     0047a1a0 f   ShortcutKey.obj
 0001:000791c0       _$E144                     0047a1c0 f   ShortcutKey.obj
 0001:000791d0       _$E141                     0047a1d0 f   ShortcutKey.obj
 0001:000791f0       _$E143                     0047a1f0 f   ShortcutKey.obj
 0001:00079200       _$E142                     0047a200 f   ShortcutKey.obj
 0001:0007b690       _$E149                     0047c690 f   ShortcutKey.obj
 0001:0007f240       _$E152                     00480240 f   ShortcutKey.obj
 0001:00077ab0       _$E138                     00478ab0 f   GameSpaceChangedNotify.obj
 0001:00077ac0       _$E135                     00478ac0 f   GameSpaceChangedNotify.obj
 0001:00077ae0       _$E137                     00478ae0 f   GameSpaceChangedNotify.obj
 0001:00077af0       _$E136                     00478af0 f   GameSpaceChangedNotify.obj
 0001:00077b00       _$E141                     00478b00 f   GameSpaceChangedNotify.obj
 0001:00077b10       _$E140                     00478b10 f   GameSpaceChangedNotify.obj
 0001:0005afd0       _$E41                      0045bfd0 f   UiStrengthRank.obj
 0001:0005afe0       _$E37                      0045bfe0 f   UiStrengthRank.obj
 0001:0005b010       _$E40                      0045c010 f   UiStrengthRank.obj
 0001:0005b020       _$E38                      0045c020 f   UiStrengthRank.obj
 0001:0005b160       _$E46                      0045c160 f   UiStrengthRank.obj
 0001:0005b170       _$E43                      0045c170 f   UiStrengthRank.obj
 0001:0005b1a0       _$E45                      0045c1a0 f   UiStrengthRank.obj
 0001:0005b1b0       _$E44                      0045c1b0 f   UiStrengthRank.obj
 0001:0005b2f0       _$E51                      0045c2f0 f   UiStrengthRank.obj
 0001:0005b300       _$E48                      0045c300 f   UiStrengthRank.obj
 0001:0005b310       _$E50                      0045c310 f   UiStrengthRank.obj
 0001:0005b320       _$E49                      0045c320 f   UiStrengthRank.obj
 0001:0004f790       _$E77                      00450790 f   UiGame.obj
 0001:0004f7a0       _$E74                      004507a0 f   UiGame.obj
 0001:0004f7b0       _$E76                      004507b0 f   UiGame.obj
 0001:0004f7c0       _$E75                      004507c0 f   UiGame.obj
 0001:0003f440       _$E10                      00440440 f   UiInformation3.obj
 0001:0003f450       _$E7                       00440450 f   UiInformation3.obj
 0001:0003f460       _$E9                       00440460 f   UiInformation3.obj
 0001:0003f470       _$E8                       00440470 f   UiInformation3.obj
 0001:0003ee40       _$E10                      0043fe40 f   UiInformation2.obj
 0001:0003ee50       _$E7                       0043fe50 f   UiInformation2.obj
 0001:0003ee60       _$E9                       0043fe60 f   UiInformation2.obj
 0001:0003ee70       _$E8                       0043fe70 f   UiInformation2.obj
 0001:0003e900       _$E10                      0043f900 f   UiInformation.obj
 0001:0003e910       _$E7                       0043f910 f   UiInformation.obj
 0001:0003e920       _$E9                       0043f920 f   UiInformation.obj
 0001:0003e930       _$E8                       0043f930 f   UiInformation.obj
 0001:0003d010       _$E37                      0043e010 f   UiChatPhrase.obj
 0001:0003d020       _$E34                      0043e020 f   UiChatPhrase.obj
 0001:0003d030       _$E36                      0043e030 f   UiChatPhrase.obj
 0001:0003d040       _$E35                      0043e040 f   UiChatPhrase.obj
 0001:00034ce0       _$E57                      00435ce0 f   UiChatCentre.obj
 0001:00034cf0       _$E56                      00435cf0 f   UiChatCentre.obj
 0001:00026e90       _$E35                      00427e90 f   UiKeyBoard.obj
 0001:00026ea0       _$E32                      00427ea0 f   UiKeyBoard.obj
 0001:00026eb0       _$E34                      00427eb0 f   UiKeyBoard.obj
 0001:00026ec0       _$E33                      00427ec0 f   UiKeyBoard.obj
 0001:00026ed0       _$E41                      00427ed0 f   UiKeyBoard.obj
 0001:00026ee0       _$E38                      00427ee0 f   UiKeyBoard.obj
 0001:00026ef0       _$E40                      00427ef0 f   UiKeyBoard.obj
 0001:00026f00       _$E39                      00427f00 f   UiKeyBoard.obj
 0001:00010900       _$E56                      00411900 f   Wnds.obj
 0001:00010910       _$E53                      00411910 f   Wnds.obj
 0001:00010a00       _$E55                      00411a00 f   Wnds.obj
 0001:00010a10       _$E54                      00411a10 f   Wnds.obj
 0001:00011200       ?Wnd_GetActive@@YAPAVKWndWindow@@HH_N@Z 00412200 f   Wnds.obj
 0001:00006740       _$E4                       00407740 f   WndEdit.obj
 0001:00006750       _$E1                       00407750 f   WndEdit.obj
 0001:00006760       _$E3                       00407760 f   WndEdit.obj
 0001:00006770       _$E2                       00407770 f   WndEdit.obj
 0001:000031a0       _$E28                      004041a0 f   SpaceOver.obj
 0001:000031b0       _$E27                      004041b0 f   SpaceOver.obj
 0001:00000fe0       _$E28                      00401fe0 f   MouseHover.obj
 0001:00000ff0       _$E27                      00401ff0 f   MouseHover.obj
 0001:000000b0       _$E2                       004010b0 f   ComWindow.obj
 0001:000000c0       _$E1                       004010c0 f   ComWindow.obj
 0001:0008a872       ?ArrayUnwindFilter@@YAHPAU_EXCEPTION_POINTERS@@@Z 0048b872 f   MSVCRT:ehvecdtr.obj
