 CoreServer

 Timestamp is 6951d917 (Sun Dec 28 20:27:51 2025)

 Preferred load address is 10000000

 Start         Length     Name                   Class
 0001:00000000 00083902H .text                   CODE
 0001:00083910 0000286dH .text$x                 CODE
 0002:00000000 00000350H .idata$5                DATA
 0002:00000350 0000b600H .rdata                  DATA
 0002:0000b950 000006ecH .rdata$r                DATA
 0002:0000c040 00003750H .xdata$x                DATA
 0002:0000f790 0000008cH .idata$2                DATA
 0002:0000f81c 00000014H .idata$3                DATA
 0002:0000f830 00000350H .idata$4                DATA
 0002:0000fb80 000011eeH .idata$6                DATA
 0002:00010d70 00001c54H .edata                  DATA
 0003:00000000 00000004H .CRT$XCA                DATA
 0003:00000004 000002a4H .CRT$XCU                DATA
 0003:000002a8 00000004H .CRT$XCZ                DATA
 0003:000002ac 00000004H .CRT$XIA                DATA
 0003:000002b0 0000000cH .CRT$XIC                DATA
 0003:000002bc 00000004H .CRT$XIY                DATA
 0003:000002c0 00000004H .CRT$XIZ                DATA
 0003:000002c4 00000004H .CRT$XPA                DATA
 0003:000002c8 00000004H .CRT$XPX                DATA
 0003:000002cc 00000004H .CRT$XPZ                DATA
 0003:000002d0 00000004H .CRT$XTA                DATA
 0003:000002d4 00000004H .CRT$XTB                DATA
 0003:000002d8 00000004H .CRT$XTZ                DATA
 0003:000002e0 00008300H .data                   DATA
 0003:000085e0 282a91acH .bss                    DATA

  Address         Publics by Value              Rva+Base     Lib:Object

 0001:00000000       ??_H@YGXPAXIHP6EX0@Z@Z     10001000 f i KPartnerSkill.obj
 0001:00000060       ?id@?$ctype@G@std@@$E      10001060 f i KPartnerSkill.obj
 0001:000000a0       ?GetMoney@KInventory@@QAEHXZ 100010a0 f i KThiefSkill.obj
 0001:000000b0       ?SetMoney@KInventory@@QAEHH@Z 100010b0 f i KThiefSkill.obj
 0001:000000d0       ??4KInventory@@QAEAAV0@ABV0@@Z 100010d0 f i KThiefSkill.obj
 0001:00000100       ?GetBuildItem@KItemList@@QAEHH@Z 10001100 f i KThiefSkill.obj
 0001:00000110       ?GetEquipment@KItemList@@QBEHH@Z 10001110 f i KThiefSkill.obj
 0001:00000120       ?GetMoney@KItemList@@QAEHH@Z 10001120 f i KThiefSkill.obj
 0001:00000140       ?Hand@KItemList@@QAEHXZ    10001140 f i KThiefSkill.obj
 0001:00000150       ?GetMaskLock@KItemList@@QAEHXZ 10001150 f i KThiefSkill.obj
 0001:00000160       ?GetItemCount@KItemList@@QAEHXZ 10001160 f i KThiefSkill.obj
 0001:00000170       ??4KItemList@@QAEAAV0@ABV0@@Z 10001170 f i KThiefSkill.obj
 0001:00000190       ??0KThiefSkill@@QAE@XZ     10001190 f   KThiefSkill.obj
 0001:000001c0       ?GetSkillCostType@KThiefSkill@@UBE?AW4NPCATTRIB@@XZ 100011c0 f i KThiefSkill.obj
 0001:000001d0       ?GetAttackRadius@KThiefSkill@@UBEHXZ 100011d0 f i KThiefSkill.obj
 0001:000001e0       ?IsTargetOnly@KThiefSkill@@UBEHXZ 100011e0 f i KThiefSkill.obj
 0001:000001f0       ?IsTargetSelf@KThiefSkill@@UBEHXZ 100011f0 f i KThiefSkill.obj
 0001:00000200       ?IsTargetEnemy@KThiefSkill@@UBEHXZ 10001200 f i KThiefSkill.obj
 0001:00000210       ?IsTargetAlly@KThiefSkill@@UBEHXZ 10001210 f i KThiefSkill.obj
 0001:00000220       ?IsTargetObj@KThiefSkill@@UBEHXZ 10001220 f i KThiefSkill.obj
 0001:00000230       ??_EKThiefSkill@@UAEPAXI@Z 10001230 f i KThiefSkill.obj
 0001:00000230       ??_GKThiefSkill@@UAEPAXI@Z 10001230 f i KThiefSkill.obj
 0001:00000250       ??1KThiefSkill@@UAE@XZ     10001250 f   KThiefSkill.obj
 0001:00000260       ?GetSkillId@KThiefSkill@@UAEHXZ 10001260 f   KThiefSkill.obj
 0001:00000270       ?GetSkillName@KThiefSkill@@UAEPBDXZ 10001270 f   KThiefSkill.obj
 0001:00000280       ?GetSkillStyle@KThiefSkill@@UAEHXZ 10001280 f   KThiefSkill.obj
 0001:00000290       ?LoadSkillLevelData@KThiefSkill@@UAEXKH@Z 10001290 f   KThiefSkill.obj
 0001:000002a0       ?DoSkill@KThiefSkill@@QAEHPAVKNpc@@HH@Z 100012a0 f   KThiefSkill.obj
 0001:000002f0       ?Cast_Redress@KThiefSkill@@AAEHPAVKPlayer@@0@Z 100012f0 f   KThiefSkill.obj
 0001:000004f0       ?Cast_ShowLife@KThiefSkill@@AAEHPAVKPlayer@@0@Z 100014f0 f   KThiefSkill.obj
 0001:00000580       ?Cast_ShowMana@KThiefSkill@@AAEHPAVKPlayer@@0@Z 10001580 f   KThiefSkill.obj
 0001:00000610       ?Cast_ShowMoney@KThiefSkill@@AAEHPAVKPlayer@@0@Z 10001610 f   KThiefSkill.obj
 0001:00000690       ?Cast_RunScript@KThiefSkill@@AAEHPAVKPlayer@@0@Z 10001690 f   KThiefSkill.obj
 0001:000006c0       ?Cast@KThiefSkill@@QAEHPAVKPlayer@@0@Z 100016c0 f   KThiefSkill.obj
 0001:00000740       ?OnSkill@KThiefSkill@@QAEHPAVKNpc@@@Z 10001740 f   KThiefSkill.obj
 0001:00000820       ?CanCastSkill@KThiefSkill@@UBEHHAAH0@Z 10001820 f   KThiefSkill.obj
 0001:000008f0       ?LoadSetting@KThiefSkill@@QAEHPAD@Z 100018f0 f   KThiefSkill.obj
 0001:00000ae0       ?GetSkillCost@KThiefSkill@@UBEHPAX@Z 10001ae0 f   KThiefSkill.obj
 0001:00000b30       ?IsAura@ISkill@@UBEHXZ     10001b30 f i KThiefSkill.obj
 0001:00000b40       ?IsPhysical@ISkill@@UBEHXZ 10001b40 f i KThiefSkill.obj
 0001:00000b50       ?GetSkillAttrib@ISkill@@UBEFXZ 10001b50 f i KThiefSkill.obj
 0001:00000b60       ?IsExpSkill@ISkill@@UBEHXZ 10001b60 f i KThiefSkill.obj
 0001:00000b70       ?GetSkillLevelUpScriptId@ISkill@@UBEKXZ 10001b70 f i KThiefSkill.obj
 0001:00000b80       ??_GISkill@@UAEPAXI@Z      10001b80 f i KThiefSkill.obj
 0001:00000b80       ??_EISkill@@UAEPAXI@Z      10001b80 f i KThiefSkill.obj
 0001:00000ba0       ??0KMissleSet@@QAE@XZ      10001ba0 f i KMissle.obj
 0001:00000bb0       ??4KMissleSet@@QAEAAV0@ABV0@@Z 10001bb0 f i KMissle.obj
 0001:00000be0       ??1KMissleSet@@QAE@XZ      10001be0 f i KMissle.obj
 0001:00000cf0       ??0KMissle@@QAE@XZ         10001cf0 f   KMissle.obj
 0001:00000d60       ??_EKMissle@@UAEPAXI@Z     10001d60 f i KMissle.obj
 0001:00000d60       ??_GKMissle@@UAEPAXI@Z     10001d60 f i KMissle.obj
 0001:00000d80       ?Release@KMissle@@AAEXXZ   10001d80 f   KMissle.obj
 0001:00000dd0       ??1KMissle@@UAE@XZ         10001dd0 f   KMissle.obj
 0001:00000de0       ??_EKNode@@UAEPAXI@Z       10001de0 f i KMissle.obj
 0001:00000de0       ??_GKNode@@UAEPAXI@Z       10001de0 f i KMissle.obj
 0001:00000e00       ?GetInfoFromTabFile@KMissle@@QAEHH@Z 10001e00 f   KMissle.obj
 0001:00000e20       ?GetInfoFromTabFile@KMissle@@QAEHPAVKITabFile@@H@Z 10001e20 f   KMissle.obj
 0001:00001030       ?Init@KMissle@@AAEHHHHHH@Z 10002030 f   KMissle.obj
 0001:00001040       ?Activate@KMissle@@QAEHXZ  10002040 f   KMissle.obj
 0001:00001280       ?OnWait@KMissle@@AAEXXZ    10002280 f   KMissle.obj
 0001:00001290       ?OnCollision@KMissle@@AAEXXZ 10002290 f   KMissle.obj
 0001:000012a0       ?CheckCollision@KMissle@@AAEHXZ 100022a0 f   KMissle.obj
 0001:00001460       ?OnFly@KMissle@@AAEXXZ     10002460 f   KMissle.obj
 0001:00001d60       ?OnVanish@KMissle@@AAEXXZ  10002d60 f   KMissle.obj
 0001:00001d70       ?CheckBeyondRegion@KMissle@@AAEHHH@Z 10002d70 f   KMissle.obj
 0001:00002000       ??4KMissle@@AAEAAV0@AAV0@@Z 10003000 f   KMissle.obj
 0001:00002170       ?ProcessDamage@KMissle@@AAEHH@Z 10003170 f   KMissle.obj
 0001:00002610       ?DoVanish@KMissle@@AAEXXZ  10003610 f   KMissle.obj
 0001:000026b0       ?DoCollision@KMissle@@AAEXXZ 100036b0 f   KMissle.obj
 0001:00002730       ?DoFly@KMissle@@AAEXXZ     10003730 f   KMissle.obj
 0001:00002750       ?GetOffsetAxis@KMissle@@SAHHHHHHHAAH00@Z 10003750 f   KMissle.obj
 0001:00002880       ?ProcessCollision@KMissle@@AAEHHHHHHH@Z 10003880 f   KMissle.obj
 0001:000029f0       ?ProcessCollision@KMissle@@AAEHXZ 100039f0 f   KMissle.obj
 0001:00002a30       ?DoWait@KMissle@@AAEXXZ    10003a30 f   KMissle.obj
 0001:00002a40       ?PrePareFly@KMissle@@AAEHXZ 10003a40 f   KMissle.obj
 0001:00002ca0       ?CheckNearestCollision@KMissle@@AAEHXZ 10003ca0 f   KMissle.obj
 0001:00002e60       ?FindNearestCollision@KMissle@@AAEHHH@Z 10003e60 f   KMissle.obj
 0001:00002f30       ?GetMpsPos@KMissle@@QAEXPAH0@Z 10003f30 f   KMissle.obj
 0001:00002f80       ??_GKIndexNode@@UAEPAXI@Z  10003f80 f i KMissle.obj
 0001:00002f80       ??_EKIndexNode@@UAEPAXI@Z  10003f80 f i KMissle.obj
 0001:00002fa0       ??1KIndexNode@@UAE@XZ      10003fa0 f i KMissle.obj
 0001:00002fb0       ?Send@KWorldMsg@@QAEHKHHH@Z 10003fb0 f i KMissle.obj
 0001:00003020       ??_GKWorldMsgNode@@UAEPAXI@Z 10004020 f i KMissle.obj
 0001:00003020       ??_EKWorldMsgNode@@UAEPAXI@Z 10004020 f i KMissle.obj
 0001:00003040       ??1KWorldMsgNode@@UAE@XZ   10004040 f i KMissle.obj
 0001:000030f0       ?Init@KMissleSet@@QAEXXZ   100040f0 f   KMissleSet.obj
 0001:00003140       ?FindFree@KMissleSet@@QAEHXZ 10004140 f   KMissleSet.obj
 0001:00003150       ?Add@KMissleSet@@QAEHHHHHHH@Z 10004150 f   KMissleSet.obj
 0001:000031f0       ?Add@KMissleSet@@QAEHHHH@Z 100041f0 f   KMissleSet.obj
 0001:00003340       ?CreateMissile@KMissleSet@@QAEHHHHHHHHH@Z 10004340 f   KMissleSet.obj
 0001:00003370       ?Activate@KMissleSet@@QAEHXZ 10004370 f   KMissleSet.obj
 0001:000033a0       ?Remove@KMissleSet@@QAEXH@Z 100043a0 f   KMissleSet.obj
 0001:000033f0       ?Draw@KMissleSet@@QAEXXZ   100043f0 f   KMissleSet.obj
 0001:00003400       ?GetCount@KMissleSet@@QAEHXZ 10004400 f   KMissleSet.obj
 0001:00003420       ?ClearMissles@KMissleSet@@QAEXXZ 10004420 f   KMissleSet.obj
 0001:00003480       ??0KSkillList@@QAE@XZ      10004480 f   KSkillList.obj
 0001:000034b0       ??1KSkillList@@QAE@XZ      100044b0 f   KSkillList.obj
 0001:000034c0       ?FindSame@KSkillList@@QAEHH@Z 100044c0 f   KSkillList.obj
 0001:000034f0       ?FindFree@KSkillList@@QAEHXZ 100044f0 f   KSkillList.obj
 0001:00003510       ?SetNpcSkill@KSkillList@@QAEXHHH@Z 10004510 f   KSkillList.obj
 0001:000035a0       ?RemoveNpcSkill@KSkillList@@QAEXH@Z 100045a0 f   KSkillList.obj
 0001:000035d0       ?GetCount@KSkillList@@QAEHXZ 100045d0 f   KSkillList.obj
 0001:000035f0       ?IncreaseLevel@KSkillList@@QAEHHHH@Z 100045f0 f   KSkillList.obj
 0001:000036f0       ?Add@KSkillList@@QAEHHH_N@Z 100046f0 f   KSkillList.obj
 0001:00003850       ?Remove@KSkillList@@QAEXH@Z 10004850 f   KSkillList.obj
 0001:000038e0       ?GetLevel@KSkillList@@QAEHH@Z 100048e0 f   KSkillList.obj
 0001:00003910       ?GetCurrentLevel@KSkillList@@QAEHH@Z 10004910 f   KSkillList.obj
 0001:00003940       ?GetPointAdd@KSkillList@@QAEDH@Z 10004940 f   KSkillList.obj
 0001:00003970       ?CanCast@KSkillList@@QAEHHK@Z 10004970 f   KSkillList.obj
 0001:000039c0       ?SetNextCastTime@KSkillList@@QAEXHK@Z 100049c0 f   KSkillList.obj
 0001:000039f0       ?SetMaxCastTime@KSkillList@@QAEXHK@Z 100049f0 f   KSkillList.obj
 0001:00003a20       ?GetEnhanceSkills@KSkillList@@QAEHH@Z 10004a20 f   KSkillList.obj
 0001:00003ab0       ?UpdateDBSkillList@KSkillList@@QAEHPAE@Z 10004ab0 f   KSkillList.obj
 0001:00003b00       ?ClearSkillLevel@KSkillList@@QAEH_N@Z 10004b00 f   KSkillList.obj
 0001:00003b90       ?SetNpcSkill120@KSkillList@@QAEXHH@Z 10004b90 f   KSkillList.obj
 0001:00003bc0       ?AddExpSkill120@KSkillList@@QAEXH@Z 10004bc0 f   KSkillList.obj
 0001:00003ef0       ?IncreaseSkill120@KSkillList@@QAEXXZ 10004ef0 f   KSkillList.obj
 0001:00003fc0       ?IsAddExp@KSkillList@@QAEHH@Z 10004fc0 f   KSkillList.obj
 0001:000040b0       ??0KSkillManager@@QAE@XZ   100050b0 f   KSkillManager.obj
 0001:000040c0       ??1KSkillManager@@QAE@XZ   100050c0 f   KSkillManager.obj
 0001:00004100       ?Init@KSkillManager@@QAEHXZ 10005100 f   KSkillManager.obj
 0001:000042c0       ?InstanceSkill@KSkillManager@@AAEPAVISkill@@KK@Z 100052c0 f   KSkillManager.obj
 0001:00004430       ??4KSkill@@QAEAAV0@ABV0@@Z 10005430 f i KSkillManager.obj
 0001:00004830       ??0KSkill@@QAE@XZ          10005830 f   KSkills.obj
 0001:00004950       ??_EKSkill@@UAEPAXI@Z      10005950 f i KSkills.obj
 0001:00004950       ??_GKSkill@@UAEPAXI@Z      10005950 f i KSkills.obj
 0001:00004970       ??1KSkill@@UAE@XZ          10005970 f   KSkills.obj
 0001:00004980       ?CanCastSkill@KSkill@@UBEHHAAH0@Z 10005980 f   KSkills.obj
 0001:00004b60       ?Cast@KSkill@@QBEHHHHHW4eSkillLauncherType@@H@Z 10005b60 f   KSkills.obj
 0001:00004d70       ?Vanish@KSkill@@ABEXPAVKMissle@@@Z 10005d70 f   KSkills.obj
 0001:00004d80       ?OnMissleEvent@KSkill@@QBEHGPAVKMissle@@@Z 10005d80 f   KSkills.obj
 0001:00004fb0       ?FlyEvent@KSkill@@ABEXPAVKMissle@@@Z 10005fb0 f   KSkills.obj
 0001:00004fc0       ?Collidsion@KSkill@@ABEXPAVKMissle@@@Z 10005fc0 f   KSkills.obj
 0001:00004fd0       ?CastMissles@KSkill@@ABEHHHHHW4eSkillLauncherType@@@Z 10005fd0 f   KSkills.obj
 0001:00006830       ?qsqrt@@YAMM@Z             10007830 f i KSkills.obj
 0001:00006860       ?g_GetDistance@@YAHHHHH@Z  10007860 f i KSkills.obj
 0001:000068d0       ?CastZone@KSkill@@ABEHPAUTOrdinSkillParam@@HHHHH@Z 100078d0 f   KSkills.obj
 0001:00006e30       ?CastLine@KSkill@@ABEHPAUTOrdinSkillParam@@HHHHH@Z 10007e30 f   KSkills.obj
 0001:00007280       ?CastExtractiveLineMissle@KSkill@@ABEHPAUTOrdinSkillParam@@HHHHHHH@Z 10008280 f   KSkills.obj
 0001:00007670       ?CastWall@KSkill@@ABEHPAUTOrdinSkillParam@@HHHHH@Z 10008670 f   KSkills.obj
 0001:00007b60       ?CastCircle@KSkill@@ABEHPAUTOrdinSkillParam@@HHH@Z 10008b60 f   KSkills.obj
 0001:00007ef0       ?CastSpread@KSkill@@ABEHPAUTOrdinSkillParam@@HHH@Z 10008ef0 f   KSkills.obj
 0001:00008450       ?GetChildSkillNum@KSkill@@QBEHH@Z 10009450 f   KSkills.obj
 0001:00008460       ?CreateMissle@KSkill@@ABEXHHH@Z 10009460 f   KSkills.obj
 0001:00008660       ?GetInfoFromTabFile@KSkill@@QAEHH@Z 10009660 f   KSkills.obj
 0001:00008680       ?GetInfoFromTabFile@KSkill@@QAEHPAVKITabFile@@H@Z 10009680 f   KSkills.obj
 0001:00008c60       ?LoadSkillLevelData@KSkill@@UAEXKH@Z 10009c60 f   KSkills.obj
 0001:00008ea0       ?CreateMissleMagicAttribsData@KSkill@@QBEPAVKMissleMagicAttribsData@@H@Z 10009ea0 f   KSkills.obj
 0001:00008fd0       ?GetMissleGenerateTime@KSkill@@QBEIH@Z 10009fd0 f   KSkills.obj
 0001:000090d0       ?GetSkillIdFromName@KSkill@@SAHPAD@Z 1000a0d0 f   KSkills.obj
 0001:00009170       ?CastInitiativeSkill@KSkill@@ABEHHHHH@Z 1000a170 f   KSkills.obj
 0001:00009210       ?CastInitiativeSkill@KSkill@@ABEXHH@Z 1000a210 f   KSkills.obj
 0001:00009330       ?CastPassivitySkill@KSkill@@ABEHHHHHH@Z 1000a330 f   KSkills.obj
 0001:000093f0       ?CastStateSkill@KSkill@@QBEHHHHHH@Z 1000a3f0 f   KSkills.obj
 0001:00009440       ?ParseString2MagicAttrib@KSkill@@AAEHKPAD0@Z 1000a440 f   KSkills.obj
 0001:00009bf0       ?IsTargetOnly@KSkill@@UBEHXZ 1000abf0 f i KSkills.obj
 0001:00009c00       ?IsTargetSelf@KSkill@@UBEHXZ 1000ac00 f i KSkills.obj
 0001:00009c10       ?IsTargetEnemy@KSkill@@UBEHXZ 1000ac10 f i KSkills.obj
 0001:00009c20       ?IsTargetAlly@KSkill@@UBEHXZ 1000ac20 f i KSkills.obj
 0001:00009c30       ?IsTargetObj@KSkill@@UBEHXZ 1000ac30 f i KSkills.obj
 0001:00009c40       ?GetSkillLevelUpScriptId@KSkill@@UBEKXZ 1000ac40 f i KSkills.obj
 0001:00009c50       ?GetSkillName@KSkill@@UAEPBDXZ 1000ac50 f i KSkills.obj
 0001:00009c60       ?GetSkillStyle@KSkill@@UAEHXZ 1000ac60 f i KSkills.obj
 0001:00009c70       ?GetAttackRadius@KSkill@@UBEHXZ 1000ac70 f i KSkills.obj
 0001:00009c80       ?GetSkillCost@KSkill@@UBEHPAX@Z 1000ac80 f i KSkills.obj
 0001:00009c90       ?GetSkillCostType@KSkill@@UBE?AW4NPCATTRIB@@XZ 1000ac90 f i KSkills.obj
 0001:00009ca0       ?GetSkillId@KSkill@@UAEHXZ 1000aca0 f i KSkills.obj
 0001:00009cb0       ?IsAura@KSkill@@UBEHXZ     1000acb0 f i KSkills.obj
 0001:00009cc0       ?IsPhysical@KSkill@@UBEHXZ 1000acc0 f i KSkills.obj
 0001:00009cd0       ?GetSkillAttrib@KSkill@@UBEFXZ 1000acd0 f i KSkills.obj
 0001:00009ce0       ?IsExpSkill@KSkill@@UBEHXZ 1000ace0 f i KSkills.obj
 0001:00009d80       ?Init@KFaction@@QAEHXZ     1000ad80 f   KFaction.obj
 0001:0000a230       ?GetID@KFaction@@QAEHHH@Z  1000b230 f   KFaction.obj
 0001:0000a260       ?GetID@KFaction@@QAEHHPAD@Z 1000b260 f   KFaction.obj
 0001:0000a2f0       ?GetCamp@KFaction@@QAEHH@Z 1000b2f0 f   KFaction.obj
 0001:0000a420       ??1KNpc@@QAE@XZ            1000b420 f i KNpc.obj
 0001:0000a480       ??1KList@@QAE@XZ           1000b480 f i KNpc.obj
 0001:0000a490       ??0KNpc@@QAE@XZ            1000b490 f   KNpc.obj
 0001:0000a730       ??1KNode@@UAE@XZ           1000b730 f i KNpc.obj
 0001:0000a740       ??0KNode@@QAE@XZ           1000b740 f i KNpc.obj
 0001:0000a760       ??0KMagicAttrib@@QAE@XZ    1000b760 f i KNpc.obj
 0001:0000a780       ?Init@KNpc@@QAEXXZ         1000b780 f   KNpc.obj
 0001:0000ab50       ?GetActiveSkill@KNpc@@QAEPAVISkill@@XZ 1000bb50 f   KNpc.obj
 0001:0000abe0       ?SetCurrentCamp@KNpc@@QAEXH@Z 1000bbe0 f   KNpc.obj
 0001:0000ad40       ?SetCamp@KNpc@@QAEXH@Z     1000bd40 f   KNpc.obj
 0001:0000aea0       ?RestoreCurrentCamp@KNpc@@QAEXXZ 1000bea0 f   KNpc.obj
 0001:0000b000       ?Activate@KNpc@@QAEXXZ     1000c000 f   KNpc.obj
 0001:0000b1f0       ?ProcStatus@KNpc@@QAEXXZ   1000c1f0 f   KNpc.obj
 0001:0000b2d0       ?ProcCommand@KNpc@@QAEXH@Z 1000c2d0 f   KNpc.obj
 0001:0000b5e0       ?ProcessState@KNpc@@QAEHXZ 1000c5e0 f   KNpc.obj
 0001:0000c2e0       ?DoDeath@KNpc@@AAEXHH@Z    1000d2e0 f   KNpc.obj
 0001:0000c530       ?OnDeath@KNpc@@AAEXXZ      1000d530 f   KNpc.obj
 0001:0000c7f0       ?DoDefense@KNpc@@AAEXXZ    1000d7f0 f   KNpc.obj
 0001:0000c800       ?OnDefense@KNpc@@AAEXXZ    1000d800 f   KNpc.obj
 0001:0000c810       ?DoIdle@KNpc@@AAEXXZ       1000d810 f   KNpc.obj
 0001:0000c830       ?OnIdle@KNpc@@AAEXXZ       1000d830 f   KNpc.obj
 0001:0000c840       ?DoHurt@KNpc@@AAEXHHH@Z    1000d840 f   KNpc.obj
 0001:0000ca70       ?OnHurt@KNpc@@AAEXXZ       1000da70 f   KNpc.obj
 0001:0000cac0       ?DoSpecial1@KNpc@@AAEXXZ   1000dac0 f   KNpc.obj
 0001:0000cad0       ?OnSpecial1@KNpc@@AAEXXZ   1000dad0 f   KNpc.obj
 0001:0000cb90       ?DoSpecial2@KNpc@@AAEXXZ   1000db90 f   KNpc.obj
 0001:0000cba0       ?OnSpecial2@KNpc@@AAEXXZ   1000dba0 f   KNpc.obj
 0001:0000cc10       ?DoSpecial3@KNpc@@AAEXXZ   1000dc10 f   KNpc.obj
 0001:0000cc20       ?OnSpecial3@KNpc@@AAEXXZ   1000dc20 f   KNpc.obj
 0001:0000cc30       ?DoSpecial4@KNpc@@AAEXXZ   1000dc30 f   KNpc.obj
 0001:0000cc40       ?OnSpecial4@KNpc@@AAEXXZ   1000dc40 f   KNpc.obj
 0001:0000cc50       ?DoGlide@KNpc@@AAEHF@Z     1000dc50 f   KNpc.obj
 0001:0000d200       ?OnGlide@KNpc@@AAEXXZ      1000e200 f   KNpc.obj
 0001:0000d210       ?GlideTo@KNpc@@AAEXHHF@Z   1000e210 f   KNpc.obj
 0001:0000d250       ?DoStand@KNpc@@AAEXXZ      1000e250 f   KNpc.obj
 0001:0000d2a0       ?OnStand@KNpc@@AAEXXZ      1000e2a0 f   KNpc.obj
 0001:0000d2b0       ?DoRevive@KNpc@@AAEXXZ     1000e2b0 f   KNpc.obj
 0001:0000d3d0       ?OnRevive@KNpc@@AAEXXZ     1000e3d0 f   KNpc.obj
 0001:0000d3f0       ?DoRun@KNpc@@AAEXXZ        1000e3f0 f   KNpc.obj
 0001:0000d610       ?OnRun@KNpc@@AAEXH@Z       1000e610 f   KNpc.obj
 0001:0000d6b0       ?DoSit@KNpc@@AAEXXZ        1000e6b0 f   KNpc.obj
 0001:0000d820       ?OnSit@KNpc@@AAEXXZ        1000e820 f   KNpc.obj
 0001:0000d840       ?DoSkill@KNpc@@AAEXHH@Z    1000e840 f   KNpc.obj
 0001:0000dbb0       ?UnDoSkill@KNpc@@AAEXXZ    1000ebb0 f   KNpc.obj
 0001:0000dbd0       ?DoOrdinSkill@KNpc@@AAEHPAVKSkill@@HH@Z 1000ebd0 f   KNpc.obj
 0001:0000dd10       ?DoAttack@KNpc@@AAEXXZ     1000ed10 f   KNpc.obj
 0001:0000dd60       ?CastMeleeSkill@KNpc@@AAEHPAVKSkill@@@Z 1000ed60 f   KNpc.obj
 0001:0000dfa0       ?DoBlurAttack@KNpc@@AAEHXZ 1000efa0 f   KNpc.obj
 0001:0000e000       ?DoMagic@KNpc@@AAEXXZ      1000f000 f   KNpc.obj
 0001:0000e050       ?OnSkill@KNpc@@AAEXXZ      1000f050 f   KNpc.obj
 0001:0000e150       ?JumpTo@KNpc@@AAEXHH@Z     1000f150 f   KNpc.obj
 0001:0000e1a0       ?RunTo@KNpc@@AAEXHH@Z      1000f1a0 f   KNpc.obj
 0001:0000e1e0       ?Goto@KNpc@@AAEXHH@Z       1000f1e0 f   KNpc.obj
 0001:0000e220       ?DoWalk@KNpc@@AAEXXZ       1000f220 f   KNpc.obj
 0001:0000e400       ?DoPlayerTalk@KNpc@@QAEXPAD@Z 1000f400 f   KNpc.obj
 0001:0000e5c0       ?OnPlayerTalk@KNpc@@AAEXXZ 1000f5c0 f   KNpc.obj
 0001:0000e5d0       ?OnWalk@KNpc@@AAEXXZ       1000f5d0 f   KNpc.obj
 0001:0000e5f0       ?GetSkillLevel@KNpc@@QAEHH@Z 1000f5f0 f   KNpc.obj
 0001:0000e620       ?ModifyAttrib@KNpc@@QAEXHPAX@Z 1000f620 f   KNpc.obj
 0001:0000e640       ?CalcDamage@KNpc@@QAEHHHHHW4DAMAGE_TYPE@@HHHHHHHH@Z 1000f640 f   KNpc.obj
 0001:0000f150       ?ReceiveDamage@KNpc@@QAEHHHPAXHHH@Z 10010150 f   KNpc.obj
 0001:0000fe00       ?SetImmediatelySkillEffect@KNpc@@QAEXHPAXH@Z 10010e00 f   KNpc.obj
 0001:0000fe40       ?AppendSkillEffect@KNpc@@QAEXKHHPAX0@Z 10010e40 f   KNpc.obj
 0001:00010740       ?ProcMove@KNpc@@AAEXH@Z    10011740 f   KNpc.obj
 0001:00010cd0       ?ProcJump@KNpc@@AAEXH@Z    10011cd0 f   KNpc.obj
 0001:00010ff0       ?SendCommand@KNpc@@QAEXW4NPCCMD@@HHH@Z 10011ff0 f   KNpc.obj
 0001:00011040       ?SendCommandRandMove@KNpc@@QAEXHHH@Z 10012040 f   KNpc.obj
 0001:00011070       ?NewPath@KNpc@@AAEHHH@Z    10012070 f   KNpc.obj
 0001:00011090       ?NewJump@KNpc@@AAEHHH@Z    10012090 f   KNpc.obj
 0001:00011420       ?NewGlide@KNpc@@AAEHHHH@Z  10012420 f   KNpc.obj
 0001:000117b0       ?SelfDamage@KNpc@@QAEXH@Z  100127b0 f   KNpc.obj
 0001:000117e0       ?Cost@KNpc@@QAEHW4NPCATTRIB@@HH@Z 100127e0 f   KNpc.obj
 0001:00011850       ?DoJump@KNpc@@AAEXXZ       10012850 f   KNpc.obj
 0001:00011a10       ?OnJump@KNpc@@AAEHXZ       10012a10 f   KNpc.obj
 0001:00011a60       ?WaitForFrame@KNpc@@AAEHXZ 10012a60 f   KNpc.obj
 0001:00011a90       ?IsReachFrame@KNpc@@AAEHH@Z 10012a90 f   KNpc.obj
 0001:00011ac0       ?Load@KNpc@@QAEXHHH@Z      10012ac0 f   KNpc.obj
 0001:00011b60       ?GetMpsPos@KNpc@@QAEXPAH0@Z 10012b60 f   KNpc.obj
 0001:00011bb0       ?SetActiveSkill@KNpc@@QAEHH@Z 10012bb0 f   KNpc.obj
 0001:00011c70       ?SetAuraSkill@KNpc@@QAEXH@Z 10012c70 f   KNpc.obj
 0001:00011d60       ?SetPlayerIdx@KNpc@@QAEHH@Z 10012d60 f   KNpc.obj
 0001:00011d90       ?SendSyncData@KNpc@@QAEHH@Z 10012d90 f   KNpc.obj
 0001:00012160       ?NormalSync@KNpc@@QAEXXZ   10013160 f   KNpc.obj
 0001:00012830       ?BroadCastRevive@KNpc@@QAEXH@Z 10013830 f   KNpc.obj
 0001:00012990       ?SetPos@KNpc@@QAE_NHH@Z    10013990 f   KNpc.obj
 0001:00012bb0       ?MoveNpc@KNpc@@QAEXHHHHH_N@Z 10013bb0 f   KNpc.obj
 0001:00012cd0       ?AddBaseLifeMax@KNpc@@QAEXH@Z 10013cd0 f   KNpc.obj
 0001:00012cf0       ?AddCurLifeMax@KNpc@@QAEXH@Z 10013cf0 f   KNpc.obj
 0001:00012d10       ?AddBaseStaminaMax@KNpc@@QAEXH@Z 10013d10 f   KNpc.obj
 0001:00012d30       ?AddCurStaminaMax@KNpc@@QAEXH@Z 10013d30 f   KNpc.obj
 0001:00012d50       ?AddBaseManaMax@KNpc@@QAEXH@Z 10013d50 f   KNpc.obj
 0001:00012d70       ?AddCurManaMax@KNpc@@QAEXH@Z 10013d70 f   KNpc.obj
 0001:00012d90       ?CalcCurLifeReplenish@KNpc@@QAEXXZ 10013d90 f   KNpc.obj
 0001:00012da0       ?Remove@KNpc@@QAEXXZ       10013da0 f   KNpc.obj
 0001:00012db0       ?SetSeries@KNpc@@QAEXH@Z   10013db0 f   KNpc.obj
 0001:00012dd0       ?SetStateSkillEffect@KNpc@@QAEXHHHPAXHHH@Z 10013dd0 f   KNpc.obj
 0001:000131e0       ??_GKStateNode@@UAEPAXI@Z  100141e0 f i KNpc.obj
 0001:000131e0       ??_EKStateNode@@UAEPAXI@Z  100141e0 f i KNpc.obj
 0001:00013200       ??1KStateNode@@UAE@XZ      10014200 f i KNpc.obj
 0001:00013210       ?ModifyMissleCollsion@KNpc@@QAEHH@Z 10014210 f   KNpc.obj
 0001:00013240       ?ModifyMissleLifeTime@KNpc@@QAEHH@Z 10014240 f   KNpc.obj
 0001:00013250       ?ModifyMissleSpeed@KNpc@@QAEHH@Z 10014250 f   KNpc.obj
 0001:00013270       ?DoManyAttack@KNpc@@AAEHXZ 10014270 f   KNpc.obj
 0001:00013330       ?OnManyAttack@KNpc@@AAEXXZ 10014330 f   KNpc.obj
 0001:000133d0       ?DoRunAttack@KNpc@@AAEHXZ  100143d0 f   KNpc.obj
 0001:000134e0       ?OnRunAttack@KNpc@@AAEXXZ  100144e0 f   KNpc.obj
 0001:00013680       ?DoJumpAttack@KNpc@@AAEHXZ 10014680 f   KNpc.obj
 0001:00013720       ?OnJumpAttack@KNpc@@AAEHXZ 10014720 f   KNpc.obj
 0001:00013860       ?CheckHitTarget@KNpc@@AAEHHHH@Z 10014860 f   KNpc.obj
 0001:000138d0       ?AddStateInfo@KNpc@@AAEXH@Z 100148d0 f   KNpc.obj
 0001:00013920       ?AddStateSkillList@KNpc@@AAEXPAVKStateNode@@@Z 10014920 f   KNpc.obj
 0001:00013980       ?GetNpcCopyFromTemplate@KNpc@@QAEXHHH@Z 10014980 f   KNpc.obj
 0001:00013d70       ?LoadDataFromTemplate@KNpc@@QAEXHHH@Z 10014d70 f   KNpc.obj
 0001:000141d0       ?SetPhysicsDamage@KNpc@@QAEXHH@Z 100151d0 f   KNpc.obj
 0001:000141f0       ?SetBaseAttackRating@KNpc@@QAEXH@Z 100151f0 f   KNpc.obj
 0001:00014210       ?SetBaseDefence@KNpc@@QAEXH@Z 10015210 f   KNpc.obj
 0001:00014230       ?DeathPunish@KNpc@@QAEXHH@Z 10015230 f   KNpc.obj
 0001:00014710       ??1tagSHOW_MSG_SYNC@@QAE@XZ 10015710 f i KNpc.obj
 0001:00014730       ?PlayerDeadCreateMoneyObj@KNpc@@AAEXH@Z 10015730 f   KNpc.obj
 0001:00014800       ?LoseMoney@KNpc@@AAEXH@Z   10015800 f   KNpc.obj
 0001:00014920       ?LoseSingleItem@KNpc@@AAEXH@Z 10015920 f   KNpc.obj
 0001:00014d60       ?Revive@KNpc@@QAEXXZ       10015d60 f   KNpc.obj
 0001:00014f80       ?RestoreLiveData@KNpc@@QAEXXZ 10015f80 f   KNpc.obj
 0001:00014f90       ?SendDataToNearRegion@KNpc@@QAEXPAXK@Z 10015f90 f   KNpc.obj
 0001:000150e0       ?DeathCalcPKValue@KNpc@@QAEHH@Z 100160e0 f   KNpc.obj
 0001:000152b0       ?CheckPlayerAround@KNpc@@QAEHH@Z 100162b0 f   KNpc.obj
 0001:00015370       ?SendBloodNo@KNpc@@QAEXKH@Z 10016370 f   KNpc.obj
 0001:00015420       ?getRandomLevel@KNpc@@QAEHQBNH@Z 10016420 f   KNpc.obj
 0001:000154a0       ?IsMagicAttribLuckyLevel@KNpc@@QAEHH@Z 100164a0 f   KNpc.obj
 0001:000155d0       ?DropRateItem@KNpc@@QAEXHPBDHHHH@Z 100165d0 f   KNpc.obj
 0001:00015da0       ?DropObj@KNpc@@QAEXHHPADHH@Z 10016da0 f   KNpc.obj
 0001:00015e80       ?UpdateNpcStateInfo@KNpc@@AAEXXZ 10016e80 f   KNpc.obj
 0001:00015f60       ?BroadCastState@KNpc@@QAEXXZ 10016f60 f   KNpc.obj
 0001:000160d0       ?AddPoisonState@KNpc@@AAEXHHHH@Z 100170d0 f   KNpc.obj
 0001:00016200       ?ClearNpcState@KNpc@@QAEXXZ 10017200 f   KNpc.obj
 0001:00016260       ?RestoreNpcBaseInfo@KNpc@@QAEXXZ 10017260 f   KNpc.obj
 0001:000166a0       ?ChangeWorld@KNpc@@QAEHKHH@Z 100176a0 f   KNpc.obj
 0001:00016d00       ?TobeExchangeServer@KNpc@@QAEXKHH@Z 10017d00 f   KNpc.obj
 0001:00016d60       ?IsPlayer@KNpc@@QAEHXZ     10017d60 f   KNpc.obj
 0001:00016d70       ?IsAlive@KNpc@@QAEHXZ      10017d70 f   KNpc.obj
 0001:00016d90       ?ClearStateSkillEffect@KNpc@@QAEXXZ 10017d90 f   KNpc.obj
 0001:00016e60       ?ClearNormalState@KNpc@@QAEXXZ 10017e60 f   KNpc.obj
 0001:00016f30       ?CheckTrap@KNpc@@QAEXXZ    10017f30 f   KNpc.obj
 0001:00016fc0       ?SetFightMode@KNpc@@QAEXH@Z 10017fc0 f   KNpc.obj
 0001:00017000       ?TurnTo@KNpc@@QAEXH@Z      10018000 f   KNpc.obj
 0001:00017160       ?ReCalcStateEffect@KNpc@@QAEXXZ 10018160 f   KNpc.obj
 0001:000171f0       ?GetCurActiveWeaponSkill@KNpc@@QAEHXZ 100181f0 f   KNpc.obj
 0001:00017270       ?BroadCastPosition@KNpc@@QAEXXZ 10018270 f   KNpc.obj
 0001:00017410       ?GetFrameCopyFromTemplate@KNpc@@QAEXHHH@Z 10018410 f   KNpc.obj
 0001:00017800       ?LoadFrameFromTemplate@KNpc@@QAEXHHH@Z 10018800 f   KNpc.obj
 0001:00017870       ?ReSetRes@KNpc@@QAEXH@Z    10018870 f   KNpc.obj
 0001:000178c0       ?AutoDoSkill@KNpc@@QAEXHHHH@Z 100188c0 f   KNpc.obj
 0001:00017e70       ?RandMove@KNpc@@QAEXHHH@Z  10018e70 f   KNpc.obj
 0001:00018060       ?ExecuteRevive@KNpc@@QAEXXZ 10019060 f   KNpc.obj
 0001:00018080       ?SetTitleEffect@KNpc@@QAEXH@Z 10019080 f   KNpc.obj
 0001:00018230       ?SetTimer@KNpc@@QAEXKH@Z   10019230 f   KNpc.obj
 0001:00018250       ?CloseTimer@KNpc@@QAEXXZ   10019250 f   KNpc.obj
 0001:00018260       ?SaveTimerTask@KNpc@@QAEXXZ 10019260 f   KNpc.obj
 0001:00018280       ?LoadTimerTask@KNpc@@QAEXXZ 10019280 f   KNpc.obj
 0001:000182a0       ?ExecuteTimerScript@KNpc@@QAEHPAD0H@Z 100192a0 f   KNpc.obj
 0001:000182e0       ?ExecuteTimerScript@KNpc@@QAEHKPADH@Z 100192e0 f   KNpc.obj
 0001:000184c0       ?ExecuteScript@KNpc@@QAEHPAD0H@Z 100194c0 f   KNpc.obj
 0001:00018500       ?ExecuteScript@KNpc@@QAEHKPADH@Z 10019500 f   KNpc.obj
 0001:00018670       ?ExecuteScript@KNpc@@QAEHKPAD0@Z 10019670 f   KNpc.obj
 0001:00018800       ?ExecuteScript@KNpc@@QAEHPAD00@Z 10019800 f   KNpc.obj
 0001:00018850       ?ExecuteScript2@KNpc@@QAEHKPAD00@Z 10019850 f   KNpc.obj
 0001:000189f0       ?ExecuteScript2@KNpc@@QAEHKPADHH@Z 100199f0 f   KNpc.obj
 0001:00018b60       ?ExecuteScript2@KNpc@@QAEHPAD0HH@Z 10019b60 f   KNpc.obj
 0001:00018bb0       ?ExecuteScript2@KNpc@@QAEHPAD000@Z 10019bb0 f   KNpc.obj
 0001:00018c00       ?MaintainAura@KNpc@@QAEXXZ 10019c00 f   KNpc.obj
 0001:00018da0       ??0KNpcAI@@QAE@XZ          10019da0 f   KNpcAI.obj
 0001:00018db0       ?Activate@KNpcAI@@QAEXH@Z  10019db0 f   KNpcAI.obj
 0001:00018ed0       ?ProcessPlayer@KNpcAI@@AAEXXZ 10019ed0 f   KNpcAI.obj
 0001:00018ef0       ?TriggerMapTrap@KNpcAI@@AAEXXZ 10019ef0 f   KNpcAI.obj
 0001:00018f10       ?TriggerObjectTrap@KNpcAI@@AAEXXZ 10019f10 f   KNpcAI.obj
 0001:00018f20       ?GetNearestNpc@KNpcAI@@AAEHH@Z 10019f20 f   KNpcAI.obj
 0001:00019470       ?GetNpcNumber@KNpcAI@@AAEHH@Z 1001a470 f   KNpcAI.obj
 0001:00019680       ?KeepAttackRange@KNpcAI@@AAEXHH@Z 1001a680 f   KNpcAI.obj
 0001:00019810       ?FollowAttack@KNpcAI@@AAEXH@Z 1001a810 f   KNpcAI.obj
 0001:00019900       ?InEyeshot@KNpcAI@@AAEHH@Z 1001a900 f   KNpcAI.obj
 0001:00019940       ?CommonAction@KNpcAI@@AAEXXZ 1001a940 f   KNpcAI.obj
 0001:00019a20       ?KeepActiveRange@KNpcAI@@AAEHXZ 1001aa20 f   KNpcAI.obj
 0001:00019b30       ?Flee@KNpcAI@@AAEXH@Z      1001ab30 f   KNpcAI.obj
 0001:00019bd0       ?ProcessAIType01@KNpcAI@@AAEXXZ 1001abd0 f   KNpcAI.obj
 0001:00019d60       ?ProcessAIType02@KNpcAI@@AAEXXZ 1001ad60 f   KNpcAI.obj
 0001:00019fa0       ?ProcessAIType03@KNpcAI@@AAEXXZ 1001afa0 f   KNpcAI.obj
 0001:0001a180       ?ProcessAIType04@KNpcAI@@AAEXXZ 1001b180 f   KNpcAI.obj
 0001:0001a300       ?ProcessAIType05@KNpcAI@@AAEXXZ 1001b300 f   KNpcAI.obj
 0001:0001a4f0       ?ProcessAIType06@KNpcAI@@AAEXXZ 1001b4f0 f   KNpcAI.obj
 0001:0001a690       ?ProcessAIType07@KNpcAI@@AAEXXZ 1001b690 f   KNpcAI.obj
 0001:0001a790       ?ProcessAIType08@KNpcAI@@AAEXXZ 1001b790 f   KNpcAI.obj
 0001:0001a910       ??0KNpcAttribModify@@QAE@XZ 1001b910 f   KNpcAttribModify.obj
 0001:0001add0       ??1KNpcAttribModify@@QAE@XZ 1001bdd0 f   KNpcAttribModify.obj
 0001:0001ade0       ?ModifyAttrib@KNpcAttribModify@@QAEXPAVKNpc@@PAX@Z 1001bde0 f   KNpcAttribModify.obj
 0001:0001ae10       ?AddColdDamageV@KNpcAttribModify@@AAEXPAVKNpc@@PAX@Z 1001be10 f   KNpcAttribModify.obj
 0001:0001aea0       ?AddFireDamageV@KNpcAttribModify@@AAEXPAVKNpc@@PAX@Z 1001bea0 f   KNpcAttribModify.obj
 0001:0001aed0       ?AddLightingDamageV@KNpcAttribModify@@AAEXPAVKNpc@@PAX@Z 1001bed0 f   KNpcAttribModify.obj
 0001:0001af00       ?AddPhysicsDamageP@KNpcAttribModify@@AAEXPAVKNpc@@PAX@Z 1001bf00 f   KNpcAttribModify.obj
 0001:0001afc0       ?AddPoisonDamageV@KNpcAttribModify@@AAEXPAVKNpc@@PAX@Z 1001bfc0 f   KNpcAttribModify.obj
 0001:0001b010       ?AddPhysicsDamageV@KNpcAttribModify@@AAEXPAVKNpc@@PAX@Z 1001c010 f   KNpcAttribModify.obj
 0001:0001b030       ?AllresP@KNpcAttribModify@@AAEXPAVKNpc@@PAX@Z 1001c030 f   KNpcAttribModify.obj
 0001:0001b080       ?AllSkillV@KNpcAttribModify@@AAEXPAVKNpc@@PAX@Z 1001c080 f   KNpcAttribModify.obj
 0001:0001b0e0       ?AttackRatingP@KNpcAttribModify@@AAEXPAVKNpc@@PAX@Z 1001c0e0 f   KNpcAttribModify.obj
 0001:0001b110       ?AttackRatingV@KNpcAttribModify@@AAEXPAVKNpc@@PAX@Z 1001c110 f   KNpcAttribModify.obj
 0001:0001b130       ?AttackSpeedV@KNpcAttribModify@@AAEXPAVKNpc@@PAX@Z 1001c130 f   KNpcAttribModify.obj
 0001:0001b150       ?BadStatusTimeReduceV@KNpcAttribModify@@AAEXPAVKNpc@@PAX@Z 1001c150 f   KNpcAttribModify.obj
 0001:0001b160       ?BurnTimeReduceP@KNpcAttribModify@@AAEXPAVKNpc@@PAX@Z 1001c160 f   KNpcAttribModify.obj
 0001:0001b170       ?CastSpeedV@KNpcAttribModify@@AAEXPAVKNpc@@PAX@Z 1001c170 f   KNpcAttribModify.obj
 0001:0001b190       ?ChangeCampV@KNpcAttribModify@@AAEXPAVKNpc@@PAX@Z 1001c190 f   KNpcAttribModify.obj
 0001:0001b1d0       ?ColdArmorV@KNpcAttribModify@@AAEXPAVKNpc@@PAX@Z 1001c1d0 f   KNpcAttribModify.obj
 0001:0001b1e0       ?ColdresP@KNpcAttribModify@@AAEXPAVKNpc@@PAX@Z 1001c1e0 f   KNpcAttribModify.obj
 0001:0001b200       ?DeadlyStrikeP@KNpcAttribModify@@AAEXPAVKNpc@@PAX@Z 1001c200 f   KNpcAttribModify.obj
 0001:0001b220       ?DexterityV@KNpcAttribModify@@AAEXPAVKNpc@@PAX@Z 1001c220 f   KNpcAttribModify.obj
 0001:0001b250       ?EarthSkillV@KNpcAttribModify@@AAEXPAVKNpc@@PAX@Z 1001c250 f   KNpcAttribModify.obj
 0001:0001b260       ?EnergyV@KNpcAttribModify@@AAEXPAVKNpc@@PAX@Z 1001c260 f   KNpcAttribModify.obj
 0001:0001b290       ?FastHitRecoverV@KNpcAttribModify@@AAEXPAVKNpc@@PAX@Z 1001c290 f   KNpcAttribModify.obj
 0001:0001b2b0       ?FastWalkRunP@KNpcAttribModify@@AAEXPAVKNpc@@PAX@Z 1001c2b0 f   KNpcAttribModify.obj
 0001:0001b320       ?FireArmorV@KNpcAttribModify@@AAEXPAVKNpc@@PAX@Z 1001c320 f   KNpcAttribModify.obj
 0001:0001b330       ?FireSkillV@KNpcAttribModify@@AAEXPAVKNpc@@PAX@Z 1001c330 f   KNpcAttribModify.obj
 0001:0001b340       ?FreezeTimeReduceP@KNpcAttribModify@@AAEXPAVKNpc@@PAX@Z 1001c340 f   KNpcAttribModify.obj
 0001:0001b360       ?KnockBackP@KNpcAttribModify@@AAEXPAVKNpc@@PAX@Z 1001c360 f   KNpcAttribModify.obj
 0001:0001b380       ?LifeMaxP@KNpcAttribModify@@AAEXPAVKNpc@@PAX@Z 1001c380 f   KNpcAttribModify.obj
 0001:0001b3d0       ?LifeMaxV@KNpcAttribModify@@AAEXPAVKNpc@@PAX@Z 1001c3d0 f   KNpcAttribModify.obj
 0001:0001b3f0       ?LifeReplenishV@KNpcAttribModify@@AAEXPAVKNpc@@PAX@Z 1001c3f0 f   KNpcAttribModify.obj
 0001:0001b410       ?LifeV@KNpcAttribModify@@AAEXPAVKNpc@@PAX@Z 1001c410 f   KNpcAttribModify.obj
 0001:0001b430       ?LightingArmorV@KNpcAttribModify@@AAEXPAVKNpc@@PAX@Z 1001c430 f   KNpcAttribModify.obj
 0001:0001b440       ?LightingresP@KNpcAttribModify@@AAEXPAVKNpc@@PAX@Z 1001c440 f   KNpcAttribModify.obj
 0001:0001b460       ?LuckyV@KNpcAttribModify@@AAEXPAVKNpc@@PAX@Z 1001c460 f   KNpcAttribModify.obj
 0001:0001b4a0       ?ManaMaxP@KNpcAttribModify@@AAEXPAVKNpc@@PAX@Z 1001c4a0 f   KNpcAttribModify.obj
 0001:0001b4e0       ?ManaMaxV@KNpcAttribModify@@AAEXPAVKNpc@@PAX@Z 1001c4e0 f   KNpcAttribModify.obj
 0001:0001b500       ?ManaReplenishV@KNpcAttribModify@@AAEXPAVKNpc@@PAX@Z 1001c500 f   KNpcAttribModify.obj
 0001:0001b520       ?ManaV@KNpcAttribModify@@AAEXPAVKNpc@@PAX@Z 1001c520 f   KNpcAttribModify.obj
 0001:0001b540       ?ManaShieldP@KNpcAttribModify@@AAEXPAVKNpc@@PAX@Z 1001c540 f   KNpcAttribModify.obj
 0001:0001b560       ?MeleeDamageReturnP@KNpcAttribModify@@AAEXPAVKNpc@@PAX@Z 1001c560 f   KNpcAttribModify.obj
 0001:0001b580       ?MeleeDamageReturnV@KNpcAttribModify@@AAEXPAVKNpc@@PAX@Z 1001c580 f   KNpcAttribModify.obj
 0001:0001b5a0       ?MetalSkillV@KNpcAttribModify@@AAEXPAVKNpc@@PAX@Z 1001c5a0 f   KNpcAttribModify.obj
 0001:0001b5b0       ?PhysicsArmorV@KNpcAttribModify@@AAEXPAVKNpc@@PAX@Z 1001c5b0 f   KNpcAttribModify.obj
 0001:0001b5c0       ?PhysicsresP@KNpcAttribModify@@AAEXPAVKNpc@@PAX@Z 1001c5c0 f   KNpcAttribModify.obj
 0001:0001b5e0       ?Damage2ManaP@KNpcAttribModify@@AAEXPAVKNpc@@PAX@Z 1001c5e0 f   KNpcAttribModify.obj
 0001:0001b600       ?PoisonArmorV@KNpcAttribModify@@AAEXPAVKNpc@@PAX@Z 1001c600 f   KNpcAttribModify.obj
 0001:0001b610       ?PoisonDamageReduceV@KNpcAttribModify@@AAEXPAVKNpc@@PAX@Z 1001c610 f   KNpcAttribModify.obj
 0001:0001b640       ?PoisonresP@KNpcAttribModify@@AAEXPAVKNpc@@PAX@Z 1001c640 f   KNpcAttribModify.obj
 0001:0001b660       ?PoisonTimeReduceP@KNpcAttribModify@@AAEXPAVKNpc@@PAX@Z 1001c660 f   KNpcAttribModify.obj
 0001:0001b680       ?RangeDamageReturnV@KNpcAttribModify@@AAEXPAVKNpc@@PAX@Z 1001c680 f   KNpcAttribModify.obj
 0001:0001b6a0       ?RangeDamageReturnP@KNpcAttribModify@@AAEXPAVKNpc@@PAX@Z 1001c6a0 f   KNpcAttribModify.obj
 0001:0001b6c0       ?SlowMissleB@KNpcAttribModify@@AAEXPAVKNpc@@PAX@Z 1001c6c0 f   KNpcAttribModify.obj
 0001:0001b6f0       ?StaminaMaxP@KNpcAttribModify@@AAEXPAVKNpc@@PAX@Z 1001c6f0 f   KNpcAttribModify.obj
 0001:0001b730       ?StaminaMaxV@KNpcAttribModify@@AAEXPAVKNpc@@PAX@Z 1001c730 f   KNpcAttribModify.obj
 0001:0001b750       ?StaminaReplenishV@KNpcAttribModify@@AAEXPAVKNpc@@PAX@Z 1001c750 f   KNpcAttribModify.obj
 0001:0001b770       ?StaminaV@KNpcAttribModify@@AAEXPAVKNpc@@PAX@Z 1001c770 f   KNpcAttribModify.obj
 0001:0001b790       ?StealLifeP@KNpcAttribModify@@AAEXPAVKNpc@@PAX@Z 1001c790 f   KNpcAttribModify.obj
 0001:0001b7b0       ?StealManaP@KNpcAttribModify@@AAEXPAVKNpc@@PAX@Z 1001c7b0 f   KNpcAttribModify.obj
 0001:0001b7d0       ?StealStaminaP@KNpcAttribModify@@AAEXPAVKNpc@@PAX@Z 1001c7d0 f   KNpcAttribModify.obj
 0001:0001b7f0       ?StrengthV@KNpcAttribModify@@AAEXPAVKNpc@@PAX@Z 1001c7f0 f   KNpcAttribModify.obj
 0001:0001b820       ?StunTimeReduceP@KNpcAttribModify@@AAEXPAVKNpc@@PAX@Z 1001c820 f   KNpcAttribModify.obj
 0001:0001b840       ?VisionRadiusP@KNpcAttribModify@@AAEXPAVKNpc@@PAX@Z 1001c840 f   KNpcAttribModify.obj
 0001:0001b860       ?VitalityV@KNpcAttribModify@@AAEXPAVKNpc@@PAX@Z 1001c860 f   KNpcAttribModify.obj
 0001:0001b890       ?WaterSkillV@KNpcAttribModify@@AAEXPAVKNpc@@PAX@Z 1001c890 f   KNpcAttribModify.obj
 0001:0001b8a0       ?WoodSkillV@KNpcAttribModify@@AAEXPAVKNpc@@PAX@Z 1001c8a0 f   KNpcAttribModify.obj
 0001:0001b8b0       ?FireresP@KNpcAttribModify@@AAEXPAVKNpc@@PAX@Z 1001c8b0 f   KNpcAttribModify.obj
 0001:0001b8d0       ?ArmorDefenseV@KNpcAttribModify@@AAEXPAVKNpc@@PAX@Z 1001c8d0 f   KNpcAttribModify.obj
 0001:0001b8f0       ?ColdEnhanceP@KNpcAttribModify@@AAEXPAVKNpc@@PAX@Z 1001c8f0 f   KNpcAttribModify.obj
 0001:0001b910       ?FireEnhanceP@KNpcAttribModify@@AAEXPAVKNpc@@PAX@Z 1001c910 f   KNpcAttribModify.obj
 0001:0001b930       ?LightingEnhanceP@KNpcAttribModify@@AAEXPAVKNpc@@PAX@Z 1001c930 f   KNpcAttribModify.obj
 0001:0001b950       ?PoisonEnhanceP@KNpcAttribModify@@AAEXPAVKNpc@@PAX@Z 1001c950 f   KNpcAttribModify.obj
 0001:0001b970       ?LifePotionV@KNpcAttribModify@@AAEXPAVKNpc@@PAX@Z 1001c970 f   KNpcAttribModify.obj
 0001:0001b9c0       ?ManaPotionV@KNpcAttribModify@@AAEXPAVKNpc@@PAX@Z 1001c9c0 f   KNpcAttribModify.obj
 0001:0001ba10       ?PhysicsResMaxP@KNpcAttribModify@@AAEXPAVKNpc@@PAX@Z 1001ca10 f   KNpcAttribModify.obj
 0001:0001ba30       ?ColdResMaxP@KNpcAttribModify@@AAEXPAVKNpc@@PAX@Z 1001ca30 f   KNpcAttribModify.obj
 0001:0001ba50       ?FireResMaxP@KNpcAttribModify@@AAEXPAVKNpc@@PAX@Z 1001ca50 f   KNpcAttribModify.obj
 0001:0001ba70       ?LightingResMaxP@KNpcAttribModify@@AAEXPAVKNpc@@PAX@Z 1001ca70 f   KNpcAttribModify.obj
 0001:0001ba90       ?PoisonResMaxP@KNpcAttribModify@@AAEXPAVKNpc@@PAX@Z 1001ca90 f   KNpcAttribModify.obj
 0001:0001bab0       ?AllResMaxP@KNpcAttribModify@@AAEXPAVKNpc@@PAX@Z 1001cab0 f   KNpcAttribModify.obj
 0001:0001bb00       ?FatallyStrikeP@KNpcAttribModify@@AAEXPAVKNpc@@PAX@Z 1001cb00 f   KNpcAttribModify.obj
 0001:0001bb10       ?MixPoisonDamage@KNpcAttribModify@@QAEXPAUKMagicAttrib@@0@Z 1001cb10 f   KNpcAttribModify.obj
 0001:0001bbc0       ?AddPhysicsMagicV@KNpcAttribModify@@AAEXPAVKNpc@@PAX@Z 1001cbc0 f   KNpcAttribModify.obj
 0001:0001bbf0       ?AddColdMagicV@KNpcAttribModify@@AAEXPAVKNpc@@PAX@Z 1001cbf0 f   KNpcAttribModify.obj
 0001:0001bc80       ?AddFireMagicV@KNpcAttribModify@@AAEXPAVKNpc@@PAX@Z 1001cc80 f   KNpcAttribModify.obj
 0001:0001bcb0       ?AddLightingMagicV@KNpcAttribModify@@AAEXPAVKNpc@@PAX@Z 1001ccb0 f   KNpcAttribModify.obj
 0001:0001bce0       ?AddPoisonMagicV@KNpcAttribModify@@AAEXPAVKNpc@@PAX@Z 1001cce0 f   KNpcAttribModify.obj
 0001:0001bd30       ?DynamicMagicShieldV@KNpcAttribModify@@AAEXPAVKNpc@@PAX@Z 1001cd30 f   KNpcAttribModify.obj
 0001:0001bd50       ?ReturnResP@KNpcAttribModify@@AAEXPAVKNpc@@PAX@Z 1001cd50 f   KNpcAttribModify.obj
 0001:0001bd70       ?ExpEnhanceP@KNpcAttribModify@@AAEXPAVKNpc@@PAX@Z 1001cd70 f   KNpcAttribModify.obj
 0001:0001bd90       ?PoisonDamageReturnP@KNpcAttribModify@@AAEXPAVKNpc@@PAX@Z 1001cd90 f   KNpcAttribModify.obj
 0001:0001bdb0       ?ReturnSkillP@KNpcAttribModify@@AAEXPAVKNpc@@PAX@Z 1001cdb0 f   KNpcAttribModify.obj
 0001:0001bdd0       ?AutoReplySkill@KNpcAttribModify@@AAEXPAVKNpc@@PAX@Z 1001cdd0 f   KNpcAttribModify.obj
 0001:0001be20       ?LifeReplenishP@KNpcAttribModify@@AAEXPAVKNpc@@PAX@Z 1001ce20 f   KNpcAttribModify.obj
 0001:0001be40       ?IgnoreSkillP@KNpcAttribModify@@AAEXPAVKNpc@@PAX@Z 1001ce40 f   KNpcAttribModify.obj
 0001:0001be60       ?AutoAttackSkill@KNpcAttribModify@@AAEXPAVKNpc@@PAX@Z 1001ce60 f   KNpcAttribModify.obj
 0001:0001be90       ?Poison2DecManaP@KNpcAttribModify@@AAEXPAVKNpc@@PAX@Z 1001ce90 f   KNpcAttribModify.obj
 0001:0001bee0       ?SkillAppendSkill@KNpcAttribModify@@AAEXPAVKNpc@@PAX@Z 1001cee0 f   KNpcAttribModify.obj
 0001:0001bff0       ?HideNpc@KNpcAttribModify@@AAEXPAVKNpc@@PAX@Z 1001cff0 f   KNpcAttribModify.obj
 0001:0001c010       ?AutoDeathSkill@KNpcAttribModify@@AAEXPAVKNpc@@PAX@Z 1001d010 f   KNpcAttribModify.obj
 0001:0001c040       ?RandMove@KNpcAttribModify@@AAEXPAVKNpc@@PAX@Z 1001d040 f   KNpcAttribModify.obj
 0001:0001c070       ?IgnoreNegativeStateP@KNpcAttribModify@@AAEXPAVKNpc@@PAX@Z 1001d070 f   KNpcAttribModify.obj
 0001:0001c0b0       ?AutoRescueSkill@KNpcAttribModify@@AAEXPAVKNpc@@PAX@Z 1001d0b0 f   KNpcAttribModify.obj
 0001:0001c0e0       ?StaticMagicShieldP@KNpcAttribModify@@AAEXPAVKNpc@@PAX@Z 1001d0e0 f   KNpcAttribModify.obj
 0001:0001c130       ?Init@KNpcDeathCalcExp@@QAEXH@Z 1001d130 f   KNpcDeathCalcExp.obj
 0001:0001c160       ?Active@KNpcDeathCalcExp@@QAEXXZ 1001d160 f   KNpcDeathCalcExp.obj
 0001:0001c1b0       ?AddDamage@KNpcDeathCalcExp@@QAEXHH@Z 1001d1b0 f   KNpcDeathCalcExp.obj
 0001:0001c2e0       ?CalcExp@KNpcDeathCalcExp@@QAEHH@Z 1001d2e0 f   KNpcDeathCalcExp.obj
 0001:0001c5a0       ?GetDamage@KNpcDeathCalcExp@@QBEHXZ 1001d5a0 f   KNpcDeathCalcExp.obj
 0001:0001c5b0       ?Clear@KNpcDeathCalcExp@@QAEXXZ 1001d5b0 f   KNpcDeathCalcExp.obj
 0001:0001c600       ??0KNpcFindPath@@QAE@XZ    1001d600 f   KNpcFindPath.obj
 0001:0001c620       ?Init@KNpcFindPath@@QAEXH@Z 1001d620 f   KNpcFindPath.obj
 0001:0001c650       ?GetDir@KNpcFindPath@@QAEHHHHHHHPAH0@Z 1001d650 f   KNpcFindPath.obj
 0001:0001cc20       ?Dir64To8@KNpcFindPath@@QAEHH@Z 1001dc20 f   KNpcFindPath.obj
 0001:0001cc30       ?Dir8To64@KNpcFindPath@@QAEHH@Z 1001dc30 f   KNpcFindPath.obj
 0001:0001cc40       ?CheckDistance@KNpcFindPath@@QAEHHHHHH@Z 1001dc40 f   KNpcFindPath.obj
 0001:0001cc80       ?CheckBarrier@KNpcFindPath@@QAEHHH@Z 1001dc80 f   KNpcFindPath.obj
 0001:0001cd10       ?Init@KNpcGold@@QAEXH@Z    1001dd10 f   KNpcGold.obj
 0001:0001cd20       ?Release@KNpcGold@@QAEXXZ  1001dd20 f   KNpcGold.obj
 0001:0001cd70       ?SetGoldType@KNpcGold@@QAEXH@Z 1001dd70 f   KNpcGold.obj
 0001:0001cd80       ?SetGoldTypeAndBackData@KNpcGold@@QAEXXZ 1001dd80 f   KNpcGold.obj
 0001:0001ce30       ?RecoverBackData@KNpcGold@@QAEXXZ 1001de30 f   KNpcGold.obj
 0001:0001d670       ?UpdateNpcData@KNpcGold@@AAEXH@Z 1001e670 f   KNpcGold.obj
 0001:0001e1f0       ?RandChangeGold@KNpcGold@@QAEXHH@Z 1001f1f0 f   KNpcGold.obj
 0001:0001e230       ?GetGoldType@KNpcGold@@QAEHXZ 1001f230 f   KNpcGold.obj
 0001:0001e240       ?SetGoldCurrentType@KNpcGold@@QAEXH@Z 1001f240 f   KNpcGold.obj
 0001:0001e2c0       ??0KNpcGoldTemplate@@QAE@XZ 1001f2c0 f   KNpcGold.obj
 0001:0001e2e0       ?Init@KNpcGoldTemplate@@QAEHXZ 1001f2e0 f   KNpcGold.obj
 0001:0001e7e0       ??1KNpcSet@@QAE@XZ         1001f7e0 f i KNpcSet.obj
 0001:0001e840       ??0KNpcSet@@QAE@XZ         1001f840 f   KNpcSet.obj
 0001:0001e870       ?Init@KNpcSet@@QAEXXZ      1001f870 f   KNpcSet.obj
 0001:0001ea50       ?LoadPlayerBaseValue@KNpcSet@@QAEXPAD@Z 1001fa50 f   KNpcSet.obj
 0001:0001eb30       ?IsNpcExist@KNpcSet@@QAEHHK@Z 1001fb30 f   KNpcSet.obj
 0001:0001eb60       ?GenOneRelation@KNpcSet@@AAE?AW4NPC_RELATION@@W4NPCKIND@@0W4NPCCAMP@@1W4NPCFIGHT@@2@Z 1001fb60 f   KNpcSet.obj
 0001:0001ec70       ?GenRelationTable@KNpcSet@@AAEHXZ 1001fc70 f   KNpcSet.obj
 0001:0001ed10       ?SearchID@KNpcSet@@QAEHK@Z 1001fd10 f   KNpcSet.obj
 0001:0001ed50       ?SearchName@KNpcSet@@QAEHPAD@Z 1001fd50 f   KNpcSet.obj
 0001:0001edb0       ?SearchNameID@KNpcSet@@QAEHK@Z 1001fdb0 f   KNpcSet.obj
 0001:0001ee10       ?SearchNpcById@KNpcSet@@QAEPAVKNpc@@K@Z 1001fe10 f   KNpcSet.obj
 0001:0001ee80       ?FindFree@KNpcSet@@AAEHXZ  1001fe80 f   KNpcSet.obj
 0001:0001eea0       ?Add@KNpcSet@@QAEHHHPAX@Z  1001fea0 f   KNpcSet.obj
 0001:0001f060       ?Add@KNpcSet@@QAEHHHHHH@Z  10020060 f   KNpcSet.obj
 0001:0001f0f0       ?Add@KNpcSet@@QAEHHHHHHHHH@Z 100200f0 f   KNpcSet.obj
 0001:0001f2b0       ?Remove@KNpcSet@@QAEXH@Z   100202b0 f   KNpcSet.obj
 0001:0001f480       ?RemoveAll@KNpcSet@@QAEXXZ 10020480 f   KNpcSet.obj
 0001:0001f520       ?SetID@KNpcSet@@AAEHH@Z    10020520 f   KNpcSet.obj
 0001:0001f560       ?GetDistance@KNpcSet@@SAHHH@Z 10020560 f   KNpcSet.obj
 0001:0001f6e0       ?GetDistanceSquare@KNpcSet@@SAHHH@Z 100206e0 f   KNpcSet.obj
 0001:0001f840       ?GetNextIdx@KNpcSet@@QAEHH@Z 10020840 f   KNpcSet.obj
 0001:0001f870       ?SyncNpc@KNpcSet@@QAEHKH@Z 10020870 f   KNpcSet.obj
 0001:0001f8f0       ?ExecuteScript@KNpcSet@@QAEHHPAD0H@Z 100208f0 f   KNpcSet.obj
 0001:0001f920       ?ExecuteScript@KNpcSet@@QAEHHKPADH@Z 10020920 f   KNpcSet.obj
 0001:0001fa20       ?ClearActivateFlagOfAllNpc@KNpcSet@@QAEXXZ 10020a20 f   KNpcSet.obj
 0001:0001fa50       ?GetRelation@KNpcSet@@QAE?AW4NPC_RELATION@@HH@Z 10020a50 f   KNpcSet.obj
 0001:0001fd40       ?g_GenItemDropRate@@YAPAUKItemDropRate@@PAD@Z 10020d40 f   KNpcTemplate.obj
 0001:0001ff70       ??M@YAHVKItemDropRateNode@@0@Z 10020f70 f   KNpcTemplate.obj
 0001:0001ffb0       ??8@YAHVKItemDropRateNode@@0@Z 10020fb0 f   KNpcTemplate.obj
 0001:00020000       ?InitNpcBaseData@KNpcTemplate@@QAEXH@Z 10021000 f   KNpcTemplate.obj
 0001:000207a0       ??1KItemDropRateNode@@QAE@XZ 100217a0 f i KNpcTemplate.obj
 0001:000207b0       ?InitNpcLevelData@KNpcTemplate@@QAEXPAVKTabFile@@HPAVKLuaScript@@HH@Z 100217b0 f   KNpcTemplate.obj
 0001:00021700       ?GetNpcLevelDataFromScript@KNpcTemplate@@SAHPAVKLuaScript@@PADHH1@Z 10022700 f   KNpcTemplate.obj
 0001:00021790       ?GetNpcLevelDataFromScript@KNpcTemplate@@SAHPAVKLuaScript@@PADHHNNN@Z 10022790 f   KNpcTemplate.obj
 0001:00021830       ?UpdateDropRate@KNpcTemplate@@SAPAUKItemDropRate@@PBD@Z 10022830 f   KNpcTemplate.obj
 0001:00021840       ?SkillString2Id@KNpcTemplate@@SAHPAD@Z 10022840 f   KNpcTemplate.obj
 0001:00021920       ?DeleteTree@?$BinSTree@VKItemDropRateNode@@@@AAEXPAV?$TreeNode@VKItemDropRateNode@@@@@Z 10022920 f i KNpcTemplate.obj
 0001:00021960       ??1?$TreeNode@VKItemDropRateNode@@@@QAE@XZ 10022960 f i KNpcTemplate.obj
 0001:000219d0       ??0KPlayer@@QAE@XZ         100229d0 f   KPlayer.obj
 0001:00021b40       ??1KPlayerAI@@QAE@XZ       10022b40 f i KPlayer.obj
 0001:00021b50       ??1KEquipmentArray@@QAE@XZ 10022b50 f i KPlayer.obj
 0001:00021b60       ??1KPlayerChat@@QAE@XZ     10022b60 f i KPlayer.obj
 0001:00021b80       ??1CChatFriendTeam@@QAE@XZ 10022b80 f i KPlayer.obj
 0001:00021b90       ??1KPlayer@@QAE@XZ         10022b90 f   KPlayer.obj
 0001:00021c40       ?Release@KPlayer@@QAEXXZ   10022c40 f   KPlayer.obj
 0001:00021e50       ?SetPlayerIndex@KPlayer@@QAEXH@Z 10022e50 f   KPlayer.obj
 0001:00021e70       ?GetPlayerIndex@KPlayer@@QAEHXZ 10022e70 f   KPlayer.obj
 0001:00021e80       ?Active@KPlayer@@QAEXXZ    10022e80 f   KPlayer.obj
 0001:00021fc0       ?ProcessMsg@KPlayer@@QAEXPAVKWorldMsgNode@@@Z 10022fc0 f   KPlayer.obj
 0001:00021fd0       ?IsWaitingRemove@KPlayer@@QAEHXZ 10022fd0 f   KPlayer.obj
 0001:00021ff0       ?WaitForRemove@KPlayer@@QAEXXZ 10022ff0 f   KPlayer.obj
 0001:00022000       ?IsLoginTimeOut@KPlayer@@QAEHXZ 10023000 f   KPlayer.obj
 0001:00022040       ?LoginTimeOut@KPlayer@@QAEXXZ 10023040 f   KPlayer.obj
 0001:00022070       ?Save@KPlayer@@QAEHXZ      10023070 f   KPlayer.obj
 0001:000220d0       ?CanSave@KPlayer@@QAEHXZ   100230d0 f   KPlayer.obj
 0001:00022160       ?SendSyncData@KPlayer@@QAEHAAHAAI@Z 10023160 f   KPlayer.obj
 0001:000223e0       ?SendSyncData_Skill@KPlayer@@QAEHXZ 100233e0 f   KPlayer.obj
 0001:000224b0       ?SendCurNormalSyncData@KPlayer@@QAEXXZ 100234b0 f   KPlayer.obj
 0001:00022550       ?QuitGame@KPlayer@@QAEXH@Z 10023550 f   KPlayer.obj
 0001:00022560       ?BuyItem@KPlayer@@QAEXPAE@Z 10023560 f   KPlayer.obj
 0001:000225a0       ?SellItem@KPlayer@@QAEXPAE@Z 100235a0 f   KPlayer.obj
 0001:000225e0       ?GetLoginRevivalPos@KPlayer@@QAEXPAH00@Z 100235e0 f   KPlayer.obj
 0001:00022600       ?GetDeathRevivalPos@KPlayer@@QAEXPAH00@Z 10023600 f   KPlayer.obj
 0001:00022620       ?SetRevivalPos@KPlayer@@QAEXHH@Z 10023620 f   KPlayer.obj
 0001:000226b0       ?S2CSendTeamInfo@KPlayer@@QAEXPAE@Z 100236b0 f   KPlayer.obj
 0001:000228b0       ?SendSelfTeamInfo@KPlayer@@QAEXXZ 100238b0 f   KPlayer.obj
 0001:00022b30       ?CreateTeam@KPlayer@@QAEHPAE@Z 10023b30 f   KPlayer.obj
 0001:00022b50       ?SetTeamState@KPlayer@@QAEHPAE@Z 10023b50 f   KPlayer.obj
 0001:00022c10       ?S2CSendAddTeamInfo@KPlayer@@QAEHPAE@Z 10023c10 f   KPlayer.obj
 0001:00022e60       ?AddTeamMember@KPlayer@@QAEHPAE@Z 10023e60 f   KPlayer.obj
 0001:00023410       ?LeaveTeam@KPlayer@@QAEXPAE@Z 10024410 f   KPlayer.obj
 0001:000235a0       ?TeamKickOne@KPlayer@@QAEXPAE@Z 100245a0 f   KPlayer.obj
 0001:000237c0       ?TeamChangeCaptain@KPlayer@@QAEXPAE@Z 100247c0 f   KPlayer.obj
 0001:00023b80       ?TeamDismiss@KPlayer@@QAEXPAE@Z 10024b80 f   KPlayer.obj
 0001:00023dc0       ?SetPK@KPlayer@@QAEXPAE@Z  10024dc0 f   KPlayer.obj
 0001:00023e10       ?SendFactionData@KPlayer@@QAEXPAE@Z 10024e10 f   KPlayer.obj
 0001:00023e20       ?SendFactionData@KPlayer@@AAEXXZ 10024e20 f   KPlayer.obj
 0001:00023ea0       ?GetAboutPos@KPlayer@@QAEXPAUKMapPos@@@Z 10024ea0 f   KPlayer.obj
 0001:00023f90       ?FindAroundPlayer@KPlayer@@QAEHK@Z 10024f90 f   KPlayer.obj
 0001:00024060       ?CheckPlayerAround@KPlayer@@QAEHH@Z 10025060 f   KPlayer.obj
 0001:00024140       ?FindAroundNpc@KPlayer@@QAEHK@Z 10025140 f   KPlayer.obj
 0001:00024210       ?ResetBaseAttribute@KPlayer@@QAEXD@Z 10025210 f   KPlayer.obj
 0001:000244f0       ?CalcCurLucky@KPlayer@@AAEXXZ 100254f0 f   KPlayer.obj
 0001:00024500       ?AddBaseStrength@KPlayer@@AAEXH@Z 10025500 f   KPlayer.obj
 0001:000245b0       ?AddBaseDexterity@KPlayer@@AAEXH@Z 100255b0 f   KPlayer.obj
 0001:00024670       ?AddBaseVitality@KPlayer@@AAEXH@Z 10025670 f   KPlayer.obj
 0001:000247b0       ?AddBaseEngergy@KPlayer@@AAEXH@Z 100257b0 f   KPlayer.obj
 0001:000248a0       ?ChangeCurStrength@KPlayer@@QAEXH@Z 100258a0 f   KPlayer.obj
 0001:000248c0       ?ChangeCurDexterity@KPlayer@@QAEXH@Z 100258c0 f   KPlayer.obj
 0001:00024930       ?ChangeCurVitality@KPlayer@@QAEXH@Z 10025930 f   KPlayer.obj
 0001:000249e0       ?ChangeCurEngergy@KPlayer@@QAEXH@Z 100259e0 f   KPlayer.obj
 0001:00024a50       ?AddBaseLucky@KPlayer@@QAEXH@Z 10025a50 f   KPlayer.obj
 0001:00024a70       ?SetNpcPhysicsDamage@KPlayer@@AAEXXZ 10025a70 f   KPlayer.obj
 0001:00024b30       ?SetNpcAttackRating@KPlayer@@AAEXXZ 10025b30 f   KPlayer.obj
 0001:00024b60       ?SetNpcDefence@KPlayer@@AAEXXZ 10025b60 f   KPlayer.obj
 0001:00024b90       ?AddExp@KPlayer@@QAEXMHH@Z 10025b90 f   KPlayer.obj
 0001:00025090       ?AddSelfExp@KPlayer@@QAEXHH@Z 10026090 f   KPlayer.obj
 0001:00025270       ?DirectAddExp@KPlayer@@QAEXH@Z 10026270 f   KPlayer.obj
 0001:00025320       ?LevelUp@KPlayer@@QAEXXZ   10026320 f   KPlayer.obj
 0001:00025900       ?UpdataCurData@KPlayer@@QAEXXZ 10026900 f   KPlayer.obj
 0001:00026220       ?ReCalcEquip@KPlayer@@QAEXXZ 10027220 f   KPlayer.obj
 0001:000262b0       ?ReCalcState@KPlayer@@QAEXXZ 100272b0 f   KPlayer.obj
 0001:000262d0       ?AddLeadExp@KPlayer@@QAEXH@Z 100272d0 f   KPlayer.obj
 0001:00026390       ?LevelAddBaseLifeMax@KPlayer@@AAEXXZ 10027390 f   KPlayer.obj
 0001:00026400       ?LevelAddBaseStaminaMax@KPlayer@@AAEXXZ 10027400 f   KPlayer.obj
 0001:00026470       ?LevelAddBaseManaMax@KPlayer@@AAEXXZ 10027470 f   KPlayer.obj
 0001:000264e0       ?ChangePlayerCamp@KPlayer@@QAEXH@Z 100274e0 f   KPlayer.obj
 0001:00026510       ?AddFaction@KPlayer@@QAEHPAD@Z 10027510 f   KPlayer.obj
 0001:000265b0       ?AddFaction@KPlayer@@QAEHH@Z 100275b0 f   KPlayer.obj
 0001:00026650       ?LeaveCurFaction@KPlayer@@QAEHXZ 10027650 f   KPlayer.obj
 0001:000266c0       ?CurFactionOpenSkill@KPlayer@@QAEHH@Z 100276c0 f   KPlayer.obj
 0001:00026750       ?TaskClearTempVal@KPlayer@@QAEXXZ 10027750 f   KPlayer.obj
 0001:00026760       ?TaskGetSaveVal@KPlayer@@QAEHH@Z 10027760 f   KPlayer.obj
 0001:00026780       ?TaskSetSaveVal@KPlayer@@QAEXHH@Z 10027780 f   KPlayer.obj
 0001:00026860       ?TaskGetClearVal@KPlayer@@QAEHH@Z 10027860 f   KPlayer.obj
 0001:00026880       ?TaskSetClearVal@KPlayer@@QAEXHH@Z 10027880 f   KPlayer.obj
 0001:000268f0       ?CheckRideHorse@KPlayer@@QAEXH@Z 100278f0 f   KPlayer.obj
 0001:000269f0       ?SetLevel@KPlayer@@QAEXE@Z 100279f0 f   KPlayer.obj
 0001:00027120       ?RefeshPlayer@KPlayer@@QAEX_N@Z 10028120 f   KPlayer.obj
 0001:000271b0       ?AddAllSkillPoint@KPlayer@@QAEXH@Z 100281b0 f   KPlayer.obj
 0001:00027200       ?AddSkillPoint@KPlayer@@QAEXHH@Z 10028200 f   KPlayer.obj
 0001:00027340       ?UpdateSkillPointAdd@KPlayer@@QAEXXZ 10028340 f   KPlayer.obj
 0001:00027380       ?ServerSendChat@KPlayer@@QAEXPAE@Z 10028380 f   KPlayer.obj
 0001:000273a0       ?AddBaseAttribute@KPlayer@@QAEXPAE@Z 100283a0 f   KPlayer.obj
 0001:00027400       ?AddSkillPoint@KPlayer@@QAEXPAE@Z 10028400 f   KPlayer.obj
 0001:00027800       ?ServerPickUpItem@KPlayer@@QAEHPAE@Z 10028800 f   KPlayer.obj
 0001:00027e30       ?EatItem@KPlayer@@QAEXPAE@Z 10028e30 f   KPlayer.obj
 0001:00027e60       ?ServerMoveItem@KPlayer@@QAEXPAE@Z 10028e60 f   KPlayer.obj
 0001:00028030       ?ServerThrowAwayItem@KPlayer@@QAEXPAE@Z 10029030 f   KPlayer.obj
 0001:00028290       ?ChatSetTakeChannel@KPlayer@@QAEXPAE@Z 10029290 f   KPlayer.obj
 0001:000282b0       ?ChatTransmitApplyAddFriend@KPlayer@@QAEXPAE@Z 100292b0 f   KPlayer.obj
 0001:000283b0       ?ChatAddFriend@KPlayer@@QAEHPAE@Z 100293b0 f   KPlayer.obj
 0001:00028480       ?ChatRefuseFriend@KPlayer@@QAEXPAE@Z 10029480 f   KPlayer.obj
 0001:00028560       ?ChatResendAllFriend@KPlayer@@QAEXPAE@Z 10029560 f   KPlayer.obj
 0001:000285a0       ?ChatSendOneFriendData@KPlayer@@QAEXPAE@Z 100295a0 f   KPlayer.obj
 0001:000285c0       ?ChatDeleteFriend@KPlayer@@QAEXPAE@Z 100295c0 f   KPlayer.obj
 0001:000285e0       ?ChatRedeleteFriend@KPlayer@@QAEXPAE@Z 100295e0 f   KPlayer.obj
 0001:00028600       ?TradeApplyOpen@KPlayer@@QAEXPAE@Z 10029600 f   KPlayer.obj
 0001:000286b0       ?TradeApplyClose@KPlayer@@QAEXPAE@Z 100296b0 f   KPlayer.obj
 0001:000286e0       ?TradeApplyStart@KPlayer@@QAEXPAE@Z 100296e0 f   KPlayer.obj
 0001:000287d0       ?TradeMoveMoney@KPlayer@@QAEXPAE@Z 100297d0 f   KPlayer.obj
 0001:00028830       ?TradeDecision@KPlayer@@QAEXPAE@Z 10029830 f   KPlayer.obj
 0001:00028e40       ?c2sTradeReplyStart@KPlayer@@QAEXPAE@Z 10029e40 f   KPlayer.obj
 0001:000290e0       ?SyncTradeState@KPlayer@@QAEXXZ 1002a0e0 f   KPlayer.obj
 0001:000291c0       ?SendEquipItemInfo@KPlayer@@QAEXH@Z 1002a1c0 f   KPlayer.obj
 0001:00029320       ?UseTownPortal@KPlayer@@QAEXXZ 1002a320 f   KPlayer.obj
 0001:00029470       ?BackToTownPortal@KPlayer@@QAEXH@Z 1002a470 f   KPlayer.obj
 0001:00029650       ?ClearPortal@KPlayer@@QAEXXZ 1002a650 f   KPlayer.obj
 0001:00029690       ?Revive@KPlayer@@QAEXH@Z   1002a690 f   KPlayer.obj
 0001:00029830       ?RestoreLiveData@KPlayer@@QAEXXZ 1002a830 f   KPlayer.obj
 0001:00029850       ?Pay@KPlayer@@QAEHH@Z      1002a850 f   KPlayer.obj
 0001:00029870       ?PrePay@KPlayer@@QAEHH@Z   1002a870 f   KPlayer.obj
 0001:000298a0       ?Earn@KPlayer@@QAEHH@Z     1002a8a0 f   KPlayer.obj
 0001:000298c0       ?LaunchPlayer@KPlayer@@QAEXXZ 1002a8c0 f   KPlayer.obj
 0001:000299b0       ?StopMove@KPlayer@@QAEXXZ  1002a9b0 f   KPlayer.obj
 0001:00029a10       ?ExecuteScript@KPlayer@@QAEHPAD0H@Z 1002aa10 f   KPlayer.obj
 0001:00029a50       ?ExecuteScript@KPlayer@@QAEHKPADH@Z 1002aa50 f   KPlayer.obj
 0001:00029c10       ?ExecuteScript@KPlayer@@QAEHKPAD0@Z 1002ac10 f   KPlayer.obj
 0001:00029dc0       ?ExecuteScript@KPlayer@@QAEHPAD00@Z 1002adc0 f   KPlayer.obj
 0001:00029e10       ?ExecuteScript2@KPlayer@@QAEHPAD0HHH@Z 1002ae10 f   KPlayer.obj
 0001:00029e60       ?ExecuteScript2@KPlayer@@QAEHKPADHHH@Z 1002ae60 f   KPlayer.obj
 0001:0002a040       ?ExecuteScript2@KPlayer@@QAEHPAD0H0H@Z 1002b040 f   KPlayer.obj
 0001:0002a090       ?ExecuteScript2@KPlayer@@QAEHKPADH0H@Z 1002b090 f   KPlayer.obj
 0001:0002a270       ?DoScriptAction@KPlayer@@QAEXPAUPLAYER_SCRIPTACTION_SYNC@@@Z 1002b270 f   KPlayer.obj
 0001:0002a2c0       ?ProcessPlayerSelectFromUI@KPlayer@@QAEXPAE@Z 1002b2c0 f   KPlayer.obj
 0001:0002a400       ?ChatFriendOnLine@KPlayer@@QAEXKH@Z 1002b400 f   KPlayer.obj
 0001:0002a4c0       ?GetFactionName@KPlayer@@QAEXPADH@Z 1002b4c0 f   KPlayer.obj
 0001:0002a4e0       ?S2CExecuteScript@KPlayer@@AAEXPAD0@Z 1002b4e0 f   KPlayer.obj
 0001:0002a5d0       ?AddTempTaskValue@KPlayer@@QAEHPAX@Z 1002b5d0 f   KPlayer.obj
 0001:0002a5f0       ?DialogNpc@KPlayer@@QAEXPAE@Z 1002b5f0 f   KPlayer.obj
 0001:0002a690       ?CheckTrading@KPlayer@@QAEHXZ 1002b690 f   KPlayer.obj
 0001:0002a6a0       ?SetFirstDamage@KPlayer@@QAEXXZ 1002b6a0 f   KPlayer.obj
 0001:0002aab0       ?SetBaseAttackRating@KPlayer@@QAEXXZ 1002bab0 f   KPlayer.obj
 0001:0002aae0       ?SetBaseDefence@KPlayer@@QAEXXZ 1002bae0 f   KPlayer.obj
 0001:0002ab10       ?SetBaseResistData@KPlayer@@QAEXXZ 1002bb10 f   KPlayer.obj
 0001:0002acf0       ?SetBaseSpeedAndRadius@KPlayer@@QAEXXZ 1002bcf0 f   KPlayer.obj
 0001:0002ada0       ?SetNpcDamageAttrib@KPlayer@@QAEXXZ 1002bda0 f   KPlayer.obj
 0001:0002adb0       ?TobeExchangeServer@KPlayer@@QAEXKHH@Z 1002bdb0 f   KPlayer.obj
 0001:0002adf0       ?IsExchangingServer@KPlayer@@QAEHXZ 1002bdf0 f   KPlayer.obj
 0001:0002ae00       ?SetLastNetOperationTime@KPlayer@@QAEXH@Z 1002be00 f   KPlayer.obj
 0001:0002ae80       ?CreateTong@KPlayer@@QAEHHPAD@Z 1002be80 f   KPlayer.obj
 0001:0002aea0       ?RepairItem@KPlayer@@QAEXK@Z 1002bea0 f   KPlayer.obj
 0001:0002af50       ?SetExtPoint@KPlayer@@QAEXHH@Z 1002bf50 f   KPlayer.obj
 0001:0002af70       ?GetExtPoint@KPlayer@@QAEHXZ 1002bf70 f   KPlayer.obj
 0001:0002af80       ?PayExtPoint@KPlayer@@QAEHH@Z 1002bf80 f   KPlayer.obj
 0001:0002afb0       ?GetExtPointChanged@KPlayer@@QAEHXZ 1002bfb0 f   KPlayer.obj
 0001:0002afc0       ?SetExtPoint2@KPlayer@@QAEXH@Z 1002bfc0 f   KPlayer.obj
 0001:0002afd0       ?SyncBronzeCoin@KPlayer@@QAEXXZ 1002bfd0 f   KPlayer.obj
 0001:0002b030       ?SetBronzeCoin@KPlayer@@QAEXH@Z 1002c030 f   KPlayer.obj
 0001:0002b060       ?GetBronzeCoin@KPlayer@@QAEHXZ 1002c060 f   KPlayer.obj
 0001:0002b0b0       ?PayBronzeCoin@KPlayer@@QAEHH@Z 1002c0b0 f   KPlayer.obj
 0001:0002b0f0       ?SyncLockBronzeCoin@KPlayer@@QAEXXZ 1002c0f0 f   KPlayer.obj
 0001:0002b150       ?SetLockBronzeCoin@KPlayer@@QAEXH@Z 1002c150 f   KPlayer.obj
 0001:0002b180       ?GetLockBronzeCoin@KPlayer@@QAEHXZ 1002c180 f   KPlayer.obj
 0001:0002b1d0       ?PayLockBronzeCoin@KPlayer@@QAEHH@Z 1002c1d0 f   KPlayer.obj
 0001:0002b210       ?ProcessEnhance@KPlayer@@QAEXXZ 1002c210 f   KPlayer.obj
 0001:0002b3c0       ?ProcessRemoveEnhance@KPlayer@@QAEXXZ 1002c3c0 f   KPlayer.obj
 0001:0002b410       ?ExeScriptButton@KPlayer@@QAEXPAE@Z 1002c410 f   KPlayer.obj
 0001:0002bbf0       ?BreakItem@KPlayer@@QAEXKH@Z 1002cbf0 f   KPlayer.obj
 0001:0002bd20       ?HideMask@KPlayer@@QAEXH@Z 1002cd20 f   KPlayer.obj
 0001:0002bd90       ?SendShopItemInfo@KPlayer@@QAEXHH@Z 1002cd90 f   KPlayer.obj
 0001:0002c040       ?BuyPlayerShop@KPlayer@@QAEXPAE@Z 1002d040 f   KPlayer.obj
 0001:0002c200       ?RestoreTask@KPlayer@@QAEXXZ 1002d200 f   KPlayer.obj
 0001:0002c260       ?ExecuteScriptRet@KPlayer@@QAEHPAD0H@Z 1002d260 f   KPlayer.obj
 0001:0002c2a0       ?ExecuteScriptRet@KPlayer@@QAEHKPADH@Z 1002d2a0 f   KPlayer.obj
 0001:0002c480       ?ExecuteScriptRet@KPlayer@@QAEHPAD00@Z 1002d480 f   KPlayer.obj
 0001:0002c4d0       ?ExecuteScriptRet@KPlayer@@QAEHKPAD0@Z 1002d4d0 f   KPlayer.obj
 0001:0002c6b0       ?SetTitle@KPlayer@@QAEXG_N@Z 1002d6b0 f   KPlayer.obj
 0001:0002c9b0       ?GetTaxShopItem@KPlayer@@AAEHH@Z 1002d9b0 f   KPlayer.obj
 0001:0002c9e0       ?AddAntiPaket@KPlayer@@QAEHKK@Z 1002d9e0 f   KPlayer.obj
 0001:0002ca40       ?SaveLog@KPlayer@@QAEXHPBD00@Z 1002da40 f   KPlayer.obj
 0001:0002ca50       ?SetAutoFlag@KPlayer@@QAEXH@Z 1002da50 f   KPlayer.obj
 0001:0002cac0       ?LockPlayerInfo@KPlayer@@QAEXEHH@Z 1002dac0 f   KPlayer.obj
 0001:0002d000       ?SetStoreBoxNum@KPlayer@@QAEXE@Z 1002e000 f   KPlayer.obj
 0001:0002d060       ?SetExpandBoxNum@KPlayer@@QAEXE@Z 1002e060 f   KPlayer.obj
 0001:0002d0c0       ?SetNumImgAvatar@KPlayer@@QAEXH@Z 1002e0c0 f   KPlayer.obj
 0001:0002d0e0       ?GiveBoxCmd@KPlayer@@QAEXKHH@Z 1002e0e0 f   KPlayer.obj
 0001:0002d370       ?Release@KPlayerChat@@QAEXXZ 1002e370 f   KPlayerChat.obj
 0001:0002d3e0       ?CheckExist@KPlayerChat@@QAEHK@Z 1002e3e0 f   KPlayerChat.obj
 0001:0002d430       ?CheckExist@KPlayerChat@@QAEHPAD@Z 1002e430 f   KPlayerChat.obj
 0001:0002d4d0       ?GetFriendNode@KPlayerChat@@QAEPAVCChatFriend@@K@Z 1002e4d0 f   KPlayerChat.obj
 0001:0002d520       ?GetTeamNo@KPlayerChat@@QAEHK@Z 1002e520 f   KPlayerChat.obj
 0001:0002d570       ?GetName@KPlayerChat@@QAEHKPAD@Z 1002e570 f   KPlayerChat.obj
 0001:0002d5e0       ?SetTakeChannel@KPlayerChat@@QAEXK@Z 1002e5e0 f   KPlayerChat.obj
 0001:0002d610       ?ServerSendChat@KPlayerChat@@QAEXHPAE@Z 1002e610 f   KPlayerChat.obj
 0001:0002e030       ?DataBaseAddOne@KPlayerChat@@QAEXHKPAD@Z 1002f030 f   KPlayerChat.obj
 0001:0002e050       ?AddFriendData@KPlayerChat@@QAEXHH@Z 1002f050 f   KPlayerChat.obj
 0001:0002e190       ??_ECChatFriend@@UAEPAXI@Z 1002f190 f i KPlayerChat.obj
 0001:0002e190       ??_GCChatFriend@@UAEPAXI@Z 1002f190 f i KPlayerChat.obj
 0001:0002e1b0       ??1CChatFriend@@UAE@XZ     1002f1b0 f i KPlayerChat.obj
 0001:0002e1c0       ?ResendOneFriendData@KPlayerChat@@QAEXKH@Z 1002f1c0 f   KPlayerChat.obj
 0001:0002e260       ?SyncFriendData@KPlayerChat@@QAEHHAAI@Z 1002f260 f   KPlayerChat.obj
 0001:0002e3d0       ?StartSendFriendData@KPlayerChat@@QAEXXZ 1002f3d0 f   KPlayerChat.obj
 0001:0002e400       ?DeleteFriend@KPlayerChat@@QAEXKK@Z 1002f400 f   KPlayerChat.obj
 0001:0002e4b0       ?DeleteFriendData@KPlayerChat@@QAEXKH@Z 1002f4b0 f   KPlayerChat.obj
 0001:0002e570       ?RedeleteFriend@KPlayerChat@@QAEXKH@Z 1002f570 f   KPlayerChat.obj
 0001:0002e5c0       ?OffLine@KPlayerChat@@QAEXK@Z 1002f5c0 f   KPlayerChat.obj
 0001:0002e610       ?GetMsgOffLine@KPlayerChat@@QAEXKH@Z 1002f610 f   KPlayerChat.obj
 0001:0002e6a0       ?TimerAdd@KPlayerChat@@QAEXXZ 1002f6a0 f   KPlayerChat.obj
 0001:0002e6b0       ?CheckTalkChannel@KPlayerChat@@QAEHH@Z 1002f6b0 f   KPlayerChat.obj
 0001:0002e6e0       ?SendSystemInfo@KPlayerChat@@SAXHHPAD0H@Z 1002f6e0 f   KPlayerChat.obj
 0001:0002e7f0       ?SendGlobalSystemInfo@KPlayerChat@@SAXPAD0H@Z 1002f7f0 f   KPlayerChat.obj
 0001:0002e890       ?SendInfoToGM@KPlayerChat@@SAXPAD00H@Z 1002f890 f   KPlayerChat.obj
 0001:0002e990       ?SendInfoToIP@KPlayerChat@@SAXKKPAD00H@Z 1002f990 f   KPlayerChat.obj
 0001:0002ea80       ?SendInfoToFaction@KPlayerChat@@SAXHPAD0H@Z 1002fa80 f   KPlayerChat.obj
 0001:0002ea90       ?MakeBrother@KPlayerChat@@SAXABV?$list@V?$basic_string@DU?$char_traits@D@std@@V?$allocator@D@2@@std@@V?$allocator@V?$basic_string@DU?$char_traits@D@std@@V?$allocator@D@2@@std@@@2@@std@@@Z 1002fa90 f   KPlayerChat.obj
 0001:0002ec50       ?MakeEnemy@KPlayerChat@@SAXPAD0@Z 1002fc50 f   KPlayerChat.obj
 0001:0002ed60       ??0CChatFriendTeam@@QAE@XZ 1002fd60 f   KPlayerChat.obj
 0001:0002edb0       ?Release@CChatFriendTeam@@QAEXXZ 1002fdb0 f   KPlayerChat.obj
 0001:0002ee20       ?DataBaseAddOne@CChatFriendTeam@@QAEXHKPAD@Z 1002fe20 f   KPlayerChat.obj
 0001:0002eef0       ??1?$basic_string@DU?$char_traits@D@std@@V?$allocator@D@2@@std@@QAE@XZ 1002fef0 f i KPlayerChat.obj
 0001:0002ef30       ?assign@?$basic_string@DU?$char_traits@D@std@@V?$allocator@D@2@@std@@QAEAAV12@ABV12@II@Z 1002ff30 f i KPlayerChat.obj
 0001:0002f130       ?_Tidy@?$basic_string@DU?$char_traits@D@std@@V?$allocator@D@2@@std@@AAEX_N@Z 10030130 f i KPlayerChat.obj
 0001:0002f180       ?_Eos@?$basic_string@DU?$char_traits@D@std@@V?$allocator@D@2@@std@@AAEXI@Z 10030180 f i KPlayerChat.obj
 0001:0002f1a0       ?_Grow@?$basic_string@DU?$char_traits@D@std@@V?$allocator@D@2@@std@@AAE_NI_N@Z 100301a0 f i KPlayerChat.obj
 0001:0002f2c0       ?max_size@?$basic_string@DU?$char_traits@D@std@@V?$allocator@D@2@@std@@QBEIXZ 100302c0 f i KPlayerChat.obj
 0001:0002f2d0       ?_Copy@?$basic_string@DU?$char_traits@D@std@@V?$allocator@D@2@@std@@AAEXI@Z 100302d0 f i KPlayerChat.obj
 0001:0002f3e0       ?_Split@?$basic_string@DU?$char_traits@D@std@@V?$allocator@D@2@@std@@AAEXXZ 100303e0 f i KPlayerChat.obj
 0001:0002f500       ??0KList@@QAE@XZ           10030500 f i KPlayerDBFuns.obj
 0001:0002f550       ?AddDBPlayer@KPlayer@@QAEHPADHPAK@Z 10030550 f   KPlayerDBFuns.obj
 0001:0002f560       ?LoadDBPlayerInfo@KPlayer@@QAEHPAEAAHAAI@Z 10030560 f   KPlayerDBFuns.obj
 0001:0002f820       ?UpdateDBPlayerInfo@KPlayer@@QAEHPAE@Z 10030820 f   KPlayerDBFuns.obj
 0001:0002f870       ?LoadPlayerBaseInfo@KPlayer@@AAEHPAEAAPAEAAI@Z 10030870 f   KPlayerDBFuns.obj
 0001:0002fda0       ?LoadPlayerItemList@KPlayer@@AAEHPAEAAPAEAAI@Z 10030da0 f   KPlayerDBFuns.obj
 0001:00030180       ?LoadPlayerFightSkillList@KPlayer@@AAEHPAEAAPAEAAI@Z 10031180 f   KPlayerDBFuns.obj
 0001:00030230       ?LoadPlayerLifeSkilllList@KPlayer@@AAEHPAEAAPAEAAI@Z 10031230 f   KPlayerDBFuns.obj
 0001:000302d0       ?LoadPlayerFriendList@KPlayer@@AAEHPAEAAPAEAAI@Z 100312d0 f   KPlayerDBFuns.obj
 0001:000303c0       ?LoadPlayerTaskList@KPlayer@@AAEHPAEAAPAEAAI@Z 100313c0 f   KPlayerDBFuns.obj
 0001:00030560       ?SavePlayerBaseInfo@KPlayer@@AAEHPAE@Z 10031560 f   KPlayerDBFuns.obj
 0001:000308d0       ?SavePlayerItemList@KPlayer@@AAEHPAE@Z 100318d0 f   KPlayerDBFuns.obj
 0001:00030a40       ?SavePlayerFightSkillList@KPlayer@@AAEHPAE@Z 10031a40 f   KPlayerDBFuns.obj
 0001:00030ac0       ?SavePlayerLifeSkilllList@KPlayer@@AAEHPAE@Z 10031ac0 f   KPlayerDBFuns.obj
 0001:00030ae0       ?SavePlayerFriendList@KPlayer@@AAEHPAE@Z 10031ae0 f   KPlayerDBFuns.obj
 0001:00030b80       ?SavePlayerTaskList@KPlayer@@AAEHPAE@Z 10031b80 f   KPlayerDBFuns.obj
 0001:00030cf0       ??0KPlayerFaction@@QAE@XZ  10031cf0 f   KPlayerFaction.obj
 0001:00030d00       ?Release@KPlayerFaction@@QAEXXZ 10031d00 f   KPlayerFaction.obj
 0001:00030d20       ?SetSeries@KPlayerFaction@@QAEXH@Z 10031d20 f   KPlayerFaction.obj
 0001:00030d30       ?AddFaction@KPlayerFaction@@QAEHHPAD@Z 10031d30 f   KPlayerFaction.obj
 0001:00030d70       ?AddFaction@KPlayerFaction@@QAEHHH@Z 10031d70 f   KPlayerFaction.obj
 0001:00030dd0       ?LeaveFaction@KPlayerFaction@@QAEXXZ 10031dd0 f   KPlayerFaction.obj
 0001:00030de0       ?OpenCurSkillLevel@KPlayerFaction@@QAEHHPAVKSkillList@@@Z 10031de0 f   KPlayerFaction.obj
 0001:00030df0       ?GetGurFactionCamp@KPlayerFaction@@QAEHXZ 10031df0 f   KPlayerFaction.obj
 0001:00030e30       ?GetCurFactionNo@KPlayerFaction@@QAEHXZ 10031e30 f   KPlayerFaction.obj
 0001:00030e40       ?GetCurFactionName@KPlayerFaction@@QAEXPAD@Z 10031e40 f   KPlayerFaction.obj
 0001:00030ed0       ??0KPlayerMenuState@@QAE@XZ 10031ed0 f   KPlayerMenuState.obj
 0001:00030ee0       ?Release@KPlayerMenuState@@QAEXXZ 10031ee0 f   KPlayerMenuState.obj
 0001:00030f20       ?BackupState@KPlayerMenuState@@QAEXXZ 10031f20 f   KPlayerMenuState.obj
 0001:00030f40       ?RestoreState@KPlayerMenuState@@QAEXXZ 10031f40 f   KPlayerMenuState.obj
 0001:00030f60       ?SetState@KPlayerMenuState@@QAEXHHPADHK@Z 10031f60 f   KPlayerMenuState.obj
 0001:00031240       ?RestoreBackupState@KPlayerMenuState@@QAEXH@Z 10032240 f   KPlayerMenuState.obj
 0001:000312f0       ?Init@KPlayerMenuStateGraph@@QAEHXZ 100322f0 f   KPlayerMenuState.obj
 0001:000313b0       ?GetStateSpr@KPlayerMenuStateGraph@@QAEXHPAD@Z 100323b0 f   KPlayerMenuState.obj
 0001:00031450       ??0KPlayerPK@@QAE@XZ       10032450 f   KPlayerPK.obj
 0001:00031460       ?Init@KPlayerPK@@QAEXH@Z   10032460 f   KPlayerPK.obj
 0001:00031490       ?Active@KPlayerPK@@QAEXXZ  10032490 f   KPlayerPK.obj
 0001:000314a0       ?SetNormalPKState@KPlayerPK@@QAEXE@Z 100324a0 f   KPlayerPK.obj
 0001:00031550       ?GetNormalPKState@KPlayerPK@@QAEEXZ 10032550 f   KPlayerPK.obj
 0001:00031560       ?EnmityPKClose@KPlayerPK@@QAEXXZ 10032560 f   KPlayerPK.obj
 0001:00031640       ?EnmityPKOpen@KPlayerPK@@QAEHH@Z 10032640 f   KPlayerPK.obj
 0001:00031af0       ?GetEnmityPKState@KPlayerPK@@QAEHXZ 10032af0 f   KPlayerPK.obj
 0001:00031b00       ?GetEnmityPKAim@KPlayerPK@@QAEHXZ 10032b00 f   KPlayerPK.obj
 0001:00031b10       ?ExercisePKClose@KPlayerPK@@QAEXXZ 10032b10 f   KPlayerPK.obj
 0001:00031be0       ?ExercisePKOpen@KPlayerPK@@QAEHH@Z 10032be0 f   KPlayerPK.obj
 0001:00031df0       ?GetExercisePKAim@KPlayerPK@@QAEHXZ 10032df0 f   KPlayerPK.obj
 0001:00031e00       ?SetPKValue@KPlayerPK@@QAEXD@Z 10032e00 f   KPlayerPK.obj
 0001:00031e70       ?GetPKValue@KPlayerPK@@QBEDXZ 10032e70 f   KPlayerPK.obj
 0001:00031e80       ?AddPKValue@KPlayerPK@@QAEXD@Z 10032e80 f   KPlayerPK.obj
 0001:00031ef0       ?CloseAll@KPlayerPK@@QAEXXZ 10032ef0 f   KPlayerPK.obj
 0001:00031f10       ?EnmityPKCountDown@KPlayerPK@@QAEXXZ 10032f10 f   KPlayerPK.obj
 0001:000320d0       ??0KPlayerSet@@QAE@XZ      100330d0 f   KPlayerSet.obj
 0001:00032160       ??1KPlayerSet@@QAE@XZ      10033160 f   KPlayerSet.obj
 0001:000321e0       ?Init@KPlayerSet@@QAEHXZ   100331e0 f   KPlayerSet.obj
 0001:00032690       ?Activate@KPlayerSet@@QAEXXZ 10033690 f   KPlayerSet.obj
 0001:000326a0       ?FindFree@KPlayerSet@@AAEHXZ 100336a0 f   KPlayerSet.obj
 0001:000326b0       ?FindSame@KPlayerSet@@QAEHK@Z 100336b0 f   KPlayerSet.obj
 0001:000326f0       ?GetFirstPlayer@KPlayerSet@@QAEHXZ 100336f0 f   KPlayerSet.obj
 0001:00032710       ?GetNextPlayer@KPlayerSet@@QAEHXZ 10033710 f   KPlayerSet.obj
 0001:00032730       ?Add@KPlayerSet@@QAEHPADPAX@Z 10033730 f   KPlayerSet.obj
 0001:00032800       ?Broadcasting@KPlayerSet@@QAEHPADH@Z 10033800 f   KPlayerSet.obj
 0001:00032870       ?PrepareRemove@KPlayerSet@@QAEXH@Z 10033870 f   KPlayerSet.obj
 0001:00032a80       ?PrepareLoginFailed@KPlayerSet@@QAEXH@Z 10033a80 f   KPlayerSet.obj
 0001:00032b10       ?PrepareExchange@KPlayerSet@@QAEXH@Z 10033b10 f   KPlayerSet.obj
 0001:00032b90       ?RemoveQuiting@KPlayerSet@@QAEXH@Z 10033b90 f   KPlayerSet.obj
 0001:00032e50       ?RemoveLoginTimeOut@KPlayerSet@@QAEXH@Z 10033e50 f   KPlayerSet.obj
 0001:00032f90       ?RemoveExchanging@KPlayerSet@@QAEXH@Z 10033f90 f   KPlayerSet.obj
 0001:00033240       ?ProcessClientMessage@KPlayerSet@@QAEXHPBDH@Z 10034240 f   KPlayerSet.obj
 0001:00033290       ?GetPlayerName@KPlayerSet@@QAEHHPAD@Z 10034290 f   KPlayerSet.obj
 0001:000332f0       ?GetPlayerAccount@KPlayerSet@@QAEHHPAD@Z 100342f0 f   KPlayerSet.obj
 0001:00033350       ?AttachPlayer@KPlayerSet@@QAEHKPAU_GUID@@@Z 10034350 f   KPlayerSet.obj
 0001:00033410       ?GetPlayerIndexByGuid@KPlayerSet@@QAEHPAU_GUID@@@Z 10034410 f   KPlayerSet.obj
 0001:00033480       ?AutoSave@KPlayerSet@@QAEXXZ 10034480 f   KPlayerSet.obj
 0001:00033510       ?GetFirstPlayerEx@KPlayerSet@@QAEHXZ 10034510 f   KPlayerSet.obj
 0001:00033520       ?GetNextPlayerEx@KPlayerSet@@QAEHH@Z 10034520 f   KPlayerSet.obj
 0001:00033540       ??0KLevelAdd@@QAE@XZ       10034540 f   KPlayerSet.obj
 0001:00033600       ?Init@KLevelAdd@@QAEHXZ    10034600 f   KPlayerSet.obj
 0001:00033810       ?GetLevelExp@KLevelAdd@@QAEHE@Z 10034810 f   KPlayerSet.obj
 0001:00033830       ?GetLifePerLevel@KLevelAdd@@QAEHH@Z 10034830 f   KPlayerSet.obj
 0001:00033850       ?GetStaminaPerLevel@KLevelAdd@@QAEHHH@Z 10034850 f   KPlayerSet.obj
 0001:00033880       ?GetManaPerLevel@KLevelAdd@@QAEHH@Z 10034880 f   KPlayerSet.obj
 0001:000338a0       ?GetLifePerVitality@KLevelAdd@@QAEHH@Z 100348a0 f   KPlayerSet.obj
 0001:000338c0       ?GetStaminaPerVitality@KLevelAdd@@QAEHH@Z 100348c0 f   KPlayerSet.obj
 0001:000338e0       ?GetManaPerEnergy@KLevelAdd@@QAEHH@Z 100348e0 f   KPlayerSet.obj
 0001:00033900       ?GetLeadExpShare@KLevelAdd@@QAEHH@Z 10034900 f   KPlayerSet.obj
 0001:00033920       ?GetFireResist@KLevelAdd@@QAEHHH@Z 10034920 f   KPlayerSet.obj
 0001:00033970       ?GetColdResist@KLevelAdd@@QAEHHH@Z 10034970 f   KPlayerSet.obj
 0001:000339c0       ?GetPoisonResist@KLevelAdd@@QAEHHH@Z 100349c0 f   KPlayerSet.obj
 0001:00033a10       ?GetLightResist@KLevelAdd@@QAEHHH@Z 10034a10 f   KPlayerSet.obj
 0001:00033a60       ?GetPhysicsResist@KLevelAdd@@QAEHHH@Z 10034a60 f   KPlayerSet.obj
 0001:00033ab0       ??0KTeamLeadExp@@QAE@XZ    10034ab0 f   KPlayerSet.obj
 0001:00033ad0       ?Init@KTeamLeadExp@@QAEHXZ 10034ad0 f   KPlayerSet.obj
 0001:00033ba0       ?GetLevel@KTeamLeadExp@@QAEHKH@Z 10034ba0 f   KPlayerSet.obj
 0001:00033bf0       ?GetMemNumFromExp@KTeamLeadExp@@QAEHK@Z 10034bf0 f   KPlayerSet.obj
 0001:00033c10       ?GetMemNumFromLevel@KTeamLeadExp@@QAEHH@Z 10034c10 f   KPlayerSet.obj
 0001:00033c30       ?GetLevelExp@KTeamLeadExp@@QAEHH@Z 10034c30 f   KPlayerSet.obj
 0001:00033c50       ??0KNewPlayerAttribute@@QAE@XZ 10034c50 f   KPlayerSet.obj
 0001:00033cb0       ?Init@KNewPlayerAttribute@@QAEHXZ 10034cb0 f   KPlayerSet.obj
 0001:00033e80       ?Remove@?$KLinkArrayTemplate@UTMissionPlayerInfo@@$0ELA@@@QAEKPAUTMissionPlayerInfo@@@Z 10034e80 f i KPlayerSet.obj
 0001:00033f00       ??0KShop@@QAE@XZ           10034f00 f   KPlayerShop.obj
 0001:00033f10       ?Release@KShop@@QAEXXZ     10034f10 f   KPlayerShop.obj
 0001:000340e0       ??0KPlayerTask@@QAE@XZ     100350e0 f   KPlayerTask.obj
 0001:000340f0       ?Release@KPlayerTask@@QAEXXZ 100350f0 f   KPlayerTask.obj
 0001:00034110       ?ClearTempVar@KPlayerTask@@QAEXXZ 10035110 f   KPlayerTask.obj
 0001:00034130       ?GetSaveVal@KPlayerTask@@QAEHH@Z 10035130 f   KPlayerTask.obj
 0001:00034150       ?SetSaveVal@KPlayerTask@@QAEXHH@Z 10035150 f   KPlayerTask.obj
 0001:00034170       ?GetClearVal@KPlayerTask@@QAEHH@Z 10035170 f   KPlayerTask.obj
 0001:00034190       ?SetClearVal@KPlayerTask@@QAEXHH@Z 10035190 f   KPlayerTask.obj
 0001:00034210       ?Release@KPlayerTeam@@QAEXXZ 10035210 f   KPlayerTeam.obj
 0001:00034240       ?CreateTeam@KPlayerTeam@@QAEHHPAUPLAYER_APPLY_CREATE_TEAM@@@Z 10035240 f   KPlayerTeam.obj
 0001:00034400       ?InviteAdd@KPlayerTeam@@QAEXHPAUTEAM_INVITE_ADD_COMMAND@@@Z 10035400 f   KPlayerTeam.obj
 0001:000345c0       ?GetInviteReply@KPlayerTeam@@QAEXHHH@Z 100355c0 f   KPlayerTeam.obj
 0001:00034b90       ?SetCanTeamFlag@KPlayerTeam@@QAEXHH@Z 10035b90 f   KPlayerTeam.obj
 0001:00034be0       ??0KTeam@@QAE@XZ           10035be0 f   KPlayerTeam.obj
 0001:00034bf0       ?Release@KTeam@@QAEXXZ     10035bf0 f   KPlayerTeam.obj
 0001:00034c20       ?SetIndex@KTeam@@QAEXH@Z   10035c20 f   KPlayerTeam.obj
 0001:00034c30       ?FindFree@KTeam@@QAEHXZ    10035c30 f   KPlayerTeam.obj
 0001:00034c50       ?FindMemberID@KTeam@@QAEHK@Z 10035c50 f   KPlayerTeam.obj
 0001:00034ca0       ?CheckFull@KTeam@@QAEHXZ   10035ca0 f   KPlayerTeam.obj
 0001:00034cc0       ?SetTeamOpen@KTeam@@QAEHXZ 10035cc0 f   KPlayerTeam.obj
 0001:00034da0       ?SetTeamClose@KTeam@@QAEHXZ 10035da0 f   KPlayerTeam.obj
 0001:00034e70       ?IsOpen@KTeam@@QAEHXZ      10035e70 f   KPlayerTeam.obj
 0001:00034e80       ?CalcCaptainPower@KTeam@@QAEHXZ 10035e80 f   KPlayerTeam.obj
 0001:00034ea0       ?CheckAddCondition@KTeam@@AAEHH@Z 10035ea0 f   KPlayerTeam.obj
 0001:00034f00       ?CreateTeam@KTeam@@QAEHH@Z 10035f00 f   KPlayerTeam.obj
 0001:00034f20       ?AddMember@KTeam@@QAEHH@Z  10035f20 f   KPlayerTeam.obj
 0001:00034f80       ?DeleteMember@KTeam@@QAEHH@Z 10035f80 f   KPlayerTeam.obj
 0001:000352a0       ?CheckIn@KTeam@@QAEHH@Z    100362a0 f   KPlayerTeam.obj
 0001:000352e0       ?Init@KTeamSet@@QAEXXZ     100362e0 f   KPlayerTeam.obj
 0001:00035300       ?FindFree@KTeamSet@@AAEHXZ 10036300 f   KPlayerTeam.obj
 0001:00035320       ?CreateTeam@KTeamSet@@QAEHH@Z 10036320 f   KPlayerTeam.obj
 0001:00035390       ?Init@KPlayerTong@@QAEXH@Z 10036390 f   KPlayerTong.obj
 0001:000353a0       ?Clear@KPlayerTong@@QAEXXZ 100363a0 f   KPlayerTong.obj
 0001:000353c0       ?CheckCreateCondition@KPlayerTong@@QAEHHPAD@Z 100363c0 f   KPlayerTong.obj
 0001:00035560       ?Create@KPlayerTong@@QAEHHPBD@Z 10036560 f   KPlayerTong.obj
 0001:00035780       ?GetOpenFlag@KPlayerTong@@QAEHXZ 10036780 f   KPlayerTong.obj
 0001:000357a0       ?TransferAddApply@KPlayerTong@@QAEHK@Z 100367a0 f   KPlayerTong.obj
 0001:00035900       ?CheckAcceptAddApplyCondition@KPlayerTong@@AAEHXZ 10036900 f   KPlayerTong.obj
 0001:00035920       ?SendRefuseMessage@KPlayerTong@@QAEXHK@Z 10036920 f   KPlayerTong.obj
 0001:00035ac0       ?GetTongName@KPlayerTong@@QAEXPAD@Z 10036ac0 f   KPlayerTong.obj
 0001:00035b00       ?GetTongTitle@KPlayerTong@@QAEXPAD@Z 10036b00 f   KPlayerTong.obj
 0001:00035b40       ?CheckAddCondition@KPlayerTong@@QAEHH@Z 10036b40 f   KPlayerTong.obj
 0001:00035be0       ?AddTong@KPlayerTong@@QAEHHPAD00@Z 10036be0 f   KPlayerTong.obj
 0001:00035dd0       ?GetTongNameID@KPlayerTong@@QAEKXZ 10036dd0 f   KPlayerTong.obj
 0001:00035de0       ?CanGetManagerInfo@KPlayerTong@@QAEHK@Z 10036de0 f   KPlayerTong.obj
 0001:00035e30       ?CanGetMemberInfo@KPlayerTong@@QAEHK@Z 10036e30 f   KPlayerTong.obj
 0001:00035e80       ?SendSelfInfo@KPlayerTong@@QAEXXZ 10036e80 f   KPlayerTong.obj
 0001:00035f40       ?CheckInstatePower@KPlayerTong@@QAEHPAUTONG_APPLY_INSTATE_COMMAND@@@Z 10036f40 f   KPlayerTong.obj
 0001:00036090       ?CheckKickPower@KPlayerTong@@QAEHPAUTONG_APPLY_KICK_COMMAND@@@Z 10037090 f   KPlayerTong.obj
 0001:000360f0       ?BeInstated@KPlayerTong@@QAEXPAUSTONG_SERVER_TO_CORE_BE_INSTATED@@@Z 100370f0 f   KPlayerTong.obj
 0001:00036140       ?BeKicked@KPlayerTong@@QAEXPAUSTONG_SERVER_TO_CORE_BE_KICKED@@@Z 10037140 f   KPlayerTong.obj
 0001:00036230       ?CheckLeavePower@KPlayerTong@@QAEHPAUTONG_APPLY_LEAVE_COMMAND@@@Z 10037230 f   KPlayerTong.obj
 0001:000362a0       ?Leave@KPlayerTong@@QAEXPAUSTONG_SERVER_TO_CORE_LEAVE@@@Z 100372a0 f   KPlayerTong.obj
 0001:00036460       ?CheckChangeMasterPower@KPlayerTong@@QAEHPAUTONG_APPLY_CHANGE_MASTER_COMMAND@@@Z 10037460 f   KPlayerTong.obj
 0001:000364f0       ?CheckGetMasterPower@KPlayerTong@@QAEHPAUSTONG_SERVER_TO_CORE_CHECK_GET_MASTER_POWER@@@Z 100374f0 f   KPlayerTong.obj
 0001:000365c0       ?ChangeAs@KPlayerTong@@QAEXPAUSTONG_SERVER_TO_CORE_CHANGE_AS@@@Z 100375c0 f   KPlayerTong.obj
 0001:000366f0       ?ChangeMaster@KPlayerTong@@QAEXPAD@Z 100376f0 f   KPlayerTong.obj
 0001:00036750       ?Login@KPlayerTong@@QAEXPAUSTONG_SERVER_TO_CORE_LOGIN@@@Z 10037750 f   KPlayerTong.obj
 0001:00036920       ?CheckChangeCampPower@KPlayerTong@@QAEHPAUTONG_CHANGE_CAMP_COMMAND@@@Z 10037920 f   KPlayerTong.obj
 0001:000369c0       ?ChangeCamp@KPlayerTong@@QAEXPAUSTONG_SERVER_TO_CORE_CHANGE_CAMP@@@Z 100379c0 f   KPlayerTong.obj
 0001:00036a40       ?CheckChangeMemberTitlePower@KPlayerTong@@QAEHPAUTONG_CHANGE_MEMBER_TITLE_COMMAND@@@Z 10037a40 f   KPlayerTong.obj
 0001:00036aa0       ?CheckChangeOneTitlePower@KPlayerTong@@QAEHPAUTONG_CHANGE_ONE_TITLE_COMMAND@@@Z 10037aa0 f   KPlayerTong.obj
 0001:00036b40       ?ChangeTitle@KPlayerTong@@QAEXPBD@Z 10037b40 f   KPlayerTong.obj
 0001:00036b90       ?CheckSaveMoneyPower@KPlayerTong@@QAEHPAUTONG_APPLY_SAVE_MONEY_COMMAND@@@Z 10037b90 f   KPlayerTong.obj
 0001:00036c30       ?SaveMoney@KPlayerTong@@QAEXPAUSTONG_SERVER_TO_CORE_SAVE_MONEY@@@Z 10037c30 f   KPlayerTong.obj
 0001:00036c60       ?CheckGetMoneyPower@KPlayerTong@@QAEHPAUTONG_APPLY_GET_MONEY_COMMAND@@@Z 10037c60 f   KPlayerTong.obj
 0001:00036d10       ?GetMoney@KPlayerTong@@QAEXPAUSTONG_SERVER_TO_CORE_GET_MONEY@@_N@Z 10037d10 f   KPlayerTong.obj
 0001:00036d90       ??0KTrade@@QAE@XZ          10037d90 f   KPlayerTrade.obj
 0001:00036db0       ?Release@KTrade@@QAEXXZ    10037db0 f   KPlayerTrade.obj
[...]
 0001:00000c70       _$E21                      10001c70 f   KMissle.obj
 0001:00000c90       _$E28                      10001c90 f   KMissle.obj
 0001:00000ca0       _$E25                      10001ca0 f   KMissle.obj
 0001:00000cc0       _$E27                      10001cc0 f   KMissle.obj
 0001:00000cd0       _$E26                      10001cd0 f   KMissle.obj
 0001:00003050       _$E35                      10004050 f   KMissle.obj
 0001:00003070       _$E34                      10004070 f   KMissle.obj
 0001:00000b00       _$E25                      10001b00 f   KThiefSkill.obj
 0001:00000b20       _$E24                      10001b20 f   KThiefSkill.obj
 0001:00000070       _$E22                      10001070 f   KPlayerPartner.obj
 0001:00000090       _$E21                      10001090 f   KPlayerPartner.obj
 0001:00000030       _$E22                      10001030 f   KPartnerSkill.obj
 0001:00000050       _$E21                      10001050 f   KPartnerSkill.obj
 0001:00071be0       _$E19                      10072be0 f   common:Exception.obj
 0001:00071c00       _$E18                      10072c00 f   common:Exception.obj
 0001:00071600       _$E23                      10072600 f   common:Buffer.obj
 0001:00071620       _$E22                      10072620 f   common:Buffer.obj
 0001:00074e2c       _$E2                       10075e2c f   libcpmt:nomemory.obj
 0001:00074a27       __Mbrtowc_lk               10075a27 f   libcpmt:xmbtowc.obj
 0001:00074490       _$E18                      10075490 f   libcpmt:locale0.obj
 0001:0007449a       _$E15                      1007549a f   libcpmt:locale0.obj
 0001:0007449b       _$E17                      1007549b f   libcpmt:locale0.obj
 0001:000744a7       _$E16                      100754a7 f   libcpmt:locale0.obj
 0001:00074982       _$E29                      10075982 f   libcpmt:locale0.obj
 0001:000749ac       _$E25                      100759ac f   libcpmt:locale0.obj
 0001:000749b8       _$E28                      100759b8 f   libcpmt:locale0.obj
 0001:00073e73       ?_CleanUp@std@@YAXXZ       10074e73 f   libcpmt:xlock.obj
 0001:00073db3       _$E24                      10074db3 f   libcpmt:string.obj
 0001:00073ddd       _$E20                      10074ddd f   libcpmt:string.obj
 0001:00073de9       _$E23                      10074de9 f   libcpmt:string.obj
 0001:00072bd8       _$E18                      10073bd8 f   libcpmt:wiostrea.obj
 0001:00072be2       _$E15                      10073be2 f   libcpmt:wiostrea.obj
 0001:00072bec       _$E17                      10073bec f   libcpmt:wiostrea.obj
 0001:00072bf8       _$E16                      10073bf8 f   libcpmt:wiostrea.obj
 0001:00072c02       _$E24                      10073c02 f   libcpmt:wiostrea.obj
 0001:00072c0c       _$E21                      10073c0c f   libcpmt:wiostrea.obj
 0001:00072c16       _$E23                      10073c16 f   libcpmt:wiostrea.obj
 0001:00072c22       _$E22                      10073c22 f   libcpmt:wiostrea.obj
 0001:00072c2c       _$E29                      10073c2c f   libcpmt:wiostrea.obj
 0001:00072c36       _$E26                      10073c36 f   libcpmt:wiostrea.obj
 0001:00072c43       _$E28                      10073c43 f   libcpmt:wiostrea.obj
 0001:00072c4f       _$E27                      10073c4f f   libcpmt:wiostrea.obj
 0001:00072c59       _$E34                      10073c59 f   libcpmt:wiostrea.obj
 0001:00072c63       _$E31                      10073c63 f   libcpmt:wiostrea.obj
 0001:00072c70       _$E33                      10073c70 f   libcpmt:wiostrea.obj
 0001:00072c7c       _$E32                      10073c7c f   libcpmt:wiostrea.obj
 0001:00072c86       _$E39                      10073c86 f   libcpmt:wiostrea.obj
 0001:00072c90       _$E36                      10073c90 f   libcpmt:wiostrea.obj
 0001:00072c9d       _$E38                      10073c9d f   libcpmt:wiostrea.obj
 0001:00072ca9       _$E37                      10073ca9 f   libcpmt:wiostrea.obj
 0001:00072cb3       _$E44                      10073cb3 f   libcpmt:wiostrea.obj
 0001:00072cbd       _$E41                      10073cbd f   libcpmt:wiostrea.obj
 0001:00072ccc       _$E43                      10073ccc f   libcpmt:wiostrea.obj
 0001:00072cd8       _$E42                      10073cd8 f   libcpmt:wiostrea.obj
 0001:00072cf7       _$E49                      10073cf7 f   libcpmt:wiostrea.obj
 0001:00072d01       _$E46                      10073d01 f   libcpmt:wiostrea.obj
 0001:00072d10       _$E48                      10073d10 f   libcpmt:wiostrea.obj
 0001:00072d1c       _$E47                      10073d1c f   libcpmt:wiostrea.obj
 0001:00072d3b       _$E54                      10073d3b f   libcpmt:wiostrea.obj
 0001:00072d45       _$E51                      10073d45 f   libcpmt:wiostrea.obj
 0001:00072d54       _$E53                      10073d54 f   libcpmt:wiostrea.obj
 0001:00072d60       _$E52                      10073d60 f   libcpmt:wiostrea.obj
 0001:00072d6a       _$E59                      10073d6a f   libcpmt:wiostrea.obj
 0001:00072d74       _$E56                      10073d74 f   libcpmt:wiostrea.obj
 0001:00072d83       _$E58                      10073d83 f   libcpmt:wiostrea.obj
 0001:00072d8f       _$E57                      10073d8f f   libcpmt:wiostrea.obj
 0001:00073a5d       _$E70                      10074a5d f   libcpmt:wiostrea.obj
 0001:00073a87       _$E66                      10074a87 f   libcpmt:wiostrea.obj
 0001:00073a93       _$E69                      10074a93 f   libcpmt:wiostrea.obj
 0001:00071c1b       _$E18                      10072c1b f   libcpmt:iostream.obj
 0001:00071c25       _$E15                      10072c25 f   libcpmt:iostream.obj
 0001:00071c32       _$E17                      10072c32 f   libcpmt:iostream.obj
 0001:00071c3e       _$E16                      10072c3e f   libcpmt:iostream.obj
 0001:00071c48       _$E23                      10072c48 f   libcpmt:iostream.obj
 0001:00071c52       _$E20                      10072c52 f   libcpmt:iostream.obj
 0001:00071c5f       _$E22                      10072c5f f   libcpmt:iostream.obj
 0001:00071c6b       _$E21                      10072c6b f   libcpmt:iostream.obj
 0001:00071c75       _$E28                      10072c75 f   libcpmt:iostream.obj
 0001:00071c7f       _$E25                      10072c7f f   libcpmt:iostream.obj
 0001:00071c8e       _$E27                      10072c8e f   libcpmt:iostream.obj
 0001:00071c9a       _$E26                      10072c9a f   libcpmt:iostream.obj
 0001:00071cb9       _$E33                      10072cb9 f   libcpmt:iostream.obj
 0001:00071cc3       _$E30                      10072cc3 f   libcpmt:iostream.obj
 0001:00071cd2       _$E32                      10072cd2 f   libcpmt:iostream.obj
 0001:00071cde       _$E31                      10072cde f   libcpmt:iostream.obj
 0001:00071cfd       _$E38                      10072cfd f   libcpmt:iostream.obj
 0001:00071d07       _$E35                      10072d07 f   libcpmt:iostream.obj
 0001:00071d14       _$E37                      10072d14 f   libcpmt:iostream.obj
 0001:00071d20       _$E36                      10072d20 f   libcpmt:iostream.obj
 0001:00071d2a       _$E43                      10072d2a f   libcpmt:iostream.obj
 0001:00071d34       _$E40                      10072d34 f   libcpmt:iostream.obj
 0001:00071d43       _$E42                      10072d43 f   libcpmt:iostream.obj
 0001:00071d4f       _$E41                      10072d4f f   libcpmt:iostream.obj
 0001:00071d59       _$E48                      10072d59 f   libcpmt:iostream.obj
 0001:00071d63       _$E45                      10072d63 f   libcpmt:iostream.obj
 0001:00071d72       _$E47                      10072d72 f   libcpmt:iostream.obj
 0001:00071d7e       _$E46                      10072d7e f   libcpmt:iostream.obj
 0001:00072b95       _$E60                      10073b95 f   libcpmt:iostream.obj
 0001:00072bbf       _$E56                      10073bbf f   libcpmt:iostream.obj
 0001:00072bcb       _$E59                      10073bcb f   libcpmt:iostream.obj
 0001:00082a30       _findenv                   10083a30 f   LIBCMT:setenv.obj
 0001:00082a88       _copy_environ              10083a88 f   LIBCMT:setenv.obj
 0001:0008287e       _strncnt                   1008387e f   LIBCMT:a_cmp.obj
 0001:00081513       _ctrlevent_capture@4       10082513 f   LIBCMT:winsig.obj
 0001:000816f7       _siglookup                 100826f7 f   LIBCMT:winsig.obj
 0001:00081041       _xtoa                      10082041 f   LIBCMT:xtoa.obj
 0001:00081113       _x64toa@20                 10082113 f   LIBCMT:xtoa.obj
 0001:00080574       __expandtime               10081574 f   LIBCMT:strftime.obj
 0001:00080963       __store_str                10081963 f   LIBCMT:strftime.obj
 0001:0008098a       __store_num                1008198a f   LIBCMT:strftime.obj
 0001:000809f9       __store_number             100819f9 f   LIBCMT:strftime.obj
 0001:00080a42       __store_winword            10081a42 f   LIBCMT:strftime.obj
 0001:0007f76d       _getSystemCP               1008076d f   LIBCMT:mbctype.obj
 0001:0007f7b7       _CPtoLCID                  100807b7 f   LIBCMT:mbctype.obj
 0001:0007f7ea       _setSBCS                   100807ea f   LIBCMT:mbctype.obj
 0001:0007f813       _setSBUpLow                10080813 f   LIBCMT:mbctype.obj
 0001:0007f388       _xcptlookup                10080388 f   LIBCMT:winxfltr.obj
 0001:0007e942       __abstract_cw              1007f942 f   LIBCMT:ieee87.obj
 0001:0007e9d4       __hw_cw                    1007f9d4 f   LIBCMT:ieee87.obj
 0001:0007ea5d       __abstract_sw              1007fa5d f   LIBCMT:ieee87.obj
 0001:0007e027       _TranslateName             1007f027 f   LIBCMT:getqloc.obj
 0001:0007e07f       _GetLcidFromLangCountry    1007f07f f   LIBCMT:getqloc.obj
 0001:0007e106       _LangCountryEnumProc@4     1007f106 f   LIBCMT:getqloc.obj
 0001:0007e30a       _GetLcidFromLanguage       1007f30a f   LIBCMT:getqloc.obj
 0001:0007e360       _LanguageEnumProc@4        1007f360 f   LIBCMT:getqloc.obj
 0001:0007e41d       _GetLcidFromCountry        1007f41d f   LIBCMT:getqloc.obj
 0001:0007e454       _CountryEnumProc@4         1007f454 f   LIBCMT:getqloc.obj
 0001:0007e4da       _GetLcidFromDefault        1007f4da f   LIBCMT:getqloc.obj
 0001:0007e4f4       _ProcessCodePage           1007f4f4 f   LIBCMT:getqloc.obj
 0001:0007e55a       _TestDefaultCountry        1007f55a f   LIBCMT:getqloc.obj
 0001:0007e579       _TestDefaultLanguage       1007f579 f   LIBCMT:getqloc.obj
 0001:0007e5db       _IsThisWindowsNT           1007f5db f   LIBCMT:getqloc.obj
 0001:0007e611       _crtGetLocaleInfoA@16      1007f611 f   LIBCMT:getqloc.obj
 0001:0007e6f7       _LcidFromHexString         1007f6f7 f   LIBCMT:getqloc.obj
 0001:0007e730       _GetPrimaryLen             1007f730 f   LIBCMT:getqloc.obj
 0001:0007d9fb       __get_lc_lconv             1007e9fb f   LIBCMT:initmon.obj
 0001:0007db1d       _fix_grouping              1007eb1d f   LIBCMT:initmon.obj
 0001:0007db54       __free_lc_lconv            1007eb54 f   LIBCMT:initmon.obj
 0001:0007d8f9       _fix_grouping              1007e8f9 f   LIBCMT:initnum.obj
 0001:0007d246       __get_lc_time              1007e246 f   LIBCMT:inittime.obj
 0001:0007d594       __free_lc_time             1007e594 f   LIBCMT:inittime.obj
 0001:0007ae16       _parse_cmdline             1007be16 f   LIBCMT:stdargv.obj
 0001:0007a492       __tzset_lk                 1007b492 f   LIBCMT:tzset.obj
 0001:0007a73a       __isindst_lk               1007b73a f   LIBCMT:tzset.obj
 0001:0007a8e6       _cvtdate                   1007b8e6 f   LIBCMT:tzset.obj
 0001:0007a194       _strncnt                   1007b194 f   LIBCMT:a_map.obj
 0001:000791f0       ?FindHandler@@YAXPAUEHExceptionRecord@@PAUEHRegistrationNode@@PAU_CONTEXT@@PAXPBU_s_FuncInfo@@EH1@Z 1007a1f0 f   LIBCMT:frame.obj
 0001:000793a3       ?FindHandlerForForeignException@@YAXPAUEHExceptionRecord@@PAUEHRegistrationNode@@PAU_CONTEXT@@PAXPBU_s_FuncInfo@@HH1@Z 1007a3a3 f   LIBCMT:frame.obj
 0001:0007944d       ?TypeMatch@@YAHPBU_s_HandlerType@@PBU_s_CatchableType@@PBU_s_ThrowInfo@@@Z 1007a44d f   LIBCMT:frame.obj
 0001:00079548       ?FrameUnwindFilter@@YAHPAU_EXCEPTION_POINTERS@@@Z 1007a548 f   LIBCMT:frame.obj
 0001:0007955e       ?CatchIt@@YAXPAUEHExceptionRecord@@PAUEHRegistrationNode@@PAU_CONTEXT@@PAXPBU_s_FuncInfo@@PBU_s_HandlerType@@PBU_s_CatchableType@@PBU_s_TryBlockMapEntry@@H1E@Z 1007a55e f   LIBCMT:frame.obj
 0001:000795d9       ?CallCatchBlock@@YAPAXPAUEHExceptionRecord@@PAUEHRegistrationNode@@PAU_CONTEXT@@PBU_s_FuncInfo@@PAXHK@Z 1007a5d9 f   LIBCMT:frame.obj
 0001:000796f4       ?ExFilterRethrow@@YAHPAU_EXCEPTION_POINTERS@@@Z 1007a6f4 f   LIBCMT:frame.obj
 0001:0007971e       ?BuildCatchObject@@YAXPAUEHExceptionRecord@@PAUEHRegistrationNode@@PBU_s_HandlerType@@PBU_s_CatchableType@@@Z 1007a71e f   LIBCMT:frame.obj
 0001:00079949       ?AdjustPointer@@YAPAXPAXABUPMD@@@Z 1007a949 f   LIBCMT:frame.obj
 0001:00078e8e       __cftoe2                   10079e8e f   LIBCMT:cvt.obj
 0001:00078fa5       __cftof2                   10079fa5 f   LIBCMT:cvt.obj
 0001:00079130       __shift                    1007a130 f   LIBCMT:cvt.obj
 0001:00078bed       _write_char                10079bed f   LIBCMT:output.obj
 0001:00078c22       _write_multi_char          10079c22 f   LIBCMT:output.obj
 0001:00078c53       _write_string              10079c53 f   LIBCMT:output.obj
 0001:00078c8b       _get_int_arg               10079c8b f   LIBCMT:output.obj
 0001:00078c98       _get_int64_arg             10079c98 f   LIBCMT:output.obj
 0001:00078ca8       _get_short_arg             10079ca8 f   LIBCMT:output.obj
 0001:000780ba       _doexit                    100790ba f   LIBCMT:crt0dat.obj
 0001:00078171       __initterm                 10079171 f   LIBCMT:crt0dat.obj
 0001:00077b95       __setlocale_set_cat        10078b95 f   LIBCMT:setlocal.obj
 0001:00077cb0       __setlocale_get_all        10078cb0 f   LIBCMT:setlocal.obj
 0001:00077110       _flsall                    10078110 f   LIBCMT:fflush.obj
 0001:00076990       LeadUp1                    10077990 f   LIBCMT:memcpy.obj
 0001:000769bc       LeadUp2                    100779bc f   LIBCMT:memcpy.obj
 0001:000769e0       LeadUp3                    100779e0 f   LIBCMT:memcpy.obj
 0001:00076a5f       UnwindUp0                  10077a5f f   LIBCMT:memcpy.obj
 0001:00076a4c       UnwindUp1                  10077a4c f   LIBCMT:memcpy.obj
 0001:00076a44       UnwindUp2                  10077a44 f   LIBCMT:memcpy.obj
 0001:00076a3c       UnwindUp3                  10077a3c f   LIBCMT:memcpy.obj
 0001:00076a34       UnwindUp4                  10077a34 f   LIBCMT:memcpy.obj
 0001:00076a2c       UnwindUp5                  10077a2c f   LIBCMT:memcpy.obj
 0001:00076a24       UnwindUp6                  10077a24 f   LIBCMT:memcpy.obj
 0001:00076a1c       UnwindUp7                  10077a1c f   LIBCMT:memcpy.obj
 0001:00076a78       TrailUp0                   10077a78 f   LIBCMT:memcpy.obj
 0001:00076a80       TrailUp1                   10077a80 f   LIBCMT:memcpy.obj
 0001:00076a8c       TrailUp2                   10077a8c f   LIBCMT:memcpy.obj
 0001:00076aa0       TrailUp3                   10077aa0 f   LIBCMT:memcpy.obj
 0001:00076b18       LeadDown1                  10077b18 f   LIBCMT:memcpy.obj
 0001:00076b38       LeadDown2                  10077b38 f   LIBCMT:memcpy.obj
 0001:00076b60       LeadDown3                  10077b60 f   LIBCMT:memcpy.obj
 0001:00076bb4       UnwindDown7                10077bb4 f   LIBCMT:memcpy.obj
 0001:00076bbc       UnwindDown6                10077bbc f   LIBCMT:memcpy.obj
 0001:00076bc4       UnwindDown5                10077bc4 f   LIBCMT:memcpy.obj
 0001:00076bcc       UnwindDown4                10077bcc f   LIBCMT:memcpy.obj
 0001:00076bd4       UnwindDown3                10077bd4 f   LIBCMT:memcpy.obj
 0001:00076bdc       UnwindDown2                10077bdc f   LIBCMT:memcpy.obj
 0001:00076be4       UnwindDown1                10077be4 f   LIBCMT:memcpy.obj
 0001:00076bf7       UnwindDown0                10077bf7 f   LIBCMT:memcpy.obj
 0001:00076c10       TrailDown0                 10077c10 f   LIBCMT:memcpy.obj
 0001:00076c18       TrailDown1                 10077c18 f   LIBCMT:memcpy.obj
 0001:00076c28       TrailDown2                 10077c28 f   LIBCMT:memcpy.obj
 0001:00076c3c       TrailDown3                 10077c3c f   LIBCMT:memcpy.obj
 0001:00075e31       __make_time_t              10076e31 f   LIBCMT:mktime.obj
 0001:00075b50       LeadUp1                    10076b50 f   LIBCMT:memmove.obj
 0001:00075b7c       LeadUp2                    10076b7c f   LIBCMT:memmove.obj
 0001:00075ba0       LeadUp3                    10076ba0 f   LIBCMT:memmove.obj
 0001:00075c1f       UnwindUp0                  10076c1f f   LIBCMT:memmove.obj
 0001:00075c0c       UnwindUp1                  10076c0c f   LIBCMT:memmove.obj
 0001:00075c04       UnwindUp2                  10076c04 f   LIBCMT:memmove.obj
 0001:00075bfc       UnwindUp3                  10076bfc f   LIBCMT:memmove.obj
 0001:00075bf4       UnwindUp4                  10076bf4 f   LIBCMT:memmove.obj
 0001:00075bec       UnwindUp5                  10076bec f   LIBCMT:memmove.obj
 0001:00075be4       UnwindUp6                  10076be4 f   LIBCMT:memmove.obj
 0001:00075bdc       UnwindUp7                  10076bdc f   LIBCMT:memmove.obj
 0001:00075c38       TrailUp0                   10076c38 f   LIBCMT:memmove.obj
 0001:00075c40       TrailUp1                   10076c40 f   LIBCMT:memmove.obj
 0001:00075c4c       TrailUp2                   10076c4c f   LIBCMT:memmove.obj
 0001:00075c60       TrailUp3                   10076c60 f   LIBCMT:memmove.obj
 0001:00075cd8       LeadDown1                  10076cd8 f   LIBCMT:memmove.obj
 0001:00075cf8       LeadDown2                  10076cf8 f   LIBCMT:memmove.obj
 0001:00075d20       LeadDown3                  10076d20 f   LIBCMT:memmove.obj
 0001:00075d74       UnwindDown7                10076d74 f   LIBCMT:memmove.obj
 0001:00075d7c       UnwindDown6                10076d7c f   LIBCMT:memmove.obj
 0001:00075d84       UnwindDown5                10076d84 f   LIBCMT:memmove.obj
 0001:00075d8c       UnwindDown4                10076d8c f   LIBCMT:memmove.obj
 0001:00075d94       UnwindDown3                10076d94 f   LIBCMT:memmove.obj
 0001:00075d9c       UnwindDown2                10076d9c f   LIBCMT:memmove.obj
 0001:00075da4       UnwindDown1                10076da4 f   LIBCMT:memmove.obj
 0001:00075db7       UnwindDown0                10076db7 f   LIBCMT:memmove.obj
 0001:00075dd0       TrailDown0                 10076dd0 f   LIBCMT:memmove.obj
 0001:00075dd8       TrailDown1                 10076dd8 f   LIBCMT:memmove.obj
 0001:00075de8       TrailDown2                 10076de8 f   LIBCMT:memmove.obj
 0001:00075dfc       TrailDown3                 10076dfc f   LIBCMT:memmove.obj
 0001:0007552e       ?ArrayUnwindFilter@@YAHPAU_EXCEPTION_POINTERS@@@Z 1007652e f   LIBCMT:ehvecdtr.obj
 0001:000752f8       _gu_return                 100762f8 f   LIBCMT:exsup.obj
 0001:00075300       __unwind_handler           10076300 f   LIBCMT:exsup.obj
 0001:00075113       ?CatchGuardHandler@@YA?AW4_EXCEPTION_DISPOSITION@@PAUEHExceptionRecord@@PAUCatchGuardRN@@PAX2@Z 10076113 f   LIBCMT:trnsctrl.obj
 0001:000751ee       ?TranslatorGuardHandler@@YA?AW4_EXCEPTION_DISPOSITION@@PAUEHExceptionRecord@@PAUTranslatorGuardRN@@PAX2@Z 100761ee f   LIBCMT:trnsctrl.obj
 0001:0008323c       _$E4                       1008423c f   comsupp:comutil.obj
 0001:00083246       _$E1                       10084246 f   comsupp:comutil.obj
 0001:00083258       _$E3                       10084258 f   comsupp:comutil.obj
 0001:00083264       _$E2                       10084264 f   comsupp:comutil.obj
 0001:00082c6b       ?_com_invoke_helper@@YAJPAUIDispatch@@JGGPAXPBGPADPAPAUIErrorInfo@@@Z 10083c6b f   comsupp:comsupp.obj
