 CoreServer

 Timestamp is 6915da88 (Thu Nov 13 08:18:00 2025)

 Preferred load address is 10000000

 Start         Length     Name                   Class
 0001:00000000 00085c32H .text                   CODE
 0001:00085c40 0000282dH .text$x                 CODE
 0002:00000000 0000034cH .idata$5                DATA
 0002:00000350 0000b5f8H .rdata                  DATA
 0002:0000b948 000006ecH .rdata$r                DATA
 0002:0000c038 00003700H .xdata$x                DATA
 0002:0000f738 0000008cH .idata$2                DATA
 0002:0000f7c4 00000014H .idata$3                DATA
 0002:0000f7d8 0000034cH .idata$4                DATA
 0002:0000fb24 000011d6H .idata$6                DATA
 0002:00010d00 00001c2fH .edata                  DATA
 0003:00000000 00000004H .CRT$XCA                DATA
 0003:00000004 000002a4H .CRT$XCU                DATA
 0003:000002a8 00000004H .CRT$XCZ                DATA
 0003:000002ac 00000004H .CRT$XIA                DATA
 0003:000002b0 0000000cH .CRT$XIC                DATA
 0003:000002bc 00000004H .CRT$XIY                DATA
 0003:000002c0 00000004H .CRT$XIZ                DATA
 0003:000002c4 00000004H .CRT$XPA                DATA
 0003:000002c8 00000004H .CRT$XPX                DATA
 0003:000002cc 00000004H .CRT$XPZ                DATA
 0003:000002d0 00000004H .CRT$XTA                DATA
 0003:000002d4 00000004H .CRT$XTB                DATA
 0003:000002d8 00000004H .CRT$XTZ                DATA
 0003:000002e0 00007ca0H .data                   DATA
 0003:00007f80 281b6b6cH .bss                    DATA

  Address         Publics by Value              Rva+Base     Lib:Object

 0001:00000000       ??_H@YGXPAXIHP6EX0@Z@Z     10001000 f i KPartnerSkill.obj
 0001:00000060       ?id@?$ctype@G@std@@$E      10001060 f i KPartnerSkill.obj
 0001:000000a0       ?GetMoney@KInventory@@QAEHXZ 100010a0 f i KThiefSkill.obj
 0001:000000b0       ?SetMoney@KInventory@@QAEHH@Z 100010b0 f i KThiefSkill.obj
 0001:000000d0       ??4KInventory@@QAEAAV0@ABV0@@Z 100010d0 f i KThiefSkill.obj
 0001:00000100       ?GetBuildItem@KItemList@@QAEHH@Z 10001100 f i KThiefSkill.obj
 0001:00000110       ?GetEquipment@KItemList@@QBEHH@Z 10001110 f i KThiefSkill.obj
 0001:00000120       ?GetMoney@KItemList@@QAEHH@Z 10001120 f i KThiefSkill.obj
 0001:00000140       ?Hand@KItemList@@QAEHXZ    10001140 f i KThiefSkill.obj
 0001:00000150       ?GetMaskLock@KItemList@@QAEHXZ 10001150 f i KThiefSkill.obj
 0001:00000160       ?GetItemCount@KItemList@@QAEHXZ 10001160 f i KThiefSkill.obj
 0001:00000170       ??4KItemList@@QAEAAV0@ABV0@@Z 10001170 f i KThiefSkill.obj
 0001:00000190       ??0KThiefSkill@@QAE@XZ     10001190 f   KThiefSkill.obj
 0001:000001c0       ?GetSkillCostType@KThiefSkill@@UBE?AW4NPCATTRIB@@XZ 100011c0 f i KThiefSkill.obj
 0001:000001d0       ?GetAttackRadius@KThiefSkill@@UBEHXZ 100011d0 f i KThiefSkill.obj
 0001:000001e0       ?IsTargetOnly@KThiefSkill@@UBEHXZ 100011e0 f i KThiefSkill.obj
 0001:000001f0       ?IsTargetSelf@KThiefSkill@@UBEHXZ 100011f0 f i KThiefSkill.obj
 0001:00000200       ?IsTargetEnemy@KThiefSkill@@UBEHXZ 10001200 f i KThiefSkill.obj
 0001:00000210       ?IsTargetAlly@KThiefSkill@@UBEHXZ 10001210 f i KThiefSkill.obj
 0001:00000220       ?IsTargetObj@KThiefSkill@@UBEHXZ 10001220 f i KThiefSkill.obj
 0001:00000230       ??_EKThiefSkill@@UAEPAXI@Z 10001230 f i KThiefSkill.obj
 0001:00000230       ??_GKThiefSkill@@UAEPAXI@Z 10001230 f i KThiefSkill.obj
 0001:00000250       ??1KThiefSkill@@UAE@XZ     10001250 f   KThiefSkill.obj
 0001:00000260       ?GetSkillId@KThiefSkill@@UAEHXZ 10001260 f   KThiefSkill.obj
 0001:00000270       ?GetSkillName@KThiefSkill@@UAEPBDXZ 10001270 f   KThiefSkill.obj
 0001:00000280       ?GetSkillStyle@KThiefSkill@@UAEHXZ 10001280 f   KThiefSkill.obj
 0001:00000290       ?LoadSkillLevelData@KThiefSkill@@UAEXKH@Z 10001290 f   KThiefSkill.obj
 0001:000002a0       ?DoSkill@KThiefSkill@@QAEHPAVKNpc@@HH@Z 100012a0 f   KThiefSkill.obj
 0001:000002f0       ?Cast_Redress@KThiefSkill@@AAEHPAVKPlayer@@0@Z 100012f0 f   KThiefSkill.obj
 0001:00000500       ?Cast_ShowLife@KThiefSkill@@AAEHPAVKPlayer@@0@Z 10001500 f   KThiefSkill.obj
 0001:00000590       ?Cast_ShowMana@KThiefSkill@@AAEHPAVKPlayer@@0@Z 10001590 f   KThiefSkill.obj
 0001:00000620       ?Cast_ShowMoney@KThiefSkill@@AAEHPAVKPlayer@@0@Z 10001620 f   KThiefSkill.obj
 0001:000006a0       ?Cast_RunScript@KThiefSkill@@AAEHPAVKPlayer@@0@Z 100016a0 f   KThiefSkill.obj
 0001:000006d0       ?Cast@KThiefSkill@@QAEHPAVKPlayer@@0@Z 100016d0 f   KThiefSkill.obj
 0001:00000750       ?OnSkill@KThiefSkill@@QAEHPAVKNpc@@@Z 10001750 f   KThiefSkill.obj
 0001:00000850       ?CanCastSkill@KThiefSkill@@UBEHHAAH0@Z 10001850 f   KThiefSkill.obj
 0001:00000920       ?LoadSetting@KThiefSkill@@QAEHPAD@Z 10001920 f   KThiefSkill.obj
 0001:00000b10       ?GetSkillCost@KThiefSkill@@UBEHPAX@Z 10001b10 f   KThiefSkill.obj
 0001:00000b60       ?IsAura@ISkill@@UBEHXZ     10001b60 f i KThiefSkill.obj
 0001:00000b70       ?IsPhysical@ISkill@@UBEHXZ 10001b70 f i KThiefSkill.obj
 0001:00000b80       ?GetSkillAttrib@ISkill@@UBEFXZ 10001b80 f i KThiefSkill.obj
 0001:00000b90       ?IsExpSkill@ISkill@@UBEHXZ 10001b90 f i KThiefSkill.obj
 0001:00000ba0       ?GetSkillLevelUpScriptId@ISkill@@UBEKXZ 10001ba0 f i KThiefSkill.obj
 0001:00000bb0       ??_GISkill@@UAEPAXI@Z      10001bb0 f i KThiefSkill.obj
 0001:00000bb0       ??_EISkill@@UAEPAXI@Z      10001bb0 f i KThiefSkill.obj
 0001:00000bd0       ??0KMissleSet@@QAE@XZ      10001bd0 f i KMissle.obj
 0001:00000be0       ??4KMissleSet@@QAEAAV0@ABV0@@Z 10001be0 f i KMissle.obj
 0001:00000c10       ??1KMissleSet@@QAE@XZ      10001c10 f i KMissle.obj
 0001:00000d20       ??0KMissle@@QAE@XZ         10001d20 f   KMissle.obj
 0001:00000d90       ??_GKMissle@@UAEPAXI@Z     10001d90 f i KMissle.obj
 0001:00000d90       ??_EKMissle@@UAEPAXI@Z     10001d90 f i KMissle.obj
 0001:00000db0       ?Release@KMissle@@AAEXXZ   10001db0 f   KMissle.obj
 0001:00000e00       ??1KMissle@@UAE@XZ         10001e00 f   KMissle.obj
 0001:00000e10       ??_EKNode@@UAEPAXI@Z       10001e10 f i KMissle.obj
 0001:00000e10       ??_GKNode@@UAEPAXI@Z       10001e10 f i KMissle.obj
 0001:00000e30       ?GetInfoFromTabFile@KMissle@@QAEHH@Z 10001e30 f   KMissle.obj
 0001:00000e50       ?GetInfoFromTabFile@KMissle@@QAEHPAVKITabFile@@H@Z 10001e50 f   KMissle.obj
 0001:00001060       ?Init@KMissle@@AAEHHHHHH@Z 10002060 f   KMissle.obj
 0001:00001070       ?Activate@KMissle@@QAEHXZ  10002070 f   KMissle.obj
 0001:000012c0       ?OnWait@KMissle@@AAEXXZ    100022c0 f   KMissle.obj
 0001:000012d0       ?OnCollision@KMissle@@AAEXXZ 100022d0 f   KMissle.obj
 0001:000012e0       ?CheckCollision@KMissle@@AAEHXZ 100022e0 f   KMissle.obj
 0001:000014a0       ?OnFly@KMissle@@AAEXXZ     100024a0 f   KMissle.obj
 0001:00001da0       ?OnVanish@KMissle@@AAEXXZ  10002da0 f   KMissle.obj
 0001:00001db0       ?CheckBeyondRegion@KMissle@@AAEHHH@Z 10002db0 f   KMissle.obj
 0001:00002040       ??4KMissle@@AAEAAV0@AAV0@@Z 10003040 f   KMissle.obj
 0001:000021b0       ?ProcessDamage@KMissle@@AAEHH@Z 100031b0 f   KMissle.obj
 0001:00002650       ?DoVanish@KMissle@@AAEXXZ  10003650 f   KMissle.obj
 0001:000026f0       ?DoCollision@KMissle@@AAEXXZ 100036f0 f   KMissle.obj
 0001:00002770       ?DoFly@KMissle@@AAEXXZ     10003770 f   KMissle.obj
 0001:00002790       ?GetOffsetAxis@KMissle@@SAHHHHHHHAAH00@Z 10003790 f   KMissle.obj
 0001:000028c0       ?ProcessCollision@KMissle@@AAEHHHHHHH@Z 100038c0 f   KMissle.obj
 0001:00002a30       ?ProcessCollision@KMissle@@AAEHXZ 10003a30 f   KMissle.obj
 0001:00002a70       ?DoWait@KMissle@@AAEXXZ    10003a70 f   KMissle.obj
 0001:00002a80       ?PrePareFly@KMissle@@AAEHXZ 10003a80 f   KMissle.obj
 0001:00002ce0       ?CheckNearestCollision@KMissle@@AAEHXZ 10003ce0 f   KMissle.obj
 0001:00002ea0       ?FindNearestCollision@KMissle@@AAEHHH@Z 10003ea0 f   KMissle.obj
 0001:00002f70       ?GetMpsPos@KMissle@@QAEXPAH0@Z 10003f70 f   KMissle.obj
 0001:00002fc0       ??_GKIndexNode@@UAEPAXI@Z  10003fc0 f i KMissle.obj
 0001:00002fc0       ??_EKIndexNode@@UAEPAXI@Z  10003fc0 f i KMissle.obj
 0001:00002fe0       ??1KIndexNode@@UAE@XZ      10003fe0 f i KMissle.obj
 0001:00002ff0       ?Send@KWorldMsg@@QAEHKHHH@Z 10003ff0 f i KMissle.obj
 0001:00003060       ??_EKWorldMsgNode@@UAEPAXI@Z 10004060 f i KMissle.obj
 0001:00003060       ??_GKWorldMsgNode@@UAEPAXI@Z 10004060 f i KMissle.obj
 0001:00003080       ??1KWorldMsgNode@@UAE@XZ   10004080 f i KMissle.obj
 0001:00003130       ?Init@KMissleSet@@QAEXXZ   10004130 f   KMissleSet.obj
 0001:00003180       ?FindFree@KMissleSet@@QAEHXZ 10004180 f   KMissleSet.obj
 0001:00003190       ?Add@KMissleSet@@QAEHHHHHHH@Z 10004190 f   KMissleSet.obj
 0001:00003230       ?Add@KMissleSet@@QAEHHHH@Z 10004230 f   KMissleSet.obj
 0001:00003380       ?CreateMissile@KMissleSet@@QAEHHHHHHHHH@Z 10004380 f   KMissleSet.obj
 0001:000033b0       ?Activate@KMissleSet@@QAEHXZ 100043b0 f   KMissleSet.obj
 0001:000033e0       ?Remove@KMissleSet@@QAEXH@Z 100043e0 f   KMissleSet.obj
 0001:00003430       ?Draw@KMissleSet@@QAEXXZ   10004430 f   KMissleSet.obj
 0001:00003440       ?GetCount@KMissleSet@@QAEHXZ 10004440 f   KMissleSet.obj
 0001:00003460       ?ClearMissles@KMissleSet@@QAEXXZ 10004460 f   KMissleSet.obj
 0001:000034c0       ??0KSkillList@@QAE@XZ      100044c0 f   KSkillList.obj
 0001:000034f0       ??1KSkillList@@QAE@XZ      100044f0 f   KSkillList.obj
 0001:00003500       ?FindSame@KSkillList@@QAEHH@Z 10004500 f   KSkillList.obj
 0001:00003530       ?FindFree@KSkillList@@QAEHXZ 10004530 f   KSkillList.obj
 0001:00003550       ?SetNpcSkill@KSkillList@@QAEXHHH@Z 10004550 f   KSkillList.obj
 0001:000035e0       ?RemoveNpcSkill@KSkillList@@QAEXH@Z 100045e0 f   KSkillList.obj
 0001:00003610       ?GetCount@KSkillList@@QAEHXZ 10004610 f   KSkillList.obj
 0001:00003630       ?IncreaseLevel@KSkillList@@QAEHHHH@Z 10004630 f   KSkillList.obj
 0001:00003730       ?Add@KSkillList@@QAEHHH_N@Z 10004730 f   KSkillList.obj
 0001:00003890       ?Remove@KSkillList@@QAEXH@Z 10004890 f   KSkillList.obj
 0001:00003920       ?GetLevel@KSkillList@@QAEHH@Z 10004920 f   KSkillList.obj
 0001:00003950       ?GetCurrentLevel@KSkillList@@QAEHH@Z 10004950 f   KSkillList.obj
 0001:00003980       ?GetPointAdd@KSkillList@@QAEDH@Z 10004980 f   KSkillList.obj
 0001:000039b0       ?CanCast@KSkillList@@QAEHHK@Z 100049b0 f   KSkillList.obj
 0001:00003a00       ?SetNextCastTime@KSkillList@@QAEXHK@Z 10004a00 f   KSkillList.obj
 0001:00003a30       ?SetMaxCastTime@KSkillList@@QAEXHK@Z 10004a30 f   KSkillList.obj
 0001:00003a60       ?GetEnhanceSkills@KSkillList@@QAEHH@Z 10004a60 f   KSkillList.obj
 0001:00003af0       ?UpdateDBSkillList@KSkillList@@QAEHPAE@Z 10004af0 f   KSkillList.obj
 0001:00003b40       ?ClearSkillLevel@KSkillList@@QAEH_N@Z 10004b40 f   KSkillList.obj
 0001:00003bd0       ?SetNpcSkill120@KSkillList@@QAEXHH@Z 10004bd0 f   KSkillList.obj
 0001:00003c00       ?AddExpSkill120@KSkillList@@QAEXH@Z 10004c00 f   KSkillList.obj
 0001:00003fc0       ?IncreaseSkill120@KSkillList@@QAEXXZ 10004fc0 f   KSkillList.obj
 0001:00004090       ?IsAddExp@KSkillList@@QAEHH@Z 10005090 f   KSkillList.obj
 0001:00004190       ??0KSkillManager@@QAE@XZ   10005190 f   KSkillManager.obj
 0001:000041a0       ??1KSkillManager@@QAE@XZ   100051a0 f   KSkillManager.obj
 0001:000041e0       ?Init@KSkillManager@@QAEHXZ 100051e0 f   KSkillManager.obj
 0001:000043a0       ?InstanceSkill@KSkillManager@@AAEPAVISkill@@KK@Z 100053a0 f   KSkillManager.obj
 0001:00004510       ??4KSkill@@QAEAAV0@ABV0@@Z 10005510 f i KSkillManager.obj
 0001:00004910       ??0KSkill@@QAE@XZ          10005910 f   KSkills.obj
 0001:00004a30       ??_EKSkill@@UAEPAXI@Z      10005a30 f i KSkills.obj
 0001:00004a30       ??_GKSkill@@UAEPAXI@Z      10005a30 f i KSkills.obj
 0001:00004a50       ??1KSkill@@UAE@XZ          10005a50 f   KSkills.obj
 0001:00004a60       ?CanCastSkill@KSkill@@UBEHHAAH0@Z 10005a60 f   KSkills.obj
 0001:00004c50       ?Cast@KSkill@@QBEHHHHHW4eSkillLauncherType@@H@Z 10005c50 f   KSkills.obj
 0001:00004e70       ?Vanish@KSkill@@ABEXPAVKMissle@@@Z 10005e70 f   KSkills.obj
 0001:00004e80       ?OnMissleEvent@KSkill@@QBEHGPAVKMissle@@@Z 10005e80 f   KSkills.obj
 0001:00005090       ?FlyEvent@KSkill@@ABEXPAVKMissle@@@Z 10006090 f   KSkills.obj
 0001:000050a0       ?Collidsion@KSkill@@ABEXPAVKMissle@@@Z 100060a0 f   KSkills.obj
 0001:000050b0       ?CastMissles@KSkill@@ABEHHHHHW4eSkillLauncherType@@@Z 100060b0 f   KSkills.obj
 0001:00006960       ?qsqrt@@YAMM@Z             10007960 f i KSkills.obj
 0001:00006990       ?g_GetDistance@@YAHHHHH@Z  10007990 f i KSkills.obj
 0001:00006a00       ?CastZone@KSkill@@ABEHPAUTOrdinSkillParam@@HHHHH@Z 10007a00 f   KSkills.obj
 0001:00006f70       ?CastLine@KSkill@@ABEHPAUTOrdinSkillParam@@HHHHH@Z 10007f70 f   KSkills.obj
 0001:000073d0       ?CastExtractiveLineMissle@KSkill@@ABEHPAUTOrdinSkillParam@@HHHHHHH@Z 100083d0 f   KSkills.obj
 0001:000077c0       ?CastWall@KSkill@@ABEHPAUTOrdinSkillParam@@HHHHH@Z 100087c0 f   KSkills.obj
 0001:00007cb0       ?CastCircle@KSkill@@ABEHPAUTOrdinSkillParam@@HHH@Z 10008cb0 f   KSkills.obj
 0001:00008050       ?CastSpread@KSkill@@ABEHPAUTOrdinSkillParam@@HHH@Z 10009050 f   KSkills.obj
 0001:000085b0       ?GetChildSkillNum@KSkill@@QBEHH@Z 100095b0 f   KSkills.obj
 0001:000085c0       ?CreateMissle@KSkill@@ABEXHHH@Z 100095c0 f   KSkills.obj
 0001:000087c0       ?GetInfoFromTabFile@KSkill@@QAEHH@Z 100097c0 f   KSkills.obj
 0001:000087e0       ?GetInfoFromTabFile@KSkill@@QAEHPAVKITabFile@@H@Z 100097e0 f   KSkills.obj
 0001:00008dc0       ?LoadSkillLevelData@KSkill@@UAEXKH@Z 10009dc0 f   KSkills.obj
 0001:00009000       ?CreateMissleMagicAttribsData@KSkill@@QBEPAVKMissleMagicAttribsData@@H@Z 1000a000 f   KSkills.obj
 0001:00009130       ?GetMissleGenerateTime@KSkill@@QBEIH@Z 1000a130 f   KSkills.obj
 0001:00009230       ?GetSkillIdFromName@KSkill@@SAHPAD@Z 1000a230 f   KSkills.obj
 0001:000092d0       ?CastInitiativeSkill@KSkill@@ABEHHHHH@Z 1000a2d0 f   KSkills.obj
 0001:00009370       ?CastInitiativeSkill@KSkill@@ABEXHH@Z 1000a370 f   KSkills.obj
 0001:00009490       ?CastPassivitySkill@KSkill@@ABEHHHHHH@Z 1000a490 f   KSkills.obj
 0001:00009570       ?CastStateSkill@KSkill@@QBEHHHHHH@Z 1000a570 f   KSkills.obj
 0001:000095c0       ?ParseString2MagicAttrib@KSkill@@AAEHKPAD0@Z 1000a5c0 f   KSkills.obj
 0001:00009d70       ?IsTargetOnly@KSkill@@UBEHXZ 1000ad70 f i KSkills.obj
 0001:00009d80       ?IsTargetSelf@KSkill@@UBEHXZ 1000ad80 f i KSkills.obj
 0001:00009d90       ?IsTargetEnemy@KSkill@@UBEHXZ 1000ad90 f i KSkills.obj
 0001:00009da0       ?IsTargetAlly@KSkill@@UBEHXZ 1000ada0 f i KSkills.obj
 0001:00009db0       ?IsTargetObj@KSkill@@UBEHXZ 1000adb0 f i KSkills.obj
 0001:00009dc0       ?GetSkillLevelUpScriptId@KSkill@@UBEKXZ 1000adc0 f i KSkills.obj
 0001:00009dd0       ?GetSkillName@KSkill@@UAEPBDXZ 1000add0 f i KSkills.obj
 0001:00009de0       ?GetSkillStyle@KSkill@@UAEHXZ 1000ade0 f i KSkills.obj
 0001:00009df0       ?GetAttackRadius@KSkill@@UBEHXZ 1000adf0 f i KSkills.obj
 0001:00009e00       ?GetSkillCost@KSkill@@UBEHPAX@Z 1000ae00 f i KSkills.obj
 0001:00009e10       ?GetSkillCostType@KSkill@@UBE?AW4NPCATTRIB@@XZ 1000ae10 f i KSkills.obj
 0001:00009e20       ?GetSkillId@KSkill@@UAEHXZ 1000ae20 f i KSkills.obj
 0001:00009e30       ?IsAura@KSkill@@UBEHXZ     1000ae30 f i KSkills.obj
 0001:00009e40       ?IsPhysical@KSkill@@UBEHXZ 1000ae40 f i KSkills.obj
 0001:00009e50       ?GetSkillAttrib@KSkill@@UBEFXZ 1000ae50 f i KSkills.obj
 0001:00009e60       ?IsExpSkill@KSkill@@UBEHXZ 1000ae60 f i KSkills.obj
 0001:00009f00       ?Init@KFaction@@QAEHXZ     1000af00 f   KFaction.obj
 0001:0000a3b0       ?GetID@KFaction@@QAEHHH@Z  1000b3b0 f   KFaction.obj
 0001:0000a3e0       ?GetID@KFaction@@QAEHHPAD@Z 1000b3e0 f   KFaction.obj
 0001:0000a470       ?GetCamp@KFaction@@QAEHH@Z 1000b470 f   KFaction.obj
 0001:0000a5a0       ??1KNpc@@QAE@XZ            1000b5a0 f i KNpc.obj
 0001:0000a600       ??1KList@@QAE@XZ           1000b600 f i KNpc.obj
 0001:0000a610       ??0KNpc@@QAE@XZ            1000b610 f   KNpc.obj
 0001:0000a8b0       ??1KNode@@UAE@XZ           1000b8b0 f i KNpc.obj
 0001:0000a8c0       ??0KNode@@QAE@XZ           1000b8c0 f i KNpc.obj
 0001:0000a8e0       ??0KMagicAttrib@@QAE@XZ    1000b8e0 f i KNpc.obj
 0001:0000a900       ?Init@KNpc@@QAEXXZ         1000b900 f   KNpc.obj
 0001:0000acc0       ?GetActiveSkill@KNpc@@QAEPAVISkill@@XZ 1000bcc0 f   KNpc.obj
 0001:0000ad50       ?SetCurrentCamp@KNpc@@QAEXH@Z 1000bd50 f   KNpc.obj
 0001:0000aeb0       ?SetCamp@KNpc@@QAEXH@Z     1000beb0 f   KNpc.obj
 0001:0000b010       ?RestoreCurrentCamp@KNpc@@QAEXXZ 1000c010 f   KNpc.obj
 0001:0000b170       ?Activate@KNpc@@QAEXXZ     1000c170 f   KNpc.obj
 0001:0000b370       ?ProcStatus@KNpc@@QAEXXZ   1000c370 f   KNpc.obj
 0001:0000b450       ?ProcCommand@KNpc@@QAEXH@Z 1000c450 f   KNpc.obj
 0001:0000b680       ?ProcessState@KNpc@@QAEHXZ 1000c680 f   KNpc.obj
 0001:0000c320       ?DoDeath@KNpc@@AAEXHH@Z    1000d320 f   KNpc.obj
 0001:0000c580       ?OnDeath@KNpc@@AAEXXZ      1000d580 f   KNpc.obj
 0001:0000c880       ?DoDefense@KNpc@@AAEXXZ    1000d880 f   KNpc.obj
 0001:0000c890       ?OnDefense@KNpc@@AAEXXZ    1000d890 f   KNpc.obj
 0001:0000c8a0       ?DoIdle@KNpc@@AAEXXZ       1000d8a0 f   KNpc.obj
 0001:0000c8c0       ?OnIdle@KNpc@@AAEXXZ       1000d8c0 f   KNpc.obj
 0001:0000c8d0       ?DoHurt@KNpc@@AAEXHHH@Z    1000d8d0 f   KNpc.obj
 0001:0000cb00       ?OnHurt@KNpc@@AAEXXZ       1000db00 f   KNpc.obj
 0001:0000cb50       ?DoSpecial1@KNpc@@AAEXXZ   1000db50 f   KNpc.obj
 0001:0000cb60       ?OnSpecial1@KNpc@@AAEXXZ   1000db60 f   KNpc.obj
 0001:0000cc20       ?DoSpecial2@KNpc@@AAEXXZ   1000dc20 f   KNpc.obj
 0001:0000cc30       ?OnSpecial2@KNpc@@AAEXXZ   1000dc30 f   KNpc.obj
 0001:0000cca0       ?DoSpecial3@KNpc@@AAEXXZ   1000dca0 f   KNpc.obj
 0001:0000ccb0       ?OnSpecial3@KNpc@@AAEXXZ   1000dcb0 f   KNpc.obj
 0001:0000ccc0       ?DoSpecial4@KNpc@@AAEXXZ   1000dcc0 f   KNpc.obj
 0001:0000ccd0       ?OnSpecial4@KNpc@@AAEXXZ   1000dcd0 f   KNpc.obj
 0001:0000cce0       ?DoGlide@KNpc@@AAEHF@Z     1000dce0 f   KNpc.obj
 0001:0000d2a0       ?OnGlide@KNpc@@AAEXXZ      1000e2a0 f   KNpc.obj
 0001:0000d2b0       ?GlideTo@KNpc@@AAEXHHF@Z   1000e2b0 f   KNpc.obj
 0001:0000d2f0       ?DoStand@KNpc@@AAEXXZ      1000e2f0 f   KNpc.obj
 0001:0000d330       ?OnStand@KNpc@@AAEXXZ      1000e330 f   KNpc.obj
 0001:0000d340       ?DoRevive@KNpc@@AAEXXZ     1000e340 f   KNpc.obj
 0001:0000d460       ?OnRevive@KNpc@@AAEXXZ     1000e460 f   KNpc.obj
 0001:0000d480       ?DoRun@KNpc@@AAEXXZ        1000e480 f   KNpc.obj
 0001:0000d6a0       ?OnRun@KNpc@@AAEXH@Z       1000e6a0 f   KNpc.obj
 0001:0000d740       ?DoSit@KNpc@@AAEXXZ        1000e740 f   KNpc.obj
 0001:0000d8b0       ?OnSit@KNpc@@AAEXXZ        1000e8b0 f   KNpc.obj
 0001:0000d8d0       ?DoSkill@KNpc@@AAEXHH@Z    1000e8d0 f   KNpc.obj
 0001:0000dc40       ?UnDoSkill@KNpc@@AAEXXZ    1000ec40 f   KNpc.obj
 0001:0000dc60       ?DoOrdinSkill@KNpc@@AAEHPAVKSkill@@HH@Z 1000ec60 f   KNpc.obj
 0001:0000dda0       ?DoAttack@KNpc@@AAEXXZ     1000eda0 f   KNpc.obj
 0001:0000ddf0       ?CastMeleeSkill@KNpc@@AAEHPAVKSkill@@@Z 1000edf0 f   KNpc.obj
 0001:0000e030       ?DoBlurAttack@KNpc@@AAEHXZ 1000f030 f   KNpc.obj
 0001:0000e090       ?DoMagic@KNpc@@AAEXXZ      1000f090 f   KNpc.obj
 0001:0000e0e0       ?OnSkill@KNpc@@AAEXXZ      1000f0e0 f   KNpc.obj
 0001:0000e1f0       ?JumpTo@KNpc@@AAEXHH@Z     1000f1f0 f   KNpc.obj
 0001:0000e230       ?RunTo@KNpc@@AAEXHH@Z      1000f230 f   KNpc.obj
 0001:0000e260       ?Goto@KNpc@@AAEXHH@Z       1000f260 f   KNpc.obj
 0001:0000e290       ?DoWalk@KNpc@@AAEXXZ       1000f290 f   KNpc.obj
 0001:0000e470       ?DoPlayerTalk@KNpc@@QAEXPAD@Z 1000f470 f   KNpc.obj
 0001:0000e630       ?OnPlayerTalk@KNpc@@AAEXXZ 1000f630 f   KNpc.obj
 0001:0000e640       ?OnWalk@KNpc@@AAEXXZ       1000f640 f   KNpc.obj
 0001:0000e660       ?GetSkillLevel@KNpc@@QAEHH@Z 1000f660 f   KNpc.obj
 0001:0000e690       ?ModifyAttrib@KNpc@@QAEXHPAX@Z 1000f690 f   KNpc.obj
 0001:0000e6b0       ?CalcDamage@KNpc@@QAEHHHHHW4DAMAGE_TYPE@@HHHHHHHH@Z 1000f6b0 f   KNpc.obj
 0001:0000f1d0       ?ReceiveDamage@KNpc@@QAEHHHPAXHHH@Z 100101d0 f   KNpc.obj
 0001:0000fef0       ?SetImmediatelySkillEffect@KNpc@@QAEXHPAXH@Z 10010ef0 f   KNpc.obj
 0001:0000ff30       ?AppendSkillEffect@KNpc@@QAEXKHHPAX0@Z 10010f30 f   KNpc.obj
 0001:00010860       ?ProcMove@KNpc@@AAEXH@Z    10011860 f   KNpc.obj
 0001:00010de0       ?ProcJump@KNpc@@AAEXH@Z    10011de0 f   KNpc.obj
 0001:00011100       ?SendCommand@KNpc@@QAEXW4NPCCMD@@HHH@Z 10012100 f   KNpc.obj
 0001:00011150       ?SendCommandRandMove@KNpc@@QAEXHHH@Z 10012150 f   KNpc.obj
 0001:00011180       ?NewPath@KNpc@@AAEHHH@Z    10012180 f   KNpc.obj
 0001:000111a0       ?NewJump@KNpc@@AAEHHH@Z    100121a0 f   KNpc.obj
 0001:00011530       ?NewGlide@KNpc@@AAEHHHH@Z  10012530 f   KNpc.obj
 0001:000118c0       ?SelfDamage@KNpc@@QAEXH@Z  100128c0 f   KNpc.obj
 0001:000118f0       ?Cost@KNpc@@QAEHW4NPCATTRIB@@HH@Z 100128f0 f   KNpc.obj
 0001:00011960       ?DoJump@KNpc@@AAEXXZ       10012960 f   KNpc.obj
 0001:00011b20       ?OnJump@KNpc@@AAEHXZ       10012b20 f   KNpc.obj
 0001:00011b70       ?WaitForFrame@KNpc@@AAEHXZ 10012b70 f   KNpc.obj
 0001:00011ba0       ?IsReachFrame@KNpc@@AAEHH@Z 10012ba0 f   KNpc.obj
 0001:00011bd0       ?Load@KNpc@@QAEXHHH@Z      10012bd0 f   KNpc.obj
 0001:00011c70       ?GetMpsPos@KNpc@@QAEXPAH0@Z 10012c70 f   KNpc.obj
 0001:00011cc0       ?SetActiveSkill@KNpc@@QAEHH@Z 10012cc0 f   KNpc.obj
 0001:00011d80       ?SetAuraSkill@KNpc@@QAEXH@Z 10012d80 f   KNpc.obj
 0001:00011e70       ?SetPlayerIdx@KNpc@@QAEHH@Z 10012e70 f   KNpc.obj
 0001:00011ea0       ?SendSyncData@KNpc@@QAEHH@Z 10012ea0 f   KNpc.obj
 0001:000122e0       ?NormalSync@KNpc@@QAEXXZ   100132e0 f   KNpc.obj
 0001:00012a40       ?BroadCastRevive@KNpc@@QAEXH@Z 10013a40 f   KNpc.obj
 0001:00012ba0       ?SetPos@KNpc@@QAE_NHH@Z    10013ba0 f   KNpc.obj
 0001:00012dc0       ?MoveNpc@KNpc@@QAEXHHHHH_N@Z 10013dc0 f   KNpc.obj
 0001:00012ee0       ?AddBaseLifeMax@KNpc@@QAEXH@Z 10013ee0 f   KNpc.obj
 0001:00012f00       ?AddCurLifeMax@KNpc@@QAEXH@Z 10013f00 f   KNpc.obj
 0001:00012f20       ?AddBaseStaminaMax@KNpc@@QAEXH@Z 10013f20 f   KNpc.obj
 0001:00012f40       ?AddCurStaminaMax@KNpc@@QAEXH@Z 10013f40 f   KNpc.obj
 0001:00012f60       ?AddBaseManaMax@KNpc@@QAEXH@Z 10013f60 f   KNpc.obj
 0001:00012f80       ?AddCurManaMax@KNpc@@QAEXH@Z 10013f80 f   KNpc.obj
 0001:00012fa0       ?CalcCurLifeReplenish@KNpc@@QAEXXZ 10013fa0 f   KNpc.obj
 0001:00012fb0       ?Remove@KNpc@@QAEXXZ       10013fb0 f   KNpc.obj
 0001:00012fc0       ?SetSeries@KNpc@@QAEXH@Z   10013fc0 f   KNpc.obj
 0001:00012fe0       ?SetStateSkillEffect@KNpc@@QAEXHHHPAXHHH@Z 10013fe0 f   KNpc.obj
 0001:000133f0       ??_EKStateNode@@UAEPAXI@Z  100143f0 f i KNpc.obj
 0001:000133f0       ??_GKStateNode@@UAEPAXI@Z  100143f0 f i KNpc.obj
 0001:00013410       ??1KStateNode@@UAE@XZ      10014410 f i KNpc.obj
 0001:00013420       ?ModifyMissleCollsion@KNpc@@QAEHH@Z 10014420 f   KNpc.obj
 0001:00013450       ?ModifyMissleLifeTime@KNpc@@QAEHH@Z 10014450 f   KNpc.obj
 0001:00013460       ?ModifyMissleSpeed@KNpc@@QAEHH@Z 10014460 f   KNpc.obj
 0001:00013480       ?DoManyAttack@KNpc@@AAEHXZ 10014480 f   KNpc.obj
 0001:00013540       ?OnManyAttack@KNpc@@AAEXXZ 10014540 f   KNpc.obj
 0001:000135e0       ?DoRunAttack@KNpc@@AAEHXZ  100145e0 f   KNpc.obj
 0001:000136f0       ?OnRunAttack@KNpc@@AAEXXZ  100146f0 f   KNpc.obj
 0001:00013890       ?DoJumpAttack@KNpc@@AAEHXZ 10014890 f   KNpc.obj
 0001:00013930       ?OnJumpAttack@KNpc@@AAEHXZ 10014930 f   KNpc.obj
 0001:00013a70       ?CheckHitTarget@KNpc@@AAEHHHH@Z 10014a70 f   KNpc.obj
 0001:00013ae0       ?AddStateInfo@KNpc@@AAEXH@Z 10014ae0 f   KNpc.obj
 0001:00013b30       ?AddStateSkillList@KNpc@@AAEXPAVKStateNode@@@Z 10014b30 f   KNpc.obj
 0001:00013b90       ?GetNpcCopyFromTemplate@KNpc@@QAEXHHH@Z 10014b90 f   KNpc.obj
 0001:00013f70       ?LoadDataFromTemplate@KNpc@@QAEXHHH@Z 10014f70 f   KNpc.obj
 0001:000143d0       ?SetPhysicsDamage@KNpc@@QAEXHH@Z 100153d0 f   KNpc.obj
 0001:000143f0       ?SetBaseAttackRating@KNpc@@QAEXH@Z 100153f0 f   KNpc.obj
 0001:00014410       ?SetBaseDefence@KNpc@@QAEXH@Z 10015410 f   KNpc.obj
 0001:00014430       ?DeathPunish@KNpc@@QAEXHH@Z 10015430 f   KNpc.obj
 0001:000149b0       ??1tagSHOW_MSG_SYNC@@QAE@XZ 100159b0 f i KNpc.obj
 0001:000149d0       ?PlayerDeadCreateMoneyObj@KNpc@@AAEXH@Z 100159d0 f   KNpc.obj
 0001:00014aa0       ?LoseMoney@KNpc@@AAEXH@Z   10015aa0 f   KNpc.obj
 0001:00014bc0       ?LoseSingleItem@KNpc@@AAEXH@Z 10015bc0 f   KNpc.obj
 0001:00015010       ?Revive@KNpc@@QAEXXZ       10016010 f   KNpc.obj
 0001:00015230       ?RestoreLiveData@KNpc@@QAEXXZ 10016230 f   KNpc.obj
 0001:00015240       ?SendDataToNearRegion@KNpc@@QAEXPAXK@Z 10016240 f   KNpc.obj
 0001:00015390       ?DeathCalcPKValue@KNpc@@QAEHH@Z 10016390 f   KNpc.obj
 0001:00015600       ?CheckPlayerAround@KNpc@@QAEHH@Z 10016600 f   KNpc.obj
 0001:000156c0       ?SendBloodNo@KNpc@@QAEXKH@Z 100166c0 f   KNpc.obj
 0001:00015770       ?getRandomLevel@KNpc@@QAEHQBNH@Z 10016770 f   KNpc.obj
 0001:000157f0       ?IsMagicAttribLuckyLevel@KNpc@@QAEHH@Z 100167f0 f   KNpc.obj
 0001:00015920       ?DropRateItem@KNpc@@QAEXHPBDHHHH@Z 10016920 f   KNpc.obj
 0001:00016100       ?DropObj@KNpc@@QAEXHHPADHH@Z 10017100 f   KNpc.obj
 0001:000161e0       ?UpdateNpcStateInfo@KNpc@@AAEXXZ 100171e0 f   KNpc.obj
 0001:000162c0       ?BroadCastState@KNpc@@QAEXXZ 100172c0 f   KNpc.obj
 0001:00016430       ?AddPoisonState@KNpc@@AAEXHHHH@Z 10017430 f   KNpc.obj
 0001:00016560       ?ClearNpcState@KNpc@@QAEXXZ 10017560 f   KNpc.obj
 0001:000165c0       ?RestoreNpcBaseInfo@KNpc@@QAEXXZ 100175c0 f   KNpc.obj
 0001:00016a00       ?ChangeWorld@KNpc@@QAEHKHH@Z 10017a00 f   KNpc.obj
 0001:00017080       ?TobeExchangeServer@KNpc@@QAEXKHH@Z 10018080 f   KNpc.obj
 0001:000170f0       ?IsPlayer@KNpc@@QAEHXZ     100180f0 f   KNpc.obj
 0001:00017100       ?IsAlive@KNpc@@QAEHXZ      10018100 f   KNpc.obj
 0001:00017120       ?ClearStateSkillEffect@KNpc@@QAEXXZ 10018120 f   KNpc.obj
 0001:000171f0       ?ClearNormalState@KNpc@@QAEXXZ 100181f0 f   KNpc.obj
 0001:000172c0       ?CheckTrap@KNpc@@QAEXXZ    100182c0 f   KNpc.obj
 0001:00017360       ?SetFightMode@KNpc@@QAEXH@Z 10018360 f   KNpc.obj
 0001:000173a0       ?TurnTo@KNpc@@QAEXH@Z      100183a0 f   KNpc.obj
 0001:00017500       ?ReCalcStateEffect@KNpc@@QAEXXZ 10018500 f   KNpc.obj
 0001:00017590       ?GetCurActiveWeaponSkill@KNpc@@QAEHXZ 10018590 f   KNpc.obj
 0001:00017620       ?BroadCastPosition@KNpc@@QAEXXZ 10018620 f   KNpc.obj
 0001:000177d0       ?GetFrameCopyFromTemplate@KNpc@@QAEXHHH@Z 100187d0 f   KNpc.obj
 0001:00017ba0       ?LoadFrameFromTemplate@KNpc@@QAEXHHH@Z 10018ba0 f   KNpc.obj
 0001:00017c10       ?ReSetRes@KNpc@@QAEXH@Z    10018c10 f   KNpc.obj
 0001:00017c60       ?AutoDoSkill@KNpc@@QAEXHHHH@Z 10018c60 f   KNpc.obj
 0001:00018220       ?RandMove@KNpc@@QAEXHHH@Z  10019220 f   KNpc.obj
 0001:00018420       ?ExecuteRevive@KNpc@@QAEXXZ 10019420 f   KNpc.obj
 0001:00018440       ?SetTitleEffect@KNpc@@QAEXH@Z 10019440 f   KNpc.obj
 0001:00018600       ?SetTimer@KNpc@@QAEXKH@Z   10019600 f   KNpc.obj
 0001:00018620       ?CloseTimer@KNpc@@QAEXXZ   10019620 f   KNpc.obj
 0001:00018630       ?SaveTimerTask@KNpc@@QAEXXZ 10019630 f   KNpc.obj
 0001:00018650       ?LoadTimerTask@KNpc@@QAEXXZ 10019650 f   KNpc.obj
 0001:00018670       ?ExecuteTimerScript@KNpc@@QAEHPAD0H@Z 10019670 f   KNpc.obj
 0001:000186b0       ?ExecuteTimerScript@KNpc@@QAEHKPADH@Z 100196b0 f   KNpc.obj
 0001:000188b0       ?ExecuteScript@KNpc@@QAEHPAD0H@Z 100198b0 f   KNpc.obj
 0001:000188f0       ?ExecuteScript@KNpc@@QAEHKPADH@Z 100198f0 f   KNpc.obj
 0001:00018a60       ?ExecuteScript@KNpc@@QAEHKPAD0@Z 10019a60 f   KNpc.obj
 0001:00018bf0       ?ExecuteScript@KNpc@@QAEHPAD00@Z 10019bf0 f   KNpc.obj
 0001:00018c40       ?ExecuteScript2@KNpc@@QAEHKPAD00@Z 10019c40 f   KNpc.obj
 0001:00018de0       ?ExecuteScript2@KNpc@@QAEHKPADHH@Z 10019de0 f   KNpc.obj
 0001:00018f50       ?ExecuteScript2@KNpc@@QAEHPAD0HH@Z 10019f50 f   KNpc.obj
 0001:00018fa0       ?ExecuteScript2@KNpc@@QAEHPAD000@Z 10019fa0 f   KNpc.obj
 0001:00018ff0       ?MaintainAura@KNpc@@QAEXXZ 10019ff0 f   KNpc.obj
 0001:00019190       ??0KNpcAI@@QAE@XZ          1001a190 f   KNpcAI.obj
 0001:000191a0       ?Activate@KNpcAI@@QAEXH@Z  1001a1a0 f   KNpcAI.obj
 0001:000192b0       ?ProcessPlayer@KNpcAI@@AAEXXZ 1001a2b0 f   KNpcAI.obj
 0001:000192d0       ?TriggerMapTrap@KNpcAI@@AAEXXZ 1001a2d0 f   KNpcAI.obj
 0001:000192f0       ?TriggerObjectTrap@KNpcAI@@AAEXXZ 1001a2f0 f   KNpcAI.obj
 0001:00019300       ?GetNearestNpc@KNpcAI@@AAEHH@Z 1001a300 f   KNpcAI.obj
 0001:00019860       ?GetNpcNumber@KNpcAI@@AAEHH@Z 1001a860 f   KNpcAI.obj
 0001:00019a70       ?KeepAttackRange@KNpcAI@@AAEXHH@Z 1001aa70 f   KNpcAI.obj
 0001:00019c10       ?FollowAttack@KNpcAI@@AAEXH@Z 1001ac10 f   KNpcAI.obj
 0001:00019d10       ?InEyeshot@KNpcAI@@AAEHH@Z 1001ad10 f   KNpcAI.obj
 0001:00019d50       ?CommonAction@KNpcAI@@AAEXXZ 1001ad50 f   KNpcAI.obj
 0001:00019e40       ?KeepActiveRange@KNpcAI@@AAEHXZ 1001ae40 f   KNpcAI.obj
 0001:00019f60       ?Flee@KNpcAI@@AAEXH@Z      1001af60 f   KNpcAI.obj
 0001:0001a000       ?ProcessAIType01@KNpcAI@@AAEXXZ 1001b000 f   KNpcAI.obj
 0001:0001a1c0       ?ProcessAIType02@KNpcAI@@AAEXXZ 1001b1c0 f   KNpcAI.obj
 0001:0001a450       ?ProcessAIType03@KNpcAI@@AAEXXZ 1001b450 f   KNpcAI.obj
 0001:0001a660       ?ProcessAIType04@KNpcAI@@AAEXXZ 1001b660 f   KNpcAI.obj
 0001:0001a830       ?ProcessAIType05@KNpcAI@@AAEXXZ 1001b830 f   KNpcAI.obj
 0001:0001aa60       ?ProcessAIType06@KNpcAI@@AAEXXZ 1001ba60 f   KNpcAI.obj
 0001:0001ac30       ?ProcessAIType07@KNpcAI@@AAEXXZ 1001bc30 f   KNpcAI.obj
 0001:0001add0       ??0KNpcAttribModify@@QAE@XZ 1001bdd0 f   KNpcAttribModify.obj
 0001:0001b290       ??1KNpcAttribModify@@QAE@XZ 1001c290 f   KNpcAttribModify.obj
 0001:0001b2a0       ?ModifyAttrib@KNpcAttribModify@@QAEXPAVKNpc@@PAX@Z 1001c2a0 f   KNpcAttribModify.obj
 0001:0001b2d0       ?AddColdDamageV@KNpcAttribModify@@AAEXPAVKNpc@@PAX@Z 1001c2d0 f   KNpcAttribModify.obj
 0001:0001b360       ?AddFireDamageV@KNpcAttribModify@@AAEXPAVKNpc@@PAX@Z 1001c360 f   KNpcAttribModify.obj
 0001:0001b390       ?AddLightingDamageV@KNpcAttribModify@@AAEXPAVKNpc@@PAX@Z 1001c390 f   KNpcAttribModify.obj
 0001:0001b3c0       ?AddPhysicsDamageP@KNpcAttribModify@@AAEXPAVKNpc@@PAX@Z 1001c3c0 f   KNpcAttribModify.obj
 0001:0001b480       ?AddPoisonDamageV@KNpcAttribModify@@AAEXPAVKNpc@@PAX@Z 1001c480 f   KNpcAttribModify.obj
 0001:0001b4d0       ?AddPhysicsDamageV@KNpcAttribModify@@AAEXPAVKNpc@@PAX@Z 1001c4d0 f   KNpcAttribModify.obj
 0001:0001b4f0       ?AllresP@KNpcAttribModify@@AAEXPAVKNpc@@PAX@Z 1001c4f0 f   KNpcAttribModify.obj
 0001:0001b540       ?AllSkillV@KNpcAttribModify@@AAEXPAVKNpc@@PAX@Z 1001c540 f   KNpcAttribModify.obj
 0001:0001b5b0       ?AttackRatingP@KNpcAttribModify@@AAEXPAVKNpc@@PAX@Z 1001c5b0 f   KNpcAttribModify.obj
 0001:0001b5e0       ?AttackRatingV@KNpcAttribModify@@AAEXPAVKNpc@@PAX@Z 1001c5e0 f   KNpcAttribModify.obj
 0001:0001b600       ?AttackSpeedV@KNpcAttribModify@@AAEXPAVKNpc@@PAX@Z 1001c600 f   KNpcAttribModify.obj
 0001:0001b620       ?BadStatusTimeReduceV@KNpcAttribModify@@AAEXPAVKNpc@@PAX@Z 1001c620 f   KNpcAttribModify.obj
 0001:0001b630       ?BurnTimeReduceP@KNpcAttribModify@@AAEXPAVKNpc@@PAX@Z 1001c630 f   KNpcAttribModify.obj
 0001:0001b640       ?CastSpeedV@KNpcAttribModify@@AAEXPAVKNpc@@PAX@Z 1001c640 f   KNpcAttribModify.obj
 0001:0001b660       ?ChangeCampV@KNpcAttribModify@@AAEXPAVKNpc@@PAX@Z 1001c660 f   KNpcAttribModify.obj
 0001:0001b6a0       ?ColdArmorV@KNpcAttribModify@@AAEXPAVKNpc@@PAX@Z 1001c6a0 f   KNpcAttribModify.obj
 0001:0001b6b0       ?ColdresP@KNpcAttribModify@@AAEXPAVKNpc@@PAX@Z 1001c6b0 f   KNpcAttribModify.obj
 0001:0001b6d0       ?DeadlyStrikeP@KNpcAttribModify@@AAEXPAVKNpc@@PAX@Z 1001c6d0 f   KNpcAttribModify.obj
 0001:0001b6f0       ?DexterityV@KNpcAttribModify@@AAEXPAVKNpc@@PAX@Z 1001c6f0 f   KNpcAttribModify.obj
 0001:0001b730       ?EarthSkillV@KNpcAttribModify@@AAEXPAVKNpc@@PAX@Z 1001c730 f   KNpcAttribModify.obj
 0001:0001b740       ?EnergyV@KNpcAttribModify@@AAEXPAVKNpc@@PAX@Z 1001c740 f   KNpcAttribModify.obj
 0001:0001b780       ?FastHitRecoverV@KNpcAttribModify@@AAEXPAVKNpc@@PAX@Z 1001c780 f   KNpcAttribModify.obj
 0001:0001b7a0       ?FastWalkRunP@KNpcAttribModify@@AAEXPAVKNpc@@PAX@Z 1001c7a0 f   KNpcAttribModify.obj
 0001:0001b810       ?FireArmorV@KNpcAttribModify@@AAEXPAVKNpc@@PAX@Z 1001c810 f   KNpcAttribModify.obj
 0001:0001b820       ?FireSkillV@KNpcAttribModify@@AAEXPAVKNpc@@PAX@Z 1001c820 f   KNpcAttribModify.obj
 0001:0001b830       ?FreezeTimeReduceP@KNpcAttribModify@@AAEXPAVKNpc@@PAX@Z 1001c830 f   KNpcAttribModify.obj
 0001:0001b850       ?KnockBackP@KNpcAttribModify@@AAEXPAVKNpc@@PAX@Z 1001c850 f   KNpcAttribModify.obj
 0001:0001b870       ?LifeMaxP@KNpcAttribModify@@AAEXPAVKNpc@@PAX@Z 1001c870 f   KNpcAttribModify.obj
 0001:0001b8c0       ?LifeMaxV@KNpcAttribModify@@AAEXPAVKNpc@@PAX@Z 1001c8c0 f   KNpcAttribModify.obj
 0001:0001b8e0       ?LifeReplenishV@KNpcAttribModify@@AAEXPAVKNpc@@PAX@Z 1001c8e0 f   KNpcAttribModify.obj
 0001:0001b900       ?LifeV@KNpcAttribModify@@AAEXPAVKNpc@@PAX@Z 1001c900 f   KNpcAttribModify.obj
 0001:0001b920       ?LightingArmorV@KNpcAttribModify@@AAEXPAVKNpc@@PAX@Z 1001c920 f   KNpcAttribModify.obj
 0001:0001b930       ?LightingresP@KNpcAttribModify@@AAEXPAVKNpc@@PAX@Z 1001c930 f   KNpcAttribModify.obj
 0001:0001b950       ?LuckyV@KNpcAttribModify@@AAEXPAVKNpc@@PAX@Z 1001c950 f   KNpcAttribModify.obj
 0001:0001b990       ?ManaMaxP@KNpcAttribModify@@AAEXPAVKNpc@@PAX@Z 1001c990 f   KNpcAttribModify.obj
 0001:0001b9d0       ?ManaMaxV@KNpcAttribModify@@AAEXPAVKNpc@@PAX@Z 1001c9d0 f   KNpcAttribModify.obj
 0001:0001b9f0       ?ManaReplenishV@KNpcAttribModify@@AAEXPAVKNpc@@PAX@Z 1001c9f0 f   KNpcAttribModify.obj
 0001:0001ba10       ?ManaV@KNpcAttribModify@@AAEXPAVKNpc@@PAX@Z 1001ca10 f   KNpcAttribModify.obj
 0001:0001ba30       ?ManaShieldP@KNpcAttribModify@@AAEXPAVKNpc@@PAX@Z 1001ca30 f   KNpcAttribModify.obj
 0001:0001ba50       ?MeleeDamageReturnP@KNpcAttribModify@@AAEXPAVKNpc@@PAX@Z 1001ca50 f   KNpcAttribModify.obj
 0001:0001ba70       ?MeleeDamageReturnV@KNpcAttribModify@@AAEXPAVKNpc@@PAX@Z 1001ca70 f   KNpcAttribModify.obj
 0001:0001ba90       ?MetalSkillV@KNpcAttribModify@@AAEXPAVKNpc@@PAX@Z 1001ca90 f   KNpcAttribModify.obj
 0001:0001baa0       ?PhysicsArmorV@KNpcAttribModify@@AAEXPAVKNpc@@PAX@Z 1001caa0 f   KNpcAttribModify.obj
 0001:0001bab0       ?PhysicsresP@KNpcAttribModify@@AAEXPAVKNpc@@PAX@Z 1001cab0 f   KNpcAttribModify.obj
 0001:0001bad0       ?Damage2ManaP@KNpcAttribModify@@AAEXPAVKNpc@@PAX@Z 1001cad0 f   KNpcAttribModify.obj
 0001:0001baf0       ?PoisonArmorV@KNpcAttribModify@@AAEXPAVKNpc@@PAX@Z 1001caf0 f   KNpcAttribModify.obj
 0001:0001bb00       ?PoisonDamageReduceV@KNpcAttribModify@@AAEXPAVKNpc@@PAX@Z 1001cb00 f   KNpcAttribModify.obj
 0001:0001bb30       ?PoisonresP@KNpcAttribModify@@AAEXPAVKNpc@@PAX@Z 1001cb30 f   KNpcAttribModify.obj
 0001:0001bb50       ?PoisonTimeReduceP@KNpcAttribModify@@AAEXPAVKNpc@@PAX@Z 1001cb50 f   KNpcAttribModify.obj
 0001:0001bb70       ?RangeDamageReturnV@KNpcAttribModify@@AAEXPAVKNpc@@PAX@Z 1001cb70 f   KNpcAttribModify.obj
 0001:0001bb90       ?RangeDamageReturnP@KNpcAttribModify@@AAEXPAVKNpc@@PAX@Z 1001cb90 f   KNpcAttribModify.obj
 0001:0001bbb0       ?SlowMissleB@KNpcAttribModify@@AAEXPAVKNpc@@PAX@Z 1001cbb0 f   KNpcAttribModify.obj
 0001:0001bbe0       ?StaminaMaxP@KNpcAttribModify@@AAEXPAVKNpc@@PAX@Z 1001cbe0 f   KNpcAttribModify.obj
 0001:0001bc20       ?StaminaMaxV@KNpcAttribModify@@AAEXPAVKNpc@@PAX@Z 1001cc20 f   KNpcAttribModify.obj
 0001:0001bc40       ?StaminaReplenishV@KNpcAttribModify@@AAEXPAVKNpc@@PAX@Z 1001cc40 f   KNpcAttribModify.obj
 0001:0001bc60       ?StaminaV@KNpcAttribModify@@AAEXPAVKNpc@@PAX@Z 1001cc60 f   KNpcAttribModify.obj
 0001:0001bc80       ?StealLifeP@KNpcAttribModify@@AAEXPAVKNpc@@PAX@Z 1001cc80 f   KNpcAttribModify.obj
 0001:0001bca0       ?StealManaP@KNpcAttribModify@@AAEXPAVKNpc@@PAX@Z 1001cca0 f   KNpcAttribModify.obj
 0001:0001bcc0       ?StealStaminaP@KNpcAttribModify@@AAEXPAVKNpc@@PAX@Z 1001ccc0 f   KNpcAttribModify.obj
 0001:0001bce0       ?StrengthV@KNpcAttribModify@@AAEXPAVKNpc@@PAX@Z 1001cce0 f   KNpcAttribModify.obj
 0001:0001bd20       ?StunTimeReduceP@KNpcAttribModify@@AAEXPAVKNpc@@PAX@Z 1001cd20 f   KNpcAttribModify.obj
 0001:0001bd40       ?VisionRadiusP@KNpcAttribModify@@AAEXPAVKNpc@@PAX@Z 1001cd40 f   KNpcAttribModify.obj
 0001:0001bd60       ?VitalityV@KNpcAttribModify@@AAEXPAVKNpc@@PAX@Z 1001cd60 f   KNpcAttribModify.obj
 0001:0001bda0       ?WaterSkillV@KNpcAttribModify@@AAEXPAVKNpc@@PAX@Z 1001cda0 f   KNpcAttribModify.obj
 0001:0001bdb0       ?WoodSkillV@KNpcAttribModify@@AAEXPAVKNpc@@PAX@Z 1001cdb0 f   KNpcAttribModify.obj
 0001:0001bdc0       ?FireresP@KNpcAttribModify@@AAEXPAVKNpc@@PAX@Z 1001cdc0 f   KNpcAttribModify.obj
 0001:0001bde0       ?ArmorDefenseV@KNpcAttribModify@@AAEXPAVKNpc@@PAX@Z 1001cde0 f   KNpcAttribModify.obj
 0001:0001be00       ?ColdEnhanceP@KNpcAttribModify@@AAEXPAVKNpc@@PAX@Z 1001ce00 f   KNpcAttribModify.obj
 0001:0001be20       ?FireEnhanceP@KNpcAttribModify@@AAEXPAVKNpc@@PAX@Z 1001ce20 f   KNpcAttribModify.obj
 0001:0001be40       ?LightingEnhanceP@KNpcAttribModify@@AAEXPAVKNpc@@PAX@Z 1001ce40 f   KNpcAttribModify.obj
 0001:0001be60       ?PoisonEnhanceP@KNpcAttribModify@@AAEXPAVKNpc@@PAX@Z 1001ce60 f   KNpcAttribModify.obj
 0001:0001be80       ?LifePotionV@KNpcAttribModify@@AAEXPAVKNpc@@PAX@Z 1001ce80 f   KNpcAttribModify.obj
 0001:0001bed0       ?ManaPotionV@KNpcAttribModify@@AAEXPAVKNpc@@PAX@Z 1001ced0 f   KNpcAttribModify.obj
 0001:0001bf20       ?PhysicsResMaxP@KNpcAttribModify@@AAEXPAVKNpc@@PAX@Z 1001cf20 f   KNpcAttribModify.obj
 0001:0001bf40       ?ColdResMaxP@KNpcAttribModify@@AAEXPAVKNpc@@PAX@Z 1001cf40 f   KNpcAttribModify.obj
 0001:0001bf60       ?FireResMaxP@KNpcAttribModify@@AAEXPAVKNpc@@PAX@Z 1001cf60 f   KNpcAttribModify.obj
 0001:0001bf80       ?LightingResMaxP@KNpcAttribModify@@AAEXPAVKNpc@@PAX@Z 1001cf80 f   KNpcAttribModify.obj
 0001:0001bfa0       ?PoisonResMaxP@KNpcAttribModify@@AAEXPAVKNpc@@PAX@Z 1001cfa0 f   KNpcAttribModify.obj
 0001:0001bfc0       ?AllResMaxP@KNpcAttribModify@@AAEXPAVKNpc@@PAX@Z 1001cfc0 f   KNpcAttribModify.obj
 0001:0001c010       ?FatallyStrikeP@KNpcAttribModify@@AAEXPAVKNpc@@PAX@Z 1001d010 f   KNpcAttribModify.obj
 0001:0001c020       ?MixPoisonDamage@KNpcAttribModify@@QAEXPAUKMagicAttrib@@0@Z 1001d020 f   KNpcAttribModify.obj
 0001:0001c0d0       ?AddPhysicsMagicV@KNpcAttribModify@@AAEXPAVKNpc@@PAX@Z 1001d0d0 f   KNpcAttribModify.obj
 0001:0001c100       ?AddColdMagicV@KNpcAttribModify@@AAEXPAVKNpc@@PAX@Z 1001d100 f   KNpcAttribModify.obj
 0001:0001c190       ?AddFireMagicV@KNpcAttribModify@@AAEXPAVKNpc@@PAX@Z 1001d190 f   KNpcAttribModify.obj
 0001:0001c1c0       ?AddLightingMagicV@KNpcAttribModify@@AAEXPAVKNpc@@PAX@Z 1001d1c0 f   KNpcAttribModify.obj
 0001:0001c1f0       ?AddPoisonMagicV@KNpcAttribModify@@AAEXPAVKNpc@@PAX@Z 1001d1f0 f   KNpcAttribModify.obj
 0001:0001c240       ?DynamicMagicShieldV@KNpcAttribModify@@AAEXPAVKNpc@@PAX@Z 1001d240 f   KNpcAttribModify.obj
 0001:0001c260       ?ReturnResP@KNpcAttribModify@@AAEXPAVKNpc@@PAX@Z 1001d260 f   KNpcAttribModify.obj
 0001:0001c280       ?ExpEnhanceP@KNpcAttribModify@@AAEXPAVKNpc@@PAX@Z 1001d280 f   KNpcAttribModify.obj
 0001:0001c2a0       ?PoisonDamageReturnP@KNpcAttribModify@@AAEXPAVKNpc@@PAX@Z 1001d2a0 f   KNpcAttribModify.obj
 0001:0001c2c0       ?ReturnSkillP@KNpcAttribModify@@AAEXPAVKNpc@@PAX@Z 1001d2c0 f   KNpcAttribModify.obj
 0001:0001c2e0       ?AutoReplySkill@KNpcAttribModify@@AAEXPAVKNpc@@PAX@Z 1001d2e0 f   KNpcAttribModify.obj
 0001:0001c330       ?LifeReplenishP@KNpcAttribModify@@AAEXPAVKNpc@@PAX@Z 1001d330 f   KNpcAttribModify.obj
 0001:0001c350       ?IgnoreSkillP@KNpcAttribModify@@AAEXPAVKNpc@@PAX@Z 1001d350 f   KNpcAttribModify.obj
 0001:0001c370       ?AutoAttackSkill@KNpcAttribModify@@AAEXPAVKNpc@@PAX@Z 1001d370 f   KNpcAttribModify.obj
 0001:0001c3a0       ?Poison2DecManaP@KNpcAttribModify@@AAEXPAVKNpc@@PAX@Z 1001d3a0 f   KNpcAttribModify.obj
 0001:0001c3f0       ?SkillAppendSkill@KNpcAttribModify@@AAEXPAVKNpc@@PAX@Z 1001d3f0 f   KNpcAttribModify.obj
 0001:0001c500       ?HideNpc@KNpcAttribModify@@AAEXPAVKNpc@@PAX@Z 1001d500 f   KNpcAttribModify.obj
 0001:0001c520       ?AutoDeathSkill@KNpcAttribModify@@AAEXPAVKNpc@@PAX@Z 1001d520 f   KNpcAttribModify.obj
 0001:0001c550       ?RandMove@KNpcAttribModify@@AAEXPAVKNpc@@PAX@Z 1001d550 f   KNpcAttribModify.obj
 0001:0001c580       ?IgnoreNegativeStateP@KNpcAttribModify@@AAEXPAVKNpc@@PAX@Z 1001d580 f   KNpcAttribModify.obj
 0001:0001c5c0       ?AutoRescueSkill@KNpcAttribModify@@AAEXPAVKNpc@@PAX@Z 1001d5c0 f   KNpcAttribModify.obj
 0001:0001c5f0       ?StaticMagicShieldP@KNpcAttribModify@@AAEXPAVKNpc@@PAX@Z 1001d5f0 f   KNpcAttribModify.obj
 0001:0001c640       ?Init@KNpcDeathCalcExp@@QAEXH@Z 1001d640 f   KNpcDeathCalcExp.obj
 0001:0001c670       ?Active@KNpcDeathCalcExp@@QAEXXZ 1001d670 f   KNpcDeathCalcExp.obj
 0001:0001c6c0       ?AddDamage@KNpcDeathCalcExp@@QAEXHH@Z 1001d6c0 f   KNpcDeathCalcExp.obj
 0001:0001c800       ?CalcExp@KNpcDeathCalcExp@@QAEHH@Z 1001d800 f   KNpcDeathCalcExp.obj
 0001:0001cb40       ?GetDamage@KNpcDeathCalcExp@@QBEHXZ 1001db40 f   KNpcDeathCalcExp.obj
 0001:0001cb50       ?Clear@KNpcDeathCalcExp@@QAEXXZ 1001db50 f   KNpcDeathCalcExp.obj
 0001:0001cba0       ??0KNpcFindPath@@QAE@XZ    1001dba0 f   KNpcFindPath.obj
 0001:0001cbc0       ?Init@KNpcFindPath@@QAEXH@Z 1001dbc0 f   KNpcFindPath.obj
 0001:0001cbf0       ?GetDir@KNpcFindPath@@QAEHHHHHHHPAH0@Z 1001dbf0 f   KNpcFindPath.obj
 0001:0001d1c0       ?Dir64To8@KNpcFindPath@@QAEHH@Z 1001e1c0 f   KNpcFindPath.obj
 0001:0001d1d0       ?Dir8To64@KNpcFindPath@@QAEHH@Z 1001e1d0 f   KNpcFindPath.obj
 0001:0001d1e0       ?CheckDistance@KNpcFindPath@@QAEHHHHHH@Z 1001e1e0 f   KNpcFindPath.obj
 0001:0001d220       ?CheckBarrier@KNpcFindPath@@QAEHHH@Z 1001e220 f   KNpcFindPath.obj
 0001:0001d2b0       ?Init@KNpcGold@@QAEXH@Z    1001e2b0 f   KNpcGold.obj
 0001:0001d2c0       ?Release@KNpcGold@@QAEXXZ  1001e2c0 f   KNpcGold.obj
 0001:0001d310       ?SetGoldType@KNpcGold@@QAEXH@Z 1001e310 f   KNpcGold.obj
 0001:0001d320       ?SetGoldTypeAndBackData@KNpcGold@@QAEXXZ 1001e320 f   KNpcGold.obj
 0001:0001d3d0       ?RecoverBackData@KNpcGold@@QAEXXZ 1001e3d0 f   KNpcGold.obj
 0001:0001dc70       ?UpdateNpcData@KNpcGold@@AAEXH@Z 1001ec70 f   KNpcGold.obj
 0001:0001e8b0       ?RandChangeGold@KNpcGold@@QAEXHH@Z 1001f8b0 f   KNpcGold.obj
 0001:0001e8f0       ?GetGoldType@KNpcGold@@QAEHXZ 1001f8f0 f   KNpcGold.obj
 0001:0001e900       ?SetGoldCurrentType@KNpcGold@@QAEXH@Z 1001f900 f   KNpcGold.obj
 0001:0001e980       ??0KNpcGoldTemplate@@QAE@XZ 1001f980 f   KNpcGold.obj
 0001:0001e9a0       ?Init@KNpcGoldTemplate@@QAEHXZ 1001f9a0 f   KNpcGold.obj
 0001:0001eea0       ??1KNpcSet@@QAE@XZ         1001fea0 f i KNpcSet.obj
 0001:0001ef00       ??0KNpcSet@@QAE@XZ         1001ff00 f   KNpcSet.obj
 0001:0001ef30       ?Init@KNpcSet@@QAEXXZ      1001ff30 f   KNpcSet.obj
 0001:0001f110       ?LoadPlayerBaseValue@KNpcSet@@QAEXPAD@Z 10020110 f   KNpcSet.obj
 0001:0001f1f0       ?IsNpcExist@KNpcSet@@QAEHHK@Z 100201f0 f   KNpcSet.obj
 0001:0001f220       ?GenOneRelation@KNpcSet@@AAE?AW4NPC_RELATION@@W4NPCKIND@@0W4NPCCAMP@@1W4NPCFIGHT@@2@Z 10020220 f   KNpcSet.obj
 0001:0001f330       ?GenRelationTable@KNpcSet@@AAEHXZ 10020330 f   KNpcSet.obj
 0001:0001f3d0       ?SearchID@KNpcSet@@QAEHK@Z 100203d0 f   KNpcSet.obj
 0001:0001f410       ?SearchName@KNpcSet@@QAEHPAD@Z 10020410 f   KNpcSet.obj
 0001:0001f470       ?SearchNameID@KNpcSet@@QAEHK@Z 10020470 f   KNpcSet.obj
 0001:0001f4d0       ?SearchNpcById@KNpcSet@@QAEPAVKNpc@@K@Z 100204d0 f   KNpcSet.obj
 0001:0001f540       ?FindFree@KNpcSet@@AAEHXZ  10020540 f   KNpcSet.obj
 0001:0001f560       ?Add@KNpcSet@@QAEHHHPAX@Z  10020560 f   KNpcSet.obj
 0001:0001f730       ?Add@KNpcSet@@QAEHHHHHH@Z  10020730 f   KNpcSet.obj
 0001:0001f7c0       ?Add@KNpcSet@@QAEHHHHHHHHH@Z 100207c0 f   KNpcSet.obj
 0001:0001f980       ?Remove@KNpcSet@@QAEXH@Z   10020980 f   KNpcSet.obj
 0001:0001fb50       ?RemoveAll@KNpcSet@@QAEXXZ 10020b50 f   KNpcSet.obj
 0001:0001fc00       ?SetID@KNpcSet@@AAEHH@Z    10020c00 f   KNpcSet.obj
 0001:0001fc40       ?GetDistance@KNpcSet@@SAHHH@Z 10020c40 f   KNpcSet.obj
 0001:0001fdc0       ?GetDistanceSquare@KNpcSet@@SAHHH@Z 10020dc0 f   KNpcSet.obj
 0001:0001ff20       ?GetNextIdx@KNpcSet@@QAEHH@Z 10020f20 f   KNpcSet.obj
 0001:0001ff50       ?SyncNpc@KNpcSet@@QAEHKH@Z 10020f50 f   KNpcSet.obj
 0001:0001ffd0       ?ExecuteScript@KNpcSet@@QAEHHPAD0H@Z 10020fd0 f   KNpcSet.obj
 0001:00020000       ?ExecuteScript@KNpcSet@@QAEHHKPADH@Z 10021000 f   KNpcSet.obj
 0001:00020100       ?ClearActivateFlagOfAllNpc@KNpcSet@@QAEXXZ 10021100 f   KNpcSet.obj
 0001:00020130       ?GetRelation@KNpcSet@@QAE?AW4NPC_RELATION@@HH@Z 10021130 f   KNpcSet.obj
 0001:00020480       ?g_GenItemDropRate@@YAPAUKItemDropRate@@PAD@Z 10021480 f   KNpcTemplate.obj
 0001:000206b0       ??M@YAHVKItemDropRateNode@@0@Z 100216b0 f   KNpcTemplate.obj
 0001:000206f0       ??8@YAHVKItemDropRateNode@@0@Z 100216f0 f   KNpcTemplate.obj
 0001:00020740       ?InitNpcBaseData@KNpcTemplate@@QAEXH@Z 10021740 f   KNpcTemplate.obj
 0001:00020ee0       ??1KItemDropRateNode@@QAE@XZ 10021ee0 f i KNpcTemplate.obj
 0001:00020ef0       ?InitNpcLevelData@KNpcTemplate@@QAEXPAVKTabFile@@HPAVKLuaScript@@HH@Z 10021ef0 f   KNpcTemplate.obj
 0001:00021e40       ?GetNpcLevelDataFromScript@KNpcTemplate@@SAHPAVKLuaScript@@PADHH1@Z 10022e40 f   KNpcTemplate.obj
 0001:00021ed0       ?GetNpcLevelDataFromScript@KNpcTemplate@@SAHPAVKLuaScript@@PADHHNNN@Z 10022ed0 f   KNpcTemplate.obj
 0001:00021f70       ?UpdateDropRate@KNpcTemplate@@SAPAUKItemDropRate@@PBD@Z 10022f70 f   KNpcTemplate.obj
 0001:00021f80       ?SkillString2Id@KNpcTemplate@@SAHPAD@Z 10022f80 f   KNpcTemplate.obj
 0001:00022060       ?DeleteTree@?$BinSTree@VKItemDropRateNode@@@@AAEXPAV?$TreeNode@VKItemDropRateNode@@@@@Z 10023060 f i KNpcTemplate.obj
 0001:000220a0       ??1?$TreeNode@VKItemDropRateNode@@@@QAE@XZ 100230a0 f i KNpcTemplate.obj
 0001:00022110       ??0KPlayer@@QAE@XZ         10023110 f   KPlayer.obj
 0001:00022280       ??1KPlayerAI@@QAE@XZ       10023280 f i KPlayer.obj
 0001:00022290       ??1KEquipmentArray@@QAE@XZ 10023290 f i KPlayer.obj
 0001:000222a0       ??1KPlayerChat@@QAE@XZ     100232a0 f i KPlayer.obj
 0001:000222c0       ??1CChatFriendTeam@@QAE@XZ 100232c0 f i KPlayer.obj
 0001:000222d0       ??1KPlayer@@QAE@XZ         100232d0 f   KPlayer.obj
 0001:00022380       ?Release@KPlayer@@QAEXXZ   10023380 f   KPlayer.obj
 0001:00022590       ?SetPlayerIndex@KPlayer@@QAEXH@Z 10023590 f   KPlayer.obj
 0001:000225b0       ?GetPlayerIndex@KPlayer@@QAEHXZ 100235b0 f   KPlayer.obj
 0001:000225c0       ?Active@KPlayer@@QAEXXZ    100235c0 f   KPlayer.obj
 0001:00022700       ?ProcessMsg@KPlayer@@QAEXPAVKWorldMsgNode@@@Z 10023700 f   KPlayer.obj
 0001:00022710       ?IsWaitingRemove@KPlayer@@QAEHXZ 10023710 f   KPlayer.obj
 0001:00022730       ?WaitForRemove@KPlayer@@QAEXXZ 10023730 f   KPlayer.obj
 0001:00022740       ?IsLoginTimeOut@KPlayer@@QAEHXZ 10023740 f   KPlayer.obj
 0001:00022780       ?LoginTimeOut@KPlayer@@QAEXXZ 10023780 f   KPlayer.obj
 0001:000227b0       ?Save@KPlayer@@QAEHXZ      100237b0 f   KPlayer.obj
 0001:00022810       ?CanSave@KPlayer@@QAEHXZ   10023810 f   KPlayer.obj
 0001:000228a0       ?SendSyncData@KPlayer@@QAEHAAHAAI@Z 100238a0 f   KPlayer.obj
 0001:00022b30       ?SendSyncData_Skill@KPlayer@@QAEHXZ 10023b30 f   KPlayer.obj
 0001:00022c00       ?SendCurNormalSyncData@KPlayer@@QAEXXZ 10023c00 f   KPlayer.obj
 0001:00022ca0       ?QuitGame@KPlayer@@QAEXH@Z 10023ca0 f   KPlayer.obj
 0001:00022cb0       ?BuyItem@KPlayer@@QAEXPAE@Z 10023cb0 f   KPlayer.obj
 0001:00022cf0       ?SellItem@KPlayer@@QAEXPAE@Z 10023cf0 f   KPlayer.obj
 0001:00022d30       ?GetLoginRevivalPos@KPlayer@@QAEXPAH00@Z 10023d30 f   KPlayer.obj
 0001:00022d50       ?GetDeathRevivalPos@KPlayer@@QAEXPAH00@Z 10023d50 f   KPlayer.obj
 0001:00022d70       ?SetRevivalPos@KPlayer@@QAEXHH@Z 10023d70 f   KPlayer.obj
 0001:00022df0       ?S2CSendTeamInfo@KPlayer@@QAEXPAE@Z 10023df0 f   KPlayer.obj
 0001:00023030       ?SendSelfTeamInfo@KPlayer@@QAEXXZ 10024030 f   KPlayer.obj
 0001:000232d0       ?CreateTeam@KPlayer@@QAEHPAE@Z 100242d0 f   KPlayer.obj
 0001:000232f0       ?SetTeamState@KPlayer@@QAEHPAE@Z 100242f0 f   KPlayer.obj
 0001:000233b0       ?S2CSendAddTeamInfo@KPlayer@@QAEHPAE@Z 100243b0 f   KPlayer.obj
 0001:00023620       ?AddTeamMember@KPlayer@@QAEHPAE@Z 10024620 f   KPlayer.obj
 0001:00023c20       ?LeaveTeam@KPlayer@@QAEXPAE@Z 10024c20 f   KPlayer.obj
 0001:00023dd0       ?TeamKickOne@KPlayer@@QAEXPAE@Z 10024dd0 f   KPlayer.obj
 0001:00024010       ?TeamChangeCaptain@KPlayer@@QAEXPAE@Z 10025010 f   KPlayer.obj
 0001:00024470       ?TeamDismiss@KPlayer@@QAEXPAE@Z 10025470 f   KPlayer.obj
 0001:000246f0       ?SetPK@KPlayer@@QAEXPAE@Z  100256f0 f   KPlayer.obj
 0001:00024750       ?SendFactionData@KPlayer@@QAEXPAE@Z 10025750 f   KPlayer.obj
 0001:00024760       ?SendFactionData@KPlayer@@AAEXXZ 10025760 f   KPlayer.obj
 0001:000247e0       ?GetAboutPos@KPlayer@@QAEXPAUKMapPos@@@Z 100257e0 f   KPlayer.obj
 0001:000248e0       ?FindAroundPlayer@KPlayer@@QAEHK@Z 100258e0 f   KPlayer.obj
 0001:000249c0       ?CheckPlayerAround@KPlayer@@QAEHH@Z 100259c0 f   KPlayer.obj
 0001:00024aa0       ?FindAroundNpc@KPlayer@@QAEHK@Z 10025aa0 f   KPlayer.obj
 0001:00024b70       ?ResetBaseAttribute@KPlayer@@QAEXD@Z 10025b70 f   KPlayer.obj
 0001:00024e70       ?CalcCurLucky@KPlayer@@AAEXXZ 10025e70 f   KPlayer.obj
 0001:00024e80       ?AddBaseStrength@KPlayer@@AAEXH@Z 10025e80 f   KPlayer.obj
 0001:00024f30       ?AddBaseDexterity@KPlayer@@AAEXH@Z 10025f30 f   KPlayer.obj
 0001:00024ff0       ?AddBaseVitality@KPlayer@@AAEXH@Z 10025ff0 f   KPlayer.obj
 0001:00025130       ?AddBaseEngergy@KPlayer@@AAEXH@Z 10026130 f   KPlayer.obj
 0001:00025230       ?ChangeCurStrength@KPlayer@@QAEXH@Z 10026230 f   KPlayer.obj
 0001:00025250       ?ChangeCurDexterity@KPlayer@@QAEXH@Z 10026250 f   KPlayer.obj
 0001:000252c0       ?ChangeCurVitality@KPlayer@@QAEXH@Z 100262c0 f   KPlayer.obj
 0001:00025370       ?ChangeCurEngergy@KPlayer@@QAEXH@Z 10026370 f   KPlayer.obj
 0001:000253e0       ?AddBaseLucky@KPlayer@@QAEXH@Z 100263e0 f   KPlayer.obj
 0001:00025400       ?SetNpcPhysicsDamage@KPlayer@@AAEXXZ 10026400 f   KPlayer.obj
 0001:000254c0       ?SetNpcAttackRating@KPlayer@@AAEXXZ 100264c0 f   KPlayer.obj
 0001:000254f0       ?SetNpcDefence@KPlayer@@AAEXXZ 100264f0 f   KPlayer.obj
 0001:00025520       ?AddExp@KPlayer@@QAEXMHH@Z 10026520 f   KPlayer.obj
 0001:00025aa0       ?AddSelfExp@KPlayer@@QAEXHH@Z 10026aa0 f   KPlayer.obj
 0001:00025c90       ?DirectAddExp@KPlayer@@QAEXH@Z 10026c90 f   KPlayer.obj
 0001:00025d40       ?LevelUp@KPlayer@@QAEXXZ   10026d40 f   KPlayer.obj
 0001:000263a0       ?UpdataCurData@KPlayer@@QAEXXZ 100273a0 f   KPlayer.obj
 0001:00026dc0       ?ReCalcEquip@KPlayer@@QAEXXZ 10027dc0 f   KPlayer.obj
 0001:00026e50       ?ReCalcState@KPlayer@@QAEXXZ 10027e50 f   KPlayer.obj
 0001:00026e70       ?AddLeadExp@KPlayer@@QAEXH@Z 10027e70 f   KPlayer.obj
 0001:00026f30       ?LevelAddBaseLifeMax@KPlayer@@AAEXXZ 10027f30 f   KPlayer.obj
 0001:00026fa0       ?LevelAddBaseStaminaMax@KPlayer@@AAEXXZ 10027fa0 f   KPlayer.obj
 0001:00027020       ?LevelAddBaseManaMax@KPlayer@@AAEXXZ 10028020 f   KPlayer.obj
 0001:00027090       ?ChangePlayerCamp@KPlayer@@QAEXH@Z 10028090 f   KPlayer.obj
 0001:000270c0       ?AddFaction@KPlayer@@QAEHPAD@Z 100280c0 f   KPlayer.obj
 0001:00027160       ?AddFaction@KPlayer@@QAEHH@Z 10028160 f   KPlayer.obj
 0001:00027200       ?LeaveCurFaction@KPlayer@@QAEHXZ 10028200 f   KPlayer.obj
 0001:00027270       ?CurFactionOpenSkill@KPlayer@@QAEHH@Z 10028270 f   KPlayer.obj
 0001:00027300       ?TaskClearTempVal@KPlayer@@QAEXXZ 10028300 f   KPlayer.obj
 0001:00027310       ?TaskGetSaveVal@KPlayer@@QAEHH@Z 10028310 f   KPlayer.obj
 0001:00027330       ?TaskSetSaveVal@KPlayer@@QAEXHH@Z 10028330 f   KPlayer.obj
 0001:00027410       ?TaskGetClearVal@KPlayer@@QAEHH@Z 10028410 f   KPlayer.obj
 0001:00027430       ?TaskSetClearVal@KPlayer@@QAEXHH@Z 10028430 f   KPlayer.obj
 0001:000274a0       ?CheckRideHorse@KPlayer@@QAEXH@Z 100284a0 f   KPlayer.obj
 0001:000275b0       ?SetLevel@KPlayer@@QAEXE@Z 100285b0 f   KPlayer.obj
 0001:00027d70       ?RefeshPlayer@KPlayer@@QAEX_N@Z 10028d70 f   KPlayer.obj
 0001:00027e10       ?AddAllSkillPoint@KPlayer@@QAEXH@Z 10028e10 f   KPlayer.obj
 0001:00027e60       ?AddSkillPoint@KPlayer@@QAEXHH@Z 10028e60 f   KPlayer.obj
 0001:00027fb0       ?UpdateSkillPointAdd@KPlayer@@QAEXXZ 10028fb0 f   KPlayer.obj
 0001:00028000       ?ServerSendChat@KPlayer@@QAEXPAE@Z 10029000 f   KPlayer.obj
 0001:00028020       ?AddBaseAttribute@KPlayer@@QAEXPAE@Z 10029020 f   KPlayer.obj
 0001:00028080       ?AddSkillPoint@KPlayer@@QAEXPAE@Z 10029080 f   KPlayer.obj
 0001:00028490       ?ServerPickUpItem@KPlayer@@QAEHPAE@Z 10029490 f   KPlayer.obj
 0001:00028ad0       ?EatItem@KPlayer@@QAEXPAE@Z 10029ad0 f   KPlayer.obj
 0001:00028b00       ?ServerMoveItem@KPlayer@@QAEXPAE@Z 10029b00 f   KPlayer.obj
 0001:00028cd0       ?ServerThrowAwayItem@KPlayer@@QAEXPAE@Z 10029cd0 f   KPlayer.obj
 0001:00028f30       ?ChatSetTakeChannel@KPlayer@@QAEXPAE@Z 10029f30 f   KPlayer.obj
 0001:00028f50       ?ChatTransmitApplyAddFriend@KPlayer@@QAEXPAE@Z 10029f50 f   KPlayer.obj
 0001:00029060       ?ChatAddFriend@KPlayer@@QAEHPAE@Z 1002a060 f   KPlayer.obj
 0001:00029140       ?ChatRefuseFriend@KPlayer@@QAEXPAE@Z 1002a140 f   KPlayer.obj
 0001:00029240       ?ChatResendAllFriend@KPlayer@@QAEXPAE@Z 1002a240 f   KPlayer.obj
 0001:00029280       ?ChatSendOneFriendData@KPlayer@@QAEXPAE@Z 1002a280 f   KPlayer.obj
 0001:000292a0       ?ChatDeleteFriend@KPlayer@@QAEXPAE@Z 1002a2a0 f   KPlayer.obj
 0001:000292c0       ?ChatRedeleteFriend@KPlayer@@QAEXPAE@Z 1002a2c0 f   KPlayer.obj
 0001:000292e0       ?TradeApplyOpen@KPlayer@@QAEXPAE@Z 1002a2e0 f   KPlayer.obj
 0001:00029390       ?TradeApplyClose@KPlayer@@QAEXPAE@Z 1002a390 f   KPlayer.obj
 0001:000293c0       ?TradeApplyStart@KPlayer@@QAEXPAE@Z 1002a3c0 f   KPlayer.obj
 0001:000294c0       ?TradeMoveMoney@KPlayer@@QAEXPAE@Z 1002a4c0 f   KPlayer.obj
 0001:00029520       ?TradeDecision@KPlayer@@QAEXPAE@Z 1002a520 f   KPlayer.obj
 0001:00029b90       ?c2sTradeReplyStart@KPlayer@@QAEXPAE@Z 1002ab90 f   KPlayer.obj
 0001:00029e50       ?SyncTradeState@KPlayer@@QAEXXZ 1002ae50 f   KPlayer.obj
 0001:00029f50       ?SendEquipItemInfo@KPlayer@@QAEXH@Z 1002af50 f   KPlayer.obj
 0001:0002a0c0       ?UseTownPortal@KPlayer@@QAEXXZ 1002b0c0 f   KPlayer.obj
 0001:0002a220       ?BackToTownPortal@KPlayer@@QAEXH@Z 1002b220 f   KPlayer.obj
 0001:0002a400       ?ClearPortal@KPlayer@@QAEXXZ 1002b400 f   KPlayer.obj
 0001:0002a440       ?Revive@KPlayer@@QAEXH@Z   1002b440 f   KPlayer.obj
 0001:0002a600       ?RestoreLiveData@KPlayer@@QAEXXZ 1002b600 f   KPlayer.obj
 0001:0002a620       ?Pay@KPlayer@@QAEHH@Z      1002b620 f   KPlayer.obj
 0001:0002a640       ?PrePay@KPlayer@@QAEHH@Z   1002b640 f   KPlayer.obj
 0001:0002a670       ?Earn@KPlayer@@QAEHH@Z     1002b670 f   KPlayer.obj
 0001:0002a690       ?LaunchPlayer@KPlayer@@QAEXXZ 1002b690 f   KPlayer.obj
 0001:0002a780       ?StopMove@KPlayer@@QAEXXZ  1002b780 f   KPlayer.obj
 0001:0002a7c0       ?ExecuteScript@KPlayer@@QAEHPAD0H@Z 1002b7c0 f   KPlayer.obj
 0001:0002a800       ?ExecuteScript@KPlayer@@QAEHKPADH@Z 1002b800 f   KPlayer.obj
 0001:0002a9d0       ?ExecuteScript@KPlayer@@QAEHKPAD0@Z 1002b9d0 f   KPlayer.obj
 0001:0002ab90       ?ExecuteScript@KPlayer@@QAEHPAD00@Z 1002bb90 f   KPlayer.obj
 0001:0002abe0       ?ExecuteScript2@KPlayer@@QAEHPAD0HHH@Z 1002bbe0 f   KPlayer.obj
 0001:0002ac30       ?ExecuteScript2@KPlayer@@QAEHKPADHHH@Z 1002bc30 f   KPlayer.obj
 0001:0002ae10       ?ExecuteScript2@KPlayer@@QAEHPAD0H0H@Z 1002be10 f   KPlayer.obj
 0001:0002ae60       ?ExecuteScript2@KPlayer@@QAEHKPADH0H@Z 1002be60 f   KPlayer.obj
 0001:0002b040       ?DoScriptAction@KPlayer@@QAEXPAUPLAYER_SCRIPTACTION_SYNC@@@Z 1002c040 f   KPlayer.obj
 0001:0002b090       ?ProcessPlayerSelectFromUI@KPlayer@@QAEXPAE@Z 1002c090 f   KPlayer.obj
 0001:0002b1d0       ?ChatFriendOnLine@KPlayer@@QAEXKH@Z 1002c1d0 f   KPlayer.obj
 0001:0002b2a0       ?GetFactionName@KPlayer@@QAEXPADH@Z 1002c2a0 f   KPlayer.obj
 0001:0002b2c0       ?S2CExecuteScript@KPlayer@@AAEXPAD0@Z 1002c2c0 f   KPlayer.obj
 0001:0002b3b0       ?AddTempTaskValue@KPlayer@@QAEHPAX@Z 1002c3b0 f   KPlayer.obj
 0001:0002b3d0       ?DialogNpc@KPlayer@@QAEXPAE@Z 1002c3d0 f   KPlayer.obj
 0001:0002b470       ?CheckTrading@KPlayer@@QAEHXZ 1002c470 f   KPlayer.obj
 0001:0002b480       ?SetFirstDamage@KPlayer@@QAEXXZ 1002c480 f   KPlayer.obj
 0001:0002b8f0       ?SetBaseAttackRating@KPlayer@@QAEXXZ 1002c8f0 f   KPlayer.obj
 0001:0002b920       ?SetBaseDefence@KPlayer@@QAEXXZ 1002c920 f   KPlayer.obj
 0001:0002b950       ?SetBaseResistData@KPlayer@@QAEXXZ 1002c950 f   KPlayer.obj
 0001:0002bb60       ?SetBaseSpeedAndRadius@KPlayer@@QAEXXZ 1002cb60 f   KPlayer.obj
 0001:0002bc20       ?SetNpcDamageAttrib@KPlayer@@QAEXXZ 1002cc20 f   KPlayer.obj
 0001:0002bc30       ?TobeExchangeServer@KPlayer@@QAEXKHH@Z 1002cc30 f   KPlayer.obj
 0001:0002bc70       ?IsExchangingServer@KPlayer@@QAEHXZ 1002cc70 f   KPlayer.obj
 0001:0002bc80       ?SetLastNetOperationTime@KPlayer@@QAEXH@Z 1002cc80 f   KPlayer.obj
 0001:0002bd00       ?CreateTong@KPlayer@@QAEHHPAD@Z 1002cd00 f   KPlayer.obj
 0001:0002bd20       ?RepairItem@KPlayer@@QAEXK@Z 1002cd20 f   KPlayer.obj
 0001:0002bdd0       ?SetExtPoint@KPlayer@@QAEXHH@Z 1002cdd0 f   KPlayer.obj
 0001:0002bdf0       ?GetExtPoint@KPlayer@@QAEHXZ 1002cdf0 f   KPlayer.obj
 0001:0002be00       ?PayExtPoint@KPlayer@@QAEHH@Z 1002ce00 f   KPlayer.obj
 0001:0002be30       ?GetExtPointChanged@KPlayer@@QAEHXZ 1002ce30 f   KPlayer.obj
 0001:0002be40       ?SetExtPoint2@KPlayer@@QAEXH@Z 1002ce40 f   KPlayer.obj
 0001:0002be50       ?SyncBronzeCoin@KPlayer@@QAEXXZ 1002ce50 f   KPlayer.obj
 0001:0002beb0       ?SetBronzeCoin@KPlayer@@QAEXH@Z 1002ceb0 f   KPlayer.obj
 0001:0002bee0       ?GetBronzeCoin@KPlayer@@QAEHXZ 1002cee0 f   KPlayer.obj
 0001:0002bf30       ?PayBronzeCoin@KPlayer@@QAEHH@Z 1002cf30 f   KPlayer.obj
 0001:0002bf70       ?SyncLockBronzeCoin@KPlayer@@QAEXXZ 1002cf70 f   KPlayer.obj
 0001:0002bfd0       ?SetLockBronzeCoin@KPlayer@@QAEXH@Z 1002cfd0 f   KPlayer.obj
 0001:0002c000       ?GetLockBronzeCoin@KPlayer@@QAEHXZ 1002d000 f   KPlayer.obj
 0001:0002c050       ?PayLockBronzeCoin@KPlayer@@QAEHH@Z 1002d050 f   KPlayer.obj
 0001:0002c090       ?ProcessEnhance@KPlayer@@QAEXXZ 1002d090 f   KPlayer.obj
 0001:0002c240       ?ProcessRemoveEnhance@KPlayer@@QAEXXZ 1002d240 f   KPlayer.obj
 0001:0002c290       ?ExeScriptButton@KPlayer@@QAEXPAE@Z 1002d290 f   KPlayer.obj
 0001:0002c780       ?BreakItem@KPlayer@@QAEXKH@Z 1002d780 f   KPlayer.obj
 0001:0002c8b0       ?HideMask@KPlayer@@QAEXH@Z 1002d8b0 f   KPlayer.obj
 0001:0002c920       ?SendShopItemInfo@KPlayer@@QAEXHH@Z 1002d920 f   KPlayer.obj
 0001:0002cbe0       ?BuyPlayerShop@KPlayer@@QAEXPAE@Z 1002dbe0 f   KPlayer.obj
 0001:0002cdb0       ?RestoreTask@KPlayer@@QAEXXZ 1002ddb0 f   KPlayer.obj
 0001:0002ce10       ?ExecuteScriptRet@KPlayer@@QAEHPAD0H@Z 1002de10 f   KPlayer.obj
 0001:0002ce50       ?ExecuteScriptRet@KPlayer@@QAEHKPADH@Z 1002de50 f   KPlayer.obj
 0001:0002d040       ?ExecuteScriptRet@KPlayer@@QAEHPAD00@Z 1002e040 f   KPlayer.obj
 0001:0002d090       ?ExecuteScriptRet@KPlayer@@QAEHKPAD0@Z 1002e090 f   KPlayer.obj
 0001:0002d280       ?SetTitle@KPlayer@@QAEXG_N@Z 1002e280 f   KPlayer.obj
 0001:0002d5a0       ?GetTaxShopItem@KPlayer@@AAEHH@Z 1002e5a0 f   KPlayer.obj
 0001:0002d5d0       ?AddAntiPaket@KPlayer@@QAEHKK@Z 1002e5d0 f   KPlayer.obj
 0001:0002d630       ?SaveLog@KPlayer@@QAEXHPBD00@Z 1002e630 f   KPlayer.obj
 0001:0002d640       ?SetAutoFlag@KPlayer@@QAEXH@Z 1002e640 f   KPlayer.obj
 0001:0002d6b0       ?LockPlayerInfo@KPlayer@@QAEXEHH@Z 1002e6b0 f   KPlayer.obj
 0001:0002dc50       ?SetStoreBoxNum@KPlayer@@QAEXE@Z 1002ec50 f   KPlayer.obj
 0001:0002dcb0       ?SetExpandBoxNum@KPlayer@@QAEXE@Z 1002ecb0 f   KPlayer.obj
 0001:0002dd10       ?SetNumImgAvatar@KPlayer@@QAEXH@Z 1002ed10 f   KPlayer.obj
 0001:0002dd30       ?GiveBoxCmd@KPlayer@@QAEXKHH@Z 1002ed30 f   KPlayer.obj
 0001:0002dfc0       ?Release@KPlayerChat@@QAEXXZ 1002efc0 f   KPlayerChat.obj
 0001:0002e030       ?CheckExist@KPlayerChat@@QAEHK@Z 1002f030 f   KPlayerChat.obj
 0001:0002e080       ?CheckExist@KPlayerChat@@QAEHPAD@Z 1002f080 f   KPlayerChat.obj
 0001:0002e120       ?GetFriendNode@KPlayerChat@@QAEPAVCChatFriend@@K@Z 1002f120 f   KPlayerChat.obj
 0001:0002e170       ?GetTeamNo@KPlayerChat@@QAEHK@Z 1002f170 f   KPlayerChat.obj
 0001:0002e1c0       ?GetName@KPlayerChat@@QAEHKPAD@Z 1002f1c0 f   KPlayerChat.obj
 0001:0002e230       ?SetTakeChannel@KPlayerChat@@QAEXK@Z 1002f230 f   KPlayerChat.obj
 0001:0002e260       ?ServerSendChat@KPlayerChat@@QAEXHPAE@Z 1002f260 f   KPlayerChat.obj
 0001:0002ed30       ?DataBaseAddOne@KPlayerChat@@QAEXHKPAD@Z 1002fd30 f   KPlayerChat.obj
 0001:0002ed50       ?AddFriendData@KPlayerChat@@QAEXHH@Z 1002fd50 f   KPlayerChat.obj
 0001:0002eeb0       ??_ECChatFriend@@UAEPAXI@Z 1002feb0 f i KPlayerChat.obj
 0001:0002eeb0       ??_GCChatFriend@@UAEPAXI@Z 1002feb0 f i KPlayerChat.obj
 0001:0002eed0       ??1CChatFriend@@UAE@XZ     1002fed0 f i KPlayerChat.obj
 0001:0002eee0       ?ResendOneFriendData@KPlayerChat@@QAEXKH@Z 1002fee0 f   KPlayerChat.obj
 0001:0002ef90       ?SyncFriendData@KPlayerChat@@QAEHHAAI@Z 1002ff90 f   KPlayerChat.obj
 0001:0002f110       ?StartSendFriendData@KPlayerChat@@QAEXXZ 10030110 f   KPlayerChat.obj
 0001:0002f140       ?DeleteFriend@KPlayerChat@@QAEXKK@Z 10030140 f   KPlayerChat.obj
 0001:0002f200       ?DeleteFriendData@KPlayerChat@@QAEXKH@Z 10030200 f   KPlayerChat.obj
 0001:0002f2d0       ?RedeleteFriend@KPlayerChat@@QAEXKH@Z 100302d0 f   KPlayerChat.obj
 0001:0002f330       ?OffLine@KPlayerChat@@QAEXK@Z 10030330 f   KPlayerChat.obj
 0001:0002f380       ?GetMsgOffLine@KPlayerChat@@QAEXKH@Z 10030380 f   KPlayerChat.obj
 0001:0002f410       ?TimerAdd@KPlayerChat@@QAEXXZ 10030410 f   KPlayerChat.obj
 0001:0002f420       ?CheckTalkChannel@KPlayerChat@@QAEHH@Z 10030420 f   KPlayerChat.obj
 0001:0002f450       ?SendSystemInfo@KPlayerChat@@SAXHHPAD0H@Z 10030450 f   KPlayerChat.obj
 0001:0002f580       ?SendGlobalSystemInfo@KPlayerChat@@SAXPAD0H@Z 10030580 f   KPlayerChat.obj
 0001:0002f620       ?SendInfoToGM@KPlayerChat@@SAXPAD00H@Z 10030620 f   KPlayerChat.obj
 0001:0002f720       ?SendInfoToIP@KPlayerChat@@SAXKKPAD00H@Z 10030720 f   KPlayerChat.obj
 0001:0002f810       ?SendInfoToFaction@KPlayerChat@@SAXHPAD0H@Z 10030810 f   KPlayerChat.obj
 0001:0002f820       ?MakeBrother@KPlayerChat@@SAXABV?$list@V?$basic_string@DU?$char_traits@D@std@@V?$allocator@D@2@@std@@V?$allocator@V?$basic_string@DU?$char_traits@D@std@@V?$allocator@D@2@@std@@@2@@std@@@Z 10030820 f   KPlayerChat.obj
 0001:0002f9e0       ?MakeEnemy@KPlayerChat@@SAXPAD0@Z 100309e0 f   KPlayerChat.obj
 0001:0002faf0       ??0CChatFriendTeam@@QAE@XZ 10030af0 f   KPlayerChat.obj
 0001:0002fb40       ?Release@CChatFriendTeam@@QAEXXZ 10030b40 f   KPlayerChat.obj
 0001:0002fbb0       ?DataBaseAddOne@CChatFriendTeam@@QAEXHKPAD@Z 10030bb0 f   KPlayerChat.obj
 0001:0002fc90       ??1?$basic_string@DU?$char_traits@D@std@@V?$allocator@D@2@@std@@QAE@XZ 10030c90 f i KPlayerChat.obj
 0001:0002fcd0       ?assign@?$basic_string@DU?$char_traits@D@std@@V?$allocator@D@2@@std@@QAEAAV12@ABV12@II@Z 10030cd0 f i KPlayerChat.obj
 0001:0002fed0       ?_Tidy@?$basic_string@DU?$char_traits@D@std@@V?$allocator@D@2@@std@@AAEX_N@Z 10030ed0 f i KPlayerChat.obj
 0001:0002ff20       ?_Eos@?$basic_string@DU?$char_traits@D@std@@V?$allocator@D@2@@std@@AAEXI@Z 10030f20 f i KPlayerChat.obj
 0001:0002ff40       ?_Grow@?$basic_string@DU?$char_traits@D@std@@V?$allocator@D@2@@std@@AAE_NI_N@Z 10030f40 f i KPlayerChat.obj
 0001:00030060       ?max_size@?$basic_string@DU?$char_traits@D@std@@V?$allocator@D@2@@std@@QBEIXZ 10031060 f i KPlayerChat.obj
 0001:00030070       ?_Copy@?$basic_string@DU?$char_traits@D@std@@V?$allocator@D@2@@std@@AAEXI@Z 10031070 f i KPlayerChat.obj
 0001:00030180       ?_Split@?$basic_string@DU?$char_traits@D@std@@V?$allocator@D@2@@std@@AAEXXZ 10031180 f i KPlayerChat.obj
 0001:000302a0       ??0KList@@QAE@XZ           100312a0 f i KPlayerDBFuns.obj
 0001:000302f0       ?AddDBPlayer@KPlayer@@QAEHPADHPAK@Z 100312f0 f   KPlayerDBFuns.obj
 0001:00030300       ?LoadDBPlayerInfo@KPlayer@@QAEHPAEAAHAAI@Z 10031300 f   KPlayerDBFuns.obj
 0001:000305c0       ?UpdateDBPlayerInfo@KPlayer@@QAEHPAE@Z 100315c0 f   KPlayerDBFuns.obj
 0001:00030610       ?LoadPlayerBaseInfo@KPlayer@@AAEHPAEAAPAEAAI@Z 10031610 f   KPlayerDBFuns.obj
 0001:00030b50       ?LoadPlayerItemList@KPlayer@@AAEHPAEAAPAEAAI@Z 10031b50 f   KPlayerDBFuns.obj
 0001:00030f30       ?LoadPlayerFightSkillList@KPlayer@@AAEHPAEAAPAEAAI@Z 10031f30 f   KPlayerDBFuns.obj
 0001:00030fe0       ?LoadPlayerLifeSkilllList@KPlayer@@AAEHPAEAAPAEAAI@Z 10031fe0 f   KPlayerDBFuns.obj
 0001:00031080       ?LoadPlayerFriendList@KPlayer@@AAEHPAEAAPAEAAI@Z 10032080 f   KPlayerDBFuns.obj
 0001:00031170       ?LoadPlayerTaskList@KPlayer@@AAEHPAEAAPAEAAI@Z 10032170 f   KPlayerDBFuns.obj
 0001:00031310       ?SavePlayerBaseInfo@KPlayer@@AAEHPAE@Z 10032310 f   KPlayerDBFuns.obj
 0001:00031680       ?SavePlayerItemList@KPlayer@@AAEHPAE@Z 10032680 f   KPlayerDBFuns.obj
 0001:000317f0       ?SavePlayerFightSkillList@KPlayer@@AAEHPAE@Z 100327f0 f   KPlayerDBFuns.obj
 0001:00031870       ?SavePlayerLifeSkilllList@KPlayer@@AAEHPAE@Z 10032870 f   KPlayerDBFuns.obj
 0001:00031890       ?SavePlayerFriendList@KPlayer@@AAEHPAE@Z 10032890 f   KPlayerDBFuns.obj
 0001:00031930       ?SavePlayerTaskList@KPlayer@@AAEHPAE@Z 10032930 f   KPlayerDBFuns.obj
 0001:00031ab0       ??0KPlayerFaction@@QAE@XZ  10032ab0 f   KPlayerFaction.obj
 0001:00031ac0       ?Release@KPlayerFaction@@QAEXXZ 10032ac0 f   KPlayerFaction.obj
 0001:00031ae0       ?SetSeries@KPlayerFaction@@QAEXH@Z 10032ae0 f   KPlayerFaction.obj
 0001:00031af0       ?AddFaction@KPlayerFaction@@QAEHHPAD@Z 10032af0 f   KPlayerFaction.obj
 0001:00031b30       ?AddFaction@KPlayerFaction@@QAEHHH@Z 10032b30 f   KPlayerFaction.obj
 0001:00031b90       ?LeaveFaction@KPlayerFaction@@QAEXXZ 10032b90 f   KPlayerFaction.obj
 0001:00031ba0       ?OpenCurSkillLevel@KPlayerFaction@@QAEHHPAVKSkillList@@@Z 10032ba0 f   KPlayerFaction.obj
 0001:00031bb0       ?GetGurFactionCamp@KPlayerFaction@@QAEHXZ 10032bb0 f   KPlayerFaction.obj
 0001:00031bf0       ?GetCurFactionNo@KPlayerFaction@@QAEHXZ 10032bf0 f   KPlayerFaction.obj
 0001:00031c00       ?GetCurFactionName@KPlayerFaction@@QAEXPAD@Z 10032c00 f   KPlayerFaction.obj
 0001:00031c90       ??0KPlayerMenuState@@QAE@XZ 10032c90 f   KPlayerMenuState.obj
 0001:00031ca0       ?Release@KPlayerMenuState@@QAEXXZ 10032ca0 f   KPlayerMenuState.obj
 0001:00031ce0       ?BackupState@KPlayerMenuState@@QAEXXZ 10032ce0 f   KPlayerMenuState.obj
 0001:00031d00       ?RestoreState@KPlayerMenuState@@QAEXXZ 10032d00 f   KPlayerMenuState.obj
 0001:00031d20       ?SetState@KPlayerMenuState@@QAEXHHPADHK@Z 10032d20 f   KPlayerMenuState.obj
 0001:00032040       ?RestoreBackupState@KPlayerMenuState@@QAEXH@Z 10033040 f   KPlayerMenuState.obj
 0001:000320f0       ?Init@KPlayerMenuStateGraph@@QAEHXZ 100330f0 f   KPlayerMenuState.obj
 0001:000321b0       ?GetStateSpr@KPlayerMenuStateGraph@@QAEXHPAD@Z 100331b0 f   KPlayerMenuState.obj
 0001:00032250       ??0KPlayerPK@@QAE@XZ       10033250 f   KPlayerPK.obj
 0001:00032260       ?Init@KPlayerPK@@QAEXH@Z   10033260 f   KPlayerPK.obj
 0001:00032290       ?Active@KPlayerPK@@QAEXXZ  10033290 f   KPlayerPK.obj
 0001:000322a0       ?SetNormalPKState@KPlayerPK@@QAEXE@Z 100332a0 f   KPlayerPK.obj
 0001:00032370       ?GetNormalPKState@KPlayerPK@@QAEEXZ 10033370 f   KPlayerPK.obj
 0001:00032380       ?EnmityPKClose@KPlayerPK@@QAEXXZ 10033380 f   KPlayerPK.obj
 0001:000324a0       ?EnmityPKOpen@KPlayerPK@@QAEHH@Z 100334a0 f   KPlayerPK.obj
 0001:000329b0       ?GetEnmityPKState@KPlayerPK@@QAEHXZ 100339b0 f   KPlayerPK.obj
 0001:000329c0       ?GetEnmityPKAim@KPlayerPK@@QAEHXZ 100339c0 f   KPlayerPK.obj
 0001:000329d0       ?ExercisePKClose@KPlayerPK@@QAEXXZ 100339d0 f   KPlayerPK.obj
 0001:00032ad0       ?ExercisePKOpen@KPlayerPK@@QAEHH@Z 10033ad0 f   KPlayerPK.obj
 0001:00032d20       ?GetExercisePKAim@KPlayerPK@@QAEHXZ 10033d20 f   KPlayerPK.obj
 0001:00032d30       ?SetPKValue@KPlayerPK@@QAEXD@Z 10033d30 f   KPlayerPK.obj
 0001:00032da0       ?GetPKValue@KPlayerPK@@QBEDXZ 10033da0 f   KPlayerPK.obj
 0001:00032db0       ?AddPKValue@KPlayerPK@@QAEXD@Z 10033db0 f   KPlayerPK.obj
 0001:00032e30       ?CloseAll@KPlayerPK@@QAEXXZ 10033e30 f   KPlayerPK.obj
 0001:00032e50       ?EnmityPKCountDown@KPlayerPK@@QAEXXZ 10033e50 f   KPlayerPK.obj
 0001:00033030       ??0KPlayerSet@@QAE@XZ      10034030 f   KPlayerSet.obj
 0001:000330c0       ??1KPlayerSet@@QAE@XZ      100340c0 f   KPlayerSet.obj
 0001:00033140       ?Init@KPlayerSet@@QAEHXZ   10034140 f   KPlayerSet.obj
 0001:000335f0       ?Activate@KPlayerSet@@QAEXXZ 100345f0 f   KPlayerSet.obj
 0001:00033600       ?FindFree@KPlayerSet@@AAEHXZ 10034600 f   KPlayerSet.obj
 0001:00033610       ?FindSame@KPlayerSet@@QAEHK@Z 10034610 f   KPlayerSet.obj
 0001:00033660       ?GetFirstPlayer@KPlayerSet@@QAEHXZ 10034660 f   KPlayerSet.obj
 0001:00033680       ?GetNextPlayer@KPlayerSet@@QAEHXZ 10034680 f   KPlayerSet.obj
 0001:000336a0       ?Add@KPlayerSet@@QAEHPADPAX@Z 100346a0 f   KPlayerSet.obj
 0001:00033770       ?Broadcasting@KPlayerSet@@QAEHPADH@Z 10034770 f   KPlayerSet.obj
 0001:000337e0       ?PrepareRemove@KPlayerSet@@QAEXH@Z 100347e0 f   KPlayerSet.obj
 0001:00033a00       ?PrepareLoginFailed@KPlayerSet@@QAEXH@Z 10034a00 f   KPlayerSet.obj
 0001:00033ab0       ?PrepareExchange@KPlayerSet@@QAEXH@Z 10034ab0 f   KPlayerSet.obj
 0001:00033b40       ?RemoveQuiting@KPlayerSet@@QAEXH@Z 10034b40 f   KPlayerSet.obj
 0001:00033e10       ?RemoveLoginTimeOut@KPlayerSet@@QAEXH@Z 10034e10 f   KPlayerSet.obj
 0001:00033f60       ?RemoveExchanging@KPlayerSet@@QAEXH@Z 10034f60 f   KPlayerSet.obj
 0001:00034220       ?ProcessClientMessage@KPlayerSet@@QAEXHPBDH@Z 10035220 f   KPlayerSet.obj
 0001:00034280       ?GetPlayerName@KPlayerSet@@QAEHHPAD@Z 10035280 f   KPlayerSet.obj
 0001:000342e0       ?GetPlayerAccount@KPlayerSet@@QAEHHPAD@Z 100352e0 f   KPlayerSet.obj
 0001:00034340       ?AttachPlayer@KPlayerSet@@QAEHKPAU_GUID@@@Z 10035340 f   KPlayerSet.obj
 0001:000343f0       ?GetPlayerIndexByGuid@KPlayerSet@@QAEHPAU_GUID@@@Z 100353f0 f   KPlayerSet.obj
 0001:00034480       ?AutoSave@KPlayerSet@@QAEXXZ 10035480 f   KPlayerSet.obj
 0001:00034530       ?GetFirstPlayerEx@KPlayerSet@@QAEHXZ 10035530 f   KPlayerSet.obj
 0001:00034540       ?GetNextPlayerEx@KPlayerSet@@QAEHH@Z 10035540 f   KPlayerSet.obj
 0001:00034560       ??0KLevelAdd@@QAE@XZ       10035560 f   KPlayerSet.obj
 0001:00034620       ?Init@KLevelAdd@@QAEHXZ    10035620 f   KPlayerSet.obj
 0001:00034830       ?GetLevelExp@KLevelAdd@@QAEHE@Z 10035830 f   KPlayerSet.obj
 0001:00034850       ?GetLifePerLevel@KLevelAdd@@QAEHH@Z 10035850 f   KPlayerSet.obj
 0001:00034870       ?GetStaminaPerLevel@KLevelAdd@@QAEHHH@Z 10035870 f   KPlayerSet.obj
 0001:000348a0       ?GetManaPerLevel@KLevelAdd@@QAEHH@Z 100358a0 f   KPlayerSet.obj
 0001:000348c0       ?GetLifePerVitality@KLevelAdd@@QAEHH@Z 100358c0 f   KPlayerSet.obj
 0001:000348e0       ?GetStaminaPerVitality@KLevelAdd@@QAEHH@Z 100358e0 f   KPlayerSet.obj
 0001:00034900       ?GetManaPerEnergy@KLevelAdd@@QAEHH@Z 10035900 f   KPlayerSet.obj
 0001:00034920       ?GetLeadExpShare@KLevelAdd@@QAEHH@Z 10035920 f   KPlayerSet.obj
 0001:00034940       ?GetFireResist@KLevelAdd@@QAEHHH@Z 10035940 f   KPlayerSet.obj
 0001:00034990       ?GetColdResist@KLevelAdd@@QAEHHH@Z 10035990 f   KPlayerSet.obj
 0001:000349e0       ?GetPoisonResist@KLevelAdd@@QAEHHH@Z 100359e0 f   KPlayerSet.obj
 0001:00034a30       ?GetLightResist@KLevelAdd@@QAEHHH@Z 10035a30 f   KPlayerSet.obj
 0001:00034a80       ?GetPhysicsResist@KLevelAdd@@QAEHHH@Z 10035a80 f   KPlayerSet.obj
 0001:00034ad0       ??0KTeamLeadExp@@QAE@XZ    10035ad0 f   KPlayerSet.obj
 0001:00034af0       ?Init@KTeamLeadExp@@QAEHXZ 10035af0 f   KPlayerSet.obj
 0001:00034bc0       ?GetLevel@KTeamLeadExp@@QAEHKH@Z 10035bc0 f   KPlayerSet.obj
 0001:00034c10       ?GetMemNumFromExp@KTeamLeadExp@@QAEHK@Z 10035c10 f   KPlayerSet.obj
 0001:00034c30       ?GetMemNumFromLevel@KTeamLeadExp@@QAEHH@Z 10035c30 f   KPlayerSet.obj
 0001:00034c50       ?GetLevelExp@KTeamLeadExp@@QAEHH@Z 10035c50 f   KPlayerSet.obj
 0001:00034c70       ??0KNewPlayerAttribute@@QAE@XZ 10035c70 f   KPlayerSet.obj
 0001:00034cd0       ?Init@KNewPlayerAttribute@@QAEHXZ 10035cd0 f   KPlayerSet.obj
 0001:00034ea0       ?Remove@?$KLinkArrayTemplate@UTMissionPlayerInfo@@$0ELA@@@QAEKPAUTMissionPlayerInfo@@@Z 10035ea0 f i KPlayerSet.obj
 0001:00034f20       ??0KShop@@QAE@XZ           10035f20 f   KPlayerShop.obj
 0001:00034f30       ?Release@KShop@@QAEXXZ     10035f30 f   KPlayerShop.obj
 0001:00035100       ??0KPlayerTask@@QAE@XZ     10036100 f   KPlayerTask.obj
 0001:00035110       ?Release@KPlayerTask@@QAEXXZ 10036110 f   KPlayerTask.obj
 0001:00035130       ?ClearTempVar@KPlayerTask@@QAEXXZ 10036130 f   KPlayerTask.obj
 0001:00035150       ?GetSaveVal@KPlayerTask@@QAEHH@Z 10036150 f   KPlayerTask.obj
 0001:00035170       ?SetSaveVal@KPlayerTask@@QAEXHH@Z 10036170 f   KPlayerTask.obj
 0001:00035190       ?GetClearVal@KPlayerTask@@QAEHH@Z 10036190 f   KPlayerTask.obj
 0001:000351b0       ?SetClearVal@KPlayerTask@@QAEXHH@Z 100361b0 f   KPlayerTask.obj
 0001:00035230       ?Release@KPlayerTeam@@QAEXXZ 10036230 f   KPlayerTeam.obj
 0001:00035260       ?CreateTeam@KPlayerTeam@@QAEHHPAUPLAYER_APPLY_CREATE_TEAM@@@Z 10036260 f   KPlayerTeam.obj
 0001:00035450       ?InviteAdd@KPlayerTeam@@QAEXHPAUTEAM_INVITE_ADD_COMMAND@@@Z 10036450 f   KPlayerTeam.obj
 0001:00035620       ?GetInviteReply@KPlayerTeam@@QAEXHHH@Z 10036620 f   KPlayerTeam.obj
 0001:00035c50       ?SetCanTeamFlag@KPlayerTeam@@QAEXHH@Z 10036c50 f   KPlayerTeam.obj
 0001:00035cb0       ??0KTeam@@QAE@XZ           10036cb0 f   KPlayerTeam.obj
 0001:00035cc0       ?Release@KTeam@@QAEXXZ     10036cc0 f   KPlayerTeam.obj
 0001:00035cf0       ?SetIndex@KTeam@@QAEXH@Z   10036cf0 f   KPlayerTeam.obj
 0001:00035d00       ?FindFree@KTeam@@QAEHXZ    10036d00 f   KPlayerTeam.obj
 0001:00035d20       ?FindMemberID@KTeam@@QAEHK@Z 10036d20 f   KPlayerTeam.obj
 0001:00035d80       ?CheckFull@KTeam@@QAEHXZ   10036d80 f   KPlayerTeam.obj
 0001:00035da0       ?SetTeamOpen@KTeam@@QAEHXZ 10036da0 f   KPlayerTeam.obj
 0001:00035ea0       ?SetTeamClose@KTeam@@QAEHXZ 10036ea0 f   KPlayerTeam.obj
 0001:00035f90       ?IsOpen@KTeam@@QAEHXZ      10036f90 f   KPlayerTeam.obj
 0001:00035fa0       ?CalcCaptainPower@KTeam@@QAEHXZ 10036fa0 f   KPlayerTeam.obj
 0001:00035fd0       ?CheckAddCondition@KTeam@@AAEHH@Z 10036fd0 f   KPlayerTeam.obj
 0001:00036050       ?CreateTeam@KTeam@@QAEHH@Z 10037050 f   KPlayerTeam.obj
 0001:00036070       ?AddMember@KTeam@@QAEHH@Z  10037070 f   KPlayerTeam.obj
 0001:000360d0       ?DeleteMember@KTeam@@QAEHH@Z 100370d0 f   KPlayerTeam.obj
 0001:00036480       ?CheckIn@KTeam@@QAEHH@Z    10037480 f   KPlayerTeam.obj
 0001:000364c0       ?Init@KTeamSet@@QAEXXZ     100374c0 f   KPlayerTeam.obj
 0001:000364e0       ?FindFree@KTeamSet@@AAEHXZ 100374e0 f   KPlayerTeam.obj
 0001:00036500       ?CreateTeam@KTeamSet@@QAEHH@Z 10037500 f   KPlayerTeam.obj
 0001:00036570       ?Init@KPlayerTong@@QAEXH@Z 10037570 f   KPlayerTong.obj
 0001:00036580       ?Clear@KPlayerTong@@QAEXXZ 10037580 f   KPlayerTong.obj
 0001:000365a0       ?CheckCreateCondition@KPlayerTong@@QAEHHPAD@Z 100375a0 f   KPlayerTong.obj
 0001:00036780       ?Create@KPlayerTong@@QAEHHPBD@Z 10037780 f   KPlayerTong.obj
 0001:00036a10       ?GetOpenFlag@KPlayerTong@@QAEHXZ 10037a10 f   KPlayerTong.obj
 0001:00036a30       ?TransferAddApply@KPlayerTong@@QAEHK@Z 10037a30 f   KPlayerTong.obj
 0001:00036bd0       ?CheckAcceptAddApplyCondition@KPlayerTong@@AAEHXZ 10037bd0 f   KPlayerTong.obj
 0001:00036bf0       ?SendRefuseMessage@KPlayerTong@@QAEXHK@Z 10037bf0 f   KPlayerTong.obj
 0001:00036dd0       ?GetTongName@KPlayerTong@@QAEXPAD@Z 10037dd0 f   KPlayerTong.obj
 0001:00036e10       ?GetTongTitle@KPlayerTong@@QAEXPAD@Z 10037e10 f   KPlayerTong.obj
 0001:00036e50       ?CheckAddCondition@KPlayerTong@@QAEHH@Z 10037e50 f   KPlayerTong.obj
 0001:00036f00       ?AddTong@KPlayerTong@@QAEHHPAD00@Z 10037f00 f   KPlayerTong.obj
 0001:00037120       ?GetTongNameID@KPlayerTong@@QAEKXZ 10038120 f   KPlayerTong.obj
 0001:00037130       ?CanGetManagerInfo@KPlayerTong@@QAEHK@Z 10038130 f   KPlayerTong.obj
 0001:00037180       ?CanGetMemberInfo@KPlayerTong@@QAEHK@Z 10038180 f   KPlayerTong.obj
 0001:000371d0       ?SendSelfInfo@KPlayerTong@@QAEXXZ 100381d0 f   KPlayerTong.obj
 0001:000372a0       ?CheckInstatePower@KPlayerTong@@QAEHPAUTONG_APPLY_INSTATE_COMMAND@@@Z 100382a0 f   KPlayerTong.obj
 0001:000373f0       ?CheckKickPower@KPlayerTong@@QAEHPAUTONG_APPLY_KICK_COMMAND@@@Z 100383f0 f   KPlayerTong.obj
 0001:00037450       ?BeInstated@KPlayerTong@@QAEXPAUSTONG_SERVER_TO_CORE_BE_INSTATED@@@Z 10038450 f   KPlayerTong.obj
 0001:000374a0       ?BeKicked@KPlayerTong@@QAEXPAUSTONG_SERVER_TO_CORE_BE_KICKED@@@Z 100384a0 f   KPlayerTong.obj
 0001:000375c0       ?CheckLeavePower@KPlayerTong@@QAEHPAUTONG_APPLY_LEAVE_COMMAND@@@Z 100385c0 f   KPlayerTong.obj
 0001:00037640       ?Leave@KPlayerTong@@QAEXPAUSTONG_SERVER_TO_CORE_LEAVE@@@Z 10038640 f   KPlayerTong.obj
 0001:00037840       ?CheckChangeMasterPower@KPlayerTong@@QAEHPAUTONG_APPLY_CHANGE_MASTER_COMMAND@@@Z 10038840 f   KPlayerTong.obj
 0001:000378d0       ?CheckGetMasterPower@KPlayerTong@@QAEHPAUSTONG_SERVER_TO_CORE_CHECK_GET_MASTER_POWER@@@Z 100388d0 f   KPlayerTong.obj
 0001:000379b0       ?ChangeAs@KPlayerTong@@QAEXPAUSTONG_SERVER_TO_CORE_CHANGE_AS@@@Z 100389b0 f   KPlayerTong.obj
 0001:00037ae0       ?ChangeMaster@KPlayerTong@@QAEXPAD@Z 10038ae0 f   KPlayerTong.obj
 0001:00037b40       ?Login@KPlayerTong@@QAEXPAUSTONG_SERVER_TO_CORE_LOGIN@@@Z 10038b40 f   KPlayerTong.obj
 0001:00037d30       ?CheckChangeCampPower@KPlayerTong@@QAEHPAUTONG_CHANGE_CAMP_COMMAND@@@Z 10038d30 f   KPlayerTong.obj
 0001:00037dd0       ?ChangeCamp@KPlayerTong@@QAEXPAUSTONG_SERVER_TO_CORE_CHANGE_CAMP@@@Z 10038dd0 f   KPlayerTong.obj
 0001:00037e70       ?CheckChangeMemberTitlePower@KPlayerTong@@QAEHPAUTONG_CHANGE_MEMBER_TITLE_COMMAND@@@Z 10038e70 f   KPlayerTong.obj
 0001:00037ed0       ?CheckChangeOneTitlePower@KPlayerTong@@QAEHPAUTONG_CHANGE_ONE_TITLE_COMMAND@@@Z 10038ed0 f   KPlayerTong.obj
 0001:00037f70       ?ChangeTitle@KPlayerTong@@QAEXPBD@Z 10038f70 f   KPlayerTong.obj
 0001:00037fc0       ?CheckSaveMoneyPower@KPlayerTong@@QAEHPAUTONG_APPLY_SAVE_MONEY_COMMAND@@@Z 10038fc0 f   KPlayerTong.obj
 0001:00038070       ?SaveMoney@KPlayerTong@@QAEXPAUSTONG_SERVER_TO_CORE_SAVE_MONEY@@@Z 10039070 f   KPlayerTong.obj
 0001:000380a0       ?CheckGetMoneyPower@KPlayerTong@@QAEHPAUTONG_APPLY_GET_MONEY_COMMAND@@@Z 100390a0 f   KPlayerTong.obj
 0001:00038150       ?GetMoney@KPlayerTong@@QAEXPAUSTONG_SERVER_TO_CORE_GET_MONEY@@_N@Z 10039150 f   KPlayerTong.obj
 0001:000381e0       ??0KTrade@@QAE@XZ          100391e0 f   KPlayerTrade.obj
 0001:00038200       ?Release@KTrade@@QAEXXZ    10039200 f   KPlayerTrade.obj
[...]
 0001:00000ca0       _$E21                      10001ca0 f   KMissle.obj
 0001:00000cc0       _$E28                      10001cc0 f   KMissle.obj
 0001:00000cd0       _$E25                      10001cd0 f   KMissle.obj
 0001:00000cf0       _$E27                      10001cf0 f   KMissle.obj
 0001:00000d00       _$E26                      10001d00 f   KMissle.obj
 0001:00003090       _$E35                      10004090 f   KMissle.obj
 0001:000030b0       _$E34                      100040b0 f   KMissle.obj
 0001:00000b30       _$E25                      10001b30 f   KThiefSkill.obj
 0001:00000b50       _$E24                      10001b50 f   KThiefSkill.obj
 0001:00000070       _$E22                      10001070 f   KPlayerPartner.obj
 0001:00000090       _$E21                      10001090 f   KPlayerPartner.obj
 0001:00000030       _$E22                      10001030 f   KPartnerSkill.obj
 0001:00000050       _$E21                      10001050 f   KPartnerSkill.obj
 0001:00073f10       _$E19                      10074f10 f   common:Exception.obj
 0001:00073f30       _$E18                      10074f30 f   common:Exception.obj
 0001:00073930       _$E23                      10074930 f   common:Buffer.obj
 0001:00073950       _$E22                      10074950 f   common:Buffer.obj
 0001:0007715c       _$E2                       1007815c f   libcpmt:nomemory.obj
 0001:00076d57       __Mbrtowc_lk               10077d57 f   libcpmt:xmbtowc.obj
 0001:000767c0       _$E18                      100777c0 f   libcpmt:locale0.obj
 0001:000767ca       _$E15                      100777ca f   libcpmt:locale0.obj
 0001:000767cb       _$E17                      100777cb f   libcpmt:locale0.obj
 0001:000767d7       _$E16                      100777d7 f   libcpmt:locale0.obj
 0001:00076cb2       _$E29                      10077cb2 f   libcpmt:locale0.obj
 0001:00076cdc       _$E25                      10077cdc f   libcpmt:locale0.obj
 0001:00076ce8       _$E28                      10077ce8 f   libcpmt:locale0.obj
 0001:000761a3       ?_CleanUp@std@@YAXXZ       100771a3 f   libcpmt:xlock.obj
 0001:000760e3       _$E24                      100770e3 f   libcpmt:string.obj
 0001:0007610d       _$E20                      1007710d f   libcpmt:string.obj
 0001:00076119       _$E23                      10077119 f   libcpmt:string.obj
 0001:00074f08       _$E18                      10075f08 f   libcpmt:wiostrea.obj
 0001:00074f12       _$E15                      10075f12 f   libcpmt:wiostrea.obj
 0001:00074f1c       _$E17                      10075f1c f   libcpmt:wiostrea.obj
 0001:00074f28       _$E16                      10075f28 f   libcpmt:wiostrea.obj
 0001:00074f32       _$E24                      10075f32 f   libcpmt:wiostrea.obj
 0001:00074f3c       _$E21                      10075f3c f   libcpmt:wiostrea.obj
 0001:00074f46       _$E23                      10075f46 f   libcpmt:wiostrea.obj
 0001:00074f52       _$E22                      10075f52 f   libcpmt:wiostrea.obj
 0001:00074f5c       _$E29                      10075f5c f   libcpmt:wiostrea.obj
 0001:00074f66       _$E26                      10075f66 f   libcpmt:wiostrea.obj
 0001:00074f73       _$E28                      10075f73 f   libcpmt:wiostrea.obj
 0001:00074f7f       _$E27                      10075f7f f   libcpmt:wiostrea.obj
 0001:00074f89       _$E34                      10075f89 f   libcpmt:wiostrea.obj
 0001:00074f93       _$E31                      10075f93 f   libcpmt:wiostrea.obj
 0001:00074fa0       _$E33                      10075fa0 f   libcpmt:wiostrea.obj
 0001:00074fac       _$E32                      10075fac f   libcpmt:wiostrea.obj
 0001:00074fb6       _$E39                      10075fb6 f   libcpmt:wiostrea.obj
 0001:00074fc0       _$E36                      10075fc0 f   libcpmt:wiostrea.obj
 0001:00074fcd       _$E38                      10075fcd f   libcpmt:wiostrea.obj
 0001:00074fd9       _$E37                      10075fd9 f   libcpmt:wiostrea.obj
 0001:00074fe3       _$E44                      10075fe3 f   libcpmt:wiostrea.obj
 0001:00074fed       _$E41                      10075fed f   libcpmt:wiostrea.obj
 0001:00074ffc       _$E43                      10075ffc f   libcpmt:wiostrea.obj
 0001:00075008       _$E42                      10076008 f   libcpmt:wiostrea.obj
 0001:00075027       _$E49                      10076027 f   libcpmt:wiostrea.obj
 0001:00075031       _$E46                      10076031 f   libcpmt:wiostrea.obj
 0001:00075040       _$E48                      10076040 f   libcpmt:wiostrea.obj
 0001:0007504c       _$E47                      1007604c f   libcpmt:wiostrea.obj
 0001:0007506b       _$E54                      1007606b f   libcpmt:wiostrea.obj
 0001:00075075       _$E51                      10076075 f   libcpmt:wiostrea.obj
 0001:00075084       _$E53                      10076084 f   libcpmt:wiostrea.obj
 0001:00075090       _$E52                      10076090 f   libcpmt:wiostrea.obj
 0001:0007509a       _$E59                      1007609a f   libcpmt:wiostrea.obj
 0001:000750a4       _$E56                      100760a4 f   libcpmt:wiostrea.obj
 0001:000750b3       _$E58                      100760b3 f   libcpmt:wiostrea.obj
 0001:000750bf       _$E57                      100760bf f   libcpmt:wiostrea.obj
 0001:00075d8d       _$E70                      10076d8d f   libcpmt:wiostrea.obj
 0001:00075db7       _$E66                      10076db7 f   libcpmt:wiostrea.obj
 0001:00075dc3       _$E69                      10076dc3 f   libcpmt:wiostrea.obj
 0001:00073f4b       _$E18                      10074f4b f   libcpmt:iostream.obj
 0001:00073f55       _$E15                      10074f55 f   libcpmt:iostream.obj
 0001:00073f62       _$E17                      10074f62 f   libcpmt:iostream.obj
 0001:00073f6e       _$E16                      10074f6e f   libcpmt:iostream.obj
 0001:00073f78       _$E23                      10074f78 f   libcpmt:iostream.obj
 0001:00073f82       _$E20                      10074f82 f   libcpmt:iostream.obj
 0001:00073f8f       _$E22                      10074f8f f   libcpmt:iostream.obj
 0001:00073f9b       _$E21                      10074f9b f   libcpmt:iostream.obj
 0001:00073fa5       _$E28                      10074fa5 f   libcpmt:iostream.obj
 0001:00073faf       _$E25                      10074faf f   libcpmt:iostream.obj
 0001:00073fbe       _$E27                      10074fbe f   libcpmt:iostream.obj
 0001:00073fca       _$E26                      10074fca f   libcpmt:iostream.obj
 0001:00073fe9       _$E33                      10074fe9 f   libcpmt:iostream.obj
 0001:00073ff3       _$E30                      10074ff3 f   libcpmt:iostream.obj
 0001:00074002       _$E32                      10075002 f   libcpmt:iostream.obj
 0001:0007400e       _$E31                      1007500e f   libcpmt:iostream.obj
 0001:0007402d       _$E38                      1007502d f   libcpmt:iostream.obj
 0001:00074037       _$E35                      10075037 f   libcpmt:iostream.obj
 0001:00074044       _$E37                      10075044 f   libcpmt:iostream.obj
 0001:00074050       _$E36                      10075050 f   libcpmt:iostream.obj
 0001:0007405a       _$E43                      1007505a f   libcpmt:iostream.obj
 0001:00074064       _$E40                      10075064 f   libcpmt:iostream.obj
 0001:00074073       _$E42                      10075073 f   libcpmt:iostream.obj
 0001:0007407f       _$E41                      1007507f f   libcpmt:iostream.obj
 0001:00074089       _$E48                      10075089 f   libcpmt:iostream.obj
 0001:00074093       _$E45                      10075093 f   libcpmt:iostream.obj
 0001:000740a2       _$E47                      100750a2 f   libcpmt:iostream.obj
 0001:000740ae       _$E46                      100750ae f   libcpmt:iostream.obj
 0001:00074ec5       _$E60                      10075ec5 f   libcpmt:iostream.obj
 0001:00074eef       _$E56                      10075eef f   libcpmt:iostream.obj
 0001:00074efb       _$E59                      10075efb f   libcpmt:iostream.obj
 0001:00084d60       _findenv                   10085d60 f   LIBCMT:setenv.obj
 0001:00084db8       _copy_environ              10085db8 f   LIBCMT:setenv.obj
 0001:00084bae       _strncnt                   10085bae f   LIBCMT:a_cmp.obj
 0001:00083843       _ctrlevent_capture@4       10084843 f   LIBCMT:winsig.obj
 0001:00083a27       _siglookup                 10084a27 f   LIBCMT:winsig.obj
 0001:00083371       _xtoa                      10084371 f   LIBCMT:xtoa.obj
 0001:00083443       _x64toa@20                 10084443 f   LIBCMT:xtoa.obj
 0001:000828a4       __expandtime               100838a4 f   LIBCMT:strftime.obj
 0001:00082c93       __store_str                10083c93 f   LIBCMT:strftime.obj
 0001:00082cba       __store_num                10083cba f   LIBCMT:strftime.obj
 0001:00082d29       __store_number             10083d29 f   LIBCMT:strftime.obj
 0001:00082d72       __store_winword            10083d72 f   LIBCMT:strftime.obj
 0001:00081a9d       _getSystemCP               10082a9d f   LIBCMT:mbctype.obj
 0001:00081ae7       _CPtoLCID                  10082ae7 f   LIBCMT:mbctype.obj
 0001:00081b1a       _setSBCS                   10082b1a f   LIBCMT:mbctype.obj
 0001:00081b43       _setSBUpLow                10082b43 f   LIBCMT:mbctype.obj
 0001:000816b8       _xcptlookup                100826b8 f   LIBCMT:winxfltr.obj
 0001:00080c72       __abstract_cw              10081c72 f   LIBCMT:ieee87.obj
 0001:00080d04       __hw_cw                    10081d04 f   LIBCMT:ieee87.obj
 0001:00080d8d       __abstract_sw              10081d8d f   LIBCMT:ieee87.obj
 0001:00080357       _TranslateName             10081357 f   LIBCMT:getqloc.obj
 0001:000803af       _GetLcidFromLangCountry    100813af f   LIBCMT:getqloc.obj
 0001:00080436       _LangCountryEnumProc@4     10081436 f   LIBCMT:getqloc.obj
 0001:0008063a       _GetLcidFromLanguage       1008163a f   LIBCMT:getqloc.obj
 0001:00080690       _LanguageEnumProc@4        10081690 f   LIBCMT:getqloc.obj
 0001:0008074d       _GetLcidFromCountry        1008174d f   LIBCMT:getqloc.obj
 0001:00080784       _CountryEnumProc@4         10081784 f   LIBCMT:getqloc.obj
 0001:0008080a       _GetLcidFromDefault        1008180a f   LIBCMT:getqloc.obj
 0001:00080824       _ProcessCodePage           10081824 f   LIBCMT:getqloc.obj
 0001:0008088a       _TestDefaultCountry        1008188a f   LIBCMT:getqloc.obj
 0001:000808a9       _TestDefaultLanguage       100818a9 f   LIBCMT:getqloc.obj
 0001:0008090b       _IsThisWindowsNT           1008190b f   LIBCMT:getqloc.obj
 0001:00080941       _crtGetLocaleInfoA@16      10081941 f   LIBCMT:getqloc.obj
 0001:00080a27       _LcidFromHexString         10081a27 f   LIBCMT:getqloc.obj
 0001:00080a60       _GetPrimaryLen             10081a60 f   LIBCMT:getqloc.obj
 0001:0007fd2b       __get_lc_lconv             10080d2b f   LIBCMT:initmon.obj
 0001:0007fe4d       _fix_grouping              10080e4d f   LIBCMT:initmon.obj
 0001:0007fe84       __free_lc_lconv            10080e84 f   LIBCMT:initmon.obj
 0001:0007fc29       _fix_grouping              10080c29 f   LIBCMT:initnum.obj
 0001:0007f576       __get_lc_time              10080576 f   LIBCMT:inittime.obj
 0001:0007f8c4       __free_lc_time             100808c4 f   LIBCMT:inittime.obj
 0001:0007d146       _parse_cmdline             1007e146 f   LIBCMT:stdargv.obj
 0001:0007c7c2       __tzset_lk                 1007d7c2 f   LIBCMT:tzset.obj
 0001:0007ca6a       __isindst_lk               1007da6a f   LIBCMT:tzset.obj
 0001:0007cc16       _cvtdate                   1007dc16 f   LIBCMT:tzset.obj
 0001:0007c4c4       _strncnt                   1007d4c4 f   LIBCMT:a_map.obj
 0001:0007b520       ?FindHandler@@YAXPAUEHExceptionRecord@@PAUEHRegistrationNode@@PAU_CONTEXT@@PAXPBU_s_FuncInfo@@EH1@Z 1007c520 f   LIBCMT:frame.obj
 0001:0007b6d3       ?FindHandlerForForeignException@@YAXPAUEHExceptionRecord@@PAUEHRegistrationNode@@PAU_CONTEXT@@PAXPBU_s_FuncInfo@@HH1@Z 1007c6d3 f   LIBCMT:frame.obj
 0001:0007b77d       ?TypeMatch@@YAHPBU_s_HandlerType@@PBU_s_CatchableType@@PBU_s_ThrowInfo@@@Z 1007c77d f   LIBCMT:frame.obj
 0001:0007b878       ?FrameUnwindFilter@@YAHPAU_EXCEPTION_POINTERS@@@Z 1007c878 f   LIBCMT:frame.obj
 0001:0007b88e       ?CatchIt@@YAXPAUEHExceptionRecord@@PAUEHRegistrationNode@@PAU_CONTEXT@@PAXPBU_s_FuncInfo@@PBU_s_HandlerType@@PBU_s_CatchableType@@PBU_s_TryBlockMapEntry@@H1E@Z 1007c88e f   LIBCMT:frame.obj
 0001:0007b909       ?CallCatchBlock@@YAPAXPAUEHExceptionRecord@@PAUEHRegistrationNode@@PAU_CONTEXT@@PBU_s_FuncInfo@@PAXHK@Z 1007c909 f   LIBCMT:frame.obj
 0001:0007ba24       ?ExFilterRethrow@@YAHPAU_EXCEPTION_POINTERS@@@Z 1007ca24 f   LIBCMT:frame.obj
 0001:0007ba4e       ?BuildCatchObject@@YAXPAUEHExceptionRecord@@PAUEHRegistrationNode@@PBU_s_HandlerType@@PBU_s_CatchableType@@@Z 1007ca4e f   LIBCMT:frame.obj
 0001:0007bc79       ?AdjustPointer@@YAPAXPAXABUPMD@@@Z 1007cc79 f   LIBCMT:frame.obj
 0001:0007b1be       __cftoe2                   1007c1be f   LIBCMT:cvt.obj
 0001:0007b2d5       __cftof2                   1007c2d5 f   LIBCMT:cvt.obj
 0001:0007b460       __shift                    1007c460 f   LIBCMT:cvt.obj
 0001:0007af1d       _write_char                1007bf1d f   LIBCMT:output.obj
 0001:0007af52       _write_multi_char          1007bf52 f   LIBCMT:output.obj
 0001:0007af83       _write_string              1007bf83 f   LIBCMT:output.obj
 0001:0007afbb       _get_int_arg               1007bfbb f   LIBCMT:output.obj
 0001:0007afc8       _get_int64_arg             1007bfc8 f   LIBCMT:output.obj
 0001:0007afd8       _get_short_arg             1007bfd8 f   LIBCMT:output.obj
 0001:0007a3ea       _doexit                    1007b3ea f   LIBCMT:crt0dat.obj
 0001:0007a4a1       __initterm                 1007b4a1 f   LIBCMT:crt0dat.obj
 0001:00079ec5       __setlocale_set_cat        1007aec5 f   LIBCMT:setlocal.obj
 0001:00079fe0       __setlocale_get_all        1007afe0 f   LIBCMT:setlocal.obj
 0001:00079440       _flsall                    1007a440 f   LIBCMT:fflush.obj
 0001:00078cc0       LeadUp1                    10079cc0 f   LIBCMT:memcpy.obj
 0001:00078cec       LeadUp2                    10079cec f   LIBCMT:memcpy.obj
 0001:00078d10       LeadUp3                    10079d10 f   LIBCMT:memcpy.obj
 0001:00078d8f       UnwindUp0                  10079d8f f   LIBCMT:memcpy.obj
 0001:00078d7c       UnwindUp1                  10079d7c f   LIBCMT:memcpy.obj
 0001:00078d74       UnwindUp2                  10079d74 f   LIBCMT:memcpy.obj
 0001:00078d6c       UnwindUp3                  10079d6c f   LIBCMT:memcpy.obj
 0001:00078d64       UnwindUp4                  10079d64 f   LIBCMT:memcpy.obj
 0001:00078d5c       UnwindUp5                  10079d5c f   LIBCMT:memcpy.obj
 0001:00078d54       UnwindUp6                  10079d54 f   LIBCMT:memcpy.obj
 0001:00078d4c       UnwindUp7                  10079d4c f   LIBCMT:memcpy.obj
 0001:00078da8       TrailUp0                   10079da8 f   LIBCMT:memcpy.obj
 0001:00078db0       TrailUp1                   10079db0 f   LIBCMT:memcpy.obj
 0001:00078dbc       TrailUp2                   10079dbc f   LIBCMT:memcpy.obj
 0001:00078dd0       TrailUp3                   10079dd0 f   LIBCMT:memcpy.obj
 0001:00078e48       LeadDown1                  10079e48 f   LIBCMT:memcpy.obj
 0001:00078e68       LeadDown2                  10079e68 f   LIBCMT:memcpy.obj
 0001:00078e90       LeadDown3                  10079e90 f   LIBCMT:memcpy.obj
 0001:00078ee4       UnwindDown7                10079ee4 f   LIBCMT:memcpy.obj
 0001:00078eec       UnwindDown6                10079eec f   LIBCMT:memcpy.obj
 0001:00078ef4       UnwindDown5                10079ef4 f   LIBCMT:memcpy.obj
 0001:00078efc       UnwindDown4                10079efc f   LIBCMT:memcpy.obj
 0001:00078f04       UnwindDown3                10079f04 f   LIBCMT:memcpy.obj
 0001:00078f0c       UnwindDown2                10079f0c f   LIBCMT:memcpy.obj
 0001:00078f14       UnwindDown1                10079f14 f   LIBCMT:memcpy.obj
 0001:00078f27       UnwindDown0                10079f27 f   LIBCMT:memcpy.obj
 0001:00078f40       TrailDown0                 10079f40 f   LIBCMT:memcpy.obj
 0001:00078f48       TrailDown1                 10079f48 f   LIBCMT:memcpy.obj
 0001:00078f58       TrailDown2                 10079f58 f   LIBCMT:memcpy.obj
 0001:00078f6c       TrailDown3                 10079f6c f   LIBCMT:memcpy.obj
 0001:00078161       __make_time_t              10079161 f   LIBCMT:mktime.obj
 0001:00077e80       LeadUp1                    10078e80 f   LIBCMT:memmove.obj
 0001:00077eac       LeadUp2                    10078eac f   LIBCMT:memmove.obj
 0001:00077ed0       LeadUp3                    10078ed0 f   LIBCMT:memmove.obj
 0001:00077f4f       UnwindUp0                  10078f4f f   LIBCMT:memmove.obj
 0001:00077f3c       UnwindUp1                  10078f3c f   LIBCMT:memmove.obj
 0001:00077f34       UnwindUp2                  10078f34 f   LIBCMT:memmove.obj
 0001:00077f2c       UnwindUp3                  10078f2c f   LIBCMT:memmove.obj
 0001:00077f24       UnwindUp4                  10078f24 f   LIBCMT:memmove.obj
 0001:00077f1c       UnwindUp5                  10078f1c f   LIBCMT:memmove.obj
 0001:00077f14       UnwindUp6                  10078f14 f   LIBCMT:memmove.obj
 0001:00077f0c       UnwindUp7                  10078f0c f   LIBCMT:memmove.obj
 0001:00077f68       TrailUp0                   10078f68 f   LIBCMT:memmove.obj
 0001:00077f70       TrailUp1                   10078f70 f   LIBCMT:memmove.obj
 0001:00077f7c       TrailUp2                   10078f7c f   LIBCMT:memmove.obj
 0001:00077f90       TrailUp3                   10078f90 f   LIBCMT:memmove.obj
 0001:00078008       LeadDown1                  10079008 f   LIBCMT:memmove.obj
 0001:00078028       LeadDown2                  10079028 f   LIBCMT:memmove.obj
 0001:00078050       LeadDown3                  10079050 f   LIBCMT:memmove.obj
 0001:000780a4       UnwindDown7                100790a4 f   LIBCMT:memmove.obj
 0001:000780ac       UnwindDown6                100790ac f   LIBCMT:memmove.obj
 0001:000780b4       UnwindDown5                100790b4 f   LIBCMT:memmove.obj
 0001:000780bc       UnwindDown4                100790bc f   LIBCMT:memmove.obj
 0001:000780c4       UnwindDown3                100790c4 f   LIBCMT:memmove.obj
 0001:000780cc       UnwindDown2                100790cc f   LIBCMT:memmove.obj
 0001:000780d4       UnwindDown1                100790d4 f   LIBCMT:memmove.obj
 0001:000780e7       UnwindDown0                100790e7 f   LIBCMT:memmove.obj
 0001:00078100       TrailDown0                 10079100 f   LIBCMT:memmove.obj
 0001:00078108       TrailDown1                 10079108 f   LIBCMT:memmove.obj
 0001:00078118       TrailDown2                 10079118 f   LIBCMT:memmove.obj
 0001:0007812c       TrailDown3                 1007912c f   LIBCMT:memmove.obj
 0001:0007785e       ?ArrayUnwindFilter@@YAHPAU_EXCEPTION_POINTERS@@@Z 1007885e f   LIBCMT:ehvecdtr.obj
 0001:00077628       _gu_return                 10078628 f   LIBCMT:exsup.obj
 0001:00077630       __unwind_handler           10078630 f   LIBCMT:exsup.obj
 0001:00077443       ?CatchGuardHandler@@YA?AW4_EXCEPTION_DISPOSITION@@PAUEHExceptionRecord@@PAUCatchGuardRN@@PAX2@Z 10078443 f   LIBCMT:trnsctrl.obj
 0001:0007751e       ?TranslatorGuardHandler@@YA?AW4_EXCEPTION_DISPOSITION@@PAUEHExceptionRecord@@PAUTranslatorGuardRN@@PAX2@Z 1007851e f   LIBCMT:trnsctrl.obj
 0001:0008556c       _$E4                       1008656c f   comsupp:comutil.obj
 0001:00085576       _$E1                       10086576 f   comsupp:comutil.obj
 0001:00085588       _$E3                       10086588 f   comsupp:comutil.obj
 0001:00085594       _$E2                       10086594 f   comsupp:comutil.obj
 0001:00084f9b       ?_com_invoke_helper@@YAJPAUIDispatch@@JGGPAXPBGPADPAPAUIErrorInfo@@@Z 10085f9b f   comsupp:comsupp.obj
