 CoreServer

 Timestamp is 6924b360 (Mon Nov 24 14:34:56 2025)

 Preferred load address is 10000000

 Start         Length     Name                   Class
 0001:00000000 000893a2H .text                   CODE
 0001:000893b0 0000293dH .text$x                 CODE
 0002:00000000 00000350H .idata$5                DATA
 0002:00000350 0000b640H .rdata                  DATA
 0002:0000b990 000006ecH .rdata$r                DATA
 0002:0000c080 00003828H .xdata$x                DATA
 0002:0000f8a8 0000008cH .idata$2                DATA
 0002:0000f934 00000014H .idata$3                DATA
 0002:0000f948 00000350H .idata$4                DATA
 0002:0000fc98 000011eeH .idata$6                DATA
 0002:00010e90 00001c54H .edata                  DATA
 0003:00000000 00000004H .CRT$XCA                DATA
 0003:00000004 000002a8H .CRT$XCU                DATA
 0003:000002ac 00000004H .CRT$XCZ                DATA
 0003:000002b0 00000004H .CRT$XIA                DATA
 0003:000002b4 0000000cH .CRT$XIC                DATA
 0003:000002c0 00000004H .CRT$XIY                DATA
 0003:000002c4 00000004H .CRT$XIZ                DATA
 0003:000002c8 00000004H .CRT$XPA                DATA
 0003:000002cc 00000004H .CRT$XPX                DATA
 0003:000002d0 00000004H .CRT$XPZ                DATA
 0003:000002d4 00000004H .CRT$XTA                DATA
 0003:000002d8 00000004H .CRT$XTB                DATA
 0003:000002dc 00000004H .CRT$XTZ                DATA
 0003:000002e0 00007c90H .data                   DATA
 0003:00007f70 2833dbdcH .bss                    DATA

  Address         Publics by Value              Rva+Base     Lib:Object

 0001:00000000       ??_H@YGXPAXIHP6EX0@Z@Z     10001000 f i KPartnerSkill.obj
 0001:00000060       ?id@?$ctype@G@std@@$E      10001060 f i KPartnerSkill.obj
 0001:000000a0       ?GetMoney@KInventory@@QAEHXZ 100010a0 f i KThiefSkill.obj
 0001:000000b0       ?SetMoney@KInventory@@QAEHH@Z 100010b0 f i KThiefSkill.obj
 0001:000000d0       ??4KInventory@@QAEAAV0@ABV0@@Z 100010d0 f i KThiefSkill.obj
 0001:00000100       ?GetBuildItem@KItemList@@QAEHH@Z 10001100 f i KThiefSkill.obj
 0001:00000110       ?GetEquipment@KItemList@@QBEHH@Z 10001110 f i KThiefSkill.obj
 0001:00000120       ?GetMoney@KItemList@@QAEHH@Z 10001120 f i KThiefSkill.obj
 0001:00000140       ?Hand@KItemList@@QAEHXZ    10001140 f i KThiefSkill.obj
 0001:00000150       ?GetMaskLock@KItemList@@QAEHXZ 10001150 f i KThiefSkill.obj
 0001:00000160       ?GetItemCount@KItemList@@QAEHXZ 10001160 f i KThiefSkill.obj
 0001:00000170       ??4KItemList@@QAEAAV0@ABV0@@Z 10001170 f i KThiefSkill.obj
 0001:00000190       ??0KThiefSkill@@QAE@XZ     10001190 f   KThiefSkill.obj
 0001:000001c0       ?GetSkillCostType@KThiefSkill@@UBE?AW4NPCATTRIB@@XZ 100011c0 f i KThiefSkill.obj
 0001:000001d0       ?GetAttackRadius@KThiefSkill@@UBEHXZ 100011d0 f i KThiefSkill.obj
 0001:000001e0       ?IsTargetOnly@KThiefSkill@@UBEHXZ 100011e0 f i KThiefSkill.obj
 0001:000001f0       ?IsTargetSelf@KThiefSkill@@UBEHXZ 100011f0 f i KThiefSkill.obj
 0001:00000200       ?IsTargetEnemy@KThiefSkill@@UBEHXZ 10001200 f i KThiefSkill.obj
 0001:00000210       ?IsTargetAlly@KThiefSkill@@UBEHXZ 10001210 f i KThiefSkill.obj
 0001:00000220       ?IsTargetObj@KThiefSkill@@UBEHXZ 10001220 f i KThiefSkill.obj
 0001:00000230       ??_EKThiefSkill@@UAEPAXI@Z 10001230 f i KThiefSkill.obj
 0001:00000230       ??_GKThiefSkill@@UAEPAXI@Z 10001230 f i KThiefSkill.obj
 0001:00000250       ??1KThiefSkill@@UAE@XZ     10001250 f   KThiefSkill.obj
 0001:00000260       ?GetSkillId@KThiefSkill@@UAEHXZ 10001260 f   KThiefSkill.obj
 0001:00000270       ?GetSkillName@KThiefSkill@@UAEPBDXZ 10001270 f   KThiefSkill.obj
 0001:00000280       ?GetSkillStyle@KThiefSkill@@UAEHXZ 10001280 f   KThiefSkill.obj
 0001:00000290       ?LoadSkillLevelData@KThiefSkill@@UAEXKH@Z 10001290 f   KThiefSkill.obj
 0001:000002a0       ?DoSkill@KThiefSkill@@QAEHPAVKNpc@@HH@Z 100012a0 f   KThiefSkill.obj
 0001:000002f0       ?Cast_Redress@KThiefSkill@@AAEHPAVKPlayer@@0@Z 100012f0 f   KThiefSkill.obj
 0001:00000510       ?Cast_ShowLife@KThiefSkill@@AAEHPAVKPlayer@@0@Z 10001510 f   KThiefSkill.obj
 0001:000005a0       ?Cast_ShowMana@KThiefSkill@@AAEHPAVKPlayer@@0@Z 100015a0 f   KThiefSkill.obj
 0001:00000630       ?Cast_ShowMoney@KThiefSkill@@AAEHPAVKPlayer@@0@Z 10001630 f   KThiefSkill.obj
 0001:000006b0       ?Cast_RunScript@KThiefSkill@@AAEHPAVKPlayer@@0@Z 100016b0 f   KThiefSkill.obj
 0001:000006e0       ?Cast@KThiefSkill@@QAEHPAVKPlayer@@0@Z 100016e0 f   KThiefSkill.obj
 0001:00000760       ?OnSkill@KThiefSkill@@QAEHPAVKNpc@@@Z 10001760 f   KThiefSkill.obj
 0001:00000870       ?CanCastSkill@KThiefSkill@@UBEHHAAH0@Z 10001870 f   KThiefSkill.obj
 0001:00000940       ?LoadSetting@KThiefSkill@@QAEHPAD@Z 10001940 f   KThiefSkill.obj
 0001:00000b30       ?GetSkillCost@KThiefSkill@@UBEHPAX@Z 10001b30 f   KThiefSkill.obj
 0001:00000b80       ?IsAura@ISkill@@UBEHXZ     10001b80 f i KThiefSkill.obj
 0001:00000b90       ?IsPhysical@ISkill@@UBEHXZ 10001b90 f i KThiefSkill.obj
 0001:00000ba0       ?GetSkillAttrib@ISkill@@UBEFXZ 10001ba0 f i KThiefSkill.obj
 0001:00000bb0       ?IsExpSkill@ISkill@@UBEHXZ 10001bb0 f i KThiefSkill.obj
 0001:00000bc0       ?GetSkillLevelUpScriptId@ISkill@@UBEKXZ 10001bc0 f i KThiefSkill.obj
 0001:00000bd0       ??_GISkill@@UAEPAXI@Z      10001bd0 f i KThiefSkill.obj
 0001:00000bd0       ??_EISkill@@UAEPAXI@Z      10001bd0 f i KThiefSkill.obj
 0001:00000bf0       ??0KMissleSet@@QAE@XZ      10001bf0 f i KMissle.obj
 0001:00000c00       ??4KMissleSet@@QAEAAV0@ABV0@@Z 10001c00 f i KMissle.obj
 0001:00000c30       ??1KMissleSet@@QAE@XZ      10001c30 f i KMissle.obj
 0001:00000d40       ??0KMissle@@QAE@XZ         10001d40 f   KMissle.obj
 0001:00000db0       ??_GKMissle@@UAEPAXI@Z     10001db0 f i KMissle.obj
 0001:00000db0       ??_EKMissle@@UAEPAXI@Z     10001db0 f i KMissle.obj
 0001:00000dd0       ?Release@KMissle@@AAEXXZ   10001dd0 f   KMissle.obj
 0001:00000e20       ??1KMissle@@UAE@XZ         10001e20 f   KMissle.obj
 0001:00000e30       ??_GKNode@@UAEPAXI@Z       10001e30 f i KMissle.obj
 0001:00000e30       ??_EKNode@@UAEPAXI@Z       10001e30 f i KMissle.obj
 0001:00000e50       ?GetInfoFromTabFile@KMissle@@QAEHH@Z 10001e50 f   KMissle.obj
 0001:00000e70       ?GetInfoFromTabFile@KMissle@@QAEHPAVKITabFile@@H@Z 10001e70 f   KMissle.obj
 0001:00001080       ?Init@KMissle@@AAEHHHHHH@Z 10002080 f   KMissle.obj
 0001:00001090       ?Activate@KMissle@@QAEHXZ  10002090 f   KMissle.obj
 0001:000012e0       ?OnWait@KMissle@@AAEXXZ    100022e0 f   KMissle.obj
 0001:000012f0       ?OnCollision@KMissle@@AAEXXZ 100022f0 f   KMissle.obj
 0001:00001300       ?CheckCollision@KMissle@@AAEHXZ 10002300 f   KMissle.obj
 0001:000014c0       ?OnFly@KMissle@@AAEXXZ     100024c0 f   KMissle.obj
 0001:00001dd0       ?OnVanish@KMissle@@AAEXXZ  10002dd0 f   KMissle.obj
 0001:00001de0       ?CheckBeyondRegion@KMissle@@AAEHHH@Z 10002de0 f   KMissle.obj
 0001:00002070       ??4KMissle@@AAEAAV0@AAV0@@Z 10003070 f   KMissle.obj
 0001:000021e0       ?ProcessDamage@KMissle@@AAEHH@Z 100031e0 f   KMissle.obj
 0001:00002690       ?DoVanish@KMissle@@AAEXXZ  10003690 f   KMissle.obj
 0001:00002730       ?DoCollision@KMissle@@AAEXXZ 10003730 f   KMissle.obj
 0001:000027b0       ?DoFly@KMissle@@AAEXXZ     100037b0 f   KMissle.obj
 0001:000027d0       ?GetOffsetAxis@KMissle@@SAHHHHHHHAAH00@Z 100037d0 f   KMissle.obj
 0001:00002900       ?ProcessCollision@KMissle@@AAEHHHHHHH@Z 10003900 f   KMissle.obj
 0001:00002a70       ?ProcessCollision@KMissle@@AAEHXZ 10003a70 f   KMissle.obj
 0001:00002ab0       ?DoWait@KMissle@@AAEXXZ    10003ab0 f   KMissle.obj
 0001:00002ac0       ?PrePareFly@KMissle@@AAEHXZ 10003ac0 f   KMissle.obj
 0001:00002d30       ?CheckNearestCollision@KMissle@@AAEHXZ 10003d30 f   KMissle.obj
 0001:00002ef0       ?FindNearestCollision@KMissle@@AAEHHH@Z 10003ef0 f   KMissle.obj
 0001:00002fc0       ?GetMpsPos@KMissle@@QAEXPAH0@Z 10003fc0 f   KMissle.obj
 0001:00003010       ??_GKIndexNode@@UAEPAXI@Z  10004010 f i KMissle.obj
 0001:00003010       ??_EKIndexNode@@UAEPAXI@Z  10004010 f i KMissle.obj
 0001:00003030       ??1KIndexNode@@UAE@XZ      10004030 f i KMissle.obj
 0001:00003040       ?Send@KWorldMsg@@QAEHKHHH@Z 10004040 f i KMissle.obj
 0001:000030b0       ??_EKWorldMsgNode@@UAEPAXI@Z 100040b0 f i KMissle.obj
 0001:000030b0       ??_GKWorldMsgNode@@UAEPAXI@Z 100040b0 f i KMissle.obj
 0001:000030d0       ??1KWorldMsgNode@@UAE@XZ   100040d0 f i KMissle.obj
 0001:00003180       ?Init@KMissleSet@@QAEXXZ   10004180 f   KMissleSet.obj
 0001:000031d0       ?FindFree@KMissleSet@@QAEHXZ 100041d0 f   KMissleSet.obj
 0001:000031e0       ?Add@KMissleSet@@QAEHHHHHHH@Z 100041e0 f   KMissleSet.obj
 0001:00003280       ?Add@KMissleSet@@QAEHHHH@Z 10004280 f   KMissleSet.obj
 0001:000033d0       ?CreateMissile@KMissleSet@@QAEHHHHHHHHH@Z 100043d0 f   KMissleSet.obj
 0001:00003400       ?Activate@KMissleSet@@QAEHXZ 10004400 f   KMissleSet.obj
 0001:00003430       ?Remove@KMissleSet@@QAEXH@Z 10004430 f   KMissleSet.obj
 0001:00003480       ?Draw@KMissleSet@@QAEXXZ   10004480 f   KMissleSet.obj
 0001:00003490       ?GetCount@KMissleSet@@QAEHXZ 10004490 f   KMissleSet.obj
 0001:000034b0       ?ClearMissles@KMissleSet@@QAEXXZ 100044b0 f   KMissleSet.obj
 0001:00003510       ??0KSkillList@@QAE@XZ      10004510 f   KSkillList.obj
 0001:00003540       ??1KSkillList@@QAE@XZ      10004540 f   KSkillList.obj
 0001:00003550       ?FindSame@KSkillList@@QAEHH@Z 10004550 f   KSkillList.obj
 0001:00003580       ?FindFree@KSkillList@@QAEHXZ 10004580 f   KSkillList.obj
 0001:000035a0       ?SetNpcSkill@KSkillList@@QAEXHHH@Z 100045a0 f   KSkillList.obj
 0001:00003630       ?RemoveNpcSkill@KSkillList@@QAEXH@Z 10004630 f   KSkillList.obj
 0001:00003660       ?GetCount@KSkillList@@QAEHXZ 10004660 f   KSkillList.obj
 0001:00003680       ?IncreaseLevel@KSkillList@@QAEHHHH@Z 10004680 f   KSkillList.obj
 0001:00003780       ?Add@KSkillList@@QAEHHH_N@Z 10004780 f   KSkillList.obj
 0001:000038e0       ?Remove@KSkillList@@QAEXH@Z 100048e0 f   KSkillList.obj
 0001:00003970       ?GetLevel@KSkillList@@QAEHH@Z 10004970 f   KSkillList.obj
 0001:000039a0       ?GetCurrentLevel@KSkillList@@QAEHH@Z 100049a0 f   KSkillList.obj
 0001:000039d0       ?GetPointAdd@KSkillList@@QAEDH@Z 100049d0 f   KSkillList.obj
 0001:00003a00       ?CanCast@KSkillList@@QAEHHK@Z 10004a00 f   KSkillList.obj
 0001:00003a50       ?SetNextCastTime@KSkillList@@QAEXHK@Z 10004a50 f   KSkillList.obj
 0001:00003a80       ?SetMaxCastTime@KSkillList@@QAEXHK@Z 10004a80 f   KSkillList.obj
 0001:00003ab0       ?GetEnhanceSkills@KSkillList@@QAEHH@Z 10004ab0 f   KSkillList.obj
 0001:00003b40       ?UpdateDBSkillList@KSkillList@@QAEHPAE@Z 10004b40 f   KSkillList.obj
 0001:00003b90       ?ClearSkillLevel@KSkillList@@QAEH_N@Z 10004b90 f   KSkillList.obj
 0001:00003c20       ?SetNpcSkill120@KSkillList@@QAEXHH@Z 10004c20 f   KSkillList.obj
 0001:00003c50       ?AddExpSkill120@KSkillList@@QAEXH@Z 10004c50 f   KSkillList.obj
 0001:00004040       ?IncreaseSkill120@KSkillList@@QAEXXZ 10005040 f   KSkillList.obj
 0001:00004110       ?IsAddExp@KSkillList@@QAEHH@Z 10005110 f   KSkillList.obj
 0001:00004220       ??0KSkillManager@@QAE@XZ   10005220 f   KSkillManager.obj
 0001:00004230       ??1KSkillManager@@QAE@XZ   10005230 f   KSkillManager.obj
 0001:00004270       ?Init@KSkillManager@@QAEHXZ 10005270 f   KSkillManager.obj
 0001:00004430       ?InstanceSkill@KSkillManager@@AAEPAVISkill@@KK@Z 10005430 f   KSkillManager.obj
 0001:000045a0       ??4KSkill@@QAEAAV0@ABV0@@Z 100055a0 f i KSkillManager.obj
 0001:000049a0       ??0KSkill@@QAE@XZ          100059a0 f   KSkills.obj
 0001:00004ac0       ??_EKSkill@@UAEPAXI@Z      10005ac0 f i KSkills.obj
 0001:00004ac0       ??_GKSkill@@UAEPAXI@Z      10005ac0 f i KSkills.obj
 0001:00004ae0       ??1KSkill@@UAE@XZ          10005ae0 f   KSkills.obj
 0001:00004af0       ?CanCastSkill@KSkill@@UBEHHAAH0@Z 10005af0 f   KSkills.obj
 0001:00004ce0       ?Cast@KSkill@@QBEHHHHHW4eSkillLauncherType@@H@Z 10005ce0 f   KSkills.obj
 0001:00004f00       ?Vanish@KSkill@@ABEXPAVKMissle@@@Z 10005f00 f   KSkills.obj
 0001:00004f10       ?OnMissleEvent@KSkill@@QBEHGPAVKMissle@@@Z 10005f10 f   KSkills.obj
 0001:00005130       ?FlyEvent@KSkill@@ABEXPAVKMissle@@@Z 10006130 f   KSkills.obj
 0001:00005140       ?Collidsion@KSkill@@ABEXPAVKMissle@@@Z 10006140 f   KSkills.obj
 0001:00005150       ?CastMissles@KSkill@@ABEHHHHHW4eSkillLauncherType@@@Z 10006150 f   KSkills.obj
 0001:00006a20       ?qsqrt@@YAMM@Z             10007a20 f i KSkills.obj
 0001:00006a50       ?g_GetDistance@@YAHHHHH@Z  10007a50 f i KSkills.obj
 0001:00006ac0       ?CastZone@KSkill@@ABEHPAUTOrdinSkillParam@@HHHHH@Z 10007ac0 f   KSkills.obj
 0001:00007030       ?CastLine@KSkill@@ABEHPAUTOrdinSkillParam@@HHHHH@Z 10008030 f   KSkills.obj
 0001:000074a0       ?CastExtractiveLineMissle@KSkill@@ABEHPAUTOrdinSkillParam@@HHHHHHH@Z 100084a0 f   KSkills.obj
 0001:00007890       ?CastWall@KSkill@@ABEHPAUTOrdinSkillParam@@HHHHH@Z 10008890 f   KSkills.obj
 0001:00007da0       ?CastCircle@KSkill@@ABEHPAUTOrdinSkillParam@@HHH@Z 10008da0 f   KSkills.obj
 0001:00008130       ?CastSpread@KSkill@@ABEHPAUTOrdinSkillParam@@HHH@Z 10009130 f   KSkills.obj
 0001:000086a0       ?GetChildSkillNum@KSkill@@QBEHH@Z 100096a0 f   KSkills.obj
 0001:000086b0       ?CreateMissle@KSkill@@ABEXHHH@Z 100096b0 f   KSkills.obj
 0001:000088b0       ?GetInfoFromTabFile@KSkill@@QAEHH@Z 100098b0 f   KSkills.obj
 0001:000088d0       ?GetInfoFromTabFile@KSkill@@QAEHPAVKITabFile@@H@Z 100098d0 f   KSkills.obj
 0001:00008eb0       ?LoadSkillLevelData@KSkill@@UAEXKH@Z 10009eb0 f   KSkills.obj
 0001:000090f0       ?CreateMissleMagicAttribsData@KSkill@@QBEPAVKMissleMagicAttribsData@@H@Z 1000a0f0 f   KSkills.obj
 0001:00009230       ?GetMissleGenerateTime@KSkill@@QBEIH@Z 1000a230 f   KSkills.obj
 0001:00009330       ?GetSkillIdFromName@KSkill@@SAHPAD@Z 1000a330 f   KSkills.obj
 0001:000093d0       ?CastInitiativeSkill@KSkill@@ABEHHHHH@Z 1000a3d0 f   KSkills.obj
 0001:00009470       ?CastInitiativeSkill@KSkill@@ABEXHH@Z 1000a470 f   KSkills.obj
 0001:00009590       ?CastPassivitySkill@KSkill@@ABEHHHHHH@Z 1000a590 f   KSkills.obj
 0001:00009670       ?CastStateSkill@KSkill@@QBEHHHHHH@Z 1000a670 f   KSkills.obj
 0001:000096c0       ?ParseString2MagicAttrib@KSkill@@AAEHKPAD0@Z 1000a6c0 f   KSkills.obj
 0001:00009e70       ?IsTargetOnly@KSkill@@UBEHXZ 1000ae70 f i KSkills.obj
 0001:00009e80       ?IsTargetSelf@KSkill@@UBEHXZ 1000ae80 f i KSkills.obj
 0001:00009e90       ?IsTargetEnemy@KSkill@@UBEHXZ 1000ae90 f i KSkills.obj
 0001:00009ea0       ?IsTargetAlly@KSkill@@UBEHXZ 1000aea0 f i KSkills.obj
 0001:00009eb0       ?IsTargetObj@KSkill@@UBEHXZ 1000aeb0 f i KSkills.obj
 0001:00009ec0       ?GetSkillLevelUpScriptId@KSkill@@UBEKXZ 1000aec0 f i KSkills.obj
 0001:00009ed0       ?GetSkillName@KSkill@@UAEPBDXZ 1000aed0 f i KSkills.obj
 0001:00009ee0       ?GetSkillStyle@KSkill@@UAEHXZ 1000aee0 f i KSkills.obj
 0001:00009ef0       ?GetAttackRadius@KSkill@@UBEHXZ 1000aef0 f i KSkills.obj
 0001:00009f00       ?GetSkillCost@KSkill@@UBEHPAX@Z 1000af00 f i KSkills.obj
 0001:00009f10       ?GetSkillCostType@KSkill@@UBE?AW4NPCATTRIB@@XZ 1000af10 f i KSkills.obj
 0001:00009f20       ?GetSkillId@KSkill@@UAEHXZ 1000af20 f i KSkills.obj
 0001:00009f30       ?IsAura@KSkill@@UBEHXZ     1000af30 f i KSkills.obj
 0001:00009f40       ?IsPhysical@KSkill@@UBEHXZ 1000af40 f i KSkills.obj
 0001:00009f50       ?GetSkillAttrib@KSkill@@UBEFXZ 1000af50 f i KSkills.obj
 0001:00009f60       ?IsExpSkill@KSkill@@UBEHXZ 1000af60 f i KSkills.obj
 0001:0000a000       ?Init@KFaction@@QAEHXZ     1000b000 f   KFaction.obj
 0001:0000a4b0       ?GetID@KFaction@@QAEHHH@Z  1000b4b0 f   KFaction.obj
 0001:0000a4e0       ?GetID@KFaction@@QAEHHPAD@Z 1000b4e0 f   KFaction.obj
 0001:0000a570       ?GetCamp@KFaction@@QAEHH@Z 1000b570 f   KFaction.obj
 0001:0000a6a0       ??1KNpc@@QAE@XZ            1000b6a0 f i KNpc.obj
 0001:0000a710       ??1KList@@QAE@XZ           1000b710 f i KNpc.obj
 0001:0000a720       ??0KNpc@@QAE@XZ            1000b720 f   KNpc.obj
 0001:0000a9c0       ??1KNode@@UAE@XZ           1000b9c0 f i KNpc.obj
 0001:0000a9d0       ??0KNode@@QAE@XZ           1000b9d0 f i KNpc.obj
 0001:0000a9f0       ??0KMagicAttrib@@QAE@XZ    1000b9f0 f i KNpc.obj
 0001:0000aa10       ?Init@KNpc@@QAEXXZ         1000ba10 f   KNpc.obj
 0001:0000add0       ?GetActiveSkill@KNpc@@QAEPAVISkill@@XZ 1000bdd0 f   KNpc.obj
 0001:0000ae60       ?SetCurrentCamp@KNpc@@QAEXH@Z 1000be60 f   KNpc.obj
 0001:0000afc0       ?SetCamp@KNpc@@QAEXH@Z     1000bfc0 f   KNpc.obj
 0001:0000b120       ?RestoreCurrentCamp@KNpc@@QAEXXZ 1000c120 f   KNpc.obj
 0001:0000b280       ?Activate@KNpc@@QAEXXZ     1000c280 f   KNpc.obj
 0001:0000b490       ?ProcStatus@KNpc@@QAEXXZ   1000c490 f   KNpc.obj
 0001:0000b570       ?ProcCommand@KNpc@@QAEXH@Z 1000c570 f   KNpc.obj
 0001:0000b7a0       ?ProcessState@KNpc@@QAEHXZ 1000c7a0 f   KNpc.obj
 0001:0000c440       ?DoDeath@KNpc@@AAEXHH@Z    1000d440 f   KNpc.obj
 0001:0000c6a0       ?OnDeath@KNpc@@AAEXXZ      1000d6a0 f   KNpc.obj
 0001:0000c9b0       ?DoDefense@KNpc@@AAEXXZ    1000d9b0 f   KNpc.obj
 0001:0000c9c0       ?OnDefense@KNpc@@AAEXXZ    1000d9c0 f   KNpc.obj
 0001:0000c9d0       ?DoIdle@KNpc@@AAEXXZ       1000d9d0 f   KNpc.obj
 0001:0000c9f0       ?OnIdle@KNpc@@AAEXXZ       1000d9f0 f   KNpc.obj
 0001:0000ca00       ?DoHurt@KNpc@@AAEXHHH@Z    1000da00 f   KNpc.obj
 0001:0000cc30       ?OnHurt@KNpc@@AAEXXZ       1000dc30 f   KNpc.obj
 0001:0000cc80       ?DoSpecial1@KNpc@@AAEXXZ   1000dc80 f   KNpc.obj
 0001:0000cc90       ?OnSpecial1@KNpc@@AAEXXZ   1000dc90 f   KNpc.obj
 0001:0000cd50       ?DoSpecial2@KNpc@@AAEXXZ   1000dd50 f   KNpc.obj
 0001:0000cd60       ?OnSpecial2@KNpc@@AAEXXZ   1000dd60 f   KNpc.obj
 0001:0000cdd0       ?DoSpecial3@KNpc@@AAEXXZ   1000ddd0 f   KNpc.obj
 0001:0000cde0       ?OnSpecial3@KNpc@@AAEXXZ   1000dde0 f   KNpc.obj
 0001:0000cdf0       ?DoSpecial4@KNpc@@AAEXXZ   1000ddf0 f   KNpc.obj
 0001:0000ce00       ?OnSpecial4@KNpc@@AAEXXZ   1000de00 f   KNpc.obj
 0001:0000ce10       ?DoGlide@KNpc@@AAEHF@Z     1000de10 f   KNpc.obj
 0001:0000d3d0       ?OnGlide@KNpc@@AAEXXZ      1000e3d0 f   KNpc.obj
 0001:0000d3e0       ?GlideTo@KNpc@@AAEXHHF@Z   1000e3e0 f   KNpc.obj
 0001:0000d420       ?DoStand@KNpc@@AAEXXZ      1000e420 f   KNpc.obj
 0001:0000d460       ?OnStand@KNpc@@AAEXXZ      1000e460 f   KNpc.obj
 0001:0000d470       ?DoRevive@KNpc@@AAEXXZ     1000e470 f   KNpc.obj
 0001:0000d590       ?OnRevive@KNpc@@AAEXXZ     1000e590 f   KNpc.obj
 0001:0000d5b0       ?DoRun@KNpc@@AAEXXZ        1000e5b0 f   KNpc.obj
 0001:0000d7d0       ?OnRun@KNpc@@AAEXH@Z       1000e7d0 f   KNpc.obj
 0001:0000d870       ?DoSit@KNpc@@AAEXXZ        1000e870 f   KNpc.obj
 0001:0000d9e0       ?OnSit@KNpc@@AAEXXZ        1000e9e0 f   KNpc.obj
 0001:0000da00       ?DoSkill@KNpc@@AAEXHH@Z    1000ea00 f   KNpc.obj
 0001:0000dd80       ?UnDoSkill@KNpc@@AAEXXZ    1000ed80 f   KNpc.obj
 0001:0000dda0       ?DoOrdinSkill@KNpc@@AAEHPAVKSkill@@HH@Z 1000eda0 f   KNpc.obj
 0001:0000dee0       ?DoAttack@KNpc@@AAEXXZ     1000eee0 f   KNpc.obj
 0001:0000df30       ?CastMeleeSkill@KNpc@@AAEHPAVKSkill@@@Z 1000ef30 f   KNpc.obj
 0001:0000e170       ?DoBlurAttack@KNpc@@AAEHXZ 1000f170 f   KNpc.obj
 0001:0000e1d0       ?DoMagic@KNpc@@AAEXXZ      1000f1d0 f   KNpc.obj
 0001:0000e220       ?OnSkill@KNpc@@AAEXXZ      1000f220 f   KNpc.obj
 0001:0000e330       ?JumpTo@KNpc@@AAEXHH@Z     1000f330 f   KNpc.obj
 0001:0000e370       ?RunTo@KNpc@@AAEXHH@Z      1000f370 f   KNpc.obj
 0001:0000e3a0       ?Goto@KNpc@@AAEXHH@Z       1000f3a0 f   KNpc.obj
 0001:0000e3d0       ?DoWalk@KNpc@@AAEXXZ       1000f3d0 f   KNpc.obj
 0001:0000e5b0       ?DoPlayerTalk@KNpc@@QAEXPAD@Z 1000f5b0 f   KNpc.obj
 0001:0000e770       ?OnPlayerTalk@KNpc@@AAEXXZ 1000f770 f   KNpc.obj
 0001:0000e780       ?OnWalk@KNpc@@AAEXXZ       1000f780 f   KNpc.obj
 0001:0000e7a0       ?GetSkillLevel@KNpc@@QAEHH@Z 1000f7a0 f   KNpc.obj
 0001:0000e7d0       ?ModifyAttrib@KNpc@@QAEXHPAX@Z 1000f7d0 f   KNpc.obj
 0001:0000e7f0       ?CalcDamage@KNpc@@QAEHHHHHW4DAMAGE_TYPE@@HHHHHHHH@Z 1000f7f0 f   KNpc.obj
 0001:0000f320       ?ReceiveDamage@KNpc@@QAEHHHPAXHHH@Z 10010320 f   KNpc.obj
 0001:00010060       ?SetImmediatelySkillEffect@KNpc@@QAEXHPAXH@Z 10011060 f   KNpc.obj
 0001:000100a0       ?AppendSkillEffect@KNpc@@QAEXKHHPAX0@Z 100110a0 f   KNpc.obj
 0001:000109e0       ?ProcMove@KNpc@@AAEXH@Z    100119e0 f   KNpc.obj
 0001:00010f70       ?ProcJump@KNpc@@AAEXH@Z    10011f70 f   KNpc.obj
 0001:00011290       ?SendCommand@KNpc@@QAEXW4NPCCMD@@HHH@Z 10012290 f   KNpc.obj
 0001:000112e0       ?SendCommandRandMove@KNpc@@QAEXHHH@Z 100122e0 f   KNpc.obj
 0001:00011310       ?NewPath@KNpc@@AAEHHH@Z    10012310 f   KNpc.obj
 0001:00011330       ?NewJump@KNpc@@AAEHHH@Z    10012330 f   KNpc.obj
 0001:000116c0       ?NewGlide@KNpc@@AAEHHHH@Z  100126c0 f   KNpc.obj
 0001:00011a50       ?SelfDamage@KNpc@@QAEXH@Z  10012a50 f   KNpc.obj
 0001:00011a80       ?Cost@KNpc@@QAEHW4NPCATTRIB@@HH@Z 10012a80 f   KNpc.obj
 0001:00011af0       ?DoJump@KNpc@@AAEXXZ       10012af0 f   KNpc.obj
 0001:00011cb0       ?OnJump@KNpc@@AAEHXZ       10012cb0 f   KNpc.obj
 0001:00011d00       ?WaitForFrame@KNpc@@AAEHXZ 10012d00 f   KNpc.obj
 0001:00011d30       ?IsReachFrame@KNpc@@AAEHH@Z 10012d30 f   KNpc.obj
 0001:00011d60       ?Load@KNpc@@QAEXHHH@Z      10012d60 f   KNpc.obj
 0001:00011e00       ?GetMpsPos@KNpc@@QAEXPAH0@Z 10012e00 f   KNpc.obj
 0001:00011e50       ?SetActiveSkill@KNpc@@QAEHH@Z 10012e50 f   KNpc.obj
 0001:00011f10       ?SetAuraSkill@KNpc@@QAEXH@Z 10012f10 f   KNpc.obj
 0001:00012000       ?SetPlayerIdx@KNpc@@QAEHH@Z 10013000 f   KNpc.obj
 0001:00012030       ?SendSyncData@KNpc@@QAEHH@Z 10013030 f   KNpc.obj
 0001:00012490       ?NormalSync@KNpc@@QAEXXZ   10013490 f   KNpc.obj
 0001:00012c10       ?BroadCastRevive@KNpc@@QAEXH@Z 10013c10 f   KNpc.obj
 0001:00012d70       ?SetPos@KNpc@@QAE_NHH@Z    10013d70 f   KNpc.obj
 0001:00012f90       ?MoveNpc@KNpc@@QAEXHHHHH_N@Z 10013f90 f   KNpc.obj
 0001:000130b0       ?AddBaseLifeMax@KNpc@@QAEXH@Z 100140b0 f   KNpc.obj
 0001:000130d0       ?AddCurLifeMax@KNpc@@QAEXH@Z 100140d0 f   KNpc.obj
 0001:000130f0       ?AddBaseStaminaMax@KNpc@@QAEXH@Z 100140f0 f   KNpc.obj
 0001:00013110       ?AddCurStaminaMax@KNpc@@QAEXH@Z 10014110 f   KNpc.obj
 0001:00013130       ?AddBaseManaMax@KNpc@@QAEXH@Z 10014130 f   KNpc.obj
 0001:00013150       ?AddCurManaMax@KNpc@@QAEXH@Z 10014150 f   KNpc.obj
 0001:00013170       ?CalcCurLifeReplenish@KNpc@@QAEXXZ 10014170 f   KNpc.obj
 0001:00013180       ?Remove@KNpc@@QAEXXZ       10014180 f   KNpc.obj
 0001:00013190       ?SetSeries@KNpc@@QAEXH@Z   10014190 f   KNpc.obj
 0001:000131b0       ?SetStateSkillEffect@KNpc@@QAEXHHHPAXHHH@Z 100141b0 f   KNpc.obj
 0001:000135d0       ??_EKStateNode@@UAEPAXI@Z  100145d0 f i KNpc.obj
 0001:000135d0       ??_GKStateNode@@UAEPAXI@Z  100145d0 f i KNpc.obj
 0001:000135f0       ??1KStateNode@@UAE@XZ      100145f0 f i KNpc.obj
 0001:00013600       ?ModifyMissleCollsion@KNpc@@QAEHH@Z 10014600 f   KNpc.obj
 0001:00013630       ?ModifyMissleLifeTime@KNpc@@QAEHH@Z 10014630 f   KNpc.obj
 0001:00013640       ?ModifyMissleSpeed@KNpc@@QAEHH@Z 10014640 f   KNpc.obj
 0001:00013660       ?DoManyAttack@KNpc@@AAEHXZ 10014660 f   KNpc.obj
 0001:00013720       ?OnManyAttack@KNpc@@AAEXXZ 10014720 f   KNpc.obj
 0001:000137c0       ?DoRunAttack@KNpc@@AAEHXZ  100147c0 f   KNpc.obj
 0001:000138d0       ?OnRunAttack@KNpc@@AAEXXZ  100148d0 f   KNpc.obj
 0001:00013a70       ?DoJumpAttack@KNpc@@AAEHXZ 10014a70 f   KNpc.obj
 0001:00013b10       ?OnJumpAttack@KNpc@@AAEHXZ 10014b10 f   KNpc.obj
 0001:00013c50       ?CheckHitTarget@KNpc@@AAEHHHH@Z 10014c50 f   KNpc.obj
 0001:00013cc0       ?AddStateInfo@KNpc@@AAEXH@Z 10014cc0 f   KNpc.obj
 0001:00013d10       ?AddStateSkillList@KNpc@@AAEXPAVKStateNode@@@Z 10014d10 f   KNpc.obj
 0001:00013d70       ?GetNpcCopyFromTemplate@KNpc@@QAEXHHH@Z 10014d70 f   KNpc.obj
 0001:00014150       ?LoadDataFromTemplate@KNpc@@QAEXHHH@Z 10015150 f   KNpc.obj
 0001:000145b0       ?SetPhysicsDamage@KNpc@@QAEXHH@Z 100155b0 f   KNpc.obj
 0001:000145d0       ?SetBaseAttackRating@KNpc@@QAEXH@Z 100155d0 f   KNpc.obj
 0001:000145f0       ?SetBaseDefence@KNpc@@QAEXH@Z 100155f0 f   KNpc.obj
 0001:00014610       ?DeathPunish@KNpc@@QAEXHH@Z 10015610 f   KNpc.obj
 0001:00014bc0       ??1tagSHOW_MSG_SYNC@@QAE@XZ 10015bc0 f i KNpc.obj
 0001:00014be0       ?PlayerDeadCreateMoneyObj@KNpc@@AAEXH@Z 10015be0 f   KNpc.obj
 0001:00014cb0       ?LoseMoney@KNpc@@AAEXH@Z   10015cb0 f   KNpc.obj
 0001:00014dd0       ?LoseSingleItem@KNpc@@AAEXH@Z 10015dd0 f   KNpc.obj
 0001:00015220       ?Revive@KNpc@@QAEXXZ       10016220 f   KNpc.obj
 0001:00015440       ?RestoreLiveData@KNpc@@QAEXXZ 10016440 f   KNpc.obj
 0001:00015450       ?SendDataToNearRegion@KNpc@@QAEXPAXK@Z 10016450 f   KNpc.obj
 0001:000155a0       ?DeathCalcPKValue@KNpc@@QAEHH@Z 100165a0 f   KNpc.obj
 0001:000157f0       ?CheckPlayerAround@KNpc@@QAEHH@Z 100167f0 f   KNpc.obj
 0001:000158b0       ?SendBloodNo@KNpc@@QAEXKH@Z 100168b0 f   KNpc.obj
 0001:00015960       ?getRandomLevel@KNpc@@QAEHQBNH@Z 10016960 f   KNpc.obj
 0001:000159e0       ?IsMagicAttribLuckyLevel@KNpc@@QAEHH@Z 100169e0 f   KNpc.obj
 0001:00015b10       ?DropRateItem@KNpc@@QAEXHPBDHHHH@Z 10016b10 f   KNpc.obj
 0001:000162f0       ?DropObj@KNpc@@QAEXHHPADHH@Z 100172f0 f   KNpc.obj
 0001:000163d0       ?UpdateNpcStateInfo@KNpc@@AAEXXZ 100173d0 f   KNpc.obj
 0001:000164b0       ?BroadCastState@KNpc@@QAEXXZ 100174b0 f   KNpc.obj
 0001:00016620       ?AddPoisonState@KNpc@@AAEXHHHH@Z 10017620 f   KNpc.obj
 0001:00016750       ?ClearNpcState@KNpc@@QAEXXZ 10017750 f   KNpc.obj
 0001:000167b0       ?RestoreNpcBaseInfo@KNpc@@QAEXXZ 100177b0 f   KNpc.obj
 0001:00016bf0       ?ChangeWorld@KNpc@@QAEHKHH@Z 10017bf0 f   KNpc.obj
 0001:00017280       ?TobeExchangeServer@KNpc@@QAEXKHH@Z 10018280 f   KNpc.obj
 0001:000172f0       ?IsPlayer@KNpc@@QAEHXZ     100182f0 f   KNpc.obj
 0001:00017300       ?IsAlive@KNpc@@QAEHXZ      10018300 f   KNpc.obj
 0001:00017320       ?ClearStateSkillEffect@KNpc@@QAEXXZ 10018320 f   KNpc.obj
 0001:000173f0       ?ClearNormalState@KNpc@@QAEXXZ 100183f0 f   KNpc.obj
 0001:000174c0       ?CheckTrap@KNpc@@QAEXXZ    100184c0 f   KNpc.obj
 0001:00017560       ?SetFightMode@KNpc@@QAEXH@Z 10018560 f   KNpc.obj
 0001:000175b0       ?TurnTo@KNpc@@QAEXH@Z      100185b0 f   KNpc.obj
 0001:00017710       ?ReCalcStateEffect@KNpc@@QAEXXZ 10018710 f   KNpc.obj
 0001:000177a0       ?GetCurActiveWeaponSkill@KNpc@@QAEHXZ 100187a0 f   KNpc.obj
 0001:00017840       ?BroadCastPosition@KNpc@@QAEXXZ 10018840 f   KNpc.obj
 0001:000179f0       ?GetFrameCopyFromTemplate@KNpc@@QAEXHHH@Z 100189f0 f   KNpc.obj
 0001:00017dc0       ?LoadFrameFromTemplate@KNpc@@QAEXHHH@Z 10018dc0 f   KNpc.obj
 0001:00017e30       ?ReSetRes@KNpc@@QAEXH@Z    10018e30 f   KNpc.obj
 0001:00017e80       ?AutoDoSkill@KNpc@@QAEXHHHH@Z 10018e80 f   KNpc.obj
 0001:00018440       ?RandMove@KNpc@@QAEXHHH@Z  10019440 f   KNpc.obj
 0001:00018640       ?ExecuteRevive@KNpc@@QAEXXZ 10019640 f   KNpc.obj
 0001:00018660       ?SetTitleEffect@KNpc@@QAEXH@Z 10019660 f   KNpc.obj
 0001:00018820       ?SetTimer@KNpc@@QAEXKH@Z   10019820 f   KNpc.obj
 0001:00018840       ?CloseTimer@KNpc@@QAEXXZ   10019840 f   KNpc.obj
 0001:00018850       ?SaveTimerTask@KNpc@@QAEXXZ 10019850 f   KNpc.obj
 0001:00018870       ?LoadTimerTask@KNpc@@QAEXXZ 10019870 f   KNpc.obj
 0001:00018890       ?ExecuteTimerScript@KNpc@@QAEHPAD0H@Z 10019890 f   KNpc.obj
 0001:000188d0       ?ExecuteTimerScript@KNpc@@QAEHKPADH@Z 100198d0 f   KNpc.obj
 0001:00018ae0       ?ExecuteScript@KNpc@@QAEHPAD0H@Z 10019ae0 f   KNpc.obj
 0001:00018b20       ?ExecuteScript@KNpc@@QAEHKPADH@Z 10019b20 f   KNpc.obj
 0001:00018c90       ?ExecuteScript@KNpc@@QAEHKPAD0@Z 10019c90 f   KNpc.obj
 0001:00018e20       ?ExecuteScript@KNpc@@QAEHPAD00@Z 10019e20 f   KNpc.obj
 0001:00018e70       ?ExecuteScript2@KNpc@@QAEHKPAD00@Z 10019e70 f   KNpc.obj
 0001:00019010       ?ExecuteScript2@KNpc@@QAEHKPADHH@Z 1001a010 f   KNpc.obj
 0001:00019180       ?ExecuteScript2@KNpc@@QAEHPAD0HH@Z 1001a180 f   KNpc.obj
 0001:000191d0       ?ExecuteScript2@KNpc@@QAEHPAD000@Z 1001a1d0 f   KNpc.obj
 0001:00019220       ?MaintainAura@KNpc@@QAEXXZ 1001a220 f   KNpc.obj
 0001:000193c0       ??0KNpcAI@@QAE@XZ          1001a3c0 f   KNpcAI.obj
 0001:000193d0       ?Activate@KNpcAI@@QAEXH@Z  1001a3d0 f   KNpcAI.obj
 0001:00019500       ?ProcessPlayer@KNpcAI@@AAEXXZ 1001a500 f   KNpcAI.obj
 0001:00019520       ?TriggerMapTrap@KNpcAI@@AAEXXZ 1001a520 f   KNpcAI.obj
 0001:00019540       ?TriggerObjectTrap@KNpcAI@@AAEXXZ 1001a540 f   KNpcAI.obj
 0001:00019550       ?GetNearestNpc@KNpcAI@@AAEHH@Z 1001a550 f   KNpcAI.obj
 0001:00019ac0       ?GetNpcNumber@KNpcAI@@AAEHH@Z 1001aac0 f   KNpcAI.obj
 0001:00019cd0       ?KeepAttackRange@KNpcAI@@AAEXHH@Z 1001acd0 f   KNpcAI.obj
 0001:00019e70       ?FollowAttack@KNpcAI@@AAEXH@Z 1001ae70 f   KNpcAI.obj
 0001:00019f70       ?InEyeshot@KNpcAI@@AAEHH@Z 1001af70 f   KNpcAI.obj
 0001:00019fb0       ?CommonAction@KNpcAI@@AAEXXZ 1001afb0 f   KNpcAI.obj
 0001:0001a0a0       ?KeepActiveRange@KNpcAI@@AAEHXZ 1001b0a0 f   KNpcAI.obj
 0001:0001a1c0       ?Flee@KNpcAI@@AAEXH@Z      1001b1c0 f   KNpcAI.obj
 0001:0001a260       ?ProcessAIType01@KNpcAI@@AAEXXZ 1001b260 f   KNpcAI.obj
 0001:0001a3f0       ?ProcessAIType02@KNpcAI@@AAEXXZ 1001b3f0 f   KNpcAI.obj
 0001:0001a650       ?ProcessAIType03@KNpcAI@@AAEXXZ 1001b650 f   KNpcAI.obj
 0001:0001a840       ?ProcessAIType04@KNpcAI@@AAEXXZ 1001b840 f   KNpcAI.obj
 0001:0001a9b0       ?ProcessAIType05@KNpcAI@@AAEXXZ 1001b9b0 f   KNpcAI.obj
 0001:0001abc0       ?ProcessAIType06@KNpcAI@@AAEXXZ 1001bbc0 f   KNpcAI.obj
 0001:0001ad60       ?ProcessAIType07@KNpcAI@@AAEXXZ 1001bd60 f   KNpcAI.obj
 0001:0001ae80       ?ProcessAIType08@KNpcAI@@AAEXXZ 1001be80 f   KNpcAI.obj
 0001:0001b010       ??0KNpcAttribModify@@QAE@XZ 1001c010 f   KNpcAttribModify.obj
 0001:0001b4d0       ??1KNpcAttribModify@@QAE@XZ 1001c4d0 f   KNpcAttribModify.obj
 0001:0001b4e0       ?ModifyAttrib@KNpcAttribModify@@QAEXPAVKNpc@@PAX@Z 1001c4e0 f   KNpcAttribModify.obj
 0001:0001b510       ?AddColdDamageV@KNpcAttribModify@@AAEXPAVKNpc@@PAX@Z 1001c510 f   KNpcAttribModify.obj
 0001:0001b5a0       ?AddFireDamageV@KNpcAttribModify@@AAEXPAVKNpc@@PAX@Z 1001c5a0 f   KNpcAttribModify.obj
 0001:0001b5d0       ?AddLightingDamageV@KNpcAttribModify@@AAEXPAVKNpc@@PAX@Z 1001c5d0 f   KNpcAttribModify.obj
 0001:0001b600       ?AddPhysicsDamageP@KNpcAttribModify@@AAEXPAVKNpc@@PAX@Z 1001c600 f   KNpcAttribModify.obj
 0001:0001b6c0       ?AddPoisonDamageV@KNpcAttribModify@@AAEXPAVKNpc@@PAX@Z 1001c6c0 f   KNpcAttribModify.obj
 0001:0001b710       ?AddPhysicsDamageV@KNpcAttribModify@@AAEXPAVKNpc@@PAX@Z 1001c710 f   KNpcAttribModify.obj
 0001:0001b730       ?AllresP@KNpcAttribModify@@AAEXPAVKNpc@@PAX@Z 1001c730 f   KNpcAttribModify.obj
 0001:0001b780       ?AllSkillV@KNpcAttribModify@@AAEXPAVKNpc@@PAX@Z 1001c780 f   KNpcAttribModify.obj
 0001:0001b800       ?AttackRatingP@KNpcAttribModify@@AAEXPAVKNpc@@PAX@Z 1001c800 f   KNpcAttribModify.obj
 0001:0001b830       ?AttackRatingV@KNpcAttribModify@@AAEXPAVKNpc@@PAX@Z 1001c830 f   KNpcAttribModify.obj
 0001:0001b850       ?AttackSpeedV@KNpcAttribModify@@AAEXPAVKNpc@@PAX@Z 1001c850 f   KNpcAttribModify.obj
 0001:0001b870       ?BadStatusTimeReduceV@KNpcAttribModify@@AAEXPAVKNpc@@PAX@Z 1001c870 f   KNpcAttribModify.obj
 0001:0001b880       ?BurnTimeReduceP@KNpcAttribModify@@AAEXPAVKNpc@@PAX@Z 1001c880 f   KNpcAttribModify.obj
 0001:0001b890       ?CastSpeedV@KNpcAttribModify@@AAEXPAVKNpc@@PAX@Z 1001c890 f   KNpcAttribModify.obj
 0001:0001b8b0       ?ChangeCampV@KNpcAttribModify@@AAEXPAVKNpc@@PAX@Z 1001c8b0 f   KNpcAttribModify.obj
 0001:0001b8f0       ?ColdArmorV@KNpcAttribModify@@AAEXPAVKNpc@@PAX@Z 1001c8f0 f   KNpcAttribModify.obj
 0001:0001b900       ?ColdresP@KNpcAttribModify@@AAEXPAVKNpc@@PAX@Z 1001c900 f   KNpcAttribModify.obj
 0001:0001b920       ?DeadlyStrikeP@KNpcAttribModify@@AAEXPAVKNpc@@PAX@Z 1001c920 f   KNpcAttribModify.obj
 0001:0001b940       ?DexterityV@KNpcAttribModify@@AAEXPAVKNpc@@PAX@Z 1001c940 f   KNpcAttribModify.obj
 0001:0001b980       ?EarthSkillV@KNpcAttribModify@@AAEXPAVKNpc@@PAX@Z 1001c980 f   KNpcAttribModify.obj
 0001:0001b990       ?EnergyV@KNpcAttribModify@@AAEXPAVKNpc@@PAX@Z 1001c990 f   KNpcAttribModify.obj
 0001:0001b9d0       ?FastHitRecoverV@KNpcAttribModify@@AAEXPAVKNpc@@PAX@Z 1001c9d0 f   KNpcAttribModify.obj
 0001:0001b9f0       ?FastWalkRunP@KNpcAttribModify@@AAEXPAVKNpc@@PAX@Z 1001c9f0 f   KNpcAttribModify.obj
 0001:0001ba60       ?FireArmorV@KNpcAttribModify@@AAEXPAVKNpc@@PAX@Z 1001ca60 f   KNpcAttribModify.obj
 0001:0001ba70       ?FireSkillV@KNpcAttribModify@@AAEXPAVKNpc@@PAX@Z 1001ca70 f   KNpcAttribModify.obj
 0001:0001ba80       ?FreezeTimeReduceP@KNpcAttribModify@@AAEXPAVKNpc@@PAX@Z 1001ca80 f   KNpcAttribModify.obj
 0001:0001baa0       ?KnockBackP@KNpcAttribModify@@AAEXPAVKNpc@@PAX@Z 1001caa0 f   KNpcAttribModify.obj
 0001:0001bac0       ?LifeMaxP@KNpcAttribModify@@AAEXPAVKNpc@@PAX@Z 1001cac0 f   KNpcAttribModify.obj
 0001:0001bb10       ?LifeMaxV@KNpcAttribModify@@AAEXPAVKNpc@@PAX@Z 1001cb10 f   KNpcAttribModify.obj
 0001:0001bb30       ?LifeReplenishV@KNpcAttribModify@@AAEXPAVKNpc@@PAX@Z 1001cb30 f   KNpcAttribModify.obj
 0001:0001bb50       ?LifeV@KNpcAttribModify@@AAEXPAVKNpc@@PAX@Z 1001cb50 f   KNpcAttribModify.obj
 0001:0001bb70       ?LightingArmorV@KNpcAttribModify@@AAEXPAVKNpc@@PAX@Z 1001cb70 f   KNpcAttribModify.obj
 0001:0001bb80       ?LightingresP@KNpcAttribModify@@AAEXPAVKNpc@@PAX@Z 1001cb80 f   KNpcAttribModify.obj
 0001:0001bba0       ?LuckyV@KNpcAttribModify@@AAEXPAVKNpc@@PAX@Z 1001cba0 f   KNpcAttribModify.obj
 0001:0001bbf0       ?ManaMaxP@KNpcAttribModify@@AAEXPAVKNpc@@PAX@Z 1001cbf0 f   KNpcAttribModify.obj
 0001:0001bc30       ?ManaMaxV@KNpcAttribModify@@AAEXPAVKNpc@@PAX@Z 1001cc30 f   KNpcAttribModify.obj
 0001:0001bc50       ?ManaReplenishV@KNpcAttribModify@@AAEXPAVKNpc@@PAX@Z 1001cc50 f   KNpcAttribModify.obj
 0001:0001bc70       ?ManaV@KNpcAttribModify@@AAEXPAVKNpc@@PAX@Z 1001cc70 f   KNpcAttribModify.obj
 0001:0001bc90       ?ManaShieldP@KNpcAttribModify@@AAEXPAVKNpc@@PAX@Z 1001cc90 f   KNpcAttribModify.obj
 0001:0001bcb0       ?MeleeDamageReturnP@KNpcAttribModify@@AAEXPAVKNpc@@PAX@Z 1001ccb0 f   KNpcAttribModify.obj
 0001:0001bcd0       ?MeleeDamageReturnV@KNpcAttribModify@@AAEXPAVKNpc@@PAX@Z 1001ccd0 f   KNpcAttribModify.obj
 0001:0001bcf0       ?MetalSkillV@KNpcAttribModify@@AAEXPAVKNpc@@PAX@Z 1001ccf0 f   KNpcAttribModify.obj
 0001:0001bd00       ?PhysicsArmorV@KNpcAttribModify@@AAEXPAVKNpc@@PAX@Z 1001cd00 f   KNpcAttribModify.obj
 0001:0001bd10       ?PhysicsresP@KNpcAttribModify@@AAEXPAVKNpc@@PAX@Z 1001cd10 f   KNpcAttribModify.obj
 0001:0001bd30       ?Damage2ManaP@KNpcAttribModify@@AAEXPAVKNpc@@PAX@Z 1001cd30 f   KNpcAttribModify.obj
 0001:0001bd50       ?PoisonArmorV@KNpcAttribModify@@AAEXPAVKNpc@@PAX@Z 1001cd50 f   KNpcAttribModify.obj
 0001:0001bd60       ?PoisonDamageReduceV@KNpcAttribModify@@AAEXPAVKNpc@@PAX@Z 1001cd60 f   KNpcAttribModify.obj
 0001:0001bd90       ?PoisonresP@KNpcAttribModify@@AAEXPAVKNpc@@PAX@Z 1001cd90 f   KNpcAttribModify.obj
 0001:0001bdb0       ?PoisonTimeReduceP@KNpcAttribModify@@AAEXPAVKNpc@@PAX@Z 1001cdb0 f   KNpcAttribModify.obj
 0001:0001bdd0       ?RangeDamageReturnV@KNpcAttribModify@@AAEXPAVKNpc@@PAX@Z 1001cdd0 f   KNpcAttribModify.obj
 0001:0001bdf0       ?RangeDamageReturnP@KNpcAttribModify@@AAEXPAVKNpc@@PAX@Z 1001cdf0 f   KNpcAttribModify.obj
 0001:0001be10       ?SlowMissleB@KNpcAttribModify@@AAEXPAVKNpc@@PAX@Z 1001ce10 f   KNpcAttribModify.obj
 0001:0001be40       ?StaminaMaxP@KNpcAttribModify@@AAEXPAVKNpc@@PAX@Z 1001ce40 f   KNpcAttribModify.obj
 0001:0001be80       ?StaminaMaxV@KNpcAttribModify@@AAEXPAVKNpc@@PAX@Z 1001ce80 f   KNpcAttribModify.obj
 0001:0001bea0       ?StaminaReplenishV@KNpcAttribModify@@AAEXPAVKNpc@@PAX@Z 1001cea0 f   KNpcAttribModify.obj
 0001:0001bec0       ?StaminaV@KNpcAttribModify@@AAEXPAVKNpc@@PAX@Z 1001cec0 f   KNpcAttribModify.obj
 0001:0001bee0       ?StealLifeP@KNpcAttribModify@@AAEXPAVKNpc@@PAX@Z 1001cee0 f   KNpcAttribModify.obj
 0001:0001bf00       ?StealManaP@KNpcAttribModify@@AAEXPAVKNpc@@PAX@Z 1001cf00 f   KNpcAttribModify.obj
 0001:0001bf20       ?StealStaminaP@KNpcAttribModify@@AAEXPAVKNpc@@PAX@Z 1001cf20 f   KNpcAttribModify.obj
 0001:0001bf40       ?StrengthV@KNpcAttribModify@@AAEXPAVKNpc@@PAX@Z 1001cf40 f   KNpcAttribModify.obj
 0001:0001bf80       ?StunTimeReduceP@KNpcAttribModify@@AAEXPAVKNpc@@PAX@Z 1001cf80 f   KNpcAttribModify.obj
 0001:0001bfa0       ?VisionRadiusP@KNpcAttribModify@@AAEXPAVKNpc@@PAX@Z 1001cfa0 f   KNpcAttribModify.obj
 0001:0001bfc0       ?VitalityV@KNpcAttribModify@@AAEXPAVKNpc@@PAX@Z 1001cfc0 f   KNpcAttribModify.obj
 0001:0001c000       ?WaterSkillV@KNpcAttribModify@@AAEXPAVKNpc@@PAX@Z 1001d000 f   KNpcAttribModify.obj
 0001:0001c010       ?WoodSkillV@KNpcAttribModify@@AAEXPAVKNpc@@PAX@Z 1001d010 f   KNpcAttribModify.obj
 0001:0001c020       ?FireresP@KNpcAttribModify@@AAEXPAVKNpc@@PAX@Z 1001d020 f   KNpcAttribModify.obj
 0001:0001c040       ?ArmorDefenseV@KNpcAttribModify@@AAEXPAVKNpc@@PAX@Z 1001d040 f   KNpcAttribModify.obj
 0001:0001c060       ?ColdEnhanceP@KNpcAttribModify@@AAEXPAVKNpc@@PAX@Z 1001d060 f   KNpcAttribModify.obj
 0001:0001c080       ?FireEnhanceP@KNpcAttribModify@@AAEXPAVKNpc@@PAX@Z 1001d080 f   KNpcAttribModify.obj
 0001:0001c0a0       ?LightingEnhanceP@KNpcAttribModify@@AAEXPAVKNpc@@PAX@Z 1001d0a0 f   KNpcAttribModify.obj
 0001:0001c0c0       ?PoisonEnhanceP@KNpcAttribModify@@AAEXPAVKNpc@@PAX@Z 1001d0c0 f   KNpcAttribModify.obj
 0001:0001c0e0       ?LifePotionV@KNpcAttribModify@@AAEXPAVKNpc@@PAX@Z 1001d0e0 f   KNpcAttribModify.obj
 0001:0001c130       ?ManaPotionV@KNpcAttribModify@@AAEXPAVKNpc@@PAX@Z 1001d130 f   KNpcAttribModify.obj
 0001:0001c180       ?PhysicsResMaxP@KNpcAttribModify@@AAEXPAVKNpc@@PAX@Z 1001d180 f   KNpcAttribModify.obj
 0001:0001c1a0       ?ColdResMaxP@KNpcAttribModify@@AAEXPAVKNpc@@PAX@Z 1001d1a0 f   KNpcAttribModify.obj
 0001:0001c1c0       ?FireResMaxP@KNpcAttribModify@@AAEXPAVKNpc@@PAX@Z 1001d1c0 f   KNpcAttribModify.obj
 0001:0001c1e0       ?LightingResMaxP@KNpcAttribModify@@AAEXPAVKNpc@@PAX@Z 1001d1e0 f   KNpcAttribModify.obj
 0001:0001c200       ?PoisonResMaxP@KNpcAttribModify@@AAEXPAVKNpc@@PAX@Z 1001d200 f   KNpcAttribModify.obj
 0001:0001c220       ?AllResMaxP@KNpcAttribModify@@AAEXPAVKNpc@@PAX@Z 1001d220 f   KNpcAttribModify.obj
 0001:0001c270       ?FatallyStrikeP@KNpcAttribModify@@AAEXPAVKNpc@@PAX@Z 1001d270 f   KNpcAttribModify.obj
 0001:0001c280       ?MixPoisonDamage@KNpcAttribModify@@QAEXPAUKMagicAttrib@@0@Z 1001d280 f   KNpcAttribModify.obj
 0001:0001c330       ?AddPhysicsMagicV@KNpcAttribModify@@AAEXPAVKNpc@@PAX@Z 1001d330 f   KNpcAttribModify.obj
 0001:0001c360       ?AddColdMagicV@KNpcAttribModify@@AAEXPAVKNpc@@PAX@Z 1001d360 f   KNpcAttribModify.obj
 0001:0001c3f0       ?AddFireMagicV@KNpcAttribModify@@AAEXPAVKNpc@@PAX@Z 1001d3f0 f   KNpcAttribModify.obj
 0001:0001c420       ?AddLightingMagicV@KNpcAttribModify@@AAEXPAVKNpc@@PAX@Z 1001d420 f   KNpcAttribModify.obj
 0001:0001c450       ?AddPoisonMagicV@KNpcAttribModify@@AAEXPAVKNpc@@PAX@Z 1001d450 f   KNpcAttribModify.obj
 0001:0001c4a0       ?DynamicMagicShieldV@KNpcAttribModify@@AAEXPAVKNpc@@PAX@Z 1001d4a0 f   KNpcAttribModify.obj
 0001:0001c4c0       ?ReturnResP@KNpcAttribModify@@AAEXPAVKNpc@@PAX@Z 1001d4c0 f   KNpcAttribModify.obj
 0001:0001c4e0       ?ExpEnhanceP@KNpcAttribModify@@AAEXPAVKNpc@@PAX@Z 1001d4e0 f   KNpcAttribModify.obj
 0001:0001c500       ?PoisonDamageReturnP@KNpcAttribModify@@AAEXPAVKNpc@@PAX@Z 1001d500 f   KNpcAttribModify.obj
 0001:0001c520       ?ReturnSkillP@KNpcAttribModify@@AAEXPAVKNpc@@PAX@Z 1001d520 f   KNpcAttribModify.obj
 0001:0001c540       ?AutoReplySkill@KNpcAttribModify@@AAEXPAVKNpc@@PAX@Z 1001d540 f   KNpcAttribModify.obj
 0001:0001c590       ?LifeReplenishP@KNpcAttribModify@@AAEXPAVKNpc@@PAX@Z 1001d590 f   KNpcAttribModify.obj
 0001:0001c5b0       ?IgnoreSkillP@KNpcAttribModify@@AAEXPAVKNpc@@PAX@Z 1001d5b0 f   KNpcAttribModify.obj
 0001:0001c5d0       ?AutoAttackSkill@KNpcAttribModify@@AAEXPAVKNpc@@PAX@Z 1001d5d0 f   KNpcAttribModify.obj
 0001:0001c600       ?Poison2DecManaP@KNpcAttribModify@@AAEXPAVKNpc@@PAX@Z 1001d600 f   KNpcAttribModify.obj
 0001:0001c650       ?SkillAppendSkill@KNpcAttribModify@@AAEXPAVKNpc@@PAX@Z 1001d650 f   KNpcAttribModify.obj
 0001:0001c760       ?HideNpc@KNpcAttribModify@@AAEXPAVKNpc@@PAX@Z 1001d760 f   KNpcAttribModify.obj
 0001:0001c780       ?AutoDeathSkill@KNpcAttribModify@@AAEXPAVKNpc@@PAX@Z 1001d780 f   KNpcAttribModify.obj
 0001:0001c7b0       ?RandMove@KNpcAttribModify@@AAEXPAVKNpc@@PAX@Z 1001d7b0 f   KNpcAttribModify.obj
 0001:0001c7e0       ?IgnoreNegativeStateP@KNpcAttribModify@@AAEXPAVKNpc@@PAX@Z 1001d7e0 f   KNpcAttribModify.obj
 0001:0001c820       ?AutoRescueSkill@KNpcAttribModify@@AAEXPAVKNpc@@PAX@Z 1001d820 f   KNpcAttribModify.obj
 0001:0001c850       ?StaticMagicShieldP@KNpcAttribModify@@AAEXPAVKNpc@@PAX@Z 1001d850 f   KNpcAttribModify.obj
 0001:0001c8a0       ?Init@KNpcDeathCalcExp@@QAEXH@Z 1001d8a0 f   KNpcDeathCalcExp.obj
 0001:0001c8d0       ?Active@KNpcDeathCalcExp@@QAEXXZ 1001d8d0 f   KNpcDeathCalcExp.obj
 0001:0001c920       ?AddDamage@KNpcDeathCalcExp@@QAEXHH@Z 1001d920 f   KNpcDeathCalcExp.obj
 0001:0001ca70       ?CalcExp@KNpcDeathCalcExp@@QAEHH@Z 1001da70 f   KNpcDeathCalcExp.obj
 0001:0001cdb0       ?GetDamage@KNpcDeathCalcExp@@QBEHXZ 1001ddb0 f   KNpcDeathCalcExp.obj
 0001:0001cdc0       ?Clear@KNpcDeathCalcExp@@QAEXXZ 1001ddc0 f   KNpcDeathCalcExp.obj
 0001:0001ce10       ??0KNpcFindPath@@QAE@XZ    1001de10 f   KNpcFindPath.obj
 0001:0001cea0       ??1KNpcFindPath@@QAE@XZ    1001dea0 f   KNpcFindPath.obj
 0001:0001ced0       ?Init@KNpcFindPath@@QAEXH@Z 1001ded0 f   KNpcFindPath.obj
 0001:0001cf10       ?GetDir@KNpcFindPath@@QAEHHHHHHHPAH0@Z 1001df10 f   KNpcFindPath.obj
 0001:0001d520       ?Dir64To8@KNpcFindPath@@QAEHH@Z 1001e520 f   KNpcFindPath.obj
 0001:0001d530       ?Dir8To64@KNpcFindPath@@QAEHH@Z 1001e530 f   KNpcFindPath.obj
 0001:0001d540       ?CheckDistance@KNpcFindPath@@QAEHHHHHH@Z 1001e540 f   KNpcFindPath.obj
 0001:0001d580       ?CheckBarrier@KNpcFindPath@@QAEHHH@Z 1001e580 f   KNpcFindPath.obj
 0001:0001d5e0       ?GetDirAStar@KNpcFindPath@@AAEHHHHHPAH0@Z 1001e5e0 f   KNpcFindPath.obj
 0001:0001d820       ?Init@KNpcGold@@QAEXH@Z    1001e820 f   KNpcGold.obj
 0001:0001d830       ?Release@KNpcGold@@QAEXXZ  1001e830 f   KNpcGold.obj
 0001:0001d880       ?SetGoldType@KNpcGold@@QAEXH@Z 1001e880 f   KNpcGold.obj
 0001:0001d890       ?SetGoldTypeAndBackData@KNpcGold@@QAEXXZ 1001e890 f   KNpcGold.obj
 0001:0001d940       ?RecoverBackData@KNpcGold@@QAEXXZ 1001e940 f   KNpcGold.obj
 0001:0001e250       ?UpdateNpcData@KNpcGold@@AAEXH@Z 1001f250 f   KNpcGold.obj
 0001:0001eed0       ?RandChangeGold@KNpcGold@@QAEXHH@Z 1001fed0 f   KNpcGold.obj
 0001:0001ef10       ?GetGoldType@KNpcGold@@QAEHXZ 1001ff10 f   KNpcGold.obj
 0001:0001ef20       ?SetGoldCurrentType@KNpcGold@@QAEXH@Z 1001ff20 f   KNpcGold.obj
 0001:0001efa0       ??0KNpcGoldTemplate@@QAE@XZ 1001ffa0 f   KNpcGold.obj
 0001:0001efc0       ?Init@KNpcGoldTemplate@@QAEHXZ 1001ffc0 f   KNpcGold.obj
 0001:0001f4c0       ??1KNpcSet@@QAE@XZ         100204c0 f i KNpcSet.obj
 0001:0001f520       ??0KNpcSet@@QAE@XZ         10020520 f   KNpcSet.obj
 0001:0001f550       ?Init@KNpcSet@@QAEXXZ      10020550 f   KNpcSet.obj
 0001:0001f730       ?LoadPlayerBaseValue@KNpcSet@@QAEXPAD@Z 10020730 f   KNpcSet.obj
 0001:0001f810       ?IsNpcExist@KNpcSet@@QAEHHK@Z 10020810 f   KNpcSet.obj
 0001:0001f840       ?GenOneRelation@KNpcSet@@AAE?AW4NPC_RELATION@@W4NPCKIND@@0W4NPCCAMP@@1W4NPCFIGHT@@2@Z 10020840 f   KNpcSet.obj
 0001:0001f950       ?GenRelationTable@KNpcSet@@AAEHXZ 10020950 f   KNpcSet.obj
 0001:0001f9f0       ?SearchID@KNpcSet@@QAEHK@Z 100209f0 f   KNpcSet.obj
 0001:0001fa30       ?SearchName@KNpcSet@@QAEHPAD@Z 10020a30 f   KNpcSet.obj
 0001:0001fa90       ?SearchNameID@KNpcSet@@QAEHK@Z 10020a90 f   KNpcSet.obj
 0001:0001fb00       ?SearchNpcById@KNpcSet@@QAEPAVKNpc@@K@Z 10020b00 f   KNpcSet.obj
 0001:0001fb70       ?FindFree@KNpcSet@@AAEHXZ  10020b70 f   KNpcSet.obj
 0001:0001fb90       ?Add@KNpcSet@@QAEHHHPAX@Z  10020b90 f   KNpcSet.obj
 0001:0001fd60       ?Add@KNpcSet@@QAEHHHHHH@Z  10020d60 f   KNpcSet.obj
 0001:0001fdf0       ?Add@KNpcSet@@QAEHHHHHHHHH@Z 10020df0 f   KNpcSet.obj
 0001:0001ffb0       ?Remove@KNpcSet@@QAEXH@Z   10020fb0 f   KNpcSet.obj
 0001:00020190       ?RemoveAll@KNpcSet@@QAEXXZ 10021190 f   KNpcSet.obj
 0001:00020230       ?SetID@KNpcSet@@AAEHH@Z    10021230 f   KNpcSet.obj
 0001:00020280       ?GetDistance@KNpcSet@@SAHHH@Z 10021280 f   KNpcSet.obj
 0001:00020400       ?GetDistanceSquare@KNpcSet@@SAHHH@Z 10021400 f   KNpcSet.obj
 0001:00020570       ?GetNextIdx@KNpcSet@@QAEHH@Z 10021570 f   KNpcSet.obj
 0001:000205a0       ?SyncNpc@KNpcSet@@QAEHKH@Z 100215a0 f   KNpcSet.obj
 0001:00020620       ?ExecuteScript@KNpcSet@@QAEHHPAD0H@Z 10021620 f   KNpcSet.obj
 0001:00020650       ?ExecuteScript@KNpcSet@@QAEHHKPADH@Z 10021650 f   KNpcSet.obj
 0001:00020750       ?ClearActivateFlagOfAllNpc@KNpcSet@@QAEXXZ 10021750 f   KNpcSet.obj
 0001:00020790       ?GetRelation@KNpcSet@@QAE?AW4NPC_RELATION@@HH@Z 10021790 f   KNpcSet.obj
 0001:00020af0       ?g_GenItemDropRate@@YAPAUKItemDropRate@@PAD@Z 10021af0 f   KNpcTemplate.obj
 0001:00020d20       ??M@YAHVKItemDropRateNode@@0@Z 10021d20 f   KNpcTemplate.obj
 0001:00020d60       ??8@YAHVKItemDropRateNode@@0@Z 10021d60 f   KNpcTemplate.obj
 0001:00020db0       ?InitNpcBaseData@KNpcTemplate@@QAEXH@Z 10021db0 f   KNpcTemplate.obj
 0001:00021550       ??1KItemDropRateNode@@QAE@XZ 10022550 f i KNpcTemplate.obj
 0001:00021560       ?InitNpcLevelData@KNpcTemplate@@QAEXPAVKTabFile@@HPAVKLuaScript@@HH@Z 10022560 f   KNpcTemplate.obj
 0001:000224b0       ?GetNpcLevelDataFromScript@KNpcTemplate@@SAHPAVKLuaScript@@PADHH1@Z 100234b0 f   KNpcTemplate.obj
 0001:00022540       ?GetNpcLevelDataFromScript@KNpcTemplate@@SAHPAVKLuaScript@@PADHHNNN@Z 10023540 f   KNpcTemplate.obj
 0001:000225e0       ?UpdateDropRate@KNpcTemplate@@SAPAUKItemDropRate@@PBD@Z 100235e0 f   KNpcTemplate.obj
 0001:000225f0       ?SkillString2Id@KNpcTemplate@@SAHPAD@Z 100235f0 f   KNpcTemplate.obj
 0001:000226d0       ?DeleteTree@?$BinSTree@VKItemDropRateNode@@@@AAEXPAV?$TreeNode@VKItemDropRateNode@@@@@Z 100236d0 f i KNpcTemplate.obj
 0001:00022710       ??1?$TreeNode@VKItemDropRateNode@@@@QAE@XZ 10023710 f i KNpcTemplate.obj
 0001:00022780       ??0KPlayer@@QAE@XZ         10023780 f   KPlayer.obj
 0001:000228f0       ??1KPlayerAI@@QAE@XZ       100238f0 f i KPlayer.obj
 0001:00022950       ??1KEquipmentArray@@QAE@XZ 10023950 f i KPlayer.obj
 0001:00022960       ??1KPlayerChat@@QAE@XZ     10023960 f i KPlayer.obj
 0001:00022980       ??1CChatFriendTeam@@QAE@XZ 10023980 f i KPlayer.obj
 0001:00022990       ??1KPlayer@@QAE@XZ         10023990 f   KPlayer.obj
 0001:00022a60       ?Release@KPlayer@@QAEXXZ   10023a60 f   KPlayer.obj
 0001:00022c70       ?SetPlayerIndex@KPlayer@@QAEXH@Z 10023c70 f   KPlayer.obj
 0001:00022c90       ?GetPlayerIndex@KPlayer@@QAEHXZ 10023c90 f   KPlayer.obj
 0001:00022ca0       ?Active@KPlayer@@QAEXXZ    10023ca0 f   KPlayer.obj
 0001:00022de0       ?ProcessMsg@KPlayer@@QAEXPAVKWorldMsgNode@@@Z 10023de0 f   KPlayer.obj
 0001:00022df0       ?IsWaitingRemove@KPlayer@@QAEHXZ 10023df0 f   KPlayer.obj
 0001:00022e10       ?WaitForRemove@KPlayer@@QAEXXZ 10023e10 f   KPlayer.obj
 0001:00022e20       ?IsLoginTimeOut@KPlayer@@QAEHXZ 10023e20 f   KPlayer.obj
 0001:00022e60       ?LoginTimeOut@KPlayer@@QAEXXZ 10023e60 f   KPlayer.obj
 0001:00022e90       ?Save@KPlayer@@QAEHXZ      10023e90 f   KPlayer.obj
 0001:00022ef0       ?CanSave@KPlayer@@QAEHXZ   10023ef0 f   KPlayer.obj
 0001:00022f80       ?SendSyncData@KPlayer@@QAEHAAHAAI@Z 10023f80 f   KPlayer.obj
 0001:00023210       ?SendSyncData_Skill@KPlayer@@QAEHXZ 10024210 f   KPlayer.obj
 0001:000232e0       ?SendCurNormalSyncData@KPlayer@@QAEXXZ 100242e0 f   KPlayer.obj
 0001:00023380       ?QuitGame@KPlayer@@QAEXH@Z 10024380 f   KPlayer.obj
 0001:00023390       ?BuyItem@KPlayer@@QAEXPAE@Z 10024390 f   KPlayer.obj
 0001:000233d0       ?SellItem@KPlayer@@QAEXPAE@Z 100243d0 f   KPlayer.obj
 0001:00023410       ?GetLoginRevivalPos@KPlayer@@QAEXPAH00@Z 10024410 f   KPlayer.obj
 0001:00023430       ?GetDeathRevivalPos@KPlayer@@QAEXPAH00@Z 10024430 f   KPlayer.obj
 0001:00023450       ?SetRevivalPos@KPlayer@@QAEXHH@Z 10024450 f   KPlayer.obj
 0001:000234e0       ?S2CSendTeamInfo@KPlayer@@QAEXPAE@Z 100244e0 f   KPlayer.obj
 0001:00023730       ?SendSelfTeamInfo@KPlayer@@QAEXXZ 10024730 f   KPlayer.obj
 0001:000239d0       ?CreateTeam@KPlayer@@QAEHPAE@Z 100249d0 f   KPlayer.obj
 0001:000239f0       ?SetTeamState@KPlayer@@QAEHPAE@Z 100249f0 f   KPlayer.obj
 0001:00023ab0       ?S2CSendAddTeamInfo@KPlayer@@QAEHPAE@Z 10024ab0 f   KPlayer.obj
 0001:00023d30       ?AddTeamMember@KPlayer@@QAEHPAE@Z 10024d30 f   KPlayer.obj
 0001:00024330       ?LeaveTeam@KPlayer@@QAEXPAE@Z 10025330 f   KPlayer.obj
 0001:000244e0       ?TeamKickOne@KPlayer@@QAEXPAE@Z 100254e0 f   KPlayer.obj
 0001:00024730       ?TeamChangeCaptain@KPlayer@@QAEXPAE@Z 10025730 f   KPlayer.obj
 0001:00024ba0       ?TeamDismiss@KPlayer@@QAEXPAE@Z 10025ba0 f   KPlayer.obj
 0001:00024e30       ?SetPK@KPlayer@@QAEXPAE@Z  10025e30 f   KPlayer.obj
 0001:00024e90       ?SendFactionData@KPlayer@@QAEXPAE@Z 10025e90 f   KPlayer.obj
 0001:00024ea0       ?SendFactionData@KPlayer@@AAEXXZ 10025ea0 f   KPlayer.obj
 0001:00024f20       ?GetAboutPos@KPlayer@@QAEXPAUKMapPos@@@Z 10025f20 f   KPlayer.obj
 0001:00025020       ?FindAroundPlayer@KPlayer@@QAEHK@Z 10026020 f   KPlayer.obj
 0001:00025100       ?CheckPlayerAround@KPlayer@@QAEHH@Z 10026100 f   KPlayer.obj
 0001:000251e0       ?FindAroundNpc@KPlayer@@QAEHK@Z 100261e0 f   KPlayer.obj
 0001:000252c0       ?ResetBaseAttribute@KPlayer@@QAEXD@Z 100262c0 f   KPlayer.obj
 0001:000255d0       ?CalcCurLucky@KPlayer@@AAEXXZ 100265d0 f   KPlayer.obj
 0001:000255e0       ?AddBaseStrength@KPlayer@@AAEXH@Z 100265e0 f   KPlayer.obj
 0001:00025690       ?AddBaseDexterity@KPlayer@@AAEXH@Z 10026690 f   KPlayer.obj
 0001:00025750       ?AddBaseVitality@KPlayer@@AAEXH@Z 10026750 f   KPlayer.obj
 0001:000258a0       ?AddBaseEngergy@KPlayer@@AAEXH@Z 100268a0 f   KPlayer.obj
 0001:000259a0       ?ChangeCurStrength@KPlayer@@QAEXH@Z 100269a0 f   KPlayer.obj
 0001:000259c0       ?ChangeCurDexterity@KPlayer@@QAEXH@Z 100269c0 f   KPlayer.obj
 0001:00025a30       ?ChangeCurVitality@KPlayer@@QAEXH@Z 10026a30 f   KPlayer.obj
 0001:00025af0       ?ChangeCurEngergy@KPlayer@@QAEXH@Z 10026af0 f   KPlayer.obj
 0001:00025b60       ?AddBaseLucky@KPlayer@@QAEXH@Z 10026b60 f   KPlayer.obj
 0001:00025b80       ?SetNpcPhysicsDamage@KPlayer@@AAEXXZ 10026b80 f   KPlayer.obj
 0001:00025c90       ?SetNpcAttackRating@KPlayer@@AAEXXZ 10026c90 f   KPlayer.obj
 0001:00025cc0       ?SetNpcDefence@KPlayer@@AAEXXZ 10026cc0 f   KPlayer.obj
 0001:00025d00       ?AddExp@KPlayer@@QAEXMHH@Z 10026d00 f   KPlayer.obj
 0001:00026280       ?AddSelfExp@KPlayer@@QAEXHH@Z 10027280 f   KPlayer.obj
 0001:00026470       ?DirectAddExp@KPlayer@@QAEXH@Z 10027470 f   KPlayer.obj
 0001:00026520       ?LevelUp@KPlayer@@QAEXXZ   10027520 f   KPlayer.obj
 0001:00026bd0       ?UpdataCurData@KPlayer@@QAEXXZ 10027bd0 f   KPlayer.obj
 0001:00027690       ?ReCalcEquip@KPlayer@@QAEXXZ 10028690 f   KPlayer.obj
 0001:00027730       ?ReCalcState@KPlayer@@QAEXXZ 10028730 f   KPlayer.obj
 0001:00027760       ?AddLeadExp@KPlayer@@QAEXH@Z 10028760 f   KPlayer.obj
 0001:00027820       ?LevelAddBaseLifeMax@KPlayer@@AAEXXZ 10028820 f   KPlayer.obj
 0001:000278a0       ?LevelAddBaseStaminaMax@KPlayer@@AAEXXZ 100288a0 f   KPlayer.obj
 0001:00027920       ?LevelAddBaseManaMax@KPlayer@@AAEXXZ 10028920 f   KPlayer.obj
 0001:000279a0       ?ChangePlayerCamp@KPlayer@@QAEXH@Z 100289a0 f   KPlayer.obj
 0001:000279d0       ?AddFaction@KPlayer@@QAEHPAD@Z 100289d0 f   KPlayer.obj
 0001:00027a80       ?AddFaction@KPlayer@@QAEHH@Z 10028a80 f   KPlayer.obj
 0001:00027b30       ?LeaveCurFaction@KPlayer@@QAEHXZ 10028b30 f   KPlayer.obj
 0001:00027ba0       ?CurFactionOpenSkill@KPlayer@@QAEHH@Z 10028ba0 f   KPlayer.obj
 0001:00027c30       ?TaskClearTempVal@KPlayer@@QAEXXZ 10028c30 f   KPlayer.obj
 0001:00027c40       ?TaskGetSaveVal@KPlayer@@QAEHH@Z 10028c40 f   KPlayer.obj
 0001:00027c60       ?TaskSetSaveVal@KPlayer@@QAEXHH@Z 10028c60 f   KPlayer.obj
 0001:00027d40       ?TaskGetClearVal@KPlayer@@QAEHH@Z 10028d40 f   KPlayer.obj
 0001:00027d60       ?TaskSetClearVal@KPlayer@@QAEXHH@Z 10028d60 f   KPlayer.obj
 0001:00027dd0       ?CheckRideHorse@KPlayer@@QAEXH@Z 10028dd0 f   KPlayer.obj
 0001:00027ee0       ?SetLevel@KPlayer@@QAEXE@Z 10028ee0 f   KPlayer.obj
 0001:00028700       ?RefeshPlayer@KPlayer@@QAEX_N@Z 10029700 f   KPlayer.obj
 0001:000287a0       ?AddAllSkillPoint@KPlayer@@QAEXH@Z 100297a0 f   KPlayer.obj
 0001:00028800       ?AddSkillPoint@KPlayer@@QAEXHH@Z 10029800 f   KPlayer.obj
 0001:00028970       ?UpdateSkillPointAdd@KPlayer@@QAEXXZ 10029970 f   KPlayer.obj
 0001:000289c0       ?ServerSendChat@KPlayer@@QAEXPAE@Z 100299c0 f   KPlayer.obj
 0001:000289e0       ?AddBaseAttribute@KPlayer@@QAEXPAE@Z 100299e0 f   KPlayer.obj
 0001:00028a40       ?AddSkillPoint@KPlayer@@QAEXPAE@Z 10029a40 f   KPlayer.obj
 0001:00028e30       ?ServerPickUpItem@KPlayer@@QAEHPAE@Z 10029e30 f   KPlayer.obj
 0001:00029470       ?EatItem@KPlayer@@QAEXPAE@Z 1002a470 f   KPlayer.obj
 0001:000294a0       ?ServerMoveItem@KPlayer@@QAEXPAE@Z 1002a4a0 f   KPlayer.obj
 0001:00029670       ?ServerThrowAwayItem@KPlayer@@QAEXPAE@Z 1002a670 f   KPlayer.obj
 0001:000298e0       ?ChatSetTakeChannel@KPlayer@@QAEXPAE@Z 1002a8e0 f   KPlayer.obj
 0001:00029900       ?ChatTransmitApplyAddFriend@KPlayer@@QAEXPAE@Z 1002a900 f   KPlayer.obj
 0001:00029a10       ?ChatAddFriend@KPlayer@@QAEHPAE@Z 1002aa10 f   KPlayer.obj
 0001:00029af0       ?ChatRefuseFriend@KPlayer@@QAEXPAE@Z 1002aaf0 f   KPlayer.obj
 0001:00029bf0       ?ChatResendAllFriend@KPlayer@@QAEXPAE@Z 1002abf0 f   KPlayer.obj
 0001:00029c30       ?ChatSendOneFriendData@KPlayer@@QAEXPAE@Z 1002ac30 f   KPlayer.obj
 0001:00029c50       ?ChatDeleteFriend@KPlayer@@QAEXPAE@Z 1002ac50 f   KPlayer.obj
 0001:00029c70       ?ChatRedeleteFriend@KPlayer@@QAEXPAE@Z 1002ac70 f   KPlayer.obj
 0001:00029c90       ?TradeApplyOpen@KPlayer@@QAEXPAE@Z 1002ac90 f   KPlayer.obj
 0001:00029d40       ?TradeApplyClose@KPlayer@@QAEXPAE@Z 1002ad40 f   KPlayer.obj
 0001:00029d70       ?TradeApplyStart@KPlayer@@QAEXPAE@Z 1002ad70 f   KPlayer.obj
 0001:00029e70       ?TradeMoveMoney@KPlayer@@QAEXPAE@Z 1002ae70 f   KPlayer.obj
 0001:00029ed0       ?TradeDecision@KPlayer@@QAEXPAE@Z 1002aed0 f   KPlayer.obj
 0001:0002a540       ?c2sTradeReplyStart@KPlayer@@QAEXPAE@Z 1002b540 f   KPlayer.obj
 0001:0002a800       ?SyncTradeState@KPlayer@@QAEXXZ 1002b800 f   KPlayer.obj
 0001:0002a900       ?SendEquipItemInfo@KPlayer@@QAEXH@Z 1002b900 f   KPlayer.obj
 0001:0002aa70       ?UseTownPortal@KPlayer@@QAEXXZ 1002ba70 f   KPlayer.obj
 0001:0002abe0       ?BackToTownPortal@KPlayer@@QAEXH@Z 1002bbe0 f   KPlayer.obj
 0001:0002adc0       ?ClearPortal@KPlayer@@QAEXXZ 1002bdc0 f   KPlayer.obj
 0001:0002ae00       ?Revive@KPlayer@@QAEXH@Z   1002be00 f   KPlayer.obj
 0001:0002afd0       ?RestoreLiveData@KPlayer@@QAEXXZ 1002bfd0 f   KPlayer.obj
 0001:0002b000       ?Pay@KPlayer@@QAEHH@Z      1002c000 f   KPlayer.obj
 0001:0002b020       ?PrePay@KPlayer@@QAEHH@Z   1002c020 f   KPlayer.obj
 0001:0002b050       ?Earn@KPlayer@@QAEHH@Z     1002c050 f   KPlayer.obj
 0001:0002b070       ?LaunchPlayer@KPlayer@@QAEXXZ 1002c070 f   KPlayer.obj
 0001:0002b170       ?StopMove@KPlayer@@QAEXXZ  1002c170 f   KPlayer.obj
 0001:0002b1b0       ?ExecuteScript@KPlayer@@QAEHPAD0H@Z 1002c1b0 f   KPlayer.obj
 0001:0002b1f0       ?ExecuteScript@KPlayer@@QAEHKPADH@Z 1002c1f0 f   KPlayer.obj
 0001:0002b3c0       ?ExecuteScript@KPlayer@@QAEHKPAD0@Z 1002c3c0 f   KPlayer.obj
 0001:0002b580       ?ExecuteScript@KPlayer@@QAEHPAD00@Z 1002c580 f   KPlayer.obj
 0001:0002b5d0       ?ExecuteScript2@KPlayer@@QAEHPAD0HHH@Z 1002c5d0 f   KPlayer.obj
 0001:0002b620       ?ExecuteScript2@KPlayer@@QAEHKPADHHH@Z 1002c620 f   KPlayer.obj
 0001:0002b810       ?ExecuteScript2@KPlayer@@QAEHPAD0H0H@Z 1002c810 f   KPlayer.obj
 0001:0002b860       ?ExecuteScript2@KPlayer@@QAEHKPADH0H@Z 1002c860 f   KPlayer.obj
 0001:0002ba50       ?DoScriptAction@KPlayer@@QAEXPAUPLAYER_SCRIPTACTION_SYNC@@@Z 1002ca50 f   KPlayer.obj
 0001:0002baa0       ?ProcessPlayerSelectFromUI@KPlayer@@QAEXPAE@Z 1002caa0 f   KPlayer.obj
 0001:0002bbe0       ?ChatFriendOnLine@KPlayer@@QAEXKH@Z 1002cbe0 f   KPlayer.obj
 0001:0002bcb0       ?GetFactionName@KPlayer@@QAEXPADH@Z 1002ccb0 f   KPlayer.obj
 0001:0002bcd0       ?S2CExecuteScript@KPlayer@@AAEXPAD0@Z 1002ccd0 f   KPlayer.obj
 0001:0002bdc0       ?AddTempTaskValue@KPlayer@@QAEHPAX@Z 1002cdc0 f   KPlayer.obj
 0001:0002bde0       ?DialogNpc@KPlayer@@QAEXPAE@Z 1002cde0 f   KPlayer.obj
 0001:0002be80       ?CheckTrading@KPlayer@@QAEHXZ 1002ce80 f   KPlayer.obj
 0001:0002be90       ?SetFirstDamage@KPlayer@@QAEXXZ 1002ce90 f   KPlayer.obj
 0001:0002c350       ?SetBaseAttackRating@KPlayer@@QAEXXZ 1002d350 f   KPlayer.obj
 0001:0002c380       ?SetBaseDefence@KPlayer@@QAEXXZ 1002d380 f   KPlayer.obj
 0001:0002c3b0       ?SetBaseResistData@KPlayer@@QAEXXZ 1002d3b0 f   KPlayer.obj
 0001:0002c5e0       ?SetBaseSpeedAndRadius@KPlayer@@QAEXXZ 1002d5e0 f   KPlayer.obj
 0001:0002c6b0       ?SetNpcDamageAttrib@KPlayer@@QAEXXZ 1002d6b0 f   KPlayer.obj
 0001:0002c6c0       ?TobeExchangeServer@KPlayer@@QAEXKHH@Z 1002d6c0 f   KPlayer.obj
 0001:0002c700       ?IsExchangingServer@KPlayer@@QAEHXZ 1002d700 f   KPlayer.obj
 0001:0002c710       ?SetLastNetOperationTime@KPlayer@@QAEXH@Z 1002d710 f   KPlayer.obj
 0001:0002c7a0       ?CreateTong@KPlayer@@QAEHHPAD@Z 1002d7a0 f   KPlayer.obj
 0001:0002c7c0       ?RepairItem@KPlayer@@QAEXK@Z 1002d7c0 f   KPlayer.obj
 0001:0002c870       ?SetExtPoint@KPlayer@@QAEXHH@Z 1002d870 f   KPlayer.obj
 0001:0002c890       ?GetExtPoint@KPlayer@@QAEHXZ 1002d890 f   KPlayer.obj
 0001:0002c8a0       ?PayExtPoint@KPlayer@@QAEHH@Z 1002d8a0 f   KPlayer.obj
 0001:0002c8d0       ?GetExtPointChanged@KPlayer@@QAEHXZ 1002d8d0 f   KPlayer.obj
 0001:0002c8e0       ?SetExtPoint2@KPlayer@@QAEXH@Z 1002d8e0 f   KPlayer.obj
 0001:0002c8f0       ?SyncBronzeCoin@KPlayer@@QAEXXZ 1002d8f0 f   KPlayer.obj
 0001:0002c950       ?SetBronzeCoin@KPlayer@@QAEXH@Z 1002d950 f   KPlayer.obj
 0001:0002c980       ?GetBronzeCoin@KPlayer@@QAEHXZ 1002d980 f   KPlayer.obj
 0001:0002c9d0       ?PayBronzeCoin@KPlayer@@QAEHH@Z 1002d9d0 f   KPlayer.obj
 0001:0002ca10       ?SyncLockBronzeCoin@KPlayer@@QAEXXZ 1002da10 f   KPlayer.obj
 0001:0002ca70       ?SetLockBronzeCoin@KPlayer@@QAEXH@Z 1002da70 f   KPlayer.obj
 0001:0002caa0       ?GetLockBronzeCoin@KPlayer@@QAEHXZ 1002daa0 f   KPlayer.obj
 0001:0002caf0       ?PayLockBronzeCoin@KPlayer@@QAEHH@Z 1002daf0 f   KPlayer.obj
 0001:0002cb30       ?ProcessEnhance@KPlayer@@QAEXXZ 1002db30 f   KPlayer.obj
 0001:0002cce0       ?ProcessRemoveEnhance@KPlayer@@QAEXXZ 1002dce0 f   KPlayer.obj
 0001:0002cd30       ?ExeScriptButton@KPlayer@@QAEXPAE@Z 1002dd30 f   KPlayer.obj
 0001:0002d220       ?BreakItem@KPlayer@@QAEXKH@Z 1002e220 f   KPlayer.obj
 0001:0002d350       ?HideMask@KPlayer@@QAEXH@Z 1002e350 f   KPlayer.obj
 0001:0002d3c0       ?SendShopItemInfo@KPlayer@@QAEXHH@Z 1002e3c0 f   KPlayer.obj
 0001:0002d680       ?BuyPlayerShop@KPlayer@@QAEXPAE@Z 1002e680 f   KPlayer.obj
 0001:0002d850       ?RestoreTask@KPlayer@@QAEXXZ 1002e850 f   KPlayer.obj
 0001:0002d8b0       ?ExecuteScriptRet@KPlayer@@QAEHPAD0H@Z 1002e8b0 f   KPlayer.obj
 0001:0002d8f0       ?ExecuteScriptRet@KPlayer@@QAEHKPADH@Z 1002e8f0 f   KPlayer.obj
 0001:0002dae0       ?ExecuteScriptRet@KPlayer@@QAEHPAD00@Z 1002eae0 f   KPlayer.obj
 0001:0002db30       ?ExecuteScriptRet@KPlayer@@QAEHKPAD0@Z 1002eb30 f   KPlayer.obj
 0001:0002dd20       ?SetTitle@KPlayer@@QAEXG_N@Z 1002ed20 f   KPlayer.obj
 0001:0002e030       ?GetTaxShopItem@KPlayer@@AAEHH@Z 1002f030 f   KPlayer.obj
 0001:0002e070       ?AddAntiPaket@KPlayer@@QAEHKK@Z 1002f070 f   KPlayer.obj
 0001:0002e0d0       ?SaveLog@KPlayer@@QAEXHPBD00@Z 1002f0d0 f   KPlayer.obj
 0001:0002e0e0       ?SetAutoFlag@KPlayer@@QAEXH@Z 1002f0e0 f   KPlayer.obj
 0001:0002e150       ?LockPlayerInfo@KPlayer@@QAEXEHH@Z 1002f150 f   KPlayer.obj
 0001:0002e700       ?SetStoreBoxNum@KPlayer@@QAEXE@Z 1002f700 f   KPlayer.obj
 0001:0002e760       ?SetExpandBoxNum@KPlayer@@QAEXE@Z 1002f760 f   KPlayer.obj
 0001:0002e7c0       ?SetNumImgAvatar@KPlayer@@QAEXH@Z 1002f7c0 f   KPlayer.obj
 0001:0002e7e0       ?GiveBoxCmd@KPlayer@@QAEXKHH@Z 1002f7e0 f   KPlayer.obj
 0001:0002ea70       ?Release@KPlayerChat@@QAEXXZ 1002fa70 f   KPlayerChat.obj
 0001:0002eae0       ?CheckExist@KPlayerChat@@QAEHK@Z 1002fae0 f   KPlayerChat.obj
 0001:0002eb30       ?CheckExist@KPlayerChat@@QAEHPAD@Z 1002fb30 f   KPlayerChat.obj
 0001:0002ebd0       ?GetFriendNode@KPlayerChat@@QAEPAVCChatFriend@@K@Z 1002fbd0 f   KPlayerChat.obj
 0001:0002ec20       ?GetTeamNo@KPlayerChat@@QAEHK@Z 1002fc20 f   KPlayerChat.obj
 0001:0002ec70       ?GetName@KPlayerChat@@QAEHKPAD@Z 1002fc70 f   KPlayerChat.obj
 0001:0002ece0       ?SetTakeChannel@KPlayerChat@@QAEXK@Z 1002fce0 f   KPlayerChat.obj
 0001:0002ed10       ?ServerSendChat@KPlayerChat@@QAEXHPAE@Z 1002fd10 f   KPlayerChat.obj
 0001:0002f800       ?DataBaseAddOne@KPlayerChat@@QAEXHKPAD@Z 10030800 f   KPlayerChat.obj
 0001:0002f820       ?AddFriendData@KPlayerChat@@QAEXHH@Z 10030820 f   KPlayerChat.obj
 0001:0002f980       ??_ECChatFriend@@UAEPAXI@Z 10030980 f i KPlayerChat.obj
 0001:0002f980       ??_GCChatFriend@@UAEPAXI@Z 10030980 f i KPlayerChat.obj
 0001:0002f9a0       ??1CChatFriend@@UAE@XZ     100309a0 f i KPlayerChat.obj
 0001:0002f9b0       ?ResendOneFriendData@KPlayerChat@@QAEXKH@Z 100309b0 f   KPlayerChat.obj
 0001:0002fa60       ?SyncFriendData@KPlayerChat@@QAEHHAAI@Z 10030a60 f   KPlayerChat.obj
 0001:0002fbf0       ?StartSendFriendData@KPlayerChat@@QAEXXZ 10030bf0 f   KPlayerChat.obj
 0001:0002fc20       ?DeleteFriend@KPlayerChat@@QAEXKK@Z 10030c20 f   KPlayerChat.obj
 0001:0002fce0       ?DeleteFriendData@KPlayerChat@@QAEXKH@Z 10030ce0 f   KPlayerChat.obj
 0001:0002fdb0       ?RedeleteFriend@KPlayerChat@@QAEXKH@Z 10030db0 f   KPlayerChat.obj
 0001:0002fe20       ?OffLine@KPlayerChat@@QAEXK@Z 10030e20 f   KPlayerChat.obj
 0001:0002fe80       ?GetMsgOffLine@KPlayerChat@@QAEXKH@Z 10030e80 f   KPlayerChat.obj
 0001:0002ff20       ?TimerAdd@KPlayerChat@@QAEXXZ 10030f20 f   KPlayerChat.obj
 0001:0002ff30       ?CheckTalkChannel@KPlayerChat@@QAEHH@Z 10030f30 f   KPlayerChat.obj
 0001:0002ff60       ?SendSystemInfo@KPlayerChat@@SAXHHPAD0H@Z 10030f60 f   KPlayerChat.obj
 0001:00030090       ?SendGlobalSystemInfo@KPlayerChat@@SAXPAD0H@Z 10031090 f   KPlayerChat.obj
 0001:00030130       ?SendInfoToGM@KPlayerChat@@SAXPAD00H@Z 10031130 f   KPlayerChat.obj
 0001:00030230       ?SendInfoToIP@KPlayerChat@@SAXKKPAD00H@Z 10031230 f   KPlayerChat.obj
 0001:00030320       ?SendInfoToFaction@KPlayerChat@@SAXHPAD0H@Z 10031320 f   KPlayerChat.obj
 0001:00030330       ?MakeBrother@KPlayerChat@@SAXABV?$list@V?$basic_string@DU?$char_traits@D@std@@V?$allocator@D@2@@std@@V?$allocator@V?$basic_string@DU?$char_traits@D@std@@V?$allocator@D@2@@std@@@2@@std@@@Z 10031330 f   KPlayerChat.obj
 0001:000304f0       ?MakeEnemy@KPlayerChat@@SAXPAD0@Z 100314f0 f   KPlayerChat.obj
 0001:00030600       ??0CChatFriendTeam@@QAE@XZ 10031600 f   KPlayerChat.obj
 0001:00030650       ?Release@CChatFriendTeam@@QAEXXZ 10031650 f   KPlayerChat.obj
 0001:000306c0       ?DataBaseAddOne@CChatFriendTeam@@QAEXHKPAD@Z 100316c0 f   KPlayerChat.obj
 0001:000307a0       ??1?$basic_string@DU?$char_traits@D@std@@V?$allocator@D@2@@std@@QAE@XZ 100317a0 f i KPlayerChat.obj
 0001:000307e0       ?assign@?$basic_string@DU?$char_traits@D@std@@V?$allocator@D@2@@std@@QAEAAV12@ABV12@II@Z 100317e0 f i KPlayerChat.obj
 0001:000309e0       ?_Tidy@?$basic_string@DU?$char_traits@D@std@@V?$allocator@D@2@@std@@AAEX_N@Z 100319e0 f i KPlayerChat.obj
 0001:00030a30       ?_Eos@?$basic_string@DU?$char_traits@D@std@@V?$allocator@D@2@@std@@AAEXI@Z 10031a30 f i KPlayerChat.obj
 0001:00030a50       ?_Grow@?$basic_string@DU?$char_traits@D@std@@V?$allocator@D@2@@std@@AAE_NI_N@Z 10031a50 f i KPlayerChat.obj
 0001:00030b70       ?max_size@?$basic_string@DU?$char_traits@D@std@@V?$allocator@D@2@@std@@QBEIXZ 10031b70 f i KPlayerChat.obj
 0001:00030b80       ?_Copy@?$basic_string@DU?$char_traits@D@std@@V?$allocator@D@2@@std@@AAEXI@Z 10031b80 f i KPlayerChat.obj
 0001:00030c90       ?_Split@?$basic_string@DU?$char_traits@D@std@@V?$allocator@D@2@@std@@AAEXXZ 10031c90 f i KPlayerChat.obj
 0001:00030db0       ??0KList@@QAE@XZ           10031db0 f i KPlayerDBFuns.obj
 0001:00030e00       ?AddDBPlayer@KPlayer@@QAEHPADHPAK@Z 10031e00 f   KPlayerDBFuns.obj
 0001:00030e10       ?LoadDBPlayerInfo@KPlayer@@QAEHPAEAAHAAI@Z 10031e10 f   KPlayerDBFuns.obj
 0001:000310d0       ?UpdateDBPlayerInfo@KPlayer@@QAEHPAE@Z 100320d0 f   KPlayerDBFuns.obj
 0001:00031120       ?LoadPlayerBaseInfo@KPlayer@@AAEHPAEAAPAEAAI@Z 10032120 f   KPlayerDBFuns.obj
 0001:00031660       ?LoadPlayerItemList@KPlayer@@AAEHPAEAAPAEAAI@Z 10032660 f   KPlayerDBFuns.obj
 0001:00031a40       ?LoadPlayerFightSkillList@KPlayer@@AAEHPAEAAPAEAAI@Z 10032a40 f   KPlayerDBFuns.obj
 0001:00031af0       ?LoadPlayerLifeSkilllList@KPlayer@@AAEHPAEAAPAEAAI@Z 10032af0 f   KPlayerDBFuns.obj
 0001:00031b90       ?LoadPlayerFriendList@KPlayer@@AAEHPAEAAPAEAAI@Z 10032b90 f   KPlayerDBFuns.obj
 0001:00031c80       ?LoadPlayerTaskList@KPlayer@@AAEHPAEAAPAEAAI@Z 10032c80 f   KPlayerDBFuns.obj
 0001:00031e20       ?SavePlayerBaseInfo@KPlayer@@AAEHPAE@Z 10032e20 f   KPlayerDBFuns.obj
 0001:00032190       ?SavePlayerItemList@KPlayer@@AAEHPAE@Z 10033190 f   KPlayerDBFuns.obj
 0001:00032300       ?SavePlayerFightSkillList@KPlayer@@AAEHPAE@Z 10033300 f   KPlayerDBFuns.obj
 0001:00032380       ?SavePlayerLifeSkilllList@KPlayer@@AAEHPAE@Z 10033380 f   KPlayerDBFuns.obj
 0001:000323a0       ?SavePlayerFriendList@KPlayer@@AAEHPAE@Z 100333a0 f   KPlayerDBFuns.obj
 0001:00032440       ?SavePlayerTaskList@KPlayer@@AAEHPAE@Z 10033440 f   KPlayerDBFuns.obj
 0001:000325b0       ??0KPlayerFaction@@QAE@XZ  100335b0 f   KPlayerFaction.obj
 0001:000325c0       ?Release@KPlayerFaction@@QAEXXZ 100335c0 f   KPlayerFaction.obj
 0001:000325e0       ?SetSeries@KPlayerFaction@@QAEXH@Z 100335e0 f   KPlayerFaction.obj
 0001:000325f0       ?AddFaction@KPlayerFaction@@QAEHHPAD@Z 100335f0 f   KPlayerFaction.obj
 0001:00032630       ?AddFaction@KPlayerFaction@@QAEHHH@Z 10033630 f   KPlayerFaction.obj
 0001:00032690       ?LeaveFaction@KPlayerFaction@@QAEXXZ 10033690 f   KPlayerFaction.obj
 0001:000326a0       ?OpenCurSkillLevel@KPlayerFaction@@QAEHHPAVKSkillList@@@Z 100336a0 f   KPlayerFaction.obj
 0001:000326b0       ?GetGurFactionCamp@KPlayerFaction@@QAEHXZ 100336b0 f   KPlayerFaction.obj
 0001:000326f0       ?GetCurFactionNo@KPlayerFaction@@QAEHXZ 100336f0 f   KPlayerFaction.obj
 0001:00032700       ?GetCurFactionName@KPlayerFaction@@QAEXPAD@Z 10033700 f   KPlayerFaction.obj
 0001:00032790       ??0KPlayerMenuState@@QAE@XZ 10033790 f   KPlayerMenuState.obj
 0001:000327a0       ?Release@KPlayerMenuState@@QAEXXZ 100337a0 f   KPlayerMenuState.obj
 0001:000327e0       ?BackupState@KPlayerMenuState@@QAEXXZ 100337e0 f   KPlayerMenuState.obj
 0001:00032800       ?RestoreState@KPlayerMenuState@@QAEXXZ 10033800 f   KPlayerMenuState.obj
 0001:00032820       ?SetState@KPlayerMenuState@@QAEXHHPADHK@Z 10033820 f   KPlayerMenuState.obj
 0001:00032b50       ?RestoreBackupState@KPlayerMenuState@@QAEXH@Z 10033b50 f   KPlayerMenuState.obj
 0001:00032c00       ?Init@KPlayerMenuStateGraph@@QAEHXZ 10033c00 f   KPlayerMenuState.obj
 0001:00032cc0       ?GetStateSpr@KPlayerMenuStateGraph@@QAEXHPAD@Z 10033cc0 f   KPlayerMenuState.obj
 0001:00032d60       ??0KPlayerPK@@QAE@XZ       10033d60 f   KPlayerPK.obj
 0001:00032d70       ?Init@KPlayerPK@@QAEXH@Z   10033d70 f   KPlayerPK.obj
 0001:00032da0       ?Active@KPlayerPK@@QAEXXZ  10033da0 f   KPlayerPK.obj
 0001:00032db0       ?SetNormalPKState@KPlayerPK@@QAEXE@Z 10033db0 f   KPlayerPK.obj
 0001:00032e80       ?GetNormalPKState@KPlayerPK@@QAEEXZ 10033e80 f   KPlayerPK.obj
 0001:00032e90       ?EnmityPKClose@KPlayerPK@@QAEXXZ 10033e90 f   KPlayerPK.obj
 0001:00032fc0       ?EnmityPKOpen@KPlayerPK@@QAEHH@Z 10033fc0 f   KPlayerPK.obj
 0001:000334d0       ?GetEnmityPKState@KPlayerPK@@QAEHXZ 100344d0 f   KPlayerPK.obj
 0001:000334e0       ?GetEnmityPKAim@KPlayerPK@@QAEHXZ 100344e0 f   KPlayerPK.obj
 0001:000334f0       ?ExercisePKClose@KPlayerPK@@QAEXXZ 100344f0 f   KPlayerPK.obj
 0001:00033600       ?ExercisePKOpen@KPlayerPK@@QAEHH@Z 10034600 f   KPlayerPK.obj
 0001:00033860       ?GetExercisePKAim@KPlayerPK@@QAEHXZ 10034860 f   KPlayerPK.obj
 0001:00033870       ?SetPKValue@KPlayerPK@@QAEXD@Z 10034870 f   KPlayerPK.obj
 0001:000338f0       ?GetPKValue@KPlayerPK@@QBEDXZ 100348f0 f   KPlayerPK.obj
 0001:00033900       ?AddPKValue@KPlayerPK@@QAEXD@Z 10034900 f   KPlayerPK.obj
 0001:00033980       ?CloseAll@KPlayerPK@@QAEXXZ 10034980 f   KPlayerPK.obj
 0001:000339a0       ?EnmityPKCountDown@KPlayerPK@@QAEXXZ 100349a0 f   KPlayerPK.obj
 0001:00033b80       ??0KPlayerSet@@QAE@XZ      10034b80 f   KPlayerSet.obj
 0001:00033c10       ??1KPlayerSet@@QAE@XZ      10034c10 f   KPlayerSet.obj
 0001:00033c90       ?Init@KPlayerSet@@QAEHXZ   10034c90 f   KPlayerSet.obj
 0001:00034140       ?Activate@KPlayerSet@@QAEXXZ 10035140 f   KPlayerSet.obj
 0001:00034150       ?FindFree@KPlayerSet@@AAEHXZ 10035150 f   KPlayerSet.obj
 0001:00034160       ?FindSame@KPlayerSet@@QAEHK@Z 10035160 f   KPlayerSet.obj
 0001:000341b0       ?GetFirstPlayer@KPlayerSet@@QAEHXZ 100351b0 f   KPlayerSet.obj
 0001:000341d0       ?GetNextPlayer@KPlayerSet@@QAEHXZ 100351d0 f   KPlayerSet.obj
 0001:000341f0       ?Add@KPlayerSet@@QAEHPADPAX@Z 100351f0 f   KPlayerSet.obj
 0001:000342c0       ?Broadcasting@KPlayerSet@@QAEHPADH@Z 100352c0 f   KPlayerSet.obj
 0001:00034330       ?PrepareRemove@KPlayerSet@@QAEXH@Z 10035330 f   KPlayerSet.obj
 0001:00034540       ?PrepareLoginFailed@KPlayerSet@@QAEXH@Z 10035540 f   KPlayerSet.obj
 0001:000345f0       ?PrepareExchange@KPlayerSet@@QAEXH@Z 100355f0 f   KPlayerSet.obj
 0001:00034680       ?RemoveQuiting@KPlayerSet@@QAEXH@Z 10035680 f   KPlayerSet.obj
 0001:00034950       ?RemoveLoginTimeOut@KPlayerSet@@QAEXH@Z 10035950 f   KPlayerSet.obj
 0001:00034ab0       ?RemoveExchanging@KPlayerSet@@QAEXH@Z 10035ab0 f   KPlayerSet.obj
 0001:00034d70       ?ProcessClientMessage@KPlayerSet@@QAEXHPBDH@Z 10035d70 f   KPlayerSet.obj
 0001:00034dd0       ?GetPlayerName@KPlayerSet@@QAEHHPAD@Z 10035dd0 f   KPlayerSet.obj
 0001:00034e40       ?GetPlayerAccount@KPlayerSet@@QAEHHPAD@Z 10035e40 f   KPlayerSet.obj
 0001:00034eb0       ?AttachPlayer@KPlayerSet@@QAEHKPAU_GUID@@@Z 10035eb0 f   KPlayerSet.obj
 0001:00034f60       ?GetPlayerIndexByGuid@KPlayerSet@@QAEHPAU_GUID@@@Z 10035f60 f   KPlayerSet.obj
 0001:00034ff0       ?AutoSave@KPlayerSet@@QAEXXZ 10035ff0 f   KPlayerSet.obj
 0001:000350a0       ?GetFirstPlayerEx@KPlayerSet@@QAEHXZ 100360a0 f   KPlayerSet.obj
 0001:000350b0       ?GetNextPlayerEx@KPlayerSet@@QAEHH@Z 100360b0 f   KPlayerSet.obj
 0001:000350d0       ??0KLevelAdd@@QAE@XZ       100360d0 f   KPlayerSet.obj
 0001:00035190       ?Init@KLevelAdd@@QAEHXZ    10036190 f   KPlayerSet.obj
 0001:000353a0       ?GetLevelExp@KLevelAdd@@QAEHE@Z 100363a0 f   KPlayerSet.obj
 0001:000353c0       ?GetLifePerLevel@KLevelAdd@@QAEHH@Z 100363c0 f   KPlayerSet.obj
 0001:000353e0       ?GetStaminaPerLevel@KLevelAdd@@QAEHHH@Z 100363e0 f   KPlayerSet.obj
 0001:00035410       ?GetManaPerLevel@KLevelAdd@@QAEHH@Z 10036410 f   KPlayerSet.obj
 0001:00035430       ?GetLifePerVitality@KLevelAdd@@QAEHH@Z 10036430 f   KPlayerSet.obj
 0001:00035450       ?GetStaminaPerVitality@KLevelAdd@@QAEHH@Z 10036450 f   KPlayerSet.obj
 0001:00035470       ?GetManaPerEnergy@KLevelAdd@@QAEHH@Z 10036470 f   KPlayerSet.obj
 0001:00035490       ?GetLeadExpShare@KLevelAdd@@QAEHH@Z 10036490 f   KPlayerSet.obj
 0001:000354b0       ?GetFireResist@KLevelAdd@@QAEHHH@Z 100364b0 f   KPlayerSet.obj
 0001:00035500       ?GetColdResist@KLevelAdd@@QAEHHH@Z 10036500 f   KPlayerSet.obj
 0001:00035550       ?GetPoisonResist@KLevelAdd@@QAEHHH@Z 10036550 f   KPlayerSet.obj
 0001:000355a0       ?GetLightResist@KLevelAdd@@QAEHHH@Z 100365a0 f   KPlayerSet.obj
 0001:000355f0       ?GetPhysicsResist@KLevelAdd@@QAEHHH@Z 100365f0 f   KPlayerSet.obj
 0001:00035640       ??0KTeamLeadExp@@QAE@XZ    10036640 f   KPlayerSet.obj
 0001:00035660       ?Init@KTeamLeadExp@@QAEHXZ 10036660 f   KPlayerSet.obj
 0001:00035730       ?GetLevel@KTeamLeadExp@@QAEHKH@Z 10036730 f   KPlayerSet.obj
 0001:00035780       ?GetMemNumFromExp@KTeamLeadExp@@QAEHK@Z 10036780 f   KPlayerSet.obj
 0001:000357a0       ?GetMemNumFromLevel@KTeamLeadExp@@QAEHH@Z 100367a0 f   KPlayerSet.obj
 0001:000357c0       ?GetLevelExp@KTeamLeadExp@@QAEHH@Z 100367c0 f   KPlayerSet.obj
 0001:000357e0       ??0KNewPlayerAttribute@@QAE@XZ 100367e0 f   KPlayerSet.obj
 0001:00035840       ?Init@KNewPlayerAttribute@@QAEHXZ 10036840 f   KPlayerSet.obj
 0001:00035a10       ?Remove@?$KLinkArrayTemplate@UTMissionPlayerInfo@@$0ELA@@@QAEKPAUTMissionPlayerInfo@@@Z 10036a10 f i KPlayerSet.obj
 0001:00035a90       ??0KShop@@QAE@XZ           10036a90 f   KPlayerShop.obj
 0001:00035aa0       ?Release@KShop@@QAEXXZ     10036aa0 f   KPlayerShop.obj
 0001:00035c70       ??0KPlayerTask@@QAE@XZ     10036c70 f   KPlayerTask.obj
 0001:00035c80       ?Release@KPlayerTask@@QAEXXZ 10036c80 f   KPlayerTask.obj
 0001:00035ca0       ?ClearTempVar@KPlayerTask@@QAEXXZ 10036ca0 f   KPlayerTask.obj
 0001:00035cc0       ?GetSaveVal@KPlayerTask@@QAEHH@Z 10036cc0 f   KPlayerTask.obj
 0001:00035ce0       ?SetSaveVal@KPlayerTask@@QAEXHH@Z 10036ce0 f   KPlayerTask.obj
 0001:00035d00       ?GetClearVal@KPlayerTask@@QAEHH@Z 10036d00 f   KPlayerTask.obj
 0001:00035d20       ?SetClearVal@KPlayerTask@@QAEXHH@Z 10036d20 f   KPlayerTask.obj
 0001:00035da0       ?Release@KPlayerTeam@@QAEXXZ 10036da0 f   KPlayerTeam.obj
 0001:00035dd0       ?CreateTeam@KPlayerTeam@@QAEHHPAUPLAYER_APPLY_CREATE_TEAM@@@Z 10036dd0 f   KPlayerTeam.obj
 0001:00035fd0       ?InviteAdd@KPlayerTeam@@QAEXHPAUTEAM_INVITE_ADD_COMMAND@@@Z 10036fd0 f   KPlayerTeam.obj
 0001:000361b0       ?GetInviteReply@KPlayerTeam@@QAEXHHH@Z 100371b0 f   KPlayerTeam.obj
 0001:000367f0       ?SetCanTeamFlag@KPlayerTeam@@QAEXHH@Z 100377f0 f   KPlayerTeam.obj
 0001:00036850       ??0KTeam@@QAE@XZ           10037850 f   KPlayerTeam.obj
 0001:00036860       ?Release@KTeam@@QAEXXZ     10037860 f   KPlayerTeam.obj
 0001:00036890       ?SetIndex@KTeam@@QAEXH@Z   10037890 f   KPlayerTeam.obj
 0001:000368a0       ?FindFree@KTeam@@QAEHXZ    100378a0 f   KPlayerTeam.obj
 0001:000368c0       ?FindMemberID@KTeam@@QAEHK@Z 100378c0 f   KPlayerTeam.obj
 0001:00036920       ?CheckFull@KTeam@@QAEHXZ   10037920 f   KPlayerTeam.obj
 0001:00036940       ?SetTeamOpen@KTeam@@QAEHXZ 10037940 f   KPlayerTeam.obj
 0001:00036a50       ?SetTeamClose@KTeam@@QAEHXZ 10037a50 f   KPlayerTeam.obj
 0001:00036b40       ?IsOpen@KTeam@@QAEHXZ      10037b40 f   KPlayerTeam.obj
 0001:00036b50       ?CalcCaptainPower@KTeam@@QAEHXZ 10037b50 f   KPlayerTeam.obj
 0001:00036b80       ?CheckAddCondition@KTeam@@AAEHH@Z 10037b80 f   KPlayerTeam.obj
 0001:00036c00       ?CreateTeam@KTeam@@QAEHH@Z 10037c00 f   KPlayerTeam.obj
 0001:00036c20       ?AddMember@KTeam@@QAEHH@Z  10037c20 f   KPlayerTeam.obj
 0001:00036c80       ?DeleteMember@KTeam@@QAEHH@Z 10037c80 f   KPlayerTeam.obj
 0001:00037050       ?CheckIn@KTeam@@QAEHH@Z    10038050 f   KPlayerTeam.obj
 0001:00037090       ?Init@KTeamSet@@QAEXXZ     10038090 f   KPlayerTeam.obj
 0001:000370b0       ?FindFree@KTeamSet@@AAEHXZ 100380b0 f   KPlayerTeam.obj
 0001:000370d0       ?CreateTeam@KTeamSet@@QAEHH@Z 100380d0 f   KPlayerTeam.obj
 0001:00037140       ?Init@KPlayerTong@@QAEXH@Z 10038140 f   KPlayerTong.obj
 0001:00037150       ?Clear@KPlayerTong@@QAEXXZ 10038150 f   KPlayerTong.obj
 0001:00037170       ?CheckCreateCondition@KPlayerTong@@QAEHHPAD@Z 10038170 f   KPlayerTong.obj
 0001:00037360       ?Create@KPlayerTong@@QAEHHPBD@Z 10038360 f   KPlayerTong.obj
 0001:00037600       ?GetOpenFlag@KPlayerTong@@QAEHXZ 10038600 f   KPlayerTong.obj
 0001:00037620       ?TransferAddApply@KPlayerTong@@QAEHK@Z 10038620 f   KPlayerTong.obj
 0001:000377c0       ?CheckAcceptAddApplyCondition@KPlayerTong@@AAEHXZ 100387c0 f   KPlayerTong.obj
 0001:000377e0       ?SendRefuseMessage@KPlayerTong@@QAEXHK@Z 100387e0 f   KPlayerTong.obj
 0001:000379c0       ?GetTongName@KPlayerTong@@QAEXPAD@Z 100389c0 f   KPlayerTong.obj
 0001:00037a00       ?GetTongTitle@KPlayerTong@@QAEXPAD@Z 10038a00 f   KPlayerTong.obj
 0001:00037a40       ?CheckAddCondition@KPlayerTong@@QAEHH@Z 10038a40 f   KPlayerTong.obj
 0001:00037af0       ?AddTong@KPlayerTong@@QAEHHPAD00@Z 10038af0 f   KPlayerTong.obj
 0001:00037d10       ?GetTongNameID@KPlayerTong@@QAEKXZ 10038d10 f   KPlayerTong.obj
 0001:00037d20       ?CanGetManagerInfo@KPlayerTong@@QAEHK@Z 10038d20 f   KPlayerTong.obj
 0001:00037d70       ?CanGetMemberInfo@KPlayerTong@@QAEHK@Z 10038d70 f   KPlayerTong.obj
 0001:00037dc0       ?SendSelfInfo@KPlayerTong@@QAEXXZ 10038dc0 f   KPlayerTong.obj
 0001:00037e90       ?CheckInstatePower@KPlayerTong@@QAEHPAUTONG_APPLY_INSTATE_COMMAND@@@Z 10038e90 f   KPlayerTong.obj
 0001:00037fe0       ?CheckKickPower@KPlayerTong@@QAEHPAUTONG_APPLY_KICK_COMMAND@@@Z 10038fe0 f   KPlayerTong.obj
 0001:00038040       ?BeInstated@KPlayerTong@@QAEXPAUSTONG_SERVER_TO_CORE_BE_INSTATED@@@Z 10039040 f   KPlayerTong.obj
 0001:00038090       ?BeKicked@KPlayerTong@@QAEXPAUSTONG_SERVER_TO_CORE_BE_KICKED@@@Z 10039090 f   KPlayerTong.obj
 0001:000381b0       ?CheckLeavePower@KPlayerTong@@QAEHPAUTONG_APPLY_LEAVE_COMMAND@@@Z 100391b0 f   KPlayerTong.obj
 0001:00038230       ?Leave@KPlayerTong@@QAEXPAUSTONG_SERVER_TO_CORE_LEAVE@@@Z 10039230 f   KPlayerTong.obj
 0001:00038440       ?CheckChangeMasterPower@KPlayerTong@@QAEHPAUTONG_APPLY_CHANGE_MASTER_COMMAND@@@Z 10039440 f   KPlayerTong.obj
 0001:000384d0       ?CheckGetMasterPower@KPlayerTong@@QAEHPAUSTONG_SERVER_TO_CORE_CHECK_GET_MASTER_POWER@@@Z 100394d0 f   KPlayerTong.obj
 0001:000385b0       ?ChangeAs@KPlayerTong@@QAEXPAUSTONG_SERVER_TO_CORE_CHANGE_AS@@@Z 100395b0 f   KPlayerTong.obj
 0001:000386f0       ?ChangeMaster@KPlayerTong@@QAEXPAD@Z 100396f0 f   KPlayerTong.obj
 0001:00038750       ?Login@KPlayerTong@@QAEXPAUSTONG_SERVER_TO_CORE_LOGIN@@@Z 10039750 f   KPlayerTong.obj
 0001:00038950       ?CheckChangeCampPower@KPlayerTong@@QAEHPAUTONG_CHANGE_CAMP_COMMAND@@@Z 10039950 f   KPlayerTong.obj
 0001:000389f0       ?ChangeCamp@KPlayerTong@@QAEXPAUSTONG_SERVER_TO_CORE_CHANGE_CAMP@@@Z 100399f0 f   KPlayerTong.obj
 0001:00038a90       ?CheckChangeMemberTitlePower@KPlayerTong@@QAEHPAUTONG_CHANGE_MEMBER_TITLE_COMMAND@@@Z 10039a90 f   KPlayerTong.obj
 0001:00038af0       ?CheckChangeOneTitlePower@KPlayerTong@@QAEHPAUTONG_CHANGE_ONE_TITLE_COMMAND@@@Z 10039af0 f   KPlayerTong.obj
 0001:00038b90       ?ChangeTitle@KPlayerTong@@QAEXPBD@Z 10039b90 f   KPlayerTong.obj
 0001:00038be0       ?CheckSaveMoneyPower@KPlayerTong@@QAEHPAUTONG_APPLY_SAVE_MONEY_COMMAND@@@Z 10039be0 f   KPlayerTong.obj
 0001:00038c90       ?SaveMoney@KPlayerTong@@QAEXPAUSTONG_SERVER_TO_CORE_SAVE_MONEY@@@Z 10039c90 f   KPlayerTong.obj
 0001:00038cc0       ?CheckGetMoneyPower@KPlayerTong@@QAEHPAUTONG_APPLY_GET_MONEY_COMMAND@@@Z 10039cc0 f   KPlayerTong.obj
[...]
 0001:00000cc0       _$E21                      10001cc0 f   KMissle.obj
 0001:00000ce0       _$E28                      10001ce0 f   KMissle.obj
 0001:00000cf0       _$E25                      10001cf0 f   KMissle.obj
 0001:00000d10       _$E27                      10001d10 f   KMissle.obj
 0001:00000d20       _$E26                      10001d20 f   KMissle.obj
 0001:000030e0       _$E35                      100040e0 f   KMissle.obj
 0001:00003100       _$E34                      10004100 f   KMissle.obj
 0001:00000b50       _$E25                      10001b50 f   KThiefSkill.obj
 0001:00000b70       _$E24                      10001b70 f   KThiefSkill.obj
 0001:00000070       _$E22                      10001070 f   KPlayerPartner.obj
 0001:00000090       _$E21                      10001090 f   KPlayerPartner.obj
 0001:00000030       _$E22                      10001030 f   KPartnerSkill.obj
 0001:00000050       _$E21                      10001050 f   KPartnerSkill.obj
 0001:00077680       _$E19                      10078680 f   common:Exception.obj
 0001:000776a0       _$E18                      100786a0 f   common:Exception.obj
 0001:000770a0       _$E23                      100780a0 f   common:Buffer.obj
 0001:000770c0       _$E22                      100780c0 f   common:Buffer.obj
 0001:0007a8cc       _$E2                       1007b8cc f   libcpmt:nomemory.obj
 0001:0007a4c7       __Mbrtowc_lk               1007b4c7 f   libcpmt:xmbtowc.obj
 0001:00079f30       _$E18                      1007af30 f   libcpmt:locale0.obj
 0001:00079f3a       _$E15                      1007af3a f   libcpmt:locale0.obj
 0001:00079f3b       _$E17                      1007af3b f   libcpmt:locale0.obj
 0001:00079f47       _$E16                      1007af47 f   libcpmt:locale0.obj
 0001:0007a422       _$E29                      1007b422 f   libcpmt:locale0.obj
 0001:0007a44c       _$E25                      1007b44c f   libcpmt:locale0.obj
 0001:0007a458       _$E28                      1007b458 f   libcpmt:locale0.obj
 0001:00079913       ?_CleanUp@std@@YAXXZ       1007a913 f   libcpmt:xlock.obj
 0001:00079853       _$E24                      1007a853 f   libcpmt:string.obj
 0001:0007987d       _$E20                      1007a87d f   libcpmt:string.obj
 0001:00079889       _$E23                      1007a889 f   libcpmt:string.obj
 0001:00078678       _$E18                      10079678 f   libcpmt:wiostrea.obj
 0001:00078682       _$E15                      10079682 f   libcpmt:wiostrea.obj
 0001:0007868c       _$E17                      1007968c f   libcpmt:wiostrea.obj
 0001:00078698       _$E16                      10079698 f   libcpmt:wiostrea.obj
 0001:000786a2       _$E24                      100796a2 f   libcpmt:wiostrea.obj
 0001:000786ac       _$E21                      100796ac f   libcpmt:wiostrea.obj
 0001:000786b6       _$E23                      100796b6 f   libcpmt:wiostrea.obj
 0001:000786c2       _$E22                      100796c2 f   libcpmt:wiostrea.obj
 0001:000786cc       _$E29                      100796cc f   libcpmt:wiostrea.obj
 0001:000786d6       _$E26                      100796d6 f   libcpmt:wiostrea.obj
 0001:000786e3       _$E28                      100796e3 f   libcpmt:wiostrea.obj
 0001:000786ef       _$E27                      100796ef f   libcpmt:wiostrea.obj
 0001:000786f9       _$E34                      100796f9 f   libcpmt:wiostrea.obj
 0001:00078703       _$E31                      10079703 f   libcpmt:wiostrea.obj
 0001:00078710       _$E33                      10079710 f   libcpmt:wiostrea.obj
 0001:0007871c       _$E32                      1007971c f   libcpmt:wiostrea.obj
 0001:00078726       _$E39                      10079726 f   libcpmt:wiostrea.obj
 0001:00078730       _$E36                      10079730 f   libcpmt:wiostrea.obj
 0001:0007873d       _$E38                      1007973d f   libcpmt:wiostrea.obj
 0001:00078749       _$E37                      10079749 f   libcpmt:wiostrea.obj
 0001:00078753       _$E44                      10079753 f   libcpmt:wiostrea.obj
 0001:0007875d       _$E41                      1007975d f   libcpmt:wiostrea.obj
 0001:0007876c       _$E43                      1007976c f   libcpmt:wiostrea.obj
 0001:00078778       _$E42                      10079778 f   libcpmt:wiostrea.obj
 0001:00078797       _$E49                      10079797 f   libcpmt:wiostrea.obj
 0001:000787a1       _$E46                      100797a1 f   libcpmt:wiostrea.obj
 0001:000787b0       _$E48                      100797b0 f   libcpmt:wiostrea.obj
 0001:000787bc       _$E47                      100797bc f   libcpmt:wiostrea.obj
 0001:000787db       _$E54                      100797db f   libcpmt:wiostrea.obj
 0001:000787e5       _$E51                      100797e5 f   libcpmt:wiostrea.obj
 0001:000787f4       _$E53                      100797f4 f   libcpmt:wiostrea.obj
 0001:00078800       _$E52                      10079800 f   libcpmt:wiostrea.obj
 0001:0007880a       _$E59                      1007980a f   libcpmt:wiostrea.obj
 0001:00078814       _$E56                      10079814 f   libcpmt:wiostrea.obj
 0001:00078823       _$E58                      10079823 f   libcpmt:wiostrea.obj
 0001:0007882f       _$E57                      1007982f f   libcpmt:wiostrea.obj
 0001:000794fd       _$E70                      1007a4fd f   libcpmt:wiostrea.obj
 0001:00079527       _$E66                      1007a527 f   libcpmt:wiostrea.obj
 0001:00079533       _$E69                      1007a533 f   libcpmt:wiostrea.obj
 0001:000776bb       _$E18                      100786bb f   libcpmt:iostream.obj
 0001:000776c5       _$E15                      100786c5 f   libcpmt:iostream.obj
 0001:000776d2       _$E17                      100786d2 f   libcpmt:iostream.obj
 0001:000776de       _$E16                      100786de f   libcpmt:iostream.obj
 0001:000776e8       _$E23                      100786e8 f   libcpmt:iostream.obj
 0001:000776f2       _$E20                      100786f2 f   libcpmt:iostream.obj
 0001:000776ff       _$E22                      100786ff f   libcpmt:iostream.obj
 0001:0007770b       _$E21                      1007870b f   libcpmt:iostream.obj
 0001:00077715       _$E28                      10078715 f   libcpmt:iostream.obj
 0001:0007771f       _$E25                      1007871f f   libcpmt:iostream.obj
 0001:0007772e       _$E27                      1007872e f   libcpmt:iostream.obj
 0001:0007773a       _$E26                      1007873a f   libcpmt:iostream.obj
 0001:00077759       _$E33                      10078759 f   libcpmt:iostream.obj
 0001:00077763       _$E30                      10078763 f   libcpmt:iostream.obj
 0001:00077772       _$E32                      10078772 f   libcpmt:iostream.obj
 0001:0007777e       _$E31                      1007877e f   libcpmt:iostream.obj
 0001:0007779d       _$E38                      1007879d f   libcpmt:iostream.obj
 0001:000777a7       _$E35                      100787a7 f   libcpmt:iostream.obj
 0001:000777b4       _$E37                      100787b4 f   libcpmt:iostream.obj
 0001:000777c0       _$E36                      100787c0 f   libcpmt:iostream.obj
 0001:000777ca       _$E43                      100787ca f   libcpmt:iostream.obj
 0001:000777d4       _$E40                      100787d4 f   libcpmt:iostream.obj
 0001:000777e3       _$E42                      100787e3 f   libcpmt:iostream.obj
 0001:000777ef       _$E41                      100787ef f   libcpmt:iostream.obj
 0001:000777f9       _$E48                      100787f9 f   libcpmt:iostream.obj
 0001:00077803       _$E45                      10078803 f   libcpmt:iostream.obj
 0001:00077812       _$E47                      10078812 f   libcpmt:iostream.obj
 0001:0007781e       _$E46                      1007881e f   libcpmt:iostream.obj
 0001:00078635       _$E60                      10079635 f   libcpmt:iostream.obj
 0001:0007865f       _$E56                      1007965f f   libcpmt:iostream.obj
 0001:0007866b       _$E59                      1007966b f   libcpmt:iostream.obj
 0001:000884d0       _findenv                   100894d0 f   LIBCMT:setenv.obj
 0001:00088528       _copy_environ              10089528 f   LIBCMT:setenv.obj
 0001:0008831e       _strncnt                   1008931e f   LIBCMT:a_cmp.obj
 0001:00086fb3       _ctrlevent_capture@4       10087fb3 f   LIBCMT:winsig.obj
 0001:00087197       _siglookup                 10088197 f   LIBCMT:winsig.obj
 0001:00086ae1       _xtoa                      10087ae1 f   LIBCMT:xtoa.obj
 0001:00086bb3       _x64toa@20                 10087bb3 f   LIBCMT:xtoa.obj
 0001:00086014       __expandtime               10087014 f   LIBCMT:strftime.obj
 0001:00086403       __store_str                10087403 f   LIBCMT:strftime.obj
 0001:0008642a       __store_num                1008742a f   LIBCMT:strftime.obj
 0001:00086499       __store_number             10087499 f   LIBCMT:strftime.obj
 0001:000864e2       __store_winword            100874e2 f   LIBCMT:strftime.obj
 0001:0008520d       _getSystemCP               1008620d f   LIBCMT:mbctype.obj
 0001:00085257       _CPtoLCID                  10086257 f   LIBCMT:mbctype.obj
 0001:0008528a       _setSBCS                   1008628a f   LIBCMT:mbctype.obj
 0001:000852b3       _setSBUpLow                100862b3 f   LIBCMT:mbctype.obj
 0001:00084e28       _xcptlookup                10085e28 f   LIBCMT:winxfltr.obj
 0001:000843e2       __abstract_cw              100853e2 f   LIBCMT:ieee87.obj
 0001:00084474       __hw_cw                    10085474 f   LIBCMT:ieee87.obj
 0001:000844fd       __abstract_sw              100854fd f   LIBCMT:ieee87.obj
 0001:00083ac7       _TranslateName             10084ac7 f   LIBCMT:getqloc.obj
 0001:00083b1f       _GetLcidFromLangCountry    10084b1f f   LIBCMT:getqloc.obj
 0001:00083ba6       _LangCountryEnumProc@4     10084ba6 f   LIBCMT:getqloc.obj
 0001:00083daa       _GetLcidFromLanguage       10084daa f   LIBCMT:getqloc.obj
 0001:00083e00       _LanguageEnumProc@4        10084e00 f   LIBCMT:getqloc.obj
 0001:00083ebd       _GetLcidFromCountry        10084ebd f   LIBCMT:getqloc.obj
 0001:00083ef4       _CountryEnumProc@4         10084ef4 f   LIBCMT:getqloc.obj
 0001:00083f7a       _GetLcidFromDefault        10084f7a f   LIBCMT:getqloc.obj
 0001:00083f94       _ProcessCodePage           10084f94 f   LIBCMT:getqloc.obj
 0001:00083ffa       _TestDefaultCountry        10084ffa f   LIBCMT:getqloc.obj
 0001:00084019       _TestDefaultLanguage       10085019 f   LIBCMT:getqloc.obj
 0001:0008407b       _IsThisWindowsNT           1008507b f   LIBCMT:getqloc.obj
 0001:000840b1       _crtGetLocaleInfoA@16      100850b1 f   LIBCMT:getqloc.obj
 0001:00084197       _LcidFromHexString         10085197 f   LIBCMT:getqloc.obj
 0001:000841d0       _GetPrimaryLen             100851d0 f   LIBCMT:getqloc.obj
 0001:0008349b       __get_lc_lconv             1008449b f   LIBCMT:initmon.obj
 0001:000835bd       _fix_grouping              100845bd f   LIBCMT:initmon.obj
 0001:000835f4       __free_lc_lconv            100845f4 f   LIBCMT:initmon.obj
 0001:00083399       _fix_grouping              10084399 f   LIBCMT:initnum.obj
 0001:00082ce6       __get_lc_time              10083ce6 f   LIBCMT:inittime.obj
 0001:00083034       __free_lc_time             10084034 f   LIBCMT:inittime.obj
 0001:000808b6       _parse_cmdline             100818b6 f   LIBCMT:stdargv.obj
 0001:0007ff32       __tzset_lk                 10080f32 f   LIBCMT:tzset.obj
 0001:000801da       __isindst_lk               100811da f   LIBCMT:tzset.obj
 0001:00080386       _cvtdate                   10081386 f   LIBCMT:tzset.obj
 0001:0007fc34       _strncnt                   10080c34 f   LIBCMT:a_map.obj
 0001:0007ec90       ?FindHandler@@YAXPAUEHExceptionRecord@@PAUEHRegistrationNode@@PAU_CONTEXT@@PAXPBU_s_FuncInfo@@EH1@Z 1007fc90 f   LIBCMT:frame.obj
 0001:0007ee43       ?FindHandlerForForeignException@@YAXPAUEHExceptionRecord@@PAUEHRegistrationNode@@PAU_CONTEXT@@PAXPBU_s_FuncInfo@@HH1@Z 1007fe43 f   LIBCMT:frame.obj
 0001:0007eeed       ?TypeMatch@@YAHPBU_s_HandlerType@@PBU_s_CatchableType@@PBU_s_ThrowInfo@@@Z 1007feed f   LIBCMT:frame.obj
 0001:0007efe8       ?FrameUnwindFilter@@YAHPAU_EXCEPTION_POINTERS@@@Z 1007ffe8 f   LIBCMT:frame.obj
 0001:0007effe       ?CatchIt@@YAXPAUEHExceptionRecord@@PAUEHRegistrationNode@@PAU_CONTEXT@@PAXPBU_s_FuncInfo@@PBU_s_HandlerType@@PBU_s_CatchableType@@PBU_s_TryBlockMapEntry@@H1E@Z 1007fffe f   LIBCMT:frame.obj
 0001:0007f079       ?CallCatchBlock@@YAPAXPAUEHExceptionRecord@@PAUEHRegistrationNode@@PAU_CONTEXT@@PBU_s_FuncInfo@@PAXHK@Z 10080079 f   LIBCMT:frame.obj
 0001:0007f194       ?ExFilterRethrow@@YAHPAU_EXCEPTION_POINTERS@@@Z 10080194 f   LIBCMT:frame.obj
 0001:0007f1be       ?BuildCatchObject@@YAXPAUEHExceptionRecord@@PAUEHRegistrationNode@@PBU_s_HandlerType@@PBU_s_CatchableType@@@Z 100801be f   LIBCMT:frame.obj
 0001:0007f3e9       ?AdjustPointer@@YAPAXPAXABUPMD@@@Z 100803e9 f   LIBCMT:frame.obj
 0001:0007e92e       __cftoe2                   1007f92e f   LIBCMT:cvt.obj
 0001:0007ea45       __cftof2                   1007fa45 f   LIBCMT:cvt.obj
 0001:0007ebd0       __shift                    1007fbd0 f   LIBCMT:cvt.obj
 0001:0007e68d       _write_char                1007f68d f   LIBCMT:output.obj
 0001:0007e6c2       _write_multi_char          1007f6c2 f   LIBCMT:output.obj
 0001:0007e6f3       _write_string              1007f6f3 f   LIBCMT:output.obj
 0001:0007e72b       _get_int_arg               1007f72b f   LIBCMT:output.obj
 0001:0007e738       _get_int64_arg             1007f738 f   LIBCMT:output.obj
 0001:0007e748       _get_short_arg             1007f748 f   LIBCMT:output.obj
 0001:0007db5a       _doexit                    1007eb5a f   LIBCMT:crt0dat.obj
 0001:0007dc11       __initterm                 1007ec11 f   LIBCMT:crt0dat.obj
 0001:0007d635       __setlocale_set_cat        1007e635 f   LIBCMT:setlocal.obj
 0001:0007d750       __setlocale_get_all        1007e750 f   LIBCMT:setlocal.obj
 0001:0007cbb0       _flsall                    1007dbb0 f   LIBCMT:fflush.obj
 0001:0007c430       LeadUp1                    1007d430 f   LIBCMT:memcpy.obj
 0001:0007c45c       LeadUp2                    1007d45c f   LIBCMT:memcpy.obj
 0001:0007c480       LeadUp3                    1007d480 f   LIBCMT:memcpy.obj
 0001:0007c4ff       UnwindUp0                  1007d4ff f   LIBCMT:memcpy.obj
 0001:0007c4ec       UnwindUp1                  1007d4ec f   LIBCMT:memcpy.obj
 0001:0007c4e4       UnwindUp2                  1007d4e4 f   LIBCMT:memcpy.obj
 0001:0007c4dc       UnwindUp3                  1007d4dc f   LIBCMT:memcpy.obj
 0001:0007c4d4       UnwindUp4                  1007d4d4 f   LIBCMT:memcpy.obj
 0001:0007c4cc       UnwindUp5                  1007d4cc f   LIBCMT:memcpy.obj
 0001:0007c4c4       UnwindUp6                  1007d4c4 f   LIBCMT:memcpy.obj
 0001:0007c4bc       UnwindUp7                  1007d4bc f   LIBCMT:memcpy.obj
 0001:0007c518       TrailUp0                   1007d518 f   LIBCMT:memcpy.obj
 0001:0007c520       TrailUp1                   1007d520 f   LIBCMT:memcpy.obj
 0001:0007c52c       TrailUp2                   1007d52c f   LIBCMT:memcpy.obj
 0001:0007c540       TrailUp3                   1007d540 f   LIBCMT:memcpy.obj
 0001:0007c5b8       LeadDown1                  1007d5b8 f   LIBCMT:memcpy.obj
 0001:0007c5d8       LeadDown2                  1007d5d8 f   LIBCMT:memcpy.obj
 0001:0007c600       LeadDown3                  1007d600 f   LIBCMT:memcpy.obj
 0001:0007c654       UnwindDown7                1007d654 f   LIBCMT:memcpy.obj
 0001:0007c65c       UnwindDown6                1007d65c f   LIBCMT:memcpy.obj
 0001:0007c664       UnwindDown5                1007d664 f   LIBCMT:memcpy.obj
 0001:0007c66c       UnwindDown4                1007d66c f   LIBCMT:memcpy.obj
 0001:0007c674       UnwindDown3                1007d674 f   LIBCMT:memcpy.obj
 0001:0007c67c       UnwindDown2                1007d67c f   LIBCMT:memcpy.obj
 0001:0007c684       UnwindDown1                1007d684 f   LIBCMT:memcpy.obj
 0001:0007c697       UnwindDown0                1007d697 f   LIBCMT:memcpy.obj
 0001:0007c6b0       TrailDown0                 1007d6b0 f   LIBCMT:memcpy.obj
 0001:0007c6b8       TrailDown1                 1007d6b8 f   LIBCMT:memcpy.obj
 0001:0007c6c8       TrailDown2                 1007d6c8 f   LIBCMT:memcpy.obj
 0001:0007c6dc       TrailDown3                 1007d6dc f   LIBCMT:memcpy.obj
 0001:0007b8d1       __make_time_t              1007c8d1 f   LIBCMT:mktime.obj
 0001:0007b5f0       LeadUp1                    1007c5f0 f   LIBCMT:memmove.obj
 0001:0007b61c       LeadUp2                    1007c61c f   LIBCMT:memmove.obj
 0001:0007b640       LeadUp3                    1007c640 f   LIBCMT:memmove.obj
 0001:0007b6bf       UnwindUp0                  1007c6bf f   LIBCMT:memmove.obj
 0001:0007b6ac       UnwindUp1                  1007c6ac f   LIBCMT:memmove.obj
 0001:0007b6a4       UnwindUp2                  1007c6a4 f   LIBCMT:memmove.obj
 0001:0007b69c       UnwindUp3                  1007c69c f   LIBCMT:memmove.obj
 0001:0007b694       UnwindUp4                  1007c694 f   LIBCMT:memmove.obj
 0001:0007b68c       UnwindUp5                  1007c68c f   LIBCMT:memmove.obj
 0001:0007b684       UnwindUp6                  1007c684 f   LIBCMT:memmove.obj
 0001:0007b67c       UnwindUp7                  1007c67c f   LIBCMT:memmove.obj
 0001:0007b6d8       TrailUp0                   1007c6d8 f   LIBCMT:memmove.obj
 0001:0007b6e0       TrailUp1                   1007c6e0 f   LIBCMT:memmove.obj
 0001:0007b6ec       TrailUp2                   1007c6ec f   LIBCMT:memmove.obj
 0001:0007b700       TrailUp3                   1007c700 f   LIBCMT:memmove.obj
 0001:0007b778       LeadDown1                  1007c778 f   LIBCMT:memmove.obj
 0001:0007b798       LeadDown2                  1007c798 f   LIBCMT:memmove.obj
 0001:0007b7c0       LeadDown3                  1007c7c0 f   LIBCMT:memmove.obj
 0001:0007b814       UnwindDown7                1007c814 f   LIBCMT:memmove.obj
 0001:0007b81c       UnwindDown6                1007c81c f   LIBCMT:memmove.obj
 0001:0007b824       UnwindDown5                1007c824 f   LIBCMT:memmove.obj
 0001:0007b82c       UnwindDown4                1007c82c f   LIBCMT:memmove.obj
 0001:0007b834       UnwindDown3                1007c834 f   LIBCMT:memmove.obj
 0001:0007b83c       UnwindDown2                1007c83c f   LIBCMT:memmove.obj
 0001:0007b844       UnwindDown1                1007c844 f   LIBCMT:memmove.obj
 0001:0007b857       UnwindDown0                1007c857 f   LIBCMT:memmove.obj
 0001:0007b870       TrailDown0                 1007c870 f   LIBCMT:memmove.obj
 0001:0007b878       TrailDown1                 1007c878 f   LIBCMT:memmove.obj
 0001:0007b888       TrailDown2                 1007c888 f   LIBCMT:memmove.obj
 0001:0007b89c       TrailDown3                 1007c89c f   LIBCMT:memmove.obj
 0001:0007afce       ?ArrayUnwindFilter@@YAHPAU_EXCEPTION_POINTERS@@@Z 1007bfce f   LIBCMT:ehvecdtr.obj
 0001:0007ad98       _gu_return                 1007bd98 f   LIBCMT:exsup.obj
 0001:0007ada0       __unwind_handler           1007bda0 f   LIBCMT:exsup.obj
 0001:0007abb3       ?CatchGuardHandler@@YA?AW4_EXCEPTION_DISPOSITION@@PAUEHExceptionRecord@@PAUCatchGuardRN@@PAX2@Z 1007bbb3 f   LIBCMT:trnsctrl.obj
 0001:0007ac8e       ?TranslatorGuardHandler@@YA?AW4_EXCEPTION_DISPOSITION@@PAUEHExceptionRecord@@PAUTranslatorGuardRN@@PAX2@Z 1007bc8e f   LIBCMT:trnsctrl.obj
 0001:00088cdc       _$E4                       10089cdc f   comsupp:comutil.obj
 0001:00088ce6       _$E1                       10089ce6 f   comsupp:comutil.obj
 0001:00088cf8       _$E3                       10089cf8 f   comsupp:comutil.obj
 0001:00088d04       _$E2                       10089d04 f   comsupp:comutil.obj
 0001:0008870b       ?_com_invoke_helper@@YAJPAUIDispatch@@JGGPAXPBGPADPAPAUIErrorInfo@@@Z 1008970b f   comsupp:comsupp.obj
