 Bishop

 Timestamp is 6961341e (Fri Jan 09 12:00:14 2026)

 Preferred load address is 00400000

 Start         Length     Name                   Class
 0001:00000000 0003de2eH .text                   CODE
 0001:0003de30 0000366eH .text$x                 CODE
 0002:00000000 00000260H .idata$5                DATA
 0002:00000260 0000196cH .rdata                  DATA
 0002:00001bd0 0000122cH .rdata$r                DATA
 0002:00002e00 00005b40H .xdata$x                DATA
 0002:00008940 000000a0H .idata$2                DATA
 0002:000089e0 00000014H .idata$3                DATA
 0002:000089f4 00000260H .idata$4                DATA
 0002:00008c54 00000a10H .idata$6                DATA
 0002:00009664 00000000H .edata                  DATA
 0003:00000000 00000004H .CRT$XCA                DATA
 0003:00000004 0000012cH .CRT$XCU                DATA
 0003:00000130 00000004H .CRT$XCZ                DATA
 0003:00000134 00000004H .CRT$XIA                DATA
 0003:00000138 0000000cH .CRT$XIC                DATA
 0003:00000144 00000004H .CRT$XIY                DATA
 0003:00000148 00000004H .CRT$XIZ                DATA
 0003:0000014c 00000004H .CRT$XPA                DATA
 0003:00000150 00000004H .CRT$XPX                DATA
 0003:00000154 00000004H .CRT$XPZ                DATA
 0003:00000158 00000004H .CRT$XTA                DATA
 0003:0000015c 00000004H .CRT$XTB                DATA
 0003:00000160 00000004H .CRT$XTZ                DATA
 0003:00000170 00004430H .data                   DATA
 0003:000045a0 00002310H .bss                    DATA
 0004:00000000 000002c8H .rsrc$01                DATA
 0004:000002d0 00006d90H .rsrc$02                DATA

  Address         Publics by Value              Rva+Base     Lib:Object

 0001:00000050       ??0CBishopApp@@QAE@XZ      00401050 f   Application.obj
 0001:00000070       ??_GCBishopApp@@UAEPAXI@Z  00401070 f i Application.obj
 0001:00000070       ??_ECBishopApp@@UAEPAXI@Z  00401070 f i Application.obj
 0001:00000090       ??0CBishopApp@@QAE@PAUHINSTANCE__@@@Z 00401090 f   Application.obj
 0001:000000c0       ??1CBishopApp@@UAE@XZ      004010c0 f   Application.obj
 0001:000000d0       ?Run@CBishopApp@@QAEHXZ    004010d0 f   Application.obj
 0001:00000170       ?LoginSystem@CBishopApp@@IAE_NXZ 00401170 f   Application.obj
 0001:000001a0       ?LoginDlgProc@CBishopApp@@KGHPAUHWND__@@IIJ@Z 004011a0 f   Application.obj
 0001:000003b0       ?EnterToAffirm@CBishopApp@@KAXPAUHWND__@@@Z 004013b0 f   Application.obj
 0001:00000420       ?LeaveToAffirm@CBishopApp@@KAXPAUHWND__@@@Z 00401420 f   Application.obj
 0001:00000480       ?CheckUserInfo@CBishopApp@@KA_NPAUHWND__@@@Z 00401480 f   Application.obj
 0001:00000580       ?ServerLoginRoutine@CBishopApp@@KGKPAUHWND__@@@Z 00401580 f   Application.obj
 0001:00000620       ?RegisterMainWndClass@CBishopApp@@IAEHXZ 00401620 f   Application.obj
 0001:000006d0       ?MainDialog@CBishopApp@@IAEIXZ 004016d0 f   Application.obj
 0001:00000780       ?MainWndProc@CBishopApp@@KGHPAUHWND__@@IIJ@Z 00401780 f   Application.obj
 0001:00000cb0       ?AddGameServerInfo@CBishopApp@@CAXPAUHWND__@@IPBD@Z 00401cb0 f   Application.obj
 0001:00000d10       ?DelGameServerInfo@CBishopApp@@CAXPAUHWND__@@I@Z 00401d10 f   Application.obj
 0001:00000d90       ?InitMainDlg@CBishopApp@@KAXPAUHWND__@@@Z 00401d90 f   Application.obj
 0001:00000e50       ?CloseMainDlg@CBishopApp@@KAXPAUHWND__@@@Z 00401e50 f   Application.obj
 0001:00000e70       ?UpdateVariable@CBishopApp@@KAXPAUHWND__@@@Z 00401e70 f   Application.obj
 0001:00000f50       ?EnableGameSvrCtrl@CBishopApp@@KAXPAUHWND__@@H@Z 00401f50 f   Application.obj
 0001:00000fd0       ?EnableCtrl@CBishopApp@@KAXPAUHWND__@@IH@Z 00401fd0 f   Application.obj
 0001:00001000       ?SendAnnounceText@CBishopApp@@KAXPAUHWND__@@PBDIIH@Z 00402000 f   Application.obj
 0001:000010d0       ?_Grow@?$basic_string@DU?$char_traits@D@std@@V?$allocator@D@2@@std@@AAE_NI_N@Z 004020d0 f i Application.obj
 0001:000011f0       ?_Copy@?$basic_string@DU?$char_traits@D@std@@V?$allocator@D@2@@std@@AAEXI@Z 004021f0 f i Application.obj
 0001:00001330       ?id@?$ctype@G@std@@$E      00402330 f i Application.obj
 0001:00001340       _WinMain@16                00402340 f   Bishop.obj
 0001:000013a0       ??0CEvent@Win32@OnlineGameLib@@QAE@PAU_SECURITY_ATTRIBUTES@@_N1@Z 004023a0 f   Event.obj
 0001:000014b0       ??1CWin32Exception@Win32@OnlineGameLib@@UAE@XZ 004024b0 f i Event.obj
 0001:00001530       ??_ECException@Win32@OnlineGameLib@@UAEPAXI@Z 00402530 f i Event.obj
 0001:00001530       ??_GCException@Win32@OnlineGameLib@@UAEPAXI@Z 00402530 f i Event.obj
 0001:00001550       ??1CException@Win32@OnlineGameLib@@UAE@XZ 00402550 f i Event.obj
 0001:000015d0       ??0CWin32Exception@Win32@OnlineGameLib@@QAE@ABV012@@Z 004025d0 f i Event.obj
 0001:00001710       ??0CException@Win32@OnlineGameLib@@QAE@ABV012@@Z 00402710 f i Event.obj
 0001:00001850       ??_GCWin32Exception@Win32@OnlineGameLib@@UAEPAXI@Z 00402850 f i Event.obj
 0001:00001850       ??_ECWin32Exception@Win32@OnlineGameLib@@UAEPAXI@Z 00402850 f i Event.obj
 0001:00001870       ??_GCEvent@Win32@OnlineGameLib@@UAEPAXI@Z 00402870 f i Event.obj
 0001:00001870       ??_ECEvent@Win32@OnlineGameLib@@UAEPAXI@Z 00402870 f i Event.obj
 0001:00001890       ??0CEvent@Win32@OnlineGameLib@@QAE@PAU_SECURITY_ATTRIBUTES@@_N1PBD@Z 00402890 f   Event.obj
 0001:000018c0       ??1CEvent@Win32@OnlineGameLib@@UAE@XZ 004028c0 f   Event.obj
 0001:000018e0       ?Wait@CEvent@Win32@OnlineGameLib@@QBEXXZ 004028e0 f   Event.obj
 0001:000019e0       ?Wait@CEvent@Win32@OnlineGameLib@@QBE_NK@Z 004029e0 f   Event.obj
 0001:00001ad0       ?Reset@CEvent@Win32@OnlineGameLib@@QAEXXZ 00402ad0 f   Event.obj
 0001:00001ba0       ?Set@CEvent@Win32@OnlineGameLib@@QAEXXZ 00402ba0 f   Event.obj
 0001:00001c70       ?Pulse@CEvent@Win32@OnlineGameLib@@QAEXXZ 00402c70 f   Event.obj
 0001:00001d40       ??1?$basic_string@DU?$char_traits@D@std@@V?$allocator@D@2@@std@@QAE@XZ 00402d40 f i Event.obj
 0001:00001d80       ?assign@?$basic_string@DU?$char_traits@D@std@@V?$allocator@D@2@@std@@QAEAAV12@ABV12@II@Z 00402d80 f i Event.obj
 0001:00001f80       ?_Tidy@?$basic_string@DU?$char_traits@D@std@@V?$allocator@D@2@@std@@AAEX_N@Z 00402f80 f i Event.obj
 0001:00001fd0       ?assign@?$basic_string@DU?$char_traits@D@std@@V?$allocator@D@2@@std@@QAEAAV12@PBDI@Z 00402fd0 f i Event.obj
 0001:00002070       ?erase@?$basic_string@DU?$char_traits@D@std@@V?$allocator@D@2@@std@@QAEAAV12@II@Z 00403070 f i Event.obj
 0001:00002190       ?_Eos@?$basic_string@DU?$char_traits@D@std@@V?$allocator@D@2@@std@@AAEXI@Z 00403190 f i Event.obj
 0001:000021b0       ?max_size@?$basic_string@DU?$char_traits@D@std@@V?$allocator@D@2@@std@@QBEIXZ 004031b0 f i Event.obj
 0001:000021c0       ?_Split@?$basic_string@DU?$char_traits@D@std@@V?$allocator@D@2@@std@@AAEXXZ 004031c0 f i Event.obj
 0001:00002350       ??1?$set@V?$basic_string@DU?$char_traits@D@std@@V?$allocator@D@2@@std@@U?$less@V?$basic_string@DU?$char_traits@D@std@@V?$allocator@D@2@@std@@@2@V?$allocator@V?$basic_string@DU?$char_traits@D@std@@V?$allocator@D@2@@std@@@2@@std@@QAE@XZ 00403350 f i GamePlayer.obj
 0001:000024d0       ??1?$map@V?$basic_string@DU?$char_traits@D@std@@V?$allocator@D@2@@std@@PAVIPlayer@@U?$less@V?$basic_string@DU?$char_traits@D@std@@V?$allocator@D@2@@std@@@2@V?$allocator@PAVIPlayer@@@2@@std@@QAE@XZ 004034d0 f i GamePlayer.obj
 0001:00002660       ?SetupGlobalAllocator@CGamePlayer@@SA_NII@Z 00403660 f   GamePlayer.obj
 0001:00002680       ??0CTask@CGamePlayer@@IAE@XZ 00403680 f   GamePlayer.obj
 0001:000026a0       ??1CTask@CGamePlayer@@QAE@XZ 004036a0 f   GamePlayer.obj
 0001:00002760       ??0CTask@CGamePlayer@@QAE@PAV1@I@Z 00403760 f   GamePlayer.obj
 0001:00002790       ?AddCmd@CTask@CGamePlayer@@QAEIP82@AEIXZ@Z 00403790 f   GamePlayer.obj
 0001:000027f0       ?Execute@CTask@CGamePlayer@@QAEIXZ 004037f0 f   GamePlayer.obj
 0001:00002870       ??0CDataQueue@CGamePlayer@@QAE@II@Z 00403870 f   GamePlayer.obj
 0001:00002960       ??1?$map@JPAVCBuffer@Win32@OnlineGameLib@@U?$less@J@std@@V?$allocator@PAVCBuffer@Win32@OnlineGameLib@@@5@@std@@QAE@XZ 00403960 f i GamePlayer.obj
 0001:000029d0       ??1CDataQueue@CGamePlayer@@QAE@XZ 004039d0 f   GamePlayer.obj
 0001:00002a90       ??1CCriticalSection@Win32@OnlineGameLib@@QAE@XZ 00403a90 f i GamePlayer.obj
 0001:00002aa0       ?Empty@CDataQueue@CGamePlayer@@QAEXXZ 00403aa0 f   GamePlayer.obj
 0001:00002b50       ??1Owner@CCriticalSection@Win32@OnlineGameLib@@QAE@XZ 00403b50 f i GamePlayer.obj
 0001:00002b60       ?AddData@CDataQueue@CGamePlayer@@QAE_NJPBEI@Z 00403b60 f   GamePlayer.obj
 0001:00002cb0       ?Attach@CDataQueue@CGamePlayer@@QAEPAVCBuffer@Win32@OnlineGameLib@@J@Z 00403cb0 f   GamePlayer.obj
 0001:00002d70       ?Detach@CDataQueue@CGamePlayer@@QAEXJ@Z 00403d70 f   GamePlayer.obj
 0001:00002d80       ?Clear@CDataQueue@CGamePlayer@@QAEXJ@Z 00403d80 f   GamePlayer.obj
 0001:00002e40       ??0CGamePlayer@@QAE@I@Z    00403e40 f   GamePlayer.obj
 0001:00003020       ??1IPlayer@@UAE@XZ         00404020 f i GamePlayer.obj
 0001:00003030       ??_GIPlayer@@UAEPAXI@Z     00404030 f i GamePlayer.obj
 0001:00003030       ??_EIPlayer@@UAEPAXI@Z     00404030 f i GamePlayer.obj
 0001:00003050       ?IsActive@CGamePlayer@@UAE_NXZ 00404050 f i GamePlayer.obj
 0001:00003060       ??_ECGamePlayer@@UAEPAXI@Z 00404060 f i GamePlayer.obj
 0001:00003060       ??_GCGamePlayer@@UAEPAXI@Z 00404060 f i GamePlayer.obj
 0001:00003080       ??_FCDataQueue@CGamePlayer@@QAEXXZ 00404080 f i GamePlayer.obj
 0001:00003090       ??1CGamePlayer@@UAE@XZ     00404090 f   GamePlayer.obj
 0001:000032a0       ?Active@CGamePlayer@@UAE_NXZ 004042a0 f   GamePlayer.obj
 0001:000032f0       ?Inactive@CGamePlayer@@UAE_NXZ 004042f0 f   GamePlayer.obj
 0001:00003e40       ?SafeClose@CGamePlayer@@IAEIXZ 00404e40 f   GamePlayer.obj
 0001:00003e50       ?_UnlockAccount@CGamePlayer@@IAE_NXZ 00404e50 f   GamePlayer.obj
 0001:00003f50       ?ATTACH_NETWORK@CGamePlayer@@SAXPAUIClient@@PAUIServer@@0@Z 00404f50 f   GamePlayer.obj
 0001:00003f70       ?DETACH_NETWORK@CGamePlayer@@SAXXZ 00404f70 f   GamePlayer.obj
 0001:00003ff0       ?DispatchTask@CGamePlayer@@UAE_NI@Z 00404ff0 f   GamePlayer.obj
 0001:00004020       ?IsWorking@CGamePlayer@@UAE_NXZ 00405020 f   GamePlayer.obj
 0001:00004040       ?Run@CGamePlayer@@UAE_NXZ  00405040 f   GamePlayer.obj
 0001:000043d0       ?AppendData@CGamePlayer@@UAE_NIPBXI@Z 004053d0 f   GamePlayer.obj
 0001:00004430       ?SmallPackProcess@CGamePlayer@@IAE_NIPBXI@Z 00405430 f   GamePlayer.obj
 0001:00004480       ?LargePackProcess@CGamePlayer@@IAE_NIPBXI@Z 00405480 f   GamePlayer.obj
 0001:00004520       ?DispatchTaskForAccount@CGamePlayer@@IAE_NPBXI@Z 00405520 f   GamePlayer.obj
 0001:00004560       ?DispatchTaskForDBRole@CGamePlayer@@IAE_NPBXI@Z 00405560 f   GamePlayer.obj
 0001:000045a0       ?DispatchTaskForPlayer@CGamePlayer@@IAE_NPBXI@Z 004055a0 f   GamePlayer.obj
 0001:000045e0       ?_ClearTaskQueue@CGamePlayer@@IAEXXZ 004055e0 f   GamePlayer.obj
 0001:00004610       ?InitTaskProcessor@CGamePlayer@@AAEXXZ 00405610 f   GamePlayer.obj
 0001:000046e0       ?TaskCompleted@CGamePlayer@@IAE_NXZ 004056e0 f   GamePlayer.obj
 0001:00004800       ?WaitForAccPwd@CGamePlayer@@IAEIXZ 00405800 f   GamePlayer.obj
 0001:000050b0       ?QueryAccPwd@CGamePlayer@@IAEIXZ 004060b0 f   GamePlayer.obj
 0001:000052f0       ?VerifyAccount@CGamePlayer@@IAEIXZ 004062f0 f   GamePlayer.obj
 0001:00005820       ?_VerifyAccount_ToPlayer@CGamePlayer@@IAE_NIK@Z 00406820 f   GamePlayer.obj
 0001:000059c0       ?QueryRoleList@CGamePlayer@@IAEIXZ 004069c0 f   GamePlayer.obj
 0001:00005ae0       ?ProcessRoleList@CGamePlayer@@IAEIXZ 00406ae0 f   GamePlayer.obj
 0001:00005c20       ?SelAddDelRole@CGamePlayer@@IAEIXZ 00406c20 f   GamePlayer.obj
 0001:00005e90       ?DelRole_WaitForVerify@CGamePlayer@@IAEIXZ 00406e90 f   GamePlayer.obj
 0001:00006040       ?WaitForCreateResult@CGamePlayer@@IAEIXZ 00407040 f   GamePlayer.obj
 0001:00006140       ?WaitForDeleteResult@CGamePlayer@@IAEIXZ 00407140 f   GamePlayer.obj
 0001:00006240       ?_QueryRoleInfo_ToDBRole@CGamePlayer@@IAE_NPBD_N@Z 00407240 f   GamePlayer.obj
 0001:00006330       ?_CreateNewPlayer_ToDBRole@CGamePlayer@@IAE_NPBDHHG@Z 00407330 f   GamePlayer.obj
 0001:00006540       ?_DeleteRole_ToDBRole@CGamePlayer@@IAEIPBXI@Z 00407540 f   GamePlayer.obj
 0001:00006760       ?QueryAccExt@CGamePlayer@@IAEIXZ 00407760 f   GamePlayer.obj
 0001:00006860       ?VerifyAccExt@CGamePlayer@@IAEIXZ 00407860 f   GamePlayer.obj
 0001:00006930       ?ProcessRoleInfo@CGamePlayer@@IAEIXZ 00407930 f   GamePlayer.obj
 0001:00006aa0       ?_SyncRoleInfo_ToGameServer@CGamePlayer@@IAE_NPBXI@Z 00407aa0 f   GamePlayer.obj
 0001:00006fd0       ?WaitForGameSvrPermit@CGamePlayer@@IAEIXZ 00407fd0 f   GamePlayer.obj
 0001:000071f0       ?Attach@CGamePlayer@@UAE_NPBD@Z 004081f0 f   GamePlayer.obj
 0001:000072c0       ?Add@CGamePlayer@@SA_NPBDPAVIPlayer@@@Z 004082c0 f   GamePlayer.obj
 0001:00007460       ??1?$pair@$$CBV?$basic_string@DU?$char_traits@D@std@@V?$allocator@D@2@@std@@PAVIPlayer@@@std@@QAE@XZ 00408460 f i GamePlayer.obj
 0001:000074a0       ?Del@CGamePlayer@@SA_NPBD@Z 004084a0 f   GamePlayer.obj
 0001:000075e0       ?Get@CGamePlayer@@SAPAVIPlayer@@PBD@Z 004085e0 f   GamePlayer.obj
 0001:00007750       ??0?$set@V?$basic_string@DU?$char_traits@D@std@@V?$allocator@D@2@@std@@U?$less@V?$basic_string@DU?$char_traits@D@std@@V?$allocator@D@2@@std@@@2@V?$allocator@V?$basic_string@DU?$char_traits@D@std@@V?$allocator@D@2@@std@@@2@@std@@QAE@ABU?$less@V?$basic_string@DU?$char_traits@D@std@@V?$allocator@D@2@@std@@@1@ABV?$allocator@V?$basic_string@DU?$char_traits@D@std@@V?$allocator@D@2@@std@@@1@@Z 00408750 f i GamePlayer.obj
 0001:00007820       ??1?$vector@PAVICommand@@V?$allocator@PAVICommand@@@std@@@std@@QAE@XZ 00408820 f i GamePlayer.obj
 0001:00007850       ??0?$map@V?$basic_string@DU?$char_traits@D@std@@V?$allocator@D@2@@std@@PAVIPlayer@@U?$less@V?$basic_string@DU?$char_traits@D@std@@V?$allocator@D@2@@std@@@2@V?$allocator@PAVIPlayer@@@2@@std@@QAE@ABU?$less@V?$basic_string@DU?$char_traits@D@std@@V?$allocator@D@2@@std@@@1@ABV?$allocator@PAVIPlayer@@@1@@Z 00408850 f i GamePlayer.obj
 0001:00007920       ?insert@?$_Tree@V?$basic_string@DU?$char_traits@D@std@@V?$allocator@D@2@@std@@V12@U_Kfn@?$set@V?$basic_string@DU?$char_traits@D@std@@V?$allocator@D@2@@std@@U?$less@V?$basic_string@DU?$char_traits@D@std@@V?$allocator@D@2@@std@@@2@V?$allocator@V?$basic_string@DU?$char_traits@D@std@@V?$allocator@D@2@@std@@@2@@2@U?$less@V?$basic_string@DU?$char_traits@D@std@@V?$allocator@D@2@@std@@@2@V?$allocator@V?$basic_string@DU?$char_traits@D@std@@V?$allocator@D@2@@std@@@2@@std@@QAE?AU?$pair@Viterator@?$_Tree@V?$basic_string@DU?$char_traits@D@std@@V?$allocator@D@2@@std@@V12@U_Kfn@?$set@V?$basic_string@DU?$char_traits@D@std@@V?$allocator@D@2@@std@@U?$less@V?$basic_string@DU?$char_traits@D@std@@V?$allocator@D@2@@std@@@2@V?$allocator@V?$basic_string@DU?$char_traits@D@std@@V?$allocator@D@2@@std@@@2@@2@U?$less@V?$basic_string@DU?$char_traits@D@std@@V?$allocator@D@2@@std@@@2@V?$allocator@V?$basic_string@DU?$char_traits@D@std@@V?$allocator@D@2@@std@@@2@@std@@_N@2@ABV?$basic_string@DU?$char_traits@D@std@@V?$allocator@D@2@@2@@Z 00408920 f i GamePlayer.obj
 0001:00007a90       ?compare@?$basic_string@DU?$char_traits@D@std@@V?$allocator@D@2@@std@@QBEHIIPBDI@Z 00408a90 f i GamePlayer.obj
 0001:00007b00       ?erase@?$_Tree@V?$basic_string@DU?$char_traits@D@std@@V?$allocator@D@2@@std@@V12@U_Kfn@?$set@V?$basic_string@DU?$char_traits@D@std@@V?$allocator@D@2@@std@@U?$less@V?$basic_string@DU?$char_traits@D@std@@V?$allocator@D@2@@std@@@2@V?$allocator@V?$basic_string@DU?$char_traits@D@std@@V?$allocator@D@2@@std@@@2@@2@U?$less@V?$basic_string@DU?$char_traits@D@std@@V?$allocator@D@2@@std@@@2@V?$allocator@V?$basic_string@DU?$char_traits@D@std@@V?$allocator@D@2@@std@@@2@@std@@QAE?AViterator@12@V312@@Z 00408b00 f i GamePlayer.obj
 0001:00008030       ?erase@?$_Tree@V?$basic_string@DU?$char_traits@D@std@@V?$allocator@D@2@@std@@V12@U_Kfn@?$set@V?$basic_string@DU?$char_traits@D@std@@V?$allocator@D@2@@std@@U?$less@V?$basic_string@DU?$char_traits@D@std@@V?$allocator@D@2@@std@@@2@V?$allocator@V?$basic_string@DU?$char_traits@D@std@@V?$allocator@D@2@@std@@@2@@2@U?$less@V?$basic_string@DU?$char_traits@D@std@@V?$allocator@D@2@@std@@@2@V?$allocator@V?$basic_string@DU?$char_traits@D@std@@V?$allocator@D@2@@std@@@2@@std@@QAE?AViterator@12@V312@0@Z 00409030 f i GamePlayer.obj
 0001:00008170       ?find@?$_Tree@V?$basic_string@DU?$char_traits@D@std@@V?$allocator@D@2@@std@@V12@U_Kfn@?$set@V?$basic_string@DU?$char_traits@D@std@@V?$allocator@D@2@@std@@U?$less@V?$basic_string@DU?$char_traits@D@std@@V?$allocator@D@2@@std@@@2@V?$allocator@V?$basic_string@DU?$char_traits@D@std@@V?$allocator@D@2@@std@@@2@@2@U?$less@V?$basic_string@DU?$char_traits@D@std@@V?$allocator@D@2@@std@@@2@V?$allocator@V?$basic_string@DU?$char_traits@D@std@@V?$allocator@D@2@@std@@@2@@std@@QAE?AViterator@12@ABV?$basic_string@DU?$char_traits@D@std@@V?$allocator@D@2@@2@@Z 00409170 f i GamePlayer.obj
 0001:00008200       ?insert@?$_Tree@V?$basic_string@DU?$char_traits@D@std@@V?$allocator@D@2@@std@@U?$pair@$$CBV?$basic_string@DU?$char_traits@D@std@@V?$allocator@D@2@@std@@PAVIPlayer@@@2@U_Kfn@?$map@V?$basic_string@DU?$char_traits@D@std@@V?$allocator@D@2@@std@@PAVIPlayer@@U?$less@V?$basic_string@DU?$char_traits@D@std@@V?$allocator@D@2@@std@@@2@V?$allocator@PAVIPlayer@@@2@@2@U?$less@V?$basic_string@DU?$char_traits@D@std@@V?$allocator@D@2@@std@@@2@V?$allocator@PAVIPlayer@@@2@@std@@QAE?AU?$pair@Viterator@?$_Tree@V?$basic_string@DU?$char_traits@D@std@@V?$allocator@D@2@@std@@U?$pair@$$CBV?$basic_string@DU?$char_traits@D@std@@V?$allocator@D@2@@std@@PAVIPlayer@@@2@U_Kfn@?$map@V?$basic_string@DU?$char_traits@D@std@@V?$allocator@D@2@@std@@PAVIPlayer@@U?$less@V?$basic_string@DU?$char_traits@D@std@@V?$allocator@D@2@@std@@@2@V?$allocator@PAVIPlayer@@@2@@2@U?$less@V?$basic_string@DU?$char_traits@D@std@@V?$allocator@D@2@@std@@@2@V?$allocator@PAVIPlayer@@@2@@std@@_N@2@ABU?$pair@$$CBV?$basic_string@DU?$char_traits@D@std@@V?$allocator@D@2@@std@@PAVIPlayer@@@2@@Z 00409200 f i GamePlayer.obj
 0001:00008370       ?erase@?$_Tree@V?$basic_string@DU?$char_traits@D@std@@V?$allocator@D@2@@std@@U?$pair@$$CBV?$basic_string@DU?$char_traits@D@std@@V?$allocator@D@2@@std@@PAVIPlayer@@@2@U_Kfn@?$map@V?$basic_string@DU?$char_traits@D@std@@V?$allocator@D@2@@std@@PAVIPlayer@@U?$less@V?$basic_string@DU?$char_traits@D@std@@V?$allocator@D@2@@std@@@2@V?$allocator@PAVIPlayer@@@2@@2@U?$less@V?$basic_string@DU?$char_traits@D@std@@V?$allocator@D@2@@std@@@2@V?$allocator@PAVIPlayer@@@2@@std@@QAE?AViterator@12@V312@@Z 00409370 f i GamePlayer.obj
 0001:000088a0       ?erase@?$_Tree@V?$basic_string@DU?$char_traits@D@std@@V?$allocator@D@2@@std@@U?$pair@$$CBV?$basic_string@DU?$char_traits@D@std@@V?$allocator@D@2@@std@@PAVIPlayer@@@2@U_Kfn@?$map@V?$basic_string@DU?$char_traits@D@std@@V?$allocator@D@2@@std@@PAVIPlayer@@U?$less@V?$basic_string@DU?$char_traits@D@std@@V?$allocator@D@2@@std@@@2@V?$allocator@PAVIPlayer@@@2@@2@U?$less@V?$basic_string@DU?$char_traits@D@std@@V?$allocator@D@2@@std@@@2@V?$allocator@PAVIPlayer@@@2@@std@@QAE?AViterator@12@V312@0@Z 004098a0 f i GamePlayer.obj
 0001:000089e0       ?find@?$_Tree@V?$basic_string@DU?$char_traits@D@std@@V?$allocator@D@2@@std@@U?$pair@$$CBV?$basic_string@DU?$char_traits@D@std@@V?$allocator@D@2@@std@@PAVIPlayer@@@2@U_Kfn@?$map@V?$basic_string@DU?$char_traits@D@std@@V?$allocator@D@2@@std@@PAVIPlayer@@U?$less@V?$basic_string@DU?$char_traits@D@std@@V?$allocator@D@2@@std@@@2@V?$allocator@PAVIPlayer@@@2@@2@U?$less@V?$basic_string@DU?$char_traits@D@std@@V?$allocator@D@2@@std@@@2@V?$allocator@PAVIPlayer@@@2@@std@@QAE?AViterator@12@ABV?$basic_string@DU?$char_traits@D@std@@V?$allocator@D@2@@2@@Z 004099e0 f i GamePlayer.obj
 0001:00008a70       ?insert@?$_Tree@JU?$pair@$$CBJPAVCBuffer@Win32@OnlineGameLib@@@std@@U_Kfn@?$map@JPAVCBuffer@Win32@OnlineGameLib@@U?$less@J@std@@V?$allocator@PAVCBuffer@Win32@OnlineGameLib@@@5@@2@U?$less@J@2@V?$allocator@PAVCBuffer@Win32@OnlineGameLib@@@2@@std@@QAE?AU?$pair@Viterator@?$_Tree@JU?$pair@$$CBJPAVCBuffer@Win32@OnlineGameLib@@@std@@U_Kfn@?$map@JPAVCBuffer@Win32@OnlineGameLib@@U?$less@J@std@@V?$allocator@PAVCBuffer@Win32@OnlineGameLib@@@5@@2@U?$less@J@2@V?$allocator@PAVCBuffer@Win32@OnlineGameLib@@@2@@std@@_N@2@ABU?$pair@$$CBJPAVCBuffer@Win32@OnlineGameLib@@@2@@Z 00409a70 f i GamePlayer.obj
 0001:00008ba0       ?erase@?$_Tree@JU?$pair@$$CBJPAVCBuffer@Win32@OnlineGameLib@@@std@@U_Kfn@?$map@JPAVCBuffer@Win32@OnlineGameLib@@U?$less@J@std@@V?$allocator@PAVCBuffer@Win32@OnlineGameLib@@@5@@2@U?$less@J@2@V?$allocator@PAVCBuffer@Win32@OnlineGameLib@@@2@@std@@QAE?AViterator@12@V312@@Z 00409ba0 f i GamePlayer.obj
 0001:000090c0       ?erase@?$_Tree@JU?$pair@$$CBJPAVCBuffer@Win32@OnlineGameLib@@@std@@U_Kfn@?$map@JPAVCBuffer@Win32@OnlineGameLib@@U?$less@J@std@@V?$allocator@PAVCBuffer@Win32@OnlineGameLib@@@5@@2@U?$less@J@2@V?$allocator@PAVCBuffer@Win32@OnlineGameLib@@@2@@std@@QAE?AViterator@12@V312@0@Z 0040a0c0 f i GamePlayer.obj
 0001:000091f0       ??0?$pair@Viterator@?$_Tree@V?$basic_string@DU?$char_traits@D@std@@V?$allocator@D@2@@std@@V12@U_Kfn@?$set@V?$basic_string@DU?$char_traits@D@std@@V?$allocator@D@2@@std@@U?$less@V?$basic_string@DU?$char_traits@D@std@@V?$allocator@D@2@@std@@@2@V?$allocator@V?$basic_string@DU?$char_traits@D@std@@V?$allocator@D@2@@std@@@2@@2@U?$less@V?$basic_string@DU?$char_traits@D@std@@V?$allocator@D@2@@std@@@2@V?$allocator@V?$basic_string@DU?$char_traits@D@std@@V?$allocator@D@2@@std@@@2@@std@@_N@std@@QAE@ABViterator@?$_Tree@V?$basic_string@DU?$char_traits@D@std@@V?$allocator@D@2@@std@@V12@U_Kfn@?$set@V?$basic_string@DU?$char_traits@D@std@@V?$allocator@D@2@@std@@U?$less@V?$basic_string@DU?$char_traits@D@std@@V?$allocator@D@2@@std@@@2@V?$allocator@V?$basic_string@DU?$char_traits@D@std@@V?$allocator@D@2@@std@@@2@@2@U?$less@V?$basic_string@DU?$char_traits@D@std@@V?$allocator@D@2@@std@@@2@V?$allocator@V?$basic_string@DU?$char_traits@D@std@@V?$allocator@D@2@@std@@@2@@1@AB_N@Z 0040a1f0 f i GamePlayer.obj
 0001:00009210       ??0?$pair@Viterator@?$_Tree@V?$basic_string@DU?$char_traits@D@std@@V?$allocator@D@2@@std@@U?$pair@$$CBV?$basic_string@DU?$char_traits@D@std@@V?$allocator@D@2@@std@@PAVIPlayer@@@2@U_Kfn@?$map@V?$basic_string@DU?$char_traits@D@std@@V?$allocator@D@2@@std@@PAVIPlayer@@U?$less@V?$basic_string@DU?$char_traits@D@std@@V?$allocator@D@2@@std@@@2@V?$allocator@PAVIPlayer@@@2@@2@U?$less@V?$basic_string@DU?$char_traits@D@std@@V?$allocator@D@2@@std@@@2@V?$allocator@PAVIPlayer@@@2@@std@@_N@std@@QAE@ABViterator@?$_Tree@V?$basic_string@DU?$char_traits@D@std@@V?$allocator@D@2@@std@@U?$pair@$$CBV?$basic_string@DU?$char_traits@D@std@@V?$allocator@D@2@@std@@PAVIPlayer@@@2@U_Kfn@?$map@V?$basic_string@DU?$char_traits@D@std@@V?$allocator@D@2@@std@@PAVIPlayer@@U?$less@V?$basic_string@DU?$char_traits@D@std@@V?$allocator@D@2@@std@@@2@V?$allocator@PAVIPlayer@@@2@@2@U?$less@V?$basic_string@DU?$char_traits@D@std@@V?$allocator@D@2@@std@@@2@V?$allocator@PAVIPlayer@@@2@@1@AB_N@Z 0040a210 f i GamePlayer.obj
 0001:00009230       ?lower_bound@?$_Tree@V?$basic_string@DU?$char_traits@D@std@@V?$allocator@D@2@@std@@V12@U_Kfn@?$set@V?$basic_string@DU?$char_traits@D@std@@V?$allocator@D@2@@std@@U?$less@V?$basic_string@DU?$char_traits@D@std@@V?$allocator@D@2@@std@@@2@V?$allocator@V?$basic_string@DU?$char_traits@D@std@@V?$allocator@D@2@@std@@@2@@2@U?$less@V?$basic_string@DU?$char_traits@D@std@@V?$allocator@D@2@@std@@@2@V?$allocator@V?$basic_string@DU?$char_traits@D@std@@V?$allocator@D@2@@std@@@2@@std@@QAE?AViterator@12@ABV?$basic_string@DU?$char_traits@D@std@@V?$allocator@D@2@@2@@Z 0040a230 f i GamePlayer.obj
 0001:00009250       ?equal_range@?$_Tree@V?$basic_string@DU?$char_traits@D@std@@V?$allocator@D@2@@std@@V12@U_Kfn@?$set@V?$basic_string@DU?$char_traits@D@std@@V?$allocator@D@2@@std@@U?$less@V?$basic_string@DU?$char_traits@D@std@@V?$allocator@D@2@@std@@@2@V?$allocator@V?$basic_string@DU?$char_traits@D@std@@V?$allocator@D@2@@std@@@2@@2@U?$less@V?$basic_string@DU?$char_traits@D@std@@V?$allocator@D@2@@std@@@2@V?$allocator@V?$basic_string@DU?$char_traits@D@std@@V?$allocator@D@2@@std@@@2@@std@@QAE?AU?$pair@Viterator@?$_Tree@V?$basic_string@DU?$char_traits@D@std@@V?$allocator@D@2@@std@@V12@U_Kfn@?$set@V?$basic_string@DU?$char_traits@D@std@@V?$allocator@D@2@@std@@U?$less@V?$basic_string@DU?$char_traits@D@std@@V?$allocator@D@2@@std@@@2@V?$allocator@V?$basic_string@DU?$char_traits@D@std@@V?$allocator@D@2@@std@@@2@@2@U?$less@V?$basic_string@DU?$char_traits@D@std@@V?$allocator@D@2@@std@@@2@V?$allocator@V?$basic_string@DU?$char_traits@D@std@@V?$allocator@D@2@@std@@@2@@std@@V123@@2@ABV?$basic_string@DU?$char_traits@D@std@@V?$allocator@D@2@@2@@Z 0040a250 f i GamePlayer.obj
 0001:00009280       ?_Erase@?$_Tree@V?$basic_string@DU?$char_traits@D@std@@V?$allocator@D@2@@std@@V12@U_Kfn@?$set@V?$basic_string@DU?$char_traits@D@std@@V?$allocator@D@2@@std@@U?$less@V?$basic_string@DU?$char_traits@D@std@@V?$allocator@D@2@@std@@@2@V?$allocator@V?$basic_string@DU?$char_traits@D@std@@V?$allocator@D@2@@std@@@2@@2@U?$less@V?$basic_string@DU?$char_traits@D@std@@V?$allocator@D@2@@std@@@2@V?$allocator@V?$basic_string@DU?$char_traits@D@std@@V?$allocator@D@2@@std@@@2@@std@@IAEXPAU_Node@12@@Z 0040a280 f i GamePlayer.obj
 0001:00009330       ?_Insert@?$_Tree@V?$basic_string@DU?$char_traits@D@std@@V?$allocator@D@2@@std@@V12@U_Kfn@?$set@V?$basic_string@DU?$char_traits@D@std@@V?$allocator@D@2@@std@@U?$less@V?$basic_string@DU?$char_traits@D@std@@V?$allocator@D@2@@std@@@2@V?$allocator@V?$basic_string@DU?$char_traits@D@std@@V?$allocator@D@2@@std@@@2@@2@U?$less@V?$basic_string@DU?$char_traits@D@std@@V?$allocator@D@2@@std@@@2@V?$allocator@V?$basic_string@DU?$char_traits@D@std@@V?$allocator@D@2@@std@@@2@@std@@IAE?AViterator@12@PAU_Node@12@0ABV?$basic_string@DU?$char_traits@D@std@@V?$allocator@D@2@@2@@Z 0040a330 f i GamePlayer.obj
 0001:00009640       ?insert@?$vector@PAVICommand@@V?$allocator@PAVICommand@@@std@@@std@@QAEXPAPAVICommand@@IABQAV3@@Z 0040a640 f i GamePlayer.obj
 0001:00009850       ?lower_bound@?$_Tree@V?$basic_string@DU?$char_traits@D@std@@V?$allocator@D@2@@std@@U?$pair@$$CBV?$basic_string@DU?$char_traits@D@std@@V?$allocator@D@2@@std@@PAVIPlayer@@@2@U_Kfn@?$map@V?$basic_string@DU?$char_traits@D@std@@V?$allocator@D@2@@std@@PAVIPlayer@@U?$less@V?$basic_string@DU?$char_traits@D@std@@V?$allocator@D@2@@std@@@2@V?$allocator@PAVIPlayer@@@2@@2@U?$less@V?$basic_string@DU?$char_traits@D@std@@V?$allocator@D@2@@std@@@2@V?$allocator@PAVIPlayer@@@2@@std@@QAE?AViterator@12@ABV?$basic_string@DU?$char_traits@D@std@@V?$allocator@D@2@@2@@Z 0040a850 f i GamePlayer.obj
 0001:00009870       ?_Erase@?$_Tree@V?$basic_string@DU?$char_traits@D@std@@V?$allocator@D@2@@std@@U?$pair@$$CBV?$basic_string@DU?$char_traits@D@std@@V?$allocator@D@2@@std@@PAVIPlayer@@@2@U_Kfn@?$map@V?$basic_string@DU?$char_traits@D@std@@V?$allocator@D@2@@std@@PAVIPlayer@@U?$less@V?$basic_string@DU?$char_traits@D@std@@V?$allocator@D@2@@std@@@2@V?$allocator@PAVIPlayer@@@2@@2@U?$less@V?$basic_string@DU?$char_traits@D@std@@V?$allocator@D@2@@std@@@2@V?$allocator@PAVIPlayer@@@2@@std@@IAEXPAU_Node@12@@Z 0040a870 f i GamePlayer.obj
 0001:00009920       ?_Insert@?$_Tree@V?$basic_string@DU?$char_traits@D@std@@V?$allocator@D@2@@std@@U?$pair@$$CBV?$basic_string@DU?$char_traits@D@std@@V?$allocator@D@2@@std@@PAVIPlayer@@@2@U_Kfn@?$map@V?$basic_string@DU?$char_traits@D@std@@V?$allocator@D@2@@std@@PAVIPlayer@@U?$less@V?$basic_string@DU?$char_traits@D@std@@V?$allocator@D@2@@std@@@2@V?$allocator@PAVIPlayer@@@2@@2@U?$less@V?$basic_string@DU?$char_traits@D@std@@V?$allocator@D@2@@std@@@2@V?$allocator@PAVIPlayer@@@2@@std@@IAE?AViterator@12@PAU_Node@12@0ABU?$pair@$$CBV?$basic_string@DU?$char_traits@D@std@@V?$allocator@D@2@@std@@PAVIPlayer@@@2@@Z 0040a920 f i GamePlayer.obj
 0001:00009c30       ?lower_bound@?$_Tree@JU?$pair@$$CBJPAVCBuffer@Win32@OnlineGameLib@@@std@@U_Kfn@?$map@JPAVCBuffer@Win32@OnlineGameLib@@U?$less@J@std@@V?$allocator@PAVCBuffer@Win32@OnlineGameLib@@@5@@2@U?$less@J@2@V?$allocator@PAVCBuffer@Win32@OnlineGameLib@@@2@@std@@QAE?AViterator@12@ABJ@Z 0040ac30 f i GamePlayer.obj
 0001:00009c50       ?_Erase@?$_Tree@JU?$pair@$$CBJPAVCBuffer@Win32@OnlineGameLib@@@std@@U_Kfn@?$map@JPAVCBuffer@Win32@OnlineGameLib@@U?$less@J@std@@V?$allocator@PAVCBuffer@Win32@OnlineGameLib@@@5@@2@U?$less@J@2@V?$allocator@PAVCBuffer@Win32@OnlineGameLib@@@2@@std@@IAEXPAU_Node@12@@Z 0040ac50 f i GamePlayer.obj
 0001:00009ce0       ?_Insert@?$_Tree@JU?$pair@$$CBJPAVCBuffer@Win32@OnlineGameLib@@@std@@U_Kfn@?$map@JPAVCBuffer@Win32@OnlineGameLib@@U?$less@J@std@@V?$allocator@PAVCBuffer@Win32@OnlineGameLib@@@5@@2@U?$less@J@2@V?$allocator@PAVCBuffer@Win32@OnlineGameLib@@@2@@std@@IAE?AViterator@12@PAU_Node@12@0ABU?$pair@$$CBJPAVCBuffer@Win32@OnlineGameLib@@@2@@Z 0040ace0 f i GamePlayer.obj
 0001:00009fe0       ?_Inc@const_iterator@?$_Tree@JU?$pair@$$CBJPAVCBuffer@Win32@OnlineGameLib@@@std@@U_Kfn@?$map@JPAVCBuffer@Win32@OnlineGameLib@@U?$less@J@std@@V?$allocator@PAVCBuffer@Win32@OnlineGameLib@@@5@@2@U?$less@J@2@V?$allocator@PAVCBuffer@Win32@OnlineGameLib@@@2@@std@@QAEXXZ 0040afe0 f i GamePlayer.obj
 0001:0000a090       ?_Lbound@?$_Tree@V?$basic_string@DU?$char_traits@D@std@@V?$allocator@D@2@@std@@V12@U_Kfn@?$set@V?$basic_string@DU?$char_traits@D@std@@V?$allocator@D@2@@std@@U?$less@V?$basic_string@DU?$char_traits@D@std@@V?$allocator@D@2@@std@@@2@V?$allocator@V?$basic_string@DU?$char_traits@D@std@@V?$allocator@D@2@@std@@@2@@2@U?$less@V?$basic_string@DU?$char_traits@D@std@@V?$allocator@D@2@@std@@@2@V?$allocator@V?$basic_string@DU?$char_traits@D@std@@V?$allocator@D@2@@std@@@2@@std@@IBEPAU_Node@12@ABV?$basic_string@DU?$char_traits@D@std@@V?$allocator@D@2@@2@@Z 0040b090 f i GamePlayer.obj
 0001:0000a150       ?_Dec@const_iterator@?$_Tree@V?$basic_string@DU?$char_traits@D@std@@V?$allocator@D@2@@std@@V12@U_Kfn@?$set@V?$basic_string@DU?$char_traits@D@std@@V?$allocator@D@2@@std@@U?$less@V?$basic_string@DU?$char_traits@D@std@@V?$allocator@D@2@@std@@@2@V?$allocator@V?$basic_string@DU?$char_traits@D@std@@V?$allocator@D@2@@std@@@2@@2@U?$less@V?$basic_string@DU?$char_traits@D@std@@V?$allocator@D@2@@std@@@2@V?$allocator@V?$basic_string@DU?$char_traits@D@std@@V?$allocator@D@2@@std@@@2@@std@@QAEXXZ 0040b150 f i GamePlayer.obj
 0001:0000a210       ?_Lbound@?$_Tree@V?$basic_string@DU?$char_traits@D@std@@V?$allocator@D@2@@std@@U?$pair@$$CBV?$basic_string@DU?$char_traits@D@std@@V?$allocator@D@2@@std@@PAVIPlayer@@@2@U_Kfn@?$map@V?$basic_string@DU?$char_traits@D@std@@V?$allocator@D@2@@std@@PAVIPlayer@@U?$less@V?$basic_string@DU?$char_traits@D@std@@V?$allocator@D@2@@std@@@2@V?$allocator@PAVIPlayer@@@2@@2@U?$less@V?$basic_string@DU?$char_traits@D@std@@V?$allocator@D@2@@std@@@2@V?$allocator@PAVIPlayer@@@2@@std@@IBEPAU_Node@12@ABV?$basic_string@DU?$char_traits@D@std@@V?$allocator@D@2@@2@@Z 0040b210 f i GamePlayer.obj
 0001:0000a2d0       ?_Dec@const_iterator@?$_Tree@V?$basic_string@DU?$char_traits@D@std@@V?$allocator@D@2@@std@@U?$pair@$$CBV?$basic_string@DU?$char_traits@D@std@@V?$allocator@D@2@@std@@PAVIPlayer@@@2@U_Kfn@?$map@V?$basic_string@DU?$char_traits@D@std@@V?$allocator@D@2@@std@@PAVIPlayer@@U?$less@V?$basic_string@DU?$char_traits@D@std@@V?$allocator@D@2@@std@@@2@V?$allocator@PAVIPlayer@@@2@@2@U?$less@V?$basic_string@DU?$char_traits@D@std@@V?$allocator@D@2@@std@@@2@V?$allocator@PAVIPlayer@@@2@@std@@QAEXXZ 0040b2d0 f i GamePlayer.obj
 0001:0000a390       ?_Lbound@?$_Tree@JU?$pair@$$CBJPAVCBuffer@Win32@OnlineGameLib@@@std@@U_Kfn@?$map@JPAVCBuffer@Win32@OnlineGameLib@@U?$less@J@std@@V?$allocator@PAVCBuffer@Win32@OnlineGameLib@@@5@@2@U?$less@J@2@V?$allocator@PAVCBuffer@Win32@OnlineGameLib@@@2@@std@@IBEPAU_Node@12@ABJ@Z 0040b390 f i GamePlayer.obj
 0001:0000a3e0       ?_Dec@const_iterator@?$_Tree@JU?$pair@$$CBJPAVCBuffer@Win32@OnlineGameLib@@@std@@U_Kfn@?$map@JPAVCBuffer@Win32@OnlineGameLib@@U?$less@J@std@@V?$allocator@PAVCBuffer@Win32@OnlineGameLib@@@5@@2@U?$less@J@2@V?$allocator@PAVCBuffer@Win32@OnlineGameLib@@@2@@std@@QAEXXZ 0040b3e0 f i GamePlayer.obj
 0001:0000a4a0       ?_Ubound@?$_Tree@V?$basic_string@DU?$char_traits@D@std@@V?$allocator@D@2@@std@@V12@U_Kfn@?$set@V?$basic_string@DU?$char_traits@D@std@@V?$allocator@D@2@@std@@U?$less@V?$basic_string@DU?$char_traits@D@std@@V?$allocator@D@2@@std@@@2@V?$allocator@V?$basic_string@DU?$char_traits@D@std@@V?$allocator@D@2@@std@@@2@@2@U?$less@V?$basic_string@DU?$char_traits@D@std@@V?$allocator@D@2@@std@@@2@V?$allocator@V?$basic_string@DU?$char_traits@D@std@@V?$allocator@D@2@@std@@@2@@std@@IBEPAU_Node@12@ABV?$basic_string@DU?$char_traits@D@std@@V?$allocator@D@2@@2@@Z 0040b4a0 f i GamePlayer.obj
 0001:0000a570       ?_Inc@const_iterator@?$_Tree@V?$basic_string@DU?$char_traits@D@std@@V?$allocator@D@2@@std@@V12@U_Kfn@?$set@V?$basic_string@DU?$char_traits@D@std@@V?$allocator@D@2@@std@@U?$less@V?$basic_string@DU?$char_traits@D@std@@V?$allocator@D@2@@std@@@2@V?$allocator@V?$basic_string@DU?$char_traits@D@std@@V?$allocator@D@2@@std@@@2@@2@U?$less@V?$basic_string@DU?$char_traits@D@std@@V?$allocator@D@2@@std@@@2@V?$allocator@V?$basic_string@DU?$char_traits@D@std@@V?$allocator@D@2@@std@@@2@@std@@QAEXXZ 0040b570 f i GamePlayer.obj
 0001:0000a620       ?_Inc@const_iterator@?$_Tree@V?$basic_string@DU?$char_traits@D@std@@V?$allocator@D@2@@std@@U?$pair@$$CBV?$basic_string@DU?$char_traits@D@std@@V?$allocator@D@2@@std@@PAVIPlayer@@@2@U_Kfn@?$map@V?$basic_string@DU?$char_traits@D@std@@V?$allocator@D@2@@std@@PAVIPlayer@@U?$less@V?$basic_string@DU?$char_traits@D@std@@V?$allocator@D@2@@std@@@2@V?$allocator@PAVIPlayer@@@2@@2@U?$less@V?$basic_string@DU?$char_traits@D@std@@V?$allocator@D@2@@std@@@2@V?$allocator@PAVIPlayer@@@2@@std@@QAEXXZ 0040b620 f i GamePlayer.obj
 0001:0000a6d0       ?Execute@?$CTaskCommand@VCGamePlayer@@@@UAEIXZ 0040b6d0 f i GamePlayer.obj
 0001:0000a6e0       ?ToString@Win32@OnlineGameLib@@YA?AV?$basic_string@DU?$char_traits@D@std@@V?$allocator@D@2@@std@@J@Z 0040b6e0 f i GamePlayer.obj
 0001:0000a8e0       ??0ios_base@std@@IAE@XZ    0040b8e0 f i GamePlayer.obj
 0001:0000a8f0       ??_Gios_base@std@@UAEPAXI@Z 0040b8f0 f i GamePlayer.obj
 0001:0000a8f0       ??_Eios_base@std@@UAEPAXI@Z 0040b8f0 f i GamePlayer.obj
 0001:0000a910       ??0strstreambuf@std@@QAE@H@Z 0040b910 f i GamePlayer.obj
 0001:0000aa00       ??_Estrstreambuf@std@@UAEPAXI@Z 0040ba00 f i GamePlayer.obj
 0001:0000aa00       ??_Gstrstreambuf@std@@UAEPAXI@Z 0040ba00 f i GamePlayer.obj
 0001:0000aa20       ??_Gstrstream@std@@UAEPAXI@Z 0040ba20 f i GamePlayer.obj
 0001:0000aa20       ??_Estrstream@std@@UAEPAXI@Z 0040ba20 f i GamePlayer.obj
 0001:0000aa50       ??_Dstrstream@std@@QAEXXZ  0040ba50 f i GamePlayer.obj
 0001:0000aa70       ?put@?$basic_ostream@DU?$char_traits@D@std@@@std@@QAEAAV12@D@Z 0040ba70 f i GamePlayer.obj
 0001:0000abe0       ??1?$basic_ios@DU?$char_traits@D@std@@@std@@UAE@XZ 0040bbe0 f i GamePlayer.obj
 0001:0000abf0       ??1?$basic_streambuf@DU?$char_traits@D@std@@@std@@UAE@XZ 0040bbf0 f i GamePlayer.obj
 0001:0000ac40       ?overflow@?$basic_streambuf@DU?$char_traits@D@std@@@std@@MAEHH@Z 0040bc40 f i GamePlayer.obj
 0001:0000ac50       ?pbackfail@?$basic_streambuf@DU?$char_traits@D@std@@@std@@MAEHH@Z 0040bc50 f i GamePlayer.obj
 0001:0000ac60       ?showmanyc@?$basic_streambuf@DU?$char_traits@D@std@@@std@@MAEHXZ 0040bc60 f i GamePlayer.obj
 0001:0000ac70       ?underflow@?$basic_streambuf@DU?$char_traits@D@std@@@std@@MAEHXZ 0040bc70 f i GamePlayer.obj
 0001:0000ac80       ?uflow@?$basic_streambuf@DU?$char_traits@D@std@@@std@@MAEHXZ 0040bc80 f i GamePlayer.obj
 0001:0000acb0       ?xsgetn@?$basic_streambuf@DU?$char_traits@D@std@@@std@@MAEHPADH@Z 0040bcb0 f i GamePlayer.obj
 0001:0000ad50       ?xsputn@?$basic_streambuf@DU?$char_traits@D@std@@@std@@MAEHPBDH@Z 0040bd50 f i GamePlayer.obj
 0001:0000adf0       ?seekoff@?$basic_streambuf@DU?$char_traits@D@std@@@std@@MAE?AV?$fpos@H@2@JW4seekdir@ios_base@2@H@Z 0040bdf0 f i GamePlayer.obj
 0001:0000ae20       ?seekpos@?$basic_streambuf@DU?$char_traits@D@std@@@std@@MAE?AV?$fpos@H@2@V32@H@Z 0040be20 f i GamePlayer.obj
 0001:0000ae50       ?setbuf@?$basic_streambuf@DU?$char_traits@D@std@@@std@@MAEPAV12@PADH@Z 0040be50 f i GamePlayer.obj
 0001:0000ae60       ?sync@?$basic_streambuf@DU?$char_traits@D@std@@@std@@MAEHXZ 0040be60 f i GamePlayer.obj
 0001:0000ae70       ?imbue@?$basic_streambuf@DU?$char_traits@D@std@@@std@@MAEXABVlocale@2@@Z 0040be70 f i GamePlayer.obj
 0001:0000ae80       ??0?$basic_iostream@DU?$char_traits@D@std@@@std@@QAE@PAV?$basic_streambuf@DU?$char_traits@D@std@@@1@@Z 0040be80 f i GamePlayer.obj
 0001:0000af50       ??1?$basic_istream@DU?$char_traits@D@std@@@std@@UAE@XZ 0040bf50 f i GamePlayer.obj
 0001:0000af60       ??1?$basic_iostream@DU?$char_traits@D@std@@@std@@UAE@XZ 0040bf60 f i GamePlayer.obj
 0001:0000afa0       ??_G?$basic_ostream@DU?$char_traits@D@std@@@std@@UAEPAXI@Z 0040bfa0 f i GamePlayer.obj
 0001:0000afa0       ??_E?$basic_ostream@DU?$char_traits@D@std@@@std@@UAEPAXI@Z 0040bfa0 f i GamePlayer.obj
 0001:0000afd0       ??_E?$basic_ios@DU?$char_traits@D@std@@@std@@UAEPAXI@Z 0040bfd0 f i GamePlayer.obj
 0001:0000afd0       ??_G?$basic_ios@DU?$char_traits@D@std@@@std@@UAEPAXI@Z 0040bfd0 f i GamePlayer.obj
 0001:0000aff0       ??_G?$basic_istream@DU?$char_traits@D@std@@@std@@UAEPAXI@Z 0040bff0 f i GamePlayer.obj
 0001:0000aff0       ??_E?$basic_istream@DU?$char_traits@D@std@@@std@@UAEPAXI@Z 0040bff0 f i GamePlayer.obj
 0001:0000b020       ??_E?$basic_streambuf@DU?$char_traits@D@std@@@std@@UAEPAXI@Z 0040c020 f i GamePlayer.obj
 0001:0000b020       ??_G?$basic_streambuf@DU?$char_traits@D@std@@@std@@UAEPAXI@Z 0040c020 f i GamePlayer.obj
 0001:0000b040       ??_E?$basic_iostream@DU?$char_traits@D@std@@@std@@UAEPAXI@Z 0040c040 f i GamePlayer.obj
 0001:0000b040       ??_G?$basic_iostream@DU?$char_traits@D@std@@@std@@UAEPAXI@Z 0040c040 f i GamePlayer.obj
 0001:0000b070       ??1sentry@?$basic_ostream@DU?$char_traits@D@std@@@std@@QAE@XZ 0040c070 f i GamePlayer.obj
 0001:0000b0e0       ??0?$fpos@H@std@@QAE@J@Z   0040c0e0 f i GamePlayer.obj
 0001:0000b120       ?opfx@?$basic_ostream@DU?$char_traits@D@std@@@std@@QAE_NXZ 0040c120 f i GamePlayer.obj
 0001:0000b1a0       ?_Distance@std@@YAXViterator@?$_Tree@V?$basic_string@DU?$char_traits@D@std@@V?$allocator@D@2@@std@@V12@U_Kfn@?$set@V?$basic_string@DU?$char_traits@D@std@@V?$allocator@D@2@@std@@U?$less@V?$basic_string@DU?$char_traits@D@std@@V?$allocator@D@2@@std@@@2@V?$allocator@V?$basic_string@DU?$char_traits@D@std@@V?$allocator@D@2@@std@@@2@@2@U?$less@V?$basic_string@DU?$char_traits@D@std@@V?$allocator@D@2@@std@@@2@V?$allocator@V?$basic_string@DU?$char_traits@D@std@@V?$allocator@D@2@@std@@@2@@1@0AAI@Z 0040c1a0 f i GamePlayer.obj
 0001:0000b1d0       ?_Construct@std@@YAXPAV?$basic_string@DU?$char_traits@D@std@@V?$allocator@D@2@@1@ABV21@@Z 0040c1d0 f i GamePlayer.obj
 0001:0000b340       ??3@YAXPAX0@Z              0040c340 f i GamePlayer.obj
 0001:0000b350       ?_Construct@std@@YAXPAU?$pair@$$CBV?$basic_string@DU?$char_traits@D@std@@V?$allocator@D@2@@std@@PAVIPlayer@@@1@ABU21@@Z 0040c350 f i GamePlayer.obj
 0001:0000b4a0       ?_Construct@std@@YAXPAU?$pair@$$CBJPAVCBuffer@Win32@OnlineGameLib@@@1@ABU21@@Z 0040c4a0 f i GamePlayer.obj
 0001:0000b4c0       ??_G?$CTaskCommand@VCGamePlayer@@@@UAEPAXI@Z 0040c4c0 f i GamePlayer.obj
 0001:0000b4c0       ??_E?$CTaskCommand@VCGamePlayer@@@@UAEPAXI@Z 0040c4c0 f i GamePlayer.obj
 0001:0000b4e0       ??1?$CTaskCommand@VCGamePlayer@@@@UAE@XZ 0040c4e0 f i GamePlayer.obj
 0001:0000b4f0       ??_GICommand@@UAEPAXI@Z    0040c4f0 f i GamePlayer.obj
 0001:0000b4f0       ??_EICommand@@UAEPAXI@Z    0040c4f0 f i GamePlayer.obj
 0001:0000b510       ?compare@?$basic_string@DU?$char_traits@D@std@@V?$allocator@D@2@@std@@QBEHABV12@@Z 0040c510 f i GamePlayer.obj
 0001:0000b560       ??6?$basic_ostream@DU?$char_traits@D@std@@@std@@QAEAAV01@J@Z 0040c560 f i GamePlayer.obj
 0001:0000b7a0       ??1bad_cast@std@@UAE@XZ    0040c7a0 f i GamePlayer.obj
 0001:0000b7b0       ?_Doraise@bad_cast@std@@MBEXXZ 0040c7b0 f i GamePlayer.obj
 0001:0000b7d0       ??_Gbad_cast@std@@UAEPAXI@Z 0040c7d0 f i GamePlayer.obj
 0001:0000b7d0       ??_Ebad_cast@std@@UAEPAXI@Z 0040c7d0 f i GamePlayer.obj
 0001:0000b7f0       ??0bad_cast@std@@QAE@ABV01@@Z 0040c7f0 f i GamePlayer.obj
 0001:0000b810       ??Bid@locale@std@@QAEIXZ   0040c810 f i GamePlayer.obj
 0001:0000b840       ?_Decref@facet@locale@std@@QAEPAV123@XZ 0040c840 f i GamePlayer.obj
 0001:0000b880       ??1locale@std@@QAE@XZ      0040c880 f i GamePlayer.obj
 0001:0000b8a0       ?getloc@ios_base@std@@QBE?AVlocale@2@XZ 0040c8a0 f i GamePlayer.obj
 0001:0000b910       ??0?$num_put@DV?$ostreambuf_iterator@DU?$char_traits@D@std@@@std@@@std@@QAE@I@Z 0040c910 f i GamePlayer.obj
 0001:0000b970       ??1facet@locale@std@@UAE@XZ 0040c970 f i GamePlayer.obj
 0001:0000b980       ??_Efacet@locale@std@@UAEPAXI@Z 0040c980 f i GamePlayer.obj
 0001:0000b980       ??_Gfacet@locale@std@@UAEPAXI@Z 0040c980 f i GamePlayer.obj
 0001:0000b9a0       ?do_put@?$num_put@DV?$ostreambuf_iterator@DU?$char_traits@D@std@@@std@@@std@@MBE?AV?$ostreambuf_iterator@DU?$char_traits@D@std@@@2@V32@AAVios_base@2@D_N@Z 0040c9a0 f i GamePlayer.obj
 0001:0000bc70       ??0bad_cast@std@@QAE@PBD@Z 0040cc70 f i GamePlayer.obj
 0001:0000bc90       ?sputc@?$basic_streambuf@DU?$char_traits@D@std@@@std@@QAEHD@Z 0040cc90 f i GamePlayer.obj
 0001:0000bce0       ?do_put@?$num_put@DV?$ostreambuf_iterator@DU?$char_traits@D@std@@@std@@@std@@MBE?AV?$ostreambuf_iterator@DU?$char_traits@D@std@@@2@V32@AAVios_base@2@DJ@Z 0040cce0 f i GamePlayer.obj
 0001:0000bd90       ?do_put@?$num_put@DV?$ostreambuf_iterator@DU?$char_traits@D@std@@@std@@@std@@MBE?AV?$ostreambuf_iterator@DU?$char_traits@D@std@@@2@V32@AAVios_base@2@DK@Z 0040cd90 f i GamePlayer.obj
 0001:0000be40       ?do_put@?$num_put@DV?$ostreambuf_iterator@DU?$char_traits@D@std@@@std@@@std@@MBE?AV?$ostreambuf_iterator@DU?$char_traits@D@std@@@2@V32@AAVios_base@2@DN@Z 0040ce40 f i GamePlayer.obj
 0001:0000bf30       ?do_put@?$num_put@DV?$ostreambuf_iterator@DU?$char_traits@D@std@@@std@@@std@@MBE?AV?$ostreambuf_iterator@DU?$char_traits@D@std@@@2@V32@AAVios_base@2@DO@Z 0040cf30 f i GamePlayer.obj
 0001:0000c020       ?do_put@?$num_put@DV?$ostreambuf_iterator@DU?$char_traits@D@std@@@std@@@std@@MBE?AV?$ostreambuf_iterator@DU?$char_traits@D@std@@@2@V32@AAVios_base@2@DPBX@Z 0040d020 f i GamePlayer.obj
 0001:0000c1e0       ??_E?$num_put@DV?$ostreambuf_iterator@DU?$char_traits@D@std@@@std@@@std@@UAEPAXI@Z 0040d1e0 f i GamePlayer.obj
 0001:0000c1e0       ??_G?$num_put@DV?$ostreambuf_iterator@DU?$char_traits@D@std@@@std@@@std@@UAEPAXI@Z 0040d1e0 f i GamePlayer.obj
 0001:0000c200       ??1?$num_put@DV?$ostreambuf_iterator@DU?$char_traits@D@std@@@std@@@std@@UAE@XZ 0040d200 f i GamePlayer.obj
 0001:0000c210       ?_Fput@?$num_put@DV?$ostreambuf_iterator@DU?$char_traits@D@std@@@std@@@std@@KA?AV?$ostreambuf_iterator@DU?$char_traits@D@std@@@2@V32@AAVios_base@2@DPBDII@Z 0040d210 f i GamePlayer.obj
 0001:0000c620       ?_Iput@?$num_put@DV?$ostreambuf_iterator@DU?$char_traits@D@std@@@std@@@std@@KA?AV?$ostreambuf_iterator@DU?$char_traits@D@std@@@2@V32@AAVios_base@2@DPADI@Z 0040d620 f i GamePlayer.obj
 0001:0000ca70       ?_Rep@?$num_put@DV?$ostreambuf_iterator@DU?$char_traits@D@std@@@std@@@std@@KA?AV?$ostreambuf_iterator@DU?$char_traits@D@std@@@2@V32@DI@Z 0040da70 f i GamePlayer.obj
 0001:0000caf0       ?falsename@?$numpunct@D@std@@QBE?AV?$basic_string@DU?$char_traits@D@std@@V?$allocator@D@2@@2@XZ 0040daf0 f i GamePlayer.obj
 0001:0000cb10       ?truename@?$numpunct@D@std@@QBE?AV?$basic_string@DU?$char_traits@D@std@@V?$allocator@D@2@@2@XZ 0040db10 f i GamePlayer.obj
 0001:0000cb30       ??4?$ostreambuf_iterator@DU?$char_traits@D@std@@@std@@QAEAAV01@D@Z 0040db30 f i GamePlayer.obj
 0001:0000cb90       ?grouping@?$numpunct@D@std@@QBE?AV?$basic_string@DU?$char_traits@D@std@@V?$allocator@D@2@@2@XZ 0040db90 f i GamePlayer.obj
 0001:0000cbb0       ??0?$numpunct@D@std@@QAE@I@Z 0040dbb0 f i GamePlayer.obj
 0001:0000ccd0       ?do_decimal_point@?$numpunct@D@std@@MBEDXZ 0040dcd0 f i GamePlayer.obj
 0001:0000cce0       ?do_thousands_sep@?$numpunct@D@std@@MBEDXZ 0040dce0 f i GamePlayer.obj
 0001:0000ccf0       ?do_grouping@?$numpunct@D@std@@MBE?AV?$basic_string@DU?$char_traits@D@std@@V?$allocator@D@2@@2@XZ 0040dcf0 f i GamePlayer.obj
 0001:0000cdc0       ?do_falsename@?$numpunct@D@std@@MBE?AV?$basic_string@DU?$char_traits@D@std@@V?$allocator@D@2@@2@XZ 0040ddc0 f i GamePlayer.obj
 0001:0000ce90       ?do_truename@?$numpunct@D@std@@MBE?AV?$basic_string@DU?$char_traits@D@std@@V?$allocator@D@2@@2@XZ 0040de90 f i GamePlayer.obj
 0001:0000cf60       ??_G?$numpunct@D@std@@UAEPAXI@Z 0040df60 f i GamePlayer.obj
 0001:0000cf60       ??_E?$numpunct@D@std@@UAEPAXI@Z 0040df60 f i GamePlayer.obj
 0001:0000cf80       ??1?$numpunct@D@std@@UAE@XZ 0040df80 f i GamePlayer.obj
 0001:0000cfb0       ?_Save@?$_Tidyfac@V?$num_put@DV?$ostreambuf_iterator@DU?$char_traits@D@std@@@std@@@std@@@std@@SAPAV?$num_put@DV?$ostreambuf_iterator@DU?$char_traits@D@std@@@std@@@2@PAV32@@Z 0040dfb0 f i GamePlayer.obj
 0001:0000d030       ?_Save@?$_Tidyfac@V?$numpunct@D@std@@@std@@SAPAV?$numpunct@D@2@PAV32@@Z 0040e030 f i GamePlayer.obj
 0001:0000d0b0       ?_Tidy@?$_Tidyfac@V?$num_put@DV?$ostreambuf_iterator@DU?$char_traits@D@std@@@std@@@std@@@std@@SAXXZ 0040e0b0 f i GamePlayer.obj
 0001:0000d150       ?_Tidy@?$_Tidyfac@V?$numpunct@D@std@@@std@@SAXXZ 0040e150 f i GamePlayer.obj
 0001:0000d240       ?id@?$numpunct@D@std@@$E   0040e240 f i GamePlayer.obj
 0001:0000d250       ?id@?$num_put@DV?$ostreambuf_iterator@DU?$char_traits@D@std@@@$E 0040e250 f i GamePlayer.obj
 0001:0000d370       ??1?$map@IV?$list@PAVIGServer@@V?$allocator@PAVIGServer@@@std@@@std@@U?$less@I@2@V?$allocator@V?$list@PAVIGServer@@V?$allocator@PAVIGServer@@@std@@@std@@@2@@std@@QAE@XZ 0040e370 f i GameServer.obj
 0001:0000d500       ??1?$map@IPAVIGServer@@U?$less@I@std@@V?$allocator@PAVIGServer@@@3@@std@@QAE@XZ 0040e500 f i GameServer.obj
 0001:0000d6c0       ??1?$map@V?$basic_string@DU?$char_traits@D@std@@V?$allocator@D@2@@std@@UTransferInfo@@U?$less@V?$basic_string@DU?$char_traits@D@std@@V?$allocator@D@2@@std@@@2@V?$allocator@UTransferInfo@@@2@@std@@QAE@XZ 0040e6c0 f i GameServer.obj
 0001:0000d770       ?SetupGlobalAllocator@CGameServer@@SA_NII@Z 0040e770 f   GameServer.obj
 0001:0000d790       ?BeginTransfer@CGameServer@@SAXPBD@Z 0040e790 f   GameServer.obj
 0001:0000da40       ??1TransferInfo@@QAE@XZ    0040ea40 f i GameServer.obj
 0001:0000da80       ?EndTransfer@CGameServer@@SAXPBD@Z 0040ea80 f   GameServer.obj
 0001:0000dc70       ?IsInTransfer@CGameServer@@SA_NPBD@Z 0040ec70 f   GameServer.obj
 0001:0000dda0       ?CleanupStaleTransfers@CGameServer@@SAXXZ 0040eda0 f   GameServer.obj
 0001:0000dfe0       ??0CGameServer@@QAE@PAUIServer@@PAUIClient@@I@Z 0040efe0 f   GameServer.obj
 0001:0000e180       ??1IGServer@@UAE@XZ        0040f180 f i GameServer.obj
 0001:0000e190       ??_EIGServer@@UAEPAXI@Z    0040f190 f i GameServer.obj
 0001:0000e190       ??_GIGServer@@UAEPAXI@Z    0040f190 f i GameServer.obj
 0001:0000e1b0       ?GetID@CGameServer@@UAEIXZ 0040f1b0 f i GameServer.obj
 0001:0000e1c0       ?GetCapability@CGameServer@@UAEIXZ 0040f1c0 f i GameServer.obj
 0001:0000e1d0       ?GetIP@CGameServer@@UAEIE@Z 0040f1d0 f i GameServer.obj
 0001:0000e1f0       ?GetIndentify@CGameServer@@UAEIXZ 0040f1f0 f i GameServer.obj
 0001:0000e200       ??_GCGameServer@@UAEPAXI@Z 0040f200 f i GameServer.obj
 0001:0000e200       ??_ECGameServer@@UAEPAXI@Z 0040f200 f i GameServer.obj
 0001:0000e220       ??1CGameServer@@UAE@XZ     0040f220 f   GameServer.obj
 0001:0000e380       ??1?$map@V?$basic_string@DU?$char_traits@D@std@@V?$allocator@D@2@@std@@PAXU?$less@V?$basic_string@DU?$char_traits@D@std@@V?$allocator@D@2@@std@@@2@V?$allocator@PAX@2@@std@@QAE@XZ 0040f380 f i GameServer.obj
 0001:0000e3f0       ?Create@CGameServer@@UAE_NXZ 0040f3f0 f   GameServer.obj
 0001:0000e460       ?Destroy@CGameServer@@UAE_NXZ 0040f460 f   GameServer.obj
 0001:0000e690       ?GameSvrEventNotify@CGameServer@@SGXPAXABK1@Z 0040f690 f   GameServer.obj
 0001:0000e840       ?Begin@CGameServer@@SA_NPAUIServer@@@Z 0040f840 f   GameServer.obj
 0001:0000e880       ?End@CGameServer@@SAXXZ    0040f880 f   GameServer.obj
 0001:0000e9b0       ?ManagerThreadFunction@CGameServer@@CGKPAX@Z 0040f9b0 f   GameServer.obj
 0001:0000eb50       ?AnalyzeRequire@CGameServer@@UAE_NPBXI@Z 0040fb50 f   GameServer.obj
 0001:0000ebb0       ?LargePackProcess@CGameServer@@IAE_NEPBXI@Z 0040fbb0 f   GameServer.obj
 0001:0000ebc0       ?SmallPackProcess@CGameServer@@IAE_NEPBXI@Z 0040fbc0 f   GameServer.obj
 0001:0000ebf0       ?DispatchTask@CGameServer@@UAE_NIPBXI@Z 0040fbf0 f   GameServer.obj
 0001:0000ec30       ?_QueryMapID@CGameServer@@IAE_NXZ 0040fc30 f   GameServer.obj
 0001:0000ec70       ?_QueryGameSvrInfo@CGameServer@@IAE_NXZ 0040fc70 f   GameServer.obj
 0001:0000ecb0       ?_UpdateMapID@CGameServer@@IAE_NPBXI@Z 0040fcb0 f   GameServer.obj
 0001:0000ecf0       ?_UpdateGameSvrInfo@CGameServer@@IAE_NPBXI@Z 0040fcf0 f   GameServer.obj
 0001:0000ee80       ?_RequestSvrIP@CGameServer@@IAE_NPBXI@Z 0040fe80 f   GameServer.obj
 0001:0000ef10       ?_NotifyPlayerLogin@CGameServer@@IAE_NPBXI@Z 0040ff10 f   GameServer.obj
 0001:0000efd0       ?_RegisterAccount@CGameServer@@IAE_NPBXI@Z 0040ffd0 f   GameServer.obj
 0001:0000eff0       ?_NotifyEnterGame@CGameServer@@IAE_NPBXI@Z 0040fff0 f   GameServer.obj
 0001:0000f0e0       ?_NotifyLeaveGame@CGameServer@@IAE_NPBXI@Z 004100e0 f   GameServer.obj
 0001:0000f180       ?PushAccount@CGameServer@@IAE_NPBD@Z 00410180 f   GameServer.obj
 0001:0000f190       ?PopAccount@CGameServer@@IAE_NPBD_N@Z 00410190 f   GameServer.obj
 0001:0000f1d0       ?Attach@CGameServer@@UAE_NPBD_N@Z 004101d0 f   GameServer.obj
 0001:0000f280       ?AttatchAccountToGameServer@CGameServer@@AAE_NPBD_N@Z 00410280 f   GameServer.obj
 0001:0000f4b0       ??1?$pair@$$CBV?$basic_string@DU?$char_traits@D@std@@V?$allocator@D@2@@std@@PAX@std@@QAE@XZ 004104b0 f i GameServer.obj
 0001:0000f4f0       ?HaveAccountInGameServer@CGameServer@@AAE_NPBD@Z 004104f0 f   GameServer.obj
 0001:0000f670       ?DetachAccountFromGameServer@CGameServer@@QAE_NPBD@Z 00410670 f   GameServer.obj
 0001:0000f7d0       ?ConsumeMoney@CGameServer@@IAE_NPBD@Z 004107d0 f   GameServer.obj
 0001:0000f8e0       ?FreezeMoney@CGameServer@@IAE_NPBD@Z 004108e0 f   GameServer.obj
 0001:0000f9f0       ?_PlayerLogicLogout@CGameServer@@IAE_NPBXI@Z 004109f0 f   GameServer.obj
 0001:0000fa60       ?_SyncRoleInfo@CGameServer@@IAE_NPBXI@Z 00410a60 f   GameServer.obj
 0001:0000fbf0       ?RegisterServer@CGameServer@@CA_NIPAVIGServer@@@Z 00410bf0 f   GameServer.obj
 0001:0000fdc0       ??1?$pair@$$CBIV?$list@PAVIGServer@@V?$allocator@PAVIGServer@@@std@@@std@@@std@@QAE@XZ 00410dc0 f i GameServer.obj
 0001:0000fe10       ?QueryServer@CGameServer@@SAPAVIGServer@@I@Z 00410e10 f   GameServer.obj
 0001:0000fee0       ?FindServerByAccount@CGameServer@@SAHPBD@Z 00410ee0 f   GameServer.obj
 0001:00010010       ?GetServer@CGameServer@@SAPAVIGServer@@I@Z 00411010 f   GameServer.obj
 0001:000100c0       ?GetAllServers@CGameServer@@SAXPAPAV1@H@Z 004110c0 f   GameServer.obj
 0001:000101b0       ?GetContent@CGameServer@@UAEIXZ 004111b0 f   GameServer.obj
 0001:000101e0       ?SendToAll@CGameServer@@SAXPBDHI@Z 004111e0 f   GameServer.obj
 0001:000102b0       ?SendText@CGameServer@@UAEXPBDHI@Z 004112b0 f   GameServer.obj
 0001:00010360       ??0?$basic_string@DU?$char_traits@D@std@@V?$allocator@D@2@@std@@QAE@ABV?$allocator@D@1@@Z 00411360 f i GameServer.obj
 0001:00010380       ??0?$map@IV?$list@PAVIGServer@@V?$allocator@PAVIGServer@@@std@@@std@@U?$less@I@2@V?$allocator@V?$list@PAVIGServer@@V?$allocator@PAVIGServer@@@std@@@std@@@2@@std@@QAE@ABU?$less@I@1@ABV?$allocator@V?$list@PAVIGServer@@V?$allocator@PAVIGServer@@@std@@@std@@@1@@Z 00411380 f i GameServer.obj
 0001:00010450       ??1?$list@PAVIGServer@@V?$allocator@PAVIGServer@@@std@@@std@@QAE@XZ 00411450 f i GameServer.obj
 0001:000104a0       ?begin@?$list@PAVIGServer@@V?$allocator@PAVIGServer@@@std@@@std@@QAE?AViterator@12@XZ 004114a0 f i GameServer.obj
 0001:000104b0       ??Eiterator@?$list@PAVIGServer@@V?$allocator@PAVIGServer@@@std@@@std@@QAE?AV012@H@Z 004114b0 f i GameServer.obj
 0001:000104c0       ??0?$map@IPAVIGServer@@U?$less@I@std@@V?$allocator@PAVIGServer@@@3@@std@@QAE@ABU?$less@I@1@ABV?$allocator@PAVIGServer@@@1@@Z 004114c0 f i GameServer.obj
 0001:00010590       ??0?$map@V?$basic_string@DU?$char_traits@D@std@@V?$allocator@D@2@@std@@UTransferInfo@@U?$less@V?$basic_string@DU?$char_traits@D@std@@V?$allocator@D@2@@std@@@2@V?$allocator@UTransferInfo@@@2@@std@@QAE@ABU?$less@V?$basic_string@DU?$char_traits@D@std@@V?$allocator@D@2@@std@@@1@ABV?$allocator@UTransferInfo@@@1@@Z 00411590 f i GameServer.obj
 0001:00010660       ??1?$vector@V?$basic_string@DU?$char_traits@D@std@@V?$allocator@D@2@@std@@V?$allocator@V?$basic_string@DU?$char_traits@D@std@@V?$allocator@D@2@@std@@@2@@std@@QAE@XZ 00411660 f i GameServer.obj
 0001:000106c0       ??1?$pair@$$CBV?$basic_string@DU?$char_traits@D@std@@V?$allocator@D@2@@std@@UTransferInfo@@@std@@QAE@XZ 004116c0 f i GameServer.obj
 0001:00010730       ?insert@?$_Tree@IU?$pair@$$CBIV?$list@PAVIGServer@@V?$allocator@PAVIGServer@@@std@@@std@@@std@@U_Kfn@?$map@IV?$list@PAVIGServer@@V?$allocator@PAVIGServer@@@std@@@std@@U?$less@I@2@V?$allocator@V?$list@PAVIGServer@@V?$allocator@PAVIGServer@@@std@@@std@@@2@@2@U?$less@I@2@V?$allocator@V?$list@PAVIGServer@@V?$allocator@PAVIGServer@@@std@@@std@@@2@@std@@QAE?AU?$pair@Viterator@?$_Tree@IU?$pair@$$CBIV?$list@PAVIGServer@@V?$allocator@PAVIGServer@@@std@@@std@@@std@@U_Kfn@?$map@IV?$list@PAVIGServer@@V?$allocator@PAVIGServer@@@std@@@std@@U?$less@I@2@V?$allocator@V?$list@PAVIGServer@@V?$allocator@PAVIGServer@@@std@@@std@@@2@@2@U?$less@I@2@V?$allocator@V?$list@PAVIGServer@@V?$allocator@PAVIGServer@@@std@@@std@@@2@@std@@_N@2@ABU?$pair@$$CBIV?$list@PAVIGServer@@V?$allocator@PAVIGServer@@@std@@@std@@@2@@Z 00411730 f i GameServer.obj
 0001:00010860       ?erase@?$_Tree@IU?$pair@$$CBIV?$list@PAVIGServer@@V?$allocator@PAVIGServer@@@std@@@std@@@std@@U_Kfn@?$map@IV?$list@PAVIGServer@@V?$allocator@PAVIGServer@@@std@@@std@@U?$less@I@2@V?$allocator@V?$list@PAVIGServer@@V?$allocator@PAVIGServer@@@std@@@std@@@2@@2@U?$less@I@2@V?$allocator@V?$list@PAVIGServer@@V?$allocator@PAVIGServer@@@std@@@std@@@2@@std@@QAE?AViterator@12@V312@0@Z 00411860 f i GameServer.obj
 0001:000109a0       ?find@?$_Tree@IU?$pair@$$CBIV?$list@PAVIGServer@@V?$allocator@PAVIGServer@@@std@@@std@@@std@@U_Kfn@?$map@IV?$list@PAVIGServer@@V?$allocator@PAVIGServer@@@std@@@std@@U?$less@I@2@V?$allocator@V?$list@PAVIGServer@@V?$allocator@PAVIGServer@@@std@@@std@@@2@@2@U?$less@I@2@V?$allocator@V?$list@PAVIGServer@@V?$allocator@PAVIGServer@@@std@@@std@@@2@@std@@QAE?AViterator@12@ABI@Z 004119a0 f i GameServer.obj
 0001:000109f0       ?insert@?$list@PAVIGServer@@V?$allocator@PAVIGServer@@@std@@@std@@QAE?AViterator@12@V312@ABQAVIGServer@@@Z 004119f0 f i GameServer.obj
 0001:00010a50       ?erase@?$list@PAVIGServer@@V?$allocator@PAVIGServer@@@std@@@std@@QAE?AViterator@12@V312@0@Z 00411a50 f i GameServer.obj
 0001:00010aa0       ?_Buynode@?$list@PAVIGServer@@V?$allocator@PAVIGServer@@@std@@@std@@IAEPAU_Node@12@PAU312@0@Z 00411aa0 f i GameServer.obj
 0001:00010ad0       ?insert@?$_Tree@IU?$pair@$$CBIPAVIGServer@@@std@@U_Kfn@?$map@IPAVIGServer@@U?$less@I@std@@V?$allocator@PAVIGServer@@@3@@2@U?$less@I@2@V?$allocator@PAVIGServer@@@2@@std@@QAE?AU?$pair@Viterator@?$_Tree@IU?$pair@$$CBIPAVIGServer@@@std@@U_Kfn@?$map@IPAVIGServer@@U?$less@I@std@@V?$allocator@PAVIGServer@@@3@@2@U?$less@I@2@V?$allocator@PAVIGServer@@@2@@std@@_N@2@ABU?$pair@$$CBIPAVIGServer@@@2@@Z 00411ad0 f i GameServer.obj
 0001:00010c00       ?erase@?$_Tree@IU?$pair@$$CBIPAVIGServer@@@std@@U_Kfn@?$map@IPAVIGServer@@U?$less@I@std@@V?$allocator@PAVIGServer@@@3@@2@U?$less@I@2@V?$allocator@PAVIGServer@@@2@@std@@QAE?AViterator@12@V312@@Z 00411c00 f i GameServer.obj
 0001:00011120       ?erase@?$_Tree@IU?$pair@$$CBIPAVIGServer@@@std@@U_Kfn@?$map@IPAVIGServer@@U?$less@I@std@@V?$allocator@PAVIGServer@@@3@@2@U?$less@I@2@V?$allocator@PAVIGServer@@@2@@std@@QAE?AViterator@12@V312@0@Z 00412120 f i GameServer.obj
 0001:00011250       ?_Inc@const_iterator@?$_Tree@IU?$pair@$$CBIPAVIGServer@@@std@@U_Kfn@?$map@IPAVIGServer@@U?$less@I@std@@V?$allocator@PAVIGServer@@@3@@2@U?$less@I@2@V?$allocator@PAVIGServer@@@2@@std@@QAEXXZ 00412250 f i GameServer.obj
 0001:00011300       ?insert@?$_Tree@V?$basic_string@DU?$char_traits@D@std@@V?$allocator@D@2@@std@@U?$pair@$$CBV?$basic_string@DU?$char_traits@D@std@@V?$allocator@D@2@@std@@PAX@2@U_Kfn@?$map@V?$basic_string@DU?$char_traits@D@std@@V?$allocator@D@2@@std@@PAXU?$less@V?$basic_string@DU?$char_traits@D@std@@V?$allocator@D@2@@std@@@2@V?$allocator@PAX@2@@2@U?$less@V?$basic_string@DU?$char_traits@D@std@@V?$allocator@D@2@@std@@@2@V?$allocator@PAX@2@@std@@QAE?AU?$pair@Viterator@?$_Tree@V?$basic_string@DU?$char_traits@D@std@@V?$allocator@D@2@@std@@U?$pair@$$CBV?$basic_string@DU?$char_traits@D@std@@V?$allocator@D@2@@std@@PAX@2@U_Kfn@?$map@V?$basic_string@DU?$char_traits@D@std@@V?$allocator@D@2@@std@@PAXU?$less@V?$basic_string@DU?$char_traits@D@std@@V?$allocator@D@2@@std@@@2@V?$allocator@PAX@2@@2@U?$less@V?$basic_string@DU?$char_traits@D@std@@V?$allocator@D@2@@std@@@2@V?$allocator@PAX@2@@std@@_N@2@ABU?$pair@$$CBV?$basic_string@DU?$char_traits@D@std@@V?$allocator@D@2@@std@@PAX@2@@Z 00412300 f i GameServer.obj
 0001:00011470       ?erase@?$_Tree@V?$basic_string@DU?$char_traits@D@std@@V?$allocator@D@2@@std@@U?$pair@$$CBV?$basic_string@DU?$char_traits@D@std@@V?$allocator@D@2@@std@@PAX@2@U_Kfn@?$map@V?$basic_string@DU?$char_traits@D@std@@V?$allocator@D@2@@std@@PAXU?$less@V?$basic_string@DU?$char_traits@D@std@@V?$allocator@D@2@@std@@@2@V?$allocator@PAX@2@@2@U?$less@V?$basic_string@DU?$char_traits@D@std@@V?$allocator@D@2@@std@@@2@V?$allocator@PAX@2@@std@@QAE?AViterator@12@V312@@Z 00412470 f i GameServer.obj
 0001:000119a0       ?erase@?$_Tree@V?$basic_string@DU?$char_traits@D@std@@V?$allocator@D@2@@std@@U?$pair@$$CBV?$basic_string@DU?$char_traits@D@std@@V?$allocator@D@2@@std@@PAX@2@U_Kfn@?$map@V?$basic_string@DU?$char_traits@D@std@@V?$allocator@D@2@@std@@PAXU?$less@V?$basic_string@DU?$char_traits@D@std@@V?$allocator@D@2@@std@@@2@V?$allocator@PAX@2@@2@U?$less@V?$basic_string@DU?$char_traits@D@std@@V?$allocator@D@2@@std@@@2@V?$allocator@PAX@2@@std@@QAE?AViterator@12@V312@0@Z 004129a0 f i GameServer.obj
 0001:00011ae0       ?find@?$_Tree@V?$basic_string@DU?$char_traits@D@std@@V?$allocator@D@2@@std@@U?$pair@$$CBV?$basic_string@DU?$char_traits@D@std@@V?$allocator@D@2@@std@@PAX@2@U_Kfn@?$map@V?$basic_string@DU?$char_traits@D@std@@V?$allocator@D@2@@std@@PAXU?$less@V?$basic_string@DU?$char_traits@D@std@@V?$allocator@D@2@@std@@@2@V?$allocator@PAX@2@@2@U?$less@V?$basic_string@DU?$char_traits@D@std@@V?$allocator@D@2@@std@@@2@V?$allocator@PAX@2@@std@@QAE?AViterator@12@ABV?$basic_string@DU?$char_traits@D@std@@V?$allocator@D@2@@2@@Z 00412ae0 f i GameServer.obj
 0001:00011b70       ?insert@?$map@V?$basic_string@DU?$char_traits@D@std@@V?$allocator@D@2@@std@@UTransferInfo@@U?$less@V?$basic_string@DU?$char_traits@D@std@@V?$allocator@D@2@@std@@@2@V?$allocator@UTransferInfo@@@2@@std@@QAE?AU?$pair@Viterator@?$_Tree@V?$basic_string@DU?$char_traits@D@std@@V?$allocator@D@2@@std@@U?$pair@$$CBV?$basic_string@DU?$char_traits@D@std@@V?$allocator@D@2@@std@@UTransferInfo@@@2@U_Kfn@?$map@V?$basic_string@DU?$char_traits@D@std@@V?$allocator@D@2@@std@@UTransferInfo@@U?$less@V?$basic_string@DU?$char_traits@D@std@@V?$allocator@D@2@@std@@@2@V?$allocator@UTransferInfo@@@2@@2@U?$less@V?$basic_string@DU?$char_traits@D@std@@V?$allocator@D@2@@std@@@2@V?$allocator@UTransferInfo@@@2@@std@@_N@2@ABU?$pair@$$CBV?$basic_string@DU?$char_traits@D@std@@V?$allocator@D@2@@std@@UTransferInfo@@@2@@Z 00412b70 f i GameServer.obj
 0001:00011ba0       ?begin@?$_Tree@V?$basic_string@DU?$char_traits@D@std@@V?$allocator@D@2@@std@@U?$pair@$$CBV?$basic_string@DU?$char_traits@D@std@@V?$allocator@D@2@@std@@UTransferInfo@@@2@U_Kfn@?$map@V?$basic_string@DU?$char_traits@D@std@@V?$allocator@D@2@@std@@UTransferInfo@@U?$less@V?$basic_string@DU?$char_traits@D@std@@V?$allocator@D@2@@std@@@2@V?$allocator@UTransferInfo@@@2@@2@U?$less@V?$basic_string@DU?$char_traits@D@std@@V?$allocator@D@2@@std@@@2@V?$allocator@UTransferInfo@@@2@@std@@QAE?AViterator@12@XZ 00412ba0 f i GameServer.obj
 0001:00011bb0       ?erase@?$_Tree@V?$basic_string@DU?$char_traits@D@std@@V?$allocator@D@2@@std@@U?$pair@$$CBV?$basic_string@DU?$char_traits@D@std@@V?$allocator@D@2@@std@@UTransferInfo@@@2@U_Kfn@?$map@V?$basic_string@DU?$char_traits@D@std@@V?$allocator@D@2@@std@@UTransferInfo@@U?$less@V?$basic_string@DU?$char_traits@D@std@@V?$allocator@D@2@@std@@@2@V?$allocator@UTransferInfo@@@2@@2@U?$less@V?$basic_string@DU?$char_traits@D@std@@V?$allocator@D@2@@std@@@2@V?$allocator@UTransferInfo@@@2@@std@@QAE?AViterator@12@V312@0@Z 00412bb0 f i GameServer.obj
 0001:00011cf0       ??0?$pair@$$CBV?$basic_string@DU?$char_traits@D@std@@V?$allocator@D@2@@std@@UTransferInfo@@@std@@QAE@ABV?$basic_string@DU?$char_traits@D@std@@V?$allocator@D@2@@1@ABUTransferInfo@@@Z 00412cf0 f i GameServer.obj
 0001:00011e20       ?_Inc@const_iterator@?$_Tree@V?$basic_string@DU?$char_traits@D@std@@V?$allocator@D@2@@std@@U?$pair@$$CBV?$basic_string@DU?$char_traits@D@std@@V?$allocator@D@2@@std@@UTransferInfo@@@2@U_Kfn@?$map@V?$basic_string@DU?$char_traits@D@std@@V?$allocator@D@2@@std@@UTransferInfo@@U?$less@V?$basic_string@DU?$char_traits@D@std@@V?$allocator@D@2@@std@@@2@V?$allocator@UTransferInfo@@@2@@2@U?$less@V?$basic_string@DU?$char_traits@D@std@@V?$allocator@D@2@@std@@@2@V?$allocator@UTransferInfo@@@2@@std@@QAEXXZ 00412e20 f i GameServer.obj
 0001:00011ed0       ??0?$pair@Viterator@?$_Tree@V?$basic_string@DU?$char_traits@D@std@@V?$allocator@D@2@@std@@U?$pair@$$CBV?$basic_string@DU?$char_traits@D@std@@V?$allocator@D@2@@std@@PAX@2@U_Kfn@?$map@V?$basic_string@DU?$char_traits@D@std@@V?$allocator@D@2@@std@@PAXU?$less@V?$basic_string@DU?$char_traits@D@std@@V?$allocator@D@2@@std@@@2@V?$allocator@PAX@2@@2@U?$less@V?$basic_string@DU?$char_traits@D@std@@V?$allocator@D@2@@std@@@2@V?$allocator@PAX@2@@std@@_N@std@@QAE@ABViterator@?$_Tree@V?$basic_string@DU?$char_traits@D@std@@V?$allocator@D@2@@std@@U?$pair@$$CBV?$basic_string@DU?$char_traits@D@std@@V?$allocator@D@2@@std@@PAX@2@U_Kfn@?$map@V?$basic_string@DU?$char_traits@D@std@@V?$allocator@D@2@@std@@PAXU?$less@V?$basic_string@DU?$char_traits@D@std@@V?$allocator@D@2@@std@@@2@V?$allocator@PAX@2@@2@U?$less@V?$basic_string@DU?$char_traits@D@std@@V?$allocator@D@2@@std@@@2@V?$allocator@PAX@2@@1@AB_N@Z 00412ed0 f i GameServer.obj
 0001:00011ef0       ?erase@?$_Tree@IU?$pair@$$CBIV?$list@PAVIGServer@@V?$allocator@PAVIGServer@@@std@@@std@@@std@@U_Kfn@?$map@IV?$list@PAVIGServer@@V?$allocator@PAVIGServer@@@std@@@std@@U?$less@I@2@V?$allocator@V?$list@PAVIGServer@@V?$allocator@PAVIGServer@@@std@@@std@@@2@@2@U?$less@I@2@V?$allocator@V?$list@PAVIGServer@@V?$allocator@PAVIGServer@@@std@@@std@@@2@@std@@QAE?AViterator@12@V312@@Z 00412ef0 f i GameServer.obj
 0001:00012430       ?erase@?$list@PAVIGServer@@V?$allocator@PAVIGServer@@@std@@@std@@QAE?AViterator@12@V312@@Z 00413430 f i GameServer.obj
 0001:00012470       ?_Next@_Acc@?$list@PAVIGServer@@V?$allocator@PAVIGServer@@@std@@@std@@SAAAPAU_Node@23@PAU423@@Z 00413470 f i GameServer.obj
 0001:00012480       ?_Erase@?$_Tree@IU?$pair@$$CBIV?$list@PAVIGServer@@V?$allocator@PAVIGServer@@@std@@@std@@@std@@U_Kfn@?$map@IV?$list@PAVIGServer@@V?$allocator@PAVIGServer@@@std@@@std@@U?$less@I@2@V?$allocator@V?$list@PAVIGServer@@V?$allocator@PAVIGServer@@@std@@@std@@@2@@2@U?$less@I@2@V?$allocator@V?$list@PAVIGServer@@V?$allocator@PAVIGServer@@@std@@@std@@@2@@std@@IAEXPAU_Node@12@@Z 00413480 f i GameServer.obj
 0001:00012560       ?_Insert@?$_Tree@IU?$pair@$$CBIV?$list@PAVIGServer@@V?$allocator@PAVIGServer@@@std@@@std@@@std@@U_Kfn@?$map@IV?$list@PAVIGServer@@V?$allocator@PAVIGServer@@@std@@@std@@U?$less@I@2@V?$allocator@V?$list@PAVIGServer@@V?$allocator@PAVIGServer@@@std@@@std@@@2@@2@U?$less@I@2@V?$allocator@V?$list@PAVIGServer@@V?$allocator@PAVIGServer@@@std@@@std@@@2@@std@@IAE?AViterator@12@PAU_Node@12@0ABU?$pair@$$CBIV?$list@PAVIGServer@@V?$allocator@PAVIGServer@@@std@@@std@@@2@@Z 00413560 f i GameServer.obj
 0001:00012860       ?begin@?$list@PAVIGServer@@V?$allocator@PAVIGServer@@@std@@@std@@QBE?AVconst_iterator@12@XZ 00413860 f i GameServer.obj
 0001:00012870       ?end@?$list@PAVIGServer@@V?$allocator@PAVIGServer@@@std@@@std@@QBE?AVconst_iterator@12@XZ 00413870 f i GameServer.obj
 0001:00012880       ?insert@?$list@PAVIGServer@@V?$allocator@PAVIGServer@@@std@@@std@@QAEXViterator@12@Vconst_iterator@12@1@Z 00413880 f i GameServer.obj
 0001:000128f0       ?_Inc@const_iterator@?$_Tree@IU?$pair@$$CBIV?$list@PAVIGServer@@V?$allocator@PAVIGServer@@@std@@@std@@@std@@U_Kfn@?$map@IV?$list@PAVIGServer@@V?$allocator@PAVIGServer@@@std@@@std@@U?$less@I@2@V?$allocator@V?$list@PAVIGServer@@V?$allocator@PAVIGServer@@@std@@@std@@@2@@2@U?$less@I@2@V?$allocator@V?$list@PAVIGServer@@V?$allocator@PAVIGServer@@@std@@@std@@@2@@std@@QAEXXZ 004138f0 f i GameServer.obj
 0001:000129a0       ?lower_bound@?$_Tree@IU?$pair@$$CBIPAVIGServer@@@std@@U_Kfn@?$map@IPAVIGServer@@U?$less@I@std@@V?$allocator@PAVIGServer@@@3@@2@U?$less@I@2@V?$allocator@PAVIGServer@@@2@@std@@QAE?AViterator@12@ABI@Z 004139a0 f i GameServer.obj
 0001:000129c0       ?_Erase@?$_Tree@IU?$pair@$$CBIPAVIGServer@@@std@@U_Kfn@?$map@IPAVIGServer@@U?$less@I@std@@V?$allocator@PAVIGServer@@@3@@2@U?$less@I@2@V?$allocator@PAVIGServer@@@2@@std@@IAEXPAU_Node@12@@Z 004139c0 f i GameServer.obj
 0001:00012a50       ?_Insert@?$_Tree@IU?$pair@$$CBIPAVIGServer@@@std@@U_Kfn@?$map@IPAVIGServer@@U?$less@I@std@@V?$allocator@PAVIGServer@@@3@@2@U?$less@I@2@V?$allocator@PAVIGServer@@@2@@std@@IAE?AViterator@12@PAU_Node@12@0ABU?$pair@$$CBIPAVIGServer@@@2@@Z 00413a50 f i GameServer.obj
 0001:00012d50       ?_Min@?$_Tree@IU?$pair@$$CBIPAVIGServer@@@std@@U_Kfn@?$map@IPAVIGServer@@U?$less@I@std@@V?$allocator@PAVIGServer@@@3@@2@U?$less@I@2@V?$allocator@PAVIGServer@@@2@@std@@KAPAU_Node@12@PAU312@@Z 00413d50 f i GameServer.obj
 0001:00012d90       ?lower_bound@?$_Tree@V?$basic_string@DU?$char_traits@D@std@@V?$allocator@D@2@@std@@U?$pair@$$CBV?$basic_string@DU?$char_traits@D@std@@V?$allocator@D@2@@std@@PAX@2@U_Kfn@?$map@V?$basic_string@DU?$char_traits@D@std@@V?$allocator@D@2@@std@@PAXU?$less@V?$basic_string@DU?$char_traits@D@std@@V?$allocator@D@2@@std@@@2@V?$allocator@PAX@2@@2@U?$less@V?$basic_string@DU?$char_traits@D@std@@V?$allocator@D@2@@std@@@2@V?$allocator@PAX@2@@std@@QAE?AViterator@12@ABV?$basic_string@DU?$char_traits@D@std@@V?$allocator@D@2@@2@@Z 00413d90 f i GameServer.obj
 0001:00012db0       ?_Erase@?$_Tree@V?$basic_string@DU?$char_traits@D@std@@V?$allocator@D@2@@std@@U?$pair@$$CBV?$basic_string@DU?$char_traits@D@std@@V?$allocator@D@2@@std@@PAX@2@U_Kfn@?$map@V?$basic_string@DU?$char_traits@D@std@@V?$allocator@D@2@@std@@PAXU?$less@V?$basic_string@DU?$char_traits@D@std@@V?$allocator@D@2@@std@@@2@V?$allocator@PAX@2@@2@U?$less@V?$basic_string@DU?$char_traits@D@std@@V?$allocator@D@2@@std@@@2@V?$allocator@PAX@2@@std@@IAEXPAU_Node@12@@Z 00413db0 f i GameServer.obj
 0001:00012e60       ?_Insert@?$_Tree@V?$basic_string@DU?$char_traits@D@std@@V?$allocator@D@2@@std@@U?$pair@$$CBV?$basic_string@DU?$char_traits@D@std@@V?$allocator@D@2@@std@@PAX@2@U_Kfn@?$map@V?$basic_string@DU?$char_traits@D@std@@V?$allocator@D@2@@std@@PAXU?$less@V?$basic_string@DU?$char_traits@D@std@@V?$allocator@D@2@@std@@@2@V?$allocator@PAX@2@@2@U?$less@V?$basic_string@DU?$char_traits@D@std@@V?$allocator@D@2@@std@@@2@V?$allocator@PAX@2@@std@@IAE?AViterator@12@PAU_Node@12@0ABU?$pair@$$CBV?$basic_string@DU?$char_traits@D@std@@V?$allocator@D@2@@std@@PAX@2@@Z 00413e60 f i GameServer.obj
 0001:00013170       ?_Inc@const_iterator@?$_Tree@V?$basic_string@DU?$char_traits@D@std@@V?$allocator@D@2@@std@@U?$pair@$$CBV?$basic_string@DU?$char_traits@D@std@@V?$allocator@D@2@@std@@PAX@2@U_Kfn@?$map@V?$basic_string@DU?$char_traits@D@std@@V?$allocator@D@2@@std@@PAXU?$less@V?$basic_string@DU?$char_traits@D@std@@V?$allocator@D@2@@std@@@2@V?$allocator@PAX@2@@2@U?$less@V?$basic_string@DU?$char_traits@D@std@@V?$allocator@D@2@@std@@@2@V?$allocator@PAX@2@@std@@QAEXXZ 00414170 f i GameServer.obj
 0001:00013220       ?insert@?$_Tree@V?$basic_string@DU?$char_traits@D@std@@V?$allocator@D@2@@std@@U?$pair@$$CBV?$basic_string@DU?$char_traits@D@std@@V?$allocator@D@2@@std@@UTransferInfo@@@2@U_Kfn@?$map@V?$basic_string@DU?$char_traits@D@std@@V?$allocator@D@2@@std@@UTransferInfo@@U?$less@V?$basic_string@DU?$char_traits@D@std@@V?$allocator@D@2@@std@@@2@V?$allocator@UTransferInfo@@@2@@2@U?$less@V?$basic_string@DU?$char_traits@D@std@@V?$allocator@D@2@@std@@@2@V?$allocator@UTransferInfo@@@2@@std@@QAE?AU?$pair@Viterator@?$_Tree@V?$basic_string@DU?$char_traits@D@std@@V?$allocator@D@2@@std@@U?$pair@$$CBV?$basic_string@DU?$char_traits@D@std@@V?$allocator@D@2@@std@@UTransferInfo@@@2@U_Kfn@?$map@V?$basic_string@DU?$char_traits@D@std@@V?$allocator@D@2@@std@@UTransferInfo@@U?$less@V?$basic_string@DU?$char_traits@D@std@@V?$allocator@D@2@@std@@@2@V?$allocator@UTransferInfo@@@2@@2@U?$less@V?$basic_string@DU?$char_traits@D@std@@V?$allocator@D@2@@std@@@2@V?$allocator@UTransferInfo@@@2@@std@@_N@2@ABU?$pair@$$CBV?$basic_string@DU?$char_traits@D@std@@V?$allocator@D@2@@std@@UTransferInfo@@@2@@Z 00414220 f i GameServer.obj
 0001:00013390       ?erase@?$_Tree@V?$basic_string@DU?$char_traits@D@std@@V?$allocator@D@2@@std@@U?$pair@$$CBV?$basic_string@DU?$char_traits@D@std@@V?$allocator@D@2@@std@@UTransferInfo@@@2@U_Kfn@?$map@V?$basic_string@DU?$char_traits@D@std@@V?$allocator@D@2@@std@@UTransferInfo@@U?$less@V?$basic_string@DU?$char_traits@D@std@@V?$allocator@D@2@@std@@@2@V?$allocator@UTransferInfo@@@2@@2@U?$less@V?$basic_string@DU?$char_traits@D@std@@V?$allocator@D@2@@std@@@2@V?$allocator@UTransferInfo@@@2@@std@@QAE?AViterator@12@V312@@Z 00414390 f i GameServer.obj
 0001:00013900       ?equal_range@?$_Tree@V?$basic_string@DU?$char_traits@D@std@@V?$allocator@D@2@@std@@U?$pair@$$CBV?$basic_string@DU?$char_traits@D@std@@V?$allocator@D@2@@std@@UTransferInfo@@@2@U_Kfn@?$map@V?$basic_string@DU?$char_traits@D@std@@V?$allocator@D@2@@std@@UTransferInfo@@U?$less@V?$basic_string@DU?$char_traits@D@std@@V?$allocator@D@2@@std@@@2@V?$allocator@UTransferInfo@@@2@@2@U?$less@V?$basic_string@DU?$char_traits@D@std@@V?$allocator@D@2@@std@@@2@V?$allocator@UTransferInfo@@@2@@std@@QAE?AU?$pair@Viterator@?$_Tree@V?$basic_string@DU?$char_traits@D@std@@V?$allocator@D@2@@std@@U?$pair@$$CBV?$basic_string@DU?$char_traits@D@std@@V?$allocator@D@2@@std@@UTransferInfo@@@2@U_Kfn@?$map@V?$basic_string@DU?$char_traits@D@std@@V?$allocator@D@2@@std@@UTransferInfo@@U?$less@V?$basic_string@DU?$char_traits@D@std@@V?$allocator@D@2@@std@@@2@V?$allocator@UTransferInfo@@@2@@2@U?$less@V?$basic_string@DU?$char_traits@D@std@@V?$allocator@D@2@@std@@@2@V?$allocator@UTransferInfo@@@2@@std@@V123@@2@ABV?$basic_string@DU?$char_traits@D@std@@V?$allocator@D@2@@2@@Z 00414900 f i GameServer.obj
 0001:00013930       ?_Erase@?$_Tree@V?$basic_string@DU?$char_traits@D@std@@V?$allocator@D@2@@std@@U?$pair@$$CBV?$basic_string@DU?$char_traits@D@std@@V?$allocator@D@2@@std@@UTransferInfo@@@2@U_Kfn@?$map@V?$basic_string@DU?$char_traits@D@std@@V?$allocator@D@2@@std@@UTransferInfo@@U?$less@V?$basic_string@DU?$char_traits@D@std@@V?$allocator@D@2@@std@@@2@V?$allocator@UTransferInfo@@@2@@2@U?$less@V?$basic_string@DU?$char_traits@D@std@@V?$allocator@D@2@@std@@@2@V?$allocator@UTransferInfo@@@2@@std@@IAEXPAU_Node@12@@Z 00414930 f i GameServer.obj
 0001:00013a10       ?insert@?$vector@V?$basic_string@DU?$char_traits@D@std@@V?$allocator@D@2@@std@@V?$allocator@V?$basic_string@DU?$char_traits@D@std@@V?$allocator@D@2@@std@@@2@@std@@QAEXPAV?$basic_string@DU?$char_traits@D@std@@V?$allocator@D@2@@2@IABV32@@Z 00414a10 f i GameServer.obj
 0001:00013cd0       ??0?$pair@Viterator@?$_Tree@V?$basic_string@DU?$char_traits@D@std@@V?$allocator@D@2@@std@@U?$pair@$$CBV?$basic_string@DU?$char_traits@D@std@@V?$allocator@D@2@@std@@UTransferInfo@@@2@U_Kfn@?$map@V?$basic_string@DU?$char_traits@D@std@@V?$allocator@D@2@@std@@UTransferInfo@@U?$less@V?$basic_string@DU?$char_traits@D@std@@V?$allocator@D@2@@std@@@2@V?$allocator@UTransferInfo@@@2@@2@U?$less@V?$basic_string@DU?$char_traits@D@std@@V?$allocator@D@2@@std@@@2@V?$allocator@UTransferInfo@@@2@@std@@_N@std@@QAE@ABViterator@?$_Tree@V?$basic_string@DU?$char_traits@D@std@@V?$allocator@D@2@@std@@U?$pair@$$CBV?$basic_string@DU?$char_traits@D@std@@V?$allocator@D@2@@std@@UTransferInfo@@@2@U_Kfn@?$map@V?$basic_string@DU?$char_traits@D@std@@V?$allocator@D@2@@std@@UTransferInfo@@U?$less@V?$basic_string@DU?$char_traits@D@std@@V?$allocator@D@2@@std@@@2@V?$allocator@UTransferInfo@@@2@@2@U?$less@V?$basic_string@DU?$char_traits@D@std@@V?$allocator@D@2@@std@@@2@V?$allocator@UTransferInfo@@@2@@1@AB_N@Z 00414cd0 f i GameServer.obj
 0001:00013cf0       ?_Lbound@?$_Tree@IU?$pair@$$CBIV?$list@PAVIGServer@@V?$allocator@PAVIGServer@@@std@@@std@@@std@@U_Kfn@?$map@IV?$list@PAVIGServer@@V?$allocator@PAVIGServer@@@std@@@std@@U?$less@I@2@V?$allocator@V?$list@PAVIGServer@@V?$allocator@PAVIGServer@@@std@@@std@@@2@@2@U?$less@I@2@V?$allocator@V?$list@PAVIGServer@@V?$allocator@PAVIGServer@@@std@@@std@@@2@@std@@IBEPAU_Node@12@ABI@Z 00414cf0 f i GameServer.obj
 0001:00013d40       ?_Dec@const_iterator@?$_Tree@IU?$pair@$$CBIV?$list@PAVIGServer@@V?$allocator@PAVIGServer@@@std@@@std@@@std@@U_Kfn@?$map@IV?$list@PAVIGServer@@V?$allocator@PAVIGServer@@@std@@@std@@U?$less@I@2@V?$allocator@V?$list@PAVIGServer@@V?$allocator@PAVIGServer@@@std@@@std@@@2@@2@U?$less@I@2@V?$allocator@V?$list@PAVIGServer@@V?$allocator@PAVIGServer@@@std@@@std@@@2@@std@@QAEXXZ 00414d40 f i GameServer.obj
 0001:00013e00       ?_Lbound@?$_Tree@IU?$pair@$$CBIPAVIGServer@@@std@@U_Kfn@?$map@IPAVIGServer@@U?$less@I@std@@V?$allocator@PAVIGServer@@@3@@2@U?$less@I@2@V?$allocator@PAVIGServer@@@2@@std@@IBEPAU_Node@12@ABI@Z 00414e00 f i GameServer.obj
 0001:00013e50       ?_Dec@const_iterator@?$_Tree@IU?$pair@$$CBIPAVIGServer@@@std@@U_Kfn@?$map@IPAVIGServer@@U?$less@I@std@@V?$allocator@PAVIGServer@@@3@@2@U?$less@I@2@V?$allocator@PAVIGServer@@@2@@std@@QAEXXZ 00414e50 f i GameServer.obj
 0001:00013f10       ?_Lbound@?$_Tree@V?$basic_string@DU?$char_traits@D@std@@V?$allocator@D@2@@std@@U?$pair@$$CBV?$basic_string@DU?$char_traits@D@std@@V?$allocator@D@2@@std@@PAX@2@U_Kfn@?$map@V?$basic_string@DU?$char_traits@D@std@@V?$allocator@D@2@@std@@PAXU?$less@V?$basic_string@DU?$char_traits@D@std@@V?$allocator@D@2@@std@@@2@V?$allocator@PAX@2@@2@U?$less@V?$basic_string@DU?$char_traits@D@std@@V?$allocator@D@2@@std@@@2@V?$allocator@PAX@2@@std@@IBEPAU_Node@12@ABV?$basic_string@DU?$char_traits@D@std@@V?$allocator@D@2@@2@@Z 00414f10 f i GameServer.obj
 0001:00013fd0       ?_Dec@const_iterator@?$_Tree@V?$basic_string@DU?$char_traits@D@std@@V?$allocator@D@2@@std@@U?$pair@$$CBV?$basic_string@DU?$char_traits@D@std@@V?$allocator@D@2@@std@@PAX@2@U_Kfn@?$map@V?$basic_string@DU?$char_traits@D@std@@V?$allocator@D@2@@std@@PAXU?$less@V?$basic_string@DU?$char_traits@D@std@@V?$allocator@D@2@@std@@@2@V?$allocator@PAX@2@@2@U?$less@V?$basic_string@DU?$char_traits@D@std@@V?$allocator@D@2@@std@@@2@V?$allocator@PAX@2@@std@@QAEXXZ 00414fd0 f i GameServer.obj
 0001:00014090       ?lower_bound@?$_Tree@V?$basic_string@DU?$char_traits@D@std@@V?$allocator@D@2@@std@@U?$pair@$$CBV?$basic_string@DU?$char_traits@D@std@@V?$allocator@D@2@@std@@UTransferInfo@@@2@U_Kfn@?$map@V?$basic_string@DU?$char_traits@D@std@@V?$allocator@D@2@@std@@UTransferInfo@@U?$less@V?$basic_string@DU?$char_traits@D@std@@V?$allocator@D@2@@std@@@2@V?$allocator@UTransferInfo@@@2@@2@U?$less@V?$basic_string@DU?$char_traits@D@std@@V?$allocator@D@2@@std@@@2@V?$allocator@UTransferInfo@@@2@@std@@QAE?AViterator@12@ABV?$basic_string@DU?$char_traits@D@std@@V?$allocator@D@2@@2@@Z 00415090 f i GameServer.obj
 0001:000140b0       ?upper_bound@?$_Tree@V?$basic_string@DU?$char_traits@D@std@@V?$allocator@D@2@@std@@U?$pair@$$CBV?$basic_string@DU?$char_traits@D@std@@V?$allocator@D@2@@std@@UTransferInfo@@@2@U_Kfn@?$map@V?$basic_string@DU?$char_traits@D@std@@V?$allocator@D@2@@std@@UTransferInfo@@U?$less@V?$basic_string@DU?$char_traits@D@std@@V?$allocator@D@2@@std@@@2@V?$allocator@UTransferInfo@@@2@@2@U?$less@V?$basic_string@DU?$char_traits@D@std@@V?$allocator@D@2@@std@@@2@V?$allocator@UTransferInfo@@@2@@std@@QAE?AViterator@12@ABV?$basic_string@DU?$char_traits@D@std@@V?$allocator@D@2@@2@@Z 004150b0 f i GameServer.obj
 0001:000140d0       ?_Insert@?$_Tree@V?$basic_string@DU?$char_traits@D@std@@V?$allocator@D@2@@std@@U?$pair@$$CBV?$basic_string@DU?$char_traits@D@std@@V?$allocator@D@2@@std@@UTransferInfo@@@2@U_Kfn@?$map@V?$basic_string@DU?$char_traits@D@std@@V?$allocator@D@2@@std@@UTransferInfo@@U?$less@V?$basic_string@DU?$char_traits@D@std@@V?$allocator@D@2@@std@@@2@V?$allocator@UTransferInfo@@@2@@2@U?$less@V?$basic_string@DU?$char_traits@D@std@@V?$allocator@D@2@@std@@@2@V?$allocator@UTransferInfo@@@2@@std@@IAE?AViterator@12@PAU_Node@12@0ABU?$pair@$$CBV?$basic_string@DU?$char_traits@D@std@@V?$allocator@D@2@@std@@UTransferInfo@@@2@@Z 004150d0 f i GameServer.obj
 0001:000143e0       ?_Lbound@?$_Tree@V?$basic_string@DU?$char_traits@D@std@@V?$allocator@D@2@@std@@U?$pair@$$CBV?$basic_string@DU?$char_traits@D@std@@V?$allocator@D@2@@std@@UTransferInfo@@@2@U_Kfn@?$map@V?$basic_string@DU?$char_traits@D@std@@V?$allocator@D@2@@std@@UTransferInfo@@U?$less@V?$basic_string@DU?$char_traits@D@std@@V?$allocator@D@2@@std@@@2@V?$allocator@UTransferInfo@@@2@@2@U?$less@V?$basic_string@DU?$char_traits@D@std@@V?$allocator@D@2@@std@@@2@V?$allocator@UTransferInfo@@@2@@std@@IBEPAU_Node@12@ABV?$basic_string@DU?$char_traits@D@std@@V?$allocator@D@2@@2@@Z 004153e0 f i GameServer.obj
 0001:000144a0       ?_Ubound@?$_Tree@V?$basic_string@DU?$char_traits@D@std@@V?$allocator@D@2@@std@@U?$pair@$$CBV?$basic_string@DU?$char_traits@D@std@@V?$allocator@D@2@@std@@UTransferInfo@@@2@U_Kfn@?$map@V?$basic_string@DU?$char_traits@D@std@@V?$allocator@D@2@@std@@UTransferInfo@@U?$less@V?$basic_string@DU?$char_traits@D@std@@V?$allocator@D@2@@std@@@2@V?$allocator@UTransferInfo@@@2@@2@U?$less@V?$basic_string@DU?$char_traits@D@std@@V?$allocator@D@2@@std@@@2@V?$allocator@UTransferInfo@@@2@@std@@IBEPAU_Node@12@ABV?$basic_string@DU?$char_traits@D@std@@V?$allocator@D@2@@2@@Z 004154a0 f i GameServer.obj
 0001:00014570       ?_Dec@const_iterator@?$_Tree@V?$basic_string@DU?$char_traits@D@std@@V?$allocator@D@2@@std@@U?$pair@$$CBV?$basic_string@DU?$char_traits@D@std@@V?$allocator@D@2@@std@@UTransferInfo@@@2@U_Kfn@?$map@V?$basic_string@DU?$char_traits@D@std@@V?$allocator@D@2@@std@@UTransferInfo@@U?$less@V?$basic_string@DU?$char_traits@D@std@@V?$allocator@D@2@@std@@@2@V?$allocator@UTransferInfo@@@2@@2@U?$less@V?$basic_string@DU?$char_traits@D@std@@V?$allocator@D@2@@std@@@2@V?$allocator@UTransferInfo@@@2@@std@@QAEXXZ 00415570 f i GameServer.obj
 0001:00014630       ?_Distance@std@@YAXViterator@?$_Tree@V?$basic_string@DU?$char_traits@D@std@@V?$allocator@D@2@@std@@U?$pair@$$CBV?$basic_string@DU?$char_traits@D@std@@V?$allocator@D@2@@std@@UTransferInfo@@@2@U_Kfn@?$map@V?$basic_string@DU?$char_traits@D@std@@V?$allocator@D@2@@std@@UTransferInfo@@U?$less@V?$basic_string@DU?$char_traits@D@std@@V?$allocator@D@2@@std@@@2@V?$allocator@UTransferInfo@@@2@@2@U?$less@V?$basic_string@DU?$char_traits@D@std@@V?$allocator@D@2@@std@@@2@V?$allocator@UTransferInfo@@@2@@1@0AAI@Z 00415630 f i GameServer.obj
 0001:00014660       ?_Construct@std@@YAXPAU?$pair@$$CBIV?$list@PAVIGServer@@V?$allocator@PAVIGServer@@@std@@@std@@@1@ABU21@@Z 00415660 f i GameServer.obj
 0001:00014720       ?_Construct@std@@YAXPAU?$pair@$$CBIPAVIGServer@@@1@ABU21@@Z 00415720 f i GameServer.obj
 0001:00014740       ?_Construct@std@@YAXPAU?$pair@$$CBV?$basic_string@DU?$char_traits@D@std@@V?$allocator@D@2@@std@@PAX@1@ABU21@@Z 00415740 f i GameServer.obj
[...]
 0001:0001d230       _$E23                      0041e230 f   common:Buffer.obj
 0001:0001d250       _$E22                      0041e250 f   common:Buffer.obj
 0001:0001afb0       _$E19                      0041bfb0 f   common:Exception.obj
 0001:0001afd0       _$E18                      0041bfd0 f   common:Exception.obj
 0001:0001ab10       _$E21                      0041bb10 f   common:Win32Exception.obj
 0001:0001ab30       _$E20                      0041bb30 f   common:Win32Exception.obj
 0001:0001a650       ?Create@Win32@OnlineGameLib@@YAPAXPAU_SECURITY_ATTRIBUTES@@HHPBD@Z 0041b650 f   common:Mutex.obj
 0001:0001aa50       _$E19                      0041ba50 f   common:Mutex.obj
 0001:0001aa70       _$E18                      0041ba70 f   common:Mutex.obj
 0001:0002fa21       __Mbrtowc_lk               00430a21 f   libcpmt:xmbtowc.obj
 0001:0002f2ed       _$E37                      004302ed f   libcpmt:xlocale.obj
 0001:0002f302       _$E36                      00430302 f   libcpmt:xlocale.obj
 0001:0002c424       _$E47                      0042d424 f   libcpmt:wlocale.obj
 0001:0002c439       _$E46                      0042d439 f   libcpmt:wlocale.obj
 0001:00026236       _$E2                       00427236 f   libcpmt:nomemory.obj
 0001:000252af       _$E18                      004262af f   libcpmt:wiostrea.obj
 0001:000252b9       _$E15                      004262b9 f   libcpmt:wiostrea.obj
 0001:000252c3       _$E17                      004262c3 f   libcpmt:wiostrea.obj
 0001:000252cf       _$E16                      004262cf f   libcpmt:wiostrea.obj
 0001:000252d9       _$E24                      004262d9 f   libcpmt:wiostrea.obj
 0001:000252e3       _$E21                      004262e3 f   libcpmt:wiostrea.obj
 0001:000252ed       _$E23                      004262ed f   libcpmt:wiostrea.obj
 0001:000252f9       _$E22                      004262f9 f   libcpmt:wiostrea.obj
 0001:00025303       _$E29                      00426303 f   libcpmt:wiostrea.obj
 0001:0002530d       _$E26                      0042630d f   libcpmt:wiostrea.obj
 0001:0002531a       _$E28                      0042631a f   libcpmt:wiostrea.obj
 0001:00025326       _$E27                      00426326 f   libcpmt:wiostrea.obj
 0001:00025330       _$E34                      00426330 f   libcpmt:wiostrea.obj
 0001:0002533a       _$E31                      0042633a f   libcpmt:wiostrea.obj
 0001:00025347       _$E33                      00426347 f   libcpmt:wiostrea.obj
 0001:00025353       _$E32                      00426353 f   libcpmt:wiostrea.obj
 0001:0002535d       _$E39                      0042635d f   libcpmt:wiostrea.obj
 0001:00025367       _$E36                      00426367 f   libcpmt:wiostrea.obj
 0001:00025374       _$E38                      00426374 f   libcpmt:wiostrea.obj
 0001:00025380       _$E37                      00426380 f   libcpmt:wiostrea.obj
 0001:0002538a       _$E44                      0042638a f   libcpmt:wiostrea.obj
 0001:00025394       _$E41                      00426394 f   libcpmt:wiostrea.obj
 0001:000253a3       _$E43                      004263a3 f   libcpmt:wiostrea.obj
 0001:000253af       _$E42                      004263af f   libcpmt:wiostrea.obj
 0001:000253ce       _$E49                      004263ce f   libcpmt:wiostrea.obj
 0001:000253d8       _$E46                      004263d8 f   libcpmt:wiostrea.obj
 0001:000253e7       _$E48                      004263e7 f   libcpmt:wiostrea.obj
 0001:000253f3       _$E47                      004263f3 f   libcpmt:wiostrea.obj
 0001:00025412       _$E54                      00426412 f   libcpmt:wiostrea.obj
 0001:0002541c       _$E51                      0042641c f   libcpmt:wiostrea.obj
 0001:0002542b       _$E53                      0042642b f   libcpmt:wiostrea.obj
 0001:00025437       _$E52                      00426437 f   libcpmt:wiostrea.obj
 0001:00025441       _$E59                      00426441 f   libcpmt:wiostrea.obj
 0001:0002544b       _$E56                      0042644b f   libcpmt:wiostrea.obj
 0001:0002545a       _$E58                      0042645a f   libcpmt:wiostrea.obj
 0001:00025466       _$E57                      00426466 f   libcpmt:wiostrea.obj
 0001:00026134       _$E70                      00427134 f   libcpmt:wiostrea.obj
 0001:0002615e       _$E66                      0042715e f   libcpmt:wiostrea.obj
 0001:0002616a       _$E69                      0042716a f   libcpmt:wiostrea.obj
 0001:00024d71       _$E18                      00425d71 f   libcpmt:iostream.obj
 0001:00024d7b       _$E15                      00425d7b f   libcpmt:iostream.obj
 0001:00024d88       _$E17                      00425d88 f   libcpmt:iostream.obj
 0001:00024d94       _$E16                      00425d94 f   libcpmt:iostream.obj
 0001:00024d9e       _$E23                      00425d9e f   libcpmt:iostream.obj
 0001:00024da8       _$E20                      00425da8 f   libcpmt:iostream.obj
 0001:00024db5       _$E22                      00425db5 f   libcpmt:iostream.obj
 0001:00024dc1       _$E21                      00425dc1 f   libcpmt:iostream.obj
 0001:00024dcb       _$E28                      00425dcb f   libcpmt:iostream.obj
 0001:00024dd5       _$E25                      00425dd5 f   libcpmt:iostream.obj
 0001:00024de4       _$E27                      00425de4 f   libcpmt:iostream.obj
 0001:00024df0       _$E26                      00425df0 f   libcpmt:iostream.obj
 0001:00024dfa       _$E33                      00425dfa f   libcpmt:iostream.obj
 0001:00024e04       _$E30                      00425e04 f   libcpmt:iostream.obj
 0001:00024e13       _$E32                      00425e13 f   libcpmt:iostream.obj
 0001:00024e1f       _$E31                      00425e1f f   libcpmt:iostream.obj
 0001:00024e29       _$E38                      00425e29 f   libcpmt:iostream.obj
 0001:00024e33       _$E35                      00425e33 f   libcpmt:iostream.obj
 0001:00024e40       _$E37                      00425e40 f   libcpmt:iostream.obj
 0001:00024e4c       _$E36                      00425e4c f   libcpmt:iostream.obj
 0001:00024e56       _$E43                      00425e56 f   libcpmt:iostream.obj
 0001:00024e60       _$E40                      00425e60 f   libcpmt:iostream.obj
 0001:00024e6f       _$E42                      00425e6f f   libcpmt:iostream.obj
 0001:00024e7b       _$E41                      00425e7b f   libcpmt:iostream.obj
 0001:00024e85       _$E48                      00425e85 f   libcpmt:iostream.obj
 0001:00024e8f       _$E45                      00425e8f f   libcpmt:iostream.obj
 0001:00024e9e       _$E47                      00425e9e f   libcpmt:iostream.obj
 0001:00024eaa       _$E46                      00425eaa f   libcpmt:iostream.obj
 0001:0002526d       _$E60                      0042626d f   libcpmt:iostream.obj
 0001:00025297       _$E56                      00426297 f   libcpmt:iostream.obj
 0001:000252a3       _$E59                      004262a3 f   libcpmt:iostream.obj
 0001:00024d2f       _$E32                      00425d2f f   libcpmt:locale.obj
 0001:00024d59       _$E28                      00425d59 f   libcpmt:locale.obj
 0001:00024d65       _$E31                      00425d65 f   libcpmt:locale.obj
 0001:0002230d       _$E18                      0042330d f   libcpmt:locale0.obj
 0001:00022317       _$E15                      00423317 f   libcpmt:locale0.obj
 0001:00022318       _$E17                      00423318 f   libcpmt:locale0.obj
 0001:00022324       _$E16                      00423324 f   libcpmt:locale0.obj
 0001:00022756       _$E29                      00423756 f   libcpmt:locale0.obj
 0001:00022780       _$E25                      00423780 f   libcpmt:locale0.obj
 0001:0002278c       _$E28                      0042378c f   libcpmt:locale0.obj
 0001:000222cb       _$E24                      004232cb f   libcpmt:strstrea.obj
 0001:000222f5       _$E20                      004232f5 f   libcpmt:strstrea.obj
 0001:00022301       _$E23                      00423301 f   libcpmt:strstrea.obj
 0001:000213f6       ?_CleanUp@std@@YAXXZ       004223f6 f   libcpmt:xlock.obj
 0001:00021335       _$E24                      00422335 f   libcpmt:string.obj
 0001:0002135f       _$E20                      0042235f f   libcpmt:string.obj
 0001:0002136b       _$E23                      0042236b f   libcpmt:string.obj
 0001:0003d9e6       _findenv                   0043e9e6 f   LIBCMT:setenv.obj
 0001:0003da3e       _copy_environ              0043ea3e f   LIBCMT:setenv.obj
 0001:0003cc7e       _ctrlevent_capture@4       0043dc7e f   LIBCMT:winsig.obj
 0001:0003ce62       _siglookup                 0043de62 f   LIBCMT:winsig.obj
 0001:0003c2db       _xtoa                      0043d2db f   LIBCMT:xtoa.obj
 0001:0003c3ad       _x64toa@20                 0043d3ad f   LIBCMT:xtoa.obj
 0001:0003b615       _getSystemCP               0043c615 f   LIBCMT:mbctype.obj
 0001:0003b65f       _CPtoLCID                  0043c65f f   LIBCMT:mbctype.obj
 0001:0003b692       _setSBCS                   0043c692 f   LIBCMT:mbctype.obj
 0001:0003b6bb       _setSBUpLow                0043c6bb f   LIBCMT:mbctype.obj
 0001:0003b437       _x_ismbbtype               0043c437 f   LIBCMT:ismbbyte.obj
 0001:0003aaa2       __abstract_cw              0043baa2 f   LIBCMT:ieee87.obj
 0001:0003ab34       __hw_cw                    0043bb34 f   LIBCMT:ieee87.obj
 0001:0003abbd       __abstract_sw              0043bbbd f   LIBCMT:ieee87.obj
 0001:0003a04e       __tzset_lk                 0043b04e f   LIBCMT:tzset.obj
 0001:0003a2f6       __isindst_lk               0043b2f6 f   LIBCMT:tzset.obj
 0001:0003a4a2       _cvtdate                   0043b4a2 f   LIBCMT:tzset.obj
 0001:00039397       _TranslateName             0043a397 f   LIBCMT:getqloc.obj
 0001:000393ef       _GetLcidFromLangCountry    0043a3ef f   LIBCMT:getqloc.obj
 0001:00039476       _LangCountryEnumProc@4     0043a476 f   LIBCMT:getqloc.obj
 0001:0003967a       _GetLcidFromLanguage       0043a67a f   LIBCMT:getqloc.obj
 0001:000396d0       _LanguageEnumProc@4        0043a6d0 f   LIBCMT:getqloc.obj
 0001:0003978d       _GetLcidFromCountry        0043a78d f   LIBCMT:getqloc.obj
 0001:000397c4       _CountryEnumProc@4         0043a7c4 f   LIBCMT:getqloc.obj
 0001:0003984a       _GetLcidFromDefault        0043a84a f   LIBCMT:getqloc.obj
 0001:00039864       _ProcessCodePage           0043a864 f   LIBCMT:getqloc.obj
 0001:000398ca       _TestDefaultCountry        0043a8ca f   LIBCMT:getqloc.obj
 0001:000398e9       _TestDefaultLanguage       0043a8e9 f   LIBCMT:getqloc.obj
 0001:0003994b       _IsThisWindowsNT           0043a94b f   LIBCMT:getqloc.obj
 0001:00039981       _crtGetLocaleInfoA@16      0043a981 f   LIBCMT:getqloc.obj
 0001:00039a67       _LcidFromHexString         0043aa67 f   LIBCMT:getqloc.obj
 0001:00039aa0       _GetPrimaryLen             0043aaa0 f   LIBCMT:getqloc.obj
 0001:00038dad       __get_lc_lconv             00439dad f   LIBCMT:initmon.obj
 0001:00038ecf       _fix_grouping              00439ecf f   LIBCMT:initmon.obj
 0001:00038f06       __free_lc_lconv            00439f06 f   LIBCMT:initmon.obj
 0001:00038cab       _fix_grouping              00439cab f   LIBCMT:initnum.obj
 0001:000385f8       __get_lc_time              004395f8 f   LIBCMT:inittime.obj
 0001:00038946       __free_lc_time             00439946 f   LIBCMT:inittime.obj
 0001:00036526       _parse_cmdline             00437526 f   LIBCMT:stdargv.obj
 0001:00036342       _xcptlookup                00437342 f   LIBCMT:winxfltr.obj
 0001:00035e48       __cftoe2                   00436e48 f   LIBCMT:cvt.obj
 0001:00035f5f       __cftof2                   00436f5f f   LIBCMT:cvt.obj
 0001:000360ea       __shift                    004370ea f   LIBCMT:cvt.obj
 0001:000358e4       _write_char                004368e4 f   LIBCMT:output.obj
 0001:00035919       _write_multi_char          00436919 f   LIBCMT:output.obj
 0001:0003594a       _write_string              0043694a f   LIBCMT:output.obj
 0001:00035982       _get_int_arg               00436982 f   LIBCMT:output.obj
 0001:0003598f       _get_int64_arg             0043698f f   LIBCMT:output.obj
 0001:0003599f       _get_short_arg             0043699f f   LIBCMT:output.obj
 0001:000347e7       ?FindHandler@@YAXPAUEHExceptionRecord@@PAUEHRegistrationNode@@PAU_CONTEXT@@PAXPBU_s_FuncInfo@@EH1@Z 004357e7 f   LIBCMT:frame.obj
 0001:0003499a       ?FindHandlerForForeignException@@YAXPAUEHExceptionRecord@@PAUEHRegistrationNode@@PAU_CONTEXT@@PAXPBU_s_FuncInfo@@HH1@Z 0043599a f   LIBCMT:frame.obj
 0001:00034a44       ?TypeMatch@@YAHPBU_s_HandlerType@@PBU_s_CatchableType@@PBU_s_ThrowInfo@@@Z 00435a44 f   LIBCMT:frame.obj
 0001:00034b3f       ?FrameUnwindFilter@@YAHPAU_EXCEPTION_POINTERS@@@Z 00435b3f f   LIBCMT:frame.obj
 0001:00034b55       ?CatchIt@@YAXPAUEHExceptionRecord@@PAUEHRegistrationNode@@PAU_CONTEXT@@PAXPBU_s_FuncInfo@@PBU_s_HandlerType@@PBU_s_CatchableType@@PBU_s_TryBlockMapEntry@@H1E@Z 00435b55 f   LIBCMT:frame.obj
 0001:00034bd0       ?CallCatchBlock@@YAPAXPAUEHExceptionRecord@@PAUEHRegistrationNode@@PAU_CONTEXT@@PBU_s_FuncInfo@@PAXHK@Z 00435bd0 f   LIBCMT:frame.obj
 0001:00034ceb       ?ExFilterRethrow@@YAHPAU_EXCEPTION_POINTERS@@@Z 00435ceb f   LIBCMT:frame.obj
 0001:00034d15       ?BuildCatchObject@@YAXPAUEHExceptionRecord@@PAUEHRegistrationNode@@PBU_s_HandlerType@@PBU_s_CatchableType@@@Z 00435d15 f   LIBCMT:frame.obj
 0001:00034f40       ?AdjustPointer@@YAPAXPAXABUPMD@@@Z 00435f40 f   LIBCMT:frame.obj
 0001:000343dc       _doexit                    004353dc f   LIBCMT:crt0dat.obj
 0001:00034493       __initterm                 00435493 f   LIBCMT:crt0dat.obj
 0001:00034344       _strncnt                   00435344 f   LIBCMT:a_cmp.obj
 0001:00033f7d       _strncnt                   00434f7d f   LIBCMT:a_map.obj
 0001:0003347c       __expandtime               0043447c f   LIBCMT:strftime.obj
 0001:0003386b       __store_str                0043486b f   LIBCMT:strftime.obj
 0001:00033892       __store_num                00434892 f   LIBCMT:strftime.obj
 0001:00033901       __store_number             00434901 f   LIBCMT:strftime.obj
 0001:0003394a       __store_winword            0043494a f   LIBCMT:strftime.obj
 0001:00032840       _strtoxl                   00433840 f   LIBCMT:strtol.obj
 0001:00032232       __setlocale_set_cat        00433232 f   LIBCMT:setlocal.obj
 0001:0003234d       __setlocale_get_all        0043334d f   LIBCMT:setlocal.obj
 0001:00031c70       LeadUp1                    00432c70 f   LIBCMT:memcpy.obj
 0001:00031c9c       LeadUp2                    00432c9c f   LIBCMT:memcpy.obj
 0001:00031cc0       LeadUp3                    00432cc0 f   LIBCMT:memcpy.obj
 0001:00031d3f       UnwindUp0                  00432d3f f   LIBCMT:memcpy.obj
 0001:00031d2c       UnwindUp1                  00432d2c f   LIBCMT:memcpy.obj
 0001:00031d24       UnwindUp2                  00432d24 f   LIBCMT:memcpy.obj
 0001:00031d1c       UnwindUp3                  00432d1c f   LIBCMT:memcpy.obj
 0001:00031d14       UnwindUp4                  00432d14 f   LIBCMT:memcpy.obj
 0001:00031d0c       UnwindUp5                  00432d0c f   LIBCMT:memcpy.obj
 0001:00031d04       UnwindUp6                  00432d04 f   LIBCMT:memcpy.obj
 0001:00031cfc       UnwindUp7                  00432cfc f   LIBCMT:memcpy.obj
 0001:00031d58       TrailUp0                   00432d58 f   LIBCMT:memcpy.obj
 0001:00031d60       TrailUp1                   00432d60 f   LIBCMT:memcpy.obj
 0001:00031d6c       TrailUp2                   00432d6c f   LIBCMT:memcpy.obj
 0001:00031d80       TrailUp3                   00432d80 f   LIBCMT:memcpy.obj
 0001:00031df8       LeadDown1                  00432df8 f   LIBCMT:memcpy.obj
 0001:00031e18       LeadDown2                  00432e18 f   LIBCMT:memcpy.obj
 0001:00031e40       LeadDown3                  00432e40 f   LIBCMT:memcpy.obj
 0001:00031e94       UnwindDown7                00432e94 f   LIBCMT:memcpy.obj
 0001:00031e9c       UnwindDown6                00432e9c f   LIBCMT:memcpy.obj
 0001:00031ea4       UnwindDown5                00432ea4 f   LIBCMT:memcpy.obj
 0001:00031eac       UnwindDown4                00432eac f   LIBCMT:memcpy.obj
 0001:00031eb4       UnwindDown3                00432eb4 f   LIBCMT:memcpy.obj
 0001:00031ebc       UnwindDown2                00432ebc f   LIBCMT:memcpy.obj
 0001:00031ec4       UnwindDown1                00432ec4 f   LIBCMT:memcpy.obj
 0001:00031ed7       UnwindDown0                00432ed7 f   LIBCMT:memcpy.obj
 0001:00031ef0       TrailDown0                 00432ef0 f   LIBCMT:memcpy.obj
 0001:00031ef8       TrailDown1                 00432ef8 f   LIBCMT:memcpy.obj
 0001:00031f08       TrailDown2                 00432f08 f   LIBCMT:memcpy.obj
 0001:00031f1c       TrailDown3                 00432f1c f   LIBCMT:memcpy.obj
 0001:00031a73       _flsall                    00432a73 f   LIBCMT:fflush.obj
 0001:000310cc       _fast_error_exit           004320cc f   LIBCMT:wincrt0.obj
 0001:000309fc       ?ArrayUnwindFilter@@YAHPAU_EXCEPTION_POINTERS@@@Z 004319fc f   LIBCMT:ehvecdtr.obj
 0001:00030650       LeadUp1                    00431650 f   LIBCMT:memmove.obj
 0001:0003067c       LeadUp2                    0043167c f   LIBCMT:memmove.obj
 0001:000306a0       LeadUp3                    004316a0 f   LIBCMT:memmove.obj
 0001:0003071f       UnwindUp0                  0043171f f   LIBCMT:memmove.obj
 0001:0003070c       UnwindUp1                  0043170c f   LIBCMT:memmove.obj
 0001:00030704       UnwindUp2                  00431704 f   LIBCMT:memmove.obj
 0001:000306fc       UnwindUp3                  004316fc f   LIBCMT:memmove.obj
 0001:000306f4       UnwindUp4                  004316f4 f   LIBCMT:memmove.obj
 0001:000306ec       UnwindUp5                  004316ec f   LIBCMT:memmove.obj
 0001:000306e4       UnwindUp6                  004316e4 f   LIBCMT:memmove.obj
 0001:000306dc       UnwindUp7                  004316dc f   LIBCMT:memmove.obj
 0001:00030738       TrailUp0                   00431738 f   LIBCMT:memmove.obj
 0001:00030740       TrailUp1                   00431740 f   LIBCMT:memmove.obj
 0001:0003074c       TrailUp2                   0043174c f   LIBCMT:memmove.obj
 0001:00030760       TrailUp3                   00431760 f   LIBCMT:memmove.obj
 0001:000307d8       LeadDown1                  004317d8 f   LIBCMT:memmove.obj
 0001:000307f8       LeadDown2                  004317f8 f   LIBCMT:memmove.obj
 0001:00030820       LeadDown3                  00431820 f   LIBCMT:memmove.obj
 0001:00030874       UnwindDown7                00431874 f   LIBCMT:memmove.obj
 0001:0003087c       UnwindDown6                0043187c f   LIBCMT:memmove.obj
 0001:00030884       UnwindDown5                00431884 f   LIBCMT:memmove.obj
 0001:0003088c       UnwindDown4                0043188c f   LIBCMT:memmove.obj
 0001:00030894       UnwindDown3                00431894 f   LIBCMT:memmove.obj
 0001:0003089c       UnwindDown2                0043189c f   LIBCMT:memmove.obj
 0001:000308a4       UnwindDown1                004318a4 f   LIBCMT:memmove.obj
 0001:000308b7       UnwindDown0                004318b7 f   LIBCMT:memmove.obj
 0001:000308d0       TrailDown0                 004318d0 f   LIBCMT:memmove.obj
 0001:000308d8       TrailDown1                 004318d8 f   LIBCMT:memmove.obj
 0001:000308e8       TrailDown2                 004318e8 f   LIBCMT:memmove.obj
 0001:000308fc       TrailDown3                 004318fc f   LIBCMT:memmove.obj
 0001:000303c4       _gu_return                 004313c4 f   LIBCMT:exsup.obj
 0001:000303cc       __unwind_handler           004313cc f   LIBCMT:exsup.obj
 0001:000301e0       ?CatchGuardHandler@@YA?AW4_EXCEPTION_DISPOSITION@@PAUEHExceptionRecord@@PAUCatchGuardRN@@PAX2@Z 004311e0 f   LIBCMT:trnsctrl.obj
 0001:000302bb       ?TranslatorGuardHandler@@YA?AW4_EXCEPTION_DISPOSITION@@PAUEHExceptionRecord@@PAUTranslatorGuardRN@@PAX2@Z 004312bb f   LIBCMT:trnsctrl.obj
