 Bishop

 Timestamp is 69163ee5 (Thu Nov 13 15:26:13 2025)

 Preferred load address is 00400000

 Start         Length     Name                   Class
 0001:00000000 0003e2b4H .text                   CODE
 0001:0003e2c0 0000364eH .text$x                 CODE
 0002:00000000 00000268H .idata$5                DATA
 0002:00000268 00001974H .rdata                  DATA
 0002:00001be0 0000122cH .rdata$r                DATA
 0002:00002e10 00005b10H .xdata$x                DATA
 0002:00008920 000000a0H .idata$2                DATA
 0002:000089c0 00000014H .idata$3                DATA
 0002:000089d4 00000268H .idata$4                DATA
 0002:00008c3c 00000a2eH .idata$6                DATA
 0002:0000966a 00000000H .edata                  DATA
 0003:00000000 00000004H .CRT$XCA                DATA
 0003:00000004 0000012cH .CRT$XCU                DATA
 0003:00000130 00000004H .CRT$XCZ                DATA
 0003:00000134 00000004H .CRT$XIA                DATA
 0003:00000138 0000000cH .CRT$XIC                DATA
 0003:00000144 00000004H .CRT$XIY                DATA
 0003:00000148 00000004H .CRT$XIZ                DATA
 0003:0000014c 00000004H .CRT$XPA                DATA
 0003:00000150 00000004H .CRT$XPX                DATA
 0003:00000154 00000004H .CRT$XPZ                DATA
 0003:00000158 00000004H .CRT$XTA                DATA
 0003:0000015c 00000004H .CRT$XTB                DATA
 0003:00000160 00000004H .CRT$XTZ                DATA
 0003:00000170 000041d0H .data                   DATA
 0003:00004340 00002310H .bss                    DATA
 0004:00000000 000002c8H .rsrc$01                DATA
 0004:000002d0 00006d90H .rsrc$02                DATA

  Address         Publics by Value              Rva+Base     Lib:Object

 0001:00000050       ??0CBishopApp@@QAE@XZ      00401050 f   Application.obj
 0001:00000070       ??_GCBishopApp@@UAEPAXI@Z  00401070 f i Application.obj
 0001:00000070       ??_ECBishopApp@@UAEPAXI@Z  00401070 f i Application.obj
 0001:00000090       ??0CBishopApp@@QAE@PAUHINSTANCE__@@@Z 00401090 f   Application.obj
 0001:000000c0       ??1CBishopApp@@UAE@XZ      004010c0 f   Application.obj
 0001:000000d0       ?Run@CBishopApp@@QAEHXZ    004010d0 f   Application.obj
 0001:00000170       ?LoginSystem@CBishopApp@@IAE_NXZ 00401170 f   Application.obj
 0001:000001a0       ?LoginDlgProc@CBishopApp@@KGHPAUHWND__@@IIJ@Z 004011a0 f   Application.obj
 0001:000003b0       ?EnterToAffirm@CBishopApp@@KAXPAUHWND__@@@Z 004013b0 f   Application.obj
 0001:00000420       ?LeaveToAffirm@CBishopApp@@KAXPAUHWND__@@@Z 00401420 f   Application.obj
 0001:00000480       ?CheckUserInfo@CBishopApp@@KA_NPAUHWND__@@@Z 00401480 f   Application.obj
 0001:00000580       ?ServerLoginRoutine@CBishopApp@@KGKPAUHWND__@@@Z 00401580 f   Application.obj
 0001:00000620       ?RegisterMainWndClass@CBishopApp@@IAEHXZ 00401620 f   Application.obj
 0001:000006d0       ?MainDialog@CBishopApp@@IAEIXZ 004016d0 f   Application.obj
 0001:00000780       ?MainWndProc@CBishopApp@@KGHPAUHWND__@@IIJ@Z 00401780 f   Application.obj
 0001:00000cb0       ?AddGameServerInfo@CBishopApp@@CAXPAUHWND__@@IPBD@Z 00401cb0 f   Application.obj
 0001:00000d10       ?DelGameServerInfo@CBishopApp@@CAXPAUHWND__@@I@Z 00401d10 f   Application.obj
 0001:00000d90       ?InitMainDlg@CBishopApp@@KAXPAUHWND__@@@Z 00401d90 f   Application.obj
 0001:00000e50       ?CloseMainDlg@CBishopApp@@KAXPAUHWND__@@@Z 00401e50 f   Application.obj
 0001:00000e70       ?UpdateVariable@CBishopApp@@KAXPAUHWND__@@@Z 00401e70 f   Application.obj
 0001:00000f50       ?EnableGameSvrCtrl@CBishopApp@@KAXPAUHWND__@@H@Z 00401f50 f   Application.obj
 0001:00000fd0       ?EnableCtrl@CBishopApp@@KAXPAUHWND__@@IH@Z 00401fd0 f   Application.obj
 0001:00001000       ?SendAnnounceText@CBishopApp@@KAXPAUHWND__@@PBDIIH@Z 00402000 f   Application.obj
 0001:000010d0       ?_Grow@?$basic_string@DU?$char_traits@D@std@@V?$allocator@D@2@@std@@AAE_NI_N@Z 004020d0 f i Application.obj
 0001:000011f0       ?_Copy@?$basic_string@DU?$char_traits@D@std@@V?$allocator@D@2@@std@@AAEXI@Z 004021f0 f i Application.obj
 0001:00001330       ?id@?$ctype@G@std@@$E      00402330 f i Application.obj
 0001:00001340       _WinMain@16                00402340 f   Bishop.obj
 0001:000013a0       ??0CEvent@Win32@OnlineGameLib@@QAE@PAU_SECURITY_ATTRIBUTES@@_N1@Z 004023a0 f   Event.obj
 0001:000014b0       ??1CWin32Exception@Win32@OnlineGameLib@@UAE@XZ 004024b0 f i Event.obj
 0001:00001530       ??_ECException@Win32@OnlineGameLib@@UAEPAXI@Z 00402530 f i Event.obj
 0001:00001530       ??_GCException@Win32@OnlineGameLib@@UAEPAXI@Z 00402530 f i Event.obj
 0001:00001550       ??1CException@Win32@OnlineGameLib@@UAE@XZ 00402550 f i Event.obj
 0001:000015d0       ??0CWin32Exception@Win32@OnlineGameLib@@QAE@ABV012@@Z 004025d0 f i Event.obj
 0001:00001710       ??0CException@Win32@OnlineGameLib@@QAE@ABV012@@Z 00402710 f i Event.obj
 0001:00001850       ??_GCWin32Exception@Win32@OnlineGameLib@@UAEPAXI@Z 00402850 f i Event.obj
 0001:00001850       ??_ECWin32Exception@Win32@OnlineGameLib@@UAEPAXI@Z 00402850 f i Event.obj
 0001:00001870       ??_GCEvent@Win32@OnlineGameLib@@UAEPAXI@Z 00402870 f i Event.obj
 0001:00001870       ??_ECEvent@Win32@OnlineGameLib@@UAEPAXI@Z 00402870 f i Event.obj
 0001:00001890       ??0CEvent@Win32@OnlineGameLib@@QAE@PAU_SECURITY_ATTRIBUTES@@_N1PBD@Z 00402890 f   Event.obj
 0001:000018c0       ??1CEvent@Win32@OnlineGameLib@@UAE@XZ 004028c0 f   Event.obj
 0001:000018e0       ?Wait@CEvent@Win32@OnlineGameLib@@QBEXXZ 004028e0 f   Event.obj
 0001:000019e0       ?Wait@CEvent@Win32@OnlineGameLib@@QBE_NK@Z 004029e0 f   Event.obj
 0001:00001ad0       ?Reset@CEvent@Win32@OnlineGameLib@@QAEXXZ 00402ad0 f   Event.obj
 0001:00001ba0       ?Set@CEvent@Win32@OnlineGameLib@@QAEXXZ 00402ba0 f   Event.obj
 0001:00001c70       ?Pulse@CEvent@Win32@OnlineGameLib@@QAEXXZ 00402c70 f   Event.obj
 0001:00001d40       ??1?$basic_string@DU?$char_traits@D@std@@V?$allocator@D@2@@std@@QAE@XZ 00402d40 f i Event.obj
 0001:00001d80       ?assign@?$basic_string@DU?$char_traits@D@std@@V?$allocator@D@2@@std@@QAEAAV12@ABV12@II@Z 00402d80 f i Event.obj
 0001:00001f80       ?_Tidy@?$basic_string@DU?$char_traits@D@std@@V?$allocator@D@2@@std@@AAEX_N@Z 00402f80 f i Event.obj
 0001:00001fd0       ?assign@?$basic_string@DU?$char_traits@D@std@@V?$allocator@D@2@@std@@QAEAAV12@PBDI@Z 00402fd0 f i Event.obj
 0001:00002070       ?erase@?$basic_string@DU?$char_traits@D@std@@V?$allocator@D@2@@std@@QAEAAV12@II@Z 00403070 f i Event.obj
 0001:00002190       ?_Eos@?$basic_string@DU?$char_traits@D@std@@V?$allocator@D@2@@std@@AAEXI@Z 00403190 f i Event.obj
 0001:000021b0       ?max_size@?$basic_string@DU?$char_traits@D@std@@V?$allocator@D@2@@std@@QBEIXZ 004031b0 f i Event.obj
 0001:000021c0       ?_Split@?$basic_string@DU?$char_traits@D@std@@V?$allocator@D@2@@std@@AAEXXZ 004031c0 f i Event.obj
 0001:00002350       ??1?$set@V?$basic_string@DU?$char_traits@D@std@@V?$allocator@D@2@@std@@U?$less@V?$basic_string@DU?$char_traits@D@std@@V?$allocator@D@2@@std@@@2@V?$allocator@V?$basic_string@DU?$char_traits@D@std@@V?$allocator@D@2@@std@@@2@@std@@QAE@XZ 00403350 f i GamePlayer.obj
 0001:000024d0       ??1?$map@V?$basic_string@DU?$char_traits@D@std@@V?$allocator@D@2@@std@@PAVIPlayer@@U?$less@V?$basic_string@DU?$char_traits@D@std@@V?$allocator@D@2@@std@@@2@V?$allocator@PAVIPlayer@@@2@@std@@QAE@XZ 004034d0 f i GamePlayer.obj
 0001:00002660       ?SetupGlobalAllocator@CGamePlayer@@SA_NII@Z 00403660 f   GamePlayer.obj
 0001:00002680       ??0CTask@CGamePlayer@@IAE@XZ 00403680 f   GamePlayer.obj
 0001:000026a0       ??1CTask@CGamePlayer@@QAE@XZ 004036a0 f   GamePlayer.obj
 0001:00002760       ??0CTask@CGamePlayer@@QAE@PAV1@I@Z 00403760 f   GamePlayer.obj
 0001:00002790       ?AddCmd@CTask@CGamePlayer@@QAEIP82@AEIXZ@Z 00403790 f   GamePlayer.obj
 0001:000027f0       ?Execute@CTask@CGamePlayer@@QAEIXZ 004037f0 f   GamePlayer.obj
 0001:00002870       ??0CDataQueue@CGamePlayer@@QAE@II@Z 00403870 f   GamePlayer.obj
 0001:00002960       ??1?$map@JPAVCBuffer@Win32@OnlineGameLib@@U?$less@J@std@@V?$allocator@PAVCBuffer@Win32@OnlineGameLib@@@5@@std@@QAE@XZ 00403960 f i GamePlayer.obj
 0001:000029d0       ??1CDataQueue@CGamePlayer@@QAE@XZ 004039d0 f   GamePlayer.obj
 0001:00002a90       ??1CCriticalSection@Win32@OnlineGameLib@@QAE@XZ 00403a90 f i GamePlayer.obj
 0001:00002aa0       ?Empty@CDataQueue@CGamePlayer@@QAEXXZ 00403aa0 f   GamePlayer.obj
 0001:00002b50       ??1Owner@CCriticalSection@Win32@OnlineGameLib@@QAE@XZ 00403b50 f i GamePlayer.obj
 0001:00002b60       ?AddData@CDataQueue@CGamePlayer@@QAE_NJPBEI@Z 00403b60 f   GamePlayer.obj
 0001:00002cb0       ?Attach@CDataQueue@CGamePlayer@@QAEPAVCBuffer@Win32@OnlineGameLib@@J@Z 00403cb0 f   GamePlayer.obj
 0001:00002d70       ?Detach@CDataQueue@CGamePlayer@@QAEXJ@Z 00403d70 f   GamePlayer.obj
 0001:00002d80       ?Clear@CDataQueue@CGamePlayer@@QAEXJ@Z 00403d80 f   GamePlayer.obj
 0001:00002e40       ??0CGamePlayer@@QAE@I@Z    00403e40 f   GamePlayer.obj
 0001:00003020       ??1IPlayer@@UAE@XZ         00404020 f i GamePlayer.obj
 0001:00003030       ??_GIPlayer@@UAEPAXI@Z     00404030 f i GamePlayer.obj
 0001:00003030       ??_EIPlayer@@UAEPAXI@Z     00404030 f i GamePlayer.obj
 0001:00003050       ?IsActive@CGamePlayer@@UAE_NXZ 00404050 f i GamePlayer.obj
 0001:00003060       ??_GCGamePlayer@@UAEPAXI@Z 00404060 f i GamePlayer.obj
 0001:00003060       ??_ECGamePlayer@@UAEPAXI@Z 00404060 f i GamePlayer.obj
 0001:00003080       ??_FCDataQueue@CGamePlayer@@QAEXXZ 00404080 f i GamePlayer.obj
 0001:00003090       ??1CGamePlayer@@UAE@XZ     00404090 f   GamePlayer.obj
 0001:000032a0       ?Active@CGamePlayer@@UAE_NXZ 004042a0 f   GamePlayer.obj
 0001:000032f0       ?Inactive@CGamePlayer@@UAE_NXZ 004042f0 f   GamePlayer.obj
 0001:00003b80       ?SafeClose@CGamePlayer@@IAEIXZ 00404b80 f   GamePlayer.obj
 0001:00003b90       ?_UnlockAccount@CGamePlayer@@IAE_NXZ 00404b90 f   GamePlayer.obj
 0001:00003c90       ?ATTACH_NETWORK@CGamePlayer@@SAXPAUIClient@@PAUIServer@@0@Z 00404c90 f   GamePlayer.obj
 0001:00003cb0       ?DETACH_NETWORK@CGamePlayer@@SAXXZ 00404cb0 f   GamePlayer.obj
 0001:00003d30       ?DispatchTask@CGamePlayer@@UAE_NI@Z 00404d30 f   GamePlayer.obj
 0001:00003d60       ?IsWorking@CGamePlayer@@UAE_NXZ 00404d60 f   GamePlayer.obj
 0001:00003d80       ?Run@CGamePlayer@@UAE_NXZ  00404d80 f   GamePlayer.obj
 0001:000040a0       ?AppendData@CGamePlayer@@UAE_NIPBXI@Z 004050a0 f   GamePlayer.obj
 0001:00004100       ?SmallPackProcess@CGamePlayer@@IAE_NIPBXI@Z 00405100 f   GamePlayer.obj
 0001:00004150       ?LargePackProcess@CGamePlayer@@IAE_NIPBXI@Z 00405150 f   GamePlayer.obj
 0001:000041f0       ?DispatchTaskForAccount@CGamePlayer@@IAE_NPBXI@Z 004051f0 f   GamePlayer.obj
 0001:00004230       ?DispatchTaskForDBRole@CGamePlayer@@IAE_NPBXI@Z 00405230 f   GamePlayer.obj
 0001:00004270       ?DispatchTaskForPlayer@CGamePlayer@@IAE_NPBXI@Z 00405270 f   GamePlayer.obj
 0001:000042b0       ?_ClearTaskQueue@CGamePlayer@@IAEXXZ 004052b0 f   GamePlayer.obj
 0001:000042e0       ?InitTaskProcessor@CGamePlayer@@AAEXXZ 004052e0 f   GamePlayer.obj
 0001:000043b0       ?TaskCompleted@CGamePlayer@@IAE_NXZ 004053b0 f   GamePlayer.obj
 0001:000044d0       ?WaitForAccPwd@CGamePlayer@@IAEIXZ 004054d0 f   GamePlayer.obj
 0001:00004cb0       ?QueryAccPwd@CGamePlayer@@IAEIXZ 00405cb0 f   GamePlayer.obj
 0001:00004ef0       ?VerifyAccount@CGamePlayer@@IAEIXZ 00405ef0 f   GamePlayer.obj
 0001:00005420       ?_VerifyAccount_ToPlayer@CGamePlayer@@IAE_NIK@Z 00406420 f   GamePlayer.obj
 0001:000055c0       ?QueryRoleList@CGamePlayer@@IAEIXZ 004065c0 f   GamePlayer.obj
 0001:000056e0       ?ProcessRoleList@CGamePlayer@@IAEIXZ 004066e0 f   GamePlayer.obj
 0001:00005820       ?SelAddDelRole@CGamePlayer@@IAEIXZ 00406820 f   GamePlayer.obj
 0001:00005a90       ?DelRole_WaitForVerify@CGamePlayer@@IAEIXZ 00406a90 f   GamePlayer.obj
 0001:00005c40       ?WaitForCreateResult@CGamePlayer@@IAEIXZ 00406c40 f   GamePlayer.obj
 0001:00005d40       ?WaitForDeleteResult@CGamePlayer@@IAEIXZ 00406d40 f   GamePlayer.obj
 0001:00005e40       ?_QueryRoleInfo_ToDBRole@CGamePlayer@@IAE_NPBD_N@Z 00406e40 f   GamePlayer.obj
 0001:00005f30       ?_CreateNewPlayer_ToDBRole@CGamePlayer@@IAE_NPBDHHG@Z 00406f30 f   GamePlayer.obj
 0001:00006140       ?_DeleteRole_ToDBRole@CGamePlayer@@IAEIPBXI@Z 00407140 f   GamePlayer.obj
 0001:00006360       ?QueryAccExt@CGamePlayer@@IAEIXZ 00407360 f   GamePlayer.obj
 0001:00006460       ?VerifyAccExt@CGamePlayer@@IAEIXZ 00407460 f   GamePlayer.obj
 0001:00006530       ?ProcessRoleInfo@CGamePlayer@@IAEIXZ 00407530 f   GamePlayer.obj
 0001:000066a0       ?_SyncRoleInfo_ToGameServer@CGamePlayer@@IAE_NPBXI@Z 004076a0 f   GamePlayer.obj
 0001:00006bd0       ?WaitForGameSvrPermit@CGamePlayer@@IAEIXZ 00407bd0 f   GamePlayer.obj
 0001:00006df0       ?Attach@CGamePlayer@@UAE_NPBD@Z 00407df0 f   GamePlayer.obj
 0001:00006ec0       ?Add@CGamePlayer@@SA_NPBDPAVIPlayer@@@Z 00407ec0 f   GamePlayer.obj
 0001:00007060       ??1?$pair@$$CBV?$basic_string@DU?$char_traits@D@std@@V?$allocator@D@2@@std@@PAVIPlayer@@@std@@QAE@XZ 00408060 f i GamePlayer.obj
 0001:000070a0       ?Del@CGamePlayer@@SA_NPBD@Z 004080a0 f   GamePlayer.obj
 0001:000071e0       ?Get@CGamePlayer@@SAPAVIPlayer@@PBD@Z 004081e0 f   GamePlayer.obj
 0001:00007350       ??0?$set@V?$basic_string@DU?$char_traits@D@std@@V?$allocator@D@2@@std@@U?$less@V?$basic_string@DU?$char_traits@D@std@@V?$allocator@D@2@@std@@@2@V?$allocator@V?$basic_string@DU?$char_traits@D@std@@V?$allocator@D@2@@std@@@2@@std@@QAE@ABU?$less@V?$basic_string@DU?$char_traits@D@std@@V?$allocator@D@2@@std@@@1@ABV?$allocator@V?$basic_string@DU?$char_traits@D@std@@V?$allocator@D@2@@std@@@1@@Z 00408350 f i GamePlayer.obj
 0001:00007420       ??1?$vector@PAVICommand@@V?$allocator@PAVICommand@@@std@@@std@@QAE@XZ 00408420 f i GamePlayer.obj
 0001:00007450       ??0?$map@V?$basic_string@DU?$char_traits@D@std@@V?$allocator@D@2@@std@@PAVIPlayer@@U?$less@V?$basic_string@DU?$char_traits@D@std@@V?$allocator@D@2@@std@@@2@V?$allocator@PAVIPlayer@@@2@@std@@QAE@ABU?$less@V?$basic_string@DU?$char_traits@D@std@@V?$allocator@D@2@@std@@@1@ABV?$allocator@PAVIPlayer@@@1@@Z 00408450 f i GamePlayer.obj
 0001:00007520       ?insert@?$_Tree@V?$basic_string@DU?$char_traits@D@std@@V?$allocator@D@2@@std@@V12@U_Kfn@?$set@V?$basic_string@DU?$char_traits@D@std@@V?$allocator@D@2@@std@@U?$less@V?$basic_string@DU?$char_traits@D@std@@V?$allocator@D@2@@std@@@2@V?$allocator@V?$basic_string@DU?$char_traits@D@std@@V?$allocator@D@2@@std@@@2@@2@U?$less@V?$basic_string@DU?$char_traits@D@std@@V?$allocator@D@2@@std@@@2@V?$allocator@V?$basic_string@DU?$char_traits@D@std@@V?$allocator@D@2@@std@@@2@@std@@QAE?AU?$pair@Viterator@?$_Tree@V?$basic_string@DU?$char_traits@D@std@@V?$allocator@D@2@@std@@V12@U_Kfn@?$set@V?$basic_string@DU?$char_traits@D@std@@V?$allocator@D@2@@std@@U?$less@V?$basic_string@DU?$char_traits@D@std@@V?$allocator@D@2@@std@@@2@V?$allocator@V?$basic_string@DU?$char_traits@D@std@@V?$allocator@D@2@@std@@@2@@2@U?$less@V?$basic_string@DU?$char_traits@D@std@@V?$allocator@D@2@@std@@@2@V?$allocator@V?$basic_string@DU?$char_traits@D@std@@V?$allocator@D@2@@std@@@2@@std@@_N@2@ABV?$basic_string@DU?$char_traits@D@std@@V?$allocator@D@2@@2@@Z 00408520 f i GamePlayer.obj
 0001:00007690       ?compare@?$basic_string@DU?$char_traits@D@std@@V?$allocator@D@2@@std@@QBEHIIPBDI@Z 00408690 f i GamePlayer.obj
 0001:00007700       ?erase@?$_Tree@V?$basic_string@DU?$char_traits@D@std@@V?$allocator@D@2@@std@@V12@U_Kfn@?$set@V?$basic_string@DU?$char_traits@D@std@@V?$allocator@D@2@@std@@U?$less@V?$basic_string@DU?$char_traits@D@std@@V?$allocator@D@2@@std@@@2@V?$allocator@V?$basic_string@DU?$char_traits@D@std@@V?$allocator@D@2@@std@@@2@@2@U?$less@V?$basic_string@DU?$char_traits@D@std@@V?$allocator@D@2@@std@@@2@V?$allocator@V?$basic_string@DU?$char_traits@D@std@@V?$allocator@D@2@@std@@@2@@std@@QAE?AViterator@12@V312@@Z 00408700 f i GamePlayer.obj
 0001:00007c30       ?erase@?$_Tree@V?$basic_string@DU?$char_traits@D@std@@V?$allocator@D@2@@std@@V12@U_Kfn@?$set@V?$basic_string@DU?$char_traits@D@std@@V?$allocator@D@2@@std@@U?$less@V?$basic_string@DU?$char_traits@D@std@@V?$allocator@D@2@@std@@@2@V?$allocator@V?$basic_string@DU?$char_traits@D@std@@V?$allocator@D@2@@std@@@2@@2@U?$less@V?$basic_string@DU?$char_traits@D@std@@V?$allocator@D@2@@std@@@2@V?$allocator@V?$basic_string@DU?$char_traits@D@std@@V?$allocator@D@2@@std@@@2@@std@@QAE?AViterator@12@V312@0@Z 00408c30 f i GamePlayer.obj
 0001:00007d70       ?erase@?$_Tree@V?$basic_string@DU?$char_traits@D@std@@V?$allocator@D@2@@std@@V12@U_Kfn@?$set@V?$basic_string@DU?$char_traits@D@std@@V?$allocator@D@2@@std@@U?$less@V?$basic_string@DU?$char_traits@D@std@@V?$allocator@D@2@@std@@@2@V?$allocator@V?$basic_string@DU?$char_traits@D@std@@V?$allocator@D@2@@std@@@2@@2@U?$less@V?$basic_string@DU?$char_traits@D@std@@V?$allocator@D@2@@std@@@2@V?$allocator@V?$basic_string@DU?$char_traits@D@std@@V?$allocator@D@2@@std@@@2@@std@@QAEIABV?$basic_string@DU?$char_traits@D@std@@V?$allocator@D@2@@2@@Z 00408d70 f i GamePlayer.obj
 0001:00007dc0       ?find@?$_Tree@V?$basic_string@DU?$char_traits@D@std@@V?$allocator@D@2@@std@@V12@U_Kfn@?$set@V?$basic_string@DU?$char_traits@D@std@@V?$allocator@D@2@@std@@U?$less@V?$basic_string@DU?$char_traits@D@std@@V?$allocator@D@2@@std@@@2@V?$allocator@V?$basic_string@DU?$char_traits@D@std@@V?$allocator@D@2@@std@@@2@@2@U?$less@V?$basic_string@DU?$char_traits@D@std@@V?$allocator@D@2@@std@@@2@V?$allocator@V?$basic_string@DU?$char_traits@D@std@@V?$allocator@D@2@@std@@@2@@std@@QAE?AViterator@12@ABV?$basic_string@DU?$char_traits@D@std@@V?$allocator@D@2@@2@@Z 00408dc0 f i GamePlayer.obj
 0001:00007e50       ?insert@?$_Tree@V?$basic_string@DU?$char_traits@D@std@@V?$allocator@D@2@@std@@U?$pair@$$CBV?$basic_string@DU?$char_traits@D@std@@V?$allocator@D@2@@std@@PAVIPlayer@@@2@U_Kfn@?$map@V?$basic_string@DU?$char_traits@D@std@@V?$allocator@D@2@@std@@PAVIPlayer@@U?$less@V?$basic_string@DU?$char_traits@D@std@@V?$allocator@D@2@@std@@@2@V?$allocator@PAVIPlayer@@@2@@2@U?$less@V?$basic_string@DU?$char_traits@D@std@@V?$allocator@D@2@@std@@@2@V?$allocator@PAVIPlayer@@@2@@std@@QAE?AU?$pair@Viterator@?$_Tree@V?$basic_string@DU?$char_traits@D@std@@V?$allocator@D@2@@std@@U?$pair@$$CBV?$basic_string@DU?$char_traits@D@std@@V?$allocator@D@2@@std@@PAVIPlayer@@@2@U_Kfn@?$map@V?$basic_string@DU?$char_traits@D@std@@V?$allocator@D@2@@std@@PAVIPlayer@@U?$less@V?$basic_string@DU?$char_traits@D@std@@V?$allocator@D@2@@std@@@2@V?$allocator@PAVIPlayer@@@2@@2@U?$less@V?$basic_string@DU?$char_traits@D@std@@V?$allocator@D@2@@std@@@2@V?$allocator@PAVIPlayer@@@2@@std@@_N@2@ABU?$pair@$$CBV?$basic_string@DU?$char_traits@D@std@@V?$allocator@D@2@@std@@PAVIPlayer@@@2@@Z 00408e50 f i GamePlayer.obj
 0001:00007fc0       ?erase@?$_Tree@V?$basic_string@DU?$char_traits@D@std@@V?$allocator@D@2@@std@@U?$pair@$$CBV?$basic_string@DU?$char_traits@D@std@@V?$allocator@D@2@@std@@PAVIPlayer@@@2@U_Kfn@?$map@V?$basic_string@DU?$char_traits@D@std@@V?$allocator@D@2@@std@@PAVIPlayer@@U?$less@V?$basic_string@DU?$char_traits@D@std@@V?$allocator@D@2@@std@@@2@V?$allocator@PAVIPlayer@@@2@@2@U?$less@V?$basic_string@DU?$char_traits@D@std@@V?$allocator@D@2@@std@@@2@V?$allocator@PAVIPlayer@@@2@@std@@QAE?AViterator@12@V312@@Z 00408fc0 f i GamePlayer.obj
 0001:000084f0       ?erase@?$_Tree@V?$basic_string@DU?$char_traits@D@std@@V?$allocator@D@2@@std@@U?$pair@$$CBV?$basic_string@DU?$char_traits@D@std@@V?$allocator@D@2@@std@@PAVIPlayer@@@2@U_Kfn@?$map@V?$basic_string@DU?$char_traits@D@std@@V?$allocator@D@2@@std@@PAVIPlayer@@U?$less@V?$basic_string@DU?$char_traits@D@std@@V?$allocator@D@2@@std@@@2@V?$allocator@PAVIPlayer@@@2@@2@U?$less@V?$basic_string@DU?$char_traits@D@std@@V?$allocator@D@2@@std@@@2@V?$allocator@PAVIPlayer@@@2@@std@@QAE?AViterator@12@V312@0@Z 004094f0 f i GamePlayer.obj
 0001:00008630       ?find@?$_Tree@V?$basic_string@DU?$char_traits@D@std@@V?$allocator@D@2@@std@@U?$pair@$$CBV?$basic_string@DU?$char_traits@D@std@@V?$allocator@D@2@@std@@PAVIPlayer@@@2@U_Kfn@?$map@V?$basic_string@DU?$char_traits@D@std@@V?$allocator@D@2@@std@@PAVIPlayer@@U?$less@V?$basic_string@DU?$char_traits@D@std@@V?$allocator@D@2@@std@@@2@V?$allocator@PAVIPlayer@@@2@@2@U?$less@V?$basic_string@DU?$char_traits@D@std@@V?$allocator@D@2@@std@@@2@V?$allocator@PAVIPlayer@@@2@@std@@QAE?AViterator@12@ABV?$basic_string@DU?$char_traits@D@std@@V?$allocator@D@2@@2@@Z 00409630 f i GamePlayer.obj
 0001:000086c0       ?insert@?$_Tree@JU?$pair@$$CBJPAVCBuffer@Win32@OnlineGameLib@@@std@@U_Kfn@?$map@JPAVCBuffer@Win32@OnlineGameLib@@U?$less@J@std@@V?$allocator@PAVCBuffer@Win32@OnlineGameLib@@@5@@2@U?$less@J@2@V?$allocator@PAVCBuffer@Win32@OnlineGameLib@@@2@@std@@QAE?AU?$pair@Viterator@?$_Tree@JU?$pair@$$CBJPAVCBuffer@Win32@OnlineGameLib@@@std@@U_Kfn@?$map@JPAVCBuffer@Win32@OnlineGameLib@@U?$less@J@std@@V?$allocator@PAVCBuffer@Win32@OnlineGameLib@@@5@@2@U?$less@J@2@V?$allocator@PAVCBuffer@Win32@OnlineGameLib@@@2@@std@@_N@2@ABU?$pair@$$CBJPAVCBuffer@Win32@OnlineGameLib@@@2@@Z 004096c0 f i GamePlayer.obj
 0001:000087f0       ?erase@?$_Tree@JU?$pair@$$CBJPAVCBuffer@Win32@OnlineGameLib@@@std@@U_Kfn@?$map@JPAVCBuffer@Win32@OnlineGameLib@@U?$less@J@std@@V?$allocator@PAVCBuffer@Win32@OnlineGameLib@@@5@@2@U?$less@J@2@V?$allocator@PAVCBuffer@Win32@OnlineGameLib@@@2@@std@@QAE?AViterator@12@V312@@Z 004097f0 f i GamePlayer.obj
 0001:00008d10       ?erase@?$_Tree@JU?$pair@$$CBJPAVCBuffer@Win32@OnlineGameLib@@@std@@U_Kfn@?$map@JPAVCBuffer@Win32@OnlineGameLib@@U?$less@J@std@@V?$allocator@PAVCBuffer@Win32@OnlineGameLib@@@5@@2@U?$less@J@2@V?$allocator@PAVCBuffer@Win32@OnlineGameLib@@@2@@std@@QAE?AViterator@12@V312@0@Z 00409d10 f i GamePlayer.obj
 0001:00008e40       ??0?$pair@Viterator@?$_Tree@V?$basic_string@DU?$char_traits@D@std@@V?$allocator@D@2@@std@@V12@U_Kfn@?$set@V?$basic_string@DU?$char_traits@D@std@@V?$allocator@D@2@@std@@U?$less@V?$basic_string@DU?$char_traits@D@std@@V?$allocator@D@2@@std@@@2@V?$allocator@V?$basic_string@DU?$char_traits@D@std@@V?$allocator@D@2@@std@@@2@@2@U?$less@V?$basic_string@DU?$char_traits@D@std@@V?$allocator@D@2@@std@@@2@V?$allocator@V?$basic_string@DU?$char_traits@D@std@@V?$allocator@D@2@@std@@@2@@std@@_N@std@@QAE@ABViterator@?$_Tree@V?$basic_string@DU?$char_traits@D@std@@V?$allocator@D@2@@std@@V12@U_Kfn@?$set@V?$basic_string@DU?$char_traits@D@std@@V?$allocator@D@2@@std@@U?$less@V?$basic_string@DU?$char_traits@D@std@@V?$allocator@D@2@@std@@@2@V?$allocator@V?$basic_string@DU?$char_traits@D@std@@V?$allocator@D@2@@std@@@2@@2@U?$less@V?$basic_string@DU?$char_traits@D@std@@V?$allocator@D@2@@std@@@2@V?$allocator@V?$basic_string@DU?$char_traits@D@std@@V?$allocator@D@2@@std@@@2@@1@AB_N@Z 00409e40 f i GamePlayer.obj
 0001:00008e60       ??0?$pair@Viterator@?$_Tree@V?$basic_string@DU?$char_traits@D@std@@V?$allocator@D@2@@std@@U?$pair@$$CBV?$basic_string@DU?$char_traits@D@std@@V?$allocator@D@2@@std@@PAVIPlayer@@@2@U_Kfn@?$map@V?$basic_string@DU?$char_traits@D@std@@V?$allocator@D@2@@std@@PAVIPlayer@@U?$less@V?$basic_string@DU?$char_traits@D@std@@V?$allocator@D@2@@std@@@2@V?$allocator@PAVIPlayer@@@2@@2@U?$less@V?$basic_string@DU?$char_traits@D@std@@V?$allocator@D@2@@std@@@2@V?$allocator@PAVIPlayer@@@2@@std@@_N@std@@QAE@ABViterator@?$_Tree@V?$basic_string@DU?$char_traits@D@std@@V?$allocator@D@2@@std@@U?$pair@$$CBV?$basic_string@DU?$char_traits@D@std@@V?$allocator@D@2@@std@@PAVIPlayer@@@2@U_Kfn@?$map@V?$basic_string@DU?$char_traits@D@std@@V?$allocator@D@2@@std@@PAVIPlayer@@U?$less@V?$basic_string@DU?$char_traits@D@std@@V?$allocator@D@2@@std@@@2@V?$allocator@PAVIPlayer@@@2@@2@U?$less@V?$basic_string@DU?$char_traits@D@std@@V?$allocator@D@2@@std@@@2@V?$allocator@PAVIPlayer@@@2@@1@AB_N@Z 00409e60 f i GamePlayer.obj
 0001:00008e80       ?lower_bound@?$_Tree@V?$basic_string@DU?$char_traits@D@std@@V?$allocator@D@2@@std@@V12@U_Kfn@?$set@V?$basic_string@DU?$char_traits@D@std@@V?$allocator@D@2@@std@@U?$less@V?$basic_string@DU?$char_traits@D@std@@V?$allocator@D@2@@std@@@2@V?$allocator@V?$basic_string@DU?$char_traits@D@std@@V?$allocator@D@2@@std@@@2@@2@U?$less@V?$basic_string@DU?$char_traits@D@std@@V?$allocator@D@2@@std@@@2@V?$allocator@V?$basic_string@DU?$char_traits@D@std@@V?$allocator@D@2@@std@@@2@@std@@QAE?AViterator@12@ABV?$basic_string@DU?$char_traits@D@std@@V?$allocator@D@2@@2@@Z 00409e80 f i GamePlayer.obj
 0001:00008ea0       ?_Erase@?$_Tree@V?$basic_string@DU?$char_traits@D@std@@V?$allocator@D@2@@std@@V12@U_Kfn@?$set@V?$basic_string@DU?$char_traits@D@std@@V?$allocator@D@2@@std@@U?$less@V?$basic_string@DU?$char_traits@D@std@@V?$allocator@D@2@@std@@@2@V?$allocator@V?$basic_string@DU?$char_traits@D@std@@V?$allocator@D@2@@std@@@2@@2@U?$less@V?$basic_string@DU?$char_traits@D@std@@V?$allocator@D@2@@std@@@2@V?$allocator@V?$basic_string@DU?$char_traits@D@std@@V?$allocator@D@2@@std@@@2@@std@@IAEXPAU_Node@12@@Z 00409ea0 f i GamePlayer.obj
 0001:00008f50       ?_Insert@?$_Tree@V?$basic_string@DU?$char_traits@D@std@@V?$allocator@D@2@@std@@V12@U_Kfn@?$set@V?$basic_string@DU?$char_traits@D@std@@V?$allocator@D@2@@std@@U?$less@V?$basic_string@DU?$char_traits@D@std@@V?$allocator@D@2@@std@@@2@V?$allocator@V?$basic_string@DU?$char_traits@D@std@@V?$allocator@D@2@@std@@@2@@2@U?$less@V?$basic_string@DU?$char_traits@D@std@@V?$allocator@D@2@@std@@@2@V?$allocator@V?$basic_string@DU?$char_traits@D@std@@V?$allocator@D@2@@std@@@2@@std@@IAE?AViterator@12@PAU_Node@12@0ABV?$basic_string@DU?$char_traits@D@std@@V?$allocator@D@2@@2@@Z 00409f50 f i GamePlayer.obj
 0001:00009260       ?insert@?$vector@PAVICommand@@V?$allocator@PAVICommand@@@std@@@std@@QAEXPAPAVICommand@@IABQAV3@@Z 0040a260 f i GamePlayer.obj
 0001:00009470       ?lower_bound@?$_Tree@V?$basic_string@DU?$char_traits@D@std@@V?$allocator@D@2@@std@@U?$pair@$$CBV?$basic_string@DU?$char_traits@D@std@@V?$allocator@D@2@@std@@PAVIPlayer@@@2@U_Kfn@?$map@V?$basic_string@DU?$char_traits@D@std@@V?$allocator@D@2@@std@@PAVIPlayer@@U?$less@V?$basic_string@DU?$char_traits@D@std@@V?$allocator@D@2@@std@@@2@V?$allocator@PAVIPlayer@@@2@@2@U?$less@V?$basic_string@DU?$char_traits@D@std@@V?$allocator@D@2@@std@@@2@V?$allocator@PAVIPlayer@@@2@@std@@QAE?AViterator@12@ABV?$basic_string@DU?$char_traits@D@std@@V?$allocator@D@2@@2@@Z 0040a470 f i GamePlayer.obj
 0001:00009490       ?_Erase@?$_Tree@V?$basic_string@DU?$char_traits@D@std@@V?$allocator@D@2@@std@@U?$pair@$$CBV?$basic_string@DU?$char_traits@D@std@@V?$allocator@D@2@@std@@PAVIPlayer@@@2@U_Kfn@?$map@V?$basic_string@DU?$char_traits@D@std@@V?$allocator@D@2@@std@@PAVIPlayer@@U?$less@V?$basic_string@DU?$char_traits@D@std@@V?$allocator@D@2@@std@@@2@V?$allocator@PAVIPlayer@@@2@@2@U?$less@V?$basic_string@DU?$char_traits@D@std@@V?$allocator@D@2@@std@@@2@V?$allocator@PAVIPlayer@@@2@@std@@IAEXPAU_Node@12@@Z 0040a490 f i GamePlayer.obj
 0001:00009540       ?_Insert@?$_Tree@V?$basic_string@DU?$char_traits@D@std@@V?$allocator@D@2@@std@@U?$pair@$$CBV?$basic_string@DU?$char_traits@D@std@@V?$allocator@D@2@@std@@PAVIPlayer@@@2@U_Kfn@?$map@V?$basic_string@DU?$char_traits@D@std@@V?$allocator@D@2@@std@@PAVIPlayer@@U?$less@V?$basic_string@DU?$char_traits@D@std@@V?$allocator@D@2@@std@@@2@V?$allocator@PAVIPlayer@@@2@@2@U?$less@V?$basic_string@DU?$char_traits@D@std@@V?$allocator@D@2@@std@@@2@V?$allocator@PAVIPlayer@@@2@@std@@IAE?AViterator@12@PAU_Node@12@0ABU?$pair@$$CBV?$basic_string@DU?$char_traits@D@std@@V?$allocator@D@2@@std@@PAVIPlayer@@@2@@Z 0040a540 f i GamePlayer.obj
 0001:00009850       ?lower_bound@?$_Tree@JU?$pair@$$CBJPAVCBuffer@Win32@OnlineGameLib@@@std@@U_Kfn@?$map@JPAVCBuffer@Win32@OnlineGameLib@@U?$less@J@std@@V?$allocator@PAVCBuffer@Win32@OnlineGameLib@@@5@@2@U?$less@J@2@V?$allocator@PAVCBuffer@Win32@OnlineGameLib@@@2@@std@@QAE?AViterator@12@ABJ@Z 0040a850 f i GamePlayer.obj
 0001:00009870       ?_Erase@?$_Tree@JU?$pair@$$CBJPAVCBuffer@Win32@OnlineGameLib@@@std@@U_Kfn@?$map@JPAVCBuffer@Win32@OnlineGameLib@@U?$less@J@std@@V?$allocator@PAVCBuffer@Win32@OnlineGameLib@@@5@@2@U?$less@J@2@V?$allocator@PAVCBuffer@Win32@OnlineGameLib@@@2@@std@@IAEXPAU_Node@12@@Z 0040a870 f i GamePlayer.obj
 0001:00009900       ?_Insert@?$_Tree@JU?$pair@$$CBJPAVCBuffer@Win32@OnlineGameLib@@@std@@U_Kfn@?$map@JPAVCBuffer@Win32@OnlineGameLib@@U?$less@J@std@@V?$allocator@PAVCBuffer@Win32@OnlineGameLib@@@5@@2@U?$less@J@2@V?$allocator@PAVCBuffer@Win32@OnlineGameLib@@@2@@std@@IAE?AViterator@12@PAU_Node@12@0ABU?$pair@$$CBJPAVCBuffer@Win32@OnlineGameLib@@@2@@Z 0040a900 f i GamePlayer.obj
 0001:00009c00       ?_Inc@const_iterator@?$_Tree@JU?$pair@$$CBJPAVCBuffer@Win32@OnlineGameLib@@@std@@U_Kfn@?$map@JPAVCBuffer@Win32@OnlineGameLib@@U?$less@J@std@@V?$allocator@PAVCBuffer@Win32@OnlineGameLib@@@5@@2@U?$less@J@2@V?$allocator@PAVCBuffer@Win32@OnlineGameLib@@@2@@std@@QAEXXZ 0040ac00 f i GamePlayer.obj
 0001:00009cb0       ?upper_bound@?$_Tree@V?$basic_string@DU?$char_traits@D@std@@V?$allocator@D@2@@std@@V12@U_Kfn@?$set@V?$basic_string@DU?$char_traits@D@std@@V?$allocator@D@2@@std@@U?$less@V?$basic_string@DU?$char_traits@D@std@@V?$allocator@D@2@@std@@@2@V?$allocator@V?$basic_string@DU?$char_traits@D@std@@V?$allocator@D@2@@std@@@2@@2@U?$less@V?$basic_string@DU?$char_traits@D@std@@V?$allocator@D@2@@std@@@2@V?$allocator@V?$basic_string@DU?$char_traits@D@std@@V?$allocator@D@2@@std@@@2@@std@@QAE?AViterator@12@ABV?$basic_string@DU?$char_traits@D@std@@V?$allocator@D@2@@2@@Z 0040acb0 f i GamePlayer.obj
 0001:00009cd0       ?_Lbound@?$_Tree@V?$basic_string@DU?$char_traits@D@std@@V?$allocator@D@2@@std@@V12@U_Kfn@?$set@V?$basic_string@DU?$char_traits@D@std@@V?$allocator@D@2@@std@@U?$less@V?$basic_string@DU?$char_traits@D@std@@V?$allocator@D@2@@std@@@2@V?$allocator@V?$basic_string@DU?$char_traits@D@std@@V?$allocator@D@2@@std@@@2@@2@U?$less@V?$basic_string@DU?$char_traits@D@std@@V?$allocator@D@2@@std@@@2@V?$allocator@V?$basic_string@DU?$char_traits@D@std@@V?$allocator@D@2@@std@@@2@@std@@IBEPAU_Node@12@ABV?$basic_string@DU?$char_traits@D@std@@V?$allocator@D@2@@2@@Z 0040acd0 f i GamePlayer.obj
 0001:00009d90       ?_Dec@const_iterator@?$_Tree@V?$basic_string@DU?$char_traits@D@std@@V?$allocator@D@2@@std@@V12@U_Kfn@?$set@V?$basic_string@DU?$char_traits@D@std@@V?$allocator@D@2@@std@@U?$less@V?$basic_string@DU?$char_traits@D@std@@V?$allocator@D@2@@std@@@2@V?$allocator@V?$basic_string@DU?$char_traits@D@std@@V?$allocator@D@2@@std@@@2@@2@U?$less@V?$basic_string@DU?$char_traits@D@std@@V?$allocator@D@2@@std@@@2@V?$allocator@V?$basic_string@DU?$char_traits@D@std@@V?$allocator@D@2@@std@@@2@@std@@QAEXXZ 0040ad90 f i GamePlayer.obj
 0001:00009e50       ?_Lbound@?$_Tree@V?$basic_string@DU?$char_traits@D@std@@V?$allocator@D@2@@std@@U?$pair@$$CBV?$basic_string@DU?$char_traits@D@std@@V?$allocator@D@2@@std@@PAVIPlayer@@@2@U_Kfn@?$map@V?$basic_string@DU?$char_traits@D@std@@V?$allocator@D@2@@std@@PAVIPlayer@@U?$less@V?$basic_string@DU?$char_traits@D@std@@V?$allocator@D@2@@std@@@2@V?$allocator@PAVIPlayer@@@2@@2@U?$less@V?$basic_string@DU?$char_traits@D@std@@V?$allocator@D@2@@std@@@2@V?$allocator@PAVIPlayer@@@2@@std@@IBEPAU_Node@12@ABV?$basic_string@DU?$char_traits@D@std@@V?$allocator@D@2@@2@@Z 0040ae50 f i GamePlayer.obj
 0001:00009f10       ?_Dec@const_iterator@?$_Tree@V?$basic_string@DU?$char_traits@D@std@@V?$allocator@D@2@@std@@U?$pair@$$CBV?$basic_string@DU?$char_traits@D@std@@V?$allocator@D@2@@std@@PAVIPlayer@@@2@U_Kfn@?$map@V?$basic_string@DU?$char_traits@D@std@@V?$allocator@D@2@@std@@PAVIPlayer@@U?$less@V?$basic_string@DU?$char_traits@D@std@@V?$allocator@D@2@@std@@@2@V?$allocator@PAVIPlayer@@@2@@2@U?$less@V?$basic_string@DU?$char_traits@D@std@@V?$allocator@D@2@@std@@@2@V?$allocator@PAVIPlayer@@@2@@std@@QAEXXZ 0040af10 f i GamePlayer.obj
 0001:00009fd0       ?_Lbound@?$_Tree@JU?$pair@$$CBJPAVCBuffer@Win32@OnlineGameLib@@@std@@U_Kfn@?$map@JPAVCBuffer@Win32@OnlineGameLib@@U?$less@J@std@@V?$allocator@PAVCBuffer@Win32@OnlineGameLib@@@5@@2@U?$less@J@2@V?$allocator@PAVCBuffer@Win32@OnlineGameLib@@@2@@std@@IBEPAU_Node@12@ABJ@Z 0040afd0 f i GamePlayer.obj
 0001:0000a020       ?_Dec@const_iterator@?$_Tree@JU?$pair@$$CBJPAVCBuffer@Win32@OnlineGameLib@@@std@@U_Kfn@?$map@JPAVCBuffer@Win32@OnlineGameLib@@U?$less@J@std@@V?$allocator@PAVCBuffer@Win32@OnlineGameLib@@@5@@2@U?$less@J@2@V?$allocator@PAVCBuffer@Win32@OnlineGameLib@@@2@@std@@QAEXXZ 0040b020 f i GamePlayer.obj
 0001:0000a0e0       ?_Ubound@?$_Tree@V?$basic_string@DU?$char_traits@D@std@@V?$allocator@D@2@@std@@V12@U_Kfn@?$set@V?$basic_string@DU?$char_traits@D@std@@V?$allocator@D@2@@std@@U?$less@V?$basic_string@DU?$char_traits@D@std@@V?$allocator@D@2@@std@@@2@V?$allocator@V?$basic_string@DU?$char_traits@D@std@@V?$allocator@D@2@@std@@@2@@2@U?$less@V?$basic_string@DU?$char_traits@D@std@@V?$allocator@D@2@@std@@@2@V?$allocator@V?$basic_string@DU?$char_traits@D@std@@V?$allocator@D@2@@std@@@2@@std@@IBEPAU_Node@12@ABV?$basic_string@DU?$char_traits@D@std@@V?$allocator@D@2@@2@@Z 0040b0e0 f i GamePlayer.obj
 0001:0000a1b0       ?_Inc@const_iterator@?$_Tree@V?$basic_string@DU?$char_traits@D@std@@V?$allocator@D@2@@std@@V12@U_Kfn@?$set@V?$basic_string@DU?$char_traits@D@std@@V?$allocator@D@2@@std@@U?$less@V?$basic_string@DU?$char_traits@D@std@@V?$allocator@D@2@@std@@@2@V?$allocator@V?$basic_string@DU?$char_traits@D@std@@V?$allocator@D@2@@std@@@2@@2@U?$less@V?$basic_string@DU?$char_traits@D@std@@V?$allocator@D@2@@std@@@2@V?$allocator@V?$basic_string@DU?$char_traits@D@std@@V?$allocator@D@2@@std@@@2@@std@@QAEXXZ 0040b1b0 f i GamePlayer.obj
 0001:0000a260       ?_Inc@const_iterator@?$_Tree@V?$basic_string@DU?$char_traits@D@std@@V?$allocator@D@2@@std@@U?$pair@$$CBV?$basic_string@DU?$char_traits@D@std@@V?$allocator@D@2@@std@@PAVIPlayer@@@2@U_Kfn@?$map@V?$basic_string@DU?$char_traits@D@std@@V?$allocator@D@2@@std@@PAVIPlayer@@U?$less@V?$basic_string@DU?$char_traits@D@std@@V?$allocator@D@2@@std@@@2@V?$allocator@PAVIPlayer@@@2@@2@U?$less@V?$basic_string@DU?$char_traits@D@std@@V?$allocator@D@2@@std@@@2@V?$allocator@PAVIPlayer@@@2@@std@@QAEXXZ 0040b260 f i GamePlayer.obj
 0001:0000a310       ?Execute@?$CTaskCommand@VCGamePlayer@@@@UAEIXZ 0040b310 f i GamePlayer.obj
 0001:0000a320       ?ToString@Win32@OnlineGameLib@@YA?AV?$basic_string@DU?$char_traits@D@std@@V?$allocator@D@2@@std@@J@Z 0040b320 f i GamePlayer.obj
 0001:0000a520       ??0ios_base@std@@IAE@XZ    0040b520 f i GamePlayer.obj
 0001:0000a530       ??_Eios_base@std@@UAEPAXI@Z 0040b530 f i GamePlayer.obj
 0001:0000a530       ??_Gios_base@std@@UAEPAXI@Z 0040b530 f i GamePlayer.obj
 0001:0000a550       ??0strstreambuf@std@@QAE@H@Z 0040b550 f i GamePlayer.obj
 0001:0000a640       ??_Gstrstreambuf@std@@UAEPAXI@Z 0040b640 f i GamePlayer.obj
 0001:0000a640       ??_Estrstreambuf@std@@UAEPAXI@Z 0040b640 f i GamePlayer.obj
 0001:0000a660       ??_Estrstream@std@@UAEPAXI@Z 0040b660 f i GamePlayer.obj
 0001:0000a660       ??_Gstrstream@std@@UAEPAXI@Z 0040b660 f i GamePlayer.obj
 0001:0000a690       ??_Dstrstream@std@@QAEXXZ  0040b690 f i GamePlayer.obj
 0001:0000a6b0       ?put@?$basic_ostream@DU?$char_traits@D@std@@@std@@QAEAAV12@D@Z 0040b6b0 f i GamePlayer.obj
 0001:0000a820       ??1?$basic_ios@DU?$char_traits@D@std@@@std@@UAE@XZ 0040b820 f i GamePlayer.obj
 0001:0000a830       ??1?$basic_streambuf@DU?$char_traits@D@std@@@std@@UAE@XZ 0040b830 f i GamePlayer.obj
 0001:0000a880       ?overflow@?$basic_streambuf@DU?$char_traits@D@std@@@std@@MAEHH@Z 0040b880 f i GamePlayer.obj
 0001:0000a890       ?pbackfail@?$basic_streambuf@DU?$char_traits@D@std@@@std@@MAEHH@Z 0040b890 f i GamePlayer.obj
 0001:0000a8a0       ?showmanyc@?$basic_streambuf@DU?$char_traits@D@std@@@std@@MAEHXZ 0040b8a0 f i GamePlayer.obj
 0001:0000a8b0       ?underflow@?$basic_streambuf@DU?$char_traits@D@std@@@std@@MAEHXZ 0040b8b0 f i GamePlayer.obj
 0001:0000a8c0       ?uflow@?$basic_streambuf@DU?$char_traits@D@std@@@std@@MAEHXZ 0040b8c0 f i GamePlayer.obj
 0001:0000a8f0       ?xsgetn@?$basic_streambuf@DU?$char_traits@D@std@@@std@@MAEHPADH@Z 0040b8f0 f i GamePlayer.obj
 0001:0000a990       ?xsputn@?$basic_streambuf@DU?$char_traits@D@std@@@std@@MAEHPBDH@Z 0040b990 f i GamePlayer.obj
 0001:0000aa30       ?seekoff@?$basic_streambuf@DU?$char_traits@D@std@@@std@@MAE?AV?$fpos@H@2@JW4seekdir@ios_base@2@H@Z 0040ba30 f i GamePlayer.obj
 0001:0000aa60       ?seekpos@?$basic_streambuf@DU?$char_traits@D@std@@@std@@MAE?AV?$fpos@H@2@V32@H@Z 0040ba60 f i GamePlayer.obj
 0001:0000aa90       ?setbuf@?$basic_streambuf@DU?$char_traits@D@std@@@std@@MAEPAV12@PADH@Z 0040ba90 f i GamePlayer.obj
 0001:0000aaa0       ?sync@?$basic_streambuf@DU?$char_traits@D@std@@@std@@MAEHXZ 0040baa0 f i GamePlayer.obj
 0001:0000aab0       ?imbue@?$basic_streambuf@DU?$char_traits@D@std@@@std@@MAEXABVlocale@2@@Z 0040bab0 f i GamePlayer.obj
 0001:0000aac0       ??0?$basic_iostream@DU?$char_traits@D@std@@@std@@QAE@PAV?$basic_streambuf@DU?$char_traits@D@std@@@1@@Z 0040bac0 f i GamePlayer.obj
 0001:0000ab90       ??1?$basic_istream@DU?$char_traits@D@std@@@std@@UAE@XZ 0040bb90 f i GamePlayer.obj
 0001:0000aba0       ??1?$basic_iostream@DU?$char_traits@D@std@@@std@@UAE@XZ 0040bba0 f i GamePlayer.obj
 0001:0000abe0       ??_E?$basic_ostream@DU?$char_traits@D@std@@@std@@UAEPAXI@Z 0040bbe0 f i GamePlayer.obj
 0001:0000abe0       ??_G?$basic_ostream@DU?$char_traits@D@std@@@std@@UAEPAXI@Z 0040bbe0 f i GamePlayer.obj
 0001:0000ac10       ??_G?$basic_ios@DU?$char_traits@D@std@@@std@@UAEPAXI@Z 0040bc10 f i GamePlayer.obj
 0001:0000ac10       ??_E?$basic_ios@DU?$char_traits@D@std@@@std@@UAEPAXI@Z 0040bc10 f i GamePlayer.obj
 0001:0000ac30       ??_E?$basic_istream@DU?$char_traits@D@std@@@std@@UAEPAXI@Z 0040bc30 f i GamePlayer.obj
 0001:0000ac30       ??_G?$basic_istream@DU?$char_traits@D@std@@@std@@UAEPAXI@Z 0040bc30 f i GamePlayer.obj
 0001:0000ac60       ??_E?$basic_streambuf@DU?$char_traits@D@std@@@std@@UAEPAXI@Z 0040bc60 f i GamePlayer.obj
 0001:0000ac60       ??_G?$basic_streambuf@DU?$char_traits@D@std@@@std@@UAEPAXI@Z 0040bc60 f i GamePlayer.obj
 0001:0000ac80       ??_G?$basic_iostream@DU?$char_traits@D@std@@@std@@UAEPAXI@Z 0040bc80 f i GamePlayer.obj
 0001:0000ac80       ??_E?$basic_iostream@DU?$char_traits@D@std@@@std@@UAEPAXI@Z 0040bc80 f i GamePlayer.obj
 0001:0000acb0       ??1sentry@?$basic_ostream@DU?$char_traits@D@std@@@std@@QAE@XZ 0040bcb0 f i GamePlayer.obj
 0001:0000ad20       ??0?$fpos@H@std@@QAE@J@Z   0040bd20 f i GamePlayer.obj
 0001:0000ad60       ?opfx@?$basic_ostream@DU?$char_traits@D@std@@@std@@QAE_NXZ 0040bd60 f i GamePlayer.obj
 0001:0000ade0       ?_Construct@std@@YAXPAV?$basic_string@DU?$char_traits@D@std@@V?$allocator@D@2@@1@ABV21@@Z 0040bde0 f i GamePlayer.obj
 0001:0000af50       ??3@YAXPAX0@Z              0040bf50 f i GamePlayer.obj
 0001:0000af60       ?_Construct@std@@YAXPAU?$pair@$$CBV?$basic_string@DU?$char_traits@D@std@@V?$allocator@D@2@@std@@PAVIPlayer@@@1@ABU21@@Z 0040bf60 f i GamePlayer.obj
 0001:0000b0b0       ?_Construct@std@@YAXPAU?$pair@$$CBJPAVCBuffer@Win32@OnlineGameLib@@@1@ABU21@@Z 0040c0b0 f i GamePlayer.obj
 0001:0000b0d0       ??_E?$CTaskCommand@VCGamePlayer@@@@UAEPAXI@Z 0040c0d0 f i GamePlayer.obj
 0001:0000b0d0       ??_G?$CTaskCommand@VCGamePlayer@@@@UAEPAXI@Z 0040c0d0 f i GamePlayer.obj
 0001:0000b0f0       ??1?$CTaskCommand@VCGamePlayer@@@@UAE@XZ 0040c0f0 f i GamePlayer.obj
 0001:0000b100       ??_EICommand@@UAEPAXI@Z    0040c100 f i GamePlayer.obj
 0001:0000b100       ??_GICommand@@UAEPAXI@Z    0040c100 f i GamePlayer.obj
 0001:0000b120       ?compare@?$basic_string@DU?$char_traits@D@std@@V?$allocator@D@2@@std@@QBEHABV12@@Z 0040c120 f i GamePlayer.obj
 0001:0000b170       ??6?$basic_ostream@DU?$char_traits@D@std@@@std@@QAEAAV01@J@Z 0040c170 f i GamePlayer.obj
 0001:0000b3b0       ??1bad_cast@std@@UAE@XZ    0040c3b0 f i GamePlayer.obj
 0001:0000b3c0       ?_Doraise@bad_cast@std@@MBEXXZ 0040c3c0 f i GamePlayer.obj
 0001:0000b3e0       ??_Ebad_cast@std@@UAEPAXI@Z 0040c3e0 f i GamePlayer.obj
 0001:0000b3e0       ??_Gbad_cast@std@@UAEPAXI@Z 0040c3e0 f i GamePlayer.obj
 0001:0000b400       ??0bad_cast@std@@QAE@ABV01@@Z 0040c400 f i GamePlayer.obj
 0001:0000b420       ??Bid@locale@std@@QAEIXZ   0040c420 f i GamePlayer.obj
 0001:0000b450       ?_Decref@facet@locale@std@@QAEPAV123@XZ 0040c450 f i GamePlayer.obj
 0001:0000b490       ??1locale@std@@QAE@XZ      0040c490 f i GamePlayer.obj
 0001:0000b4b0       ?getloc@ios_base@std@@QBE?AVlocale@2@XZ 0040c4b0 f i GamePlayer.obj
 0001:0000b4f0       ?_Distance@std@@YAXViterator@?$_Tree@V?$basic_string@DU?$char_traits@D@std@@V?$allocator@D@2@@std@@V12@U_Kfn@?$set@V?$basic_string@DU?$char_traits@D@std@@V?$allocator@D@2@@std@@U?$less@V?$basic_string@DU?$char_traits@D@std@@V?$allocator@D@2@@std@@@2@V?$allocator@V?$basic_string@DU?$char_traits@D@std@@V?$allocator@D@2@@std@@@2@@2@U?$less@V?$basic_string@DU?$char_traits@D@std@@V?$allocator@D@2@@std@@@2@V?$allocator@V?$basic_string@DU?$char_traits@D@std@@V?$allocator@D@2@@std@@@2@@1@0AAIUbidirectional_iterator_tag@1@@Z 0040c4f0 f i GamePlayer.obj
 0001:0000b550       ??0?$num_put@DV?$ostreambuf_iterator@DU?$char_traits@D@std@@@std@@@std@@QAE@I@Z 0040c550 f i GamePlayer.obj
 0001:0000b5b0       ??1facet@locale@std@@UAE@XZ 0040c5b0 f i GamePlayer.obj
 0001:0000b5c0       ??_Gfacet@locale@std@@UAEPAXI@Z 0040c5c0 f i GamePlayer.obj
 0001:0000b5c0       ??_Efacet@locale@std@@UAEPAXI@Z 0040c5c0 f i GamePlayer.obj
 0001:0000b5e0       ?do_put@?$num_put@DV?$ostreambuf_iterator@DU?$char_traits@D@std@@@std@@@std@@MBE?AV?$ostreambuf_iterator@DU?$char_traits@D@std@@@2@V32@AAVios_base@2@D_N@Z 0040c5e0 f i GamePlayer.obj
 0001:0000b8b0       ??0bad_cast@std@@QAE@PBD@Z 0040c8b0 f i GamePlayer.obj
 0001:0000b8d0       ?sputc@?$basic_streambuf@DU?$char_traits@D@std@@@std@@QAEHD@Z 0040c8d0 f i GamePlayer.obj
 0001:0000b920       ?do_put@?$num_put@DV?$ostreambuf_iterator@DU?$char_traits@D@std@@@std@@@std@@MBE?AV?$ostreambuf_iterator@DU?$char_traits@D@std@@@2@V32@AAVios_base@2@DJ@Z 0040c920 f i GamePlayer.obj
 0001:0000b9d0       ?do_put@?$num_put@DV?$ostreambuf_iterator@DU?$char_traits@D@std@@@std@@@std@@MBE?AV?$ostreambuf_iterator@DU?$char_traits@D@std@@@2@V32@AAVios_base@2@DK@Z 0040c9d0 f i GamePlayer.obj
 0001:0000ba80       ?do_put@?$num_put@DV?$ostreambuf_iterator@DU?$char_traits@D@std@@@std@@@std@@MBE?AV?$ostreambuf_iterator@DU?$char_traits@D@std@@@2@V32@AAVios_base@2@DN@Z 0040ca80 f i GamePlayer.obj
 0001:0000bb70       ?do_put@?$num_put@DV?$ostreambuf_iterator@DU?$char_traits@D@std@@@std@@@std@@MBE?AV?$ostreambuf_iterator@DU?$char_traits@D@std@@@2@V32@AAVios_base@2@DO@Z 0040cb70 f i GamePlayer.obj
 0001:0000bc60       ?do_put@?$num_put@DV?$ostreambuf_iterator@DU?$char_traits@D@std@@@std@@@std@@MBE?AV?$ostreambuf_iterator@DU?$char_traits@D@std@@@2@V32@AAVios_base@2@DPBX@Z 0040cc60 f i GamePlayer.obj
 0001:0000be20       ??_G?$num_put@DV?$ostreambuf_iterator@DU?$char_traits@D@std@@@std@@@std@@UAEPAXI@Z 0040ce20 f i GamePlayer.obj
 0001:0000be20       ??_E?$num_put@DV?$ostreambuf_iterator@DU?$char_traits@D@std@@@std@@@std@@UAEPAXI@Z 0040ce20 f i GamePlayer.obj
 0001:0000be40       ??1?$num_put@DV?$ostreambuf_iterator@DU?$char_traits@D@std@@@std@@@std@@UAE@XZ 0040ce40 f i GamePlayer.obj
 0001:0000be50       ?_Fput@?$num_put@DV?$ostreambuf_iterator@DU?$char_traits@D@std@@@std@@@std@@KA?AV?$ostreambuf_iterator@DU?$char_traits@D@std@@@2@V32@AAVios_base@2@DPBDII@Z 0040ce50 f i GamePlayer.obj
 0001:0000c260       ?_Iput@?$num_put@DV?$ostreambuf_iterator@DU?$char_traits@D@std@@@std@@@std@@KA?AV?$ostreambuf_iterator@DU?$char_traits@D@std@@@2@V32@AAVios_base@2@DPADI@Z 0040d260 f i GamePlayer.obj
 0001:0000c6b0       ?_Rep@?$num_put@DV?$ostreambuf_iterator@DU?$char_traits@D@std@@@std@@@std@@KA?AV?$ostreambuf_iterator@DU?$char_traits@D@std@@@2@V32@DI@Z 0040d6b0 f i GamePlayer.obj
 0001:0000c730       ?falsename@?$numpunct@D@std@@QBE?AV?$basic_string@DU?$char_traits@D@std@@V?$allocator@D@2@@2@XZ 0040d730 f i GamePlayer.obj
 0001:0000c750       ?truename@?$numpunct@D@std@@QBE?AV?$basic_string@DU?$char_traits@D@std@@V?$allocator@D@2@@2@XZ 0040d750 f i GamePlayer.obj
 0001:0000c770       ??4?$ostreambuf_iterator@DU?$char_traits@D@std@@@std@@QAEAAV01@D@Z 0040d770 f i GamePlayer.obj
 0001:0000c7d0       ?grouping@?$numpunct@D@std@@QBE?AV?$basic_string@DU?$char_traits@D@std@@V?$allocator@D@2@@2@XZ 0040d7d0 f i GamePlayer.obj
 0001:0000c7f0       ??0?$numpunct@D@std@@QAE@I@Z 0040d7f0 f i GamePlayer.obj
 0001:0000c910       ?do_decimal_point@?$numpunct@D@std@@MBEDXZ 0040d910 f i GamePlayer.obj
 0001:0000c920       ?do_thousands_sep@?$numpunct@D@std@@MBEDXZ 0040d920 f i GamePlayer.obj
 0001:0000c930       ?do_grouping@?$numpunct@D@std@@MBE?AV?$basic_string@DU?$char_traits@D@std@@V?$allocator@D@2@@2@XZ 0040d930 f i GamePlayer.obj
 0001:0000ca00       ?do_falsename@?$numpunct@D@std@@MBE?AV?$basic_string@DU?$char_traits@D@std@@V?$allocator@D@2@@2@XZ 0040da00 f i GamePlayer.obj
 0001:0000cad0       ?do_truename@?$numpunct@D@std@@MBE?AV?$basic_string@DU?$char_traits@D@std@@V?$allocator@D@2@@2@XZ 0040dad0 f i GamePlayer.obj
 0001:0000cba0       ??_E?$numpunct@D@std@@UAEPAXI@Z 0040dba0 f i GamePlayer.obj
 0001:0000cba0       ??_G?$numpunct@D@std@@UAEPAXI@Z 0040dba0 f i GamePlayer.obj
 0001:0000cbc0       ??1?$numpunct@D@std@@UAE@XZ 0040dbc0 f i GamePlayer.obj
 0001:0000cbf0       ?_Save@?$_Tidyfac@V?$num_put@DV?$ostreambuf_iterator@DU?$char_traits@D@std@@@std@@@std@@@std@@SAPAV?$num_put@DV?$ostreambuf_iterator@DU?$char_traits@D@std@@@std@@@2@PAV32@@Z 0040dbf0 f i GamePlayer.obj
 0001:0000cc70       ?_Save@?$_Tidyfac@V?$numpunct@D@std@@@std@@SAPAV?$numpunct@D@2@PAV32@@Z 0040dc70 f i GamePlayer.obj
 0001:0000ccf0       ?_Tidy@?$_Tidyfac@V?$num_put@DV?$ostreambuf_iterator@DU?$char_traits@D@std@@@std@@@std@@@std@@SAXXZ 0040dcf0 f i GamePlayer.obj
 0001:0000cd90       ?_Tidy@?$_Tidyfac@V?$numpunct@D@std@@@std@@SAXXZ 0040dd90 f i GamePlayer.obj
 0001:0000ce80       ?id@?$numpunct@D@std@@$E   0040de80 f i GamePlayer.obj
 0001:0000ce90       ?id@?$num_put@DV?$ostreambuf_iterator@DU?$char_traits@D@std@@@$E 0040de90 f i GamePlayer.obj
 0001:0000cfb0       ??1?$map@IV?$list@PAVIGServer@@V?$allocator@PAVIGServer@@@std@@@std@@U?$less@I@2@V?$allocator@V?$list@PAVIGServer@@V?$allocator@PAVIGServer@@@std@@@std@@@2@@std@@QAE@XZ 0040dfb0 f i GameServer.obj
 0001:0000d140       ??1?$map@IPAVIGServer@@U?$less@I@std@@V?$allocator@PAVIGServer@@@3@@std@@QAE@XZ 0040e140 f i GameServer.obj
 0001:0000d300       ??1?$map@V?$basic_string@DU?$char_traits@D@std@@V?$allocator@D@2@@std@@UTransferInfo@@U?$less@V?$basic_string@DU?$char_traits@D@std@@V?$allocator@D@2@@std@@@2@V?$allocator@UTransferInfo@@@2@@std@@QAE@XZ 0040e300 f i GameServer.obj
 0001:0000d3b0       ?SetupGlobalAllocator@CGameServer@@SA_NII@Z 0040e3b0 f   GameServer.obj
 0001:0000d3d0       ?BeginTransfer@CGameServer@@SAXPBD@Z 0040e3d0 f   GameServer.obj
 0001:0000d690       ??1TransferInfo@@QAE@XZ    0040e690 f i GameServer.obj
 0001:0000d6d0       ?EndTransfer@CGameServer@@SAXPBD@Z 0040e6d0 f   GameServer.obj
 0001:0000d8d0       ?IsInTransfer@CGameServer@@SA_NPBD@Z 0040e8d0 f   GameServer.obj
 0001:0000da00       ?CleanupStaleTransfers@CGameServer@@SAXXZ 0040ea00 f   GameServer.obj
 0001:0000dc40       ??0CGameServer@@QAE@PAUIServer@@PAUIClient@@I@Z 0040ec40 f   GameServer.obj
 0001:0000dde0       ??1IGServer@@UAE@XZ        0040ede0 f i GameServer.obj
 0001:0000ddf0       ??_EIGServer@@UAEPAXI@Z    0040edf0 f i GameServer.obj
 0001:0000ddf0       ??_GIGServer@@UAEPAXI@Z    0040edf0 f i GameServer.obj
 0001:0000de10       ?GetID@CGameServer@@UAEIXZ 0040ee10 f i GameServer.obj
 0001:0000de20       ?GetCapability@CGameServer@@UAEIXZ 0040ee20 f i GameServer.obj
 0001:0000de30       ?GetIP@CGameServer@@UAEIE@Z 0040ee30 f i GameServer.obj
 0001:0000de50       ?GetIndentify@CGameServer@@UAEIXZ 0040ee50 f i GameServer.obj
 0001:0000de60       ??_GCGameServer@@UAEPAXI@Z 0040ee60 f i GameServer.obj
 0001:0000de60       ??_ECGameServer@@UAEPAXI@Z 0040ee60 f i GameServer.obj
 0001:0000de80       ??1CGameServer@@UAE@XZ     0040ee80 f   GameServer.obj
 0001:0000dfe0       ??1?$map@V?$basic_string@DU?$char_traits@D@std@@V?$allocator@D@2@@std@@PAXU?$less@V?$basic_string@DU?$char_traits@D@std@@V?$allocator@D@2@@std@@@2@V?$allocator@PAX@2@@std@@QAE@XZ 0040efe0 f i GameServer.obj
 0001:0000e050       ?Create@CGameServer@@UAE_NXZ 0040f050 f   GameServer.obj
 0001:0000e0c0       ?Destroy@CGameServer@@UAE_NXZ 0040f0c0 f   GameServer.obj
 0001:0000e2f0       ?GameSvrEventNotify@CGameServer@@SGXPAXABK1@Z 0040f2f0 f   GameServer.obj
 0001:0000e4a0       ?Begin@CGameServer@@SA_NPAUIServer@@@Z 0040f4a0 f   GameServer.obj
 0001:0000e4e0       ?End@CGameServer@@SAXXZ    0040f4e0 f   GameServer.obj
 0001:0000e610       ?ManagerThreadFunction@CGameServer@@CGKPAX@Z 0040f610 f   GameServer.obj
 0001:0000e790       ?AnalyzeRequire@CGameServer@@UAE_NPBXI@Z 0040f790 f   GameServer.obj
 0001:0000e7f0       ?LargePackProcess@CGameServer@@IAE_NEPBXI@Z 0040f7f0 f   GameServer.obj
 0001:0000e800       ?SmallPackProcess@CGameServer@@IAE_NEPBXI@Z 0040f800 f   GameServer.obj
 0001:0000e830       ?DispatchTask@CGameServer@@UAE_NIPBXI@Z 0040f830 f   GameServer.obj
 0001:0000e870       ?_QueryMapID@CGameServer@@IAE_NXZ 0040f870 f   GameServer.obj
 0001:0000e8b0       ?_QueryGameSvrInfo@CGameServer@@IAE_NXZ 0040f8b0 f   GameServer.obj
 0001:0000e8f0       ?_UpdateMapID@CGameServer@@IAE_NPBXI@Z 0040f8f0 f   GameServer.obj
 0001:0000e930       ?_UpdateGameSvrInfo@CGameServer@@IAE_NPBXI@Z 0040f930 f   GameServer.obj
 0001:0000eac0       ?_RequestSvrIP@CGameServer@@IAE_NPBXI@Z 0040fac0 f   GameServer.obj
 0001:0000eb50       ?_NotifyPlayerLogin@CGameServer@@IAE_NPBXI@Z 0040fb50 f   GameServer.obj
 0001:0000ec10       ?_RegisterAccount@CGameServer@@IAE_NPBXI@Z 0040fc10 f   GameServer.obj
 0001:0000ec30       ?_NotifyEnterGame@CGameServer@@IAE_NPBXI@Z 0040fc30 f   GameServer.obj
 0001:0000ed40       ?_NotifyLeaveGame@CGameServer@@IAE_NPBXI@Z 0040fd40 f   GameServer.obj
 0001:0000ee50       ?PushAccount@CGameServer@@IAE_NPBD@Z 0040fe50 f   GameServer.obj
 0001:0000ee60       ?PopAccount@CGameServer@@IAE_NPBD_N@Z 0040fe60 f   GameServer.obj
 0001:0000eea0       ?Attach@CGameServer@@UAE_NPBD_N@Z 0040fea0 f   GameServer.obj
 0001:0000ef80       ?AttatchAccountToGameServer@CGameServer@@AAE_NPBD_N@Z 0040ff80 f   GameServer.obj
 0001:0000f1b0       ??1?$pair@$$CBV?$basic_string@DU?$char_traits@D@std@@V?$allocator@D@2@@std@@PAX@std@@QAE@XZ 004101b0 f i GameServer.obj
 0001:0000f1f0       ?HaveAccountInGameServer@CGameServer@@AAE_NPBD@Z 004101f0 f   GameServer.obj
 0001:0000f370       ?DetachAccountFromGameServer@CGameServer@@QAE_NPBD@Z 00410370 f   GameServer.obj
 0001:0000f4d0       ?ConsumeMoney@CGameServer@@IAE_NPBD@Z 004104d0 f   GameServer.obj
 0001:0000f5e0       ?FreezeMoney@CGameServer@@IAE_NPBD@Z 004105e0 f   GameServer.obj
 0001:0000f6f0       ?_PlayerLogicLogout@CGameServer@@IAE_NPBXI@Z 004106f0 f   GameServer.obj
 0001:0000f760       ?_SyncRoleInfo@CGameServer@@IAE_NPBXI@Z 00410760 f   GameServer.obj
 0001:0000f8f0       ?RegisterServer@CGameServer@@CA_NIPAVIGServer@@@Z 004108f0 f   GameServer.obj
 0001:0000fac0       ??1?$pair@$$CBIV?$list@PAVIGServer@@V?$allocator@PAVIGServer@@@std@@@std@@@std@@QAE@XZ 00410ac0 f i GameServer.obj
 0001:0000fb10       ?QueryServer@CGameServer@@SAPAVIGServer@@I@Z 00410b10 f   GameServer.obj
 0001:0000fbe0       ?FindServerByAccount@CGameServer@@SAHPBD@Z 00410be0 f   GameServer.obj
 0001:0000fcf0       ?GetServer@CGameServer@@SAPAVIGServer@@I@Z 00410cf0 f   GameServer.obj
 0001:0000fda0       ?GetContent@CGameServer@@UAEIXZ 00410da0 f   GameServer.obj
 0001:0000fdd0       ?SendToAll@CGameServer@@SAXPBDHI@Z 00410dd0 f   GameServer.obj
 0001:0000fea0       ?SendText@CGameServer@@UAEXPBDHI@Z 00410ea0 f   GameServer.obj
 0001:0000ff50       ??0?$basic_string@DU?$char_traits@D@std@@V?$allocator@D@2@@std@@QAE@ABV?$allocator@D@1@@Z 00410f50 f i GameServer.obj
 0001:0000ff70       ??0?$map@IV?$list@PAVIGServer@@V?$allocator@PAVIGServer@@@std@@@std@@U?$less@I@2@V?$allocator@V?$list@PAVIGServer@@V?$allocator@PAVIGServer@@@std@@@std@@@2@@std@@QAE@ABU?$less@I@1@ABV?$allocator@V?$list@PAVIGServer@@V?$allocator@PAVIGServer@@@std@@@std@@@1@@Z 00410f70 f i GameServer.obj
 0001:00010040       ??1?$list@PAVIGServer@@V?$allocator@PAVIGServer@@@std@@@std@@QAE@XZ 00411040 f i GameServer.obj
 0001:00010090       ?begin@?$list@PAVIGServer@@V?$allocator@PAVIGServer@@@std@@@std@@QAE?AViterator@12@XZ 00411090 f i GameServer.obj
 0001:000100a0       ??Eiterator@?$list@PAVIGServer@@V?$allocator@PAVIGServer@@@std@@@std@@QAE?AV012@H@Z 004110a0 f i GameServer.obj
 0001:000100b0       ??0?$map@IPAVIGServer@@U?$less@I@std@@V?$allocator@PAVIGServer@@@3@@std@@QAE@ABU?$less@I@1@ABV?$allocator@PAVIGServer@@@1@@Z 004110b0 f i GameServer.obj
 0001:00010180       ??0?$map@V?$basic_string@DU?$char_traits@D@std@@V?$allocator@D@2@@std@@UTransferInfo@@U?$less@V?$basic_string@DU?$char_traits@D@std@@V?$allocator@D@2@@std@@@2@V?$allocator@UTransferInfo@@@2@@std@@QAE@ABU?$less@V?$basic_string@DU?$char_traits@D@std@@V?$allocator@D@2@@std@@@1@ABV?$allocator@UTransferInfo@@@1@@Z 00411180 f i GameServer.obj
 0001:00010250       ??1?$vector@V?$basic_string@DU?$char_traits@D@std@@V?$allocator@D@2@@std@@V?$allocator@V?$basic_string@DU?$char_traits@D@std@@V?$allocator@D@2@@std@@@2@@std@@QAE@XZ 00411250 f i GameServer.obj
 0001:000102b0       ??1?$pair@$$CBV?$basic_string@DU?$char_traits@D@std@@V?$allocator@D@2@@std@@UTransferInfo@@@std@@QAE@XZ 004112b0 f i GameServer.obj
 0001:00010320       ?insert@?$_Tree@IU?$pair@$$CBIV?$list@PAVIGServer@@V?$allocator@PAVIGServer@@@std@@@std@@@std@@U_Kfn@?$map@IV?$list@PAVIGServer@@V?$allocator@PAVIGServer@@@std@@@std@@U?$less@I@2@V?$allocator@V?$list@PAVIGServer@@V?$allocator@PAVIGServer@@@std@@@std@@@2@@2@U?$less@I@2@V?$allocator@V?$list@PAVIGServer@@V?$allocator@PAVIGServer@@@std@@@std@@@2@@std@@QAE?AU?$pair@Viterator@?$_Tree@IU?$pair@$$CBIV?$list@PAVIGServer@@V?$allocator@PAVIGServer@@@std@@@std@@@std@@U_Kfn@?$map@IV?$list@PAVIGServer@@V?$allocator@PAVIGServer@@@std@@@std@@U?$less@I@2@V?$allocator@V?$list@PAVIGServer@@V?$allocator@PAVIGServer@@@std@@@std@@@2@@2@U?$less@I@2@V?$allocator@V?$list@PAVIGServer@@V?$allocator@PAVIGServer@@@std@@@std@@@2@@std@@_N@2@ABU?$pair@$$CBIV?$list@PAVIGServer@@V?$allocator@PAVIGServer@@@std@@@std@@@2@@Z 00411320 f i GameServer.obj
 0001:00010450       ?erase@?$_Tree@IU?$pair@$$CBIV?$list@PAVIGServer@@V?$allocator@PAVIGServer@@@std@@@std@@@std@@U_Kfn@?$map@IV?$list@PAVIGServer@@V?$allocator@PAVIGServer@@@std@@@std@@U?$less@I@2@V?$allocator@V?$list@PAVIGServer@@V?$allocator@PAVIGServer@@@std@@@std@@@2@@2@U?$less@I@2@V?$allocator@V?$list@PAVIGServer@@V?$allocator@PAVIGServer@@@std@@@std@@@2@@std@@QAE?AViterator@12@V312@0@Z 00411450 f i GameServer.obj
 0001:00010590       ?find@?$_Tree@IU?$pair@$$CBIV?$list@PAVIGServer@@V?$allocator@PAVIGServer@@@std@@@std@@@std@@U_Kfn@?$map@IV?$list@PAVIGServer@@V?$allocator@PAVIGServer@@@std@@@std@@U?$less@I@2@V?$allocator@V?$list@PAVIGServer@@V?$allocator@PAVIGServer@@@std@@@std@@@2@@2@U?$less@I@2@V?$allocator@V?$list@PAVIGServer@@V?$allocator@PAVIGServer@@@std@@@std@@@2@@std@@QAE?AViterator@12@ABI@Z 00411590 f i GameServer.obj
 0001:000105e0       ?insert@?$list@PAVIGServer@@V?$allocator@PAVIGServer@@@std@@@std@@QAE?AViterator@12@V312@ABQAVIGServer@@@Z 004115e0 f i GameServer.obj
 0001:00010640       ?erase@?$list@PAVIGServer@@V?$allocator@PAVIGServer@@@std@@@std@@QAE?AViterator@12@V312@0@Z 00411640 f i GameServer.obj
 0001:00010690       ?_Buynode@?$list@PAVIGServer@@V?$allocator@PAVIGServer@@@std@@@std@@IAEPAU_Node@12@PAU312@0@Z 00411690 f i GameServer.obj
 0001:000106c0       ?insert@?$_Tree@IU?$pair@$$CBIPAVIGServer@@@std@@U_Kfn@?$map@IPAVIGServer@@U?$less@I@std@@V?$allocator@PAVIGServer@@@3@@2@U?$less@I@2@V?$allocator@PAVIGServer@@@2@@std@@QAE?AU?$pair@Viterator@?$_Tree@IU?$pair@$$CBIPAVIGServer@@@std@@U_Kfn@?$map@IPAVIGServer@@U?$less@I@std@@V?$allocator@PAVIGServer@@@3@@2@U?$less@I@2@V?$allocator@PAVIGServer@@@2@@std@@_N@2@ABU?$pair@$$CBIPAVIGServer@@@2@@Z 004116c0 f i GameServer.obj
 0001:000107f0       ?erase@?$_Tree@IU?$pair@$$CBIPAVIGServer@@@std@@U_Kfn@?$map@IPAVIGServer@@U?$less@I@std@@V?$allocator@PAVIGServer@@@3@@2@U?$less@I@2@V?$allocator@PAVIGServer@@@2@@std@@QAE?AViterator@12@V312@@Z 004117f0 f i GameServer.obj
 0001:00010d10       ?erase@?$_Tree@IU?$pair@$$CBIPAVIGServer@@@std@@U_Kfn@?$map@IPAVIGServer@@U?$less@I@std@@V?$allocator@PAVIGServer@@@3@@2@U?$less@I@2@V?$allocator@PAVIGServer@@@2@@std@@QAE?AViterator@12@V312@0@Z 00411d10 f i GameServer.obj
 0001:00010e40       ?_Inc@const_iterator@?$_Tree@IU?$pair@$$CBIPAVIGServer@@@std@@U_Kfn@?$map@IPAVIGServer@@U?$less@I@std@@V?$allocator@PAVIGServer@@@3@@2@U?$less@I@2@V?$allocator@PAVIGServer@@@2@@std@@QAEXXZ 00411e40 f i GameServer.obj
 0001:00010ef0       ?insert@?$_Tree@V?$basic_string@DU?$char_traits@D@std@@V?$allocator@D@2@@std@@U?$pair@$$CBV?$basic_string@DU?$char_traits@D@std@@V?$allocator@D@2@@std@@PAX@2@U_Kfn@?$map@V?$basic_string@DU?$char_traits@D@std@@V?$allocator@D@2@@std@@PAXU?$less@V?$basic_string@DU?$char_traits@D@std@@V?$allocator@D@2@@std@@@2@V?$allocator@PAX@2@@2@U?$less@V?$basic_string@DU?$char_traits@D@std@@V?$allocator@D@2@@std@@@2@V?$allocator@PAX@2@@std@@QAE?AU?$pair@Viterator@?$_Tree@V?$basic_string@DU?$char_traits@D@std@@V?$allocator@D@2@@std@@U?$pair@$$CBV?$basic_string@DU?$char_traits@D@std@@V?$allocator@D@2@@std@@PAX@2@U_Kfn@?$map@V?$basic_string@DU?$char_traits@D@std@@V?$allocator@D@2@@std@@PAXU?$less@V?$basic_string@DU?$char_traits@D@std@@V?$allocator@D@2@@std@@@2@V?$allocator@PAX@2@@2@U?$less@V?$basic_string@DU?$char_traits@D@std@@V?$allocator@D@2@@std@@@2@V?$allocator@PAX@2@@std@@_N@2@ABU?$pair@$$CBV?$basic_string@DU?$char_traits@D@std@@V?$allocator@D@2@@std@@PAX@2@@Z 00411ef0 f i GameServer.obj
 0001:00011060       ?erase@?$_Tree@V?$basic_string@DU?$char_traits@D@std@@V?$allocator@D@2@@std@@U?$pair@$$CBV?$basic_string@DU?$char_traits@D@std@@V?$allocator@D@2@@std@@PAX@2@U_Kfn@?$map@V?$basic_string@DU?$char_traits@D@std@@V?$allocator@D@2@@std@@PAXU?$less@V?$basic_string@DU?$char_traits@D@std@@V?$allocator@D@2@@std@@@2@V?$allocator@PAX@2@@2@U?$less@V?$basic_string@DU?$char_traits@D@std@@V?$allocator@D@2@@std@@@2@V?$allocator@PAX@2@@std@@QAE?AViterator@12@V312@@Z 00412060 f i GameServer.obj
 0001:00011590       ?erase@?$_Tree@V?$basic_string@DU?$char_traits@D@std@@V?$allocator@D@2@@std@@U?$pair@$$CBV?$basic_string@DU?$char_traits@D@std@@V?$allocator@D@2@@std@@PAX@2@U_Kfn@?$map@V?$basic_string@DU?$char_traits@D@std@@V?$allocator@D@2@@std@@PAXU?$less@V?$basic_string@DU?$char_traits@D@std@@V?$allocator@D@2@@std@@@2@V?$allocator@PAX@2@@2@U?$less@V?$basic_string@DU?$char_traits@D@std@@V?$allocator@D@2@@std@@@2@V?$allocator@PAX@2@@std@@QAE?AViterator@12@V312@0@Z 00412590 f i GameServer.obj
 0001:000116d0       ?find@?$_Tree@V?$basic_string@DU?$char_traits@D@std@@V?$allocator@D@2@@std@@U?$pair@$$CBV?$basic_string@DU?$char_traits@D@std@@V?$allocator@D@2@@std@@PAX@2@U_Kfn@?$map@V?$basic_string@DU?$char_traits@D@std@@V?$allocator@D@2@@std@@PAXU?$less@V?$basic_string@DU?$char_traits@D@std@@V?$allocator@D@2@@std@@@2@V?$allocator@PAX@2@@2@U?$less@V?$basic_string@DU?$char_traits@D@std@@V?$allocator@D@2@@std@@@2@V?$allocator@PAX@2@@std@@QAE?AViterator@12@ABV?$basic_string@DU?$char_traits@D@std@@V?$allocator@D@2@@2@@Z 004126d0 f i GameServer.obj
 0001:00011760       ?insert@?$map@V?$basic_string@DU?$char_traits@D@std@@V?$allocator@D@2@@std@@UTransferInfo@@U?$less@V?$basic_string@DU?$char_traits@D@std@@V?$allocator@D@2@@std@@@2@V?$allocator@UTransferInfo@@@2@@std@@QAE?AU?$pair@Viterator@?$_Tree@V?$basic_string@DU?$char_traits@D@std@@V?$allocator@D@2@@std@@U?$pair@$$CBV?$basic_string@DU?$char_traits@D@std@@V?$allocator@D@2@@std@@UTransferInfo@@@2@U_Kfn@?$map@V?$basic_string@DU?$char_traits@D@std@@V?$allocator@D@2@@std@@UTransferInfo@@U?$less@V?$basic_string@DU?$char_traits@D@std@@V?$allocator@D@2@@std@@@2@V?$allocator@UTransferInfo@@@2@@2@U?$less@V?$basic_string@DU?$char_traits@D@std@@V?$allocator@D@2@@std@@@2@V?$allocator@UTransferInfo@@@2@@std@@_N@2@ABU?$pair@$$CBV?$basic_string@DU?$char_traits@D@std@@V?$allocator@D@2@@std@@UTransferInfo@@@2@@Z 00412760 f i GameServer.obj
 0001:00011790       ?begin@?$_Tree@V?$basic_string@DU?$char_traits@D@std@@V?$allocator@D@2@@std@@U?$pair@$$CBV?$basic_string@DU?$char_traits@D@std@@V?$allocator@D@2@@std@@UTransferInfo@@@2@U_Kfn@?$map@V?$basic_string@DU?$char_traits@D@std@@V?$allocator@D@2@@std@@UTransferInfo@@U?$less@V?$basic_string@DU?$char_traits@D@std@@V?$allocator@D@2@@std@@@2@V?$allocator@UTransferInfo@@@2@@2@U?$less@V?$basic_string@DU?$char_traits@D@std@@V?$allocator@D@2@@std@@@2@V?$allocator@UTransferInfo@@@2@@std@@QAE?AViterator@12@XZ 00412790 f i GameServer.obj
 0001:000117a0       ?erase@?$_Tree@V?$basic_string@DU?$char_traits@D@std@@V?$allocator@D@2@@std@@U?$pair@$$CBV?$basic_string@DU?$char_traits@D@std@@V?$allocator@D@2@@std@@UTransferInfo@@@2@U_Kfn@?$map@V?$basic_string@DU?$char_traits@D@std@@V?$allocator@D@2@@std@@UTransferInfo@@U?$less@V?$basic_string@DU?$char_traits@D@std@@V?$allocator@D@2@@std@@@2@V?$allocator@UTransferInfo@@@2@@2@U?$less@V?$basic_string@DU?$char_traits@D@std@@V?$allocator@D@2@@std@@@2@V?$allocator@UTransferInfo@@@2@@std@@QAE?AViterator@12@V312@0@Z 004127a0 f i GameServer.obj
 0001:000118e0       ??0?$pair@$$CBV?$basic_string@DU?$char_traits@D@std@@V?$allocator@D@2@@std@@UTransferInfo@@@std@@QAE@ABV?$basic_string@DU?$char_traits@D@std@@V?$allocator@D@2@@1@ABUTransferInfo@@@Z 004128e0 f i GameServer.obj
 0001:00011a10       ?_Inc@const_iterator@?$_Tree@V?$basic_string@DU?$char_traits@D@std@@V?$allocator@D@2@@std@@U?$pair@$$CBV?$basic_string@DU?$char_traits@D@std@@V?$allocator@D@2@@std@@UTransferInfo@@@2@U_Kfn@?$map@V?$basic_string@DU?$char_traits@D@std@@V?$allocator@D@2@@std@@UTransferInfo@@U?$less@V?$basic_string@DU?$char_traits@D@std@@V?$allocator@D@2@@std@@@2@V?$allocator@UTransferInfo@@@2@@2@U?$less@V?$basic_string@DU?$char_traits@D@std@@V?$allocator@D@2@@std@@@2@V?$allocator@UTransferInfo@@@2@@std@@QAEXXZ 00412a10 f i GameServer.obj
 0001:00011ac0       ??0?$pair@Viterator@?$_Tree@V?$basic_string@DU?$char_traits@D@std@@V?$allocator@D@2@@std@@U?$pair@$$CBV?$basic_string@DU?$char_traits@D@std@@V?$allocator@D@2@@std@@PAX@2@U_Kfn@?$map@V?$basic_string@DU?$char_traits@D@std@@V?$allocator@D@2@@std@@PAXU?$less@V?$basic_string@DU?$char_traits@D@std@@V?$allocator@D@2@@std@@@2@V?$allocator@PAX@2@@2@U?$less@V?$basic_string@DU?$char_traits@D@std@@V?$allocator@D@2@@std@@@2@V?$allocator@PAX@2@@std@@_N@std@@QAE@ABViterator@?$_Tree@V?$basic_string@DU?$char_traits@D@std@@V?$allocator@D@2@@std@@U?$pair@$$CBV?$basic_string@DU?$char_traits@D@std@@V?$allocator@D@2@@std@@PAX@2@U_Kfn@?$map@V?$basic_string@DU?$char_traits@D@std@@V?$allocator@D@2@@std@@PAXU?$less@V?$basic_string@DU?$char_traits@D@std@@V?$allocator@D@2@@std@@@2@V?$allocator@PAX@2@@2@U?$less@V?$basic_string@DU?$char_traits@D@std@@V?$allocator@D@2@@std@@@2@V?$allocator@PAX@2@@1@AB_N@Z 00412ac0 f i GameServer.obj
 0001:00011ae0       ?erase@?$_Tree@IU?$pair@$$CBIV?$list@PAVIGServer@@V?$allocator@PAVIGServer@@@std@@@std@@@std@@U_Kfn@?$map@IV?$list@PAVIGServer@@V?$allocator@PAVIGServer@@@std@@@std@@U?$less@I@2@V?$allocator@V?$list@PAVIGServer@@V?$allocator@PAVIGServer@@@std@@@std@@@2@@2@U?$less@I@2@V?$allocator@V?$list@PAVIGServer@@V?$allocator@PAVIGServer@@@std@@@std@@@2@@std@@QAE?AViterator@12@V312@@Z 00412ae0 f i GameServer.obj
 0001:00012020       ?erase@?$list@PAVIGServer@@V?$allocator@PAVIGServer@@@std@@@std@@QAE?AViterator@12@V312@@Z 00413020 f i GameServer.obj
 0001:00012060       ?_Next@_Acc@?$list@PAVIGServer@@V?$allocator@PAVIGServer@@@std@@@std@@SAAAPAU_Node@23@PAU423@@Z 00413060 f i GameServer.obj
 0001:00012070       ?_Erase@?$_Tree@IU?$pair@$$CBIV?$list@PAVIGServer@@V?$allocator@PAVIGServer@@@std@@@std@@@std@@U_Kfn@?$map@IV?$list@PAVIGServer@@V?$allocator@PAVIGServer@@@std@@@std@@U?$less@I@2@V?$allocator@V?$list@PAVIGServer@@V?$allocator@PAVIGServer@@@std@@@std@@@2@@2@U?$less@I@2@V?$allocator@V?$list@PAVIGServer@@V?$allocator@PAVIGServer@@@std@@@std@@@2@@std@@IAEXPAU_Node@12@@Z 00413070 f i GameServer.obj
 0001:00012150       ?_Insert@?$_Tree@IU?$pair@$$CBIV?$list@PAVIGServer@@V?$allocator@PAVIGServer@@@std@@@std@@@std@@U_Kfn@?$map@IV?$list@PAVIGServer@@V?$allocator@PAVIGServer@@@std@@@std@@U?$less@I@2@V?$allocator@V?$list@PAVIGServer@@V?$allocator@PAVIGServer@@@std@@@std@@@2@@2@U?$less@I@2@V?$allocator@V?$list@PAVIGServer@@V?$allocator@PAVIGServer@@@std@@@std@@@2@@std@@IAE?AViterator@12@PAU_Node@12@0ABU?$pair@$$CBIV?$list@PAVIGServer@@V?$allocator@PAVIGServer@@@std@@@std@@@2@@Z 00413150 f i GameServer.obj
 0001:00012450       ?begin@?$list@PAVIGServer@@V?$allocator@PAVIGServer@@@std@@@std@@QBE?AVconst_iterator@12@XZ 00413450 f i GameServer.obj
 0001:00012460       ?end@?$list@PAVIGServer@@V?$allocator@PAVIGServer@@@std@@@std@@QBE?AVconst_iterator@12@XZ 00413460 f i GameServer.obj
 0001:00012470       ?insert@?$list@PAVIGServer@@V?$allocator@PAVIGServer@@@std@@@std@@QAEXViterator@12@Vconst_iterator@12@1@Z 00413470 f i GameServer.obj
 0001:000124e0       ?_Inc@const_iterator@?$_Tree@IU?$pair@$$CBIV?$list@PAVIGServer@@V?$allocator@PAVIGServer@@@std@@@std@@@std@@U_Kfn@?$map@IV?$list@PAVIGServer@@V?$allocator@PAVIGServer@@@std@@@std@@U?$less@I@2@V?$allocator@V?$list@PAVIGServer@@V?$allocator@PAVIGServer@@@std@@@std@@@2@@2@U?$less@I@2@V?$allocator@V?$list@PAVIGServer@@V?$allocator@PAVIGServer@@@std@@@std@@@2@@std@@QAEXXZ 004134e0 f i GameServer.obj
 0001:00012590       ?equal_range@?$_Tree@V?$basic_string@DU?$char_traits@D@std@@V?$allocator@D@2@@std@@V12@U_Kfn@?$set@V?$basic_string@DU?$char_traits@D@std@@V?$allocator@D@2@@std@@U?$less@V?$basic_string@DU?$char_traits@D@std@@V?$allocator@D@2@@std@@@2@V?$allocator@V?$basic_string@DU?$char_traits@D@std@@V?$allocator@D@2@@std@@@2@@2@U?$less@V?$basic_string@DU?$char_traits@D@std@@V?$allocator@D@2@@std@@@2@V?$allocator@V?$basic_string@DU?$char_traits@D@std@@V?$allocator@D@2@@std@@@2@@std@@QAE?AU?$pair@Viterator@?$_Tree@V?$basic_string@DU?$char_traits@D@std@@V?$allocator@D@2@@std@@V12@U_Kfn@?$set@V?$basic_string@DU?$char_traits@D@std@@V?$allocator@D@2@@std@@U?$less@V?$basic_string@DU?$char_traits@D@std@@V?$allocator@D@2@@std@@@2@V?$allocator@V?$basic_string@DU?$char_traits@D@std@@V?$allocator@D@2@@std@@@2@@2@U?$less@V?$basic_string@DU?$char_traits@D@std@@V?$allocator@D@2@@std@@@2@V?$allocator@V?$basic_string@DU?$char_traits@D@std@@V?$allocator@D@2@@std@@@2@@std@@V123@@2@ABV?$basic_string@DU?$char_traits@D@std@@V?$allocator@D@2@@2@@Z 00413590 f i GameServer.obj
 0001:000125c0       ?lower_bound@?$_Tree@IU?$pair@$$CBIPAVIGServer@@@std@@U_Kfn@?$map@IPAVIGServer@@U?$less@I@std@@V?$allocator@PAVIGServer@@@3@@2@U?$less@I@2@V?$allocator@PAVIGServer@@@2@@std@@QAE?AViterator@12@ABI@Z 004135c0 f i GameServer.obj
 0001:000125e0       ?_Erase@?$_Tree@IU?$pair@$$CBIPAVIGServer@@@std@@U_Kfn@?$map@IPAVIGServer@@U?$less@I@std@@V?$allocator@PAVIGServer@@@3@@2@U?$less@I@2@V?$allocator@PAVIGServer@@@2@@std@@IAEXPAU_Node@12@@Z 004135e0 f i GameServer.obj
 0001:00012670       ?_Insert@?$_Tree@IU?$pair@$$CBIPAVIGServer@@@std@@U_Kfn@?$map@IPAVIGServer@@U?$less@I@std@@V?$allocator@PAVIGServer@@@3@@2@U?$less@I@2@V?$allocator@PAVIGServer@@@2@@std@@IAE?AViterator@12@PAU_Node@12@0ABU?$pair@$$CBIPAVIGServer@@@2@@Z 00413670 f i GameServer.obj
 0001:00012970       ?_Min@?$_Tree@IU?$pair@$$CBIPAVIGServer@@@std@@U_Kfn@?$map@IPAVIGServer@@U?$less@I@std@@V?$allocator@PAVIGServer@@@3@@2@U?$less@I@2@V?$allocator@PAVIGServer@@@2@@std@@KAPAU_Node@12@PAU312@@Z 00413970 f i GameServer.obj
 0001:000129b0       ?lower_bound@?$_Tree@V?$basic_string@DU?$char_traits@D@std@@V?$allocator@D@2@@std@@U?$pair@$$CBV?$basic_string@DU?$char_traits@D@std@@V?$allocator@D@2@@std@@PAX@2@U_Kfn@?$map@V?$basic_string@DU?$char_traits@D@std@@V?$allocator@D@2@@std@@PAXU?$less@V?$basic_string@DU?$char_traits@D@std@@V?$allocator@D@2@@std@@@2@V?$allocator@PAX@2@@2@U?$less@V?$basic_string@DU?$char_traits@D@std@@V?$allocator@D@2@@std@@@2@V?$allocator@PAX@2@@std@@QAE?AViterator@12@ABV?$basic_string@DU?$char_traits@D@std@@V?$allocator@D@2@@2@@Z 004139b0 f i GameServer.obj
 0001:000129d0       ?_Erase@?$_Tree@V?$basic_string@DU?$char_traits@D@std@@V?$allocator@D@2@@std@@U?$pair@$$CBV?$basic_string@DU?$char_traits@D@std@@V?$allocator@D@2@@std@@PAX@2@U_Kfn@?$map@V?$basic_string@DU?$char_traits@D@std@@V?$allocator@D@2@@std@@PAXU?$less@V?$basic_string@DU?$char_traits@D@std@@V?$allocator@D@2@@std@@@2@V?$allocator@PAX@2@@2@U?$less@V?$basic_string@DU?$char_traits@D@std@@V?$allocator@D@2@@std@@@2@V?$allocator@PAX@2@@std@@IAEXPAU_Node@12@@Z 004139d0 f i GameServer.obj
 0001:00012a80       ?_Insert@?$_Tree@V?$basic_string@DU?$char_traits@D@std@@V?$allocator@D@2@@std@@U?$pair@$$CBV?$basic_string@DU?$char_traits@D@std@@V?$allocator@D@2@@std@@PAX@2@U_Kfn@?$map@V?$basic_string@DU?$char_traits@D@std@@V?$allocator@D@2@@std@@PAXU?$less@V?$basic_string@DU?$char_traits@D@std@@V?$allocator@D@2@@std@@@2@V?$allocator@PAX@2@@2@U?$less@V?$basic_string@DU?$char_traits@D@std@@V?$allocator@D@2@@std@@@2@V?$allocator@PAX@2@@std@@IAE?AViterator@12@PAU_Node@12@0ABU?$pair@$$CBV?$basic_string@DU?$char_traits@D@std@@V?$allocator@D@2@@std@@PAX@2@@Z 00413a80 f i GameServer.obj
 0001:00012d90       ?_Inc@const_iterator@?$_Tree@V?$basic_string@DU?$char_traits@D@std@@V?$allocator@D@2@@std@@U?$pair@$$CBV?$basic_string@DU?$char_traits@D@std@@V?$allocator@D@2@@std@@PAX@2@U_Kfn@?$map@V?$basic_string@DU?$char_traits@D@std@@V?$allocator@D@2@@std@@PAXU?$less@V?$basic_string@DU?$char_traits@D@std@@V?$allocator@D@2@@std@@@2@V?$allocator@PAX@2@@2@U?$less@V?$basic_string@DU?$char_traits@D@std@@V?$allocator@D@2@@std@@@2@V?$allocator@PAX@2@@std@@QAEXXZ 00413d90 f i GameServer.obj
 0001:00012e40       ?insert@?$_Tree@V?$basic_string@DU?$char_traits@D@std@@V?$allocator@D@2@@std@@U?$pair@$$CBV?$basic_string@DU?$char_traits@D@std@@V?$allocator@D@2@@std@@UTransferInfo@@@2@U_Kfn@?$map@V?$basic_string@DU?$char_traits@D@std@@V?$allocator@D@2@@std@@UTransferInfo@@U?$less@V?$basic_string@DU?$char_traits@D@std@@V?$allocator@D@2@@std@@@2@V?$allocator@UTransferInfo@@@2@@2@U?$less@V?$basic_string@DU?$char_traits@D@std@@V?$allocator@D@2@@std@@@2@V?$allocator@UTransferInfo@@@2@@std@@QAE?AU?$pair@Viterator@?$_Tree@V?$basic_string@DU?$char_traits@D@std@@V?$allocator@D@2@@std@@U?$pair@$$CBV?$basic_string@DU?$char_traits@D@std@@V?$allocator@D@2@@std@@UTransferInfo@@@2@U_Kfn@?$map@V?$basic_string@DU?$char_traits@D@std@@V?$allocator@D@2@@std@@UTransferInfo@@U?$less@V?$basic_string@DU?$char_traits@D@std@@V?$allocator@D@2@@std@@@2@V?$allocator@UTransferInfo@@@2@@2@U?$less@V?$basic_string@DU?$char_traits@D@std@@V?$allocator@D@2@@std@@@2@V?$allocator@UTransferInfo@@@2@@std@@_N@2@ABU?$pair@$$CBV?$basic_string@DU?$char_traits@D@std@@V?$allocator@D@2@@std@@UTransferInfo@@@2@@Z 00413e40 f i GameServer.obj
 0001:00012fb0       ?erase@?$_Tree@V?$basic_string@DU?$char_traits@D@std@@V?$allocator@D@2@@std@@U?$pair@$$CBV?$basic_string@DU?$char_traits@D@std@@V?$allocator@D@2@@std@@UTransferInfo@@@2@U_Kfn@?$map@V?$basic_string@DU?$char_traits@D@std@@V?$allocator@D@2@@std@@UTransferInfo@@U?$less@V?$basic_string@DU?$char_traits@D@std@@V?$allocator@D@2@@std@@@2@V?$allocator@UTransferInfo@@@2@@2@U?$less@V?$basic_string@DU?$char_traits@D@std@@V?$allocator@D@2@@std@@@2@V?$allocator@UTransferInfo@@@2@@std@@QAE?AViterator@12@V312@@Z 00413fb0 f i GameServer.obj
 0001:00013520       ?equal_range@?$_Tree@V?$basic_string@DU?$char_traits@D@std@@V?$allocator@D@2@@std@@U?$pair@$$CBV?$basic_string@DU?$char_traits@D@std@@V?$allocator@D@2@@std@@UTransferInfo@@@2@U_Kfn@?$map@V?$basic_string@DU?$char_traits@D@std@@V?$allocator@D@2@@std@@UTransferInfo@@U?$less@V?$basic_string@DU?$char_traits@D@std@@V?$allocator@D@2@@std@@@2@V?$allocator@UTransferInfo@@@2@@2@U?$less@V?$basic_string@DU?$char_traits@D@std@@V?$allocator@D@2@@std@@@2@V?$allocator@UTransferInfo@@@2@@std@@QAE?AU?$pair@Viterator@?$_Tree@V?$basic_string@DU?$char_traits@D@std@@V?$allocator@D@2@@std@@U?$pair@$$CBV?$basic_string@DU?$char_traits@D@std@@V?$allocator@D@2@@std@@UTransferInfo@@@2@U_Kfn@?$map@V?$basic_string@DU?$char_traits@D@std@@V?$allocator@D@2@@std@@UTransferInfo@@U?$less@V?$basic_string@DU?$char_traits@D@std@@V?$allocator@D@2@@std@@@2@V?$allocator@UTransferInfo@@@2@@2@U?$less@V?$basic_string@DU?$char_traits@D@std@@V?$allocator@D@2@@std@@@2@V?$allocator@UTransferInfo@@@2@@std@@V123@@2@ABV?$basic_string@DU?$char_traits@D@std@@V?$allocator@D@2@@2@@Z 00414520 f i GameServer.obj
 0001:00013550       ?_Erase@?$_Tree@V?$basic_string@DU?$char_traits@D@std@@V?$allocator@D@2@@std@@U?$pair@$$CBV?$basic_string@DU?$char_traits@D@std@@V?$allocator@D@2@@std@@UTransferInfo@@@2@U_Kfn@?$map@V?$basic_string@DU?$char_traits@D@std@@V?$allocator@D@2@@std@@UTransferInfo@@U?$less@V?$basic_string@DU?$char_traits@D@std@@V?$allocator@D@2@@std@@@2@V?$allocator@UTransferInfo@@@2@@2@U?$less@V?$basic_string@DU?$char_traits@D@std@@V?$allocator@D@2@@std@@@2@V?$allocator@UTransferInfo@@@2@@std@@IAEXPAU_Node@12@@Z 00414550 f i GameServer.obj
 0001:00013630       ?insert@?$vector@V?$basic_string@DU?$char_traits@D@std@@V?$allocator@D@2@@std@@V?$allocator@V?$basic_string@DU?$char_traits@D@std@@V?$allocator@D@2@@std@@@2@@std@@QAEXPAV?$basic_string@DU?$char_traits@D@std@@V?$allocator@D@2@@2@IABV32@@Z 00414630 f i GameServer.obj
 0001:000138f0       ??0?$pair@Viterator@?$_Tree@V?$basic_string@DU?$char_traits@D@std@@V?$allocator@D@2@@std@@U?$pair@$$CBV?$basic_string@DU?$char_traits@D@std@@V?$allocator@D@2@@std@@UTransferInfo@@@2@U_Kfn@?$map@V?$basic_string@DU?$char_traits@D@std@@V?$allocator@D@2@@std@@UTransferInfo@@U?$less@V?$basic_string@DU?$char_traits@D@std@@V?$allocator@D@2@@std@@@2@V?$allocator@UTransferInfo@@@2@@2@U?$less@V?$basic_string@DU?$char_traits@D@std@@V?$allocator@D@2@@std@@@2@V?$allocator@UTransferInfo@@@2@@std@@_N@std@@QAE@ABViterator@?$_Tree@V?$basic_string@DU?$char_traits@D@std@@V?$allocator@D@2@@std@@U?$pair@$$CBV?$basic_string@DU?$char_traits@D@std@@V?$allocator@D@2@@std@@UTransferInfo@@@2@U_Kfn@?$map@V?$basic_string@DU?$char_traits@D@std@@V?$allocator@D@2@@std@@UTransferInfo@@U?$less@V?$basic_string@DU?$char_traits@D@std@@V?$allocator@D@2@@std@@@2@V?$allocator@UTransferInfo@@@2@@2@U?$less@V?$basic_string@DU?$char_traits@D@std@@V?$allocator@D@2@@std@@@2@V?$allocator@UTransferInfo@@@2@@1@AB_N@Z 004148f0 f i GameServer.obj
 0001:00013910       ?_Lbound@?$_Tree@IU?$pair@$$CBIV?$list@PAVIGServer@@V?$allocator@PAVIGServer@@@std@@@std@@@std@@U_Kfn@?$map@IV?$list@PAVIGServer@@V?$allocator@PAVIGServer@@@std@@@std@@U?$less@I@2@V?$allocator@V?$list@PAVIGServer@@V?$allocator@PAVIGServer@@@std@@@std@@@2@@2@U?$less@I@2@V?$allocator@V?$list@PAVIGServer@@V?$allocator@PAVIGServer@@@std@@@std@@@2@@std@@IBEPAU_Node@12@ABI@Z 00414910 f i GameServer.obj
 0001:00013960       ?_Dec@const_iterator@?$_Tree@IU?$pair@$$CBIV?$list@PAVIGServer@@V?$allocator@PAVIGServer@@@std@@@std@@@std@@U_Kfn@?$map@IV?$list@PAVIGServer@@V?$allocator@PAVIGServer@@@std@@@std@@U?$less@I@2@V?$allocator@V?$list@PAVIGServer@@V?$allocator@PAVIGServer@@@std@@@std@@@2@@2@U?$less@I@2@V?$allocator@V?$list@PAVIGServer@@V?$allocator@PAVIGServer@@@std@@@std@@@2@@std@@QAEXXZ 00414960 f i GameServer.obj
 0001:00013a20       ?_Lbound@?$_Tree@IU?$pair@$$CBIPAVIGServer@@@std@@U_Kfn@?$map@IPAVIGServer@@U?$less@I@std@@V?$allocator@PAVIGServer@@@3@@2@U?$less@I@2@V?$allocator@PAVIGServer@@@2@@std@@IBEPAU_Node@12@ABI@Z 00414a20 f i GameServer.obj
 0001:00013a70       ?_Dec@const_iterator@?$_Tree@IU?$pair@$$CBIPAVIGServer@@@std@@U_Kfn@?$map@IPAVIGServer@@U?$less@I@std@@V?$allocator@PAVIGServer@@@3@@2@U?$less@I@2@V?$allocator@PAVIGServer@@@2@@std@@QAEXXZ 00414a70 f i GameServer.obj
 0001:00013b30       ?_Lbound@?$_Tree@V?$basic_string@DU?$char_traits@D@std@@V?$allocator@D@2@@std@@U?$pair@$$CBV?$basic_string@DU?$char_traits@D@std@@V?$allocator@D@2@@std@@PAX@2@U_Kfn@?$map@V?$basic_string@DU?$char_traits@D@std@@V?$allocator@D@2@@std@@PAXU?$less@V?$basic_string@DU?$char_traits@D@std@@V?$allocator@D@2@@std@@@2@V?$allocator@PAX@2@@2@U?$less@V?$basic_string@DU?$char_traits@D@std@@V?$allocator@D@2@@std@@@2@V?$allocator@PAX@2@@std@@IBEPAU_Node@12@ABV?$basic_string@DU?$char_traits@D@std@@V?$allocator@D@2@@2@@Z 00414b30 f i GameServer.obj
 0001:00013bf0       ?_Dec@const_iterator@?$_Tree@V?$basic_string@DU?$char_traits@D@std@@V?$allocator@D@2@@std@@U?$pair@$$CBV?$basic_string@DU?$char_traits@D@std@@V?$allocator@D@2@@std@@PAX@2@U_Kfn@?$map@V?$basic_string@DU?$char_traits@D@std@@V?$allocator@D@2@@std@@PAXU?$less@V?$basic_string@DU?$char_traits@D@std@@V?$allocator@D@2@@std@@@2@V?$allocator@PAX@2@@2@U?$less@V?$basic_string@DU?$char_traits@D@std@@V?$allocator@D@2@@std@@@2@V?$allocator@PAX@2@@std@@QAEXXZ 00414bf0 f i GameServer.obj
 0001:00013cb0       ?lower_bound@?$_Tree@V?$basic_string@DU?$char_traits@D@std@@V?$allocator@D@2@@std@@U?$pair@$$CBV?$basic_string@DU?$char_traits@D@std@@V?$allocator@D@2@@std@@UTransferInfo@@@2@U_Kfn@?$map@V?$basic_string@DU?$char_traits@D@std@@V?$allocator@D@2@@std@@UTransferInfo@@U?$less@V?$basic_string@DU?$char_traits@D@std@@V?$allocator@D@2@@std@@@2@V?$allocator@UTransferInfo@@@2@@2@U?$less@V?$basic_string@DU?$char_traits@D@std@@V?$allocator@D@2@@std@@@2@V?$allocator@UTransferInfo@@@2@@std@@QAE?AViterator@12@ABV?$basic_string@DU?$char_traits@D@std@@V?$allocator@D@2@@2@@Z 00414cb0 f i GameServer.obj
 0001:00013cd0       ?upper_bound@?$_Tree@V?$basic_string@DU?$char_traits@D@std@@V?$allocator@D@2@@std@@U?$pair@$$CBV?$basic_string@DU?$char_traits@D@std@@V?$allocator@D@2@@std@@UTransferInfo@@@2@U_Kfn@?$map@V?$basic_string@DU?$char_traits@D@std@@V?$allocator@D@2@@std@@UTransferInfo@@U?$less@V?$basic_string@DU?$char_traits@D@std@@V?$allocator@D@2@@std@@@2@V?$allocator@UTransferInfo@@@2@@2@U?$less@V?$basic_string@DU?$char_traits@D@std@@V?$allocator@D@2@@std@@@2@V?$allocator@UTransferInfo@@@2@@std@@QAE?AViterator@12@ABV?$basic_string@DU?$char_traits@D@std@@V?$allocator@D@2@@2@@Z 00414cd0 f i GameServer.obj
 0001:00013cf0       ?_Insert@?$_Tree@V?$basic_string@DU?$char_traits@D@std@@V?$allocator@D@2@@std@@U?$pair@$$CBV?$basic_string@DU?$char_traits@D@std@@V?$allocator@D@2@@std@@UTransferInfo@@@2@U_Kfn@?$map@V?$basic_string@DU?$char_traits@D@std@@V?$allocator@D@2@@std@@UTransferInfo@@U?$less@V?$basic_string@DU?$char_traits@D@std@@V?$allocator@D@2@@std@@@2@V?$allocator@UTransferInfo@@@2@@2@U?$less@V?$basic_string@DU?$char_traits@D@std@@V?$allocator@D@2@@std@@@2@V?$allocator@UTransferInfo@@@2@@std@@IAE?AViterator@12@PAU_Node@12@0ABU?$pair@$$CBV?$basic_string@DU?$char_traits@D@std@@V?$allocator@D@2@@std@@UTransferInfo@@@2@@Z 00414cf0 f i GameServer.obj
 0001:00014000       ?_Lbound@?$_Tree@V?$basic_string@DU?$char_traits@D@std@@V?$allocator@D@2@@std@@U?$pair@$$CBV?$basic_string@DU?$char_traits@D@std@@V?$allocator@D@2@@std@@UTransferInfo@@@2@U_Kfn@?$map@V?$basic_string@DU?$char_traits@D@std@@V?$allocator@D@2@@std@@UTransferInfo@@U?$less@V?$basic_string@DU?$char_traits@D@std@@V?$allocator@D@2@@std@@@2@V?$allocator@UTransferInfo@@@2@@2@U?$less@V?$basic_string@DU?$char_traits@D@std@@V?$allocator@D@2@@std@@@2@V?$allocator@UTransferInfo@@@2@@std@@IBEPAU_Node@12@ABV?$basic_string@DU?$char_traits@D@std@@V?$allocator@D@2@@2@@Z 00415000 f i GameServer.obj
 0001:000140c0       ?_Ubound@?$_Tree@V?$basic_string@DU?$char_traits@D@std@@V?$allocator@D@2@@std@@U?$pair@$$CBV?$basic_string@DU?$char_traits@D@std@@V?$allocator@D@2@@std@@UTransferInfo@@@2@U_Kfn@?$map@V?$basic_string@DU?$char_traits@D@std@@V?$allocator@D@2@@std@@UTransferInfo@@U?$less@V?$basic_string@DU?$char_traits@D@std@@V?$allocator@D@2@@std@@@2@V?$allocator@UTransferInfo@@@2@@2@U?$less@V?$basic_string@DU?$char_traits@D@std@@V?$allocator@D@2@@std@@@2@V?$allocator@UTransferInfo@@@2@@std@@IBEPAU_Node@12@ABV?$basic_string@DU?$char_traits@D@std@@V?$allocator@D@2@@2@@Z 004150c0 f i GameServer.obj
[...]
 0001:0001ce90       _$E23                      0041de90 f   common:Buffer.obj
 0001:0001ceb0       _$E22                      0041deb0 f   common:Buffer.obj
 0001:0001ac10       _$E19                      0041bc10 f   common:Exception.obj
 0001:0001ac30       _$E18                      0041bc30 f   common:Exception.obj
 0001:0001a770       _$E21                      0041b770 f   common:Win32Exception.obj
 0001:0001a790       _$E20                      0041b790 f   common:Win32Exception.obj
 0001:0001a2b0       ?Create@Win32@OnlineGameLib@@YAPAXPAU_SECURITY_ATTRIBUTES@@HHPBD@Z 0041b2b0 f   common:Mutex.obj
 0001:0001a6b0       _$E19                      0041b6b0 f   common:Mutex.obj
 0001:0001a6d0       _$E18                      0041b6d0 f   common:Mutex.obj
 0001:0002f681       __Mbrtowc_lk               00430681 f   libcpmt:xmbtowc.obj
 0001:0002ef4d       _$E37                      0042ff4d f   libcpmt:xlocale.obj
 0001:0002ef62       _$E36                      0042ff62 f   libcpmt:xlocale.obj
 0001:0002c084       _$E47                      0042d084 f   libcpmt:wlocale.obj
 0001:0002c099       _$E46                      0042d099 f   libcpmt:wlocale.obj
 0001:00025e96       _$E2                       00426e96 f   libcpmt:nomemory.obj
 0001:00024f0f       _$E18                      00425f0f f   libcpmt:wiostrea.obj
 0001:00024f19       _$E15                      00425f19 f   libcpmt:wiostrea.obj
 0001:00024f23       _$E17                      00425f23 f   libcpmt:wiostrea.obj
 0001:00024f2f       _$E16                      00425f2f f   libcpmt:wiostrea.obj
 0001:00024f39       _$E24                      00425f39 f   libcpmt:wiostrea.obj
 0001:00024f43       _$E21                      00425f43 f   libcpmt:wiostrea.obj
 0001:00024f4d       _$E23                      00425f4d f   libcpmt:wiostrea.obj
 0001:00024f59       _$E22                      00425f59 f   libcpmt:wiostrea.obj
 0001:00024f63       _$E29                      00425f63 f   libcpmt:wiostrea.obj
 0001:00024f6d       _$E26                      00425f6d f   libcpmt:wiostrea.obj
 0001:00024f7a       _$E28                      00425f7a f   libcpmt:wiostrea.obj
 0001:00024f86       _$E27                      00425f86 f   libcpmt:wiostrea.obj
 0001:00024f90       _$E34                      00425f90 f   libcpmt:wiostrea.obj
 0001:00024f9a       _$E31                      00425f9a f   libcpmt:wiostrea.obj
 0001:00024fa7       _$E33                      00425fa7 f   libcpmt:wiostrea.obj
 0001:00024fb3       _$E32                      00425fb3 f   libcpmt:wiostrea.obj
 0001:00024fbd       _$E39                      00425fbd f   libcpmt:wiostrea.obj
 0001:00024fc7       _$E36                      00425fc7 f   libcpmt:wiostrea.obj
 0001:00024fd4       _$E38                      00425fd4 f   libcpmt:wiostrea.obj
 0001:00024fe0       _$E37                      00425fe0 f   libcpmt:wiostrea.obj
 0001:00024fea       _$E44                      00425fea f   libcpmt:wiostrea.obj
 0001:00024ff4       _$E41                      00425ff4 f   libcpmt:wiostrea.obj
 0001:00025003       _$E43                      00426003 f   libcpmt:wiostrea.obj
 0001:0002500f       _$E42                      0042600f f   libcpmt:wiostrea.obj
 0001:0002502e       _$E49                      0042602e f   libcpmt:wiostrea.obj
 0001:00025038       _$E46                      00426038 f   libcpmt:wiostrea.obj
 0001:00025047       _$E48                      00426047 f   libcpmt:wiostrea.obj
 0001:00025053       _$E47                      00426053 f   libcpmt:wiostrea.obj
 0001:00025072       _$E54                      00426072 f   libcpmt:wiostrea.obj
 0001:0002507c       _$E51                      0042607c f   libcpmt:wiostrea.obj
 0001:0002508b       _$E53                      0042608b f   libcpmt:wiostrea.obj
 0001:00025097       _$E52                      00426097 f   libcpmt:wiostrea.obj
 0001:000250a1       _$E59                      004260a1 f   libcpmt:wiostrea.obj
 0001:000250ab       _$E56                      004260ab f   libcpmt:wiostrea.obj
 0001:000250ba       _$E58                      004260ba f   libcpmt:wiostrea.obj
 0001:000250c6       _$E57                      004260c6 f   libcpmt:wiostrea.obj
 0001:00025d94       _$E70                      00426d94 f   libcpmt:wiostrea.obj
 0001:00025dbe       _$E66                      00426dbe f   libcpmt:wiostrea.obj
 0001:00025dca       _$E69                      00426dca f   libcpmt:wiostrea.obj
 0001:000249d1       _$E18                      004259d1 f   libcpmt:iostream.obj
 0001:000249db       _$E15                      004259db f   libcpmt:iostream.obj
 0001:000249e8       _$E17                      004259e8 f   libcpmt:iostream.obj
 0001:000249f4       _$E16                      004259f4 f   libcpmt:iostream.obj
 0001:000249fe       _$E23                      004259fe f   libcpmt:iostream.obj
 0001:00024a08       _$E20                      00425a08 f   libcpmt:iostream.obj
 0001:00024a15       _$E22                      00425a15 f   libcpmt:iostream.obj
 0001:00024a21       _$E21                      00425a21 f   libcpmt:iostream.obj
 0001:00024a2b       _$E28                      00425a2b f   libcpmt:iostream.obj
 0001:00024a35       _$E25                      00425a35 f   libcpmt:iostream.obj
 0001:00024a44       _$E27                      00425a44 f   libcpmt:iostream.obj
 0001:00024a50       _$E26                      00425a50 f   libcpmt:iostream.obj
 0001:00024a5a       _$E33                      00425a5a f   libcpmt:iostream.obj
 0001:00024a64       _$E30                      00425a64 f   libcpmt:iostream.obj
 0001:00024a73       _$E32                      00425a73 f   libcpmt:iostream.obj
 0001:00024a7f       _$E31                      00425a7f f   libcpmt:iostream.obj
 0001:00024a89       _$E38                      00425a89 f   libcpmt:iostream.obj
 0001:00024a93       _$E35                      00425a93 f   libcpmt:iostream.obj
 0001:00024aa0       _$E37                      00425aa0 f   libcpmt:iostream.obj
 0001:00024aac       _$E36                      00425aac f   libcpmt:iostream.obj
 0001:00024ab6       _$E43                      00425ab6 f   libcpmt:iostream.obj
 0001:00024ac0       _$E40                      00425ac0 f   libcpmt:iostream.obj
 0001:00024acf       _$E42                      00425acf f   libcpmt:iostream.obj
 0001:00024adb       _$E41                      00425adb f   libcpmt:iostream.obj
 0001:00024ae5       _$E48                      00425ae5 f   libcpmt:iostream.obj
 0001:00024aef       _$E45                      00425aef f   libcpmt:iostream.obj
 0001:00024afe       _$E47                      00425afe f   libcpmt:iostream.obj
 0001:00024b0a       _$E46                      00425b0a f   libcpmt:iostream.obj
 0001:00024ecd       _$E60                      00425ecd f   libcpmt:iostream.obj
 0001:00024ef7       _$E56                      00425ef7 f   libcpmt:iostream.obj
 0001:00024f03       _$E59                      00425f03 f   libcpmt:iostream.obj
 0001:0002498f       _$E32                      0042598f f   libcpmt:locale.obj
 0001:000249b9       _$E28                      004259b9 f   libcpmt:locale.obj
 0001:000249c5       _$E31                      004259c5 f   libcpmt:locale.obj
 0001:00021f6d       _$E18                      00422f6d f   libcpmt:locale0.obj
 0001:00021f77       _$E15                      00422f77 f   libcpmt:locale0.obj
 0001:00021f78       _$E17                      00422f78 f   libcpmt:locale0.obj
 0001:00021f84       _$E16                      00422f84 f   libcpmt:locale0.obj
 0001:000223b6       _$E29                      004233b6 f   libcpmt:locale0.obj
 0001:000223e0       _$E25                      004233e0 f   libcpmt:locale0.obj
 0001:000223ec       _$E28                      004233ec f   libcpmt:locale0.obj
 0001:00021f2b       _$E24                      00422f2b f   libcpmt:strstrea.obj
 0001:00021f55       _$E20                      00422f55 f   libcpmt:strstrea.obj
 0001:00021f61       _$E23                      00422f61 f   libcpmt:strstrea.obj
 0001:00021056       ?_CleanUp@std@@YAXXZ       00422056 f   libcpmt:xlock.obj
 0001:00020f95       _$E24                      00421f95 f   libcpmt:string.obj
 0001:00020fbf       _$E20                      00421fbf f   libcpmt:string.obj
 0001:00020fcb       _$E23                      00421fcb f   libcpmt:string.obj
 0001:0003de6e       _findenv                   0043ee6e f   LIBCMT:setenv.obj
 0001:0003dec6       _copy_environ              0043eec6 f   LIBCMT:setenv.obj
 0001:0003cece       _ctrlevent_capture@4       0043dece f   LIBCMT:winsig.obj
 0001:0003d0b2       _siglookup                 0043e0b2 f   LIBCMT:winsig.obj
 0001:0003c521       _xtoa                      0043d521 f   LIBCMT:xtoa.obj
 0001:0003c5f3       _x64toa@20                 0043d5f3 f   LIBCMT:xtoa.obj
 0001:0003bbe3       _getSystemCP               0043cbe3 f   LIBCMT:mbctype.obj
 0001:0003bc2d       _CPtoLCID                  0043cc2d f   LIBCMT:mbctype.obj
 0001:0003bc60       _setSBCS                   0043cc60 f   LIBCMT:mbctype.obj
 0001:0003bc89       _setSBUpLow                0043cc89 f   LIBCMT:mbctype.obj
 0001:0003ba05       _x_ismbbtype               0043ca05 f   LIBCMT:ismbbyte.obj
 0001:0003b070       __abstract_cw              0043c070 f   LIBCMT:ieee87.obj
 0001:0003b102       __hw_cw                    0043c102 f   LIBCMT:ieee87.obj
 0001:0003b18b       __abstract_sw              0043c18b f   LIBCMT:ieee87.obj
 0001:00039fae       __tzset_lk                 0043afae f   LIBCMT:tzset.obj
 0001:0003a256       __isindst_lk               0043b256 f   LIBCMT:tzset.obj
 0001:0003a402       _cvtdate                   0043b402 f   LIBCMT:tzset.obj
 0001:000392f7       _TranslateName             0043a2f7 f   LIBCMT:getqloc.obj
 0001:0003934f       _GetLcidFromLangCountry    0043a34f f   LIBCMT:getqloc.obj
 0001:000393d6       _LangCountryEnumProc@4     0043a3d6 f   LIBCMT:getqloc.obj
 0001:000395da       _GetLcidFromLanguage       0043a5da f   LIBCMT:getqloc.obj
 0001:00039630       _LanguageEnumProc@4        0043a630 f   LIBCMT:getqloc.obj
 0001:000396ed       _GetLcidFromCountry        0043a6ed f   LIBCMT:getqloc.obj
 0001:00039724       _CountryEnumProc@4         0043a724 f   LIBCMT:getqloc.obj
 0001:000397aa       _GetLcidFromDefault        0043a7aa f   LIBCMT:getqloc.obj
 0001:000397c4       _ProcessCodePage           0043a7c4 f   LIBCMT:getqloc.obj
 0001:0003982a       _TestDefaultCountry        0043a82a f   LIBCMT:getqloc.obj
 0001:00039849       _TestDefaultLanguage       0043a849 f   LIBCMT:getqloc.obj
 0001:000398ab       _IsThisWindowsNT           0043a8ab f   LIBCMT:getqloc.obj
 0001:000398e1       _crtGetLocaleInfoA@16      0043a8e1 f   LIBCMT:getqloc.obj
 0001:000399c7       _LcidFromHexString         0043a9c7 f   LIBCMT:getqloc.obj
 0001:00039a00       _GetPrimaryLen             0043aa00 f   LIBCMT:getqloc.obj
 0001:00038d02       __get_lc_lconv             00439d02 f   LIBCMT:initmon.obj
 0001:00038e24       _fix_grouping              00439e24 f   LIBCMT:initmon.obj
 0001:00038e5b       __free_lc_lconv            00439e5b f   LIBCMT:initmon.obj
 0001:00038c00       _fix_grouping              00439c00 f   LIBCMT:initnum.obj
 0001:0003854d       __get_lc_time              0043954d f   LIBCMT:inittime.obj
 0001:0003889b       __free_lc_time             0043989b f   LIBCMT:inittime.obj
 0001:00036586       _parse_cmdline             00437586 f   LIBCMT:stdargv.obj
 0001:000363a2       _xcptlookup                004373a2 f   LIBCMT:winxfltr.obj
 0001:00035f68       __cftoe2                   00436f68 f   LIBCMT:cvt.obj
 0001:0003607f       __cftof2                   0043707f f   LIBCMT:cvt.obj
 0001:0003620a       __shift                    0043720a f   LIBCMT:cvt.obj
 0001:00035604       _write_char                00436604 f   LIBCMT:output.obj
 0001:00035639       _write_multi_char          00436639 f   LIBCMT:output.obj
 0001:0003566a       _write_string              0043666a f   LIBCMT:output.obj
 0001:000356a2       _get_int_arg               004366a2 f   LIBCMT:output.obj
 0001:000356af       _get_int64_arg             004366af f   LIBCMT:output.obj
 0001:000356bf       _get_short_arg             004366bf f   LIBCMT:output.obj
 0001:00034507       ?FindHandler@@YAXPAUEHExceptionRecord@@PAUEHRegistrationNode@@PAU_CONTEXT@@PAXPBU_s_FuncInfo@@EH1@Z 00435507 f   LIBCMT:frame.obj
 0001:000346ba       ?FindHandlerForForeignException@@YAXPAUEHExceptionRecord@@PAUEHRegistrationNode@@PAU_CONTEXT@@PAXPBU_s_FuncInfo@@HH1@Z 004356ba f   LIBCMT:frame.obj
 0001:00034764       ?TypeMatch@@YAHPBU_s_HandlerType@@PBU_s_CatchableType@@PBU_s_ThrowInfo@@@Z 00435764 f   LIBCMT:frame.obj
 0001:0003485f       ?FrameUnwindFilter@@YAHPAU_EXCEPTION_POINTERS@@@Z 0043585f f   LIBCMT:frame.obj
 0001:00034875       ?CatchIt@@YAXPAUEHExceptionRecord@@PAUEHRegistrationNode@@PAU_CONTEXT@@PAXPBU_s_FuncInfo@@PBU_s_HandlerType@@PBU_s_CatchableType@@PBU_s_TryBlockMapEntry@@H1E@Z 00435875 f   LIBCMT:frame.obj
 0001:000348f0       ?CallCatchBlock@@YAPAXPAUEHExceptionRecord@@PAUEHRegistrationNode@@PAU_CONTEXT@@PBU_s_FuncInfo@@PAXHK@Z 004358f0 f   LIBCMT:frame.obj
 0001:00034a0b       ?ExFilterRethrow@@YAHPAU_EXCEPTION_POINTERS@@@Z 00435a0b f   LIBCMT:frame.obj
 0001:00034a35       ?BuildCatchObject@@YAXPAUEHExceptionRecord@@PAUEHRegistrationNode@@PBU_s_HandlerType@@PBU_s_CatchableType@@@Z 00435a35 f   LIBCMT:frame.obj
 0001:00034c60       ?AdjustPointer@@YAPAXPAXABUPMD@@@Z 00435c60 f   LIBCMT:frame.obj
 0001:000340fc       _doexit                    004350fc f   LIBCMT:crt0dat.obj
 0001:000341b3       __initterm                 004351b3 f   LIBCMT:crt0dat.obj
 0001:00034064       _strncnt                   00435064 f   LIBCMT:a_cmp.obj
 0001:00033c9d       _strncnt                   00434c9d f   LIBCMT:a_map.obj
 0001:0003319c       __expandtime               0043419c f   LIBCMT:strftime.obj
 0001:0003358b       __store_str                0043458b f   LIBCMT:strftime.obj
 0001:000335b2       __store_num                004345b2 f   LIBCMT:strftime.obj
 0001:00033621       __store_number             00434621 f   LIBCMT:strftime.obj
 0001:0003366a       __store_winword            0043466a f   LIBCMT:strftime.obj
 0001:00032560       _strtoxl                   00433560 f   LIBCMT:strtol.obj
 0001:00031f52       __setlocale_set_cat        00432f52 f   LIBCMT:setlocal.obj
 0001:0003206d       __setlocale_get_all        0043306d f   LIBCMT:setlocal.obj
 0001:00031990       LeadUp1                    00432990 f   LIBCMT:memcpy.obj
 0001:000319bc       LeadUp2                    004329bc f   LIBCMT:memcpy.obj
 0001:000319e0       LeadUp3                    004329e0 f   LIBCMT:memcpy.obj
 0001:00031a5f       UnwindUp0                  00432a5f f   LIBCMT:memcpy.obj
 0001:00031a4c       UnwindUp1                  00432a4c f   LIBCMT:memcpy.obj
 0001:00031a44       UnwindUp2                  00432a44 f   LIBCMT:memcpy.obj
 0001:00031a3c       UnwindUp3                  00432a3c f   LIBCMT:memcpy.obj
 0001:00031a34       UnwindUp4                  00432a34 f   LIBCMT:memcpy.obj
 0001:00031a2c       UnwindUp5                  00432a2c f   LIBCMT:memcpy.obj
 0001:00031a24       UnwindUp6                  00432a24 f   LIBCMT:memcpy.obj
 0001:00031a1c       UnwindUp7                  00432a1c f   LIBCMT:memcpy.obj
 0001:00031a78       TrailUp0                   00432a78 f   LIBCMT:memcpy.obj
 0001:00031a80       TrailUp1                   00432a80 f   LIBCMT:memcpy.obj
 0001:00031a8c       TrailUp2                   00432a8c f   LIBCMT:memcpy.obj
 0001:00031aa0       TrailUp3                   00432aa0 f   LIBCMT:memcpy.obj
 0001:00031b18       LeadDown1                  00432b18 f   LIBCMT:memcpy.obj
 0001:00031b38       LeadDown2                  00432b38 f   LIBCMT:memcpy.obj
 0001:00031b60       LeadDown3                  00432b60 f   LIBCMT:memcpy.obj
 0001:00031bb4       UnwindDown7                00432bb4 f   LIBCMT:memcpy.obj
 0001:00031bbc       UnwindDown6                00432bbc f   LIBCMT:memcpy.obj
 0001:00031bc4       UnwindDown5                00432bc4 f   LIBCMT:memcpy.obj
 0001:00031bcc       UnwindDown4                00432bcc f   LIBCMT:memcpy.obj
 0001:00031bd4       UnwindDown3                00432bd4 f   LIBCMT:memcpy.obj
 0001:00031bdc       UnwindDown2                00432bdc f   LIBCMT:memcpy.obj
 0001:00031be4       UnwindDown1                00432be4 f   LIBCMT:memcpy.obj
 0001:00031bf7       UnwindDown0                00432bf7 f   LIBCMT:memcpy.obj
 0001:00031c10       TrailDown0                 00432c10 f   LIBCMT:memcpy.obj
 0001:00031c18       TrailDown1                 00432c18 f   LIBCMT:memcpy.obj
 0001:00031c28       TrailDown2                 00432c28 f   LIBCMT:memcpy.obj
 0001:00031c3c       TrailDown3                 00432c3c f   LIBCMT:memcpy.obj
 0001:0003178b       _flsall                    0043278b f   LIBCMT:fflush.obj
 0001:00030eac       _fast_error_exit           00431eac f   LIBCMT:wincrt0.obj
 0001:0003065c       ?ArrayUnwindFilter@@YAHPAU_EXCEPTION_POINTERS@@@Z 0043165c f   LIBCMT:ehvecdtr.obj
 0001:000302b0       LeadUp1                    004312b0 f   LIBCMT:memmove.obj
 0001:000302dc       LeadUp2                    004312dc f   LIBCMT:memmove.obj
 0001:00030300       LeadUp3                    00431300 f   LIBCMT:memmove.obj
 0001:0003037f       UnwindUp0                  0043137f f   LIBCMT:memmove.obj
 0001:0003036c       UnwindUp1                  0043136c f   LIBCMT:memmove.obj
 0001:00030364       UnwindUp2                  00431364 f   LIBCMT:memmove.obj
 0001:0003035c       UnwindUp3                  0043135c f   LIBCMT:memmove.obj
 0001:00030354       UnwindUp4                  00431354 f   LIBCMT:memmove.obj
 0001:0003034c       UnwindUp5                  0043134c f   LIBCMT:memmove.obj
 0001:00030344       UnwindUp6                  00431344 f   LIBCMT:memmove.obj
 0001:0003033c       UnwindUp7                  0043133c f   LIBCMT:memmove.obj
 0001:00030398       TrailUp0                   00431398 f   LIBCMT:memmove.obj
 0001:000303a0       TrailUp1                   004313a0 f   LIBCMT:memmove.obj
 0001:000303ac       TrailUp2                   004313ac f   LIBCMT:memmove.obj
 0001:000303c0       TrailUp3                   004313c0 f   LIBCMT:memmove.obj
 0001:00030438       LeadDown1                  00431438 f   LIBCMT:memmove.obj
 0001:00030458       LeadDown2                  00431458 f   LIBCMT:memmove.obj
 0001:00030480       LeadDown3                  00431480 f   LIBCMT:memmove.obj
 0001:000304d4       UnwindDown7                004314d4 f   LIBCMT:memmove.obj
 0001:000304dc       UnwindDown6                004314dc f   LIBCMT:memmove.obj
 0001:000304e4       UnwindDown5                004314e4 f   LIBCMT:memmove.obj
 0001:000304ec       UnwindDown4                004314ec f   LIBCMT:memmove.obj
 0001:000304f4       UnwindDown3                004314f4 f   LIBCMT:memmove.obj
 0001:000304fc       UnwindDown2                004314fc f   LIBCMT:memmove.obj
 0001:00030504       UnwindDown1                00431504 f   LIBCMT:memmove.obj
 0001:00030517       UnwindDown0                00431517 f   LIBCMT:memmove.obj
 0001:00030530       TrailDown0                 00431530 f   LIBCMT:memmove.obj
 0001:00030538       TrailDown1                 00431538 f   LIBCMT:memmove.obj
 0001:00030548       TrailDown2                 00431548 f   LIBCMT:memmove.obj
 0001:0003055c       TrailDown3                 0043155c f   LIBCMT:memmove.obj
 0001:00030024       _gu_return                 00431024 f   LIBCMT:exsup.obj
 0001:0003002c       __unwind_handler           0043102c f   LIBCMT:exsup.obj
 0001:0002fe40       ?CatchGuardHandler@@YA?AW4_EXCEPTION_DISPOSITION@@PAUEHExceptionRecord@@PAUCatchGuardRN@@PAX2@Z 00430e40 f   LIBCMT:trnsctrl.obj
 0001:0002ff1b       ?TranslatorGuardHandler@@YA?AW4_EXCEPTION_DISPOSITION@@PAUEHExceptionRecord@@PAUTranslatorGuardRN@@PAX2@Z 00430f1b f   LIBCMT:trnsctrl.obj
