 Bishop

 Timestamp is 691664cd (Thu Nov 13 18:07:57 2025)

 Preferred load address is 00400000

 Start         Length     Name                   Class
 0001:00000000 0003e3f4H .text                   CODE
 0001:0003e400 0000364eH .text$x                 CODE
 0002:00000000 00000268H .idata$5                DATA
 0002:00000268 00001974H .rdata                  DATA
 0002:00001be0 0000122cH .rdata$r                DATA
 0002:00002e10 00005b10H .xdata$x                DATA
 0002:00008920 000000a0H .idata$2                DATA
 0002:000089c0 00000014H .idata$3                DATA
 0002:000089d4 00000268H .idata$4                DATA
 0002:00008c3c 00000a2eH .idata$6                DATA
 0002:0000966a 00000000H .edata                  DATA
 0003:00000000 00000004H .CRT$XCA                DATA
 0003:00000004 0000012cH .CRT$XCU                DATA
 0003:00000130 00000004H .CRT$XCZ                DATA
 0003:00000134 00000004H .CRT$XIA                DATA
 0003:00000138 0000000cH .CRT$XIC                DATA
 0003:00000144 00000004H .CRT$XIY                DATA
 0003:00000148 00000004H .CRT$XIZ                DATA
 0003:0000014c 00000004H .CRT$XPA                DATA
 0003:00000150 00000004H .CRT$XPX                DATA
 0003:00000154 00000004H .CRT$XPZ                DATA
 0003:00000158 00000004H .CRT$XTA                DATA
 0003:0000015c 00000004H .CRT$XTB                DATA
 0003:00000160 00000004H .CRT$XTZ                DATA
 0003:00000170 000042e0H .data                   DATA
 0003:00004450 00002300H .bss                    DATA
 0004:00000000 000002c8H .rsrc$01                DATA
 0004:000002d0 00006d90H .rsrc$02                DATA

  Address         Publics by Value              Rva+Base     Lib:Object

 0001:00000050       ??0CBishopApp@@QAE@XZ      00401050 f   Application.obj
 0001:00000070       ??_GCBishopApp@@UAEPAXI@Z  00401070 f i Application.obj
 0001:00000070       ??_ECBishopApp@@UAEPAXI@Z  00401070 f i Application.obj
 0001:00000090       ??0CBishopApp@@QAE@PAUHINSTANCE__@@@Z 00401090 f   Application.obj
 0001:000000c0       ??1CBishopApp@@UAE@XZ      004010c0 f   Application.obj
 0001:000000d0       ?Run@CBishopApp@@QAEHXZ    004010d0 f   Application.obj
 0001:00000170       ?LoginSystem@CBishopApp@@IAE_NXZ 00401170 f   Application.obj
 0001:000001a0       ?LoginDlgProc@CBishopApp@@KGHPAUHWND__@@IIJ@Z 004011a0 f   Application.obj
 0001:000003b0       ?EnterToAffirm@CBishopApp@@KAXPAUHWND__@@@Z 004013b0 f   Application.obj
 0001:00000420       ?LeaveToAffirm@CBishopApp@@KAXPAUHWND__@@@Z 00401420 f   Application.obj
 0001:00000480       ?CheckUserInfo@CBishopApp@@KA_NPAUHWND__@@@Z 00401480 f   Application.obj
 0001:00000580       ?ServerLoginRoutine@CBishopApp@@KGKPAUHWND__@@@Z 00401580 f   Application.obj
 0001:00000620       ?RegisterMainWndClass@CBishopApp@@IAEHXZ 00401620 f   Application.obj
 0001:000006d0       ?MainDialog@CBishopApp@@IAEIXZ 004016d0 f   Application.obj
 0001:00000780       ?MainWndProc@CBishopApp@@KGHPAUHWND__@@IIJ@Z 00401780 f   Application.obj
 0001:00000cb0       ?AddGameServerInfo@CBishopApp@@CAXPAUHWND__@@IPBD@Z 00401cb0 f   Application.obj
 0001:00000d10       ?DelGameServerInfo@CBishopApp@@CAXPAUHWND__@@I@Z 00401d10 f   Application.obj
 0001:00000d90       ?InitMainDlg@CBishopApp@@KAXPAUHWND__@@@Z 00401d90 f   Application.obj
 0001:00000e50       ?CloseMainDlg@CBishopApp@@KAXPAUHWND__@@@Z 00401e50 f   Application.obj
 0001:00000e70       ?UpdateVariable@CBishopApp@@KAXPAUHWND__@@@Z 00401e70 f   Application.obj
 0001:00000f50       ?EnableGameSvrCtrl@CBishopApp@@KAXPAUHWND__@@H@Z 00401f50 f   Application.obj
 0001:00000fd0       ?EnableCtrl@CBishopApp@@KAXPAUHWND__@@IH@Z 00401fd0 f   Application.obj
 0001:00001000       ?SendAnnounceText@CBishopApp@@KAXPAUHWND__@@PBDIIH@Z 00402000 f   Application.obj
 0001:000010d0       ?_Grow@?$basic_string@DU?$char_traits@D@std@@V?$allocator@D@2@@std@@AAE_NI_N@Z 004020d0 f i Application.obj
 0001:000011f0       ?_Copy@?$basic_string@DU?$char_traits@D@std@@V?$allocator@D@2@@std@@AAEXI@Z 004021f0 f i Application.obj
 0001:00001330       ?id@?$ctype@G@std@@$E      00402330 f i Application.obj
 0001:00001340       _WinMain@16                00402340 f   Bishop.obj
 0001:000013a0       ??0CEvent@Win32@OnlineGameLib@@QAE@PAU_SECURITY_ATTRIBUTES@@_N1@Z 004023a0 f   Event.obj
 0001:000014b0       ??1CWin32Exception@Win32@OnlineGameLib@@UAE@XZ 004024b0 f i Event.obj
 0001:00001530       ??_ECException@Win32@OnlineGameLib@@UAEPAXI@Z 00402530 f i Event.obj
 0001:00001530       ??_GCException@Win32@OnlineGameLib@@UAEPAXI@Z 00402530 f i Event.obj
 0001:00001550       ??1CException@Win32@OnlineGameLib@@UAE@XZ 00402550 f i Event.obj
 0001:000015d0       ??0CWin32Exception@Win32@OnlineGameLib@@QAE@ABV012@@Z 004025d0 f i Event.obj
 0001:00001710       ??0CException@Win32@OnlineGameLib@@QAE@ABV012@@Z 00402710 f i Event.obj
 0001:00001850       ??_ECWin32Exception@Win32@OnlineGameLib@@UAEPAXI@Z 00402850 f i Event.obj
 0001:00001850       ??_GCWin32Exception@Win32@OnlineGameLib@@UAEPAXI@Z 00402850 f i Event.obj
 0001:00001870       ??_GCEvent@Win32@OnlineGameLib@@UAEPAXI@Z 00402870 f i Event.obj
 0001:00001870       ??_ECEvent@Win32@OnlineGameLib@@UAEPAXI@Z 00402870 f i Event.obj
 0001:00001890       ??0CEvent@Win32@OnlineGameLib@@QAE@PAU_SECURITY_ATTRIBUTES@@_N1PBD@Z 00402890 f   Event.obj
 0001:000018c0       ??1CEvent@Win32@OnlineGameLib@@UAE@XZ 004028c0 f   Event.obj
 0001:000018e0       ?Wait@CEvent@Win32@OnlineGameLib@@QBEXXZ 004028e0 f   Event.obj
 0001:000019e0       ?Wait@CEvent@Win32@OnlineGameLib@@QBE_NK@Z 004029e0 f   Event.obj
 0001:00001ad0       ?Reset@CEvent@Win32@OnlineGameLib@@QAEXXZ 00402ad0 f   Event.obj
 0001:00001ba0       ?Set@CEvent@Win32@OnlineGameLib@@QAEXXZ 00402ba0 f   Event.obj
 0001:00001c70       ?Pulse@CEvent@Win32@OnlineGameLib@@QAEXXZ 00402c70 f   Event.obj
 0001:00001d40       ??1?$basic_string@DU?$char_traits@D@std@@V?$allocator@D@2@@std@@QAE@XZ 00402d40 f i Event.obj
 0001:00001d80       ?assign@?$basic_string@DU?$char_traits@D@std@@V?$allocator@D@2@@std@@QAEAAV12@ABV12@II@Z 00402d80 f i Event.obj
 0001:00001f80       ?_Tidy@?$basic_string@DU?$char_traits@D@std@@V?$allocator@D@2@@std@@AAEX_N@Z 00402f80 f i Event.obj
 0001:00001fd0       ?assign@?$basic_string@DU?$char_traits@D@std@@V?$allocator@D@2@@std@@QAEAAV12@PBDI@Z 00402fd0 f i Event.obj
 0001:00002070       ?erase@?$basic_string@DU?$char_traits@D@std@@V?$allocator@D@2@@std@@QAEAAV12@II@Z 00403070 f i Event.obj
 0001:00002190       ?_Eos@?$basic_string@DU?$char_traits@D@std@@V?$allocator@D@2@@std@@AAEXI@Z 00403190 f i Event.obj
 0001:000021b0       ?max_size@?$basic_string@DU?$char_traits@D@std@@V?$allocator@D@2@@std@@QBEIXZ 004031b0 f i Event.obj
 0001:000021c0       ?_Split@?$basic_string@DU?$char_traits@D@std@@V?$allocator@D@2@@std@@AAEXXZ 004031c0 f i Event.obj
 0001:00002350       ??1?$set@V?$basic_string@DU?$char_traits@D@std@@V?$allocator@D@2@@std@@U?$less@V?$basic_string@DU?$char_traits@D@std@@V?$allocator@D@2@@std@@@2@V?$allocator@V?$basic_string@DU?$char_traits@D@std@@V?$allocator@D@2@@std@@@2@@std@@QAE@XZ 00403350 f i GamePlayer.obj
 0001:000024d0       ??1?$map@V?$basic_string@DU?$char_traits@D@std@@V?$allocator@D@2@@std@@PAVIPlayer@@U?$less@V?$basic_string@DU?$char_traits@D@std@@V?$allocator@D@2@@std@@@2@V?$allocator@PAVIPlayer@@@2@@std@@QAE@XZ 004034d0 f i GamePlayer.obj
 0001:00002660       ?SetupGlobalAllocator@CGamePlayer@@SA_NII@Z 00403660 f   GamePlayer.obj
 0001:00002680       ??0CTask@CGamePlayer@@IAE@XZ 00403680 f   GamePlayer.obj
 0001:000026a0       ??1CTask@CGamePlayer@@QAE@XZ 004036a0 f   GamePlayer.obj
 0001:00002760       ??0CTask@CGamePlayer@@QAE@PAV1@I@Z 00403760 f   GamePlayer.obj
 0001:00002790       ?AddCmd@CTask@CGamePlayer@@QAEIP82@AEIXZ@Z 00403790 f   GamePlayer.obj
 0001:000027f0       ?Execute@CTask@CGamePlayer@@QAEIXZ 004037f0 f   GamePlayer.obj
 0001:00002870       ??0CDataQueue@CGamePlayer@@QAE@II@Z 00403870 f   GamePlayer.obj
 0001:00002960       ??1?$map@JPAVCBuffer@Win32@OnlineGameLib@@U?$less@J@std@@V?$allocator@PAVCBuffer@Win32@OnlineGameLib@@@5@@std@@QAE@XZ 00403960 f i GamePlayer.obj
 0001:000029d0       ??1CDataQueue@CGamePlayer@@QAE@XZ 004039d0 f   GamePlayer.obj
 0001:00002a90       ??1CCriticalSection@Win32@OnlineGameLib@@QAE@XZ 00403a90 f i GamePlayer.obj
 0001:00002aa0       ?Empty@CDataQueue@CGamePlayer@@QAEXXZ 00403aa0 f   GamePlayer.obj
 0001:00002b50       ??1Owner@CCriticalSection@Win32@OnlineGameLib@@QAE@XZ 00403b50 f i GamePlayer.obj
 0001:00002b60       ?AddData@CDataQueue@CGamePlayer@@QAE_NJPBEI@Z 00403b60 f   GamePlayer.obj
 0001:00002cb0       ?Attach@CDataQueue@CGamePlayer@@QAEPAVCBuffer@Win32@OnlineGameLib@@J@Z 00403cb0 f   GamePlayer.obj
 0001:00002d70       ?Detach@CDataQueue@CGamePlayer@@QAEXJ@Z 00403d70 f   GamePlayer.obj
 0001:00002d80       ?Clear@CDataQueue@CGamePlayer@@QAEXJ@Z 00403d80 f   GamePlayer.obj
 0001:00002e40       ??0CGamePlayer@@QAE@I@Z    00403e40 f   GamePlayer.obj
 0001:00003020       ??1IPlayer@@UAE@XZ         00404020 f i GamePlayer.obj
 0001:00003030       ??_GIPlayer@@UAEPAXI@Z     00404030 f i GamePlayer.obj
 0001:00003030       ??_EIPlayer@@UAEPAXI@Z     00404030 f i GamePlayer.obj
 0001:00003050       ?IsActive@CGamePlayer@@UAE_NXZ 00404050 f i GamePlayer.obj
 0001:00003060       ??_ECGamePlayer@@UAEPAXI@Z 00404060 f i GamePlayer.obj
 0001:00003060       ??_GCGamePlayer@@UAEPAXI@Z 00404060 f i GamePlayer.obj
 0001:00003080       ??_FCDataQueue@CGamePlayer@@QAEXXZ 00404080 f i GamePlayer.obj
 0001:00003090       ??1CGamePlayer@@UAE@XZ     00404090 f   GamePlayer.obj
 0001:000032a0       ?Active@CGamePlayer@@UAE_NXZ 004042a0 f   GamePlayer.obj
 0001:000032f0       ?Inactive@CGamePlayer@@UAE_NXZ 004042f0 f   GamePlayer.obj
 0001:00003ca0       ?SafeClose@CGamePlayer@@IAEIXZ 00404ca0 f   GamePlayer.obj
 0001:00003cb0       ?_UnlockAccount@CGamePlayer@@IAE_NXZ 00404cb0 f   GamePlayer.obj
 0001:00003db0       ?ATTACH_NETWORK@CGamePlayer@@SAXPAUIClient@@PAUIServer@@0@Z 00404db0 f   GamePlayer.obj
 0001:00003dd0       ?DETACH_NETWORK@CGamePlayer@@SAXXZ 00404dd0 f   GamePlayer.obj
 0001:00003e50       ?DispatchTask@CGamePlayer@@UAE_NI@Z 00404e50 f   GamePlayer.obj
 0001:00003e80       ?IsWorking@CGamePlayer@@UAE_NXZ 00404e80 f   GamePlayer.obj
 0001:00003ea0       ?Run@CGamePlayer@@UAE_NXZ  00404ea0 f   GamePlayer.obj
 0001:000041c0       ?AppendData@CGamePlayer@@UAE_NIPBXI@Z 004051c0 f   GamePlayer.obj
 0001:00004220       ?SmallPackProcess@CGamePlayer@@IAE_NIPBXI@Z 00405220 f   GamePlayer.obj
 0001:00004270       ?LargePackProcess@CGamePlayer@@IAE_NIPBXI@Z 00405270 f   GamePlayer.obj
 0001:00004310       ?DispatchTaskForAccount@CGamePlayer@@IAE_NPBXI@Z 00405310 f   GamePlayer.obj
 0001:00004350       ?DispatchTaskForDBRole@CGamePlayer@@IAE_NPBXI@Z 00405350 f   GamePlayer.obj
 0001:00004390       ?DispatchTaskForPlayer@CGamePlayer@@IAE_NPBXI@Z 00405390 f   GamePlayer.obj
 0001:000043d0       ?_ClearTaskQueue@CGamePlayer@@IAEXXZ 004053d0 f   GamePlayer.obj
 0001:00004400       ?InitTaskProcessor@CGamePlayer@@AAEXXZ 00405400 f   GamePlayer.obj
 0001:000044d0       ?TaskCompleted@CGamePlayer@@IAE_NXZ 004054d0 f   GamePlayer.obj
 0001:000045f0       ?WaitForAccPwd@CGamePlayer@@IAEIXZ 004055f0 f   GamePlayer.obj
 0001:00004dd0       ?QueryAccPwd@CGamePlayer@@IAEIXZ 00405dd0 f   GamePlayer.obj
 0001:00005010       ?VerifyAccount@CGamePlayer@@IAEIXZ 00406010 f   GamePlayer.obj
 0001:00005540       ?_VerifyAccount_ToPlayer@CGamePlayer@@IAE_NIK@Z 00406540 f   GamePlayer.obj
 0001:000056e0       ?QueryRoleList@CGamePlayer@@IAEIXZ 004066e0 f   GamePlayer.obj
 0001:00005800       ?ProcessRoleList@CGamePlayer@@IAEIXZ 00406800 f   GamePlayer.obj
 0001:00005940       ?SelAddDelRole@CGamePlayer@@IAEIXZ 00406940 f   GamePlayer.obj
 0001:00005bb0       ?DelRole_WaitForVerify@CGamePlayer@@IAEIXZ 00406bb0 f   GamePlayer.obj
 0001:00005d60       ?WaitForCreateResult@CGamePlayer@@IAEIXZ 00406d60 f   GamePlayer.obj
 0001:00005e60       ?WaitForDeleteResult@CGamePlayer@@IAEIXZ 00406e60 f   GamePlayer.obj
 0001:00005f60       ?_QueryRoleInfo_ToDBRole@CGamePlayer@@IAE_NPBD_N@Z 00406f60 f   GamePlayer.obj
 0001:00006050       ?_CreateNewPlayer_ToDBRole@CGamePlayer@@IAE_NPBDHHG@Z 00407050 f   GamePlayer.obj
 0001:00006260       ?_DeleteRole_ToDBRole@CGamePlayer@@IAEIPBXI@Z 00407260 f   GamePlayer.obj
 0001:00006480       ?QueryAccExt@CGamePlayer@@IAEIXZ 00407480 f   GamePlayer.obj
 0001:00006580       ?VerifyAccExt@CGamePlayer@@IAEIXZ 00407580 f   GamePlayer.obj
 0001:00006650       ?ProcessRoleInfo@CGamePlayer@@IAEIXZ 00407650 f   GamePlayer.obj
 0001:000067c0       ?_SyncRoleInfo_ToGameServer@CGamePlayer@@IAE_NPBXI@Z 004077c0 f   GamePlayer.obj
 0001:00006cf0       ?WaitForGameSvrPermit@CGamePlayer@@IAEIXZ 00407cf0 f   GamePlayer.obj
 0001:00006f10       ?Attach@CGamePlayer@@UAE_NPBD@Z 00407f10 f   GamePlayer.obj
 0001:00006fe0       ?Add@CGamePlayer@@SA_NPBDPAVIPlayer@@@Z 00407fe0 f   GamePlayer.obj
 0001:00007180       ??1?$pair@$$CBV?$basic_string@DU?$char_traits@D@std@@V?$allocator@D@2@@std@@PAVIPlayer@@@std@@QAE@XZ 00408180 f i GamePlayer.obj
 0001:000071c0       ?Del@CGamePlayer@@SA_NPBD@Z 004081c0 f   GamePlayer.obj
 0001:00007300       ?Get@CGamePlayer@@SAPAVIPlayer@@PBD@Z 00408300 f   GamePlayer.obj
 0001:00007470       ??0?$set@V?$basic_string@DU?$char_traits@D@std@@V?$allocator@D@2@@std@@U?$less@V?$basic_string@DU?$char_traits@D@std@@V?$allocator@D@2@@std@@@2@V?$allocator@V?$basic_string@DU?$char_traits@D@std@@V?$allocator@D@2@@std@@@2@@std@@QAE@ABU?$less@V?$basic_string@DU?$char_traits@D@std@@V?$allocator@D@2@@std@@@1@ABV?$allocator@V?$basic_string@DU?$char_traits@D@std@@V?$allocator@D@2@@std@@@1@@Z 00408470 f i GamePlayer.obj
 0001:00007540       ??1?$vector@PAVICommand@@V?$allocator@PAVICommand@@@std@@@std@@QAE@XZ 00408540 f i GamePlayer.obj
 0001:00007570       ??0?$map@V?$basic_string@DU?$char_traits@D@std@@V?$allocator@D@2@@std@@PAVIPlayer@@U?$less@V?$basic_string@DU?$char_traits@D@std@@V?$allocator@D@2@@std@@@2@V?$allocator@PAVIPlayer@@@2@@std@@QAE@ABU?$less@V?$basic_string@DU?$char_traits@D@std@@V?$allocator@D@2@@std@@@1@ABV?$allocator@PAVIPlayer@@@1@@Z 00408570 f i GamePlayer.obj
 0001:00007640       ?insert@?$_Tree@V?$basic_string@DU?$char_traits@D@std@@V?$allocator@D@2@@std@@V12@U_Kfn@?$set@V?$basic_string@DU?$char_traits@D@std@@V?$allocator@D@2@@std@@U?$less@V?$basic_string@DU?$char_traits@D@std@@V?$allocator@D@2@@std@@@2@V?$allocator@V?$basic_string@DU?$char_traits@D@std@@V?$allocator@D@2@@std@@@2@@2@U?$less@V?$basic_string@DU?$char_traits@D@std@@V?$allocator@D@2@@std@@@2@V?$allocator@V?$basic_string@DU?$char_traits@D@std@@V?$allocator@D@2@@std@@@2@@std@@QAE?AU?$pair@Viterator@?$_Tree@V?$basic_string@DU?$char_traits@D@std@@V?$allocator@D@2@@std@@V12@U_Kfn@?$set@V?$basic_string@DU?$char_traits@D@std@@V?$allocator@D@2@@std@@U?$less@V?$basic_string@DU?$char_traits@D@std@@V?$allocator@D@2@@std@@@2@V?$allocator@V?$basic_string@DU?$char_traits@D@std@@V?$allocator@D@2@@std@@@2@@2@U?$less@V?$basic_string@DU?$char_traits@D@std@@V?$allocator@D@2@@std@@@2@V?$allocator@V?$basic_string@DU?$char_traits@D@std@@V?$allocator@D@2@@std@@@2@@std@@_N@2@ABV?$basic_string@DU?$char_traits@D@std@@V?$allocator@D@2@@2@@Z 00408640 f i GamePlayer.obj
 0001:000077b0       ?compare@?$basic_string@DU?$char_traits@D@std@@V?$allocator@D@2@@std@@QBEHIIPBDI@Z 004087b0 f i GamePlayer.obj
 0001:00007820       ?erase@?$_Tree@V?$basic_string@DU?$char_traits@D@std@@V?$allocator@D@2@@std@@V12@U_Kfn@?$set@V?$basic_string@DU?$char_traits@D@std@@V?$allocator@D@2@@std@@U?$less@V?$basic_string@DU?$char_traits@D@std@@V?$allocator@D@2@@std@@@2@V?$allocator@V?$basic_string@DU?$char_traits@D@std@@V?$allocator@D@2@@std@@@2@@2@U?$less@V?$basic_string@DU?$char_traits@D@std@@V?$allocator@D@2@@std@@@2@V?$allocator@V?$basic_string@DU?$char_traits@D@std@@V?$allocator@D@2@@std@@@2@@std@@QAE?AViterator@12@V312@@Z 00408820 f i GamePlayer.obj
 0001:00007d50       ?erase@?$_Tree@V?$basic_string@DU?$char_traits@D@std@@V?$allocator@D@2@@std@@V12@U_Kfn@?$set@V?$basic_string@DU?$char_traits@D@std@@V?$allocator@D@2@@std@@U?$less@V?$basic_string@DU?$char_traits@D@std@@V?$allocator@D@2@@std@@@2@V?$allocator@V?$basic_string@DU?$char_traits@D@std@@V?$allocator@D@2@@std@@@2@@2@U?$less@V?$basic_string@DU?$char_traits@D@std@@V?$allocator@D@2@@std@@@2@V?$allocator@V?$basic_string@DU?$char_traits@D@std@@V?$allocator@D@2@@std@@@2@@std@@QAE?AViterator@12@V312@0@Z 00408d50 f i GamePlayer.obj
 0001:00007e90       ?erase@?$_Tree@V?$basic_string@DU?$char_traits@D@std@@V?$allocator@D@2@@std@@V12@U_Kfn@?$set@V?$basic_string@DU?$char_traits@D@std@@V?$allocator@D@2@@std@@U?$less@V?$basic_string@DU?$char_traits@D@std@@V?$allocator@D@2@@std@@@2@V?$allocator@V?$basic_string@DU?$char_traits@D@std@@V?$allocator@D@2@@std@@@2@@2@U?$less@V?$basic_string@DU?$char_traits@D@std@@V?$allocator@D@2@@std@@@2@V?$allocator@V?$basic_string@DU?$char_traits@D@std@@V?$allocator@D@2@@std@@@2@@std@@QAEIABV?$basic_string@DU?$char_traits@D@std@@V?$allocator@D@2@@2@@Z 00408e90 f i GamePlayer.obj
 0001:00007ee0       ?find@?$_Tree@V?$basic_string@DU?$char_traits@D@std@@V?$allocator@D@2@@std@@V12@U_Kfn@?$set@V?$basic_string@DU?$char_traits@D@std@@V?$allocator@D@2@@std@@U?$less@V?$basic_string@DU?$char_traits@D@std@@V?$allocator@D@2@@std@@@2@V?$allocator@V?$basic_string@DU?$char_traits@D@std@@V?$allocator@D@2@@std@@@2@@2@U?$less@V?$basic_string@DU?$char_traits@D@std@@V?$allocator@D@2@@std@@@2@V?$allocator@V?$basic_string@DU?$char_traits@D@std@@V?$allocator@D@2@@std@@@2@@std@@QAE?AViterator@12@ABV?$basic_string@DU?$char_traits@D@std@@V?$allocator@D@2@@2@@Z 00408ee0 f i GamePlayer.obj
 0001:00007f70       ?insert@?$_Tree@V?$basic_string@DU?$char_traits@D@std@@V?$allocator@D@2@@std@@U?$pair@$$CBV?$basic_string@DU?$char_traits@D@std@@V?$allocator@D@2@@std@@PAVIPlayer@@@2@U_Kfn@?$map@V?$basic_string@DU?$char_traits@D@std@@V?$allocator@D@2@@std@@PAVIPlayer@@U?$less@V?$basic_string@DU?$char_traits@D@std@@V?$allocator@D@2@@std@@@2@V?$allocator@PAVIPlayer@@@2@@2@U?$less@V?$basic_string@DU?$char_traits@D@std@@V?$allocator@D@2@@std@@@2@V?$allocator@PAVIPlayer@@@2@@std@@QAE?AU?$pair@Viterator@?$_Tree@V?$basic_string@DU?$char_traits@D@std@@V?$allocator@D@2@@std@@U?$pair@$$CBV?$basic_string@DU?$char_traits@D@std@@V?$allocator@D@2@@std@@PAVIPlayer@@@2@U_Kfn@?$map@V?$basic_string@DU?$char_traits@D@std@@V?$allocator@D@2@@std@@PAVIPlayer@@U?$less@V?$basic_string@DU?$char_traits@D@std@@V?$allocator@D@2@@std@@@2@V?$allocator@PAVIPlayer@@@2@@2@U?$less@V?$basic_string@DU?$char_traits@D@std@@V?$allocator@D@2@@std@@@2@V?$allocator@PAVIPlayer@@@2@@std@@_N@2@ABU?$pair@$$CBV?$basic_string@DU?$char_traits@D@std@@V?$allocator@D@2@@std@@PAVIPlayer@@@2@@Z 00408f70 f i GamePlayer.obj
 0001:000080e0       ?erase@?$_Tree@V?$basic_string@DU?$char_traits@D@std@@V?$allocator@D@2@@std@@U?$pair@$$CBV?$basic_string@DU?$char_traits@D@std@@V?$allocator@D@2@@std@@PAVIPlayer@@@2@U_Kfn@?$map@V?$basic_string@DU?$char_traits@D@std@@V?$allocator@D@2@@std@@PAVIPlayer@@U?$less@V?$basic_string@DU?$char_traits@D@std@@V?$allocator@D@2@@std@@@2@V?$allocator@PAVIPlayer@@@2@@2@U?$less@V?$basic_string@DU?$char_traits@D@std@@V?$allocator@D@2@@std@@@2@V?$allocator@PAVIPlayer@@@2@@std@@QAE?AViterator@12@V312@@Z 004090e0 f i GamePlayer.obj
 0001:00008610       ?erase@?$_Tree@V?$basic_string@DU?$char_traits@D@std@@V?$allocator@D@2@@std@@U?$pair@$$CBV?$basic_string@DU?$char_traits@D@std@@V?$allocator@D@2@@std@@PAVIPlayer@@@2@U_Kfn@?$map@V?$basic_string@DU?$char_traits@D@std@@V?$allocator@D@2@@std@@PAVIPlayer@@U?$less@V?$basic_string@DU?$char_traits@D@std@@V?$allocator@D@2@@std@@@2@V?$allocator@PAVIPlayer@@@2@@2@U?$less@V?$basic_string@DU?$char_traits@D@std@@V?$allocator@D@2@@std@@@2@V?$allocator@PAVIPlayer@@@2@@std@@QAE?AViterator@12@V312@0@Z 00409610 f i GamePlayer.obj
 0001:00008750       ?find@?$_Tree@V?$basic_string@DU?$char_traits@D@std@@V?$allocator@D@2@@std@@U?$pair@$$CBV?$basic_string@DU?$char_traits@D@std@@V?$allocator@D@2@@std@@PAVIPlayer@@@2@U_Kfn@?$map@V?$basic_string@DU?$char_traits@D@std@@V?$allocator@D@2@@std@@PAVIPlayer@@U?$less@V?$basic_string@DU?$char_traits@D@std@@V?$allocator@D@2@@std@@@2@V?$allocator@PAVIPlayer@@@2@@2@U?$less@V?$basic_string@DU?$char_traits@D@std@@V?$allocator@D@2@@std@@@2@V?$allocator@PAVIPlayer@@@2@@std@@QAE?AViterator@12@ABV?$basic_string@DU?$char_traits@D@std@@V?$allocator@D@2@@2@@Z 00409750 f i GamePlayer.obj
 0001:000087e0       ?insert@?$_Tree@JU?$pair@$$CBJPAVCBuffer@Win32@OnlineGameLib@@@std@@U_Kfn@?$map@JPAVCBuffer@Win32@OnlineGameLib@@U?$less@J@std@@V?$allocator@PAVCBuffer@Win32@OnlineGameLib@@@5@@2@U?$less@J@2@V?$allocator@PAVCBuffer@Win32@OnlineGameLib@@@2@@std@@QAE?AU?$pair@Viterator@?$_Tree@JU?$pair@$$CBJPAVCBuffer@Win32@OnlineGameLib@@@std@@U_Kfn@?$map@JPAVCBuffer@Win32@OnlineGameLib@@U?$less@J@std@@V?$allocator@PAVCBuffer@Win32@OnlineGameLib@@@5@@2@U?$less@J@2@V?$allocator@PAVCBuffer@Win32@OnlineGameLib@@@2@@std@@_N@2@ABU?$pair@$$CBJPAVCBuffer@Win32@OnlineGameLib@@@2@@Z 004097e0 f i GamePlayer.obj
 0001:00008910       ?erase@?$_Tree@JU?$pair@$$CBJPAVCBuffer@Win32@OnlineGameLib@@@std@@U_Kfn@?$map@JPAVCBuffer@Win32@OnlineGameLib@@U?$less@J@std@@V?$allocator@PAVCBuffer@Win32@OnlineGameLib@@@5@@2@U?$less@J@2@V?$allocator@PAVCBuffer@Win32@OnlineGameLib@@@2@@std@@QAE?AViterator@12@V312@@Z 00409910 f i GamePlayer.obj
 0001:00008e30       ?erase@?$_Tree@JU?$pair@$$CBJPAVCBuffer@Win32@OnlineGameLib@@@std@@U_Kfn@?$map@JPAVCBuffer@Win32@OnlineGameLib@@U?$less@J@std@@V?$allocator@PAVCBuffer@Win32@OnlineGameLib@@@5@@2@U?$less@J@2@V?$allocator@PAVCBuffer@Win32@OnlineGameLib@@@2@@std@@QAE?AViterator@12@V312@0@Z 00409e30 f i GamePlayer.obj
 0001:00008f60       ??0?$pair@Viterator@?$_Tree@V?$basic_string@DU?$char_traits@D@std@@V?$allocator@D@2@@std@@V12@U_Kfn@?$set@V?$basic_string@DU?$char_traits@D@std@@V?$allocator@D@2@@std@@U?$less@V?$basic_string@DU?$char_traits@D@std@@V?$allocator@D@2@@std@@@2@V?$allocator@V?$basic_string@DU?$char_traits@D@std@@V?$allocator@D@2@@std@@@2@@2@U?$less@V?$basic_string@DU?$char_traits@D@std@@V?$allocator@D@2@@std@@@2@V?$allocator@V?$basic_string@DU?$char_traits@D@std@@V?$allocator@D@2@@std@@@2@@std@@_N@std@@QAE@ABViterator@?$_Tree@V?$basic_string@DU?$char_traits@D@std@@V?$allocator@D@2@@std@@V12@U_Kfn@?$set@V?$basic_string@DU?$char_traits@D@std@@V?$allocator@D@2@@std@@U?$less@V?$basic_string@DU?$char_traits@D@std@@V?$allocator@D@2@@std@@@2@V?$allocator@V?$basic_string@DU?$char_traits@D@std@@V?$allocator@D@2@@std@@@2@@2@U?$less@V?$basic_string@DU?$char_traits@D@std@@V?$allocator@D@2@@std@@@2@V?$allocator@V?$basic_string@DU?$char_traits@D@std@@V?$allocator@D@2@@std@@@2@@1@AB_N@Z 00409f60 f i GamePlayer.obj
 0001:00008f80       ??0?$pair@Viterator@?$_Tree@V?$basic_string@DU?$char_traits@D@std@@V?$allocator@D@2@@std@@U?$pair@$$CBV?$basic_string@DU?$char_traits@D@std@@V?$allocator@D@2@@std@@PAVIPlayer@@@2@U_Kfn@?$map@V?$basic_string@DU?$char_traits@D@std@@V?$allocator@D@2@@std@@PAVIPlayer@@U?$less@V?$basic_string@DU?$char_traits@D@std@@V?$allocator@D@2@@std@@@2@V?$allocator@PAVIPlayer@@@2@@2@U?$less@V?$basic_string@DU?$char_traits@D@std@@V?$allocator@D@2@@std@@@2@V?$allocator@PAVIPlayer@@@2@@std@@_N@std@@QAE@ABViterator@?$_Tree@V?$basic_string@DU?$char_traits@D@std@@V?$allocator@D@2@@std@@U?$pair@$$CBV?$basic_string@DU?$char_traits@D@std@@V?$allocator@D@2@@std@@PAVIPlayer@@@2@U_Kfn@?$map@V?$basic_string@DU?$char_traits@D@std@@V?$allocator@D@2@@std@@PAVIPlayer@@U?$less@V?$basic_string@DU?$char_traits@D@std@@V?$allocator@D@2@@std@@@2@V?$allocator@PAVIPlayer@@@2@@2@U?$less@V?$basic_string@DU?$char_traits@D@std@@V?$allocator@D@2@@std@@@2@V?$allocator@PAVIPlayer@@@2@@1@AB_N@Z 00409f80 f i GamePlayer.obj
 0001:00008fa0       ?lower_bound@?$_Tree@V?$basic_string@DU?$char_traits@D@std@@V?$allocator@D@2@@std@@V12@U_Kfn@?$set@V?$basic_string@DU?$char_traits@D@std@@V?$allocator@D@2@@std@@U?$less@V?$basic_string@DU?$char_traits@D@std@@V?$allocator@D@2@@std@@@2@V?$allocator@V?$basic_string@DU?$char_traits@D@std@@V?$allocator@D@2@@std@@@2@@2@U?$less@V?$basic_string@DU?$char_traits@D@std@@V?$allocator@D@2@@std@@@2@V?$allocator@V?$basic_string@DU?$char_traits@D@std@@V?$allocator@D@2@@std@@@2@@std@@QAE?AViterator@12@ABV?$basic_string@DU?$char_traits@D@std@@V?$allocator@D@2@@2@@Z 00409fa0 f i GamePlayer.obj
 0001:00008fc0       ?equal_range@?$_Tree@V?$basic_string@DU?$char_traits@D@std@@V?$allocator@D@2@@std@@V12@U_Kfn@?$set@V?$basic_string@DU?$char_traits@D@std@@V?$allocator@D@2@@std@@U?$less@V?$basic_string@DU?$char_traits@D@std@@V?$allocator@D@2@@std@@@2@V?$allocator@V?$basic_string@DU?$char_traits@D@std@@V?$allocator@D@2@@std@@@2@@2@U?$less@V?$basic_string@DU?$char_traits@D@std@@V?$allocator@D@2@@std@@@2@V?$allocator@V?$basic_string@DU?$char_traits@D@std@@V?$allocator@D@2@@std@@@2@@std@@QAE?AU?$pair@Viterator@?$_Tree@V?$basic_string@DU?$char_traits@D@std@@V?$allocator@D@2@@std@@V12@U_Kfn@?$set@V?$basic_string@DU?$char_traits@D@std@@V?$allocator@D@2@@std@@U?$less@V?$basic_string@DU?$char_traits@D@std@@V?$allocator@D@2@@std@@@2@V?$allocator@V?$basic_string@DU?$char_traits@D@std@@V?$allocator@D@2@@std@@@2@@2@U?$less@V?$basic_string@DU?$char_traits@D@std@@V?$allocator@D@2@@std@@@2@V?$allocator@V?$basic_string@DU?$char_traits@D@std@@V?$allocator@D@2@@std@@@2@@std@@V123@@2@ABV?$basic_string@DU?$char_traits@D@std@@V?$allocator@D@2@@2@@Z 00409fc0 f i GamePlayer.obj
 0001:00008ff0       ?_Erase@?$_Tree@V?$basic_string@DU?$char_traits@D@std@@V?$allocator@D@2@@std@@V12@U_Kfn@?$set@V?$basic_string@DU?$char_traits@D@std@@V?$allocator@D@2@@std@@U?$less@V?$basic_string@DU?$char_traits@D@std@@V?$allocator@D@2@@std@@@2@V?$allocator@V?$basic_string@DU?$char_traits@D@std@@V?$allocator@D@2@@std@@@2@@2@U?$less@V?$basic_string@DU?$char_traits@D@std@@V?$allocator@D@2@@std@@@2@V?$allocator@V?$basic_string@DU?$char_traits@D@std@@V?$allocator@D@2@@std@@@2@@std@@IAEXPAU_Node@12@@Z 00409ff0 f i GamePlayer.obj
 0001:000090a0       ?_Insert@?$_Tree@V?$basic_string@DU?$char_traits@D@std@@V?$allocator@D@2@@std@@V12@U_Kfn@?$set@V?$basic_string@DU?$char_traits@D@std@@V?$allocator@D@2@@std@@U?$less@V?$basic_string@DU?$char_traits@D@std@@V?$allocator@D@2@@std@@@2@V?$allocator@V?$basic_string@DU?$char_traits@D@std@@V?$allocator@D@2@@std@@@2@@2@U?$less@V?$basic_string@DU?$char_traits@D@std@@V?$allocator@D@2@@std@@@2@V?$allocator@V?$basic_string@DU?$char_traits@D@std@@V?$allocator@D@2@@std@@@2@@std@@IAE?AViterator@12@PAU_Node@12@0ABV?$basic_string@DU?$char_traits@D@std@@V?$allocator@D@2@@2@@Z 0040a0a0 f i GamePlayer.obj
 0001:000093b0       ?insert@?$vector@PAVICommand@@V?$allocator@PAVICommand@@@std@@@std@@QAEXPAPAVICommand@@IABQAV3@@Z 0040a3b0 f i GamePlayer.obj
 0001:000095c0       ?lower_bound@?$_Tree@V?$basic_string@DU?$char_traits@D@std@@V?$allocator@D@2@@std@@U?$pair@$$CBV?$basic_string@DU?$char_traits@D@std@@V?$allocator@D@2@@std@@PAVIPlayer@@@2@U_Kfn@?$map@V?$basic_string@DU?$char_traits@D@std@@V?$allocator@D@2@@std@@PAVIPlayer@@U?$less@V?$basic_string@DU?$char_traits@D@std@@V?$allocator@D@2@@std@@@2@V?$allocator@PAVIPlayer@@@2@@2@U?$less@V?$basic_string@DU?$char_traits@D@std@@V?$allocator@D@2@@std@@@2@V?$allocator@PAVIPlayer@@@2@@std@@QAE?AViterator@12@ABV?$basic_string@DU?$char_traits@D@std@@V?$allocator@D@2@@2@@Z 0040a5c0 f i GamePlayer.obj
 0001:000095e0       ?_Erase@?$_Tree@V?$basic_string@DU?$char_traits@D@std@@V?$allocator@D@2@@std@@U?$pair@$$CBV?$basic_string@DU?$char_traits@D@std@@V?$allocator@D@2@@std@@PAVIPlayer@@@2@U_Kfn@?$map@V?$basic_string@DU?$char_traits@D@std@@V?$allocator@D@2@@std@@PAVIPlayer@@U?$less@V?$basic_string@DU?$char_traits@D@std@@V?$allocator@D@2@@std@@@2@V?$allocator@PAVIPlayer@@@2@@2@U?$less@V?$basic_string@DU?$char_traits@D@std@@V?$allocator@D@2@@std@@@2@V?$allocator@PAVIPlayer@@@2@@std@@IAEXPAU_Node@12@@Z 0040a5e0 f i GamePlayer.obj
 0001:00009690       ?_Insert@?$_Tree@V?$basic_string@DU?$char_traits@D@std@@V?$allocator@D@2@@std@@U?$pair@$$CBV?$basic_string@DU?$char_traits@D@std@@V?$allocator@D@2@@std@@PAVIPlayer@@@2@U_Kfn@?$map@V?$basic_string@DU?$char_traits@D@std@@V?$allocator@D@2@@std@@PAVIPlayer@@U?$less@V?$basic_string@DU?$char_traits@D@std@@V?$allocator@D@2@@std@@@2@V?$allocator@PAVIPlayer@@@2@@2@U?$less@V?$basic_string@DU?$char_traits@D@std@@V?$allocator@D@2@@std@@@2@V?$allocator@PAVIPlayer@@@2@@std@@IAE?AViterator@12@PAU_Node@12@0ABU?$pair@$$CBV?$basic_string@DU?$char_traits@D@std@@V?$allocator@D@2@@std@@PAVIPlayer@@@2@@Z 0040a690 f i GamePlayer.obj
 0001:000099a0       ?lower_bound@?$_Tree@JU?$pair@$$CBJPAVCBuffer@Win32@OnlineGameLib@@@std@@U_Kfn@?$map@JPAVCBuffer@Win32@OnlineGameLib@@U?$less@J@std@@V?$allocator@PAVCBuffer@Win32@OnlineGameLib@@@5@@2@U?$less@J@2@V?$allocator@PAVCBuffer@Win32@OnlineGameLib@@@2@@std@@QAE?AViterator@12@ABJ@Z 0040a9a0 f i GamePlayer.obj
 0001:000099c0       ?_Erase@?$_Tree@JU?$pair@$$CBJPAVCBuffer@Win32@OnlineGameLib@@@std@@U_Kfn@?$map@JPAVCBuffer@Win32@OnlineGameLib@@U?$less@J@std@@V?$allocator@PAVCBuffer@Win32@OnlineGameLib@@@5@@2@U?$less@J@2@V?$allocator@PAVCBuffer@Win32@OnlineGameLib@@@2@@std@@IAEXPAU_Node@12@@Z 0040a9c0 f i GamePlayer.obj
 0001:00009a50       ?_Insert@?$_Tree@JU?$pair@$$CBJPAVCBuffer@Win32@OnlineGameLib@@@std@@U_Kfn@?$map@JPAVCBuffer@Win32@OnlineGameLib@@U?$less@J@std@@V?$allocator@PAVCBuffer@Win32@OnlineGameLib@@@5@@2@U?$less@J@2@V?$allocator@PAVCBuffer@Win32@OnlineGameLib@@@2@@std@@IAE?AViterator@12@PAU_Node@12@0ABU?$pair@$$CBJPAVCBuffer@Win32@OnlineGameLib@@@2@@Z 0040aa50 f i GamePlayer.obj
 0001:00009d50       ?_Inc@const_iterator@?$_Tree@JU?$pair@$$CBJPAVCBuffer@Win32@OnlineGameLib@@@std@@U_Kfn@?$map@JPAVCBuffer@Win32@OnlineGameLib@@U?$less@J@std@@V?$allocator@PAVCBuffer@Win32@OnlineGameLib@@@5@@2@U?$less@J@2@V?$allocator@PAVCBuffer@Win32@OnlineGameLib@@@2@@std@@QAEXXZ 0040ad50 f i GamePlayer.obj
 0001:00009e00       ?upper_bound@?$_Tree@V?$basic_string@DU?$char_traits@D@std@@V?$allocator@D@2@@std@@V12@U_Kfn@?$set@V?$basic_string@DU?$char_traits@D@std@@V?$allocator@D@2@@std@@U?$less@V?$basic_string@DU?$char_traits@D@std@@V?$allocator@D@2@@std@@@2@V?$allocator@V?$basic_string@DU?$char_traits@D@std@@V?$allocator@D@2@@std@@@2@@2@U?$less@V?$basic_string@DU?$char_traits@D@std@@V?$allocator@D@2@@std@@@2@V?$allocator@V?$basic_string@DU?$char_traits@D@std@@V?$allocator@D@2@@std@@@2@@std@@QAE?AViterator@12@ABV?$basic_string@DU?$char_traits@D@std@@V?$allocator@D@2@@2@@Z 0040ae00 f i GamePlayer.obj
 0001:00009e20       ?_Lbound@?$_Tree@V?$basic_string@DU?$char_traits@D@std@@V?$allocator@D@2@@std@@V12@U_Kfn@?$set@V?$basic_string@DU?$char_traits@D@std@@V?$allocator@D@2@@std@@U?$less@V?$basic_string@DU?$char_traits@D@std@@V?$allocator@D@2@@std@@@2@V?$allocator@V?$basic_string@DU?$char_traits@D@std@@V?$allocator@D@2@@std@@@2@@2@U?$less@V?$basic_string@DU?$char_traits@D@std@@V?$allocator@D@2@@std@@@2@V?$allocator@V?$basic_string@DU?$char_traits@D@std@@V?$allocator@D@2@@std@@@2@@std@@IBEPAU_Node@12@ABV?$basic_string@DU?$char_traits@D@std@@V?$allocator@D@2@@2@@Z 0040ae20 f i GamePlayer.obj
 0001:00009ee0       ?_Dec@const_iterator@?$_Tree@V?$basic_string@DU?$char_traits@D@std@@V?$allocator@D@2@@std@@V12@U_Kfn@?$set@V?$basic_string@DU?$char_traits@D@std@@V?$allocator@D@2@@std@@U?$less@V?$basic_string@DU?$char_traits@D@std@@V?$allocator@D@2@@std@@@2@V?$allocator@V?$basic_string@DU?$char_traits@D@std@@V?$allocator@D@2@@std@@@2@@2@U?$less@V?$basic_string@DU?$char_traits@D@std@@V?$allocator@D@2@@std@@@2@V?$allocator@V?$basic_string@DU?$char_traits@D@std@@V?$allocator@D@2@@std@@@2@@std@@QAEXXZ 0040aee0 f i GamePlayer.obj
 0001:00009fa0       ?_Lbound@?$_Tree@V?$basic_string@DU?$char_traits@D@std@@V?$allocator@D@2@@std@@U?$pair@$$CBV?$basic_string@DU?$char_traits@D@std@@V?$allocator@D@2@@std@@PAVIPlayer@@@2@U_Kfn@?$map@V?$basic_string@DU?$char_traits@D@std@@V?$allocator@D@2@@std@@PAVIPlayer@@U?$less@V?$basic_string@DU?$char_traits@D@std@@V?$allocator@D@2@@std@@@2@V?$allocator@PAVIPlayer@@@2@@2@U?$less@V?$basic_string@DU?$char_traits@D@std@@V?$allocator@D@2@@std@@@2@V?$allocator@PAVIPlayer@@@2@@std@@IBEPAU_Node@12@ABV?$basic_string@DU?$char_traits@D@std@@V?$allocator@D@2@@2@@Z 0040afa0 f i GamePlayer.obj
 0001:0000a060       ?_Dec@const_iterator@?$_Tree@V?$basic_string@DU?$char_traits@D@std@@V?$allocator@D@2@@std@@U?$pair@$$CBV?$basic_string@DU?$char_traits@D@std@@V?$allocator@D@2@@std@@PAVIPlayer@@@2@U_Kfn@?$map@V?$basic_string@DU?$char_traits@D@std@@V?$allocator@D@2@@std@@PAVIPlayer@@U?$less@V?$basic_string@DU?$char_traits@D@std@@V?$allocator@D@2@@std@@@2@V?$allocator@PAVIPlayer@@@2@@2@U?$less@V?$basic_string@DU?$char_traits@D@std@@V?$allocator@D@2@@std@@@2@V?$allocator@PAVIPlayer@@@2@@std@@QAEXXZ 0040b060 f i GamePlayer.obj
 0001:0000a120       ?_Lbound@?$_Tree@JU?$pair@$$CBJPAVCBuffer@Win32@OnlineGameLib@@@std@@U_Kfn@?$map@JPAVCBuffer@Win32@OnlineGameLib@@U?$less@J@std@@V?$allocator@PAVCBuffer@Win32@OnlineGameLib@@@5@@2@U?$less@J@2@V?$allocator@PAVCBuffer@Win32@OnlineGameLib@@@2@@std@@IBEPAU_Node@12@ABJ@Z 0040b120 f i GamePlayer.obj
 0001:0000a170       ?_Dec@const_iterator@?$_Tree@JU?$pair@$$CBJPAVCBuffer@Win32@OnlineGameLib@@@std@@U_Kfn@?$map@JPAVCBuffer@Win32@OnlineGameLib@@U?$less@J@std@@V?$allocator@PAVCBuffer@Win32@OnlineGameLib@@@5@@2@U?$less@J@2@V?$allocator@PAVCBuffer@Win32@OnlineGameLib@@@2@@std@@QAEXXZ 0040b170 f i GamePlayer.obj
 0001:0000a230       ?_Ubound@?$_Tree@V?$basic_string@DU?$char_traits@D@std@@V?$allocator@D@2@@std@@V12@U_Kfn@?$set@V?$basic_string@DU?$char_traits@D@std@@V?$allocator@D@2@@std@@U?$less@V?$basic_string@DU?$char_traits@D@std@@V?$allocator@D@2@@std@@@2@V?$allocator@V?$basic_string@DU?$char_traits@D@std@@V?$allocator@D@2@@std@@@2@@2@U?$less@V?$basic_string@DU?$char_traits@D@std@@V?$allocator@D@2@@std@@@2@V?$allocator@V?$basic_string@DU?$char_traits@D@std@@V?$allocator@D@2@@std@@@2@@std@@IBEPAU_Node@12@ABV?$basic_string@DU?$char_traits@D@std@@V?$allocator@D@2@@2@@Z 0040b230 f i GamePlayer.obj
 0001:0000a300       ?_Inc@const_iterator@?$_Tree@V?$basic_string@DU?$char_traits@D@std@@V?$allocator@D@2@@std@@V12@U_Kfn@?$set@V?$basic_string@DU?$char_traits@D@std@@V?$allocator@D@2@@std@@U?$less@V?$basic_string@DU?$char_traits@D@std@@V?$allocator@D@2@@std@@@2@V?$allocator@V?$basic_string@DU?$char_traits@D@std@@V?$allocator@D@2@@std@@@2@@2@U?$less@V?$basic_string@DU?$char_traits@D@std@@V?$allocator@D@2@@std@@@2@V?$allocator@V?$basic_string@DU?$char_traits@D@std@@V?$allocator@D@2@@std@@@2@@std@@QAEXXZ 0040b300 f i GamePlayer.obj
 0001:0000a3b0       ?_Inc@const_iterator@?$_Tree@V?$basic_string@DU?$char_traits@D@std@@V?$allocator@D@2@@std@@U?$pair@$$CBV?$basic_string@DU?$char_traits@D@std@@V?$allocator@D@2@@std@@PAVIPlayer@@@2@U_Kfn@?$map@V?$basic_string@DU?$char_traits@D@std@@V?$allocator@D@2@@std@@PAVIPlayer@@U?$less@V?$basic_string@DU?$char_traits@D@std@@V?$allocator@D@2@@std@@@2@V?$allocator@PAVIPlayer@@@2@@2@U?$less@V?$basic_string@DU?$char_traits@D@std@@V?$allocator@D@2@@std@@@2@V?$allocator@PAVIPlayer@@@2@@std@@QAEXXZ 0040b3b0 f i GamePlayer.obj
 0001:0000a460       ?Execute@?$CTaskCommand@VCGamePlayer@@@@UAEIXZ 0040b460 f i GamePlayer.obj
 0001:0000a470       ?ToString@Win32@OnlineGameLib@@YA?AV?$basic_string@DU?$char_traits@D@std@@V?$allocator@D@2@@std@@J@Z 0040b470 f i GamePlayer.obj
 0001:0000a670       ??0ios_base@std@@IAE@XZ    0040b670 f i GamePlayer.obj
 0001:0000a680       ??_Eios_base@std@@UAEPAXI@Z 0040b680 f i GamePlayer.obj
 0001:0000a680       ??_Gios_base@std@@UAEPAXI@Z 0040b680 f i GamePlayer.obj
 0001:0000a6a0       ??0strstreambuf@std@@QAE@H@Z 0040b6a0 f i GamePlayer.obj
 0001:0000a790       ??_Gstrstreambuf@std@@UAEPAXI@Z 0040b790 f i GamePlayer.obj
 0001:0000a790       ??_Estrstreambuf@std@@UAEPAXI@Z 0040b790 f i GamePlayer.obj
 0001:0000a7b0       ??_Gstrstream@std@@UAEPAXI@Z 0040b7b0 f i GamePlayer.obj
 0001:0000a7b0       ??_Estrstream@std@@UAEPAXI@Z 0040b7b0 f i GamePlayer.obj
 0001:0000a7e0       ??_Dstrstream@std@@QAEXXZ  0040b7e0 f i GamePlayer.obj
 0001:0000a800       ?put@?$basic_ostream@DU?$char_traits@D@std@@@std@@QAEAAV12@D@Z 0040b800 f i GamePlayer.obj
 0001:0000a970       ??1?$basic_ios@DU?$char_traits@D@std@@@std@@UAE@XZ 0040b970 f i GamePlayer.obj
 0001:0000a980       ??1?$basic_streambuf@DU?$char_traits@D@std@@@std@@UAE@XZ 0040b980 f i GamePlayer.obj
 0001:0000a9d0       ?overflow@?$basic_streambuf@DU?$char_traits@D@std@@@std@@MAEHH@Z 0040b9d0 f i GamePlayer.obj
 0001:0000a9e0       ?pbackfail@?$basic_streambuf@DU?$char_traits@D@std@@@std@@MAEHH@Z 0040b9e0 f i GamePlayer.obj
 0001:0000a9f0       ?showmanyc@?$basic_streambuf@DU?$char_traits@D@std@@@std@@MAEHXZ 0040b9f0 f i GamePlayer.obj
 0001:0000aa00       ?underflow@?$basic_streambuf@DU?$char_traits@D@std@@@std@@MAEHXZ 0040ba00 f i GamePlayer.obj
 0001:0000aa10       ?uflow@?$basic_streambuf@DU?$char_traits@D@std@@@std@@MAEHXZ 0040ba10 f i GamePlayer.obj
 0001:0000aa40       ?xsgetn@?$basic_streambuf@DU?$char_traits@D@std@@@std@@MAEHPADH@Z 0040ba40 f i GamePlayer.obj
 0001:0000aae0       ?xsputn@?$basic_streambuf@DU?$char_traits@D@std@@@std@@MAEHPBDH@Z 0040bae0 f i GamePlayer.obj
 0001:0000ab80       ?seekoff@?$basic_streambuf@DU?$char_traits@D@std@@@std@@MAE?AV?$fpos@H@2@JW4seekdir@ios_base@2@H@Z 0040bb80 f i GamePlayer.obj
 0001:0000abb0       ?seekpos@?$basic_streambuf@DU?$char_traits@D@std@@@std@@MAE?AV?$fpos@H@2@V32@H@Z 0040bbb0 f i GamePlayer.obj
 0001:0000abe0       ?setbuf@?$basic_streambuf@DU?$char_traits@D@std@@@std@@MAEPAV12@PADH@Z 0040bbe0 f i GamePlayer.obj
 0001:0000abf0       ?sync@?$basic_streambuf@DU?$char_traits@D@std@@@std@@MAEHXZ 0040bbf0 f i GamePlayer.obj
 0001:0000ac00       ?imbue@?$basic_streambuf@DU?$char_traits@D@std@@@std@@MAEXABVlocale@2@@Z 0040bc00 f i GamePlayer.obj
 0001:0000ac10       ??0?$basic_iostream@DU?$char_traits@D@std@@@std@@QAE@PAV?$basic_streambuf@DU?$char_traits@D@std@@@1@@Z 0040bc10 f i GamePlayer.obj
 0001:0000ace0       ??1?$basic_istream@DU?$char_traits@D@std@@@std@@UAE@XZ 0040bce0 f i GamePlayer.obj
 0001:0000acf0       ??1?$basic_iostream@DU?$char_traits@D@std@@@std@@UAE@XZ 0040bcf0 f i GamePlayer.obj
 0001:0000ad30       ??_G?$basic_ostream@DU?$char_traits@D@std@@@std@@UAEPAXI@Z 0040bd30 f i GamePlayer.obj
 0001:0000ad30       ??_E?$basic_ostream@DU?$char_traits@D@std@@@std@@UAEPAXI@Z 0040bd30 f i GamePlayer.obj
 0001:0000ad60       ??_G?$basic_ios@DU?$char_traits@D@std@@@std@@UAEPAXI@Z 0040bd60 f i GamePlayer.obj
 0001:0000ad60       ??_E?$basic_ios@DU?$char_traits@D@std@@@std@@UAEPAXI@Z 0040bd60 f i GamePlayer.obj
 0001:0000ad80       ??_G?$basic_istream@DU?$char_traits@D@std@@@std@@UAEPAXI@Z 0040bd80 f i GamePlayer.obj
 0001:0000ad80       ??_E?$basic_istream@DU?$char_traits@D@std@@@std@@UAEPAXI@Z 0040bd80 f i GamePlayer.obj
 0001:0000adb0       ??_E?$basic_streambuf@DU?$char_traits@D@std@@@std@@UAEPAXI@Z 0040bdb0 f i GamePlayer.obj
 0001:0000adb0       ??_G?$basic_streambuf@DU?$char_traits@D@std@@@std@@UAEPAXI@Z 0040bdb0 f i GamePlayer.obj
 0001:0000add0       ??_G?$basic_iostream@DU?$char_traits@D@std@@@std@@UAEPAXI@Z 0040bdd0 f i GamePlayer.obj
 0001:0000add0       ??_E?$basic_iostream@DU?$char_traits@D@std@@@std@@UAEPAXI@Z 0040bdd0 f i GamePlayer.obj
 0001:0000ae00       ??1sentry@?$basic_ostream@DU?$char_traits@D@std@@@std@@QAE@XZ 0040be00 f i GamePlayer.obj
 0001:0000ae70       ??0?$fpos@H@std@@QAE@J@Z   0040be70 f i GamePlayer.obj
 0001:0000aeb0       ?opfx@?$basic_ostream@DU?$char_traits@D@std@@@std@@QAE_NXZ 0040beb0 f i GamePlayer.obj
 0001:0000af30       ?_Distance@std@@YAXViterator@?$_Tree@V?$basic_string@DU?$char_traits@D@std@@V?$allocator@D@2@@std@@V12@U_Kfn@?$set@V?$basic_string@DU?$char_traits@D@std@@V?$allocator@D@2@@std@@U?$less@V?$basic_string@DU?$char_traits@D@std@@V?$allocator@D@2@@std@@@2@V?$allocator@V?$basic_string@DU?$char_traits@D@std@@V?$allocator@D@2@@std@@@2@@2@U?$less@V?$basic_string@DU?$char_traits@D@std@@V?$allocator@D@2@@std@@@2@V?$allocator@V?$basic_string@DU?$char_traits@D@std@@V?$allocator@D@2@@std@@@2@@1@0AAI@Z 0040bf30 f i GamePlayer.obj
 0001:0000af60       ?_Construct@std@@YAXPAV?$basic_string@DU?$char_traits@D@std@@V?$allocator@D@2@@1@ABV21@@Z 0040bf60 f i GamePlayer.obj
 0001:0000b0d0       ??3@YAXPAX0@Z              0040c0d0 f i GamePlayer.obj
 0001:0000b0e0       ?_Construct@std@@YAXPAU?$pair@$$CBV?$basic_string@DU?$char_traits@D@std@@V?$allocator@D@2@@std@@PAVIPlayer@@@1@ABU21@@Z 0040c0e0 f i GamePlayer.obj
 0001:0000b230       ?_Construct@std@@YAXPAU?$pair@$$CBJPAVCBuffer@Win32@OnlineGameLib@@@1@ABU21@@Z 0040c230 f i GamePlayer.obj
 0001:0000b250       ??_E?$CTaskCommand@VCGamePlayer@@@@UAEPAXI@Z 0040c250 f i GamePlayer.obj
 0001:0000b250       ??_G?$CTaskCommand@VCGamePlayer@@@@UAEPAXI@Z 0040c250 f i GamePlayer.obj
 0001:0000b270       ??1?$CTaskCommand@VCGamePlayer@@@@UAE@XZ 0040c270 f i GamePlayer.obj
 0001:0000b280       ??_EICommand@@UAEPAXI@Z    0040c280 f i GamePlayer.obj
 0001:0000b280       ??_GICommand@@UAEPAXI@Z    0040c280 f i GamePlayer.obj
 0001:0000b2a0       ?compare@?$basic_string@DU?$char_traits@D@std@@V?$allocator@D@2@@std@@QBEHABV12@@Z 0040c2a0 f i GamePlayer.obj
 0001:0000b2f0       ??6?$basic_ostream@DU?$char_traits@D@std@@@std@@QAEAAV01@J@Z 0040c2f0 f i GamePlayer.obj
 0001:0000b530       ??1bad_cast@std@@UAE@XZ    0040c530 f i GamePlayer.obj
 0001:0000b540       ?_Doraise@bad_cast@std@@MBEXXZ 0040c540 f i GamePlayer.obj
 0001:0000b560       ??_Ebad_cast@std@@UAEPAXI@Z 0040c560 f i GamePlayer.obj
 0001:0000b560       ??_Gbad_cast@std@@UAEPAXI@Z 0040c560 f i GamePlayer.obj
 0001:0000b580       ??0bad_cast@std@@QAE@ABV01@@Z 0040c580 f i GamePlayer.obj
 0001:0000b5a0       ??Bid@locale@std@@QAEIXZ   0040c5a0 f i GamePlayer.obj
 0001:0000b5d0       ?_Decref@facet@locale@std@@QAEPAV123@XZ 0040c5d0 f i GamePlayer.obj
 0001:0000b610       ??1locale@std@@QAE@XZ      0040c610 f i GamePlayer.obj
 0001:0000b630       ?getloc@ios_base@std@@QBE?AVlocale@2@XZ 0040c630 f i GamePlayer.obj
 0001:0000b670       ?_Distance@std@@YAXViterator@?$_Tree@V?$basic_string@DU?$char_traits@D@std@@V?$allocator@D@2@@std@@V12@U_Kfn@?$set@V?$basic_string@DU?$char_traits@D@std@@V?$allocator@D@2@@std@@U?$less@V?$basic_string@DU?$char_traits@D@std@@V?$allocator@D@2@@std@@@2@V?$allocator@V?$basic_string@DU?$char_traits@D@std@@V?$allocator@D@2@@std@@@2@@2@U?$less@V?$basic_string@DU?$char_traits@D@std@@V?$allocator@D@2@@std@@@2@V?$allocator@V?$basic_string@DU?$char_traits@D@std@@V?$allocator@D@2@@std@@@2@@1@0AAIUbidirectional_iterator_tag@1@@Z 0040c670 f i GamePlayer.obj
 0001:0000b6d0       ??0?$num_put@DV?$ostreambuf_iterator@DU?$char_traits@D@std@@@std@@@std@@QAE@I@Z 0040c6d0 f i GamePlayer.obj
 0001:0000b730       ??1facet@locale@std@@UAE@XZ 0040c730 f i GamePlayer.obj
 0001:0000b740       ??_Efacet@locale@std@@UAEPAXI@Z 0040c740 f i GamePlayer.obj
 0001:0000b740       ??_Gfacet@locale@std@@UAEPAXI@Z 0040c740 f i GamePlayer.obj
 0001:0000b760       ?do_put@?$num_put@DV?$ostreambuf_iterator@DU?$char_traits@D@std@@@std@@@std@@MBE?AV?$ostreambuf_iterator@DU?$char_traits@D@std@@@2@V32@AAVios_base@2@D_N@Z 0040c760 f i GamePlayer.obj
 0001:0000ba30       ??0bad_cast@std@@QAE@PBD@Z 0040ca30 f i GamePlayer.obj
 0001:0000ba50       ?sputc@?$basic_streambuf@DU?$char_traits@D@std@@@std@@QAEHD@Z 0040ca50 f i GamePlayer.obj
 0001:0000baa0       ?do_put@?$num_put@DV?$ostreambuf_iterator@DU?$char_traits@D@std@@@std@@@std@@MBE?AV?$ostreambuf_iterator@DU?$char_traits@D@std@@@2@V32@AAVios_base@2@DJ@Z 0040caa0 f i GamePlayer.obj
 0001:0000bb50       ?do_put@?$num_put@DV?$ostreambuf_iterator@DU?$char_traits@D@std@@@std@@@std@@MBE?AV?$ostreambuf_iterator@DU?$char_traits@D@std@@@2@V32@AAVios_base@2@DK@Z 0040cb50 f i GamePlayer.obj
 0001:0000bc00       ?do_put@?$num_put@DV?$ostreambuf_iterator@DU?$char_traits@D@std@@@std@@@std@@MBE?AV?$ostreambuf_iterator@DU?$char_traits@D@std@@@2@V32@AAVios_base@2@DN@Z 0040cc00 f i GamePlayer.obj
 0001:0000bcf0       ?do_put@?$num_put@DV?$ostreambuf_iterator@DU?$char_traits@D@std@@@std@@@std@@MBE?AV?$ostreambuf_iterator@DU?$char_traits@D@std@@@2@V32@AAVios_base@2@DO@Z 0040ccf0 f i GamePlayer.obj
 0001:0000bde0       ?do_put@?$num_put@DV?$ostreambuf_iterator@DU?$char_traits@D@std@@@std@@@std@@MBE?AV?$ostreambuf_iterator@DU?$char_traits@D@std@@@2@V32@AAVios_base@2@DPBX@Z 0040cde0 f i GamePlayer.obj
 0001:0000bfa0       ??_G?$num_put@DV?$ostreambuf_iterator@DU?$char_traits@D@std@@@std@@@std@@UAEPAXI@Z 0040cfa0 f i GamePlayer.obj
 0001:0000bfa0       ??_E?$num_put@DV?$ostreambuf_iterator@DU?$char_traits@D@std@@@std@@@std@@UAEPAXI@Z 0040cfa0 f i GamePlayer.obj
 0001:0000bfc0       ??1?$num_put@DV?$ostreambuf_iterator@DU?$char_traits@D@std@@@std@@@std@@UAE@XZ 0040cfc0 f i GamePlayer.obj
 0001:0000bfd0       ?_Fput@?$num_put@DV?$ostreambuf_iterator@DU?$char_traits@D@std@@@std@@@std@@KA?AV?$ostreambuf_iterator@DU?$char_traits@D@std@@@2@V32@AAVios_base@2@DPBDII@Z 0040cfd0 f i GamePlayer.obj
 0001:0000c3e0       ?_Iput@?$num_put@DV?$ostreambuf_iterator@DU?$char_traits@D@std@@@std@@@std@@KA?AV?$ostreambuf_iterator@DU?$char_traits@D@std@@@2@V32@AAVios_base@2@DPADI@Z 0040d3e0 f i GamePlayer.obj
 0001:0000c830       ?_Rep@?$num_put@DV?$ostreambuf_iterator@DU?$char_traits@D@std@@@std@@@std@@KA?AV?$ostreambuf_iterator@DU?$char_traits@D@std@@@2@V32@DI@Z 0040d830 f i GamePlayer.obj
 0001:0000c8b0       ?falsename@?$numpunct@D@std@@QBE?AV?$basic_string@DU?$char_traits@D@std@@V?$allocator@D@2@@2@XZ 0040d8b0 f i GamePlayer.obj
 0001:0000c8d0       ?truename@?$numpunct@D@std@@QBE?AV?$basic_string@DU?$char_traits@D@std@@V?$allocator@D@2@@2@XZ 0040d8d0 f i GamePlayer.obj
 0001:0000c8f0       ??4?$ostreambuf_iterator@DU?$char_traits@D@std@@@std@@QAEAAV01@D@Z 0040d8f0 f i GamePlayer.obj
 0001:0000c950       ?grouping@?$numpunct@D@std@@QBE?AV?$basic_string@DU?$char_traits@D@std@@V?$allocator@D@2@@2@XZ 0040d950 f i GamePlayer.obj
 0001:0000c970       ??0?$numpunct@D@std@@QAE@I@Z 0040d970 f i GamePlayer.obj
 0001:0000ca90       ?do_decimal_point@?$numpunct@D@std@@MBEDXZ 0040da90 f i GamePlayer.obj
 0001:0000caa0       ?do_thousands_sep@?$numpunct@D@std@@MBEDXZ 0040daa0 f i GamePlayer.obj
 0001:0000cab0       ?do_grouping@?$numpunct@D@std@@MBE?AV?$basic_string@DU?$char_traits@D@std@@V?$allocator@D@2@@2@XZ 0040dab0 f i GamePlayer.obj
 0001:0000cb80       ?do_falsename@?$numpunct@D@std@@MBE?AV?$basic_string@DU?$char_traits@D@std@@V?$allocator@D@2@@2@XZ 0040db80 f i GamePlayer.obj
 0001:0000cc50       ?do_truename@?$numpunct@D@std@@MBE?AV?$basic_string@DU?$char_traits@D@std@@V?$allocator@D@2@@2@XZ 0040dc50 f i GamePlayer.obj
 0001:0000cd20       ??_E?$numpunct@D@std@@UAEPAXI@Z 0040dd20 f i GamePlayer.obj
 0001:0000cd20       ??_G?$numpunct@D@std@@UAEPAXI@Z 0040dd20 f i GamePlayer.obj
 0001:0000cd40       ??1?$numpunct@D@std@@UAE@XZ 0040dd40 f i GamePlayer.obj
 0001:0000cd70       ?_Save@?$_Tidyfac@V?$num_put@DV?$ostreambuf_iterator@DU?$char_traits@D@std@@@std@@@std@@@std@@SAPAV?$num_put@DV?$ostreambuf_iterator@DU?$char_traits@D@std@@@std@@@2@PAV32@@Z 0040dd70 f i GamePlayer.obj
 0001:0000cdf0       ?_Save@?$_Tidyfac@V?$numpunct@D@std@@@std@@SAPAV?$numpunct@D@2@PAV32@@Z 0040ddf0 f i GamePlayer.obj
 0001:0000ce70       ?_Tidy@?$_Tidyfac@V?$num_put@DV?$ostreambuf_iterator@DU?$char_traits@D@std@@@std@@@std@@@std@@SAXXZ 0040de70 f i GamePlayer.obj
 0001:0000cf10       ?_Tidy@?$_Tidyfac@V?$numpunct@D@std@@@std@@SAXXZ 0040df10 f i GamePlayer.obj
 0001:0000d000       ?id@?$numpunct@D@std@@$E   0040e000 f i GamePlayer.obj
 0001:0000d010       ?id@?$num_put@DV?$ostreambuf_iterator@DU?$char_traits@D@std@@@$E 0040e010 f i GamePlayer.obj
 0001:0000d130       ??1?$map@IV?$list@PAVIGServer@@V?$allocator@PAVIGServer@@@std@@@std@@U?$less@I@2@V?$allocator@V?$list@PAVIGServer@@V?$allocator@PAVIGServer@@@std@@@std@@@2@@std@@QAE@XZ 0040e130 f i GameServer.obj
 0001:0000d2c0       ??1?$map@IPAVIGServer@@U?$less@I@std@@V?$allocator@PAVIGServer@@@3@@std@@QAE@XZ 0040e2c0 f i GameServer.obj
 0001:0000d480       ??1?$map@V?$basic_string@DU?$char_traits@D@std@@V?$allocator@D@2@@std@@UTransferInfo@@U?$less@V?$basic_string@DU?$char_traits@D@std@@V?$allocator@D@2@@std@@@2@V?$allocator@UTransferInfo@@@2@@std@@QAE@XZ 0040e480 f i GameServer.obj
 0001:0000d530       ?SetupGlobalAllocator@CGameServer@@SA_NII@Z 0040e530 f   GameServer.obj
 0001:0000d550       ?BeginTransfer@CGameServer@@SAXPBD@Z 0040e550 f   GameServer.obj
 0001:0000d810       ??1TransferInfo@@QAE@XZ    0040e810 f i GameServer.obj
 0001:0000d850       ?EndTransfer@CGameServer@@SAXPBD@Z 0040e850 f   GameServer.obj
 0001:0000da50       ?IsInTransfer@CGameServer@@SA_NPBD@Z 0040ea50 f   GameServer.obj
 0001:0000db80       ?CleanupStaleTransfers@CGameServer@@SAXXZ 0040eb80 f   GameServer.obj
 0001:0000ddc0       ??0CGameServer@@QAE@PAUIServer@@PAUIClient@@I@Z 0040edc0 f   GameServer.obj
 0001:0000df60       ??1IGServer@@UAE@XZ        0040ef60 f i GameServer.obj
 0001:0000df70       ??_EIGServer@@UAEPAXI@Z    0040ef70 f i GameServer.obj
 0001:0000df70       ??_GIGServer@@UAEPAXI@Z    0040ef70 f i GameServer.obj
 0001:0000df90       ?GetID@CGameServer@@UAEIXZ 0040ef90 f i GameServer.obj
 0001:0000dfa0       ?GetCapability@CGameServer@@UAEIXZ 0040efa0 f i GameServer.obj
 0001:0000dfb0       ?GetIP@CGameServer@@UAEIE@Z 0040efb0 f i GameServer.obj
 0001:0000dfd0       ?GetIndentify@CGameServer@@UAEIXZ 0040efd0 f i GameServer.obj
 0001:0000dfe0       ??_ECGameServer@@UAEPAXI@Z 0040efe0 f i GameServer.obj
 0001:0000dfe0       ??_GCGameServer@@UAEPAXI@Z 0040efe0 f i GameServer.obj
 0001:0000e000       ??1CGameServer@@UAE@XZ     0040f000 f   GameServer.obj
 0001:0000e160       ??1?$map@V?$basic_string@DU?$char_traits@D@std@@V?$allocator@D@2@@std@@PAXU?$less@V?$basic_string@DU?$char_traits@D@std@@V?$allocator@D@2@@std@@@2@V?$allocator@PAX@2@@std@@QAE@XZ 0040f160 f i GameServer.obj
 0001:0000e1d0       ?Create@CGameServer@@UAE_NXZ 0040f1d0 f   GameServer.obj
 0001:0000e240       ?Destroy@CGameServer@@UAE_NXZ 0040f240 f   GameServer.obj
 0001:0000e470       ?GameSvrEventNotify@CGameServer@@SGXPAXABK1@Z 0040f470 f   GameServer.obj
 0001:0000e620       ?Begin@CGameServer@@SA_NPAUIServer@@@Z 0040f620 f   GameServer.obj
 0001:0000e660       ?End@CGameServer@@SAXXZ    0040f660 f   GameServer.obj
 0001:0000e790       ?ManagerThreadFunction@CGameServer@@CGKPAX@Z 0040f790 f   GameServer.obj
 0001:0000e910       ?AnalyzeRequire@CGameServer@@UAE_NPBXI@Z 0040f910 f   GameServer.obj
 0001:0000e970       ?LargePackProcess@CGameServer@@IAE_NEPBXI@Z 0040f970 f   GameServer.obj
 0001:0000e980       ?SmallPackProcess@CGameServer@@IAE_NEPBXI@Z 0040f980 f   GameServer.obj
 0001:0000e9b0       ?DispatchTask@CGameServer@@UAE_NIPBXI@Z 0040f9b0 f   GameServer.obj
 0001:0000e9f0       ?_QueryMapID@CGameServer@@IAE_NXZ 0040f9f0 f   GameServer.obj
 0001:0000ea30       ?_QueryGameSvrInfo@CGameServer@@IAE_NXZ 0040fa30 f   GameServer.obj
 0001:0000ea70       ?_UpdateMapID@CGameServer@@IAE_NPBXI@Z 0040fa70 f   GameServer.obj
 0001:0000eab0       ?_UpdateGameSvrInfo@CGameServer@@IAE_NPBXI@Z 0040fab0 f   GameServer.obj
 0001:0000ec40       ?_RequestSvrIP@CGameServer@@IAE_NPBXI@Z 0040fc40 f   GameServer.obj
 0001:0000ecd0       ?_NotifyPlayerLogin@CGameServer@@IAE_NPBXI@Z 0040fcd0 f   GameServer.obj
 0001:0000ed90       ?_RegisterAccount@CGameServer@@IAE_NPBXI@Z 0040fd90 f   GameServer.obj
 0001:0000edb0       ?_NotifyEnterGame@CGameServer@@IAE_NPBXI@Z 0040fdb0 f   GameServer.obj
 0001:0000eec0       ?_NotifyLeaveGame@CGameServer@@IAE_NPBXI@Z 0040fec0 f   GameServer.obj
 0001:0000eff0       ?PushAccount@CGameServer@@IAE_NPBD@Z 0040fff0 f   GameServer.obj
 0001:0000f000       ?PopAccount@CGameServer@@IAE_NPBD_N@Z 00410000 f   GameServer.obj
 0001:0000f040       ?Attach@CGameServer@@UAE_NPBD_N@Z 00410040 f   GameServer.obj
 0001:0000f120       ?AttatchAccountToGameServer@CGameServer@@AAE_NPBD_N@Z 00410120 f   GameServer.obj
 0001:0000f350       ??1?$pair@$$CBV?$basic_string@DU?$char_traits@D@std@@V?$allocator@D@2@@std@@PAX@std@@QAE@XZ 00410350 f i GameServer.obj
 0001:0000f390       ?HaveAccountInGameServer@CGameServer@@AAE_NPBD@Z 00410390 f   GameServer.obj
 0001:0000f510       ?DetachAccountFromGameServer@CGameServer@@QAE_NPBD@Z 00410510 f   GameServer.obj
 0001:0000f670       ?ConsumeMoney@CGameServer@@IAE_NPBD@Z 00410670 f   GameServer.obj
 0001:0000f780       ?FreezeMoney@CGameServer@@IAE_NPBD@Z 00410780 f   GameServer.obj
 0001:0000f890       ?_PlayerLogicLogout@CGameServer@@IAE_NPBXI@Z 00410890 f   GameServer.obj
 0001:0000f900       ?_SyncRoleInfo@CGameServer@@IAE_NPBXI@Z 00410900 f   GameServer.obj
 0001:0000fa90       ?RegisterServer@CGameServer@@CA_NIPAVIGServer@@@Z 00410a90 f   GameServer.obj
 0001:0000fc60       ??1?$pair@$$CBIV?$list@PAVIGServer@@V?$allocator@PAVIGServer@@@std@@@std@@@std@@QAE@XZ 00410c60 f i GameServer.obj
 0001:0000fcb0       ?QueryServer@CGameServer@@SAPAVIGServer@@I@Z 00410cb0 f   GameServer.obj
 0001:0000fd80       ?FindServerByAccount@CGameServer@@SAHPBD@Z 00410d80 f   GameServer.obj
 0001:0000fe90       ?GetServer@CGameServer@@SAPAVIGServer@@I@Z 00410e90 f   GameServer.obj
 0001:0000ff40       ?GetContent@CGameServer@@UAEIXZ 00410f40 f   GameServer.obj
 0001:0000ff70       ?SendToAll@CGameServer@@SAXPBDHI@Z 00410f70 f   GameServer.obj
 0001:00010040       ?SendText@CGameServer@@UAEXPBDHI@Z 00411040 f   GameServer.obj
 0001:000100f0       ??0?$basic_string@DU?$char_traits@D@std@@V?$allocator@D@2@@std@@QAE@ABV?$allocator@D@1@@Z 004110f0 f i GameServer.obj
 0001:00010110       ??0?$map@IV?$list@PAVIGServer@@V?$allocator@PAVIGServer@@@std@@@std@@U?$less@I@2@V?$allocator@V?$list@PAVIGServer@@V?$allocator@PAVIGServer@@@std@@@std@@@2@@std@@QAE@ABU?$less@I@1@ABV?$allocator@V?$list@PAVIGServer@@V?$allocator@PAVIGServer@@@std@@@std@@@1@@Z 00411110 f i GameServer.obj
 0001:000101e0       ??1?$list@PAVIGServer@@V?$allocator@PAVIGServer@@@std@@@std@@QAE@XZ 004111e0 f i GameServer.obj
 0001:00010230       ?begin@?$list@PAVIGServer@@V?$allocator@PAVIGServer@@@std@@@std@@QAE?AViterator@12@XZ 00411230 f i GameServer.obj
 0001:00010240       ??Eiterator@?$list@PAVIGServer@@V?$allocator@PAVIGServer@@@std@@@std@@QAE?AV012@H@Z 00411240 f i GameServer.obj
 0001:00010250       ??0?$map@IPAVIGServer@@U?$less@I@std@@V?$allocator@PAVIGServer@@@3@@std@@QAE@ABU?$less@I@1@ABV?$allocator@PAVIGServer@@@1@@Z 00411250 f i GameServer.obj
 0001:00010320       ??0?$map@V?$basic_string@DU?$char_traits@D@std@@V?$allocator@D@2@@std@@UTransferInfo@@U?$less@V?$basic_string@DU?$char_traits@D@std@@V?$allocator@D@2@@std@@@2@V?$allocator@UTransferInfo@@@2@@std@@QAE@ABU?$less@V?$basic_string@DU?$char_traits@D@std@@V?$allocator@D@2@@std@@@1@ABV?$allocator@UTransferInfo@@@1@@Z 00411320 f i GameServer.obj
 0001:000103f0       ??1?$vector@V?$basic_string@DU?$char_traits@D@std@@V?$allocator@D@2@@std@@V?$allocator@V?$basic_string@DU?$char_traits@D@std@@V?$allocator@D@2@@std@@@2@@std@@QAE@XZ 004113f0 f i GameServer.obj
 0001:00010450       ??1?$pair@$$CBV?$basic_string@DU?$char_traits@D@std@@V?$allocator@D@2@@std@@UTransferInfo@@@std@@QAE@XZ 00411450 f i GameServer.obj
 0001:000104c0       ?insert@?$_Tree@IU?$pair@$$CBIV?$list@PAVIGServer@@V?$allocator@PAVIGServer@@@std@@@std@@@std@@U_Kfn@?$map@IV?$list@PAVIGServer@@V?$allocator@PAVIGServer@@@std@@@std@@U?$less@I@2@V?$allocator@V?$list@PAVIGServer@@V?$allocator@PAVIGServer@@@std@@@std@@@2@@2@U?$less@I@2@V?$allocator@V?$list@PAVIGServer@@V?$allocator@PAVIGServer@@@std@@@std@@@2@@std@@QAE?AU?$pair@Viterator@?$_Tree@IU?$pair@$$CBIV?$list@PAVIGServer@@V?$allocator@PAVIGServer@@@std@@@std@@@std@@U_Kfn@?$map@IV?$list@PAVIGServer@@V?$allocator@PAVIGServer@@@std@@@std@@U?$less@I@2@V?$allocator@V?$list@PAVIGServer@@V?$allocator@PAVIGServer@@@std@@@std@@@2@@2@U?$less@I@2@V?$allocator@V?$list@PAVIGServer@@V?$allocator@PAVIGServer@@@std@@@std@@@2@@std@@_N@2@ABU?$pair@$$CBIV?$list@PAVIGServer@@V?$allocator@PAVIGServer@@@std@@@std@@@2@@Z 004114c0 f i GameServer.obj
 0001:000105f0       ?erase@?$_Tree@IU?$pair@$$CBIV?$list@PAVIGServer@@V?$allocator@PAVIGServer@@@std@@@std@@@std@@U_Kfn@?$map@IV?$list@PAVIGServer@@V?$allocator@PAVIGServer@@@std@@@std@@U?$less@I@2@V?$allocator@V?$list@PAVIGServer@@V?$allocator@PAVIGServer@@@std@@@std@@@2@@2@U?$less@I@2@V?$allocator@V?$list@PAVIGServer@@V?$allocator@PAVIGServer@@@std@@@std@@@2@@std@@QAE?AViterator@12@V312@0@Z 004115f0 f i GameServer.obj
 0001:00010730       ?find@?$_Tree@IU?$pair@$$CBIV?$list@PAVIGServer@@V?$allocator@PAVIGServer@@@std@@@std@@@std@@U_Kfn@?$map@IV?$list@PAVIGServer@@V?$allocator@PAVIGServer@@@std@@@std@@U?$less@I@2@V?$allocator@V?$list@PAVIGServer@@V?$allocator@PAVIGServer@@@std@@@std@@@2@@2@U?$less@I@2@V?$allocator@V?$list@PAVIGServer@@V?$allocator@PAVIGServer@@@std@@@std@@@2@@std@@QAE?AViterator@12@ABI@Z 00411730 f i GameServer.obj
 0001:00010780       ?insert@?$list@PAVIGServer@@V?$allocator@PAVIGServer@@@std@@@std@@QAE?AViterator@12@V312@ABQAVIGServer@@@Z 00411780 f i GameServer.obj
 0001:000107e0       ?erase@?$list@PAVIGServer@@V?$allocator@PAVIGServer@@@std@@@std@@QAE?AViterator@12@V312@0@Z 004117e0 f i GameServer.obj
 0001:00010830       ?_Buynode@?$list@PAVIGServer@@V?$allocator@PAVIGServer@@@std@@@std@@IAEPAU_Node@12@PAU312@0@Z 00411830 f i GameServer.obj
 0001:00010860       ?insert@?$_Tree@IU?$pair@$$CBIPAVIGServer@@@std@@U_Kfn@?$map@IPAVIGServer@@U?$less@I@std@@V?$allocator@PAVIGServer@@@3@@2@U?$less@I@2@V?$allocator@PAVIGServer@@@2@@std@@QAE?AU?$pair@Viterator@?$_Tree@IU?$pair@$$CBIPAVIGServer@@@std@@U_Kfn@?$map@IPAVIGServer@@U?$less@I@std@@V?$allocator@PAVIGServer@@@3@@2@U?$less@I@2@V?$allocator@PAVIGServer@@@2@@std@@_N@2@ABU?$pair@$$CBIPAVIGServer@@@2@@Z 00411860 f i GameServer.obj
 0001:00010990       ?erase@?$_Tree@IU?$pair@$$CBIPAVIGServer@@@std@@U_Kfn@?$map@IPAVIGServer@@U?$less@I@std@@V?$allocator@PAVIGServer@@@3@@2@U?$less@I@2@V?$allocator@PAVIGServer@@@2@@std@@QAE?AViterator@12@V312@@Z 00411990 f i GameServer.obj
 0001:00010eb0       ?erase@?$_Tree@IU?$pair@$$CBIPAVIGServer@@@std@@U_Kfn@?$map@IPAVIGServer@@U?$less@I@std@@V?$allocator@PAVIGServer@@@3@@2@U?$less@I@2@V?$allocator@PAVIGServer@@@2@@std@@QAE?AViterator@12@V312@0@Z 00411eb0 f i GameServer.obj
 0001:00010fe0       ?_Inc@const_iterator@?$_Tree@IU?$pair@$$CBIPAVIGServer@@@std@@U_Kfn@?$map@IPAVIGServer@@U?$less@I@std@@V?$allocator@PAVIGServer@@@3@@2@U?$less@I@2@V?$allocator@PAVIGServer@@@2@@std@@QAEXXZ 00411fe0 f i GameServer.obj
 0001:00011090       ?insert@?$_Tree@V?$basic_string@DU?$char_traits@D@std@@V?$allocator@D@2@@std@@U?$pair@$$CBV?$basic_string@DU?$char_traits@D@std@@V?$allocator@D@2@@std@@PAX@2@U_Kfn@?$map@V?$basic_string@DU?$char_traits@D@std@@V?$allocator@D@2@@std@@PAXU?$less@V?$basic_string@DU?$char_traits@D@std@@V?$allocator@D@2@@std@@@2@V?$allocator@PAX@2@@2@U?$less@V?$basic_string@DU?$char_traits@D@std@@V?$allocator@D@2@@std@@@2@V?$allocator@PAX@2@@std@@QAE?AU?$pair@Viterator@?$_Tree@V?$basic_string@DU?$char_traits@D@std@@V?$allocator@D@2@@std@@U?$pair@$$CBV?$basic_string@DU?$char_traits@D@std@@V?$allocator@D@2@@std@@PAX@2@U_Kfn@?$map@V?$basic_string@DU?$char_traits@D@std@@V?$allocator@D@2@@std@@PAXU?$less@V?$basic_string@DU?$char_traits@D@std@@V?$allocator@D@2@@std@@@2@V?$allocator@PAX@2@@2@U?$less@V?$basic_string@DU?$char_traits@D@std@@V?$allocator@D@2@@std@@@2@V?$allocator@PAX@2@@std@@_N@2@ABU?$pair@$$CBV?$basic_string@DU?$char_traits@D@std@@V?$allocator@D@2@@std@@PAX@2@@Z 00412090 f i GameServer.obj
 0001:00011200       ?erase@?$_Tree@V?$basic_string@DU?$char_traits@D@std@@V?$allocator@D@2@@std@@U?$pair@$$CBV?$basic_string@DU?$char_traits@D@std@@V?$allocator@D@2@@std@@PAX@2@U_Kfn@?$map@V?$basic_string@DU?$char_traits@D@std@@V?$allocator@D@2@@std@@PAXU?$less@V?$basic_string@DU?$char_traits@D@std@@V?$allocator@D@2@@std@@@2@V?$allocator@PAX@2@@2@U?$less@V?$basic_string@DU?$char_traits@D@std@@V?$allocator@D@2@@std@@@2@V?$allocator@PAX@2@@std@@QAE?AViterator@12@V312@@Z 00412200 f i GameServer.obj
 0001:00011730       ?erase@?$_Tree@V?$basic_string@DU?$char_traits@D@std@@V?$allocator@D@2@@std@@U?$pair@$$CBV?$basic_string@DU?$char_traits@D@std@@V?$allocator@D@2@@std@@PAX@2@U_Kfn@?$map@V?$basic_string@DU?$char_traits@D@std@@V?$allocator@D@2@@std@@PAXU?$less@V?$basic_string@DU?$char_traits@D@std@@V?$allocator@D@2@@std@@@2@V?$allocator@PAX@2@@2@U?$less@V?$basic_string@DU?$char_traits@D@std@@V?$allocator@D@2@@std@@@2@V?$allocator@PAX@2@@std@@QAE?AViterator@12@V312@0@Z 00412730 f i GameServer.obj
 0001:00011870       ?find@?$_Tree@V?$basic_string@DU?$char_traits@D@std@@V?$allocator@D@2@@std@@U?$pair@$$CBV?$basic_string@DU?$char_traits@D@std@@V?$allocator@D@2@@std@@PAX@2@U_Kfn@?$map@V?$basic_string@DU?$char_traits@D@std@@V?$allocator@D@2@@std@@PAXU?$less@V?$basic_string@DU?$char_traits@D@std@@V?$allocator@D@2@@std@@@2@V?$allocator@PAX@2@@2@U?$less@V?$basic_string@DU?$char_traits@D@std@@V?$allocator@D@2@@std@@@2@V?$allocator@PAX@2@@std@@QAE?AViterator@12@ABV?$basic_string@DU?$char_traits@D@std@@V?$allocator@D@2@@2@@Z 00412870 f i GameServer.obj
 0001:00011900       ?insert@?$map@V?$basic_string@DU?$char_traits@D@std@@V?$allocator@D@2@@std@@UTransferInfo@@U?$less@V?$basic_string@DU?$char_traits@D@std@@V?$allocator@D@2@@std@@@2@V?$allocator@UTransferInfo@@@2@@std@@QAE?AU?$pair@Viterator@?$_Tree@V?$basic_string@DU?$char_traits@D@std@@V?$allocator@D@2@@std@@U?$pair@$$CBV?$basic_string@DU?$char_traits@D@std@@V?$allocator@D@2@@std@@UTransferInfo@@@2@U_Kfn@?$map@V?$basic_string@DU?$char_traits@D@std@@V?$allocator@D@2@@std@@UTransferInfo@@U?$less@V?$basic_string@DU?$char_traits@D@std@@V?$allocator@D@2@@std@@@2@V?$allocator@UTransferInfo@@@2@@2@U?$less@V?$basic_string@DU?$char_traits@D@std@@V?$allocator@D@2@@std@@@2@V?$allocator@UTransferInfo@@@2@@std@@_N@2@ABU?$pair@$$CBV?$basic_string@DU?$char_traits@D@std@@V?$allocator@D@2@@std@@UTransferInfo@@@2@@Z 00412900 f i GameServer.obj
 0001:00011930       ?begin@?$_Tree@V?$basic_string@DU?$char_traits@D@std@@V?$allocator@D@2@@std@@U?$pair@$$CBV?$basic_string@DU?$char_traits@D@std@@V?$allocator@D@2@@std@@UTransferInfo@@@2@U_Kfn@?$map@V?$basic_string@DU?$char_traits@D@std@@V?$allocator@D@2@@std@@UTransferInfo@@U?$less@V?$basic_string@DU?$char_traits@D@std@@V?$allocator@D@2@@std@@@2@V?$allocator@UTransferInfo@@@2@@2@U?$less@V?$basic_string@DU?$char_traits@D@std@@V?$allocator@D@2@@std@@@2@V?$allocator@UTransferInfo@@@2@@std@@QAE?AViterator@12@XZ 00412930 f i GameServer.obj
 0001:00011940       ?erase@?$_Tree@V?$basic_string@DU?$char_traits@D@std@@V?$allocator@D@2@@std@@U?$pair@$$CBV?$basic_string@DU?$char_traits@D@std@@V?$allocator@D@2@@std@@UTransferInfo@@@2@U_Kfn@?$map@V?$basic_string@DU?$char_traits@D@std@@V?$allocator@D@2@@std@@UTransferInfo@@U?$less@V?$basic_string@DU?$char_traits@D@std@@V?$allocator@D@2@@std@@@2@V?$allocator@UTransferInfo@@@2@@2@U?$less@V?$basic_string@DU?$char_traits@D@std@@V?$allocator@D@2@@std@@@2@V?$allocator@UTransferInfo@@@2@@std@@QAE?AViterator@12@V312@0@Z 00412940 f i GameServer.obj
 0001:00011a80       ??0?$pair@$$CBV?$basic_string@DU?$char_traits@D@std@@V?$allocator@D@2@@std@@UTransferInfo@@@std@@QAE@ABV?$basic_string@DU?$char_traits@D@std@@V?$allocator@D@2@@1@ABUTransferInfo@@@Z 00412a80 f i GameServer.obj
 0001:00011bb0       ?_Inc@const_iterator@?$_Tree@V?$basic_string@DU?$char_traits@D@std@@V?$allocator@D@2@@std@@U?$pair@$$CBV?$basic_string@DU?$char_traits@D@std@@V?$allocator@D@2@@std@@UTransferInfo@@@2@U_Kfn@?$map@V?$basic_string@DU?$char_traits@D@std@@V?$allocator@D@2@@std@@UTransferInfo@@U?$less@V?$basic_string@DU?$char_traits@D@std@@V?$allocator@D@2@@std@@@2@V?$allocator@UTransferInfo@@@2@@2@U?$less@V?$basic_string@DU?$char_traits@D@std@@V?$allocator@D@2@@std@@@2@V?$allocator@UTransferInfo@@@2@@std@@QAEXXZ 00412bb0 f i GameServer.obj
 0001:00011c60       ??0?$pair@Viterator@?$_Tree@V?$basic_string@DU?$char_traits@D@std@@V?$allocator@D@2@@std@@U?$pair@$$CBV?$basic_string@DU?$char_traits@D@std@@V?$allocator@D@2@@std@@PAX@2@U_Kfn@?$map@V?$basic_string@DU?$char_traits@D@std@@V?$allocator@D@2@@std@@PAXU?$less@V?$basic_string@DU?$char_traits@D@std@@V?$allocator@D@2@@std@@@2@V?$allocator@PAX@2@@2@U?$less@V?$basic_string@DU?$char_traits@D@std@@V?$allocator@D@2@@std@@@2@V?$allocator@PAX@2@@std@@_N@std@@QAE@ABViterator@?$_Tree@V?$basic_string@DU?$char_traits@D@std@@V?$allocator@D@2@@std@@U?$pair@$$CBV?$basic_string@DU?$char_traits@D@std@@V?$allocator@D@2@@std@@PAX@2@U_Kfn@?$map@V?$basic_string@DU?$char_traits@D@std@@V?$allocator@D@2@@std@@PAXU?$less@V?$basic_string@DU?$char_traits@D@std@@V?$allocator@D@2@@std@@@2@V?$allocator@PAX@2@@2@U?$less@V?$basic_string@DU?$char_traits@D@std@@V?$allocator@D@2@@std@@@2@V?$allocator@PAX@2@@1@AB_N@Z 00412c60 f i GameServer.obj
 0001:00011c80       ?erase@?$_Tree@IU?$pair@$$CBIV?$list@PAVIGServer@@V?$allocator@PAVIGServer@@@std@@@std@@@std@@U_Kfn@?$map@IV?$list@PAVIGServer@@V?$allocator@PAVIGServer@@@std@@@std@@U?$less@I@2@V?$allocator@V?$list@PAVIGServer@@V?$allocator@PAVIGServer@@@std@@@std@@@2@@2@U?$less@I@2@V?$allocator@V?$list@PAVIGServer@@V?$allocator@PAVIGServer@@@std@@@std@@@2@@std@@QAE?AViterator@12@V312@@Z 00412c80 f i GameServer.obj
 0001:000121c0       ?erase@?$list@PAVIGServer@@V?$allocator@PAVIGServer@@@std@@@std@@QAE?AViterator@12@V312@@Z 004131c0 f i GameServer.obj
 0001:00012200       ?_Next@_Acc@?$list@PAVIGServer@@V?$allocator@PAVIGServer@@@std@@@std@@SAAAPAU_Node@23@PAU423@@Z 00413200 f i GameServer.obj
 0001:00012210       ?_Erase@?$_Tree@IU?$pair@$$CBIV?$list@PAVIGServer@@V?$allocator@PAVIGServer@@@std@@@std@@@std@@U_Kfn@?$map@IV?$list@PAVIGServer@@V?$allocator@PAVIGServer@@@std@@@std@@U?$less@I@2@V?$allocator@V?$list@PAVIGServer@@V?$allocator@PAVIGServer@@@std@@@std@@@2@@2@U?$less@I@2@V?$allocator@V?$list@PAVIGServer@@V?$allocator@PAVIGServer@@@std@@@std@@@2@@std@@IAEXPAU_Node@12@@Z 00413210 f i GameServer.obj
 0001:000122f0       ?_Insert@?$_Tree@IU?$pair@$$CBIV?$list@PAVIGServer@@V?$allocator@PAVIGServer@@@std@@@std@@@std@@U_Kfn@?$map@IV?$list@PAVIGServer@@V?$allocator@PAVIGServer@@@std@@@std@@U?$less@I@2@V?$allocator@V?$list@PAVIGServer@@V?$allocator@PAVIGServer@@@std@@@std@@@2@@2@U?$less@I@2@V?$allocator@V?$list@PAVIGServer@@V?$allocator@PAVIGServer@@@std@@@std@@@2@@std@@IAE?AViterator@12@PAU_Node@12@0ABU?$pair@$$CBIV?$list@PAVIGServer@@V?$allocator@PAVIGServer@@@std@@@std@@@2@@Z 004132f0 f i GameServer.obj
 0001:000125f0       ?begin@?$list@PAVIGServer@@V?$allocator@PAVIGServer@@@std@@@std@@QBE?AVconst_iterator@12@XZ 004135f0 f i GameServer.obj
 0001:00012600       ?end@?$list@PAVIGServer@@V?$allocator@PAVIGServer@@@std@@@std@@QBE?AVconst_iterator@12@XZ 00413600 f i GameServer.obj
 0001:00012610       ?insert@?$list@PAVIGServer@@V?$allocator@PAVIGServer@@@std@@@std@@QAEXViterator@12@Vconst_iterator@12@1@Z 00413610 f i GameServer.obj
 0001:00012680       ?_Inc@const_iterator@?$_Tree@IU?$pair@$$CBIV?$list@PAVIGServer@@V?$allocator@PAVIGServer@@@std@@@std@@@std@@U_Kfn@?$map@IV?$list@PAVIGServer@@V?$allocator@PAVIGServer@@@std@@@std@@U?$less@I@2@V?$allocator@V?$list@PAVIGServer@@V?$allocator@PAVIGServer@@@std@@@std@@@2@@2@U?$less@I@2@V?$allocator@V?$list@PAVIGServer@@V?$allocator@PAVIGServer@@@std@@@std@@@2@@std@@QAEXXZ 00413680 f i GameServer.obj
 0001:00012730       ?lower_bound@?$_Tree@IU?$pair@$$CBIPAVIGServer@@@std@@U_Kfn@?$map@IPAVIGServer@@U?$less@I@std@@V?$allocator@PAVIGServer@@@3@@2@U?$less@I@2@V?$allocator@PAVIGServer@@@2@@std@@QAE?AViterator@12@ABI@Z 00413730 f i GameServer.obj
 0001:00012750       ?_Erase@?$_Tree@IU?$pair@$$CBIPAVIGServer@@@std@@U_Kfn@?$map@IPAVIGServer@@U?$less@I@std@@V?$allocator@PAVIGServer@@@3@@2@U?$less@I@2@V?$allocator@PAVIGServer@@@2@@std@@IAEXPAU_Node@12@@Z 00413750 f i GameServer.obj
 0001:000127e0       ?_Insert@?$_Tree@IU?$pair@$$CBIPAVIGServer@@@std@@U_Kfn@?$map@IPAVIGServer@@U?$less@I@std@@V?$allocator@PAVIGServer@@@3@@2@U?$less@I@2@V?$allocator@PAVIGServer@@@2@@std@@IAE?AViterator@12@PAU_Node@12@0ABU?$pair@$$CBIPAVIGServer@@@2@@Z 004137e0 f i GameServer.obj
 0001:00012ae0       ?_Min@?$_Tree@IU?$pair@$$CBIPAVIGServer@@@std@@U_Kfn@?$map@IPAVIGServer@@U?$less@I@std@@V?$allocator@PAVIGServer@@@3@@2@U?$less@I@2@V?$allocator@PAVIGServer@@@2@@std@@KAPAU_Node@12@PAU312@@Z 00413ae0 f i GameServer.obj
 0001:00012b20       ?lower_bound@?$_Tree@V?$basic_string@DU?$char_traits@D@std@@V?$allocator@D@2@@std@@U?$pair@$$CBV?$basic_string@DU?$char_traits@D@std@@V?$allocator@D@2@@std@@PAX@2@U_Kfn@?$map@V?$basic_string@DU?$char_traits@D@std@@V?$allocator@D@2@@std@@PAXU?$less@V?$basic_string@DU?$char_traits@D@std@@V?$allocator@D@2@@std@@@2@V?$allocator@PAX@2@@2@U?$less@V?$basic_string@DU?$char_traits@D@std@@V?$allocator@D@2@@std@@@2@V?$allocator@PAX@2@@std@@QAE?AViterator@12@ABV?$basic_string@DU?$char_traits@D@std@@V?$allocator@D@2@@2@@Z 00413b20 f i GameServer.obj
 0001:00012b40       ?_Erase@?$_Tree@V?$basic_string@DU?$char_traits@D@std@@V?$allocator@D@2@@std@@U?$pair@$$CBV?$basic_string@DU?$char_traits@D@std@@V?$allocator@D@2@@std@@PAX@2@U_Kfn@?$map@V?$basic_string@DU?$char_traits@D@std@@V?$allocator@D@2@@std@@PAXU?$less@V?$basic_string@DU?$char_traits@D@std@@V?$allocator@D@2@@std@@@2@V?$allocator@PAX@2@@2@U?$less@V?$basic_string@DU?$char_traits@D@std@@V?$allocator@D@2@@std@@@2@V?$allocator@PAX@2@@std@@IAEXPAU_Node@12@@Z 00413b40 f i GameServer.obj
 0001:00012bf0       ?_Insert@?$_Tree@V?$basic_string@DU?$char_traits@D@std@@V?$allocator@D@2@@std@@U?$pair@$$CBV?$basic_string@DU?$char_traits@D@std@@V?$allocator@D@2@@std@@PAX@2@U_Kfn@?$map@V?$basic_string@DU?$char_traits@D@std@@V?$allocator@D@2@@std@@PAXU?$less@V?$basic_string@DU?$char_traits@D@std@@V?$allocator@D@2@@std@@@2@V?$allocator@PAX@2@@2@U?$less@V?$basic_string@DU?$char_traits@D@std@@V?$allocator@D@2@@std@@@2@V?$allocator@PAX@2@@std@@IAE?AViterator@12@PAU_Node@12@0ABU?$pair@$$CBV?$basic_string@DU?$char_traits@D@std@@V?$allocator@D@2@@std@@PAX@2@@Z 00413bf0 f i GameServer.obj
 0001:00012f00       ?_Inc@const_iterator@?$_Tree@V?$basic_string@DU?$char_traits@D@std@@V?$allocator@D@2@@std@@U?$pair@$$CBV?$basic_string@DU?$char_traits@D@std@@V?$allocator@D@2@@std@@PAX@2@U_Kfn@?$map@V?$basic_string@DU?$char_traits@D@std@@V?$allocator@D@2@@std@@PAXU?$less@V?$basic_string@DU?$char_traits@D@std@@V?$allocator@D@2@@std@@@2@V?$allocator@PAX@2@@2@U?$less@V?$basic_string@DU?$char_traits@D@std@@V?$allocator@D@2@@std@@@2@V?$allocator@PAX@2@@std@@QAEXXZ 00413f00 f i GameServer.obj
 0001:00012fb0       ?insert@?$_Tree@V?$basic_string@DU?$char_traits@D@std@@V?$allocator@D@2@@std@@U?$pair@$$CBV?$basic_string@DU?$char_traits@D@std@@V?$allocator@D@2@@std@@UTransferInfo@@@2@U_Kfn@?$map@V?$basic_string@DU?$char_traits@D@std@@V?$allocator@D@2@@std@@UTransferInfo@@U?$less@V?$basic_string@DU?$char_traits@D@std@@V?$allocator@D@2@@std@@@2@V?$allocator@UTransferInfo@@@2@@2@U?$less@V?$basic_string@DU?$char_traits@D@std@@V?$allocator@D@2@@std@@@2@V?$allocator@UTransferInfo@@@2@@std@@QAE?AU?$pair@Viterator@?$_Tree@V?$basic_string@DU?$char_traits@D@std@@V?$allocator@D@2@@std@@U?$pair@$$CBV?$basic_string@DU?$char_traits@D@std@@V?$allocator@D@2@@std@@UTransferInfo@@@2@U_Kfn@?$map@V?$basic_string@DU?$char_traits@D@std@@V?$allocator@D@2@@std@@UTransferInfo@@U?$less@V?$basic_string@DU?$char_traits@D@std@@V?$allocator@D@2@@std@@@2@V?$allocator@UTransferInfo@@@2@@2@U?$less@V?$basic_string@DU?$char_traits@D@std@@V?$allocator@D@2@@std@@@2@V?$allocator@UTransferInfo@@@2@@std@@_N@2@ABU?$pair@$$CBV?$basic_string@DU?$char_traits@D@std@@V?$allocator@D@2@@std@@UTransferInfo@@@2@@Z 00413fb0 f i GameServer.obj
 0001:00013120       ?erase@?$_Tree@V?$basic_string@DU?$char_traits@D@std@@V?$allocator@D@2@@std@@U?$pair@$$CBV?$basic_string@DU?$char_traits@D@std@@V?$allocator@D@2@@std@@UTransferInfo@@@2@U_Kfn@?$map@V?$basic_string@DU?$char_traits@D@std@@V?$allocator@D@2@@std@@UTransferInfo@@U?$less@V?$basic_string@DU?$char_traits@D@std@@V?$allocator@D@2@@std@@@2@V?$allocator@UTransferInfo@@@2@@2@U?$less@V?$basic_string@DU?$char_traits@D@std@@V?$allocator@D@2@@std@@@2@V?$allocator@UTransferInfo@@@2@@std@@QAE?AViterator@12@V312@@Z 00414120 f i GameServer.obj
 0001:00013690       ?equal_range@?$_Tree@V?$basic_string@DU?$char_traits@D@std@@V?$allocator@D@2@@std@@U?$pair@$$CBV?$basic_string@DU?$char_traits@D@std@@V?$allocator@D@2@@std@@UTransferInfo@@@2@U_Kfn@?$map@V?$basic_string@DU?$char_traits@D@std@@V?$allocator@D@2@@std@@UTransferInfo@@U?$less@V?$basic_string@DU?$char_traits@D@std@@V?$allocator@D@2@@std@@@2@V?$allocator@UTransferInfo@@@2@@2@U?$less@V?$basic_string@DU?$char_traits@D@std@@V?$allocator@D@2@@std@@@2@V?$allocator@UTransferInfo@@@2@@std@@QAE?AU?$pair@Viterator@?$_Tree@V?$basic_string@DU?$char_traits@D@std@@V?$allocator@D@2@@std@@U?$pair@$$CBV?$basic_string@DU?$char_traits@D@std@@V?$allocator@D@2@@std@@UTransferInfo@@@2@U_Kfn@?$map@V?$basic_string@DU?$char_traits@D@std@@V?$allocator@D@2@@std@@UTransferInfo@@U?$less@V?$basic_string@DU?$char_traits@D@std@@V?$allocator@D@2@@std@@@2@V?$allocator@UTransferInfo@@@2@@2@U?$less@V?$basic_string@DU?$char_traits@D@std@@V?$allocator@D@2@@std@@@2@V?$allocator@UTransferInfo@@@2@@std@@V123@@2@ABV?$basic_string@DU?$char_traits@D@std@@V?$allocator@D@2@@2@@Z 00414690 f i GameServer.obj
 0001:000136c0       ?_Erase@?$_Tree@V?$basic_string@DU?$char_traits@D@std@@V?$allocator@D@2@@std@@U?$pair@$$CBV?$basic_string@DU?$char_traits@D@std@@V?$allocator@D@2@@std@@UTransferInfo@@@2@U_Kfn@?$map@V?$basic_string@DU?$char_traits@D@std@@V?$allocator@D@2@@std@@UTransferInfo@@U?$less@V?$basic_string@DU?$char_traits@D@std@@V?$allocator@D@2@@std@@@2@V?$allocator@UTransferInfo@@@2@@2@U?$less@V?$basic_string@DU?$char_traits@D@std@@V?$allocator@D@2@@std@@@2@V?$allocator@UTransferInfo@@@2@@std@@IAEXPAU_Node@12@@Z 004146c0 f i GameServer.obj
 0001:000137a0       ?insert@?$vector@V?$basic_string@DU?$char_traits@D@std@@V?$allocator@D@2@@std@@V?$allocator@V?$basic_string@DU?$char_traits@D@std@@V?$allocator@D@2@@std@@@2@@std@@QAEXPAV?$basic_string@DU?$char_traits@D@std@@V?$allocator@D@2@@2@IABV32@@Z 004147a0 f i GameServer.obj
 0001:00013a60       ??0?$pair@Viterator@?$_Tree@V?$basic_string@DU?$char_traits@D@std@@V?$allocator@D@2@@std@@U?$pair@$$CBV?$basic_string@DU?$char_traits@D@std@@V?$allocator@D@2@@std@@UTransferInfo@@@2@U_Kfn@?$map@V?$basic_string@DU?$char_traits@D@std@@V?$allocator@D@2@@std@@UTransferInfo@@U?$less@V?$basic_string@DU?$char_traits@D@std@@V?$allocator@D@2@@std@@@2@V?$allocator@UTransferInfo@@@2@@2@U?$less@V?$basic_string@DU?$char_traits@D@std@@V?$allocator@D@2@@std@@@2@V?$allocator@UTransferInfo@@@2@@std@@_N@std@@QAE@ABViterator@?$_Tree@V?$basic_string@DU?$char_traits@D@std@@V?$allocator@D@2@@std@@U?$pair@$$CBV?$basic_string@DU?$char_traits@D@std@@V?$allocator@D@2@@std@@UTransferInfo@@@2@U_Kfn@?$map@V?$basic_string@DU?$char_traits@D@std@@V?$allocator@D@2@@std@@UTransferInfo@@U?$less@V?$basic_string@DU?$char_traits@D@std@@V?$allocator@D@2@@std@@@2@V?$allocator@UTransferInfo@@@2@@2@U?$less@V?$basic_string@DU?$char_traits@D@std@@V?$allocator@D@2@@std@@@2@V?$allocator@UTransferInfo@@@2@@1@AB_N@Z 00414a60 f i GameServer.obj
 0001:00013a80       ?_Lbound@?$_Tree@IU?$pair@$$CBIV?$list@PAVIGServer@@V?$allocator@PAVIGServer@@@std@@@std@@@std@@U_Kfn@?$map@IV?$list@PAVIGServer@@V?$allocator@PAVIGServer@@@std@@@std@@U?$less@I@2@V?$allocator@V?$list@PAVIGServer@@V?$allocator@PAVIGServer@@@std@@@std@@@2@@2@U?$less@I@2@V?$allocator@V?$list@PAVIGServer@@V?$allocator@PAVIGServer@@@std@@@std@@@2@@std@@IBEPAU_Node@12@ABI@Z 00414a80 f i GameServer.obj
 0001:00013ad0       ?_Dec@const_iterator@?$_Tree@IU?$pair@$$CBIV?$list@PAVIGServer@@V?$allocator@PAVIGServer@@@std@@@std@@@std@@U_Kfn@?$map@IV?$list@PAVIGServer@@V?$allocator@PAVIGServer@@@std@@@std@@U?$less@I@2@V?$allocator@V?$list@PAVIGServer@@V?$allocator@PAVIGServer@@@std@@@std@@@2@@2@U?$less@I@2@V?$allocator@V?$list@PAVIGServer@@V?$allocator@PAVIGServer@@@std@@@std@@@2@@std@@QAEXXZ 00414ad0 f i GameServer.obj
 0001:00013b90       ?_Lbound@?$_Tree@IU?$pair@$$CBIPAVIGServer@@@std@@U_Kfn@?$map@IPAVIGServer@@U?$less@I@std@@V?$allocator@PAVIGServer@@@3@@2@U?$less@I@2@V?$allocator@PAVIGServer@@@2@@std@@IBEPAU_Node@12@ABI@Z 00414b90 f i GameServer.obj
 0001:00013be0       ?_Dec@const_iterator@?$_Tree@IU?$pair@$$CBIPAVIGServer@@@std@@U_Kfn@?$map@IPAVIGServer@@U?$less@I@std@@V?$allocator@PAVIGServer@@@3@@2@U?$less@I@2@V?$allocator@PAVIGServer@@@2@@std@@QAEXXZ 00414be0 f i GameServer.obj
 0001:00013ca0       ?_Lbound@?$_Tree@V?$basic_string@DU?$char_traits@D@std@@V?$allocator@D@2@@std@@U?$pair@$$CBV?$basic_string@DU?$char_traits@D@std@@V?$allocator@D@2@@std@@PAX@2@U_Kfn@?$map@V?$basic_string@DU?$char_traits@D@std@@V?$allocator@D@2@@std@@PAXU?$less@V?$basic_string@DU?$char_traits@D@std@@V?$allocator@D@2@@std@@@2@V?$allocator@PAX@2@@2@U?$less@V?$basic_string@DU?$char_traits@D@std@@V?$allocator@D@2@@std@@@2@V?$allocator@PAX@2@@std@@IBEPAU_Node@12@ABV?$basic_string@DU?$char_traits@D@std@@V?$allocator@D@2@@2@@Z 00414ca0 f i GameServer.obj
 0001:00013d60       ?_Dec@const_iterator@?$_Tree@V?$basic_string@DU?$char_traits@D@std@@V?$allocator@D@2@@std@@U?$pair@$$CBV?$basic_string@DU?$char_traits@D@std@@V?$allocator@D@2@@std@@PAX@2@U_Kfn@?$map@V?$basic_string@DU?$char_traits@D@std@@V?$allocator@D@2@@std@@PAXU?$less@V?$basic_string@DU?$char_traits@D@std@@V?$allocator@D@2@@std@@@2@V?$allocator@PAX@2@@2@U?$less@V?$basic_string@DU?$char_traits@D@std@@V?$allocator@D@2@@std@@@2@V?$allocator@PAX@2@@std@@QAEXXZ 00414d60 f i GameServer.obj
 0001:00013e20       ?lower_bound@?$_Tree@V?$basic_string@DU?$char_traits@D@std@@V?$allocator@D@2@@std@@U?$pair@$$CBV?$basic_string@DU?$char_traits@D@std@@V?$allocator@D@2@@std@@UTransferInfo@@@2@U_Kfn@?$map@V?$basic_string@DU?$char_traits@D@std@@V?$allocator@D@2@@std@@UTransferInfo@@U?$less@V?$basic_string@DU?$char_traits@D@std@@V?$allocator@D@2@@std@@@2@V?$allocator@UTransferInfo@@@2@@2@U?$less@V?$basic_string@DU?$char_traits@D@std@@V?$allocator@D@2@@std@@@2@V?$allocator@UTransferInfo@@@2@@std@@QAE?AViterator@12@ABV?$basic_string@DU?$char_traits@D@std@@V?$allocator@D@2@@2@@Z 00414e20 f i GameServer.obj
 0001:00013e40       ?upper_bound@?$_Tree@V?$basic_string@DU?$char_traits@D@std@@V?$allocator@D@2@@std@@U?$pair@$$CBV?$basic_string@DU?$char_traits@D@std@@V?$allocator@D@2@@std@@UTransferInfo@@@2@U_Kfn@?$map@V?$basic_string@DU?$char_traits@D@std@@V?$allocator@D@2@@std@@UTransferInfo@@U?$less@V?$basic_string@DU?$char_traits@D@std@@V?$allocator@D@2@@std@@@2@V?$allocator@UTransferInfo@@@2@@2@U?$less@V?$basic_string@DU?$char_traits@D@std@@V?$allocator@D@2@@std@@@2@V?$allocator@UTransferInfo@@@2@@std@@QAE?AViterator@12@ABV?$basic_string@DU?$char_traits@D@std@@V?$allocator@D@2@@2@@Z 00414e40 f i GameServer.obj
 0001:00013e60       ?_Insert@?$_Tree@V?$basic_string@DU?$char_traits@D@std@@V?$allocator@D@2@@std@@U?$pair@$$CBV?$basic_string@DU?$char_traits@D@std@@V?$allocator@D@2@@std@@UTransferInfo@@@2@U_Kfn@?$map@V?$basic_string@DU?$char_traits@D@std@@V?$allocator@D@2@@std@@UTransferInfo@@U?$less@V?$basic_string@DU?$char_traits@D@std@@V?$allocator@D@2@@std@@@2@V?$allocator@UTransferInfo@@@2@@2@U?$less@V?$basic_string@DU?$char_traits@D@std@@V?$allocator@D@2@@std@@@2@V?$allocator@UTransferInfo@@@2@@std@@IAE?AViterator@12@PAU_Node@12@0ABU?$pair@$$CBV?$basic_string@DU?$char_traits@D@std@@V?$allocator@D@2@@std@@UTransferInfo@@@2@@Z 00414e60 f i GameServer.obj
 0001:00014170       ?_Lbound@?$_Tree@V?$basic_string@DU?$char_traits@D@std@@V?$allocator@D@2@@std@@U?$pair@$$CBV?$basic_string@DU?$char_traits@D@std@@V?$allocator@D@2@@std@@UTransferInfo@@@2@U_Kfn@?$map@V?$basic_string@DU?$char_traits@D@std@@V?$allocator@D@2@@std@@UTransferInfo@@U?$less@V?$basic_string@DU?$char_traits@D@std@@V?$allocator@D@2@@std@@@2@V?$allocator@UTransferInfo@@@2@@2@U?$less@V?$basic_string@DU?$char_traits@D@std@@V?$allocator@D@2@@std@@@2@V?$allocator@UTransferInfo@@@2@@std@@IBEPAU_Node@12@ABV?$basic_string@DU?$char_traits@D@std@@V?$allocator@D@2@@2@@Z 00415170 f i GameServer.obj
[...]
 0001:0001cfd0       _$E23                      0041dfd0 f   common:Buffer.obj
 0001:0001cff0       _$E22                      0041dff0 f   common:Buffer.obj
 0001:0001ad50       _$E19                      0041bd50 f   common:Exception.obj
 0001:0001ad70       _$E18                      0041bd70 f   common:Exception.obj
 0001:0001a8b0       _$E21                      0041b8b0 f   common:Win32Exception.obj
 0001:0001a8d0       _$E20                      0041b8d0 f   common:Win32Exception.obj
 0001:0001a3f0       ?Create@Win32@OnlineGameLib@@YAPAXPAU_SECURITY_ATTRIBUTES@@HHPBD@Z 0041b3f0 f   common:Mutex.obj
 0001:0001a7f0       _$E19                      0041b7f0 f   common:Mutex.obj
 0001:0001a810       _$E18                      0041b810 f   common:Mutex.obj
 0001:0002f7c1       __Mbrtowc_lk               004307c1 f   libcpmt:xmbtowc.obj
 0001:0002f08d       _$E37                      0043008d f   libcpmt:xlocale.obj
 0001:0002f0a2       _$E36                      004300a2 f   libcpmt:xlocale.obj
 0001:0002c1c4       _$E47                      0042d1c4 f   libcpmt:wlocale.obj
 0001:0002c1d9       _$E46                      0042d1d9 f   libcpmt:wlocale.obj
 0001:00025fd6       _$E2                       00426fd6 f   libcpmt:nomemory.obj
 0001:0002504f       _$E18                      0042604f f   libcpmt:wiostrea.obj
 0001:00025059       _$E15                      00426059 f   libcpmt:wiostrea.obj
 0001:00025063       _$E17                      00426063 f   libcpmt:wiostrea.obj
 0001:0002506f       _$E16                      0042606f f   libcpmt:wiostrea.obj
 0001:00025079       _$E24                      00426079 f   libcpmt:wiostrea.obj
 0001:00025083       _$E21                      00426083 f   libcpmt:wiostrea.obj
 0001:0002508d       _$E23                      0042608d f   libcpmt:wiostrea.obj
 0001:00025099       _$E22                      00426099 f   libcpmt:wiostrea.obj
 0001:000250a3       _$E29                      004260a3 f   libcpmt:wiostrea.obj
 0001:000250ad       _$E26                      004260ad f   libcpmt:wiostrea.obj
 0001:000250ba       _$E28                      004260ba f   libcpmt:wiostrea.obj
 0001:000250c6       _$E27                      004260c6 f   libcpmt:wiostrea.obj
 0001:000250d0       _$E34                      004260d0 f   libcpmt:wiostrea.obj
 0001:000250da       _$E31                      004260da f   libcpmt:wiostrea.obj
 0001:000250e7       _$E33                      004260e7 f   libcpmt:wiostrea.obj
 0001:000250f3       _$E32                      004260f3 f   libcpmt:wiostrea.obj
 0001:000250fd       _$E39                      004260fd f   libcpmt:wiostrea.obj
 0001:00025107       _$E36                      00426107 f   libcpmt:wiostrea.obj
 0001:00025114       _$E38                      00426114 f   libcpmt:wiostrea.obj
 0001:00025120       _$E37                      00426120 f   libcpmt:wiostrea.obj
 0001:0002512a       _$E44                      0042612a f   libcpmt:wiostrea.obj
 0001:00025134       _$E41                      00426134 f   libcpmt:wiostrea.obj
 0001:00025143       _$E43                      00426143 f   libcpmt:wiostrea.obj
 0001:0002514f       _$E42                      0042614f f   libcpmt:wiostrea.obj
 0001:0002516e       _$E49                      0042616e f   libcpmt:wiostrea.obj
 0001:00025178       _$E46                      00426178 f   libcpmt:wiostrea.obj
 0001:00025187       _$E48                      00426187 f   libcpmt:wiostrea.obj
 0001:00025193       _$E47                      00426193 f   libcpmt:wiostrea.obj
 0001:000251b2       _$E54                      004261b2 f   libcpmt:wiostrea.obj
 0001:000251bc       _$E51                      004261bc f   libcpmt:wiostrea.obj
 0001:000251cb       _$E53                      004261cb f   libcpmt:wiostrea.obj
 0001:000251d7       _$E52                      004261d7 f   libcpmt:wiostrea.obj
 0001:000251e1       _$E59                      004261e1 f   libcpmt:wiostrea.obj
 0001:000251eb       _$E56                      004261eb f   libcpmt:wiostrea.obj
 0001:000251fa       _$E58                      004261fa f   libcpmt:wiostrea.obj
 0001:00025206       _$E57                      00426206 f   libcpmt:wiostrea.obj
 0001:00025ed4       _$E70                      00426ed4 f   libcpmt:wiostrea.obj
 0001:00025efe       _$E66                      00426efe f   libcpmt:wiostrea.obj
 0001:00025f0a       _$E69                      00426f0a f   libcpmt:wiostrea.obj
 0001:00024b11       _$E18                      00425b11 f   libcpmt:iostream.obj
 0001:00024b1b       _$E15                      00425b1b f   libcpmt:iostream.obj
 0001:00024b28       _$E17                      00425b28 f   libcpmt:iostream.obj
 0001:00024b34       _$E16                      00425b34 f   libcpmt:iostream.obj
 0001:00024b3e       _$E23                      00425b3e f   libcpmt:iostream.obj
 0001:00024b48       _$E20                      00425b48 f   libcpmt:iostream.obj
 0001:00024b55       _$E22                      00425b55 f   libcpmt:iostream.obj
 0001:00024b61       _$E21                      00425b61 f   libcpmt:iostream.obj
 0001:00024b6b       _$E28                      00425b6b f   libcpmt:iostream.obj
 0001:00024b75       _$E25                      00425b75 f   libcpmt:iostream.obj
 0001:00024b84       _$E27                      00425b84 f   libcpmt:iostream.obj
 0001:00024b90       _$E26                      00425b90 f   libcpmt:iostream.obj
 0001:00024b9a       _$E33                      00425b9a f   libcpmt:iostream.obj
 0001:00024ba4       _$E30                      00425ba4 f   libcpmt:iostream.obj
 0001:00024bb3       _$E32                      00425bb3 f   libcpmt:iostream.obj
 0001:00024bbf       _$E31                      00425bbf f   libcpmt:iostream.obj
 0001:00024bc9       _$E38                      00425bc9 f   libcpmt:iostream.obj
 0001:00024bd3       _$E35                      00425bd3 f   libcpmt:iostream.obj
 0001:00024be0       _$E37                      00425be0 f   libcpmt:iostream.obj
 0001:00024bec       _$E36                      00425bec f   libcpmt:iostream.obj
 0001:00024bf6       _$E43                      00425bf6 f   libcpmt:iostream.obj
 0001:00024c00       _$E40                      00425c00 f   libcpmt:iostream.obj
 0001:00024c0f       _$E42                      00425c0f f   libcpmt:iostream.obj
 0001:00024c1b       _$E41                      00425c1b f   libcpmt:iostream.obj
 0001:00024c25       _$E48                      00425c25 f   libcpmt:iostream.obj
 0001:00024c2f       _$E45                      00425c2f f   libcpmt:iostream.obj
 0001:00024c3e       _$E47                      00425c3e f   libcpmt:iostream.obj
 0001:00024c4a       _$E46                      00425c4a f   libcpmt:iostream.obj
 0001:0002500d       _$E60                      0042600d f   libcpmt:iostream.obj
 0001:00025037       _$E56                      00426037 f   libcpmt:iostream.obj
 0001:00025043       _$E59                      00426043 f   libcpmt:iostream.obj
 0001:00024acf       _$E32                      00425acf f   libcpmt:locale.obj
 0001:00024af9       _$E28                      00425af9 f   libcpmt:locale.obj
 0001:00024b05       _$E31                      00425b05 f   libcpmt:locale.obj
 0001:000220ad       _$E18                      004230ad f   libcpmt:locale0.obj
 0001:000220b7       _$E15                      004230b7 f   libcpmt:locale0.obj
 0001:000220b8       _$E17                      004230b8 f   libcpmt:locale0.obj
 0001:000220c4       _$E16                      004230c4 f   libcpmt:locale0.obj
 0001:000224f6       _$E29                      004234f6 f   libcpmt:locale0.obj
 0001:00022520       _$E25                      00423520 f   libcpmt:locale0.obj
 0001:0002252c       _$E28                      0042352c f   libcpmt:locale0.obj
 0001:0002206b       _$E24                      0042306b f   libcpmt:strstrea.obj
 0001:00022095       _$E20                      00423095 f   libcpmt:strstrea.obj
 0001:000220a1       _$E23                      004230a1 f   libcpmt:strstrea.obj
 0001:00021196       ?_CleanUp@std@@YAXXZ       00422196 f   libcpmt:xlock.obj
 0001:000210d5       _$E24                      004220d5 f   libcpmt:string.obj
 0001:000210ff       _$E20                      004220ff f   libcpmt:string.obj
 0001:0002110b       _$E23                      0042210b f   libcpmt:string.obj
 0001:0003dfae       _findenv                   0043efae f   LIBCMT:setenv.obj
 0001:0003e006       _copy_environ              0043f006 f   LIBCMT:setenv.obj
 0001:0003d00e       _ctrlevent_capture@4       0043e00e f   LIBCMT:winsig.obj
 0001:0003d1f2       _siglookup                 0043e1f2 f   LIBCMT:winsig.obj
 0001:0003c661       _xtoa                      0043d661 f   LIBCMT:xtoa.obj
 0001:0003c733       _x64toa@20                 0043d733 f   LIBCMT:xtoa.obj
 0001:0003bd23       _getSystemCP               0043cd23 f   LIBCMT:mbctype.obj
 0001:0003bd6d       _CPtoLCID                  0043cd6d f   LIBCMT:mbctype.obj
 0001:0003bda0       _setSBCS                   0043cda0 f   LIBCMT:mbctype.obj
 0001:0003bdc9       _setSBUpLow                0043cdc9 f   LIBCMT:mbctype.obj
 0001:0003bb45       _x_ismbbtype               0043cb45 f   LIBCMT:ismbbyte.obj
 0001:0003b1b0       __abstract_cw              0043c1b0 f   LIBCMT:ieee87.obj
 0001:0003b242       __hw_cw                    0043c242 f   LIBCMT:ieee87.obj
 0001:0003b2cb       __abstract_sw              0043c2cb f   LIBCMT:ieee87.obj
 0001:0003a0ee       __tzset_lk                 0043b0ee f   LIBCMT:tzset.obj
 0001:0003a396       __isindst_lk               0043b396 f   LIBCMT:tzset.obj
 0001:0003a542       _cvtdate                   0043b542 f   LIBCMT:tzset.obj
 0001:00039437       _TranslateName             0043a437 f   LIBCMT:getqloc.obj
 0001:0003948f       _GetLcidFromLangCountry    0043a48f f   LIBCMT:getqloc.obj
 0001:00039516       _LangCountryEnumProc@4     0043a516 f   LIBCMT:getqloc.obj
 0001:0003971a       _GetLcidFromLanguage       0043a71a f   LIBCMT:getqloc.obj
 0001:00039770       _LanguageEnumProc@4        0043a770 f   LIBCMT:getqloc.obj
 0001:0003982d       _GetLcidFromCountry        0043a82d f   LIBCMT:getqloc.obj
 0001:00039864       _CountryEnumProc@4         0043a864 f   LIBCMT:getqloc.obj
 0001:000398ea       _GetLcidFromDefault        0043a8ea f   LIBCMT:getqloc.obj
 0001:00039904       _ProcessCodePage           0043a904 f   LIBCMT:getqloc.obj
 0001:0003996a       _TestDefaultCountry        0043a96a f   LIBCMT:getqloc.obj
 0001:00039989       _TestDefaultLanguage       0043a989 f   LIBCMT:getqloc.obj
 0001:000399eb       _IsThisWindowsNT           0043a9eb f   LIBCMT:getqloc.obj
 0001:00039a21       _crtGetLocaleInfoA@16      0043aa21 f   LIBCMT:getqloc.obj
 0001:00039b07       _LcidFromHexString         0043ab07 f   LIBCMT:getqloc.obj
 0001:00039b40       _GetPrimaryLen             0043ab40 f   LIBCMT:getqloc.obj
 0001:00038e42       __get_lc_lconv             00439e42 f   LIBCMT:initmon.obj
 0001:00038f64       _fix_grouping              00439f64 f   LIBCMT:initmon.obj
 0001:00038f9b       __free_lc_lconv            00439f9b f   LIBCMT:initmon.obj
 0001:00038d40       _fix_grouping              00439d40 f   LIBCMT:initnum.obj
 0001:0003868d       __get_lc_time              0043968d f   LIBCMT:inittime.obj
 0001:000389db       __free_lc_time             004399db f   LIBCMT:inittime.obj
 0001:000366c6       _parse_cmdline             004376c6 f   LIBCMT:stdargv.obj
 0001:000364e2       _xcptlookup                004374e2 f   LIBCMT:winxfltr.obj
 0001:000360a8       __cftoe2                   004370a8 f   LIBCMT:cvt.obj
 0001:000361bf       __cftof2                   004371bf f   LIBCMT:cvt.obj
 0001:0003634a       __shift                    0043734a f   LIBCMT:cvt.obj
 0001:00035744       _write_char                00436744 f   LIBCMT:output.obj
 0001:00035779       _write_multi_char          00436779 f   LIBCMT:output.obj
 0001:000357aa       _write_string              004367aa f   LIBCMT:output.obj
 0001:000357e2       _get_int_arg               004367e2 f   LIBCMT:output.obj
 0001:000357ef       _get_int64_arg             004367ef f   LIBCMT:output.obj
 0001:000357ff       _get_short_arg             004367ff f   LIBCMT:output.obj
 0001:00034647       ?FindHandler@@YAXPAUEHExceptionRecord@@PAUEHRegistrationNode@@PAU_CONTEXT@@PAXPBU_s_FuncInfo@@EH1@Z 00435647 f   LIBCMT:frame.obj
 0001:000347fa       ?FindHandlerForForeignException@@YAXPAUEHExceptionRecord@@PAUEHRegistrationNode@@PAU_CONTEXT@@PAXPBU_s_FuncInfo@@HH1@Z 004357fa f   LIBCMT:frame.obj
 0001:000348a4       ?TypeMatch@@YAHPBU_s_HandlerType@@PBU_s_CatchableType@@PBU_s_ThrowInfo@@@Z 004358a4 f   LIBCMT:frame.obj
 0001:0003499f       ?FrameUnwindFilter@@YAHPAU_EXCEPTION_POINTERS@@@Z 0043599f f   LIBCMT:frame.obj
 0001:000349b5       ?CatchIt@@YAXPAUEHExceptionRecord@@PAUEHRegistrationNode@@PAU_CONTEXT@@PAXPBU_s_FuncInfo@@PBU_s_HandlerType@@PBU_s_CatchableType@@PBU_s_TryBlockMapEntry@@H1E@Z 004359b5 f   LIBCMT:frame.obj
 0001:00034a30       ?CallCatchBlock@@YAPAXPAUEHExceptionRecord@@PAUEHRegistrationNode@@PAU_CONTEXT@@PBU_s_FuncInfo@@PAXHK@Z 00435a30 f   LIBCMT:frame.obj
 0001:00034b4b       ?ExFilterRethrow@@YAHPAU_EXCEPTION_POINTERS@@@Z 00435b4b f   LIBCMT:frame.obj
 0001:00034b75       ?BuildCatchObject@@YAXPAUEHExceptionRecord@@PAUEHRegistrationNode@@PBU_s_HandlerType@@PBU_s_CatchableType@@@Z 00435b75 f   LIBCMT:frame.obj
 0001:00034da0       ?AdjustPointer@@YAPAXPAXABUPMD@@@Z 00435da0 f   LIBCMT:frame.obj
 0001:0003423c       _doexit                    0043523c f   LIBCMT:crt0dat.obj
 0001:000342f3       __initterm                 004352f3 f   LIBCMT:crt0dat.obj
 0001:000341a4       _strncnt                   004351a4 f   LIBCMT:a_cmp.obj
 0001:00033ddd       _strncnt                   00434ddd f   LIBCMT:a_map.obj
 0001:000332dc       __expandtime               004342dc f   LIBCMT:strftime.obj
 0001:000336cb       __store_str                004346cb f   LIBCMT:strftime.obj
 0001:000336f2       __store_num                004346f2 f   LIBCMT:strftime.obj
 0001:00033761       __store_number             00434761 f   LIBCMT:strftime.obj
 0001:000337aa       __store_winword            004347aa f   LIBCMT:strftime.obj
 0001:000326a0       _strtoxl                   004336a0 f   LIBCMT:strtol.obj
 0001:00032092       __setlocale_set_cat        00433092 f   LIBCMT:setlocal.obj
 0001:000321ad       __setlocale_get_all        004331ad f   LIBCMT:setlocal.obj
 0001:00031ad0       LeadUp1                    00432ad0 f   LIBCMT:memcpy.obj
 0001:00031afc       LeadUp2                    00432afc f   LIBCMT:memcpy.obj
 0001:00031b20       LeadUp3                    00432b20 f   LIBCMT:memcpy.obj
 0001:00031b9f       UnwindUp0                  00432b9f f   LIBCMT:memcpy.obj
 0001:00031b8c       UnwindUp1                  00432b8c f   LIBCMT:memcpy.obj
 0001:00031b84       UnwindUp2                  00432b84 f   LIBCMT:memcpy.obj
 0001:00031b7c       UnwindUp3                  00432b7c f   LIBCMT:memcpy.obj
 0001:00031b74       UnwindUp4                  00432b74 f   LIBCMT:memcpy.obj
 0001:00031b6c       UnwindUp5                  00432b6c f   LIBCMT:memcpy.obj
 0001:00031b64       UnwindUp6                  00432b64 f   LIBCMT:memcpy.obj
 0001:00031b5c       UnwindUp7                  00432b5c f   LIBCMT:memcpy.obj
 0001:00031bb8       TrailUp0                   00432bb8 f   LIBCMT:memcpy.obj
 0001:00031bc0       TrailUp1                   00432bc0 f   LIBCMT:memcpy.obj
 0001:00031bcc       TrailUp2                   00432bcc f   LIBCMT:memcpy.obj
 0001:00031be0       TrailUp3                   00432be0 f   LIBCMT:memcpy.obj
 0001:00031c58       LeadDown1                  00432c58 f   LIBCMT:memcpy.obj
 0001:00031c78       LeadDown2                  00432c78 f   LIBCMT:memcpy.obj
 0001:00031ca0       LeadDown3                  00432ca0 f   LIBCMT:memcpy.obj
 0001:00031cf4       UnwindDown7                00432cf4 f   LIBCMT:memcpy.obj
 0001:00031cfc       UnwindDown6                00432cfc f   LIBCMT:memcpy.obj
 0001:00031d04       UnwindDown5                00432d04 f   LIBCMT:memcpy.obj
 0001:00031d0c       UnwindDown4                00432d0c f   LIBCMT:memcpy.obj
 0001:00031d14       UnwindDown3                00432d14 f   LIBCMT:memcpy.obj
 0001:00031d1c       UnwindDown2                00432d1c f   LIBCMT:memcpy.obj
 0001:00031d24       UnwindDown1                00432d24 f   LIBCMT:memcpy.obj
 0001:00031d37       UnwindDown0                00432d37 f   LIBCMT:memcpy.obj
 0001:00031d50       TrailDown0                 00432d50 f   LIBCMT:memcpy.obj
 0001:00031d58       TrailDown1                 00432d58 f   LIBCMT:memcpy.obj
 0001:00031d68       TrailDown2                 00432d68 f   LIBCMT:memcpy.obj
 0001:00031d7c       TrailDown3                 00432d7c f   LIBCMT:memcpy.obj
 0001:000318cb       _flsall                    004328cb f   LIBCMT:fflush.obj
 0001:00030fec       _fast_error_exit           00431fec f   LIBCMT:wincrt0.obj
 0001:0003079c       ?ArrayUnwindFilter@@YAHPAU_EXCEPTION_POINTERS@@@Z 0043179c f   LIBCMT:ehvecdtr.obj
 0001:000303f0       LeadUp1                    004313f0 f   LIBCMT:memmove.obj
 0001:0003041c       LeadUp2                    0043141c f   LIBCMT:memmove.obj
 0001:00030440       LeadUp3                    00431440 f   LIBCMT:memmove.obj
 0001:000304bf       UnwindUp0                  004314bf f   LIBCMT:memmove.obj
 0001:000304ac       UnwindUp1                  004314ac f   LIBCMT:memmove.obj
 0001:000304a4       UnwindUp2                  004314a4 f   LIBCMT:memmove.obj
 0001:0003049c       UnwindUp3                  0043149c f   LIBCMT:memmove.obj
 0001:00030494       UnwindUp4                  00431494 f   LIBCMT:memmove.obj
 0001:0003048c       UnwindUp5                  0043148c f   LIBCMT:memmove.obj
 0001:00030484       UnwindUp6                  00431484 f   LIBCMT:memmove.obj
 0001:0003047c       UnwindUp7                  0043147c f   LIBCMT:memmove.obj
 0001:000304d8       TrailUp0                   004314d8 f   LIBCMT:memmove.obj
 0001:000304e0       TrailUp1                   004314e0 f   LIBCMT:memmove.obj
 0001:000304ec       TrailUp2                   004314ec f   LIBCMT:memmove.obj
 0001:00030500       TrailUp3                   00431500 f   LIBCMT:memmove.obj
 0001:00030578       LeadDown1                  00431578 f   LIBCMT:memmove.obj
 0001:00030598       LeadDown2                  00431598 f   LIBCMT:memmove.obj
 0001:000305c0       LeadDown3                  004315c0 f   LIBCMT:memmove.obj
 0001:00030614       UnwindDown7                00431614 f   LIBCMT:memmove.obj
 0001:0003061c       UnwindDown6                0043161c f   LIBCMT:memmove.obj
 0001:00030624       UnwindDown5                00431624 f   LIBCMT:memmove.obj
 0001:0003062c       UnwindDown4                0043162c f   LIBCMT:memmove.obj
 0001:00030634       UnwindDown3                00431634 f   LIBCMT:memmove.obj
 0001:0003063c       UnwindDown2                0043163c f   LIBCMT:memmove.obj
 0001:00030644       UnwindDown1                00431644 f   LIBCMT:memmove.obj
 0001:00030657       UnwindDown0                00431657 f   LIBCMT:memmove.obj
 0001:00030670       TrailDown0                 00431670 f   LIBCMT:memmove.obj
 0001:00030678       TrailDown1                 00431678 f   LIBCMT:memmove.obj
 0001:00030688       TrailDown2                 00431688 f   LIBCMT:memmove.obj
 0001:0003069c       TrailDown3                 0043169c f   LIBCMT:memmove.obj
 0001:00030164       _gu_return                 00431164 f   LIBCMT:exsup.obj
 0001:0003016c       __unwind_handler           0043116c f   LIBCMT:exsup.obj
 0001:0002ff80       ?CatchGuardHandler@@YA?AW4_EXCEPTION_DISPOSITION@@PAUEHExceptionRecord@@PAUCatchGuardRN@@PAX2@Z 00430f80 f   LIBCMT:trnsctrl.obj
 0001:0003005b       ?TranslatorGuardHandler@@YA?AW4_EXCEPTION_DISPOSITION@@PAUEHExceptionRecord@@PAUTranslatorGuardRN@@PAX2@Z 0043105b f   LIBCMT:trnsctrl.obj
