 Bishop

 Timestamp is 6916c3da (Fri Nov 14 00:53:30 2025)

 Preferred load address is 00400000

 Start         Length     Name                   Class
 0001:00000000 0003e424H .text                   CODE
 0001:0003e430 0000364eH .text$x                 CODE
 0002:00000000 00000268H .idata$5                DATA
 0002:00000268 00001974H .rdata                  DATA
 0002:00001be0 0000122cH .rdata$r                DATA
 0002:00002e10 00005b10H .xdata$x                DATA
 0002:00008920 000000a0H .idata$2                DATA
 0002:000089c0 00000014H .idata$3                DATA
 0002:000089d4 00000268H .idata$4                DATA
 0002:00008c3c 00000a2eH .idata$6                DATA
 0002:0000966a 00000000H .edata                  DATA
 0003:00000000 00000004H .CRT$XCA                DATA
 0003:00000004 0000012cH .CRT$XCU                DATA
 0003:00000130 00000004H .CRT$XCZ                DATA
 0003:00000134 00000004H .CRT$XIA                DATA
 0003:00000138 0000000cH .CRT$XIC                DATA
 0003:00000144 00000004H .CRT$XIY                DATA
 0003:00000148 00000004H .CRT$XIZ                DATA
 0003:0000014c 00000004H .CRT$XPA                DATA
 0003:00000150 00000004H .CRT$XPX                DATA
 0003:00000154 00000004H .CRT$XPZ                DATA
 0003:00000158 00000004H .CRT$XTA                DATA
 0003:0000015c 00000004H .CRT$XTB                DATA
 0003:00000160 00000004H .CRT$XTZ                DATA
 0003:00000170 00004350H .data                   DATA
 0003:000044c0 00002310H .bss                    DATA
 0004:00000000 000002c8H .rsrc$01                DATA
 0004:000002d0 00006d90H .rsrc$02                DATA

  Address         Publics by Value              Rva+Base     Lib:Object

 0001:00000050       ??0CBishopApp@@QAE@XZ      00401050 f   Application.obj
 0001:00000070       ??_ECBishopApp@@UAEPAXI@Z  00401070 f i Application.obj
 0001:00000070       ??_GCBishopApp@@UAEPAXI@Z  00401070 f i Application.obj
 0001:00000090       ??0CBishopApp@@QAE@PAUHINSTANCE__@@@Z 00401090 f   Application.obj
 0001:000000c0       ??1CBishopApp@@UAE@XZ      004010c0 f   Application.obj
 0001:000000d0       ?Run@CBishopApp@@QAEHXZ    004010d0 f   Application.obj
 0001:00000170       ?LoginSystem@CBishopApp@@IAE_NXZ 00401170 f   Application.obj
 0001:000001a0       ?LoginDlgProc@CBishopApp@@KGHPAUHWND__@@IIJ@Z 004011a0 f   Application.obj
 0001:000003b0       ?EnterToAffirm@CBishopApp@@KAXPAUHWND__@@@Z 004013b0 f   Application.obj
 0001:00000420       ?LeaveToAffirm@CBishopApp@@KAXPAUHWND__@@@Z 00401420 f   Application.obj
 0001:00000480       ?CheckUserInfo@CBishopApp@@KA_NPAUHWND__@@@Z 00401480 f   Application.obj
 0001:00000580       ?ServerLoginRoutine@CBishopApp@@KGKPAUHWND__@@@Z 00401580 f   Application.obj
 0001:00000620       ?RegisterMainWndClass@CBishopApp@@IAEHXZ 00401620 f   Application.obj
 0001:000006d0       ?MainDialog@CBishopApp@@IAEIXZ 004016d0 f   Application.obj
 0001:00000780       ?MainWndProc@CBishopApp@@KGHPAUHWND__@@IIJ@Z 00401780 f   Application.obj
 0001:00000cb0       ?AddGameServerInfo@CBishopApp@@CAXPAUHWND__@@IPBD@Z 00401cb0 f   Application.obj
 0001:00000d10       ?DelGameServerInfo@CBishopApp@@CAXPAUHWND__@@I@Z 00401d10 f   Application.obj
 0001:00000d90       ?InitMainDlg@CBishopApp@@KAXPAUHWND__@@@Z 00401d90 f   Application.obj
 0001:00000e50       ?CloseMainDlg@CBishopApp@@KAXPAUHWND__@@@Z 00401e50 f   Application.obj
 0001:00000e70       ?UpdateVariable@CBishopApp@@KAXPAUHWND__@@@Z 00401e70 f   Application.obj
 0001:00000f50       ?EnableGameSvrCtrl@CBishopApp@@KAXPAUHWND__@@H@Z 00401f50 f   Application.obj
 0001:00000fd0       ?EnableCtrl@CBishopApp@@KAXPAUHWND__@@IH@Z 00401fd0 f   Application.obj
 0001:00001000       ?SendAnnounceText@CBishopApp@@KAXPAUHWND__@@PBDIIH@Z 00402000 f   Application.obj
 0001:000010d0       ?_Grow@?$basic_string@DU?$char_traits@D@std@@V?$allocator@D@2@@std@@AAE_NI_N@Z 004020d0 f i Application.obj
 0001:000011f0       ?_Copy@?$basic_string@DU?$char_traits@D@std@@V?$allocator@D@2@@std@@AAEXI@Z 004021f0 f i Application.obj
 0001:00001330       ?id@?$ctype@G@std@@$E      00402330 f i Application.obj
 0001:00001340       _WinMain@16                00402340 f   Bishop.obj
 0001:000013a0       ??0CEvent@Win32@OnlineGameLib@@QAE@PAU_SECURITY_ATTRIBUTES@@_N1@Z 004023a0 f   Event.obj
 0001:000014b0       ??1CWin32Exception@Win32@OnlineGameLib@@UAE@XZ 004024b0 f i Event.obj
 0001:00001530       ??_ECException@Win32@OnlineGameLib@@UAEPAXI@Z 00402530 f i Event.obj
 0001:00001530       ??_GCException@Win32@OnlineGameLib@@UAEPAXI@Z 00402530 f i Event.obj
 0001:00001550       ??1CException@Win32@OnlineGameLib@@UAE@XZ 00402550 f i Event.obj
 0001:000015d0       ??0CWin32Exception@Win32@OnlineGameLib@@QAE@ABV012@@Z 004025d0 f i Event.obj
 0001:00001710       ??0CException@Win32@OnlineGameLib@@QAE@ABV012@@Z 00402710 f i Event.obj
 0001:00001850       ??_ECWin32Exception@Win32@OnlineGameLib@@UAEPAXI@Z 00402850 f i Event.obj
 0001:00001850       ??_GCWin32Exception@Win32@OnlineGameLib@@UAEPAXI@Z 00402850 f i Event.obj
 0001:00001870       ??_GCEvent@Win32@OnlineGameLib@@UAEPAXI@Z 00402870 f i Event.obj
 0001:00001870       ??_ECEvent@Win32@OnlineGameLib@@UAEPAXI@Z 00402870 f i Event.obj
 0001:00001890       ??0CEvent@Win32@OnlineGameLib@@QAE@PAU_SECURITY_ATTRIBUTES@@_N1PBD@Z 00402890 f   Event.obj
 0001:000018c0       ??1CEvent@Win32@OnlineGameLib@@UAE@XZ 004028c0 f   Event.obj
 0001:000018e0       ?Wait@CEvent@Win32@OnlineGameLib@@QBEXXZ 004028e0 f   Event.obj
 0001:000019e0       ?Wait@CEvent@Win32@OnlineGameLib@@QBE_NK@Z 004029e0 f   Event.obj
 0001:00001ad0       ?Reset@CEvent@Win32@OnlineGameLib@@QAEXXZ 00402ad0 f   Event.obj
 0001:00001ba0       ?Set@CEvent@Win32@OnlineGameLib@@QAEXXZ 00402ba0 f   Event.obj
 0001:00001c70       ?Pulse@CEvent@Win32@OnlineGameLib@@QAEXXZ 00402c70 f   Event.obj
 0001:00001d40       ??1?$basic_string@DU?$char_traits@D@std@@V?$allocator@D@2@@std@@QAE@XZ 00402d40 f i Event.obj
 0001:00001d80       ?assign@?$basic_string@DU?$char_traits@D@std@@V?$allocator@D@2@@std@@QAEAAV12@ABV12@II@Z 00402d80 f i Event.obj
 0001:00001f80       ?_Tidy@?$basic_string@DU?$char_traits@D@std@@V?$allocator@D@2@@std@@AAEX_N@Z 00402f80 f i Event.obj
 0001:00001fd0       ?assign@?$basic_string@DU?$char_traits@D@std@@V?$allocator@D@2@@std@@QAEAAV12@PBDI@Z 00402fd0 f i Event.obj
 0001:00002070       ?erase@?$basic_string@DU?$char_traits@D@std@@V?$allocator@D@2@@std@@QAEAAV12@II@Z 00403070 f i Event.obj
 0001:00002190       ?_Eos@?$basic_string@DU?$char_traits@D@std@@V?$allocator@D@2@@std@@AAEXI@Z 00403190 f i Event.obj
 0001:000021b0       ?max_size@?$basic_string@DU?$char_traits@D@std@@V?$allocator@D@2@@std@@QBEIXZ 004031b0 f i Event.obj
 0001:000021c0       ?_Split@?$basic_string@DU?$char_traits@D@std@@V?$allocator@D@2@@std@@AAEXXZ 004031c0 f i Event.obj
 0001:00002350       ??1?$set@V?$basic_string@DU?$char_traits@D@std@@V?$allocator@D@2@@std@@U?$less@V?$basic_string@DU?$char_traits@D@std@@V?$allocator@D@2@@std@@@2@V?$allocator@V?$basic_string@DU?$char_traits@D@std@@V?$allocator@D@2@@std@@@2@@std@@QAE@XZ 00403350 f i GamePlayer.obj
 0001:000024d0       ??1?$map@V?$basic_string@DU?$char_traits@D@std@@V?$allocator@D@2@@std@@PAVIPlayer@@U?$less@V?$basic_string@DU?$char_traits@D@std@@V?$allocator@D@2@@std@@@2@V?$allocator@PAVIPlayer@@@2@@std@@QAE@XZ 004034d0 f i GamePlayer.obj
 0001:00002660       ?SetupGlobalAllocator@CGamePlayer@@SA_NII@Z 00403660 f   GamePlayer.obj
 0001:00002680       ??0CTask@CGamePlayer@@IAE@XZ 00403680 f   GamePlayer.obj
 0001:000026a0       ??1CTask@CGamePlayer@@QAE@XZ 004036a0 f   GamePlayer.obj
 0001:00002760       ??0CTask@CGamePlayer@@QAE@PAV1@I@Z 00403760 f   GamePlayer.obj
 0001:00002790       ?AddCmd@CTask@CGamePlayer@@QAEIP82@AEIXZ@Z 00403790 f   GamePlayer.obj
 0001:000027f0       ?Execute@CTask@CGamePlayer@@QAEIXZ 004037f0 f   GamePlayer.obj
 0001:00002870       ??0CDataQueue@CGamePlayer@@QAE@II@Z 00403870 f   GamePlayer.obj
 0001:00002960       ??1?$map@JPAVCBuffer@Win32@OnlineGameLib@@U?$less@J@std@@V?$allocator@PAVCBuffer@Win32@OnlineGameLib@@@5@@std@@QAE@XZ 00403960 f i GamePlayer.obj
 0001:000029d0       ??1CDataQueue@CGamePlayer@@QAE@XZ 004039d0 f   GamePlayer.obj
 0001:00002a90       ??1CCriticalSection@Win32@OnlineGameLib@@QAE@XZ 00403a90 f i GamePlayer.obj
 0001:00002aa0       ?Empty@CDataQueue@CGamePlayer@@QAEXXZ 00403aa0 f   GamePlayer.obj
 0001:00002b50       ??1Owner@CCriticalSection@Win32@OnlineGameLib@@QAE@XZ 00403b50 f i GamePlayer.obj
 0001:00002b60       ?AddData@CDataQueue@CGamePlayer@@QAE_NJPBEI@Z 00403b60 f   GamePlayer.obj
 0001:00002cb0       ?Attach@CDataQueue@CGamePlayer@@QAEPAVCBuffer@Win32@OnlineGameLib@@J@Z 00403cb0 f   GamePlayer.obj
 0001:00002d70       ?Detach@CDataQueue@CGamePlayer@@QAEXJ@Z 00403d70 f   GamePlayer.obj
 0001:00002d80       ?Clear@CDataQueue@CGamePlayer@@QAEXJ@Z 00403d80 f   GamePlayer.obj
 0001:00002e40       ??0CGamePlayer@@QAE@I@Z    00403e40 f   GamePlayer.obj
 0001:00003020       ??1IPlayer@@UAE@XZ         00404020 f i GamePlayer.obj
 0001:00003030       ??_GIPlayer@@UAEPAXI@Z     00404030 f i GamePlayer.obj
 0001:00003030       ??_EIPlayer@@UAEPAXI@Z     00404030 f i GamePlayer.obj
 0001:00003050       ?IsActive@CGamePlayer@@UAE_NXZ 00404050 f i GamePlayer.obj
 0001:00003060       ??_ECGamePlayer@@UAEPAXI@Z 00404060 f i GamePlayer.obj
 0001:00003060       ??_GCGamePlayer@@UAEPAXI@Z 00404060 f i GamePlayer.obj
 0001:00003080       ??_FCDataQueue@CGamePlayer@@QAEXXZ 00404080 f i GamePlayer.obj
 0001:00003090       ??1CGamePlayer@@UAE@XZ     00404090 f   GamePlayer.obj
 0001:000032a0       ?Active@CGamePlayer@@UAE_NXZ 004042a0 f   GamePlayer.obj
 0001:000032f0       ?Inactive@CGamePlayer@@UAE_NXZ 004042f0 f   GamePlayer.obj
 0001:00003cf0       ?SafeClose@CGamePlayer@@IAEIXZ 00404cf0 f   GamePlayer.obj
 0001:00003d00       ?_UnlockAccount@CGamePlayer@@IAE_NXZ 00404d00 f   GamePlayer.obj
 0001:00003e00       ?ATTACH_NETWORK@CGamePlayer@@SAXPAUIClient@@PAUIServer@@0@Z 00404e00 f   GamePlayer.obj
 0001:00003e20       ?DETACH_NETWORK@CGamePlayer@@SAXXZ 00404e20 f   GamePlayer.obj
 0001:00003ea0       ?DispatchTask@CGamePlayer@@UAE_NI@Z 00404ea0 f   GamePlayer.obj
 0001:00003ed0       ?IsWorking@CGamePlayer@@UAE_NXZ 00404ed0 f   GamePlayer.obj
 0001:00003ef0       ?Run@CGamePlayer@@UAE_NXZ  00404ef0 f   GamePlayer.obj
 0001:00004210       ?AppendData@CGamePlayer@@UAE_NIPBXI@Z 00405210 f   GamePlayer.obj
 0001:00004270       ?SmallPackProcess@CGamePlayer@@IAE_NIPBXI@Z 00405270 f   GamePlayer.obj
 0001:000042c0       ?LargePackProcess@CGamePlayer@@IAE_NIPBXI@Z 004052c0 f   GamePlayer.obj
 0001:00004360       ?DispatchTaskForAccount@CGamePlayer@@IAE_NPBXI@Z 00405360 f   GamePlayer.obj
 0001:000043a0       ?DispatchTaskForDBRole@CGamePlayer@@IAE_NPBXI@Z 004053a0 f   GamePlayer.obj
 0001:000043e0       ?DispatchTaskForPlayer@CGamePlayer@@IAE_NPBXI@Z 004053e0 f   GamePlayer.obj
 0001:00004420       ?_ClearTaskQueue@CGamePlayer@@IAEXXZ 00405420 f   GamePlayer.obj
 0001:00004450       ?InitTaskProcessor@CGamePlayer@@AAEXXZ 00405450 f   GamePlayer.obj
 0001:00004520       ?TaskCompleted@CGamePlayer@@IAE_NXZ 00405520 f   GamePlayer.obj
 0001:00004640       ?WaitForAccPwd@CGamePlayer@@IAEIXZ 00405640 f   GamePlayer.obj
 0001:00004e20       ?QueryAccPwd@CGamePlayer@@IAEIXZ 00405e20 f   GamePlayer.obj
 0001:00005060       ?VerifyAccount@CGamePlayer@@IAEIXZ 00406060 f   GamePlayer.obj
 0001:00005590       ?_VerifyAccount_ToPlayer@CGamePlayer@@IAE_NIK@Z 00406590 f   GamePlayer.obj
 0001:00005730       ?QueryRoleList@CGamePlayer@@IAEIXZ 00406730 f   GamePlayer.obj
 0001:00005850       ?ProcessRoleList@CGamePlayer@@IAEIXZ 00406850 f   GamePlayer.obj
 0001:00005990       ?SelAddDelRole@CGamePlayer@@IAEIXZ 00406990 f   GamePlayer.obj
 0001:00005c00       ?DelRole_WaitForVerify@CGamePlayer@@IAEIXZ 00406c00 f   GamePlayer.obj
 0001:00005db0       ?WaitForCreateResult@CGamePlayer@@IAEIXZ 00406db0 f   GamePlayer.obj
 0001:00005eb0       ?WaitForDeleteResult@CGamePlayer@@IAEIXZ 00406eb0 f   GamePlayer.obj
 0001:00005fb0       ?_QueryRoleInfo_ToDBRole@CGamePlayer@@IAE_NPBD_N@Z 00406fb0 f   GamePlayer.obj
 0001:000060a0       ?_CreateNewPlayer_ToDBRole@CGamePlayer@@IAE_NPBDHHG@Z 004070a0 f   GamePlayer.obj
 0001:000062b0       ?_DeleteRole_ToDBRole@CGamePlayer@@IAEIPBXI@Z 004072b0 f   GamePlayer.obj
 0001:000064d0       ?QueryAccExt@CGamePlayer@@IAEIXZ 004074d0 f   GamePlayer.obj
 0001:000065d0       ?VerifyAccExt@CGamePlayer@@IAEIXZ 004075d0 f   GamePlayer.obj
 0001:000066a0       ?ProcessRoleInfo@CGamePlayer@@IAEIXZ 004076a0 f   GamePlayer.obj
 0001:00006810       ?_SyncRoleInfo_ToGameServer@CGamePlayer@@IAE_NPBXI@Z 00407810 f   GamePlayer.obj
 0001:00006d40       ?WaitForGameSvrPermit@CGamePlayer@@IAEIXZ 00407d40 f   GamePlayer.obj
 0001:00006f60       ?Attach@CGamePlayer@@UAE_NPBD@Z 00407f60 f   GamePlayer.obj
 0001:00007030       ?Add@CGamePlayer@@SA_NPBDPAVIPlayer@@@Z 00408030 f   GamePlayer.obj
 0001:000071d0       ??1?$pair@$$CBV?$basic_string@DU?$char_traits@D@std@@V?$allocator@D@2@@std@@PAVIPlayer@@@std@@QAE@XZ 004081d0 f i GamePlayer.obj
 0001:00007210       ?Del@CGamePlayer@@SA_NPBD@Z 00408210 f   GamePlayer.obj
 0001:00007350       ?Get@CGamePlayer@@SAPAVIPlayer@@PBD@Z 00408350 f   GamePlayer.obj
 0001:000074c0       ??0?$set@V?$basic_string@DU?$char_traits@D@std@@V?$allocator@D@2@@std@@U?$less@V?$basic_string@DU?$char_traits@D@std@@V?$allocator@D@2@@std@@@2@V?$allocator@V?$basic_string@DU?$char_traits@D@std@@V?$allocator@D@2@@std@@@2@@std@@QAE@ABU?$less@V?$basic_string@DU?$char_traits@D@std@@V?$allocator@D@2@@std@@@1@ABV?$allocator@V?$basic_string@DU?$char_traits@D@std@@V?$allocator@D@2@@std@@@1@@Z 004084c0 f i GamePlayer.obj
 0001:00007590       ??1?$vector@PAVICommand@@V?$allocator@PAVICommand@@@std@@@std@@QAE@XZ 00408590 f i GamePlayer.obj
 0001:000075c0       ??0?$map@V?$basic_string@DU?$char_traits@D@std@@V?$allocator@D@2@@std@@PAVIPlayer@@U?$less@V?$basic_string@DU?$char_traits@D@std@@V?$allocator@D@2@@std@@@2@V?$allocator@PAVIPlayer@@@2@@std@@QAE@ABU?$less@V?$basic_string@DU?$char_traits@D@std@@V?$allocator@D@2@@std@@@1@ABV?$allocator@PAVIPlayer@@@1@@Z 004085c0 f i GamePlayer.obj
 0001:00007690       ?insert@?$_Tree@V?$basic_string@DU?$char_traits@D@std@@V?$allocator@D@2@@std@@V12@U_Kfn@?$set@V?$basic_string@DU?$char_traits@D@std@@V?$allocator@D@2@@std@@U?$less@V?$basic_string@DU?$char_traits@D@std@@V?$allocator@D@2@@std@@@2@V?$allocator@V?$basic_string@DU?$char_traits@D@std@@V?$allocator@D@2@@std@@@2@@2@U?$less@V?$basic_string@DU?$char_traits@D@std@@V?$allocator@D@2@@std@@@2@V?$allocator@V?$basic_string@DU?$char_traits@D@std@@V?$allocator@D@2@@std@@@2@@std@@QAE?AU?$pair@Viterator@?$_Tree@V?$basic_string@DU?$char_traits@D@std@@V?$allocator@D@2@@std@@V12@U_Kfn@?$set@V?$basic_string@DU?$char_traits@D@std@@V?$allocator@D@2@@std@@U?$less@V?$basic_string@DU?$char_traits@D@std@@V?$allocator@D@2@@std@@@2@V?$allocator@V?$basic_string@DU?$char_traits@D@std@@V?$allocator@D@2@@std@@@2@@2@U?$less@V?$basic_string@DU?$char_traits@D@std@@V?$allocator@D@2@@std@@@2@V?$allocator@V?$basic_string@DU?$char_traits@D@std@@V?$allocator@D@2@@std@@@2@@std@@_N@2@ABV?$basic_string@DU?$char_traits@D@std@@V?$allocator@D@2@@2@@Z 00408690 f i GamePlayer.obj
 0001:00007800       ?compare@?$basic_string@DU?$char_traits@D@std@@V?$allocator@D@2@@std@@QBEHIIPBDI@Z 00408800 f i GamePlayer.obj
 0001:00007870       ?erase@?$_Tree@V?$basic_string@DU?$char_traits@D@std@@V?$allocator@D@2@@std@@V12@U_Kfn@?$set@V?$basic_string@DU?$char_traits@D@std@@V?$allocator@D@2@@std@@U?$less@V?$basic_string@DU?$char_traits@D@std@@V?$allocator@D@2@@std@@@2@V?$allocator@V?$basic_string@DU?$char_traits@D@std@@V?$allocator@D@2@@std@@@2@@2@U?$less@V?$basic_string@DU?$char_traits@D@std@@V?$allocator@D@2@@std@@@2@V?$allocator@V?$basic_string@DU?$char_traits@D@std@@V?$allocator@D@2@@std@@@2@@std@@QAE?AViterator@12@V312@@Z 00408870 f i GamePlayer.obj
 0001:00007da0       ?erase@?$_Tree@V?$basic_string@DU?$char_traits@D@std@@V?$allocator@D@2@@std@@V12@U_Kfn@?$set@V?$basic_string@DU?$char_traits@D@std@@V?$allocator@D@2@@std@@U?$less@V?$basic_string@DU?$char_traits@D@std@@V?$allocator@D@2@@std@@@2@V?$allocator@V?$basic_string@DU?$char_traits@D@std@@V?$allocator@D@2@@std@@@2@@2@U?$less@V?$basic_string@DU?$char_traits@D@std@@V?$allocator@D@2@@std@@@2@V?$allocator@V?$basic_string@DU?$char_traits@D@std@@V?$allocator@D@2@@std@@@2@@std@@QAE?AViterator@12@V312@0@Z 00408da0 f i GamePlayer.obj
 0001:00007ee0       ?erase@?$_Tree@V?$basic_string@DU?$char_traits@D@std@@V?$allocator@D@2@@std@@V12@U_Kfn@?$set@V?$basic_string@DU?$char_traits@D@std@@V?$allocator@D@2@@std@@U?$less@V?$basic_string@DU?$char_traits@D@std@@V?$allocator@D@2@@std@@@2@V?$allocator@V?$basic_string@DU?$char_traits@D@std@@V?$allocator@D@2@@std@@@2@@2@U?$less@V?$basic_string@DU?$char_traits@D@std@@V?$allocator@D@2@@std@@@2@V?$allocator@V?$basic_string@DU?$char_traits@D@std@@V?$allocator@D@2@@std@@@2@@std@@QAEIABV?$basic_string@DU?$char_traits@D@std@@V?$allocator@D@2@@2@@Z 00408ee0 f i GamePlayer.obj
 0001:00007f30       ?find@?$_Tree@V?$basic_string@DU?$char_traits@D@std@@V?$allocator@D@2@@std@@V12@U_Kfn@?$set@V?$basic_string@DU?$char_traits@D@std@@V?$allocator@D@2@@std@@U?$less@V?$basic_string@DU?$char_traits@D@std@@V?$allocator@D@2@@std@@@2@V?$allocator@V?$basic_string@DU?$char_traits@D@std@@V?$allocator@D@2@@std@@@2@@2@U?$less@V?$basic_string@DU?$char_traits@D@std@@V?$allocator@D@2@@std@@@2@V?$allocator@V?$basic_string@DU?$char_traits@D@std@@V?$allocator@D@2@@std@@@2@@std@@QAE?AViterator@12@ABV?$basic_string@DU?$char_traits@D@std@@V?$allocator@D@2@@2@@Z 00408f30 f i GamePlayer.obj
 0001:00007fc0       ?insert@?$_Tree@V?$basic_string@DU?$char_traits@D@std@@V?$allocator@D@2@@std@@U?$pair@$$CBV?$basic_string@DU?$char_traits@D@std@@V?$allocator@D@2@@std@@PAVIPlayer@@@2@U_Kfn@?$map@V?$basic_string@DU?$char_traits@D@std@@V?$allocator@D@2@@std@@PAVIPlayer@@U?$less@V?$basic_string@DU?$char_traits@D@std@@V?$allocator@D@2@@std@@@2@V?$allocator@PAVIPlayer@@@2@@2@U?$less@V?$basic_string@DU?$char_traits@D@std@@V?$allocator@D@2@@std@@@2@V?$allocator@PAVIPlayer@@@2@@std@@QAE?AU?$pair@Viterator@?$_Tree@V?$basic_string@DU?$char_traits@D@std@@V?$allocator@D@2@@std@@U?$pair@$$CBV?$basic_string@DU?$char_traits@D@std@@V?$allocator@D@2@@std@@PAVIPlayer@@@2@U_Kfn@?$map@V?$basic_string@DU?$char_traits@D@std@@V?$allocator@D@2@@std@@PAVIPlayer@@U?$less@V?$basic_string@DU?$char_traits@D@std@@V?$allocator@D@2@@std@@@2@V?$allocator@PAVIPlayer@@@2@@2@U?$less@V?$basic_string@DU?$char_traits@D@std@@V?$allocator@D@2@@std@@@2@V?$allocator@PAVIPlayer@@@2@@std@@_N@2@ABU?$pair@$$CBV?$basic_string@DU?$char_traits@D@std@@V?$allocator@D@2@@std@@PAVIPlayer@@@2@@Z 00408fc0 f i GamePlayer.obj
 0001:00008130       ?erase@?$_Tree@V?$basic_string@DU?$char_traits@D@std@@V?$allocator@D@2@@std@@U?$pair@$$CBV?$basic_string@DU?$char_traits@D@std@@V?$allocator@D@2@@std@@PAVIPlayer@@@2@U_Kfn@?$map@V?$basic_string@DU?$char_traits@D@std@@V?$allocator@D@2@@std@@PAVIPlayer@@U?$less@V?$basic_string@DU?$char_traits@D@std@@V?$allocator@D@2@@std@@@2@V?$allocator@PAVIPlayer@@@2@@2@U?$less@V?$basic_string@DU?$char_traits@D@std@@V?$allocator@D@2@@std@@@2@V?$allocator@PAVIPlayer@@@2@@std@@QAE?AViterator@12@V312@@Z 00409130 f i GamePlayer.obj
 0001:00008660       ?erase@?$_Tree@V?$basic_string@DU?$char_traits@D@std@@V?$allocator@D@2@@std@@U?$pair@$$CBV?$basic_string@DU?$char_traits@D@std@@V?$allocator@D@2@@std@@PAVIPlayer@@@2@U_Kfn@?$map@V?$basic_string@DU?$char_traits@D@std@@V?$allocator@D@2@@std@@PAVIPlayer@@U?$less@V?$basic_string@DU?$char_traits@D@std@@V?$allocator@D@2@@std@@@2@V?$allocator@PAVIPlayer@@@2@@2@U?$less@V?$basic_string@DU?$char_traits@D@std@@V?$allocator@D@2@@std@@@2@V?$allocator@PAVIPlayer@@@2@@std@@QAE?AViterator@12@V312@0@Z 00409660 f i GamePlayer.obj
 0001:000087a0       ?find@?$_Tree@V?$basic_string@DU?$char_traits@D@std@@V?$allocator@D@2@@std@@U?$pair@$$CBV?$basic_string@DU?$char_traits@D@std@@V?$allocator@D@2@@std@@PAVIPlayer@@@2@U_Kfn@?$map@V?$basic_string@DU?$char_traits@D@std@@V?$allocator@D@2@@std@@PAVIPlayer@@U?$less@V?$basic_string@DU?$char_traits@D@std@@V?$allocator@D@2@@std@@@2@V?$allocator@PAVIPlayer@@@2@@2@U?$less@V?$basic_string@DU?$char_traits@D@std@@V?$allocator@D@2@@std@@@2@V?$allocator@PAVIPlayer@@@2@@std@@QAE?AViterator@12@ABV?$basic_string@DU?$char_traits@D@std@@V?$allocator@D@2@@2@@Z 004097a0 f i GamePlayer.obj
 0001:00008830       ?insert@?$_Tree@JU?$pair@$$CBJPAVCBuffer@Win32@OnlineGameLib@@@std@@U_Kfn@?$map@JPAVCBuffer@Win32@OnlineGameLib@@U?$less@J@std@@V?$allocator@PAVCBuffer@Win32@OnlineGameLib@@@5@@2@U?$less@J@2@V?$allocator@PAVCBuffer@Win32@OnlineGameLib@@@2@@std@@QAE?AU?$pair@Viterator@?$_Tree@JU?$pair@$$CBJPAVCBuffer@Win32@OnlineGameLib@@@std@@U_Kfn@?$map@JPAVCBuffer@Win32@OnlineGameLib@@U?$less@J@std@@V?$allocator@PAVCBuffer@Win32@OnlineGameLib@@@5@@2@U?$less@J@2@V?$allocator@PAVCBuffer@Win32@OnlineGameLib@@@2@@std@@_N@2@ABU?$pair@$$CBJPAVCBuffer@Win32@OnlineGameLib@@@2@@Z 00409830 f i GamePlayer.obj
 0001:00008960       ?erase@?$_Tree@JU?$pair@$$CBJPAVCBuffer@Win32@OnlineGameLib@@@std@@U_Kfn@?$map@JPAVCBuffer@Win32@OnlineGameLib@@U?$less@J@std@@V?$allocator@PAVCBuffer@Win32@OnlineGameLib@@@5@@2@U?$less@J@2@V?$allocator@PAVCBuffer@Win32@OnlineGameLib@@@2@@std@@QAE?AViterator@12@V312@@Z 00409960 f i GamePlayer.obj
 0001:00008e80       ?erase@?$_Tree@JU?$pair@$$CBJPAVCBuffer@Win32@OnlineGameLib@@@std@@U_Kfn@?$map@JPAVCBuffer@Win32@OnlineGameLib@@U?$less@J@std@@V?$allocator@PAVCBuffer@Win32@OnlineGameLib@@@5@@2@U?$less@J@2@V?$allocator@PAVCBuffer@Win32@OnlineGameLib@@@2@@std@@QAE?AViterator@12@V312@0@Z 00409e80 f i GamePlayer.obj
 0001:00008fb0       ??0?$pair@Viterator@?$_Tree@V?$basic_string@DU?$char_traits@D@std@@V?$allocator@D@2@@std@@V12@U_Kfn@?$set@V?$basic_string@DU?$char_traits@D@std@@V?$allocator@D@2@@std@@U?$less@V?$basic_string@DU?$char_traits@D@std@@V?$allocator@D@2@@std@@@2@V?$allocator@V?$basic_string@DU?$char_traits@D@std@@V?$allocator@D@2@@std@@@2@@2@U?$less@V?$basic_string@DU?$char_traits@D@std@@V?$allocator@D@2@@std@@@2@V?$allocator@V?$basic_string@DU?$char_traits@D@std@@V?$allocator@D@2@@std@@@2@@std@@_N@std@@QAE@ABViterator@?$_Tree@V?$basic_string@DU?$char_traits@D@std@@V?$allocator@D@2@@std@@V12@U_Kfn@?$set@V?$basic_string@DU?$char_traits@D@std@@V?$allocator@D@2@@std@@U?$less@V?$basic_string@DU?$char_traits@D@std@@V?$allocator@D@2@@std@@@2@V?$allocator@V?$basic_string@DU?$char_traits@D@std@@V?$allocator@D@2@@std@@@2@@2@U?$less@V?$basic_string@DU?$char_traits@D@std@@V?$allocator@D@2@@std@@@2@V?$allocator@V?$basic_string@DU?$char_traits@D@std@@V?$allocator@D@2@@std@@@2@@1@AB_N@Z 00409fb0 f i GamePlayer.obj
 0001:00008fd0       ??0?$pair@Viterator@?$_Tree@V?$basic_string@DU?$char_traits@D@std@@V?$allocator@D@2@@std@@U?$pair@$$CBV?$basic_string@DU?$char_traits@D@std@@V?$allocator@D@2@@std@@PAVIPlayer@@@2@U_Kfn@?$map@V?$basic_string@DU?$char_traits@D@std@@V?$allocator@D@2@@std@@PAVIPlayer@@U?$less@V?$basic_string@DU?$char_traits@D@std@@V?$allocator@D@2@@std@@@2@V?$allocator@PAVIPlayer@@@2@@2@U?$less@V?$basic_string@DU?$char_traits@D@std@@V?$allocator@D@2@@std@@@2@V?$allocator@PAVIPlayer@@@2@@std@@_N@std@@QAE@ABViterator@?$_Tree@V?$basic_string@DU?$char_traits@D@std@@V?$allocator@D@2@@std@@U?$pair@$$CBV?$basic_string@DU?$char_traits@D@std@@V?$allocator@D@2@@std@@PAVIPlayer@@@2@U_Kfn@?$map@V?$basic_string@DU?$char_traits@D@std@@V?$allocator@D@2@@std@@PAVIPlayer@@U?$less@V?$basic_string@DU?$char_traits@D@std@@V?$allocator@D@2@@std@@@2@V?$allocator@PAVIPlayer@@@2@@2@U?$less@V?$basic_string@DU?$char_traits@D@std@@V?$allocator@D@2@@std@@@2@V?$allocator@PAVIPlayer@@@2@@1@AB_N@Z 00409fd0 f i GamePlayer.obj
 0001:00008ff0       ?lower_bound@?$_Tree@V?$basic_string@DU?$char_traits@D@std@@V?$allocator@D@2@@std@@V12@U_Kfn@?$set@V?$basic_string@DU?$char_traits@D@std@@V?$allocator@D@2@@std@@U?$less@V?$basic_string@DU?$char_traits@D@std@@V?$allocator@D@2@@std@@@2@V?$allocator@V?$basic_string@DU?$char_traits@D@std@@V?$allocator@D@2@@std@@@2@@2@U?$less@V?$basic_string@DU?$char_traits@D@std@@V?$allocator@D@2@@std@@@2@V?$allocator@V?$basic_string@DU?$char_traits@D@std@@V?$allocator@D@2@@std@@@2@@std@@QAE?AViterator@12@ABV?$basic_string@DU?$char_traits@D@std@@V?$allocator@D@2@@2@@Z 00409ff0 f i GamePlayer.obj
 0001:00009010       ?equal_range@?$_Tree@V?$basic_string@DU?$char_traits@D@std@@V?$allocator@D@2@@std@@V12@U_Kfn@?$set@V?$basic_string@DU?$char_traits@D@std@@V?$allocator@D@2@@std@@U?$less@V?$basic_string@DU?$char_traits@D@std@@V?$allocator@D@2@@std@@@2@V?$allocator@V?$basic_string@DU?$char_traits@D@std@@V?$allocator@D@2@@std@@@2@@2@U?$less@V?$basic_string@DU?$char_traits@D@std@@V?$allocator@D@2@@std@@@2@V?$allocator@V?$basic_string@DU?$char_traits@D@std@@V?$allocator@D@2@@std@@@2@@std@@QAE?AU?$pair@Viterator@?$_Tree@V?$basic_string@DU?$char_traits@D@std@@V?$allocator@D@2@@std@@V12@U_Kfn@?$set@V?$basic_string@DU?$char_traits@D@std@@V?$allocator@D@2@@std@@U?$less@V?$basic_string@DU?$char_traits@D@std@@V?$allocator@D@2@@std@@@2@V?$allocator@V?$basic_string@DU?$char_traits@D@std@@V?$allocator@D@2@@std@@@2@@2@U?$less@V?$basic_string@DU?$char_traits@D@std@@V?$allocator@D@2@@std@@@2@V?$allocator@V?$basic_string@DU?$char_traits@D@std@@V?$allocator@D@2@@std@@@2@@std@@V123@@2@ABV?$basic_string@DU?$char_traits@D@std@@V?$allocator@D@2@@2@@Z 0040a010 f i GamePlayer.obj
 0001:00009040       ?_Erase@?$_Tree@V?$basic_string@DU?$char_traits@D@std@@V?$allocator@D@2@@std@@V12@U_Kfn@?$set@V?$basic_string@DU?$char_traits@D@std@@V?$allocator@D@2@@std@@U?$less@V?$basic_string@DU?$char_traits@D@std@@V?$allocator@D@2@@std@@@2@V?$allocator@V?$basic_string@DU?$char_traits@D@std@@V?$allocator@D@2@@std@@@2@@2@U?$less@V?$basic_string@DU?$char_traits@D@std@@V?$allocator@D@2@@std@@@2@V?$allocator@V?$basic_string@DU?$char_traits@D@std@@V?$allocator@D@2@@std@@@2@@std@@IAEXPAU_Node@12@@Z 0040a040 f i GamePlayer.obj
 0001:000090f0       ?_Insert@?$_Tree@V?$basic_string@DU?$char_traits@D@std@@V?$allocator@D@2@@std@@V12@U_Kfn@?$set@V?$basic_string@DU?$char_traits@D@std@@V?$allocator@D@2@@std@@U?$less@V?$basic_string@DU?$char_traits@D@std@@V?$allocator@D@2@@std@@@2@V?$allocator@V?$basic_string@DU?$char_traits@D@std@@V?$allocator@D@2@@std@@@2@@2@U?$less@V?$basic_string@DU?$char_traits@D@std@@V?$allocator@D@2@@std@@@2@V?$allocator@V?$basic_string@DU?$char_traits@D@std@@V?$allocator@D@2@@std@@@2@@std@@IAE?AViterator@12@PAU_Node@12@0ABV?$basic_string@DU?$char_traits@D@std@@V?$allocator@D@2@@2@@Z 0040a0f0 f i GamePlayer.obj
 0001:00009400       ?insert@?$vector@PAVICommand@@V?$allocator@PAVICommand@@@std@@@std@@QAEXPAPAVICommand@@IABQAV3@@Z 0040a400 f i GamePlayer.obj
 0001:00009610       ?lower_bound@?$_Tree@V?$basic_string@DU?$char_traits@D@std@@V?$allocator@D@2@@std@@U?$pair@$$CBV?$basic_string@DU?$char_traits@D@std@@V?$allocator@D@2@@std@@PAVIPlayer@@@2@U_Kfn@?$map@V?$basic_string@DU?$char_traits@D@std@@V?$allocator@D@2@@std@@PAVIPlayer@@U?$less@V?$basic_string@DU?$char_traits@D@std@@V?$allocator@D@2@@std@@@2@V?$allocator@PAVIPlayer@@@2@@2@U?$less@V?$basic_string@DU?$char_traits@D@std@@V?$allocator@D@2@@std@@@2@V?$allocator@PAVIPlayer@@@2@@std@@QAE?AViterator@12@ABV?$basic_string@DU?$char_traits@D@std@@V?$allocator@D@2@@2@@Z 0040a610 f i GamePlayer.obj
 0001:00009630       ?_Erase@?$_Tree@V?$basic_string@DU?$char_traits@D@std@@V?$allocator@D@2@@std@@U?$pair@$$CBV?$basic_string@DU?$char_traits@D@std@@V?$allocator@D@2@@std@@PAVIPlayer@@@2@U_Kfn@?$map@V?$basic_string@DU?$char_traits@D@std@@V?$allocator@D@2@@std@@PAVIPlayer@@U?$less@V?$basic_string@DU?$char_traits@D@std@@V?$allocator@D@2@@std@@@2@V?$allocator@PAVIPlayer@@@2@@2@U?$less@V?$basic_string@DU?$char_traits@D@std@@V?$allocator@D@2@@std@@@2@V?$allocator@PAVIPlayer@@@2@@std@@IAEXPAU_Node@12@@Z 0040a630 f i GamePlayer.obj
 0001:000096e0       ?_Insert@?$_Tree@V?$basic_string@DU?$char_traits@D@std@@V?$allocator@D@2@@std@@U?$pair@$$CBV?$basic_string@DU?$char_traits@D@std@@V?$allocator@D@2@@std@@PAVIPlayer@@@2@U_Kfn@?$map@V?$basic_string@DU?$char_traits@D@std@@V?$allocator@D@2@@std@@PAVIPlayer@@U?$less@V?$basic_string@DU?$char_traits@D@std@@V?$allocator@D@2@@std@@@2@V?$allocator@PAVIPlayer@@@2@@2@U?$less@V?$basic_string@DU?$char_traits@D@std@@V?$allocator@D@2@@std@@@2@V?$allocator@PAVIPlayer@@@2@@std@@IAE?AViterator@12@PAU_Node@12@0ABU?$pair@$$CBV?$basic_string@DU?$char_traits@D@std@@V?$allocator@D@2@@std@@PAVIPlayer@@@2@@Z 0040a6e0 f i GamePlayer.obj
 0001:000099f0       ?lower_bound@?$_Tree@JU?$pair@$$CBJPAVCBuffer@Win32@OnlineGameLib@@@std@@U_Kfn@?$map@JPAVCBuffer@Win32@OnlineGameLib@@U?$less@J@std@@V?$allocator@PAVCBuffer@Win32@OnlineGameLib@@@5@@2@U?$less@J@2@V?$allocator@PAVCBuffer@Win32@OnlineGameLib@@@2@@std@@QAE?AViterator@12@ABJ@Z 0040a9f0 f i GamePlayer.obj
 0001:00009a10       ?_Erase@?$_Tree@JU?$pair@$$CBJPAVCBuffer@Win32@OnlineGameLib@@@std@@U_Kfn@?$map@JPAVCBuffer@Win32@OnlineGameLib@@U?$less@J@std@@V?$allocator@PAVCBuffer@Win32@OnlineGameLib@@@5@@2@U?$less@J@2@V?$allocator@PAVCBuffer@Win32@OnlineGameLib@@@2@@std@@IAEXPAU_Node@12@@Z 0040aa10 f i GamePlayer.obj
 0001:00009aa0       ?_Insert@?$_Tree@JU?$pair@$$CBJPAVCBuffer@Win32@OnlineGameLib@@@std@@U_Kfn@?$map@JPAVCBuffer@Win32@OnlineGameLib@@U?$less@J@std@@V?$allocator@PAVCBuffer@Win32@OnlineGameLib@@@5@@2@U?$less@J@2@V?$allocator@PAVCBuffer@Win32@OnlineGameLib@@@2@@std@@IAE?AViterator@12@PAU_Node@12@0ABU?$pair@$$CBJPAVCBuffer@Win32@OnlineGameLib@@@2@@Z 0040aaa0 f i GamePlayer.obj
 0001:00009da0       ?_Inc@const_iterator@?$_Tree@JU?$pair@$$CBJPAVCBuffer@Win32@OnlineGameLib@@@std@@U_Kfn@?$map@JPAVCBuffer@Win32@OnlineGameLib@@U?$less@J@std@@V?$allocator@PAVCBuffer@Win32@OnlineGameLib@@@5@@2@U?$less@J@2@V?$allocator@PAVCBuffer@Win32@OnlineGameLib@@@2@@std@@QAEXXZ 0040ada0 f i GamePlayer.obj
 0001:00009e50       ?_Lbound@?$_Tree@V?$basic_string@DU?$char_traits@D@std@@V?$allocator@D@2@@std@@V12@U_Kfn@?$set@V?$basic_string@DU?$char_traits@D@std@@V?$allocator@D@2@@std@@U?$less@V?$basic_string@DU?$char_traits@D@std@@V?$allocator@D@2@@std@@@2@V?$allocator@V?$basic_string@DU?$char_traits@D@std@@V?$allocator@D@2@@std@@@2@@2@U?$less@V?$basic_string@DU?$char_traits@D@std@@V?$allocator@D@2@@std@@@2@V?$allocator@V?$basic_string@DU?$char_traits@D@std@@V?$allocator@D@2@@std@@@2@@std@@IBEPAU_Node@12@ABV?$basic_string@DU?$char_traits@D@std@@V?$allocator@D@2@@2@@Z 0040ae50 f i GamePlayer.obj
 0001:00009f10       ?_Dec@const_iterator@?$_Tree@V?$basic_string@DU?$char_traits@D@std@@V?$allocator@D@2@@std@@V12@U_Kfn@?$set@V?$basic_string@DU?$char_traits@D@std@@V?$allocator@D@2@@std@@U?$less@V?$basic_string@DU?$char_traits@D@std@@V?$allocator@D@2@@std@@@2@V?$allocator@V?$basic_string@DU?$char_traits@D@std@@V?$allocator@D@2@@std@@@2@@2@U?$less@V?$basic_string@DU?$char_traits@D@std@@V?$allocator@D@2@@std@@@2@V?$allocator@V?$basic_string@DU?$char_traits@D@std@@V?$allocator@D@2@@std@@@2@@std@@QAEXXZ 0040af10 f i GamePlayer.obj
 0001:00009fd0       ?_Lbound@?$_Tree@V?$basic_string@DU?$char_traits@D@std@@V?$allocator@D@2@@std@@U?$pair@$$CBV?$basic_string@DU?$char_traits@D@std@@V?$allocator@D@2@@std@@PAVIPlayer@@@2@U_Kfn@?$map@V?$basic_string@DU?$char_traits@D@std@@V?$allocator@D@2@@std@@PAVIPlayer@@U?$less@V?$basic_string@DU?$char_traits@D@std@@V?$allocator@D@2@@std@@@2@V?$allocator@PAVIPlayer@@@2@@2@U?$less@V?$basic_string@DU?$char_traits@D@std@@V?$allocator@D@2@@std@@@2@V?$allocator@PAVIPlayer@@@2@@std@@IBEPAU_Node@12@ABV?$basic_string@DU?$char_traits@D@std@@V?$allocator@D@2@@2@@Z 0040afd0 f i GamePlayer.obj
 0001:0000a090       ?_Dec@const_iterator@?$_Tree@V?$basic_string@DU?$char_traits@D@std@@V?$allocator@D@2@@std@@U?$pair@$$CBV?$basic_string@DU?$char_traits@D@std@@V?$allocator@D@2@@std@@PAVIPlayer@@@2@U_Kfn@?$map@V?$basic_string@DU?$char_traits@D@std@@V?$allocator@D@2@@std@@PAVIPlayer@@U?$less@V?$basic_string@DU?$char_traits@D@std@@V?$allocator@D@2@@std@@@2@V?$allocator@PAVIPlayer@@@2@@2@U?$less@V?$basic_string@DU?$char_traits@D@std@@V?$allocator@D@2@@std@@@2@V?$allocator@PAVIPlayer@@@2@@std@@QAEXXZ 0040b090 f i GamePlayer.obj
 0001:0000a150       ?_Lbound@?$_Tree@JU?$pair@$$CBJPAVCBuffer@Win32@OnlineGameLib@@@std@@U_Kfn@?$map@JPAVCBuffer@Win32@OnlineGameLib@@U?$less@J@std@@V?$allocator@PAVCBuffer@Win32@OnlineGameLib@@@5@@2@U?$less@J@2@V?$allocator@PAVCBuffer@Win32@OnlineGameLib@@@2@@std@@IBEPAU_Node@12@ABJ@Z 0040b150 f i GamePlayer.obj
 0001:0000a1a0       ?_Dec@const_iterator@?$_Tree@JU?$pair@$$CBJPAVCBuffer@Win32@OnlineGameLib@@@std@@U_Kfn@?$map@JPAVCBuffer@Win32@OnlineGameLib@@U?$less@J@std@@V?$allocator@PAVCBuffer@Win32@OnlineGameLib@@@5@@2@U?$less@J@2@V?$allocator@PAVCBuffer@Win32@OnlineGameLib@@@2@@std@@QAEXXZ 0040b1a0 f i GamePlayer.obj
 0001:0000a260       ?_Ubound@?$_Tree@V?$basic_string@DU?$char_traits@D@std@@V?$allocator@D@2@@std@@V12@U_Kfn@?$set@V?$basic_string@DU?$char_traits@D@std@@V?$allocator@D@2@@std@@U?$less@V?$basic_string@DU?$char_traits@D@std@@V?$allocator@D@2@@std@@@2@V?$allocator@V?$basic_string@DU?$char_traits@D@std@@V?$allocator@D@2@@std@@@2@@2@U?$less@V?$basic_string@DU?$char_traits@D@std@@V?$allocator@D@2@@std@@@2@V?$allocator@V?$basic_string@DU?$char_traits@D@std@@V?$allocator@D@2@@std@@@2@@std@@IBEPAU_Node@12@ABV?$basic_string@DU?$char_traits@D@std@@V?$allocator@D@2@@2@@Z 0040b260 f i GamePlayer.obj
 0001:0000a330       ?_Inc@const_iterator@?$_Tree@V?$basic_string@DU?$char_traits@D@std@@V?$allocator@D@2@@std@@V12@U_Kfn@?$set@V?$basic_string@DU?$char_traits@D@std@@V?$allocator@D@2@@std@@U?$less@V?$basic_string@DU?$char_traits@D@std@@V?$allocator@D@2@@std@@@2@V?$allocator@V?$basic_string@DU?$char_traits@D@std@@V?$allocator@D@2@@std@@@2@@2@U?$less@V?$basic_string@DU?$char_traits@D@std@@V?$allocator@D@2@@std@@@2@V?$allocator@V?$basic_string@DU?$char_traits@D@std@@V?$allocator@D@2@@std@@@2@@std@@QAEXXZ 0040b330 f i GamePlayer.obj
 0001:0000a3e0       ?_Inc@const_iterator@?$_Tree@V?$basic_string@DU?$char_traits@D@std@@V?$allocator@D@2@@std@@U?$pair@$$CBV?$basic_string@DU?$char_traits@D@std@@V?$allocator@D@2@@std@@PAVIPlayer@@@2@U_Kfn@?$map@V?$basic_string@DU?$char_traits@D@std@@V?$allocator@D@2@@std@@PAVIPlayer@@U?$less@V?$basic_string@DU?$char_traits@D@std@@V?$allocator@D@2@@std@@@2@V?$allocator@PAVIPlayer@@@2@@2@U?$less@V?$basic_string@DU?$char_traits@D@std@@V?$allocator@D@2@@std@@@2@V?$allocator@PAVIPlayer@@@2@@std@@QAEXXZ 0040b3e0 f i GamePlayer.obj
 0001:0000a490       ?Execute@?$CTaskCommand@VCGamePlayer@@@@UAEIXZ 0040b490 f i GamePlayer.obj
 0001:0000a4a0       ?ToString@Win32@OnlineGameLib@@YA?AV?$basic_string@DU?$char_traits@D@std@@V?$allocator@D@2@@std@@J@Z 0040b4a0 f i GamePlayer.obj
 0001:0000a6a0       ??0ios_base@std@@IAE@XZ    0040b6a0 f i GamePlayer.obj
 0001:0000a6b0       ??_Gios_base@std@@UAEPAXI@Z 0040b6b0 f i GamePlayer.obj
 0001:0000a6b0       ??_Eios_base@std@@UAEPAXI@Z 0040b6b0 f i GamePlayer.obj
 0001:0000a6d0       ??0strstreambuf@std@@QAE@H@Z 0040b6d0 f i GamePlayer.obj
 0001:0000a7c0       ??_Gstrstreambuf@std@@UAEPAXI@Z 0040b7c0 f i GamePlayer.obj
 0001:0000a7c0       ??_Estrstreambuf@std@@UAEPAXI@Z 0040b7c0 f i GamePlayer.obj
 0001:0000a7e0       ??_Gstrstream@std@@UAEPAXI@Z 0040b7e0 f i GamePlayer.obj
 0001:0000a7e0       ??_Estrstream@std@@UAEPAXI@Z 0040b7e0 f i GamePlayer.obj
 0001:0000a810       ??_Dstrstream@std@@QAEXXZ  0040b810 f i GamePlayer.obj
 0001:0000a830       ?put@?$basic_ostream@DU?$char_traits@D@std@@@std@@QAEAAV12@D@Z 0040b830 f i GamePlayer.obj
 0001:0000a9a0       ??1?$basic_ios@DU?$char_traits@D@std@@@std@@UAE@XZ 0040b9a0 f i GamePlayer.obj
 0001:0000a9b0       ??1?$basic_streambuf@DU?$char_traits@D@std@@@std@@UAE@XZ 0040b9b0 f i GamePlayer.obj
 0001:0000aa00       ?overflow@?$basic_streambuf@DU?$char_traits@D@std@@@std@@MAEHH@Z 0040ba00 f i GamePlayer.obj
 0001:0000aa10       ?pbackfail@?$basic_streambuf@DU?$char_traits@D@std@@@std@@MAEHH@Z 0040ba10 f i GamePlayer.obj
 0001:0000aa20       ?showmanyc@?$basic_streambuf@DU?$char_traits@D@std@@@std@@MAEHXZ 0040ba20 f i GamePlayer.obj
 0001:0000aa30       ?underflow@?$basic_streambuf@DU?$char_traits@D@std@@@std@@MAEHXZ 0040ba30 f i GamePlayer.obj
 0001:0000aa40       ?uflow@?$basic_streambuf@DU?$char_traits@D@std@@@std@@MAEHXZ 0040ba40 f i GamePlayer.obj
 0001:0000aa70       ?xsgetn@?$basic_streambuf@DU?$char_traits@D@std@@@std@@MAEHPADH@Z 0040ba70 f i GamePlayer.obj
 0001:0000ab10       ?xsputn@?$basic_streambuf@DU?$char_traits@D@std@@@std@@MAEHPBDH@Z 0040bb10 f i GamePlayer.obj
 0001:0000abb0       ?seekoff@?$basic_streambuf@DU?$char_traits@D@std@@@std@@MAE?AV?$fpos@H@2@JW4seekdir@ios_base@2@H@Z 0040bbb0 f i GamePlayer.obj
 0001:0000abe0       ?seekpos@?$basic_streambuf@DU?$char_traits@D@std@@@std@@MAE?AV?$fpos@H@2@V32@H@Z 0040bbe0 f i GamePlayer.obj
 0001:0000ac10       ?setbuf@?$basic_streambuf@DU?$char_traits@D@std@@@std@@MAEPAV12@PADH@Z 0040bc10 f i GamePlayer.obj
 0001:0000ac20       ?sync@?$basic_streambuf@DU?$char_traits@D@std@@@std@@MAEHXZ 0040bc20 f i GamePlayer.obj
 0001:0000ac30       ?imbue@?$basic_streambuf@DU?$char_traits@D@std@@@std@@MAEXABVlocale@2@@Z 0040bc30 f i GamePlayer.obj
 0001:0000ac40       ??0?$basic_iostream@DU?$char_traits@D@std@@@std@@QAE@PAV?$basic_streambuf@DU?$char_traits@D@std@@@1@@Z 0040bc40 f i GamePlayer.obj
 0001:0000ad10       ??1?$basic_istream@DU?$char_traits@D@std@@@std@@UAE@XZ 0040bd10 f i GamePlayer.obj
 0001:0000ad20       ??1?$basic_iostream@DU?$char_traits@D@std@@@std@@UAE@XZ 0040bd20 f i GamePlayer.obj
 0001:0000ad60       ??_G?$basic_ostream@DU?$char_traits@D@std@@@std@@UAEPAXI@Z 0040bd60 f i GamePlayer.obj
 0001:0000ad60       ??_E?$basic_ostream@DU?$char_traits@D@std@@@std@@UAEPAXI@Z 0040bd60 f i GamePlayer.obj
 0001:0000ad90       ??_E?$basic_ios@DU?$char_traits@D@std@@@std@@UAEPAXI@Z 0040bd90 f i GamePlayer.obj
 0001:0000ad90       ??_G?$basic_ios@DU?$char_traits@D@std@@@std@@UAEPAXI@Z 0040bd90 f i GamePlayer.obj
 0001:0000adb0       ??_G?$basic_istream@DU?$char_traits@D@std@@@std@@UAEPAXI@Z 0040bdb0 f i GamePlayer.obj
 0001:0000adb0       ??_E?$basic_istream@DU?$char_traits@D@std@@@std@@UAEPAXI@Z 0040bdb0 f i GamePlayer.obj
 0001:0000ade0       ??_G?$basic_streambuf@DU?$char_traits@D@std@@@std@@UAEPAXI@Z 0040bde0 f i GamePlayer.obj
 0001:0000ade0       ??_E?$basic_streambuf@DU?$char_traits@D@std@@@std@@UAEPAXI@Z 0040bde0 f i GamePlayer.obj
 0001:0000ae00       ??_E?$basic_iostream@DU?$char_traits@D@std@@@std@@UAEPAXI@Z 0040be00 f i GamePlayer.obj
 0001:0000ae00       ??_G?$basic_iostream@DU?$char_traits@D@std@@@std@@UAEPAXI@Z 0040be00 f i GamePlayer.obj
 0001:0000ae30       ??1sentry@?$basic_ostream@DU?$char_traits@D@std@@@std@@QAE@XZ 0040be30 f i GamePlayer.obj
 0001:0000aea0       ??0?$fpos@H@std@@QAE@J@Z   0040bea0 f i GamePlayer.obj
 0001:0000aee0       ?opfx@?$basic_ostream@DU?$char_traits@D@std@@@std@@QAE_NXZ 0040bee0 f i GamePlayer.obj
 0001:0000af60       ?_Distance@std@@YAXViterator@?$_Tree@V?$basic_string@DU?$char_traits@D@std@@V?$allocator@D@2@@std@@V12@U_Kfn@?$set@V?$basic_string@DU?$char_traits@D@std@@V?$allocator@D@2@@std@@U?$less@V?$basic_string@DU?$char_traits@D@std@@V?$allocator@D@2@@std@@@2@V?$allocator@V?$basic_string@DU?$char_traits@D@std@@V?$allocator@D@2@@std@@@2@@2@U?$less@V?$basic_string@DU?$char_traits@D@std@@V?$allocator@D@2@@std@@@2@V?$allocator@V?$basic_string@DU?$char_traits@D@std@@V?$allocator@D@2@@std@@@2@@1@0AAI@Z 0040bf60 f i GamePlayer.obj
 0001:0000af90       ?_Construct@std@@YAXPAV?$basic_string@DU?$char_traits@D@std@@V?$allocator@D@2@@1@ABV21@@Z 0040bf90 f i GamePlayer.obj
 0001:0000b100       ??3@YAXPAX0@Z              0040c100 f i GamePlayer.obj
 0001:0000b110       ?_Construct@std@@YAXPAU?$pair@$$CBV?$basic_string@DU?$char_traits@D@std@@V?$allocator@D@2@@std@@PAVIPlayer@@@1@ABU21@@Z 0040c110 f i GamePlayer.obj
 0001:0000b260       ?_Construct@std@@YAXPAU?$pair@$$CBJPAVCBuffer@Win32@OnlineGameLib@@@1@ABU21@@Z 0040c260 f i GamePlayer.obj
 0001:0000b280       ??_G?$CTaskCommand@VCGamePlayer@@@@UAEPAXI@Z 0040c280 f i GamePlayer.obj
 0001:0000b280       ??_E?$CTaskCommand@VCGamePlayer@@@@UAEPAXI@Z 0040c280 f i GamePlayer.obj
 0001:0000b2a0       ??1?$CTaskCommand@VCGamePlayer@@@@UAE@XZ 0040c2a0 f i GamePlayer.obj
 0001:0000b2b0       ??_EICommand@@UAEPAXI@Z    0040c2b0 f i GamePlayer.obj
 0001:0000b2b0       ??_GICommand@@UAEPAXI@Z    0040c2b0 f i GamePlayer.obj
 0001:0000b2d0       ?compare@?$basic_string@DU?$char_traits@D@std@@V?$allocator@D@2@@std@@QBEHABV12@@Z 0040c2d0 f i GamePlayer.obj
 0001:0000b320       ??6?$basic_ostream@DU?$char_traits@D@std@@@std@@QAEAAV01@J@Z 0040c320 f i GamePlayer.obj
 0001:0000b560       ??1bad_cast@std@@UAE@XZ    0040c560 f i GamePlayer.obj
 0001:0000b570       ?_Doraise@bad_cast@std@@MBEXXZ 0040c570 f i GamePlayer.obj
 0001:0000b590       ??_Ebad_cast@std@@UAEPAXI@Z 0040c590 f i GamePlayer.obj
 0001:0000b590       ??_Gbad_cast@std@@UAEPAXI@Z 0040c590 f i GamePlayer.obj
 0001:0000b5b0       ??0bad_cast@std@@QAE@ABV01@@Z 0040c5b0 f i GamePlayer.obj
 0001:0000b5d0       ??Bid@locale@std@@QAEIXZ   0040c5d0 f i GamePlayer.obj
 0001:0000b600       ?_Decref@facet@locale@std@@QAEPAV123@XZ 0040c600 f i GamePlayer.obj
 0001:0000b640       ??1locale@std@@QAE@XZ      0040c640 f i GamePlayer.obj
 0001:0000b660       ?getloc@ios_base@std@@QBE?AVlocale@2@XZ 0040c660 f i GamePlayer.obj
 0001:0000b6a0       ?_Distance@std@@YAXViterator@?$_Tree@V?$basic_string@DU?$char_traits@D@std@@V?$allocator@D@2@@std@@V12@U_Kfn@?$set@V?$basic_string@DU?$char_traits@D@std@@V?$allocator@D@2@@std@@U?$less@V?$basic_string@DU?$char_traits@D@std@@V?$allocator@D@2@@std@@@2@V?$allocator@V?$basic_string@DU?$char_traits@D@std@@V?$allocator@D@2@@std@@@2@@2@U?$less@V?$basic_string@DU?$char_traits@D@std@@V?$allocator@D@2@@std@@@2@V?$allocator@V?$basic_string@DU?$char_traits@D@std@@V?$allocator@D@2@@std@@@2@@1@0AAIUbidirectional_iterator_tag@1@@Z 0040c6a0 f i GamePlayer.obj
 0001:0000b700       ??0?$num_put@DV?$ostreambuf_iterator@DU?$char_traits@D@std@@@std@@@std@@QAE@I@Z 0040c700 f i GamePlayer.obj
 0001:0000b760       ??1facet@locale@std@@UAE@XZ 0040c760 f i GamePlayer.obj
 0001:0000b770       ??_Efacet@locale@std@@UAEPAXI@Z 0040c770 f i GamePlayer.obj
 0001:0000b770       ??_Gfacet@locale@std@@UAEPAXI@Z 0040c770 f i GamePlayer.obj
 0001:0000b790       ?do_put@?$num_put@DV?$ostreambuf_iterator@DU?$char_traits@D@std@@@std@@@std@@MBE?AV?$ostreambuf_iterator@DU?$char_traits@D@std@@@2@V32@AAVios_base@2@D_N@Z 0040c790 f i GamePlayer.obj
 0001:0000ba60       ??0bad_cast@std@@QAE@PBD@Z 0040ca60 f i GamePlayer.obj
 0001:0000ba80       ?sputc@?$basic_streambuf@DU?$char_traits@D@std@@@std@@QAEHD@Z 0040ca80 f i GamePlayer.obj
 0001:0000bad0       ?do_put@?$num_put@DV?$ostreambuf_iterator@DU?$char_traits@D@std@@@std@@@std@@MBE?AV?$ostreambuf_iterator@DU?$char_traits@D@std@@@2@V32@AAVios_base@2@DJ@Z 0040cad0 f i GamePlayer.obj
 0001:0000bb80       ?do_put@?$num_put@DV?$ostreambuf_iterator@DU?$char_traits@D@std@@@std@@@std@@MBE?AV?$ostreambuf_iterator@DU?$char_traits@D@std@@@2@V32@AAVios_base@2@DK@Z 0040cb80 f i GamePlayer.obj
 0001:0000bc30       ?do_put@?$num_put@DV?$ostreambuf_iterator@DU?$char_traits@D@std@@@std@@@std@@MBE?AV?$ostreambuf_iterator@DU?$char_traits@D@std@@@2@V32@AAVios_base@2@DN@Z 0040cc30 f i GamePlayer.obj
 0001:0000bd20       ?do_put@?$num_put@DV?$ostreambuf_iterator@DU?$char_traits@D@std@@@std@@@std@@MBE?AV?$ostreambuf_iterator@DU?$char_traits@D@std@@@2@V32@AAVios_base@2@DO@Z 0040cd20 f i GamePlayer.obj
 0001:0000be10       ?do_put@?$num_put@DV?$ostreambuf_iterator@DU?$char_traits@D@std@@@std@@@std@@MBE?AV?$ostreambuf_iterator@DU?$char_traits@D@std@@@2@V32@AAVios_base@2@DPBX@Z 0040ce10 f i GamePlayer.obj
 0001:0000bfd0       ??_E?$num_put@DV?$ostreambuf_iterator@DU?$char_traits@D@std@@@std@@@std@@UAEPAXI@Z 0040cfd0 f i GamePlayer.obj
 0001:0000bfd0       ??_G?$num_put@DV?$ostreambuf_iterator@DU?$char_traits@D@std@@@std@@@std@@UAEPAXI@Z 0040cfd0 f i GamePlayer.obj
 0001:0000bff0       ??1?$num_put@DV?$ostreambuf_iterator@DU?$char_traits@D@std@@@std@@@std@@UAE@XZ 0040cff0 f i GamePlayer.obj
 0001:0000c000       ?_Fput@?$num_put@DV?$ostreambuf_iterator@DU?$char_traits@D@std@@@std@@@std@@KA?AV?$ostreambuf_iterator@DU?$char_traits@D@std@@@2@V32@AAVios_base@2@DPBDII@Z 0040d000 f i GamePlayer.obj
 0001:0000c410       ?_Iput@?$num_put@DV?$ostreambuf_iterator@DU?$char_traits@D@std@@@std@@@std@@KA?AV?$ostreambuf_iterator@DU?$char_traits@D@std@@@2@V32@AAVios_base@2@DPADI@Z 0040d410 f i GamePlayer.obj
 0001:0000c860       ?_Rep@?$num_put@DV?$ostreambuf_iterator@DU?$char_traits@D@std@@@std@@@std@@KA?AV?$ostreambuf_iterator@DU?$char_traits@D@std@@@2@V32@DI@Z 0040d860 f i GamePlayer.obj
 0001:0000c8e0       ?falsename@?$numpunct@D@std@@QBE?AV?$basic_string@DU?$char_traits@D@std@@V?$allocator@D@2@@2@XZ 0040d8e0 f i GamePlayer.obj
 0001:0000c900       ?truename@?$numpunct@D@std@@QBE?AV?$basic_string@DU?$char_traits@D@std@@V?$allocator@D@2@@2@XZ 0040d900 f i GamePlayer.obj
 0001:0000c920       ??4?$ostreambuf_iterator@DU?$char_traits@D@std@@@std@@QAEAAV01@D@Z 0040d920 f i GamePlayer.obj
 0001:0000c980       ?grouping@?$numpunct@D@std@@QBE?AV?$basic_string@DU?$char_traits@D@std@@V?$allocator@D@2@@2@XZ 0040d980 f i GamePlayer.obj
 0001:0000c9a0       ??0?$numpunct@D@std@@QAE@I@Z 0040d9a0 f i GamePlayer.obj
 0001:0000cac0       ?do_decimal_point@?$numpunct@D@std@@MBEDXZ 0040dac0 f i GamePlayer.obj
 0001:0000cad0       ?do_thousands_sep@?$numpunct@D@std@@MBEDXZ 0040dad0 f i GamePlayer.obj
 0001:0000cae0       ?do_grouping@?$numpunct@D@std@@MBE?AV?$basic_string@DU?$char_traits@D@std@@V?$allocator@D@2@@2@XZ 0040dae0 f i GamePlayer.obj
 0001:0000cbb0       ?do_falsename@?$numpunct@D@std@@MBE?AV?$basic_string@DU?$char_traits@D@std@@V?$allocator@D@2@@2@XZ 0040dbb0 f i GamePlayer.obj
 0001:0000cc80       ?do_truename@?$numpunct@D@std@@MBE?AV?$basic_string@DU?$char_traits@D@std@@V?$allocator@D@2@@2@XZ 0040dc80 f i GamePlayer.obj
 0001:0000cd50       ??_E?$numpunct@D@std@@UAEPAXI@Z 0040dd50 f i GamePlayer.obj
 0001:0000cd50       ??_G?$numpunct@D@std@@UAEPAXI@Z 0040dd50 f i GamePlayer.obj
 0001:0000cd70       ??1?$numpunct@D@std@@UAE@XZ 0040dd70 f i GamePlayer.obj
 0001:0000cda0       ?_Save@?$_Tidyfac@V?$num_put@DV?$ostreambuf_iterator@DU?$char_traits@D@std@@@std@@@std@@@std@@SAPAV?$num_put@DV?$ostreambuf_iterator@DU?$char_traits@D@std@@@std@@@2@PAV32@@Z 0040dda0 f i GamePlayer.obj
 0001:0000ce20       ?_Save@?$_Tidyfac@V?$numpunct@D@std@@@std@@SAPAV?$numpunct@D@2@PAV32@@Z 0040de20 f i GamePlayer.obj
 0001:0000cea0       ?_Tidy@?$_Tidyfac@V?$num_put@DV?$ostreambuf_iterator@DU?$char_traits@D@std@@@std@@@std@@@std@@SAXXZ 0040dea0 f i GamePlayer.obj
 0001:0000cf40       ?_Tidy@?$_Tidyfac@V?$numpunct@D@std@@@std@@SAXXZ 0040df40 f i GamePlayer.obj
 0001:0000d030       ?id@?$numpunct@D@std@@$E   0040e030 f i GamePlayer.obj
 0001:0000d040       ?id@?$num_put@DV?$ostreambuf_iterator@DU?$char_traits@D@std@@@$E 0040e040 f i GamePlayer.obj
 0001:0000d160       ??1?$map@IV?$list@PAVIGServer@@V?$allocator@PAVIGServer@@@std@@@std@@U?$less@I@2@V?$allocator@V?$list@PAVIGServer@@V?$allocator@PAVIGServer@@@std@@@std@@@2@@std@@QAE@XZ 0040e160 f i GameServer.obj
 0001:0000d2f0       ??1?$map@IPAVIGServer@@U?$less@I@std@@V?$allocator@PAVIGServer@@@3@@std@@QAE@XZ 0040e2f0 f i GameServer.obj
 0001:0000d4b0       ??1?$map@V?$basic_string@DU?$char_traits@D@std@@V?$allocator@D@2@@std@@UTransferInfo@@U?$less@V?$basic_string@DU?$char_traits@D@std@@V?$allocator@D@2@@std@@@2@V?$allocator@UTransferInfo@@@2@@std@@QAE@XZ 0040e4b0 f i GameServer.obj
 0001:0000d560       ?SetupGlobalAllocator@CGameServer@@SA_NII@Z 0040e560 f   GameServer.obj
 0001:0000d580       ?BeginTransfer@CGameServer@@SAXPBD@Z 0040e580 f   GameServer.obj
 0001:0000d840       ??1TransferInfo@@QAE@XZ    0040e840 f i GameServer.obj
 0001:0000d880       ?EndTransfer@CGameServer@@SAXPBD@Z 0040e880 f   GameServer.obj
 0001:0000da80       ?IsInTransfer@CGameServer@@SA_NPBD@Z 0040ea80 f   GameServer.obj
 0001:0000dbb0       ?CleanupStaleTransfers@CGameServer@@SAXXZ 0040ebb0 f   GameServer.obj
 0001:0000ddf0       ??0CGameServer@@QAE@PAUIServer@@PAUIClient@@I@Z 0040edf0 f   GameServer.obj
 0001:0000df90       ??1IGServer@@UAE@XZ        0040ef90 f i GameServer.obj
 0001:0000dfa0       ??_EIGServer@@UAEPAXI@Z    0040efa0 f i GameServer.obj
 0001:0000dfa0       ??_GIGServer@@UAEPAXI@Z    0040efa0 f i GameServer.obj
 0001:0000dfc0       ?GetID@CGameServer@@UAEIXZ 0040efc0 f i GameServer.obj
 0001:0000dfd0       ?GetCapability@CGameServer@@UAEIXZ 0040efd0 f i GameServer.obj
 0001:0000dfe0       ?GetIP@CGameServer@@UAEIE@Z 0040efe0 f i GameServer.obj
 0001:0000e000       ?GetIndentify@CGameServer@@UAEIXZ 0040f000 f i GameServer.obj
 0001:0000e010       ??_ECGameServer@@UAEPAXI@Z 0040f010 f i GameServer.obj
 0001:0000e010       ??_GCGameServer@@UAEPAXI@Z 0040f010 f i GameServer.obj
 0001:0000e030       ??1CGameServer@@UAE@XZ     0040f030 f   GameServer.obj
 0001:0000e190       ??1?$map@V?$basic_string@DU?$char_traits@D@std@@V?$allocator@D@2@@std@@PAXU?$less@V?$basic_string@DU?$char_traits@D@std@@V?$allocator@D@2@@std@@@2@V?$allocator@PAX@2@@std@@QAE@XZ 0040f190 f i GameServer.obj
 0001:0000e200       ?Create@CGameServer@@UAE_NXZ 0040f200 f   GameServer.obj
 0001:0000e270       ?Destroy@CGameServer@@UAE_NXZ 0040f270 f   GameServer.obj
 0001:0000e4a0       ?GameSvrEventNotify@CGameServer@@SGXPAXABK1@Z 0040f4a0 f   GameServer.obj
 0001:0000e650       ?Begin@CGameServer@@SA_NPAUIServer@@@Z 0040f650 f   GameServer.obj
 0001:0000e690       ?End@CGameServer@@SAXXZ    0040f690 f   GameServer.obj
 0001:0000e7c0       ?ManagerThreadFunction@CGameServer@@CGKPAX@Z 0040f7c0 f   GameServer.obj
 0001:0000e940       ?AnalyzeRequire@CGameServer@@UAE_NPBXI@Z 0040f940 f   GameServer.obj
 0001:0000e9a0       ?LargePackProcess@CGameServer@@IAE_NEPBXI@Z 0040f9a0 f   GameServer.obj
 0001:0000e9b0       ?SmallPackProcess@CGameServer@@IAE_NEPBXI@Z 0040f9b0 f   GameServer.obj
 0001:0000e9e0       ?DispatchTask@CGameServer@@UAE_NIPBXI@Z 0040f9e0 f   GameServer.obj
 0001:0000ea20       ?_QueryMapID@CGameServer@@IAE_NXZ 0040fa20 f   GameServer.obj
 0001:0000ea60       ?_QueryGameSvrInfo@CGameServer@@IAE_NXZ 0040fa60 f   GameServer.obj
 0001:0000eaa0       ?_UpdateMapID@CGameServer@@IAE_NPBXI@Z 0040faa0 f   GameServer.obj
 0001:0000eae0       ?_UpdateGameSvrInfo@CGameServer@@IAE_NPBXI@Z 0040fae0 f   GameServer.obj
 0001:0000ec70       ?_RequestSvrIP@CGameServer@@IAE_NPBXI@Z 0040fc70 f   GameServer.obj
 0001:0000ed00       ?_NotifyPlayerLogin@CGameServer@@IAE_NPBXI@Z 0040fd00 f   GameServer.obj
 0001:0000edc0       ?_RegisterAccount@CGameServer@@IAE_NPBXI@Z 0040fdc0 f   GameServer.obj
 0001:0000ede0       ?_NotifyEnterGame@CGameServer@@IAE_NPBXI@Z 0040fde0 f   GameServer.obj
 0001:0000eef0       ?_NotifyLeaveGame@CGameServer@@IAE_NPBXI@Z 0040fef0 f   GameServer.obj
 0001:0000f020       ?PushAccount@CGameServer@@IAE_NPBD@Z 00410020 f   GameServer.obj
 0001:0000f030       ?PopAccount@CGameServer@@IAE_NPBD_N@Z 00410030 f   GameServer.obj
 0001:0000f070       ?Attach@CGameServer@@UAE_NPBD_N@Z 00410070 f   GameServer.obj
 0001:0000f150       ?AttatchAccountToGameServer@CGameServer@@AAE_NPBD_N@Z 00410150 f   GameServer.obj
 0001:0000f380       ??1?$pair@$$CBV?$basic_string@DU?$char_traits@D@std@@V?$allocator@D@2@@std@@PAX@std@@QAE@XZ 00410380 f i GameServer.obj
 0001:0000f3c0       ?HaveAccountInGameServer@CGameServer@@AAE_NPBD@Z 004103c0 f   GameServer.obj
 0001:0000f540       ?DetachAccountFromGameServer@CGameServer@@QAE_NPBD@Z 00410540 f   GameServer.obj
 0001:0000f6a0       ?ConsumeMoney@CGameServer@@IAE_NPBD@Z 004106a0 f   GameServer.obj
 0001:0000f7b0       ?FreezeMoney@CGameServer@@IAE_NPBD@Z 004107b0 f   GameServer.obj
 0001:0000f8c0       ?_PlayerLogicLogout@CGameServer@@IAE_NPBXI@Z 004108c0 f   GameServer.obj
 0001:0000f930       ?_SyncRoleInfo@CGameServer@@IAE_NPBXI@Z 00410930 f   GameServer.obj
 0001:0000fac0       ?RegisterServer@CGameServer@@CA_NIPAVIGServer@@@Z 00410ac0 f   GameServer.obj
 0001:0000fc90       ??1?$pair@$$CBIV?$list@PAVIGServer@@V?$allocator@PAVIGServer@@@std@@@std@@@std@@QAE@XZ 00410c90 f i GameServer.obj
 0001:0000fce0       ?QueryServer@CGameServer@@SAPAVIGServer@@I@Z 00410ce0 f   GameServer.obj
 0001:0000fdb0       ?FindServerByAccount@CGameServer@@SAHPBD@Z 00410db0 f   GameServer.obj
 0001:0000fec0       ?GetServer@CGameServer@@SAPAVIGServer@@I@Z 00410ec0 f   GameServer.obj
 0001:0000ff70       ?GetContent@CGameServer@@UAEIXZ 00410f70 f   GameServer.obj
 0001:0000ffa0       ?SendToAll@CGameServer@@SAXPBDHI@Z 00410fa0 f   GameServer.obj
 0001:00010070       ?SendText@CGameServer@@UAEXPBDHI@Z 00411070 f   GameServer.obj
 0001:00010120       ??0?$basic_string@DU?$char_traits@D@std@@V?$allocator@D@2@@std@@QAE@ABV?$allocator@D@1@@Z 00411120 f i GameServer.obj
 0001:00010140       ??0?$map@IV?$list@PAVIGServer@@V?$allocator@PAVIGServer@@@std@@@std@@U?$less@I@2@V?$allocator@V?$list@PAVIGServer@@V?$allocator@PAVIGServer@@@std@@@std@@@2@@std@@QAE@ABU?$less@I@1@ABV?$allocator@V?$list@PAVIGServer@@V?$allocator@PAVIGServer@@@std@@@std@@@1@@Z 00411140 f i GameServer.obj
 0001:00010210       ??1?$list@PAVIGServer@@V?$allocator@PAVIGServer@@@std@@@std@@QAE@XZ 00411210 f i GameServer.obj
 0001:00010260       ?begin@?$list@PAVIGServer@@V?$allocator@PAVIGServer@@@std@@@std@@QAE?AViterator@12@XZ 00411260 f i GameServer.obj
 0001:00010270       ??Eiterator@?$list@PAVIGServer@@V?$allocator@PAVIGServer@@@std@@@std@@QAE?AV012@H@Z 00411270 f i GameServer.obj
 0001:00010280       ??0?$map@IPAVIGServer@@U?$less@I@std@@V?$allocator@PAVIGServer@@@3@@std@@QAE@ABU?$less@I@1@ABV?$allocator@PAVIGServer@@@1@@Z 00411280 f i GameServer.obj
 0001:00010350       ??0?$map@V?$basic_string@DU?$char_traits@D@std@@V?$allocator@D@2@@std@@UTransferInfo@@U?$less@V?$basic_string@DU?$char_traits@D@std@@V?$allocator@D@2@@std@@@2@V?$allocator@UTransferInfo@@@2@@std@@QAE@ABU?$less@V?$basic_string@DU?$char_traits@D@std@@V?$allocator@D@2@@std@@@1@ABV?$allocator@UTransferInfo@@@1@@Z 00411350 f i GameServer.obj
 0001:00010420       ??1?$vector@V?$basic_string@DU?$char_traits@D@std@@V?$allocator@D@2@@std@@V?$allocator@V?$basic_string@DU?$char_traits@D@std@@V?$allocator@D@2@@std@@@2@@std@@QAE@XZ 00411420 f i GameServer.obj
 0001:00010480       ??1?$pair@$$CBV?$basic_string@DU?$char_traits@D@std@@V?$allocator@D@2@@std@@UTransferInfo@@@std@@QAE@XZ 00411480 f i GameServer.obj
 0001:000104f0       ?insert@?$_Tree@IU?$pair@$$CBIV?$list@PAVIGServer@@V?$allocator@PAVIGServer@@@std@@@std@@@std@@U_Kfn@?$map@IV?$list@PAVIGServer@@V?$allocator@PAVIGServer@@@std@@@std@@U?$less@I@2@V?$allocator@V?$list@PAVIGServer@@V?$allocator@PAVIGServer@@@std@@@std@@@2@@2@U?$less@I@2@V?$allocator@V?$list@PAVIGServer@@V?$allocator@PAVIGServer@@@std@@@std@@@2@@std@@QAE?AU?$pair@Viterator@?$_Tree@IU?$pair@$$CBIV?$list@PAVIGServer@@V?$allocator@PAVIGServer@@@std@@@std@@@std@@U_Kfn@?$map@IV?$list@PAVIGServer@@V?$allocator@PAVIGServer@@@std@@@std@@U?$less@I@2@V?$allocator@V?$list@PAVIGServer@@V?$allocator@PAVIGServer@@@std@@@std@@@2@@2@U?$less@I@2@V?$allocator@V?$list@PAVIGServer@@V?$allocator@PAVIGServer@@@std@@@std@@@2@@std@@_N@2@ABU?$pair@$$CBIV?$list@PAVIGServer@@V?$allocator@PAVIGServer@@@std@@@std@@@2@@Z 004114f0 f i GameServer.obj
 0001:00010620       ?erase@?$_Tree@IU?$pair@$$CBIV?$list@PAVIGServer@@V?$allocator@PAVIGServer@@@std@@@std@@@std@@U_Kfn@?$map@IV?$list@PAVIGServer@@V?$allocator@PAVIGServer@@@std@@@std@@U?$less@I@2@V?$allocator@V?$list@PAVIGServer@@V?$allocator@PAVIGServer@@@std@@@std@@@2@@2@U?$less@I@2@V?$allocator@V?$list@PAVIGServer@@V?$allocator@PAVIGServer@@@std@@@std@@@2@@std@@QAE?AViterator@12@V312@0@Z 00411620 f i GameServer.obj
 0001:00010760       ?find@?$_Tree@IU?$pair@$$CBIV?$list@PAVIGServer@@V?$allocator@PAVIGServer@@@std@@@std@@@std@@U_Kfn@?$map@IV?$list@PAVIGServer@@V?$allocator@PAVIGServer@@@std@@@std@@U?$less@I@2@V?$allocator@V?$list@PAVIGServer@@V?$allocator@PAVIGServer@@@std@@@std@@@2@@2@U?$less@I@2@V?$allocator@V?$list@PAVIGServer@@V?$allocator@PAVIGServer@@@std@@@std@@@2@@std@@QAE?AViterator@12@ABI@Z 00411760 f i GameServer.obj
 0001:000107b0       ?insert@?$list@PAVIGServer@@V?$allocator@PAVIGServer@@@std@@@std@@QAE?AViterator@12@V312@ABQAVIGServer@@@Z 004117b0 f i GameServer.obj
 0001:00010810       ?erase@?$list@PAVIGServer@@V?$allocator@PAVIGServer@@@std@@@std@@QAE?AViterator@12@V312@0@Z 00411810 f i GameServer.obj
 0001:00010860       ?_Buynode@?$list@PAVIGServer@@V?$allocator@PAVIGServer@@@std@@@std@@IAEPAU_Node@12@PAU312@0@Z 00411860 f i GameServer.obj
 0001:00010890       ?insert@?$_Tree@IU?$pair@$$CBIPAVIGServer@@@std@@U_Kfn@?$map@IPAVIGServer@@U?$less@I@std@@V?$allocator@PAVIGServer@@@3@@2@U?$less@I@2@V?$allocator@PAVIGServer@@@2@@std@@QAE?AU?$pair@Viterator@?$_Tree@IU?$pair@$$CBIPAVIGServer@@@std@@U_Kfn@?$map@IPAVIGServer@@U?$less@I@std@@V?$allocator@PAVIGServer@@@3@@2@U?$less@I@2@V?$allocator@PAVIGServer@@@2@@std@@_N@2@ABU?$pair@$$CBIPAVIGServer@@@2@@Z 00411890 f i GameServer.obj
 0001:000109c0       ?erase@?$_Tree@IU?$pair@$$CBIPAVIGServer@@@std@@U_Kfn@?$map@IPAVIGServer@@U?$less@I@std@@V?$allocator@PAVIGServer@@@3@@2@U?$less@I@2@V?$allocator@PAVIGServer@@@2@@std@@QAE?AViterator@12@V312@@Z 004119c0 f i GameServer.obj
 0001:00010ee0       ?erase@?$_Tree@IU?$pair@$$CBIPAVIGServer@@@std@@U_Kfn@?$map@IPAVIGServer@@U?$less@I@std@@V?$allocator@PAVIGServer@@@3@@2@U?$less@I@2@V?$allocator@PAVIGServer@@@2@@std@@QAE?AViterator@12@V312@0@Z 00411ee0 f i GameServer.obj
 0001:00011010       ?_Inc@const_iterator@?$_Tree@IU?$pair@$$CBIPAVIGServer@@@std@@U_Kfn@?$map@IPAVIGServer@@U?$less@I@std@@V?$allocator@PAVIGServer@@@3@@2@U?$less@I@2@V?$allocator@PAVIGServer@@@2@@std@@QAEXXZ 00412010 f i GameServer.obj
 0001:000110c0       ?insert@?$_Tree@V?$basic_string@DU?$char_traits@D@std@@V?$allocator@D@2@@std@@U?$pair@$$CBV?$basic_string@DU?$char_traits@D@std@@V?$allocator@D@2@@std@@PAX@2@U_Kfn@?$map@V?$basic_string@DU?$char_traits@D@std@@V?$allocator@D@2@@std@@PAXU?$less@V?$basic_string@DU?$char_traits@D@std@@V?$allocator@D@2@@std@@@2@V?$allocator@PAX@2@@2@U?$less@V?$basic_string@DU?$char_traits@D@std@@V?$allocator@D@2@@std@@@2@V?$allocator@PAX@2@@std@@QAE?AU?$pair@Viterator@?$_Tree@V?$basic_string@DU?$char_traits@D@std@@V?$allocator@D@2@@std@@U?$pair@$$CBV?$basic_string@DU?$char_traits@D@std@@V?$allocator@D@2@@std@@PAX@2@U_Kfn@?$map@V?$basic_string@DU?$char_traits@D@std@@V?$allocator@D@2@@std@@PAXU?$less@V?$basic_string@DU?$char_traits@D@std@@V?$allocator@D@2@@std@@@2@V?$allocator@PAX@2@@2@U?$less@V?$basic_string@DU?$char_traits@D@std@@V?$allocator@D@2@@std@@@2@V?$allocator@PAX@2@@std@@_N@2@ABU?$pair@$$CBV?$basic_string@DU?$char_traits@D@std@@V?$allocator@D@2@@std@@PAX@2@@Z 004120c0 f i GameServer.obj
 0001:00011230       ?erase@?$_Tree@V?$basic_string@DU?$char_traits@D@std@@V?$allocator@D@2@@std@@U?$pair@$$CBV?$basic_string@DU?$char_traits@D@std@@V?$allocator@D@2@@std@@PAX@2@U_Kfn@?$map@V?$basic_string@DU?$char_traits@D@std@@V?$allocator@D@2@@std@@PAXU?$less@V?$basic_string@DU?$char_traits@D@std@@V?$allocator@D@2@@std@@@2@V?$allocator@PAX@2@@2@U?$less@V?$basic_string@DU?$char_traits@D@std@@V?$allocator@D@2@@std@@@2@V?$allocator@PAX@2@@std@@QAE?AViterator@12@V312@@Z 00412230 f i GameServer.obj
 0001:00011760       ?erase@?$_Tree@V?$basic_string@DU?$char_traits@D@std@@V?$allocator@D@2@@std@@U?$pair@$$CBV?$basic_string@DU?$char_traits@D@std@@V?$allocator@D@2@@std@@PAX@2@U_Kfn@?$map@V?$basic_string@DU?$char_traits@D@std@@V?$allocator@D@2@@std@@PAXU?$less@V?$basic_string@DU?$char_traits@D@std@@V?$allocator@D@2@@std@@@2@V?$allocator@PAX@2@@2@U?$less@V?$basic_string@DU?$char_traits@D@std@@V?$allocator@D@2@@std@@@2@V?$allocator@PAX@2@@std@@QAE?AViterator@12@V312@0@Z 00412760 f i GameServer.obj
 0001:000118a0       ?find@?$_Tree@V?$basic_string@DU?$char_traits@D@std@@V?$allocator@D@2@@std@@U?$pair@$$CBV?$basic_string@DU?$char_traits@D@std@@V?$allocator@D@2@@std@@PAX@2@U_Kfn@?$map@V?$basic_string@DU?$char_traits@D@std@@V?$allocator@D@2@@std@@PAXU?$less@V?$basic_string@DU?$char_traits@D@std@@V?$allocator@D@2@@std@@@2@V?$allocator@PAX@2@@2@U?$less@V?$basic_string@DU?$char_traits@D@std@@V?$allocator@D@2@@std@@@2@V?$allocator@PAX@2@@std@@QAE?AViterator@12@ABV?$basic_string@DU?$char_traits@D@std@@V?$allocator@D@2@@2@@Z 004128a0 f i GameServer.obj
 0001:00011930       ?insert@?$map@V?$basic_string@DU?$char_traits@D@std@@V?$allocator@D@2@@std@@UTransferInfo@@U?$less@V?$basic_string@DU?$char_traits@D@std@@V?$allocator@D@2@@std@@@2@V?$allocator@UTransferInfo@@@2@@std@@QAE?AU?$pair@Viterator@?$_Tree@V?$basic_string@DU?$char_traits@D@std@@V?$allocator@D@2@@std@@U?$pair@$$CBV?$basic_string@DU?$char_traits@D@std@@V?$allocator@D@2@@std@@UTransferInfo@@@2@U_Kfn@?$map@V?$basic_string@DU?$char_traits@D@std@@V?$allocator@D@2@@std@@UTransferInfo@@U?$less@V?$basic_string@DU?$char_traits@D@std@@V?$allocator@D@2@@std@@@2@V?$allocator@UTransferInfo@@@2@@2@U?$less@V?$basic_string@DU?$char_traits@D@std@@V?$allocator@D@2@@std@@@2@V?$allocator@UTransferInfo@@@2@@std@@_N@2@ABU?$pair@$$CBV?$basic_string@DU?$char_traits@D@std@@V?$allocator@D@2@@std@@UTransferInfo@@@2@@Z 00412930 f i GameServer.obj
 0001:00011960       ?begin@?$_Tree@V?$basic_string@DU?$char_traits@D@std@@V?$allocator@D@2@@std@@U?$pair@$$CBV?$basic_string@DU?$char_traits@D@std@@V?$allocator@D@2@@std@@UTransferInfo@@@2@U_Kfn@?$map@V?$basic_string@DU?$char_traits@D@std@@V?$allocator@D@2@@std@@UTransferInfo@@U?$less@V?$basic_string@DU?$char_traits@D@std@@V?$allocator@D@2@@std@@@2@V?$allocator@UTransferInfo@@@2@@2@U?$less@V?$basic_string@DU?$char_traits@D@std@@V?$allocator@D@2@@std@@@2@V?$allocator@UTransferInfo@@@2@@std@@QAE?AViterator@12@XZ 00412960 f i GameServer.obj
 0001:00011970       ?erase@?$_Tree@V?$basic_string@DU?$char_traits@D@std@@V?$allocator@D@2@@std@@U?$pair@$$CBV?$basic_string@DU?$char_traits@D@std@@V?$allocator@D@2@@std@@UTransferInfo@@@2@U_Kfn@?$map@V?$basic_string@DU?$char_traits@D@std@@V?$allocator@D@2@@std@@UTransferInfo@@U?$less@V?$basic_string@DU?$char_traits@D@std@@V?$allocator@D@2@@std@@@2@V?$allocator@UTransferInfo@@@2@@2@U?$less@V?$basic_string@DU?$char_traits@D@std@@V?$allocator@D@2@@std@@@2@V?$allocator@UTransferInfo@@@2@@std@@QAE?AViterator@12@V312@0@Z 00412970 f i GameServer.obj
 0001:00011ab0       ??0?$pair@$$CBV?$basic_string@DU?$char_traits@D@std@@V?$allocator@D@2@@std@@UTransferInfo@@@std@@QAE@ABV?$basic_string@DU?$char_traits@D@std@@V?$allocator@D@2@@1@ABUTransferInfo@@@Z 00412ab0 f i GameServer.obj
 0001:00011be0       ?_Inc@const_iterator@?$_Tree@V?$basic_string@DU?$char_traits@D@std@@V?$allocator@D@2@@std@@U?$pair@$$CBV?$basic_string@DU?$char_traits@D@std@@V?$allocator@D@2@@std@@UTransferInfo@@@2@U_Kfn@?$map@V?$basic_string@DU?$char_traits@D@std@@V?$allocator@D@2@@std@@UTransferInfo@@U?$less@V?$basic_string@DU?$char_traits@D@std@@V?$allocator@D@2@@std@@@2@V?$allocator@UTransferInfo@@@2@@2@U?$less@V?$basic_string@DU?$char_traits@D@std@@V?$allocator@D@2@@std@@@2@V?$allocator@UTransferInfo@@@2@@std@@QAEXXZ 00412be0 f i GameServer.obj
 0001:00011c90       ??0?$pair@Viterator@?$_Tree@V?$basic_string@DU?$char_traits@D@std@@V?$allocator@D@2@@std@@U?$pair@$$CBV?$basic_string@DU?$char_traits@D@std@@V?$allocator@D@2@@std@@PAX@2@U_Kfn@?$map@V?$basic_string@DU?$char_traits@D@std@@V?$allocator@D@2@@std@@PAXU?$less@V?$basic_string@DU?$char_traits@D@std@@V?$allocator@D@2@@std@@@2@V?$allocator@PAX@2@@2@U?$less@V?$basic_string@DU?$char_traits@D@std@@V?$allocator@D@2@@std@@@2@V?$allocator@PAX@2@@std@@_N@std@@QAE@ABViterator@?$_Tree@V?$basic_string@DU?$char_traits@D@std@@V?$allocator@D@2@@std@@U?$pair@$$CBV?$basic_string@DU?$char_traits@D@std@@V?$allocator@D@2@@std@@PAX@2@U_Kfn@?$map@V?$basic_string@DU?$char_traits@D@std@@V?$allocator@D@2@@std@@PAXU?$less@V?$basic_string@DU?$char_traits@D@std@@V?$allocator@D@2@@std@@@2@V?$allocator@PAX@2@@2@U?$less@V?$basic_string@DU?$char_traits@D@std@@V?$allocator@D@2@@std@@@2@V?$allocator@PAX@2@@1@AB_N@Z 00412c90 f i GameServer.obj
 0001:00011cb0       ?erase@?$_Tree@IU?$pair@$$CBIV?$list@PAVIGServer@@V?$allocator@PAVIGServer@@@std@@@std@@@std@@U_Kfn@?$map@IV?$list@PAVIGServer@@V?$allocator@PAVIGServer@@@std@@@std@@U?$less@I@2@V?$allocator@V?$list@PAVIGServer@@V?$allocator@PAVIGServer@@@std@@@std@@@2@@2@U?$less@I@2@V?$allocator@V?$list@PAVIGServer@@V?$allocator@PAVIGServer@@@std@@@std@@@2@@std@@QAE?AViterator@12@V312@@Z 00412cb0 f i GameServer.obj
 0001:000121f0       ?erase@?$list@PAVIGServer@@V?$allocator@PAVIGServer@@@std@@@std@@QAE?AViterator@12@V312@@Z 004131f0 f i GameServer.obj
 0001:00012230       ?_Next@_Acc@?$list@PAVIGServer@@V?$allocator@PAVIGServer@@@std@@@std@@SAAAPAU_Node@23@PAU423@@Z 00413230 f i GameServer.obj
 0001:00012240       ?_Erase@?$_Tree@IU?$pair@$$CBIV?$list@PAVIGServer@@V?$allocator@PAVIGServer@@@std@@@std@@@std@@U_Kfn@?$map@IV?$list@PAVIGServer@@V?$allocator@PAVIGServer@@@std@@@std@@U?$less@I@2@V?$allocator@V?$list@PAVIGServer@@V?$allocator@PAVIGServer@@@std@@@std@@@2@@2@U?$less@I@2@V?$allocator@V?$list@PAVIGServer@@V?$allocator@PAVIGServer@@@std@@@std@@@2@@std@@IAEXPAU_Node@12@@Z 00413240 f i GameServer.obj
 0001:00012320       ?_Insert@?$_Tree@IU?$pair@$$CBIV?$list@PAVIGServer@@V?$allocator@PAVIGServer@@@std@@@std@@@std@@U_Kfn@?$map@IV?$list@PAVIGServer@@V?$allocator@PAVIGServer@@@std@@@std@@U?$less@I@2@V?$allocator@V?$list@PAVIGServer@@V?$allocator@PAVIGServer@@@std@@@std@@@2@@2@U?$less@I@2@V?$allocator@V?$list@PAVIGServer@@V?$allocator@PAVIGServer@@@std@@@std@@@2@@std@@IAE?AViterator@12@PAU_Node@12@0ABU?$pair@$$CBIV?$list@PAVIGServer@@V?$allocator@PAVIGServer@@@std@@@std@@@2@@Z 00413320 f i GameServer.obj
 0001:00012620       ?begin@?$list@PAVIGServer@@V?$allocator@PAVIGServer@@@std@@@std@@QBE?AVconst_iterator@12@XZ 00413620 f i GameServer.obj
 0001:00012630       ?end@?$list@PAVIGServer@@V?$allocator@PAVIGServer@@@std@@@std@@QBE?AVconst_iterator@12@XZ 00413630 f i GameServer.obj
 0001:00012640       ?insert@?$list@PAVIGServer@@V?$allocator@PAVIGServer@@@std@@@std@@QAEXViterator@12@Vconst_iterator@12@1@Z 00413640 f i GameServer.obj
 0001:000126b0       ?_Inc@const_iterator@?$_Tree@IU?$pair@$$CBIV?$list@PAVIGServer@@V?$allocator@PAVIGServer@@@std@@@std@@@std@@U_Kfn@?$map@IV?$list@PAVIGServer@@V?$allocator@PAVIGServer@@@std@@@std@@U?$less@I@2@V?$allocator@V?$list@PAVIGServer@@V?$allocator@PAVIGServer@@@std@@@std@@@2@@2@U?$less@I@2@V?$allocator@V?$list@PAVIGServer@@V?$allocator@PAVIGServer@@@std@@@std@@@2@@std@@QAEXXZ 004136b0 f i GameServer.obj
 0001:00012760       ?lower_bound@?$_Tree@IU?$pair@$$CBIPAVIGServer@@@std@@U_Kfn@?$map@IPAVIGServer@@U?$less@I@std@@V?$allocator@PAVIGServer@@@3@@2@U?$less@I@2@V?$allocator@PAVIGServer@@@2@@std@@QAE?AViterator@12@ABI@Z 00413760 f i GameServer.obj
 0001:00012780       ?_Erase@?$_Tree@IU?$pair@$$CBIPAVIGServer@@@std@@U_Kfn@?$map@IPAVIGServer@@U?$less@I@std@@V?$allocator@PAVIGServer@@@3@@2@U?$less@I@2@V?$allocator@PAVIGServer@@@2@@std@@IAEXPAU_Node@12@@Z 00413780 f i GameServer.obj
 0001:00012810       ?_Insert@?$_Tree@IU?$pair@$$CBIPAVIGServer@@@std@@U_Kfn@?$map@IPAVIGServer@@U?$less@I@std@@V?$allocator@PAVIGServer@@@3@@2@U?$less@I@2@V?$allocator@PAVIGServer@@@2@@std@@IAE?AViterator@12@PAU_Node@12@0ABU?$pair@$$CBIPAVIGServer@@@2@@Z 00413810 f i GameServer.obj
 0001:00012b10       ?_Min@?$_Tree@IU?$pair@$$CBIPAVIGServer@@@std@@U_Kfn@?$map@IPAVIGServer@@U?$less@I@std@@V?$allocator@PAVIGServer@@@3@@2@U?$less@I@2@V?$allocator@PAVIGServer@@@2@@std@@KAPAU_Node@12@PAU312@@Z 00413b10 f i GameServer.obj
 0001:00012b50       ?lower_bound@?$_Tree@V?$basic_string@DU?$char_traits@D@std@@V?$allocator@D@2@@std@@U?$pair@$$CBV?$basic_string@DU?$char_traits@D@std@@V?$allocator@D@2@@std@@PAX@2@U_Kfn@?$map@V?$basic_string@DU?$char_traits@D@std@@V?$allocator@D@2@@std@@PAXU?$less@V?$basic_string@DU?$char_traits@D@std@@V?$allocator@D@2@@std@@@2@V?$allocator@PAX@2@@2@U?$less@V?$basic_string@DU?$char_traits@D@std@@V?$allocator@D@2@@std@@@2@V?$allocator@PAX@2@@std@@QAE?AViterator@12@ABV?$basic_string@DU?$char_traits@D@std@@V?$allocator@D@2@@2@@Z 00413b50 f i GameServer.obj
 0001:00012b70       ?_Erase@?$_Tree@V?$basic_string@DU?$char_traits@D@std@@V?$allocator@D@2@@std@@U?$pair@$$CBV?$basic_string@DU?$char_traits@D@std@@V?$allocator@D@2@@std@@PAX@2@U_Kfn@?$map@V?$basic_string@DU?$char_traits@D@std@@V?$allocator@D@2@@std@@PAXU?$less@V?$basic_string@DU?$char_traits@D@std@@V?$allocator@D@2@@std@@@2@V?$allocator@PAX@2@@2@U?$less@V?$basic_string@DU?$char_traits@D@std@@V?$allocator@D@2@@std@@@2@V?$allocator@PAX@2@@std@@IAEXPAU_Node@12@@Z 00413b70 f i GameServer.obj
 0001:00012c20       ?_Insert@?$_Tree@V?$basic_string@DU?$char_traits@D@std@@V?$allocator@D@2@@std@@U?$pair@$$CBV?$basic_string@DU?$char_traits@D@std@@V?$allocator@D@2@@std@@PAX@2@U_Kfn@?$map@V?$basic_string@DU?$char_traits@D@std@@V?$allocator@D@2@@std@@PAXU?$less@V?$basic_string@DU?$char_traits@D@std@@V?$allocator@D@2@@std@@@2@V?$allocator@PAX@2@@2@U?$less@V?$basic_string@DU?$char_traits@D@std@@V?$allocator@D@2@@std@@@2@V?$allocator@PAX@2@@std@@IAE?AViterator@12@PAU_Node@12@0ABU?$pair@$$CBV?$basic_string@DU?$char_traits@D@std@@V?$allocator@D@2@@std@@PAX@2@@Z 00413c20 f i GameServer.obj
 0001:00012f30       ?_Inc@const_iterator@?$_Tree@V?$basic_string@DU?$char_traits@D@std@@V?$allocator@D@2@@std@@U?$pair@$$CBV?$basic_string@DU?$char_traits@D@std@@V?$allocator@D@2@@std@@PAX@2@U_Kfn@?$map@V?$basic_string@DU?$char_traits@D@std@@V?$allocator@D@2@@std@@PAXU?$less@V?$basic_string@DU?$char_traits@D@std@@V?$allocator@D@2@@std@@@2@V?$allocator@PAX@2@@2@U?$less@V?$basic_string@DU?$char_traits@D@std@@V?$allocator@D@2@@std@@@2@V?$allocator@PAX@2@@std@@QAEXXZ 00413f30 f i GameServer.obj
 0001:00012fe0       ?insert@?$_Tree@V?$basic_string@DU?$char_traits@D@std@@V?$allocator@D@2@@std@@U?$pair@$$CBV?$basic_string@DU?$char_traits@D@std@@V?$allocator@D@2@@std@@UTransferInfo@@@2@U_Kfn@?$map@V?$basic_string@DU?$char_traits@D@std@@V?$allocator@D@2@@std@@UTransferInfo@@U?$less@V?$basic_string@DU?$char_traits@D@std@@V?$allocator@D@2@@std@@@2@V?$allocator@UTransferInfo@@@2@@2@U?$less@V?$basic_string@DU?$char_traits@D@std@@V?$allocator@D@2@@std@@@2@V?$allocator@UTransferInfo@@@2@@std@@QAE?AU?$pair@Viterator@?$_Tree@V?$basic_string@DU?$char_traits@D@std@@V?$allocator@D@2@@std@@U?$pair@$$CBV?$basic_string@DU?$char_traits@D@std@@V?$allocator@D@2@@std@@UTransferInfo@@@2@U_Kfn@?$map@V?$basic_string@DU?$char_traits@D@std@@V?$allocator@D@2@@std@@UTransferInfo@@U?$less@V?$basic_string@DU?$char_traits@D@std@@V?$allocator@D@2@@std@@@2@V?$allocator@UTransferInfo@@@2@@2@U?$less@V?$basic_string@DU?$char_traits@D@std@@V?$allocator@D@2@@std@@@2@V?$allocator@UTransferInfo@@@2@@std@@_N@2@ABU?$pair@$$CBV?$basic_string@DU?$char_traits@D@std@@V?$allocator@D@2@@std@@UTransferInfo@@@2@@Z 00413fe0 f i GameServer.obj
 0001:00013150       ?erase@?$_Tree@V?$basic_string@DU?$char_traits@D@std@@V?$allocator@D@2@@std@@U?$pair@$$CBV?$basic_string@DU?$char_traits@D@std@@V?$allocator@D@2@@std@@UTransferInfo@@@2@U_Kfn@?$map@V?$basic_string@DU?$char_traits@D@std@@V?$allocator@D@2@@std@@UTransferInfo@@U?$less@V?$basic_string@DU?$char_traits@D@std@@V?$allocator@D@2@@std@@@2@V?$allocator@UTransferInfo@@@2@@2@U?$less@V?$basic_string@DU?$char_traits@D@std@@V?$allocator@D@2@@std@@@2@V?$allocator@UTransferInfo@@@2@@std@@QAE?AViterator@12@V312@@Z 00414150 f i GameServer.obj
 0001:000136c0       ?equal_range@?$_Tree@V?$basic_string@DU?$char_traits@D@std@@V?$allocator@D@2@@std@@U?$pair@$$CBV?$basic_string@DU?$char_traits@D@std@@V?$allocator@D@2@@std@@UTransferInfo@@@2@U_Kfn@?$map@V?$basic_string@DU?$char_traits@D@std@@V?$allocator@D@2@@std@@UTransferInfo@@U?$less@V?$basic_string@DU?$char_traits@D@std@@V?$allocator@D@2@@std@@@2@V?$allocator@UTransferInfo@@@2@@2@U?$less@V?$basic_string@DU?$char_traits@D@std@@V?$allocator@D@2@@std@@@2@V?$allocator@UTransferInfo@@@2@@std@@QAE?AU?$pair@Viterator@?$_Tree@V?$basic_string@DU?$char_traits@D@std@@V?$allocator@D@2@@std@@U?$pair@$$CBV?$basic_string@DU?$char_traits@D@std@@V?$allocator@D@2@@std@@UTransferInfo@@@2@U_Kfn@?$map@V?$basic_string@DU?$char_traits@D@std@@V?$allocator@D@2@@std@@UTransferInfo@@U?$less@V?$basic_string@DU?$char_traits@D@std@@V?$allocator@D@2@@std@@@2@V?$allocator@UTransferInfo@@@2@@2@U?$less@V?$basic_string@DU?$char_traits@D@std@@V?$allocator@D@2@@std@@@2@V?$allocator@UTransferInfo@@@2@@std@@V123@@2@ABV?$basic_string@DU?$char_traits@D@std@@V?$allocator@D@2@@2@@Z 004146c0 f i GameServer.obj
 0001:000136f0       ?_Erase@?$_Tree@V?$basic_string@DU?$char_traits@D@std@@V?$allocator@D@2@@std@@U?$pair@$$CBV?$basic_string@DU?$char_traits@D@std@@V?$allocator@D@2@@std@@UTransferInfo@@@2@U_Kfn@?$map@V?$basic_string@DU?$char_traits@D@std@@V?$allocator@D@2@@std@@UTransferInfo@@U?$less@V?$basic_string@DU?$char_traits@D@std@@V?$allocator@D@2@@std@@@2@V?$allocator@UTransferInfo@@@2@@2@U?$less@V?$basic_string@DU?$char_traits@D@std@@V?$allocator@D@2@@std@@@2@V?$allocator@UTransferInfo@@@2@@std@@IAEXPAU_Node@12@@Z 004146f0 f i GameServer.obj
 0001:000137d0       ?insert@?$vector@V?$basic_string@DU?$char_traits@D@std@@V?$allocator@D@2@@std@@V?$allocator@V?$basic_string@DU?$char_traits@D@std@@V?$allocator@D@2@@std@@@2@@std@@QAEXPAV?$basic_string@DU?$char_traits@D@std@@V?$allocator@D@2@@2@IABV32@@Z 004147d0 f i GameServer.obj
 0001:00013a90       ??0?$pair@Viterator@?$_Tree@V?$basic_string@DU?$char_traits@D@std@@V?$allocator@D@2@@std@@U?$pair@$$CBV?$basic_string@DU?$char_traits@D@std@@V?$allocator@D@2@@std@@UTransferInfo@@@2@U_Kfn@?$map@V?$basic_string@DU?$char_traits@D@std@@V?$allocator@D@2@@std@@UTransferInfo@@U?$less@V?$basic_string@DU?$char_traits@D@std@@V?$allocator@D@2@@std@@@2@V?$allocator@UTransferInfo@@@2@@2@U?$less@V?$basic_string@DU?$char_traits@D@std@@V?$allocator@D@2@@std@@@2@V?$allocator@UTransferInfo@@@2@@std@@_N@std@@QAE@ABViterator@?$_Tree@V?$basic_string@DU?$char_traits@D@std@@V?$allocator@D@2@@std@@U?$pair@$$CBV?$basic_string@DU?$char_traits@D@std@@V?$allocator@D@2@@std@@UTransferInfo@@@2@U_Kfn@?$map@V?$basic_string@DU?$char_traits@D@std@@V?$allocator@D@2@@std@@UTransferInfo@@U?$less@V?$basic_string@DU?$char_traits@D@std@@V?$allocator@D@2@@std@@@2@V?$allocator@UTransferInfo@@@2@@2@U?$less@V?$basic_string@DU?$char_traits@D@std@@V?$allocator@D@2@@std@@@2@V?$allocator@UTransferInfo@@@2@@1@AB_N@Z 00414a90 f i GameServer.obj
 0001:00013ab0       ?_Lbound@?$_Tree@IU?$pair@$$CBIV?$list@PAVIGServer@@V?$allocator@PAVIGServer@@@std@@@std@@@std@@U_Kfn@?$map@IV?$list@PAVIGServer@@V?$allocator@PAVIGServer@@@std@@@std@@U?$less@I@2@V?$allocator@V?$list@PAVIGServer@@V?$allocator@PAVIGServer@@@std@@@std@@@2@@2@U?$less@I@2@V?$allocator@V?$list@PAVIGServer@@V?$allocator@PAVIGServer@@@std@@@std@@@2@@std@@IBEPAU_Node@12@ABI@Z 00414ab0 f i GameServer.obj
 0001:00013b00       ?_Dec@const_iterator@?$_Tree@IU?$pair@$$CBIV?$list@PAVIGServer@@V?$allocator@PAVIGServer@@@std@@@std@@@std@@U_Kfn@?$map@IV?$list@PAVIGServer@@V?$allocator@PAVIGServer@@@std@@@std@@U?$less@I@2@V?$allocator@V?$list@PAVIGServer@@V?$allocator@PAVIGServer@@@std@@@std@@@2@@2@U?$less@I@2@V?$allocator@V?$list@PAVIGServer@@V?$allocator@PAVIGServer@@@std@@@std@@@2@@std@@QAEXXZ 00414b00 f i GameServer.obj
 0001:00013bc0       ?_Lbound@?$_Tree@IU?$pair@$$CBIPAVIGServer@@@std@@U_Kfn@?$map@IPAVIGServer@@U?$less@I@std@@V?$allocator@PAVIGServer@@@3@@2@U?$less@I@2@V?$allocator@PAVIGServer@@@2@@std@@IBEPAU_Node@12@ABI@Z 00414bc0 f i GameServer.obj
 0001:00013c10       ?_Dec@const_iterator@?$_Tree@IU?$pair@$$CBIPAVIGServer@@@std@@U_Kfn@?$map@IPAVIGServer@@U?$less@I@std@@V?$allocator@PAVIGServer@@@3@@2@U?$less@I@2@V?$allocator@PAVIGServer@@@2@@std@@QAEXXZ 00414c10 f i GameServer.obj
 0001:00013cd0       ?_Lbound@?$_Tree@V?$basic_string@DU?$char_traits@D@std@@V?$allocator@D@2@@std@@U?$pair@$$CBV?$basic_string@DU?$char_traits@D@std@@V?$allocator@D@2@@std@@PAX@2@U_Kfn@?$map@V?$basic_string@DU?$char_traits@D@std@@V?$allocator@D@2@@std@@PAXU?$less@V?$basic_string@DU?$char_traits@D@std@@V?$allocator@D@2@@std@@@2@V?$allocator@PAX@2@@2@U?$less@V?$basic_string@DU?$char_traits@D@std@@V?$allocator@D@2@@std@@@2@V?$allocator@PAX@2@@std@@IBEPAU_Node@12@ABV?$basic_string@DU?$char_traits@D@std@@V?$allocator@D@2@@2@@Z 00414cd0 f i GameServer.obj
 0001:00013d90       ?_Dec@const_iterator@?$_Tree@V?$basic_string@DU?$char_traits@D@std@@V?$allocator@D@2@@std@@U?$pair@$$CBV?$basic_string@DU?$char_traits@D@std@@V?$allocator@D@2@@std@@PAX@2@U_Kfn@?$map@V?$basic_string@DU?$char_traits@D@std@@V?$allocator@D@2@@std@@PAXU?$less@V?$basic_string@DU?$char_traits@D@std@@V?$allocator@D@2@@std@@@2@V?$allocator@PAX@2@@2@U?$less@V?$basic_string@DU?$char_traits@D@std@@V?$allocator@D@2@@std@@@2@V?$allocator@PAX@2@@std@@QAEXXZ 00414d90 f i GameServer.obj
 0001:00013e50       ?lower_bound@?$_Tree@V?$basic_string@DU?$char_traits@D@std@@V?$allocator@D@2@@std@@U?$pair@$$CBV?$basic_string@DU?$char_traits@D@std@@V?$allocator@D@2@@std@@UTransferInfo@@@2@U_Kfn@?$map@V?$basic_string@DU?$char_traits@D@std@@V?$allocator@D@2@@std@@UTransferInfo@@U?$less@V?$basic_string@DU?$char_traits@D@std@@V?$allocator@D@2@@std@@@2@V?$allocator@UTransferInfo@@@2@@2@U?$less@V?$basic_string@DU?$char_traits@D@std@@V?$allocator@D@2@@std@@@2@V?$allocator@UTransferInfo@@@2@@std@@QAE?AViterator@12@ABV?$basic_string@DU?$char_traits@D@std@@V?$allocator@D@2@@2@@Z 00414e50 f i GameServer.obj
 0001:00013e70       ?upper_bound@?$_Tree@V?$basic_string@DU?$char_traits@D@std@@V?$allocator@D@2@@std@@U?$pair@$$CBV?$basic_string@DU?$char_traits@D@std@@V?$allocator@D@2@@std@@UTransferInfo@@@2@U_Kfn@?$map@V?$basic_string@DU?$char_traits@D@std@@V?$allocator@D@2@@std@@UTransferInfo@@U?$less@V?$basic_string@DU?$char_traits@D@std@@V?$allocator@D@2@@std@@@2@V?$allocator@UTransferInfo@@@2@@2@U?$less@V?$basic_string@DU?$char_traits@D@std@@V?$allocator@D@2@@std@@@2@V?$allocator@UTransferInfo@@@2@@std@@QAE?AViterator@12@ABV?$basic_string@DU?$char_traits@D@std@@V?$allocator@D@2@@2@@Z 00414e70 f i GameServer.obj
 0001:00013e90       ?_Insert@?$_Tree@V?$basic_string@DU?$char_traits@D@std@@V?$allocator@D@2@@std@@U?$pair@$$CBV?$basic_string@DU?$char_traits@D@std@@V?$allocator@D@2@@std@@UTransferInfo@@@2@U_Kfn@?$map@V?$basic_string@DU?$char_traits@D@std@@V?$allocator@D@2@@std@@UTransferInfo@@U?$less@V?$basic_string@DU?$char_traits@D@std@@V?$allocator@D@2@@std@@@2@V?$allocator@UTransferInfo@@@2@@2@U?$less@V?$basic_string@DU?$char_traits@D@std@@V?$allocator@D@2@@std@@@2@V?$allocator@UTransferInfo@@@2@@std@@IAE?AViterator@12@PAU_Node@12@0ABU?$pair@$$CBV?$basic_string@DU?$char_traits@D@std@@V?$allocator@D@2@@std@@UTransferInfo@@@2@@Z 00414e90 f i GameServer.obj
 0001:000141a0       ?_Lbound@?$_Tree@V?$basic_string@DU?$char_traits@D@std@@V?$allocator@D@2@@std@@U?$pair@$$CBV?$basic_string@DU?$char_traits@D@std@@V?$allocator@D@2@@std@@UTransferInfo@@@2@U_Kfn@?$map@V?$basic_string@DU?$char_traits@D@std@@V?$allocator@D@2@@std@@UTransferInfo@@U?$less@V?$basic_string@DU?$char_traits@D@std@@V?$allocator@D@2@@std@@@2@V?$allocator@UTransferInfo@@@2@@2@U?$less@V?$basic_string@DU?$char_traits@D@std@@V?$allocator@D@2@@std@@@2@V?$allocator@UTransferInfo@@@2@@std@@IBEPAU_Node@12@ABV?$basic_string@DU?$char_traits@D@std@@V?$allocator@D@2@@2@@Z 004151a0 f i GameServer.obj
 0001:00014260       ?_Ubound@?$_Tree@V?$basic_string@DU?$char_traits@D@std@@V?$allocator@D@2@@std@@U?$pair@$$CBV?$basic_string@DU?$char_traits@D@std@@V?$allocator@D@2@@std@@UTransferInfo@@@2@U_Kfn@?$map@V?$basic_string@DU?$char_traits@D@std@@V?$allocator@D@2@@std@@UTransferInfo@@U?$less@V?$basic_string@DU?$char_traits@D@std@@V?$allocator@D@2@@std@@@2@V?$allocator@UTransferInfo@@@2@@2@U?$less@V?$basic_string@DU?$char_traits@D@std@@V?$allocator@D@2@@std@@@2@V?$allocator@UTransferInfo@@@2@@std@@IBEPAU_Node@12@ABV?$basic_string@DU?$char_traits@D@std@@V?$allocator@D@2@@2@@Z 00415260 f i GameServer.obj
[...]
 0001:0001d000       _$E23                      0041e000 f   common:Buffer.obj
 0001:0001d020       _$E22                      0041e020 f   common:Buffer.obj
 0001:0001ad80       _$E19                      0041bd80 f   common:Exception.obj
 0001:0001ada0       _$E18                      0041bda0 f   common:Exception.obj
 0001:0001a8e0       _$E21                      0041b8e0 f   common:Win32Exception.obj
 0001:0001a900       _$E20                      0041b900 f   common:Win32Exception.obj
 0001:0001a420       ?Create@Win32@OnlineGameLib@@YAPAXPAU_SECURITY_ATTRIBUTES@@HHPBD@Z 0041b420 f   common:Mutex.obj
 0001:0001a820       _$E19                      0041b820 f   common:Mutex.obj
 0001:0001a840       _$E18                      0041b840 f   common:Mutex.obj
 0001:0002f7f1       __Mbrtowc_lk               004307f1 f   libcpmt:xmbtowc.obj
 0001:0002f0bd       _$E37                      004300bd f   libcpmt:xlocale.obj
 0001:0002f0d2       _$E36                      004300d2 f   libcpmt:xlocale.obj
 0001:0002c1f4       _$E47                      0042d1f4 f   libcpmt:wlocale.obj
 0001:0002c209       _$E46                      0042d209 f   libcpmt:wlocale.obj
 0001:00026006       _$E2                       00427006 f   libcpmt:nomemory.obj
 0001:0002507f       _$E18                      0042607f f   libcpmt:wiostrea.obj
 0001:00025089       _$E15                      00426089 f   libcpmt:wiostrea.obj
 0001:00025093       _$E17                      00426093 f   libcpmt:wiostrea.obj
 0001:0002509f       _$E16                      0042609f f   libcpmt:wiostrea.obj
 0001:000250a9       _$E24                      004260a9 f   libcpmt:wiostrea.obj
 0001:000250b3       _$E21                      004260b3 f   libcpmt:wiostrea.obj
 0001:000250bd       _$E23                      004260bd f   libcpmt:wiostrea.obj
 0001:000250c9       _$E22                      004260c9 f   libcpmt:wiostrea.obj
 0001:000250d3       _$E29                      004260d3 f   libcpmt:wiostrea.obj
 0001:000250dd       _$E26                      004260dd f   libcpmt:wiostrea.obj
 0001:000250ea       _$E28                      004260ea f   libcpmt:wiostrea.obj
 0001:000250f6       _$E27                      004260f6 f   libcpmt:wiostrea.obj
 0001:00025100       _$E34                      00426100 f   libcpmt:wiostrea.obj
 0001:0002510a       _$E31                      0042610a f   libcpmt:wiostrea.obj
 0001:00025117       _$E33                      00426117 f   libcpmt:wiostrea.obj
 0001:00025123       _$E32                      00426123 f   libcpmt:wiostrea.obj
 0001:0002512d       _$E39                      0042612d f   libcpmt:wiostrea.obj
 0001:00025137       _$E36                      00426137 f   libcpmt:wiostrea.obj
 0001:00025144       _$E38                      00426144 f   libcpmt:wiostrea.obj
 0001:00025150       _$E37                      00426150 f   libcpmt:wiostrea.obj
 0001:0002515a       _$E44                      0042615a f   libcpmt:wiostrea.obj
 0001:00025164       _$E41                      00426164 f   libcpmt:wiostrea.obj
 0001:00025173       _$E43                      00426173 f   libcpmt:wiostrea.obj
 0001:0002517f       _$E42                      0042617f f   libcpmt:wiostrea.obj
 0001:0002519e       _$E49                      0042619e f   libcpmt:wiostrea.obj
 0001:000251a8       _$E46                      004261a8 f   libcpmt:wiostrea.obj
 0001:000251b7       _$E48                      004261b7 f   libcpmt:wiostrea.obj
 0001:000251c3       _$E47                      004261c3 f   libcpmt:wiostrea.obj
 0001:000251e2       _$E54                      004261e2 f   libcpmt:wiostrea.obj
 0001:000251ec       _$E51                      004261ec f   libcpmt:wiostrea.obj
 0001:000251fb       _$E53                      004261fb f   libcpmt:wiostrea.obj
 0001:00025207       _$E52                      00426207 f   libcpmt:wiostrea.obj
 0001:00025211       _$E59                      00426211 f   libcpmt:wiostrea.obj
 0001:0002521b       _$E56                      0042621b f   libcpmt:wiostrea.obj
 0001:0002522a       _$E58                      0042622a f   libcpmt:wiostrea.obj
 0001:00025236       _$E57                      00426236 f   libcpmt:wiostrea.obj
 0001:00025f04       _$E70                      00426f04 f   libcpmt:wiostrea.obj
 0001:00025f2e       _$E66                      00426f2e f   libcpmt:wiostrea.obj
 0001:00025f3a       _$E69                      00426f3a f   libcpmt:wiostrea.obj
 0001:00024b41       _$E18                      00425b41 f   libcpmt:iostream.obj
 0001:00024b4b       _$E15                      00425b4b f   libcpmt:iostream.obj
 0001:00024b58       _$E17                      00425b58 f   libcpmt:iostream.obj
 0001:00024b64       _$E16                      00425b64 f   libcpmt:iostream.obj
 0001:00024b6e       _$E23                      00425b6e f   libcpmt:iostream.obj
 0001:00024b78       _$E20                      00425b78 f   libcpmt:iostream.obj
 0001:00024b85       _$E22                      00425b85 f   libcpmt:iostream.obj
 0001:00024b91       _$E21                      00425b91 f   libcpmt:iostream.obj
 0001:00024b9b       _$E28                      00425b9b f   libcpmt:iostream.obj
 0001:00024ba5       _$E25                      00425ba5 f   libcpmt:iostream.obj
 0001:00024bb4       _$E27                      00425bb4 f   libcpmt:iostream.obj
 0001:00024bc0       _$E26                      00425bc0 f   libcpmt:iostream.obj
 0001:00024bca       _$E33                      00425bca f   libcpmt:iostream.obj
 0001:00024bd4       _$E30                      00425bd4 f   libcpmt:iostream.obj
 0001:00024be3       _$E32                      00425be3 f   libcpmt:iostream.obj
 0001:00024bef       _$E31                      00425bef f   libcpmt:iostream.obj
 0001:00024bf9       _$E38                      00425bf9 f   libcpmt:iostream.obj
 0001:00024c03       _$E35                      00425c03 f   libcpmt:iostream.obj
 0001:00024c10       _$E37                      00425c10 f   libcpmt:iostream.obj
 0001:00024c1c       _$E36                      00425c1c f   libcpmt:iostream.obj
 0001:00024c26       _$E43                      00425c26 f   libcpmt:iostream.obj
 0001:00024c30       _$E40                      00425c30 f   libcpmt:iostream.obj
 0001:00024c3f       _$E42                      00425c3f f   libcpmt:iostream.obj
 0001:00024c4b       _$E41                      00425c4b f   libcpmt:iostream.obj
 0001:00024c55       _$E48                      00425c55 f   libcpmt:iostream.obj
 0001:00024c5f       _$E45                      00425c5f f   libcpmt:iostream.obj
 0001:00024c6e       _$E47                      00425c6e f   libcpmt:iostream.obj
 0001:00024c7a       _$E46                      00425c7a f   libcpmt:iostream.obj
 0001:0002503d       _$E60                      0042603d f   libcpmt:iostream.obj
 0001:00025067       _$E56                      00426067 f   libcpmt:iostream.obj
 0001:00025073       _$E59                      00426073 f   libcpmt:iostream.obj
 0001:00024aff       _$E32                      00425aff f   libcpmt:locale.obj
 0001:00024b29       _$E28                      00425b29 f   libcpmt:locale.obj
 0001:00024b35       _$E31                      00425b35 f   libcpmt:locale.obj
 0001:000220dd       _$E18                      004230dd f   libcpmt:locale0.obj
 0001:000220e7       _$E15                      004230e7 f   libcpmt:locale0.obj
 0001:000220e8       _$E17                      004230e8 f   libcpmt:locale0.obj
 0001:000220f4       _$E16                      004230f4 f   libcpmt:locale0.obj
 0001:00022526       _$E29                      00423526 f   libcpmt:locale0.obj
 0001:00022550       _$E25                      00423550 f   libcpmt:locale0.obj
 0001:0002255c       _$E28                      0042355c f   libcpmt:locale0.obj
 0001:0002209b       _$E24                      0042309b f   libcpmt:strstrea.obj
 0001:000220c5       _$E20                      004230c5 f   libcpmt:strstrea.obj
 0001:000220d1       _$E23                      004230d1 f   libcpmt:strstrea.obj
 0001:000211c6       ?_CleanUp@std@@YAXXZ       004221c6 f   libcpmt:xlock.obj
 0001:00021105       _$E24                      00422105 f   libcpmt:string.obj
 0001:0002112f       _$E20                      0042212f f   libcpmt:string.obj
 0001:0002113b       _$E23                      0042213b f   libcpmt:string.obj
 0001:0003dfde       _findenv                   0043efde f   LIBCMT:setenv.obj
 0001:0003e036       _copy_environ              0043f036 f   LIBCMT:setenv.obj
 0001:0003d03e       _ctrlevent_capture@4       0043e03e f   LIBCMT:winsig.obj
 0001:0003d222       _siglookup                 0043e222 f   LIBCMT:winsig.obj
 0001:0003c691       _xtoa                      0043d691 f   LIBCMT:xtoa.obj
 0001:0003c763       _x64toa@20                 0043d763 f   LIBCMT:xtoa.obj
 0001:0003bd53       _getSystemCP               0043cd53 f   LIBCMT:mbctype.obj
 0001:0003bd9d       _CPtoLCID                  0043cd9d f   LIBCMT:mbctype.obj
 0001:0003bdd0       _setSBCS                   0043cdd0 f   LIBCMT:mbctype.obj
 0001:0003bdf9       _setSBUpLow                0043cdf9 f   LIBCMT:mbctype.obj
 0001:0003bb75       _x_ismbbtype               0043cb75 f   LIBCMT:ismbbyte.obj
 0001:0003b1e0       __abstract_cw              0043c1e0 f   LIBCMT:ieee87.obj
 0001:0003b272       __hw_cw                    0043c272 f   LIBCMT:ieee87.obj
 0001:0003b2fb       __abstract_sw              0043c2fb f   LIBCMT:ieee87.obj
 0001:0003a11e       __tzset_lk                 0043b11e f   LIBCMT:tzset.obj
 0001:0003a3c6       __isindst_lk               0043b3c6 f   LIBCMT:tzset.obj
 0001:0003a572       _cvtdate                   0043b572 f   LIBCMT:tzset.obj
 0001:00039467       _TranslateName             0043a467 f   LIBCMT:getqloc.obj
 0001:000394bf       _GetLcidFromLangCountry    0043a4bf f   LIBCMT:getqloc.obj
 0001:00039546       _LangCountryEnumProc@4     0043a546 f   LIBCMT:getqloc.obj
 0001:0003974a       _GetLcidFromLanguage       0043a74a f   LIBCMT:getqloc.obj
 0001:000397a0       _LanguageEnumProc@4        0043a7a0 f   LIBCMT:getqloc.obj
 0001:0003985d       _GetLcidFromCountry        0043a85d f   LIBCMT:getqloc.obj
 0001:00039894       _CountryEnumProc@4         0043a894 f   LIBCMT:getqloc.obj
 0001:0003991a       _GetLcidFromDefault        0043a91a f   LIBCMT:getqloc.obj
 0001:00039934       _ProcessCodePage           0043a934 f   LIBCMT:getqloc.obj
 0001:0003999a       _TestDefaultCountry        0043a99a f   LIBCMT:getqloc.obj
 0001:000399b9       _TestDefaultLanguage       0043a9b9 f   LIBCMT:getqloc.obj
 0001:00039a1b       _IsThisWindowsNT           0043aa1b f   LIBCMT:getqloc.obj
 0001:00039a51       _crtGetLocaleInfoA@16      0043aa51 f   LIBCMT:getqloc.obj
 0001:00039b37       _LcidFromHexString         0043ab37 f   LIBCMT:getqloc.obj
 0001:00039b70       _GetPrimaryLen             0043ab70 f   LIBCMT:getqloc.obj
 0001:00038e72       __get_lc_lconv             00439e72 f   LIBCMT:initmon.obj
 0001:00038f94       _fix_grouping              00439f94 f   LIBCMT:initmon.obj
 0001:00038fcb       __free_lc_lconv            00439fcb f   LIBCMT:initmon.obj
 0001:00038d70       _fix_grouping              00439d70 f   LIBCMT:initnum.obj
 0001:000386bd       __get_lc_time              004396bd f   LIBCMT:inittime.obj
 0001:00038a0b       __free_lc_time             00439a0b f   LIBCMT:inittime.obj
 0001:000366f6       _parse_cmdline             004376f6 f   LIBCMT:stdargv.obj
 0001:00036512       _xcptlookup                00437512 f   LIBCMT:winxfltr.obj
 0001:000360d8       __cftoe2                   004370d8 f   LIBCMT:cvt.obj
 0001:000361ef       __cftof2                   004371ef f   LIBCMT:cvt.obj
 0001:0003637a       __shift                    0043737a f   LIBCMT:cvt.obj
 0001:00035774       _write_char                00436774 f   LIBCMT:output.obj
 0001:000357a9       _write_multi_char          004367a9 f   LIBCMT:output.obj
 0001:000357da       _write_string              004367da f   LIBCMT:output.obj
 0001:00035812       _get_int_arg               00436812 f   LIBCMT:output.obj
 0001:0003581f       _get_int64_arg             0043681f f   LIBCMT:output.obj
 0001:0003582f       _get_short_arg             0043682f f   LIBCMT:output.obj
 0001:00034677       ?FindHandler@@YAXPAUEHExceptionRecord@@PAUEHRegistrationNode@@PAU_CONTEXT@@PAXPBU_s_FuncInfo@@EH1@Z 00435677 f   LIBCMT:frame.obj
 0001:0003482a       ?FindHandlerForForeignException@@YAXPAUEHExceptionRecord@@PAUEHRegistrationNode@@PAU_CONTEXT@@PAXPBU_s_FuncInfo@@HH1@Z 0043582a f   LIBCMT:frame.obj
 0001:000348d4       ?TypeMatch@@YAHPBU_s_HandlerType@@PBU_s_CatchableType@@PBU_s_ThrowInfo@@@Z 004358d4 f   LIBCMT:frame.obj
 0001:000349cf       ?FrameUnwindFilter@@YAHPAU_EXCEPTION_POINTERS@@@Z 004359cf f   LIBCMT:frame.obj
 0001:000349e5       ?CatchIt@@YAXPAUEHExceptionRecord@@PAUEHRegistrationNode@@PAU_CONTEXT@@PAXPBU_s_FuncInfo@@PBU_s_HandlerType@@PBU_s_CatchableType@@PBU_s_TryBlockMapEntry@@H1E@Z 004359e5 f   LIBCMT:frame.obj
 0001:00034a60       ?CallCatchBlock@@YAPAXPAUEHExceptionRecord@@PAUEHRegistrationNode@@PAU_CONTEXT@@PBU_s_FuncInfo@@PAXHK@Z 00435a60 f   LIBCMT:frame.obj
 0001:00034b7b       ?ExFilterRethrow@@YAHPAU_EXCEPTION_POINTERS@@@Z 00435b7b f   LIBCMT:frame.obj
 0001:00034ba5       ?BuildCatchObject@@YAXPAUEHExceptionRecord@@PAUEHRegistrationNode@@PBU_s_HandlerType@@PBU_s_CatchableType@@@Z 00435ba5 f   LIBCMT:frame.obj
 0001:00034dd0       ?AdjustPointer@@YAPAXPAXABUPMD@@@Z 00435dd0 f   LIBCMT:frame.obj
 0001:0003426c       _doexit                    0043526c f   LIBCMT:crt0dat.obj
 0001:00034323       __initterm                 00435323 f   LIBCMT:crt0dat.obj
 0001:000341d4       _strncnt                   004351d4 f   LIBCMT:a_cmp.obj
 0001:00033e0d       _strncnt                   00434e0d f   LIBCMT:a_map.obj
 0001:0003330c       __expandtime               0043430c f   LIBCMT:strftime.obj
 0001:000336fb       __store_str                004346fb f   LIBCMT:strftime.obj
 0001:00033722       __store_num                00434722 f   LIBCMT:strftime.obj
 0001:00033791       __store_number             00434791 f   LIBCMT:strftime.obj
 0001:000337da       __store_winword            004347da f   LIBCMT:strftime.obj
 0001:000326d0       _strtoxl                   004336d0 f   LIBCMT:strtol.obj
 0001:000320c2       __setlocale_set_cat        004330c2 f   LIBCMT:setlocal.obj
 0001:000321dd       __setlocale_get_all        004331dd f   LIBCMT:setlocal.obj
 0001:00031b00       LeadUp1                    00432b00 f   LIBCMT:memcpy.obj
 0001:00031b2c       LeadUp2                    00432b2c f   LIBCMT:memcpy.obj
 0001:00031b50       LeadUp3                    00432b50 f   LIBCMT:memcpy.obj
 0001:00031bcf       UnwindUp0                  00432bcf f   LIBCMT:memcpy.obj
 0001:00031bbc       UnwindUp1                  00432bbc f   LIBCMT:memcpy.obj
 0001:00031bb4       UnwindUp2                  00432bb4 f   LIBCMT:memcpy.obj
 0001:00031bac       UnwindUp3                  00432bac f   LIBCMT:memcpy.obj
 0001:00031ba4       UnwindUp4                  00432ba4 f   LIBCMT:memcpy.obj
 0001:00031b9c       UnwindUp5                  00432b9c f   LIBCMT:memcpy.obj
 0001:00031b94       UnwindUp6                  00432b94 f   LIBCMT:memcpy.obj
 0001:00031b8c       UnwindUp7                  00432b8c f   LIBCMT:memcpy.obj
 0001:00031be8       TrailUp0                   00432be8 f   LIBCMT:memcpy.obj
 0001:00031bf0       TrailUp1                   00432bf0 f   LIBCMT:memcpy.obj
 0001:00031bfc       TrailUp2                   00432bfc f   LIBCMT:memcpy.obj
 0001:00031c10       TrailUp3                   00432c10 f   LIBCMT:memcpy.obj
 0001:00031c88       LeadDown1                  00432c88 f   LIBCMT:memcpy.obj
 0001:00031ca8       LeadDown2                  00432ca8 f   LIBCMT:memcpy.obj
 0001:00031cd0       LeadDown3                  00432cd0 f   LIBCMT:memcpy.obj
 0001:00031d24       UnwindDown7                00432d24 f   LIBCMT:memcpy.obj
 0001:00031d2c       UnwindDown6                00432d2c f   LIBCMT:memcpy.obj
 0001:00031d34       UnwindDown5                00432d34 f   LIBCMT:memcpy.obj
 0001:00031d3c       UnwindDown4                00432d3c f   LIBCMT:memcpy.obj
 0001:00031d44       UnwindDown3                00432d44 f   LIBCMT:memcpy.obj
 0001:00031d4c       UnwindDown2                00432d4c f   LIBCMT:memcpy.obj
 0001:00031d54       UnwindDown1                00432d54 f   LIBCMT:memcpy.obj
 0001:00031d67       UnwindDown0                00432d67 f   LIBCMT:memcpy.obj
 0001:00031d80       TrailDown0                 00432d80 f   LIBCMT:memcpy.obj
 0001:00031d88       TrailDown1                 00432d88 f   LIBCMT:memcpy.obj
 0001:00031d98       TrailDown2                 00432d98 f   LIBCMT:memcpy.obj
 0001:00031dac       TrailDown3                 00432dac f   LIBCMT:memcpy.obj
 0001:000318fb       _flsall                    004328fb f   LIBCMT:fflush.obj
 0001:0003101c       _fast_error_exit           0043201c f   LIBCMT:wincrt0.obj
 0001:000307cc       ?ArrayUnwindFilter@@YAHPAU_EXCEPTION_POINTERS@@@Z 004317cc f   LIBCMT:ehvecdtr.obj
 0001:00030420       LeadUp1                    00431420 f   LIBCMT:memmove.obj
 0001:0003044c       LeadUp2                    0043144c f   LIBCMT:memmove.obj
 0001:00030470       LeadUp3                    00431470 f   LIBCMT:memmove.obj
 0001:000304ef       UnwindUp0                  004314ef f   LIBCMT:memmove.obj
 0001:000304dc       UnwindUp1                  004314dc f   LIBCMT:memmove.obj
 0001:000304d4       UnwindUp2                  004314d4 f   LIBCMT:memmove.obj
 0001:000304cc       UnwindUp3                  004314cc f   LIBCMT:memmove.obj
 0001:000304c4       UnwindUp4                  004314c4 f   LIBCMT:memmove.obj
 0001:000304bc       UnwindUp5                  004314bc f   LIBCMT:memmove.obj
 0001:000304b4       UnwindUp6                  004314b4 f   LIBCMT:memmove.obj
 0001:000304ac       UnwindUp7                  004314ac f   LIBCMT:memmove.obj
 0001:00030508       TrailUp0                   00431508 f   LIBCMT:memmove.obj
 0001:00030510       TrailUp1                   00431510 f   LIBCMT:memmove.obj
 0001:0003051c       TrailUp2                   0043151c f   LIBCMT:memmove.obj
 0001:00030530       TrailUp3                   00431530 f   LIBCMT:memmove.obj
 0001:000305a8       LeadDown1                  004315a8 f   LIBCMT:memmove.obj
 0001:000305c8       LeadDown2                  004315c8 f   LIBCMT:memmove.obj
 0001:000305f0       LeadDown3                  004315f0 f   LIBCMT:memmove.obj
 0001:00030644       UnwindDown7                00431644 f   LIBCMT:memmove.obj
 0001:0003064c       UnwindDown6                0043164c f   LIBCMT:memmove.obj
 0001:00030654       UnwindDown5                00431654 f   LIBCMT:memmove.obj
 0001:0003065c       UnwindDown4                0043165c f   LIBCMT:memmove.obj
 0001:00030664       UnwindDown3                00431664 f   LIBCMT:memmove.obj
 0001:0003066c       UnwindDown2                0043166c f   LIBCMT:memmove.obj
 0001:00030674       UnwindDown1                00431674 f   LIBCMT:memmove.obj
 0001:00030687       UnwindDown0                00431687 f   LIBCMT:memmove.obj
 0001:000306a0       TrailDown0                 004316a0 f   LIBCMT:memmove.obj
 0001:000306a8       TrailDown1                 004316a8 f   LIBCMT:memmove.obj
 0001:000306b8       TrailDown2                 004316b8 f   LIBCMT:memmove.obj
 0001:000306cc       TrailDown3                 004316cc f   LIBCMT:memmove.obj
 0001:00030194       _gu_return                 00431194 f   LIBCMT:exsup.obj
 0001:0003019c       __unwind_handler           0043119c f   LIBCMT:exsup.obj
 0001:0002ffb0       ?CatchGuardHandler@@YA?AW4_EXCEPTION_DISPOSITION@@PAUEHExceptionRecord@@PAUCatchGuardRN@@PAX2@Z 00430fb0 f   LIBCMT:trnsctrl.obj
 0001:0003008b       ?TranslatorGuardHandler@@YA?AW4_EXCEPTION_DISPOSITION@@PAUEHExceptionRecord@@PAUTranslatorGuardRN@@PAX2@Z 0043108b f   LIBCMT:trnsctrl.obj
