 Bishop

 Timestamp is 69421f5e (Tue Dec 16 22:11:26 2025)

 Preferred load address is 00400000

 Start         Length     Name                   Class
 0001:00000000 0003e814H .text                   CODE
 0001:0003e820 0000366eH .text$x                 CODE
 0002:00000000 00000268H .idata$5                DATA
 0002:00000268 00001974H .rdata                  DATA
 0002:00001be0 0000122cH .rdata$r                DATA
 0002:00002e10 00005b40H .xdata$x                DATA
 0002:00008950 000000a0H .idata$2                DATA
 0002:000089f0 00000014H .idata$3                DATA
 0002:00008a04 00000268H .idata$4                DATA
 0002:00008c6c 00000a2eH .idata$6                DATA
 0002:0000969a 00000000H .edata                  DATA
 0003:00000000 00000004H .CRT$XCA                DATA
 0003:00000004 0000012cH .CRT$XCU                DATA
 0003:00000130 00000004H .CRT$XCZ                DATA
 0003:00000134 00000004H .CRT$XIA                DATA
 0003:00000138 0000000cH .CRT$XIC                DATA
 0003:00000144 00000004H .CRT$XIY                DATA
 0003:00000148 00000004H .CRT$XIZ                DATA
 0003:0000014c 00000004H .CRT$XPA                DATA
 0003:00000150 00000004H .CRT$XPX                DATA
 0003:00000154 00000004H .CRT$XPZ                DATA
 0003:00000158 00000004H .CRT$XTA                DATA
 0003:0000015c 00000004H .CRT$XTB                DATA
 0003:00000160 00000004H .CRT$XTZ                DATA
 0003:00000170 000046f0H .data                   DATA
 0003:00004860 00002310H .bss                    DATA
 0004:00000000 000002c8H .rsrc$01                DATA
 0004:000002d0 00006d90H .rsrc$02                DATA

  Address         Publics by Value              Rva+Base     Lib:Object

 0001:00000050       ??0CBishopApp@@QAE@XZ      00401050 f   Application.obj
 0001:00000070       ??_GCBishopApp@@UAEPAXI@Z  00401070 f i Application.obj
 0001:00000070       ??_ECBishopApp@@UAEPAXI@Z  00401070 f i Application.obj
 0001:00000090       ??0CBishopApp@@QAE@PAUHINSTANCE__@@@Z 00401090 f   Application.obj
 0001:000000c0       ??1CBishopApp@@UAE@XZ      004010c0 f   Application.obj
 0001:000000d0       ?Run@CBishopApp@@QAEHXZ    004010d0 f   Application.obj
 0001:00000170       ?LoginSystem@CBishopApp@@IAE_NXZ 00401170 f   Application.obj
 0001:000001a0       ?LoginDlgProc@CBishopApp@@KGHPAUHWND__@@IIJ@Z 004011a0 f   Application.obj
 0001:000003b0       ?EnterToAffirm@CBishopApp@@KAXPAUHWND__@@@Z 004013b0 f   Application.obj
 0001:00000420       ?LeaveToAffirm@CBishopApp@@KAXPAUHWND__@@@Z 00401420 f   Application.obj
 0001:00000480       ?CheckUserInfo@CBishopApp@@KA_NPAUHWND__@@@Z 00401480 f   Application.obj
 0001:00000580       ?ServerLoginRoutine@CBishopApp@@KGKPAUHWND__@@@Z 00401580 f   Application.obj
 0001:00000620       ?RegisterMainWndClass@CBishopApp@@IAEHXZ 00401620 f   Application.obj
 0001:000006d0       ?MainDialog@CBishopApp@@IAEIXZ 004016d0 f   Application.obj
 0001:00000780       ?MainWndProc@CBishopApp@@KGHPAUHWND__@@IIJ@Z 00401780 f   Application.obj
 0001:00000cb0       ?AddGameServerInfo@CBishopApp@@CAXPAUHWND__@@IPBD@Z 00401cb0 f   Application.obj
 0001:00000d10       ?DelGameServerInfo@CBishopApp@@CAXPAUHWND__@@I@Z 00401d10 f   Application.obj
 0001:00000d90       ?InitMainDlg@CBishopApp@@KAXPAUHWND__@@@Z 00401d90 f   Application.obj
 0001:00000e50       ?CloseMainDlg@CBishopApp@@KAXPAUHWND__@@@Z 00401e50 f   Application.obj
 0001:00000e70       ?UpdateVariable@CBishopApp@@KAXPAUHWND__@@@Z 00401e70 f   Application.obj
 0001:00000f50       ?EnableGameSvrCtrl@CBishopApp@@KAXPAUHWND__@@H@Z 00401f50 f   Application.obj
 0001:00000fd0       ?EnableCtrl@CBishopApp@@KAXPAUHWND__@@IH@Z 00401fd0 f   Application.obj
 0001:00001000       ?SendAnnounceText@CBishopApp@@KAXPAUHWND__@@PBDIIH@Z 00402000 f   Application.obj
 0001:000010d0       ?_Grow@?$basic_string@DU?$char_traits@D@std@@V?$allocator@D@2@@std@@AAE_NI_N@Z 004020d0 f i Application.obj
 0001:000011f0       ?_Copy@?$basic_string@DU?$char_traits@D@std@@V?$allocator@D@2@@std@@AAEXI@Z 004021f0 f i Application.obj
 0001:00001330       ?id@?$ctype@G@std@@$E      00402330 f i Application.obj
 0001:00001340       _WinMain@16                00402340 f   Bishop.obj
 0001:000013a0       ??0CEvent@Win32@OnlineGameLib@@QAE@PAU_SECURITY_ATTRIBUTES@@_N1@Z 004023a0 f   Event.obj
 0001:000014b0       ??1CWin32Exception@Win32@OnlineGameLib@@UAE@XZ 004024b0 f i Event.obj
 0001:00001530       ??_ECException@Win32@OnlineGameLib@@UAEPAXI@Z 00402530 f i Event.obj
 0001:00001530       ??_GCException@Win32@OnlineGameLib@@UAEPAXI@Z 00402530 f i Event.obj
 0001:00001550       ??1CException@Win32@OnlineGameLib@@UAE@XZ 00402550 f i Event.obj
 0001:000015d0       ??0CWin32Exception@Win32@OnlineGameLib@@QAE@ABV012@@Z 004025d0 f i Event.obj
 0001:00001710       ??0CException@Win32@OnlineGameLib@@QAE@ABV012@@Z 00402710 f i Event.obj
 0001:00001850       ??_ECWin32Exception@Win32@OnlineGameLib@@UAEPAXI@Z 00402850 f i Event.obj
 0001:00001850       ??_GCWin32Exception@Win32@OnlineGameLib@@UAEPAXI@Z 00402850 f i Event.obj
 0001:00001870       ??_ECEvent@Win32@OnlineGameLib@@UAEPAXI@Z 00402870 f i Event.obj
 0001:00001870       ??_GCEvent@Win32@OnlineGameLib@@UAEPAXI@Z 00402870 f i Event.obj
 0001:00001890       ??0CEvent@Win32@OnlineGameLib@@QAE@PAU_SECURITY_ATTRIBUTES@@_N1PBD@Z 00402890 f   Event.obj
 0001:000018c0       ??1CEvent@Win32@OnlineGameLib@@UAE@XZ 004028c0 f   Event.obj
 0001:000018e0       ?Wait@CEvent@Win32@OnlineGameLib@@QBEXXZ 004028e0 f   Event.obj
 0001:000019e0       ?Wait@CEvent@Win32@OnlineGameLib@@QBE_NK@Z 004029e0 f   Event.obj
 0001:00001ad0       ?Reset@CEvent@Win32@OnlineGameLib@@QAEXXZ 00402ad0 f   Event.obj
 0001:00001ba0       ?Set@CEvent@Win32@OnlineGameLib@@QAEXXZ 00402ba0 f   Event.obj
 0001:00001c70       ?Pulse@CEvent@Win32@OnlineGameLib@@QAEXXZ 00402c70 f   Event.obj
 0001:00001d40       ??1?$basic_string@DU?$char_traits@D@std@@V?$allocator@D@2@@std@@QAE@XZ 00402d40 f i Event.obj
 0001:00001d80       ?assign@?$basic_string@DU?$char_traits@D@std@@V?$allocator@D@2@@std@@QAEAAV12@ABV12@II@Z 00402d80 f i Event.obj
 0001:00001f80       ?_Tidy@?$basic_string@DU?$char_traits@D@std@@V?$allocator@D@2@@std@@AAEX_N@Z 00402f80 f i Event.obj
 0001:00001fd0       ?assign@?$basic_string@DU?$char_traits@D@std@@V?$allocator@D@2@@std@@QAEAAV12@PBDI@Z 00402fd0 f i Event.obj
 0001:00002070       ?erase@?$basic_string@DU?$char_traits@D@std@@V?$allocator@D@2@@std@@QAEAAV12@II@Z 00403070 f i Event.obj
 0001:00002190       ?_Eos@?$basic_string@DU?$char_traits@D@std@@V?$allocator@D@2@@std@@AAEXI@Z 00403190 f i Event.obj
 0001:000021b0       ?max_size@?$basic_string@DU?$char_traits@D@std@@V?$allocator@D@2@@std@@QBEIXZ 004031b0 f i Event.obj
 0001:000021c0       ?_Split@?$basic_string@DU?$char_traits@D@std@@V?$allocator@D@2@@std@@AAEXXZ 004031c0 f i Event.obj
 0001:00002350       ??1?$set@V?$basic_string@DU?$char_traits@D@std@@V?$allocator@D@2@@std@@U?$less@V?$basic_string@DU?$char_traits@D@std@@V?$allocator@D@2@@std@@@2@V?$allocator@V?$basic_string@DU?$char_traits@D@std@@V?$allocator@D@2@@std@@@2@@std@@QAE@XZ 00403350 f i GamePlayer.obj
 0001:000024d0       ??1?$map@V?$basic_string@DU?$char_traits@D@std@@V?$allocator@D@2@@std@@PAVIPlayer@@U?$less@V?$basic_string@DU?$char_traits@D@std@@V?$allocator@D@2@@std@@@2@V?$allocator@PAVIPlayer@@@2@@std@@QAE@XZ 004034d0 f i GamePlayer.obj
 0001:00002660       ?SetupGlobalAllocator@CGamePlayer@@SA_NII@Z 00403660 f   GamePlayer.obj
 0001:00002680       ??0CTask@CGamePlayer@@IAE@XZ 00403680 f   GamePlayer.obj
 0001:000026a0       ??1CTask@CGamePlayer@@QAE@XZ 004036a0 f   GamePlayer.obj
 0001:00002760       ??0CTask@CGamePlayer@@QAE@PAV1@I@Z 00403760 f   GamePlayer.obj
 0001:00002790       ?AddCmd@CTask@CGamePlayer@@QAEIP82@AEIXZ@Z 00403790 f   GamePlayer.obj
 0001:000027f0       ?Execute@CTask@CGamePlayer@@QAEIXZ 004037f0 f   GamePlayer.obj
 0001:00002870       ??0CDataQueue@CGamePlayer@@QAE@II@Z 00403870 f   GamePlayer.obj
 0001:00002960       ??1?$map@JPAVCBuffer@Win32@OnlineGameLib@@U?$less@J@std@@V?$allocator@PAVCBuffer@Win32@OnlineGameLib@@@5@@std@@QAE@XZ 00403960 f i GamePlayer.obj
 0001:000029d0       ??1CDataQueue@CGamePlayer@@QAE@XZ 004039d0 f   GamePlayer.obj
 0001:00002a90       ??1CCriticalSection@Win32@OnlineGameLib@@QAE@XZ 00403a90 f i GamePlayer.obj
 0001:00002aa0       ?Empty@CDataQueue@CGamePlayer@@QAEXXZ 00403aa0 f   GamePlayer.obj
 0001:00002b50       ??1Owner@CCriticalSection@Win32@OnlineGameLib@@QAE@XZ 00403b50 f i GamePlayer.obj
 0001:00002b60       ?AddData@CDataQueue@CGamePlayer@@QAE_NJPBEI@Z 00403b60 f   GamePlayer.obj
 0001:00002cb0       ?Attach@CDataQueue@CGamePlayer@@QAEPAVCBuffer@Win32@OnlineGameLib@@J@Z 00403cb0 f   GamePlayer.obj
 0001:00002d70       ?Detach@CDataQueue@CGamePlayer@@QAEXJ@Z 00403d70 f   GamePlayer.obj
 0001:00002d80       ?Clear@CDataQueue@CGamePlayer@@QAEXJ@Z 00403d80 f   GamePlayer.obj
 0001:00002e40       ??0CGamePlayer@@QAE@I@Z    00403e40 f   GamePlayer.obj
 0001:00003020       ??1IPlayer@@UAE@XZ         00404020 f i GamePlayer.obj
 0001:00003030       ??_EIPlayer@@UAEPAXI@Z     00404030 f i GamePlayer.obj
 0001:00003030       ??_GIPlayer@@UAEPAXI@Z     00404030 f i GamePlayer.obj
 0001:00003050       ?IsActive@CGamePlayer@@UAE_NXZ 00404050 f i GamePlayer.obj
 0001:00003060       ??_ECGamePlayer@@UAEPAXI@Z 00404060 f i GamePlayer.obj
 0001:00003060       ??_GCGamePlayer@@UAEPAXI@Z 00404060 f i GamePlayer.obj
 0001:00003080       ??_FCDataQueue@CGamePlayer@@QAEXXZ 00404080 f i GamePlayer.obj
 0001:00003090       ??1CGamePlayer@@UAE@XZ     00404090 f   GamePlayer.obj
 0001:000032a0       ?Active@CGamePlayer@@UAE_NXZ 004042a0 f   GamePlayer.obj
 0001:000032f0       ?Inactive@CGamePlayer@@UAE_NXZ 004042f0 f   GamePlayer.obj
 0001:00003ef0       ?SafeClose@CGamePlayer@@IAEIXZ 00404ef0 f   GamePlayer.obj
 0001:00003f00       ?_UnlockAccount@CGamePlayer@@IAE_NXZ 00404f00 f   GamePlayer.obj
 0001:00004000       ?ATTACH_NETWORK@CGamePlayer@@SAXPAUIClient@@PAUIServer@@0@Z 00405000 f   GamePlayer.obj
 0001:00004020       ?DETACH_NETWORK@CGamePlayer@@SAXXZ 00405020 f   GamePlayer.obj
 0001:000040a0       ?DispatchTask@CGamePlayer@@UAE_NI@Z 004050a0 f   GamePlayer.obj
 0001:000040d0       ?IsWorking@CGamePlayer@@UAE_NXZ 004050d0 f   GamePlayer.obj
 0001:000040f0       ?Run@CGamePlayer@@UAE_NXZ  004050f0 f   GamePlayer.obj
 0001:00004480       ?AppendData@CGamePlayer@@UAE_NIPBXI@Z 00405480 f   GamePlayer.obj
 0001:000044e0       ?SmallPackProcess@CGamePlayer@@IAE_NIPBXI@Z 004054e0 f   GamePlayer.obj
 0001:00004530       ?LargePackProcess@CGamePlayer@@IAE_NIPBXI@Z 00405530 f   GamePlayer.obj
 0001:000045d0       ?DispatchTaskForAccount@CGamePlayer@@IAE_NPBXI@Z 004055d0 f   GamePlayer.obj
 0001:00004610       ?DispatchTaskForDBRole@CGamePlayer@@IAE_NPBXI@Z 00405610 f   GamePlayer.obj
 0001:00004650       ?DispatchTaskForPlayer@CGamePlayer@@IAE_NPBXI@Z 00405650 f   GamePlayer.obj
 0001:00004690       ?_ClearTaskQueue@CGamePlayer@@IAEXXZ 00405690 f   GamePlayer.obj
 0001:000046c0       ?InitTaskProcessor@CGamePlayer@@AAEXXZ 004056c0 f   GamePlayer.obj
 0001:00004790       ?TaskCompleted@CGamePlayer@@IAE_NXZ 00405790 f   GamePlayer.obj
 0001:000048b0       ?WaitForAccPwd@CGamePlayer@@IAEIXZ 004058b0 f   GamePlayer.obj
 0001:00005160       ?QueryAccPwd@CGamePlayer@@IAEIXZ 00406160 f   GamePlayer.obj
 0001:000053a0       ?VerifyAccount@CGamePlayer@@IAEIXZ 004063a0 f   GamePlayer.obj
 0001:000058d0       ?_VerifyAccount_ToPlayer@CGamePlayer@@IAE_NIK@Z 004068d0 f   GamePlayer.obj
 0001:00005a70       ?QueryRoleList@CGamePlayer@@IAEIXZ 00406a70 f   GamePlayer.obj
 0001:00005b90       ?ProcessRoleList@CGamePlayer@@IAEIXZ 00406b90 f   GamePlayer.obj
 0001:00005cd0       ?SelAddDelRole@CGamePlayer@@IAEIXZ 00406cd0 f   GamePlayer.obj
 0001:00005f40       ?DelRole_WaitForVerify@CGamePlayer@@IAEIXZ 00406f40 f   GamePlayer.obj
 0001:000060f0       ?WaitForCreateResult@CGamePlayer@@IAEIXZ 004070f0 f   GamePlayer.obj
 0001:000061f0       ?WaitForDeleteResult@CGamePlayer@@IAEIXZ 004071f0 f   GamePlayer.obj
 0001:000062f0       ?_QueryRoleInfo_ToDBRole@CGamePlayer@@IAE_NPBD_N@Z 004072f0 f   GamePlayer.obj
 0001:000063e0       ?_CreateNewPlayer_ToDBRole@CGamePlayer@@IAE_NPBDHHG@Z 004073e0 f   GamePlayer.obj
 0001:000065f0       ?_DeleteRole_ToDBRole@CGamePlayer@@IAEIPBXI@Z 004075f0 f   GamePlayer.obj
 0001:00006810       ?QueryAccExt@CGamePlayer@@IAEIXZ 00407810 f   GamePlayer.obj
 0001:00006910       ?VerifyAccExt@CGamePlayer@@IAEIXZ 00407910 f   GamePlayer.obj
 0001:000069e0       ?ProcessRoleInfo@CGamePlayer@@IAEIXZ 004079e0 f   GamePlayer.obj
 0001:00006b50       ?_SyncRoleInfo_ToGameServer@CGamePlayer@@IAE_NPBXI@Z 00407b50 f   GamePlayer.obj
 0001:00007080       ?WaitForGameSvrPermit@CGamePlayer@@IAEIXZ 00408080 f   GamePlayer.obj
 0001:000072a0       ?Attach@CGamePlayer@@UAE_NPBD@Z 004082a0 f   GamePlayer.obj
 0001:00007370       ?Add@CGamePlayer@@SA_NPBDPAVIPlayer@@@Z 00408370 f   GamePlayer.obj
 0001:00007510       ??1?$pair@$$CBV?$basic_string@DU?$char_traits@D@std@@V?$allocator@D@2@@std@@PAVIPlayer@@@std@@QAE@XZ 00408510 f i GamePlayer.obj
 0001:00007550       ?Del@CGamePlayer@@SA_NPBD@Z 00408550 f   GamePlayer.obj
 0001:00007690       ?Get@CGamePlayer@@SAPAVIPlayer@@PBD@Z 00408690 f   GamePlayer.obj
 0001:00007800       ??0?$set@V?$basic_string@DU?$char_traits@D@std@@V?$allocator@D@2@@std@@U?$less@V?$basic_string@DU?$char_traits@D@std@@V?$allocator@D@2@@std@@@2@V?$allocator@V?$basic_string@DU?$char_traits@D@std@@V?$allocator@D@2@@std@@@2@@std@@QAE@ABU?$less@V?$basic_string@DU?$char_traits@D@std@@V?$allocator@D@2@@std@@@1@ABV?$allocator@V?$basic_string@DU?$char_traits@D@std@@V?$allocator@D@2@@std@@@1@@Z 00408800 f i GamePlayer.obj
 0001:000078d0       ??1?$vector@PAVICommand@@V?$allocator@PAVICommand@@@std@@@std@@QAE@XZ 004088d0 f i GamePlayer.obj
 0001:00007900       ??0?$map@V?$basic_string@DU?$char_traits@D@std@@V?$allocator@D@2@@std@@PAVIPlayer@@U?$less@V?$basic_string@DU?$char_traits@D@std@@V?$allocator@D@2@@std@@@2@V?$allocator@PAVIPlayer@@@2@@std@@QAE@ABU?$less@V?$basic_string@DU?$char_traits@D@std@@V?$allocator@D@2@@std@@@1@ABV?$allocator@PAVIPlayer@@@1@@Z 00408900 f i GamePlayer.obj
 0001:000079d0       ?insert@?$_Tree@V?$basic_string@DU?$char_traits@D@std@@V?$allocator@D@2@@std@@V12@U_Kfn@?$set@V?$basic_string@DU?$char_traits@D@std@@V?$allocator@D@2@@std@@U?$less@V?$basic_string@DU?$char_traits@D@std@@V?$allocator@D@2@@std@@@2@V?$allocator@V?$basic_string@DU?$char_traits@D@std@@V?$allocator@D@2@@std@@@2@@2@U?$less@V?$basic_string@DU?$char_traits@D@std@@V?$allocator@D@2@@std@@@2@V?$allocator@V?$basic_string@DU?$char_traits@D@std@@V?$allocator@D@2@@std@@@2@@std@@QAE?AU?$pair@Viterator@?$_Tree@V?$basic_string@DU?$char_traits@D@std@@V?$allocator@D@2@@std@@V12@U_Kfn@?$set@V?$basic_string@DU?$char_traits@D@std@@V?$allocator@D@2@@std@@U?$less@V?$basic_string@DU?$char_traits@D@std@@V?$allocator@D@2@@std@@@2@V?$allocator@V?$basic_string@DU?$char_traits@D@std@@V?$allocator@D@2@@std@@@2@@2@U?$less@V?$basic_string@DU?$char_traits@D@std@@V?$allocator@D@2@@std@@@2@V?$allocator@V?$basic_string@DU?$char_traits@D@std@@V?$allocator@D@2@@std@@@2@@std@@_N@2@ABV?$basic_string@DU?$char_traits@D@std@@V?$allocator@D@2@@2@@Z 004089d0 f i GamePlayer.obj
 0001:00007b40       ?compare@?$basic_string@DU?$char_traits@D@std@@V?$allocator@D@2@@std@@QBEHIIPBDI@Z 00408b40 f i GamePlayer.obj
 0001:00007bb0       ?erase@?$_Tree@V?$basic_string@DU?$char_traits@D@std@@V?$allocator@D@2@@std@@V12@U_Kfn@?$set@V?$basic_string@DU?$char_traits@D@std@@V?$allocator@D@2@@std@@U?$less@V?$basic_string@DU?$char_traits@D@std@@V?$allocator@D@2@@std@@@2@V?$allocator@V?$basic_string@DU?$char_traits@D@std@@V?$allocator@D@2@@std@@@2@@2@U?$less@V?$basic_string@DU?$char_traits@D@std@@V?$allocator@D@2@@std@@@2@V?$allocator@V?$basic_string@DU?$char_traits@D@std@@V?$allocator@D@2@@std@@@2@@std@@QAE?AViterator@12@V312@@Z 00408bb0 f i GamePlayer.obj
 0001:000080e0       ?erase@?$_Tree@V?$basic_string@DU?$char_traits@D@std@@V?$allocator@D@2@@std@@V12@U_Kfn@?$set@V?$basic_string@DU?$char_traits@D@std@@V?$allocator@D@2@@std@@U?$less@V?$basic_string@DU?$char_traits@D@std@@V?$allocator@D@2@@std@@@2@V?$allocator@V?$basic_string@DU?$char_traits@D@std@@V?$allocator@D@2@@std@@@2@@2@U?$less@V?$basic_string@DU?$char_traits@D@std@@V?$allocator@D@2@@std@@@2@V?$allocator@V?$basic_string@DU?$char_traits@D@std@@V?$allocator@D@2@@std@@@2@@std@@QAE?AViterator@12@V312@0@Z 004090e0 f i GamePlayer.obj
 0001:00008220       ?find@?$_Tree@V?$basic_string@DU?$char_traits@D@std@@V?$allocator@D@2@@std@@V12@U_Kfn@?$set@V?$basic_string@DU?$char_traits@D@std@@V?$allocator@D@2@@std@@U?$less@V?$basic_string@DU?$char_traits@D@std@@V?$allocator@D@2@@std@@@2@V?$allocator@V?$basic_string@DU?$char_traits@D@std@@V?$allocator@D@2@@std@@@2@@2@U?$less@V?$basic_string@DU?$char_traits@D@std@@V?$allocator@D@2@@std@@@2@V?$allocator@V?$basic_string@DU?$char_traits@D@std@@V?$allocator@D@2@@std@@@2@@std@@QAE?AViterator@12@ABV?$basic_string@DU?$char_traits@D@std@@V?$allocator@D@2@@2@@Z 00409220 f i GamePlayer.obj
 0001:000082b0       ?insert@?$_Tree@V?$basic_string@DU?$char_traits@D@std@@V?$allocator@D@2@@std@@U?$pair@$$CBV?$basic_string@DU?$char_traits@D@std@@V?$allocator@D@2@@std@@PAVIPlayer@@@2@U_Kfn@?$map@V?$basic_string@DU?$char_traits@D@std@@V?$allocator@D@2@@std@@PAVIPlayer@@U?$less@V?$basic_string@DU?$char_traits@D@std@@V?$allocator@D@2@@std@@@2@V?$allocator@PAVIPlayer@@@2@@2@U?$less@V?$basic_string@DU?$char_traits@D@std@@V?$allocator@D@2@@std@@@2@V?$allocator@PAVIPlayer@@@2@@std@@QAE?AU?$pair@Viterator@?$_Tree@V?$basic_string@DU?$char_traits@D@std@@V?$allocator@D@2@@std@@U?$pair@$$CBV?$basic_string@DU?$char_traits@D@std@@V?$allocator@D@2@@std@@PAVIPlayer@@@2@U_Kfn@?$map@V?$basic_string@DU?$char_traits@D@std@@V?$allocator@D@2@@std@@PAVIPlayer@@U?$less@V?$basic_string@DU?$char_traits@D@std@@V?$allocator@D@2@@std@@@2@V?$allocator@PAVIPlayer@@@2@@2@U?$less@V?$basic_string@DU?$char_traits@D@std@@V?$allocator@D@2@@std@@@2@V?$allocator@PAVIPlayer@@@2@@std@@_N@2@ABU?$pair@$$CBV?$basic_string@DU?$char_traits@D@std@@V?$allocator@D@2@@std@@PAVIPlayer@@@2@@Z 004092b0 f i GamePlayer.obj
 0001:00008420       ?erase@?$_Tree@V?$basic_string@DU?$char_traits@D@std@@V?$allocator@D@2@@std@@U?$pair@$$CBV?$basic_string@DU?$char_traits@D@std@@V?$allocator@D@2@@std@@PAVIPlayer@@@2@U_Kfn@?$map@V?$basic_string@DU?$char_traits@D@std@@V?$allocator@D@2@@std@@PAVIPlayer@@U?$less@V?$basic_string@DU?$char_traits@D@std@@V?$allocator@D@2@@std@@@2@V?$allocator@PAVIPlayer@@@2@@2@U?$less@V?$basic_string@DU?$char_traits@D@std@@V?$allocator@D@2@@std@@@2@V?$allocator@PAVIPlayer@@@2@@std@@QAE?AViterator@12@V312@@Z 00409420 f i GamePlayer.obj
 0001:00008950       ?erase@?$_Tree@V?$basic_string@DU?$char_traits@D@std@@V?$allocator@D@2@@std@@U?$pair@$$CBV?$basic_string@DU?$char_traits@D@std@@V?$allocator@D@2@@std@@PAVIPlayer@@@2@U_Kfn@?$map@V?$basic_string@DU?$char_traits@D@std@@V?$allocator@D@2@@std@@PAVIPlayer@@U?$less@V?$basic_string@DU?$char_traits@D@std@@V?$allocator@D@2@@std@@@2@V?$allocator@PAVIPlayer@@@2@@2@U?$less@V?$basic_string@DU?$char_traits@D@std@@V?$allocator@D@2@@std@@@2@V?$allocator@PAVIPlayer@@@2@@std@@QAE?AViterator@12@V312@0@Z 00409950 f i GamePlayer.obj
 0001:00008a90       ?find@?$_Tree@V?$basic_string@DU?$char_traits@D@std@@V?$allocator@D@2@@std@@U?$pair@$$CBV?$basic_string@DU?$char_traits@D@std@@V?$allocator@D@2@@std@@PAVIPlayer@@@2@U_Kfn@?$map@V?$basic_string@DU?$char_traits@D@std@@V?$allocator@D@2@@std@@PAVIPlayer@@U?$less@V?$basic_string@DU?$char_traits@D@std@@V?$allocator@D@2@@std@@@2@V?$allocator@PAVIPlayer@@@2@@2@U?$less@V?$basic_string@DU?$char_traits@D@std@@V?$allocator@D@2@@std@@@2@V?$allocator@PAVIPlayer@@@2@@std@@QAE?AViterator@12@ABV?$basic_string@DU?$char_traits@D@std@@V?$allocator@D@2@@2@@Z 00409a90 f i GamePlayer.obj
 0001:00008b20       ?insert@?$_Tree@JU?$pair@$$CBJPAVCBuffer@Win32@OnlineGameLib@@@std@@U_Kfn@?$map@JPAVCBuffer@Win32@OnlineGameLib@@U?$less@J@std@@V?$allocator@PAVCBuffer@Win32@OnlineGameLib@@@5@@2@U?$less@J@2@V?$allocator@PAVCBuffer@Win32@OnlineGameLib@@@2@@std@@QAE?AU?$pair@Viterator@?$_Tree@JU?$pair@$$CBJPAVCBuffer@Win32@OnlineGameLib@@@std@@U_Kfn@?$map@JPAVCBuffer@Win32@OnlineGameLib@@U?$less@J@std@@V?$allocator@PAVCBuffer@Win32@OnlineGameLib@@@5@@2@U?$less@J@2@V?$allocator@PAVCBuffer@Win32@OnlineGameLib@@@2@@std@@_N@2@ABU?$pair@$$CBJPAVCBuffer@Win32@OnlineGameLib@@@2@@Z 00409b20 f i GamePlayer.obj
 0001:00008c50       ?erase@?$_Tree@JU?$pair@$$CBJPAVCBuffer@Win32@OnlineGameLib@@@std@@U_Kfn@?$map@JPAVCBuffer@Win32@OnlineGameLib@@U?$less@J@std@@V?$allocator@PAVCBuffer@Win32@OnlineGameLib@@@5@@2@U?$less@J@2@V?$allocator@PAVCBuffer@Win32@OnlineGameLib@@@2@@std@@QAE?AViterator@12@V312@@Z 00409c50 f i GamePlayer.obj
 0001:00009170       ?erase@?$_Tree@JU?$pair@$$CBJPAVCBuffer@Win32@OnlineGameLib@@@std@@U_Kfn@?$map@JPAVCBuffer@Win32@OnlineGameLib@@U?$less@J@std@@V?$allocator@PAVCBuffer@Win32@OnlineGameLib@@@5@@2@U?$less@J@2@V?$allocator@PAVCBuffer@Win32@OnlineGameLib@@@2@@std@@QAE?AViterator@12@V312@0@Z 0040a170 f i GamePlayer.obj
 0001:000092a0       ??0?$pair@Viterator@?$_Tree@V?$basic_string@DU?$char_traits@D@std@@V?$allocator@D@2@@std@@V12@U_Kfn@?$set@V?$basic_string@DU?$char_traits@D@std@@V?$allocator@D@2@@std@@U?$less@V?$basic_string@DU?$char_traits@D@std@@V?$allocator@D@2@@std@@@2@V?$allocator@V?$basic_string@DU?$char_traits@D@std@@V?$allocator@D@2@@std@@@2@@2@U?$less@V?$basic_string@DU?$char_traits@D@std@@V?$allocator@D@2@@std@@@2@V?$allocator@V?$basic_string@DU?$char_traits@D@std@@V?$allocator@D@2@@std@@@2@@std@@_N@std@@QAE@ABViterator@?$_Tree@V?$basic_string@DU?$char_traits@D@std@@V?$allocator@D@2@@std@@V12@U_Kfn@?$set@V?$basic_string@DU?$char_traits@D@std@@V?$allocator@D@2@@std@@U?$less@V?$basic_string@DU?$char_traits@D@std@@V?$allocator@D@2@@std@@@2@V?$allocator@V?$basic_string@DU?$char_traits@D@std@@V?$allocator@D@2@@std@@@2@@2@U?$less@V?$basic_string@DU?$char_traits@D@std@@V?$allocator@D@2@@std@@@2@V?$allocator@V?$basic_string@DU?$char_traits@D@std@@V?$allocator@D@2@@std@@@2@@1@AB_N@Z 0040a2a0 f i GamePlayer.obj
 0001:000092c0       ??0?$pair@Viterator@?$_Tree@V?$basic_string@DU?$char_traits@D@std@@V?$allocator@D@2@@std@@U?$pair@$$CBV?$basic_string@DU?$char_traits@D@std@@V?$allocator@D@2@@std@@PAVIPlayer@@@2@U_Kfn@?$map@V?$basic_string@DU?$char_traits@D@std@@V?$allocator@D@2@@std@@PAVIPlayer@@U?$less@V?$basic_string@DU?$char_traits@D@std@@V?$allocator@D@2@@std@@@2@V?$allocator@PAVIPlayer@@@2@@2@U?$less@V?$basic_string@DU?$char_traits@D@std@@V?$allocator@D@2@@std@@@2@V?$allocator@PAVIPlayer@@@2@@std@@_N@std@@QAE@ABViterator@?$_Tree@V?$basic_string@DU?$char_traits@D@std@@V?$allocator@D@2@@std@@U?$pair@$$CBV?$basic_string@DU?$char_traits@D@std@@V?$allocator@D@2@@std@@PAVIPlayer@@@2@U_Kfn@?$map@V?$basic_string@DU?$char_traits@D@std@@V?$allocator@D@2@@std@@PAVIPlayer@@U?$less@V?$basic_string@DU?$char_traits@D@std@@V?$allocator@D@2@@std@@@2@V?$allocator@PAVIPlayer@@@2@@2@U?$less@V?$basic_string@DU?$char_traits@D@std@@V?$allocator@D@2@@std@@@2@V?$allocator@PAVIPlayer@@@2@@1@AB_N@Z 0040a2c0 f i GamePlayer.obj
 0001:000092e0       ?lower_bound@?$_Tree@V?$basic_string@DU?$char_traits@D@std@@V?$allocator@D@2@@std@@V12@U_Kfn@?$set@V?$basic_string@DU?$char_traits@D@std@@V?$allocator@D@2@@std@@U?$less@V?$basic_string@DU?$char_traits@D@std@@V?$allocator@D@2@@std@@@2@V?$allocator@V?$basic_string@DU?$char_traits@D@std@@V?$allocator@D@2@@std@@@2@@2@U?$less@V?$basic_string@DU?$char_traits@D@std@@V?$allocator@D@2@@std@@@2@V?$allocator@V?$basic_string@DU?$char_traits@D@std@@V?$allocator@D@2@@std@@@2@@std@@QAE?AViterator@12@ABV?$basic_string@DU?$char_traits@D@std@@V?$allocator@D@2@@2@@Z 0040a2e0 f i GamePlayer.obj
 0001:00009300       ?equal_range@?$_Tree@V?$basic_string@DU?$char_traits@D@std@@V?$allocator@D@2@@std@@V12@U_Kfn@?$set@V?$basic_string@DU?$char_traits@D@std@@V?$allocator@D@2@@std@@U?$less@V?$basic_string@DU?$char_traits@D@std@@V?$allocator@D@2@@std@@@2@V?$allocator@V?$basic_string@DU?$char_traits@D@std@@V?$allocator@D@2@@std@@@2@@2@U?$less@V?$basic_string@DU?$char_traits@D@std@@V?$allocator@D@2@@std@@@2@V?$allocator@V?$basic_string@DU?$char_traits@D@std@@V?$allocator@D@2@@std@@@2@@std@@QAE?AU?$pair@Viterator@?$_Tree@V?$basic_string@DU?$char_traits@D@std@@V?$allocator@D@2@@std@@V12@U_Kfn@?$set@V?$basic_string@DU?$char_traits@D@std@@V?$allocator@D@2@@std@@U?$less@V?$basic_string@DU?$char_traits@D@std@@V?$allocator@D@2@@std@@@2@V?$allocator@V?$basic_string@DU?$char_traits@D@std@@V?$allocator@D@2@@std@@@2@@2@U?$less@V?$basic_string@DU?$char_traits@D@std@@V?$allocator@D@2@@std@@@2@V?$allocator@V?$basic_string@DU?$char_traits@D@std@@V?$allocator@D@2@@std@@@2@@std@@V123@@2@ABV?$basic_string@DU?$char_traits@D@std@@V?$allocator@D@2@@2@@Z 0040a300 f i GamePlayer.obj
 0001:00009330       ?_Erase@?$_Tree@V?$basic_string@DU?$char_traits@D@std@@V?$allocator@D@2@@std@@V12@U_Kfn@?$set@V?$basic_string@DU?$char_traits@D@std@@V?$allocator@D@2@@std@@U?$less@V?$basic_string@DU?$char_traits@D@std@@V?$allocator@D@2@@std@@@2@V?$allocator@V?$basic_string@DU?$char_traits@D@std@@V?$allocator@D@2@@std@@@2@@2@U?$less@V?$basic_string@DU?$char_traits@D@std@@V?$allocator@D@2@@std@@@2@V?$allocator@V?$basic_string@DU?$char_traits@D@std@@V?$allocator@D@2@@std@@@2@@std@@IAEXPAU_Node@12@@Z 0040a330 f i GamePlayer.obj
 0001:000093e0       ?_Insert@?$_Tree@V?$basic_string@DU?$char_traits@D@std@@V?$allocator@D@2@@std@@V12@U_Kfn@?$set@V?$basic_string@DU?$char_traits@D@std@@V?$allocator@D@2@@std@@U?$less@V?$basic_string@DU?$char_traits@D@std@@V?$allocator@D@2@@std@@@2@V?$allocator@V?$basic_string@DU?$char_traits@D@std@@V?$allocator@D@2@@std@@@2@@2@U?$less@V?$basic_string@DU?$char_traits@D@std@@V?$allocator@D@2@@std@@@2@V?$allocator@V?$basic_string@DU?$char_traits@D@std@@V?$allocator@D@2@@std@@@2@@std@@IAE?AViterator@12@PAU_Node@12@0ABV?$basic_string@DU?$char_traits@D@std@@V?$allocator@D@2@@2@@Z 0040a3e0 f i GamePlayer.obj
 0001:000096f0       ?insert@?$vector@PAVICommand@@V?$allocator@PAVICommand@@@std@@@std@@QAEXPAPAVICommand@@IABQAV3@@Z 0040a6f0 f i GamePlayer.obj
 0001:00009900       ?lower_bound@?$_Tree@V?$basic_string@DU?$char_traits@D@std@@V?$allocator@D@2@@std@@U?$pair@$$CBV?$basic_string@DU?$char_traits@D@std@@V?$allocator@D@2@@std@@PAVIPlayer@@@2@U_Kfn@?$map@V?$basic_string@DU?$char_traits@D@std@@V?$allocator@D@2@@std@@PAVIPlayer@@U?$less@V?$basic_string@DU?$char_traits@D@std@@V?$allocator@D@2@@std@@@2@V?$allocator@PAVIPlayer@@@2@@2@U?$less@V?$basic_string@DU?$char_traits@D@std@@V?$allocator@D@2@@std@@@2@V?$allocator@PAVIPlayer@@@2@@std@@QAE?AViterator@12@ABV?$basic_string@DU?$char_traits@D@std@@V?$allocator@D@2@@2@@Z 0040a900 f i GamePlayer.obj
 0001:00009920       ?_Erase@?$_Tree@V?$basic_string@DU?$char_traits@D@std@@V?$allocator@D@2@@std@@U?$pair@$$CBV?$basic_string@DU?$char_traits@D@std@@V?$allocator@D@2@@std@@PAVIPlayer@@@2@U_Kfn@?$map@V?$basic_string@DU?$char_traits@D@std@@V?$allocator@D@2@@std@@PAVIPlayer@@U?$less@V?$basic_string@DU?$char_traits@D@std@@V?$allocator@D@2@@std@@@2@V?$allocator@PAVIPlayer@@@2@@2@U?$less@V?$basic_string@DU?$char_traits@D@std@@V?$allocator@D@2@@std@@@2@V?$allocator@PAVIPlayer@@@2@@std@@IAEXPAU_Node@12@@Z 0040a920 f i GamePlayer.obj
 0001:000099d0       ?_Insert@?$_Tree@V?$basic_string@DU?$char_traits@D@std@@V?$allocator@D@2@@std@@U?$pair@$$CBV?$basic_string@DU?$char_traits@D@std@@V?$allocator@D@2@@std@@PAVIPlayer@@@2@U_Kfn@?$map@V?$basic_string@DU?$char_traits@D@std@@V?$allocator@D@2@@std@@PAVIPlayer@@U?$less@V?$basic_string@DU?$char_traits@D@std@@V?$allocator@D@2@@std@@@2@V?$allocator@PAVIPlayer@@@2@@2@U?$less@V?$basic_string@DU?$char_traits@D@std@@V?$allocator@D@2@@std@@@2@V?$allocator@PAVIPlayer@@@2@@std@@IAE?AViterator@12@PAU_Node@12@0ABU?$pair@$$CBV?$basic_string@DU?$char_traits@D@std@@V?$allocator@D@2@@std@@PAVIPlayer@@@2@@Z 0040a9d0 f i GamePlayer.obj
 0001:00009ce0       ?lower_bound@?$_Tree@JU?$pair@$$CBJPAVCBuffer@Win32@OnlineGameLib@@@std@@U_Kfn@?$map@JPAVCBuffer@Win32@OnlineGameLib@@U?$less@J@std@@V?$allocator@PAVCBuffer@Win32@OnlineGameLib@@@5@@2@U?$less@J@2@V?$allocator@PAVCBuffer@Win32@OnlineGameLib@@@2@@std@@QAE?AViterator@12@ABJ@Z 0040ace0 f i GamePlayer.obj
 0001:00009d00       ?_Erase@?$_Tree@JU?$pair@$$CBJPAVCBuffer@Win32@OnlineGameLib@@@std@@U_Kfn@?$map@JPAVCBuffer@Win32@OnlineGameLib@@U?$less@J@std@@V?$allocator@PAVCBuffer@Win32@OnlineGameLib@@@5@@2@U?$less@J@2@V?$allocator@PAVCBuffer@Win32@OnlineGameLib@@@2@@std@@IAEXPAU_Node@12@@Z 0040ad00 f i GamePlayer.obj
 0001:00009d90       ?_Insert@?$_Tree@JU?$pair@$$CBJPAVCBuffer@Win32@OnlineGameLib@@@std@@U_Kfn@?$map@JPAVCBuffer@Win32@OnlineGameLib@@U?$less@J@std@@V?$allocator@PAVCBuffer@Win32@OnlineGameLib@@@5@@2@U?$less@J@2@V?$allocator@PAVCBuffer@Win32@OnlineGameLib@@@2@@std@@IAE?AViterator@12@PAU_Node@12@0ABU?$pair@$$CBJPAVCBuffer@Win32@OnlineGameLib@@@2@@Z 0040ad90 f i GamePlayer.obj
 0001:0000a090       ?_Inc@const_iterator@?$_Tree@JU?$pair@$$CBJPAVCBuffer@Win32@OnlineGameLib@@@std@@U_Kfn@?$map@JPAVCBuffer@Win32@OnlineGameLib@@U?$less@J@std@@V?$allocator@PAVCBuffer@Win32@OnlineGameLib@@@5@@2@U?$less@J@2@V?$allocator@PAVCBuffer@Win32@OnlineGameLib@@@2@@std@@QAEXXZ 0040b090 f i GamePlayer.obj
 0001:0000a140       ?_Lbound@?$_Tree@V?$basic_string@DU?$char_traits@D@std@@V?$allocator@D@2@@std@@V12@U_Kfn@?$set@V?$basic_string@DU?$char_traits@D@std@@V?$allocator@D@2@@std@@U?$less@V?$basic_string@DU?$char_traits@D@std@@V?$allocator@D@2@@std@@@2@V?$allocator@V?$basic_string@DU?$char_traits@D@std@@V?$allocator@D@2@@std@@@2@@2@U?$less@V?$basic_string@DU?$char_traits@D@std@@V?$allocator@D@2@@std@@@2@V?$allocator@V?$basic_string@DU?$char_traits@D@std@@V?$allocator@D@2@@std@@@2@@std@@IBEPAU_Node@12@ABV?$basic_string@DU?$char_traits@D@std@@V?$allocator@D@2@@2@@Z 0040b140 f i GamePlayer.obj
 0001:0000a200       ?_Dec@const_iterator@?$_Tree@V?$basic_string@DU?$char_traits@D@std@@V?$allocator@D@2@@std@@V12@U_Kfn@?$set@V?$basic_string@DU?$char_traits@D@std@@V?$allocator@D@2@@std@@U?$less@V?$basic_string@DU?$char_traits@D@std@@V?$allocator@D@2@@std@@@2@V?$allocator@V?$basic_string@DU?$char_traits@D@std@@V?$allocator@D@2@@std@@@2@@2@U?$less@V?$basic_string@DU?$char_traits@D@std@@V?$allocator@D@2@@std@@@2@V?$allocator@V?$basic_string@DU?$char_traits@D@std@@V?$allocator@D@2@@std@@@2@@std@@QAEXXZ 0040b200 f i GamePlayer.obj
 0001:0000a2c0       ?_Lbound@?$_Tree@V?$basic_string@DU?$char_traits@D@std@@V?$allocator@D@2@@std@@U?$pair@$$CBV?$basic_string@DU?$char_traits@D@std@@V?$allocator@D@2@@std@@PAVIPlayer@@@2@U_Kfn@?$map@V?$basic_string@DU?$char_traits@D@std@@V?$allocator@D@2@@std@@PAVIPlayer@@U?$less@V?$basic_string@DU?$char_traits@D@std@@V?$allocator@D@2@@std@@@2@V?$allocator@PAVIPlayer@@@2@@2@U?$less@V?$basic_string@DU?$char_traits@D@std@@V?$allocator@D@2@@std@@@2@V?$allocator@PAVIPlayer@@@2@@std@@IBEPAU_Node@12@ABV?$basic_string@DU?$char_traits@D@std@@V?$allocator@D@2@@2@@Z 0040b2c0 f i GamePlayer.obj
 0001:0000a380       ?_Dec@const_iterator@?$_Tree@V?$basic_string@DU?$char_traits@D@std@@V?$allocator@D@2@@std@@U?$pair@$$CBV?$basic_string@DU?$char_traits@D@std@@V?$allocator@D@2@@std@@PAVIPlayer@@@2@U_Kfn@?$map@V?$basic_string@DU?$char_traits@D@std@@V?$allocator@D@2@@std@@PAVIPlayer@@U?$less@V?$basic_string@DU?$char_traits@D@std@@V?$allocator@D@2@@std@@@2@V?$allocator@PAVIPlayer@@@2@@2@U?$less@V?$basic_string@DU?$char_traits@D@std@@V?$allocator@D@2@@std@@@2@V?$allocator@PAVIPlayer@@@2@@std@@QAEXXZ 0040b380 f i GamePlayer.obj
 0001:0000a440       ?_Lbound@?$_Tree@JU?$pair@$$CBJPAVCBuffer@Win32@OnlineGameLib@@@std@@U_Kfn@?$map@JPAVCBuffer@Win32@OnlineGameLib@@U?$less@J@std@@V?$allocator@PAVCBuffer@Win32@OnlineGameLib@@@5@@2@U?$less@J@2@V?$allocator@PAVCBuffer@Win32@OnlineGameLib@@@2@@std@@IBEPAU_Node@12@ABJ@Z 0040b440 f i GamePlayer.obj
 0001:0000a490       ?_Dec@const_iterator@?$_Tree@JU?$pair@$$CBJPAVCBuffer@Win32@OnlineGameLib@@@std@@U_Kfn@?$map@JPAVCBuffer@Win32@OnlineGameLib@@U?$less@J@std@@V?$allocator@PAVCBuffer@Win32@OnlineGameLib@@@5@@2@U?$less@J@2@V?$allocator@PAVCBuffer@Win32@OnlineGameLib@@@2@@std@@QAEXXZ 0040b490 f i GamePlayer.obj
 0001:0000a550       ?_Ubound@?$_Tree@V?$basic_string@DU?$char_traits@D@std@@V?$allocator@D@2@@std@@V12@U_Kfn@?$set@V?$basic_string@DU?$char_traits@D@std@@V?$allocator@D@2@@std@@U?$less@V?$basic_string@DU?$char_traits@D@std@@V?$allocator@D@2@@std@@@2@V?$allocator@V?$basic_string@DU?$char_traits@D@std@@V?$allocator@D@2@@std@@@2@@2@U?$less@V?$basic_string@DU?$char_traits@D@std@@V?$allocator@D@2@@std@@@2@V?$allocator@V?$basic_string@DU?$char_traits@D@std@@V?$allocator@D@2@@std@@@2@@std@@IBEPAU_Node@12@ABV?$basic_string@DU?$char_traits@D@std@@V?$allocator@D@2@@2@@Z 0040b550 f i GamePlayer.obj
 0001:0000a620       ?_Inc@const_iterator@?$_Tree@V?$basic_string@DU?$char_traits@D@std@@V?$allocator@D@2@@std@@V12@U_Kfn@?$set@V?$basic_string@DU?$char_traits@D@std@@V?$allocator@D@2@@std@@U?$less@V?$basic_string@DU?$char_traits@D@std@@V?$allocator@D@2@@std@@@2@V?$allocator@V?$basic_string@DU?$char_traits@D@std@@V?$allocator@D@2@@std@@@2@@2@U?$less@V?$basic_string@DU?$char_traits@D@std@@V?$allocator@D@2@@std@@@2@V?$allocator@V?$basic_string@DU?$char_traits@D@std@@V?$allocator@D@2@@std@@@2@@std@@QAEXXZ 0040b620 f i GamePlayer.obj
 0001:0000a6d0       ?_Inc@const_iterator@?$_Tree@V?$basic_string@DU?$char_traits@D@std@@V?$allocator@D@2@@std@@U?$pair@$$CBV?$basic_string@DU?$char_traits@D@std@@V?$allocator@D@2@@std@@PAVIPlayer@@@2@U_Kfn@?$map@V?$basic_string@DU?$char_traits@D@std@@V?$allocator@D@2@@std@@PAVIPlayer@@U?$less@V?$basic_string@DU?$char_traits@D@std@@V?$allocator@D@2@@std@@@2@V?$allocator@PAVIPlayer@@@2@@2@U?$less@V?$basic_string@DU?$char_traits@D@std@@V?$allocator@D@2@@std@@@2@V?$allocator@PAVIPlayer@@@2@@std@@QAEXXZ 0040b6d0 f i GamePlayer.obj
 0001:0000a780       ?Execute@?$CTaskCommand@VCGamePlayer@@@@UAEIXZ 0040b780 f i GamePlayer.obj
 0001:0000a790       ?ToString@Win32@OnlineGameLib@@YA?AV?$basic_string@DU?$char_traits@D@std@@V?$allocator@D@2@@std@@J@Z 0040b790 f i GamePlayer.obj
 0001:0000a990       ??0ios_base@std@@IAE@XZ    0040b990 f i GamePlayer.obj
 0001:0000a9a0       ??_Eios_base@std@@UAEPAXI@Z 0040b9a0 f i GamePlayer.obj
 0001:0000a9a0       ??_Gios_base@std@@UAEPAXI@Z 0040b9a0 f i GamePlayer.obj
 0001:0000a9c0       ??0strstreambuf@std@@QAE@H@Z 0040b9c0 f i GamePlayer.obj
 0001:0000aab0       ??_Estrstreambuf@std@@UAEPAXI@Z 0040bab0 f i GamePlayer.obj
 0001:0000aab0       ??_Gstrstreambuf@std@@UAEPAXI@Z 0040bab0 f i GamePlayer.obj
 0001:0000aad0       ??_Estrstream@std@@UAEPAXI@Z 0040bad0 f i GamePlayer.obj
 0001:0000aad0       ??_Gstrstream@std@@UAEPAXI@Z 0040bad0 f i GamePlayer.obj
 0001:0000ab00       ??_Dstrstream@std@@QAEXXZ  0040bb00 f i GamePlayer.obj
 0001:0000ab20       ?put@?$basic_ostream@DU?$char_traits@D@std@@@std@@QAEAAV12@D@Z 0040bb20 f i GamePlayer.obj
 0001:0000ac90       ??1?$basic_ios@DU?$char_traits@D@std@@@std@@UAE@XZ 0040bc90 f i GamePlayer.obj
 0001:0000aca0       ??1?$basic_streambuf@DU?$char_traits@D@std@@@std@@UAE@XZ 0040bca0 f i GamePlayer.obj
 0001:0000acf0       ?overflow@?$basic_streambuf@DU?$char_traits@D@std@@@std@@MAEHH@Z 0040bcf0 f i GamePlayer.obj
 0001:0000ad00       ?pbackfail@?$basic_streambuf@DU?$char_traits@D@std@@@std@@MAEHH@Z 0040bd00 f i GamePlayer.obj
 0001:0000ad10       ?showmanyc@?$basic_streambuf@DU?$char_traits@D@std@@@std@@MAEHXZ 0040bd10 f i GamePlayer.obj
 0001:0000ad20       ?underflow@?$basic_streambuf@DU?$char_traits@D@std@@@std@@MAEHXZ 0040bd20 f i GamePlayer.obj
 0001:0000ad30       ?uflow@?$basic_streambuf@DU?$char_traits@D@std@@@std@@MAEHXZ 0040bd30 f i GamePlayer.obj
 0001:0000ad60       ?xsgetn@?$basic_streambuf@DU?$char_traits@D@std@@@std@@MAEHPADH@Z 0040bd60 f i GamePlayer.obj
 0001:0000ae00       ?xsputn@?$basic_streambuf@DU?$char_traits@D@std@@@std@@MAEHPBDH@Z 0040be00 f i GamePlayer.obj
 0001:0000aea0       ?seekoff@?$basic_streambuf@DU?$char_traits@D@std@@@std@@MAE?AV?$fpos@H@2@JW4seekdir@ios_base@2@H@Z 0040bea0 f i GamePlayer.obj
 0001:0000aed0       ?seekpos@?$basic_streambuf@DU?$char_traits@D@std@@@std@@MAE?AV?$fpos@H@2@V32@H@Z 0040bed0 f i GamePlayer.obj
 0001:0000af00       ?setbuf@?$basic_streambuf@DU?$char_traits@D@std@@@std@@MAEPAV12@PADH@Z 0040bf00 f i GamePlayer.obj
 0001:0000af10       ?sync@?$basic_streambuf@DU?$char_traits@D@std@@@std@@MAEHXZ 0040bf10 f i GamePlayer.obj
 0001:0000af20       ?imbue@?$basic_streambuf@DU?$char_traits@D@std@@@std@@MAEXABVlocale@2@@Z 0040bf20 f i GamePlayer.obj
 0001:0000af30       ??0?$basic_iostream@DU?$char_traits@D@std@@@std@@QAE@PAV?$basic_streambuf@DU?$char_traits@D@std@@@1@@Z 0040bf30 f i GamePlayer.obj
 0001:0000b000       ??1?$basic_istream@DU?$char_traits@D@std@@@std@@UAE@XZ 0040c000 f i GamePlayer.obj
 0001:0000b010       ??1?$basic_iostream@DU?$char_traits@D@std@@@std@@UAE@XZ 0040c010 f i GamePlayer.obj
 0001:0000b050       ??_E?$basic_ostream@DU?$char_traits@D@std@@@std@@UAEPAXI@Z 0040c050 f i GamePlayer.obj
 0001:0000b050       ??_G?$basic_ostream@DU?$char_traits@D@std@@@std@@UAEPAXI@Z 0040c050 f i GamePlayer.obj
 0001:0000b080       ??_G?$basic_ios@DU?$char_traits@D@std@@@std@@UAEPAXI@Z 0040c080 f i GamePlayer.obj
 0001:0000b080       ??_E?$basic_ios@DU?$char_traits@D@std@@@std@@UAEPAXI@Z 0040c080 f i GamePlayer.obj
 0001:0000b0a0       ??_G?$basic_istream@DU?$char_traits@D@std@@@std@@UAEPAXI@Z 0040c0a0 f i GamePlayer.obj
 0001:0000b0a0       ??_E?$basic_istream@DU?$char_traits@D@std@@@std@@UAEPAXI@Z 0040c0a0 f i GamePlayer.obj
 0001:0000b0d0       ??_G?$basic_streambuf@DU?$char_traits@D@std@@@std@@UAEPAXI@Z 0040c0d0 f i GamePlayer.obj
 0001:0000b0d0       ??_E?$basic_streambuf@DU?$char_traits@D@std@@@std@@UAEPAXI@Z 0040c0d0 f i GamePlayer.obj
 0001:0000b0f0       ??_G?$basic_iostream@DU?$char_traits@D@std@@@std@@UAEPAXI@Z 0040c0f0 f i GamePlayer.obj
 0001:0000b0f0       ??_E?$basic_iostream@DU?$char_traits@D@std@@@std@@UAEPAXI@Z 0040c0f0 f i GamePlayer.obj
 0001:0000b120       ??1sentry@?$basic_ostream@DU?$char_traits@D@std@@@std@@QAE@XZ 0040c120 f i GamePlayer.obj
 0001:0000b190       ??0?$fpos@H@std@@QAE@J@Z   0040c190 f i GamePlayer.obj
 0001:0000b1d0       ?opfx@?$basic_ostream@DU?$char_traits@D@std@@@std@@QAE_NXZ 0040c1d0 f i GamePlayer.obj
 0001:0000b250       ?_Distance@std@@YAXViterator@?$_Tree@V?$basic_string@DU?$char_traits@D@std@@V?$allocator@D@2@@std@@V12@U_Kfn@?$set@V?$basic_string@DU?$char_traits@D@std@@V?$allocator@D@2@@std@@U?$less@V?$basic_string@DU?$char_traits@D@std@@V?$allocator@D@2@@std@@@2@V?$allocator@V?$basic_string@DU?$char_traits@D@std@@V?$allocator@D@2@@std@@@2@@2@U?$less@V?$basic_string@DU?$char_traits@D@std@@V?$allocator@D@2@@std@@@2@V?$allocator@V?$basic_string@DU?$char_traits@D@std@@V?$allocator@D@2@@std@@@2@@1@0AAI@Z 0040c250 f i GamePlayer.obj
 0001:0000b280       ?_Construct@std@@YAXPAV?$basic_string@DU?$char_traits@D@std@@V?$allocator@D@2@@1@ABV21@@Z 0040c280 f i GamePlayer.obj
 0001:0000b3f0       ??3@YAXPAX0@Z              0040c3f0 f i GamePlayer.obj
 0001:0000b400       ?_Construct@std@@YAXPAU?$pair@$$CBV?$basic_string@DU?$char_traits@D@std@@V?$allocator@D@2@@std@@PAVIPlayer@@@1@ABU21@@Z 0040c400 f i GamePlayer.obj
 0001:0000b550       ?_Construct@std@@YAXPAU?$pair@$$CBJPAVCBuffer@Win32@OnlineGameLib@@@1@ABU21@@Z 0040c550 f i GamePlayer.obj
 0001:0000b570       ??_E?$CTaskCommand@VCGamePlayer@@@@UAEPAXI@Z 0040c570 f i GamePlayer.obj
 0001:0000b570       ??_G?$CTaskCommand@VCGamePlayer@@@@UAEPAXI@Z 0040c570 f i GamePlayer.obj
 0001:0000b590       ??1?$CTaskCommand@VCGamePlayer@@@@UAE@XZ 0040c590 f i GamePlayer.obj
 0001:0000b5a0       ??_EICommand@@UAEPAXI@Z    0040c5a0 f i GamePlayer.obj
 0001:0000b5a0       ??_GICommand@@UAEPAXI@Z    0040c5a0 f i GamePlayer.obj
 0001:0000b5c0       ?compare@?$basic_string@DU?$char_traits@D@std@@V?$allocator@D@2@@std@@QBEHABV12@@Z 0040c5c0 f i GamePlayer.obj
 0001:0000b610       ??6?$basic_ostream@DU?$char_traits@D@std@@@std@@QAEAAV01@J@Z 0040c610 f i GamePlayer.obj
 0001:0000b850       ??1bad_cast@std@@UAE@XZ    0040c850 f i GamePlayer.obj
 0001:0000b860       ?_Doraise@bad_cast@std@@MBEXXZ 0040c860 f i GamePlayer.obj
 0001:0000b880       ??_Ebad_cast@std@@UAEPAXI@Z 0040c880 f i GamePlayer.obj
 0001:0000b880       ??_Gbad_cast@std@@UAEPAXI@Z 0040c880 f i GamePlayer.obj
 0001:0000b8a0       ??0bad_cast@std@@QAE@ABV01@@Z 0040c8a0 f i GamePlayer.obj
 0001:0000b8c0       ??Bid@locale@std@@QAEIXZ   0040c8c0 f i GamePlayer.obj
 0001:0000b8f0       ?_Decref@facet@locale@std@@QAEPAV123@XZ 0040c8f0 f i GamePlayer.obj
 0001:0000b930       ??1locale@std@@QAE@XZ      0040c930 f i GamePlayer.obj
 0001:0000b950       ?getloc@ios_base@std@@QBE?AVlocale@2@XZ 0040c950 f i GamePlayer.obj
 0001:0000b9c0       ??0?$num_put@DV?$ostreambuf_iterator@DU?$char_traits@D@std@@@std@@@std@@QAE@I@Z 0040c9c0 f i GamePlayer.obj
 0001:0000ba20       ??1facet@locale@std@@UAE@XZ 0040ca20 f i GamePlayer.obj
 0001:0000ba30       ??_Efacet@locale@std@@UAEPAXI@Z 0040ca30 f i GamePlayer.obj
 0001:0000ba30       ??_Gfacet@locale@std@@UAEPAXI@Z 0040ca30 f i GamePlayer.obj
 0001:0000ba50       ?do_put@?$num_put@DV?$ostreambuf_iterator@DU?$char_traits@D@std@@@std@@@std@@MBE?AV?$ostreambuf_iterator@DU?$char_traits@D@std@@@2@V32@AAVios_base@2@D_N@Z 0040ca50 f i GamePlayer.obj
 0001:0000bd20       ??0bad_cast@std@@QAE@PBD@Z 0040cd20 f i GamePlayer.obj
 0001:0000bd40       ?sputc@?$basic_streambuf@DU?$char_traits@D@std@@@std@@QAEHD@Z 0040cd40 f i GamePlayer.obj
 0001:0000bd90       ?do_put@?$num_put@DV?$ostreambuf_iterator@DU?$char_traits@D@std@@@std@@@std@@MBE?AV?$ostreambuf_iterator@DU?$char_traits@D@std@@@2@V32@AAVios_base@2@DJ@Z 0040cd90 f i GamePlayer.obj
 0001:0000be40       ?do_put@?$num_put@DV?$ostreambuf_iterator@DU?$char_traits@D@std@@@std@@@std@@MBE?AV?$ostreambuf_iterator@DU?$char_traits@D@std@@@2@V32@AAVios_base@2@DK@Z 0040ce40 f i GamePlayer.obj
 0001:0000bef0       ?do_put@?$num_put@DV?$ostreambuf_iterator@DU?$char_traits@D@std@@@std@@@std@@MBE?AV?$ostreambuf_iterator@DU?$char_traits@D@std@@@2@V32@AAVios_base@2@DN@Z 0040cef0 f i GamePlayer.obj
 0001:0000bfe0       ?do_put@?$num_put@DV?$ostreambuf_iterator@DU?$char_traits@D@std@@@std@@@std@@MBE?AV?$ostreambuf_iterator@DU?$char_traits@D@std@@@2@V32@AAVios_base@2@DO@Z 0040cfe0 f i GamePlayer.obj
 0001:0000c0d0       ?do_put@?$num_put@DV?$ostreambuf_iterator@DU?$char_traits@D@std@@@std@@@std@@MBE?AV?$ostreambuf_iterator@DU?$char_traits@D@std@@@2@V32@AAVios_base@2@DPBX@Z 0040d0d0 f i GamePlayer.obj
 0001:0000c290       ??_E?$num_put@DV?$ostreambuf_iterator@DU?$char_traits@D@std@@@std@@@std@@UAEPAXI@Z 0040d290 f i GamePlayer.obj
 0001:0000c290       ??_G?$num_put@DV?$ostreambuf_iterator@DU?$char_traits@D@std@@@std@@@std@@UAEPAXI@Z 0040d290 f i GamePlayer.obj
 0001:0000c2b0       ??1?$num_put@DV?$ostreambuf_iterator@DU?$char_traits@D@std@@@std@@@std@@UAE@XZ 0040d2b0 f i GamePlayer.obj
 0001:0000c2c0       ?_Fput@?$num_put@DV?$ostreambuf_iterator@DU?$char_traits@D@std@@@std@@@std@@KA?AV?$ostreambuf_iterator@DU?$char_traits@D@std@@@2@V32@AAVios_base@2@DPBDII@Z 0040d2c0 f i GamePlayer.obj
 0001:0000c6d0       ?_Iput@?$num_put@DV?$ostreambuf_iterator@DU?$char_traits@D@std@@@std@@@std@@KA?AV?$ostreambuf_iterator@DU?$char_traits@D@std@@@2@V32@AAVios_base@2@DPADI@Z 0040d6d0 f i GamePlayer.obj
 0001:0000cb20       ?_Rep@?$num_put@DV?$ostreambuf_iterator@DU?$char_traits@D@std@@@std@@@std@@KA?AV?$ostreambuf_iterator@DU?$char_traits@D@std@@@2@V32@DI@Z 0040db20 f i GamePlayer.obj
 0001:0000cba0       ?falsename@?$numpunct@D@std@@QBE?AV?$basic_string@DU?$char_traits@D@std@@V?$allocator@D@2@@2@XZ 0040dba0 f i GamePlayer.obj
 0001:0000cbc0       ?truename@?$numpunct@D@std@@QBE?AV?$basic_string@DU?$char_traits@D@std@@V?$allocator@D@2@@2@XZ 0040dbc0 f i GamePlayer.obj
 0001:0000cbe0       ??4?$ostreambuf_iterator@DU?$char_traits@D@std@@@std@@QAEAAV01@D@Z 0040dbe0 f i GamePlayer.obj
 0001:0000cc40       ?grouping@?$numpunct@D@std@@QBE?AV?$basic_string@DU?$char_traits@D@std@@V?$allocator@D@2@@2@XZ 0040dc40 f i GamePlayer.obj
 0001:0000cc60       ??0?$numpunct@D@std@@QAE@I@Z 0040dc60 f i GamePlayer.obj
 0001:0000cd80       ?do_decimal_point@?$numpunct@D@std@@MBEDXZ 0040dd80 f i GamePlayer.obj
 0001:0000cd90       ?do_thousands_sep@?$numpunct@D@std@@MBEDXZ 0040dd90 f i GamePlayer.obj
 0001:0000cda0       ?do_grouping@?$numpunct@D@std@@MBE?AV?$basic_string@DU?$char_traits@D@std@@V?$allocator@D@2@@2@XZ 0040dda0 f i GamePlayer.obj
 0001:0000ce70       ?do_falsename@?$numpunct@D@std@@MBE?AV?$basic_string@DU?$char_traits@D@std@@V?$allocator@D@2@@2@XZ 0040de70 f i GamePlayer.obj
 0001:0000cf40       ?do_truename@?$numpunct@D@std@@MBE?AV?$basic_string@DU?$char_traits@D@std@@V?$allocator@D@2@@2@XZ 0040df40 f i GamePlayer.obj
 0001:0000d010       ??_G?$numpunct@D@std@@UAEPAXI@Z 0040e010 f i GamePlayer.obj
 0001:0000d010       ??_E?$numpunct@D@std@@UAEPAXI@Z 0040e010 f i GamePlayer.obj
 0001:0000d030       ??1?$numpunct@D@std@@UAE@XZ 0040e030 f i GamePlayer.obj
 0001:0000d060       ?_Save@?$_Tidyfac@V?$num_put@DV?$ostreambuf_iterator@DU?$char_traits@D@std@@@std@@@std@@@std@@SAPAV?$num_put@DV?$ostreambuf_iterator@DU?$char_traits@D@std@@@std@@@2@PAV32@@Z 0040e060 f i GamePlayer.obj
 0001:0000d0e0       ?_Save@?$_Tidyfac@V?$numpunct@D@std@@@std@@SAPAV?$numpunct@D@2@PAV32@@Z 0040e0e0 f i GamePlayer.obj
 0001:0000d160       ?_Tidy@?$_Tidyfac@V?$num_put@DV?$ostreambuf_iterator@DU?$char_traits@D@std@@@std@@@std@@@std@@SAXXZ 0040e160 f i GamePlayer.obj
 0001:0000d200       ?_Tidy@?$_Tidyfac@V?$numpunct@D@std@@@std@@SAXXZ 0040e200 f i GamePlayer.obj
 0001:0000d2f0       ?id@?$numpunct@D@std@@$E   0040e2f0 f i GamePlayer.obj
 0001:0000d300       ?id@?$num_put@DV?$ostreambuf_iterator@DU?$char_traits@D@std@@@$E 0040e300 f i GamePlayer.obj
 0001:0000d420       ??1?$map@IV?$list@PAVIGServer@@V?$allocator@PAVIGServer@@@std@@@std@@U?$less@I@2@V?$allocator@V?$list@PAVIGServer@@V?$allocator@PAVIGServer@@@std@@@std@@@2@@std@@QAE@XZ 0040e420 f i GameServer.obj
 0001:0000d5b0       ??1?$map@IPAVIGServer@@U?$less@I@std@@V?$allocator@PAVIGServer@@@3@@std@@QAE@XZ 0040e5b0 f i GameServer.obj
 0001:0000d770       ??1?$map@V?$basic_string@DU?$char_traits@D@std@@V?$allocator@D@2@@std@@UTransferInfo@@U?$less@V?$basic_string@DU?$char_traits@D@std@@V?$allocator@D@2@@std@@@2@V?$allocator@UTransferInfo@@@2@@std@@QAE@XZ 0040e770 f i GameServer.obj
 0001:0000d820       ?SetupGlobalAllocator@CGameServer@@SA_NII@Z 0040e820 f   GameServer.obj
 0001:0000d840       ?BeginTransfer@CGameServer@@SAXPBD@Z 0040e840 f   GameServer.obj
 0001:0000db00       ??1TransferInfo@@QAE@XZ    0040eb00 f i GameServer.obj
 0001:0000db40       ?EndTransfer@CGameServer@@SAXPBD@Z 0040eb40 f   GameServer.obj
 0001:0000dd40       ?IsInTransfer@CGameServer@@SA_NPBD@Z 0040ed40 f   GameServer.obj
 0001:0000de70       ?CleanupStaleTransfers@CGameServer@@SAXXZ 0040ee70 f   GameServer.obj
 0001:0000e0b0       ??0CGameServer@@QAE@PAUIServer@@PAUIClient@@I@Z 0040f0b0 f   GameServer.obj
 0001:0000e250       ??1IGServer@@UAE@XZ        0040f250 f i GameServer.obj
 0001:0000e260       ??_EIGServer@@UAEPAXI@Z    0040f260 f i GameServer.obj
 0001:0000e260       ??_GIGServer@@UAEPAXI@Z    0040f260 f i GameServer.obj
 0001:0000e280       ?GetID@CGameServer@@UAEIXZ 0040f280 f i GameServer.obj
 0001:0000e290       ?GetCapability@CGameServer@@UAEIXZ 0040f290 f i GameServer.obj
 0001:0000e2a0       ?GetIP@CGameServer@@UAEIE@Z 0040f2a0 f i GameServer.obj
 0001:0000e2c0       ?GetIndentify@CGameServer@@UAEIXZ 0040f2c0 f i GameServer.obj
 0001:0000e2d0       ??_GCGameServer@@UAEPAXI@Z 0040f2d0 f i GameServer.obj
 0001:0000e2d0       ??_ECGameServer@@UAEPAXI@Z 0040f2d0 f i GameServer.obj
 0001:0000e2f0       ??1CGameServer@@UAE@XZ     0040f2f0 f   GameServer.obj
 0001:0000e450       ??1?$map@V?$basic_string@DU?$char_traits@D@std@@V?$allocator@D@2@@std@@PAXU?$less@V?$basic_string@DU?$char_traits@D@std@@V?$allocator@D@2@@std@@@2@V?$allocator@PAX@2@@std@@QAE@XZ 0040f450 f i GameServer.obj
 0001:0000e4c0       ?Create@CGameServer@@UAE_NXZ 0040f4c0 f   GameServer.obj
 0001:0000e530       ?Destroy@CGameServer@@UAE_NXZ 0040f530 f   GameServer.obj
 0001:0000e760       ?GameSvrEventNotify@CGameServer@@SGXPAXABK1@Z 0040f760 f   GameServer.obj
 0001:0000e910       ?Begin@CGameServer@@SA_NPAUIServer@@@Z 0040f910 f   GameServer.obj
 0001:0000e950       ?End@CGameServer@@SAXXZ    0040f950 f   GameServer.obj
 0001:0000ea80       ?ManagerThreadFunction@CGameServer@@CGKPAX@Z 0040fa80 f   GameServer.obj
 0001:0000ec20       ?AnalyzeRequire@CGameServer@@UAE_NPBXI@Z 0040fc20 f   GameServer.obj
 0001:0000ec80       ?LargePackProcess@CGameServer@@IAE_NEPBXI@Z 0040fc80 f   GameServer.obj
 0001:0000ec90       ?SmallPackProcess@CGameServer@@IAE_NEPBXI@Z 0040fc90 f   GameServer.obj
 0001:0000ecc0       ?DispatchTask@CGameServer@@UAE_NIPBXI@Z 0040fcc0 f   GameServer.obj
 0001:0000ed00       ?_QueryMapID@CGameServer@@IAE_NXZ 0040fd00 f   GameServer.obj
 0001:0000ed40       ?_QueryGameSvrInfo@CGameServer@@IAE_NXZ 0040fd40 f   GameServer.obj
 0001:0000ed80       ?_UpdateMapID@CGameServer@@IAE_NPBXI@Z 0040fd80 f   GameServer.obj
 0001:0000edc0       ?_UpdateGameSvrInfo@CGameServer@@IAE_NPBXI@Z 0040fdc0 f   GameServer.obj
 0001:0000ef50       ?_RequestSvrIP@CGameServer@@IAE_NPBXI@Z 0040ff50 f   GameServer.obj
 0001:0000efe0       ?_NotifyPlayerLogin@CGameServer@@IAE_NPBXI@Z 0040ffe0 f   GameServer.obj
 0001:0000f0a0       ?_RegisterAccount@CGameServer@@IAE_NPBXI@Z 004100a0 f   GameServer.obj
 0001:0000f0c0       ?_NotifyEnterGame@CGameServer@@IAE_NPBXI@Z 004100c0 f   GameServer.obj
 0001:0000f1d0       ?_NotifyLeaveGame@CGameServer@@IAE_NPBXI@Z 004101d0 f   GameServer.obj
 0001:0000f300       ?PushAccount@CGameServer@@IAE_NPBD@Z 00410300 f   GameServer.obj
 0001:0000f310       ?PopAccount@CGameServer@@IAE_NPBD_N@Z 00410310 f   GameServer.obj
 0001:0000f350       ?Attach@CGameServer@@UAE_NPBD_N@Z 00410350 f   GameServer.obj
 0001:0000f430       ?AttatchAccountToGameServer@CGameServer@@AAE_NPBD_N@Z 00410430 f   GameServer.obj
 0001:0000f660       ??1?$pair@$$CBV?$basic_string@DU?$char_traits@D@std@@V?$allocator@D@2@@std@@PAX@std@@QAE@XZ 00410660 f i GameServer.obj
 0001:0000f6a0       ?HaveAccountInGameServer@CGameServer@@AAE_NPBD@Z 004106a0 f   GameServer.obj
 0001:0000f820       ?DetachAccountFromGameServer@CGameServer@@QAE_NPBD@Z 00410820 f   GameServer.obj
 0001:0000f980       ?ConsumeMoney@CGameServer@@IAE_NPBD@Z 00410980 f   GameServer.obj
 0001:0000fa90       ?FreezeMoney@CGameServer@@IAE_NPBD@Z 00410a90 f   GameServer.obj
 0001:0000fba0       ?_PlayerLogicLogout@CGameServer@@IAE_NPBXI@Z 00410ba0 f   GameServer.obj
 0001:0000fc10       ?_SyncRoleInfo@CGameServer@@IAE_NPBXI@Z 00410c10 f   GameServer.obj
 0001:0000fda0       ?RegisterServer@CGameServer@@CA_NIPAVIGServer@@@Z 00410da0 f   GameServer.obj
 0001:0000ff70       ??1?$pair@$$CBIV?$list@PAVIGServer@@V?$allocator@PAVIGServer@@@std@@@std@@@std@@QAE@XZ 00410f70 f i GameServer.obj
 0001:0000ffc0       ?QueryServer@CGameServer@@SAPAVIGServer@@I@Z 00410fc0 f   GameServer.obj
 0001:00010090       ?FindServerByAccount@CGameServer@@SAHPBD@Z 00411090 f   GameServer.obj
 0001:000101c0       ?GetServer@CGameServer@@SAPAVIGServer@@I@Z 004111c0 f   GameServer.obj
 0001:00010270       ?GetAllServers@CGameServer@@SAXPAPAV1@H@Z 00411270 f   GameServer.obj
 0001:00010360       ?GetContent@CGameServer@@UAEIXZ 00411360 f   GameServer.obj
 0001:00010390       ?SendToAll@CGameServer@@SAXPBDHI@Z 00411390 f   GameServer.obj
 0001:00010460       ?SendText@CGameServer@@UAEXPBDHI@Z 00411460 f   GameServer.obj
 0001:00010510       ??0?$basic_string@DU?$char_traits@D@std@@V?$allocator@D@2@@std@@QAE@ABV?$allocator@D@1@@Z 00411510 f i GameServer.obj
 0001:00010530       ??0?$map@IV?$list@PAVIGServer@@V?$allocator@PAVIGServer@@@std@@@std@@U?$less@I@2@V?$allocator@V?$list@PAVIGServer@@V?$allocator@PAVIGServer@@@std@@@std@@@2@@std@@QAE@ABU?$less@I@1@ABV?$allocator@V?$list@PAVIGServer@@V?$allocator@PAVIGServer@@@std@@@std@@@1@@Z 00411530 f i GameServer.obj
 0001:00010600       ??1?$list@PAVIGServer@@V?$allocator@PAVIGServer@@@std@@@std@@QAE@XZ 00411600 f i GameServer.obj
 0001:00010650       ?begin@?$list@PAVIGServer@@V?$allocator@PAVIGServer@@@std@@@std@@QAE?AViterator@12@XZ 00411650 f i GameServer.obj
 0001:00010660       ??Eiterator@?$list@PAVIGServer@@V?$allocator@PAVIGServer@@@std@@@std@@QAE?AV012@H@Z 00411660 f i GameServer.obj
 0001:00010670       ??0?$map@IPAVIGServer@@U?$less@I@std@@V?$allocator@PAVIGServer@@@3@@std@@QAE@ABU?$less@I@1@ABV?$allocator@PAVIGServer@@@1@@Z 00411670 f i GameServer.obj
 0001:00010740       ??0?$map@V?$basic_string@DU?$char_traits@D@std@@V?$allocator@D@2@@std@@UTransferInfo@@U?$less@V?$basic_string@DU?$char_traits@D@std@@V?$allocator@D@2@@std@@@2@V?$allocator@UTransferInfo@@@2@@std@@QAE@ABU?$less@V?$basic_string@DU?$char_traits@D@std@@V?$allocator@D@2@@std@@@1@ABV?$allocator@UTransferInfo@@@1@@Z 00411740 f i GameServer.obj
 0001:00010810       ??1?$vector@V?$basic_string@DU?$char_traits@D@std@@V?$allocator@D@2@@std@@V?$allocator@V?$basic_string@DU?$char_traits@D@std@@V?$allocator@D@2@@std@@@2@@std@@QAE@XZ 00411810 f i GameServer.obj
 0001:00010870       ??1?$pair@$$CBV?$basic_string@DU?$char_traits@D@std@@V?$allocator@D@2@@std@@UTransferInfo@@@std@@QAE@XZ 00411870 f i GameServer.obj
 0001:000108e0       ?insert@?$_Tree@IU?$pair@$$CBIV?$list@PAVIGServer@@V?$allocator@PAVIGServer@@@std@@@std@@@std@@U_Kfn@?$map@IV?$list@PAVIGServer@@V?$allocator@PAVIGServer@@@std@@@std@@U?$less@I@2@V?$allocator@V?$list@PAVIGServer@@V?$allocator@PAVIGServer@@@std@@@std@@@2@@2@U?$less@I@2@V?$allocator@V?$list@PAVIGServer@@V?$allocator@PAVIGServer@@@std@@@std@@@2@@std@@QAE?AU?$pair@Viterator@?$_Tree@IU?$pair@$$CBIV?$list@PAVIGServer@@V?$allocator@PAVIGServer@@@std@@@std@@@std@@U_Kfn@?$map@IV?$list@PAVIGServer@@V?$allocator@PAVIGServer@@@std@@@std@@U?$less@I@2@V?$allocator@V?$list@PAVIGServer@@V?$allocator@PAVIGServer@@@std@@@std@@@2@@2@U?$less@I@2@V?$allocator@V?$list@PAVIGServer@@V?$allocator@PAVIGServer@@@std@@@std@@@2@@std@@_N@2@ABU?$pair@$$CBIV?$list@PAVIGServer@@V?$allocator@PAVIGServer@@@std@@@std@@@2@@Z 004118e0 f i GameServer.obj
 0001:00010a10       ?erase@?$_Tree@IU?$pair@$$CBIV?$list@PAVIGServer@@V?$allocator@PAVIGServer@@@std@@@std@@@std@@U_Kfn@?$map@IV?$list@PAVIGServer@@V?$allocator@PAVIGServer@@@std@@@std@@U?$less@I@2@V?$allocator@V?$list@PAVIGServer@@V?$allocator@PAVIGServer@@@std@@@std@@@2@@2@U?$less@I@2@V?$allocator@V?$list@PAVIGServer@@V?$allocator@PAVIGServer@@@std@@@std@@@2@@std@@QAE?AViterator@12@V312@0@Z 00411a10 f i GameServer.obj
 0001:00010b50       ?find@?$_Tree@IU?$pair@$$CBIV?$list@PAVIGServer@@V?$allocator@PAVIGServer@@@std@@@std@@@std@@U_Kfn@?$map@IV?$list@PAVIGServer@@V?$allocator@PAVIGServer@@@std@@@std@@U?$less@I@2@V?$allocator@V?$list@PAVIGServer@@V?$allocator@PAVIGServer@@@std@@@std@@@2@@2@U?$less@I@2@V?$allocator@V?$list@PAVIGServer@@V?$allocator@PAVIGServer@@@std@@@std@@@2@@std@@QAE?AViterator@12@ABI@Z 00411b50 f i GameServer.obj
 0001:00010ba0       ?insert@?$list@PAVIGServer@@V?$allocator@PAVIGServer@@@std@@@std@@QAE?AViterator@12@V312@ABQAVIGServer@@@Z 00411ba0 f i GameServer.obj
 0001:00010c00       ?erase@?$list@PAVIGServer@@V?$allocator@PAVIGServer@@@std@@@std@@QAE?AViterator@12@V312@0@Z 00411c00 f i GameServer.obj
 0001:00010c50       ?_Buynode@?$list@PAVIGServer@@V?$allocator@PAVIGServer@@@std@@@std@@IAEPAU_Node@12@PAU312@0@Z 00411c50 f i GameServer.obj
 0001:00010c80       ?insert@?$_Tree@IU?$pair@$$CBIPAVIGServer@@@std@@U_Kfn@?$map@IPAVIGServer@@U?$less@I@std@@V?$allocator@PAVIGServer@@@3@@2@U?$less@I@2@V?$allocator@PAVIGServer@@@2@@std@@QAE?AU?$pair@Viterator@?$_Tree@IU?$pair@$$CBIPAVIGServer@@@std@@U_Kfn@?$map@IPAVIGServer@@U?$less@I@std@@V?$allocator@PAVIGServer@@@3@@2@U?$less@I@2@V?$allocator@PAVIGServer@@@2@@std@@_N@2@ABU?$pair@$$CBIPAVIGServer@@@2@@Z 00411c80 f i GameServer.obj
 0001:00010db0       ?erase@?$_Tree@IU?$pair@$$CBIPAVIGServer@@@std@@U_Kfn@?$map@IPAVIGServer@@U?$less@I@std@@V?$allocator@PAVIGServer@@@3@@2@U?$less@I@2@V?$allocator@PAVIGServer@@@2@@std@@QAE?AViterator@12@V312@@Z 00411db0 f i GameServer.obj
 0001:000112d0       ?erase@?$_Tree@IU?$pair@$$CBIPAVIGServer@@@std@@U_Kfn@?$map@IPAVIGServer@@U?$less@I@std@@V?$allocator@PAVIGServer@@@3@@2@U?$less@I@2@V?$allocator@PAVIGServer@@@2@@std@@QAE?AViterator@12@V312@0@Z 004122d0 f i GameServer.obj
 0001:00011400       ?_Inc@const_iterator@?$_Tree@IU?$pair@$$CBIPAVIGServer@@@std@@U_Kfn@?$map@IPAVIGServer@@U?$less@I@std@@V?$allocator@PAVIGServer@@@3@@2@U?$less@I@2@V?$allocator@PAVIGServer@@@2@@std@@QAEXXZ 00412400 f i GameServer.obj
 0001:000114b0       ?insert@?$_Tree@V?$basic_string@DU?$char_traits@D@std@@V?$allocator@D@2@@std@@U?$pair@$$CBV?$basic_string@DU?$char_traits@D@std@@V?$allocator@D@2@@std@@PAX@2@U_Kfn@?$map@V?$basic_string@DU?$char_traits@D@std@@V?$allocator@D@2@@std@@PAXU?$less@V?$basic_string@DU?$char_traits@D@std@@V?$allocator@D@2@@std@@@2@V?$allocator@PAX@2@@2@U?$less@V?$basic_string@DU?$char_traits@D@std@@V?$allocator@D@2@@std@@@2@V?$allocator@PAX@2@@std@@QAE?AU?$pair@Viterator@?$_Tree@V?$basic_string@DU?$char_traits@D@std@@V?$allocator@D@2@@std@@U?$pair@$$CBV?$basic_string@DU?$char_traits@D@std@@V?$allocator@D@2@@std@@PAX@2@U_Kfn@?$map@V?$basic_string@DU?$char_traits@D@std@@V?$allocator@D@2@@std@@PAXU?$less@V?$basic_string@DU?$char_traits@D@std@@V?$allocator@D@2@@std@@@2@V?$allocator@PAX@2@@2@U?$less@V?$basic_string@DU?$char_traits@D@std@@V?$allocator@D@2@@std@@@2@V?$allocator@PAX@2@@std@@_N@2@ABU?$pair@$$CBV?$basic_string@DU?$char_traits@D@std@@V?$allocator@D@2@@std@@PAX@2@@Z 004124b0 f i GameServer.obj
 0001:00011620       ?erase@?$_Tree@V?$basic_string@DU?$char_traits@D@std@@V?$allocator@D@2@@std@@U?$pair@$$CBV?$basic_string@DU?$char_traits@D@std@@V?$allocator@D@2@@std@@PAX@2@U_Kfn@?$map@V?$basic_string@DU?$char_traits@D@std@@V?$allocator@D@2@@std@@PAXU?$less@V?$basic_string@DU?$char_traits@D@std@@V?$allocator@D@2@@std@@@2@V?$allocator@PAX@2@@2@U?$less@V?$basic_string@DU?$char_traits@D@std@@V?$allocator@D@2@@std@@@2@V?$allocator@PAX@2@@std@@QAE?AViterator@12@V312@@Z 00412620 f i GameServer.obj
 0001:00011b50       ?erase@?$_Tree@V?$basic_string@DU?$char_traits@D@std@@V?$allocator@D@2@@std@@U?$pair@$$CBV?$basic_string@DU?$char_traits@D@std@@V?$allocator@D@2@@std@@PAX@2@U_Kfn@?$map@V?$basic_string@DU?$char_traits@D@std@@V?$allocator@D@2@@std@@PAXU?$less@V?$basic_string@DU?$char_traits@D@std@@V?$allocator@D@2@@std@@@2@V?$allocator@PAX@2@@2@U?$less@V?$basic_string@DU?$char_traits@D@std@@V?$allocator@D@2@@std@@@2@V?$allocator@PAX@2@@std@@QAE?AViterator@12@V312@0@Z 00412b50 f i GameServer.obj
 0001:00011c90       ?find@?$_Tree@V?$basic_string@DU?$char_traits@D@std@@V?$allocator@D@2@@std@@U?$pair@$$CBV?$basic_string@DU?$char_traits@D@std@@V?$allocator@D@2@@std@@PAX@2@U_Kfn@?$map@V?$basic_string@DU?$char_traits@D@std@@V?$allocator@D@2@@std@@PAXU?$less@V?$basic_string@DU?$char_traits@D@std@@V?$allocator@D@2@@std@@@2@V?$allocator@PAX@2@@2@U?$less@V?$basic_string@DU?$char_traits@D@std@@V?$allocator@D@2@@std@@@2@V?$allocator@PAX@2@@std@@QAE?AViterator@12@ABV?$basic_string@DU?$char_traits@D@std@@V?$allocator@D@2@@2@@Z 00412c90 f i GameServer.obj
 0001:00011d20       ?insert@?$map@V?$basic_string@DU?$char_traits@D@std@@V?$allocator@D@2@@std@@UTransferInfo@@U?$less@V?$basic_string@DU?$char_traits@D@std@@V?$allocator@D@2@@std@@@2@V?$allocator@UTransferInfo@@@2@@std@@QAE?AU?$pair@Viterator@?$_Tree@V?$basic_string@DU?$char_traits@D@std@@V?$allocator@D@2@@std@@U?$pair@$$CBV?$basic_string@DU?$char_traits@D@std@@V?$allocator@D@2@@std@@UTransferInfo@@@2@U_Kfn@?$map@V?$basic_string@DU?$char_traits@D@std@@V?$allocator@D@2@@std@@UTransferInfo@@U?$less@V?$basic_string@DU?$char_traits@D@std@@V?$allocator@D@2@@std@@@2@V?$allocator@UTransferInfo@@@2@@2@U?$less@V?$basic_string@DU?$char_traits@D@std@@V?$allocator@D@2@@std@@@2@V?$allocator@UTransferInfo@@@2@@std@@_N@2@ABU?$pair@$$CBV?$basic_string@DU?$char_traits@D@std@@V?$allocator@D@2@@std@@UTransferInfo@@@2@@Z 00412d20 f i GameServer.obj
 0001:00011d50       ?begin@?$_Tree@V?$basic_string@DU?$char_traits@D@std@@V?$allocator@D@2@@std@@U?$pair@$$CBV?$basic_string@DU?$char_traits@D@std@@V?$allocator@D@2@@std@@UTransferInfo@@@2@U_Kfn@?$map@V?$basic_string@DU?$char_traits@D@std@@V?$allocator@D@2@@std@@UTransferInfo@@U?$less@V?$basic_string@DU?$char_traits@D@std@@V?$allocator@D@2@@std@@@2@V?$allocator@UTransferInfo@@@2@@2@U?$less@V?$basic_string@DU?$char_traits@D@std@@V?$allocator@D@2@@std@@@2@V?$allocator@UTransferInfo@@@2@@std@@QAE?AViterator@12@XZ 00412d50 f i GameServer.obj
 0001:00011d60       ?erase@?$_Tree@V?$basic_string@DU?$char_traits@D@std@@V?$allocator@D@2@@std@@U?$pair@$$CBV?$basic_string@DU?$char_traits@D@std@@V?$allocator@D@2@@std@@UTransferInfo@@@2@U_Kfn@?$map@V?$basic_string@DU?$char_traits@D@std@@V?$allocator@D@2@@std@@UTransferInfo@@U?$less@V?$basic_string@DU?$char_traits@D@std@@V?$allocator@D@2@@std@@@2@V?$allocator@UTransferInfo@@@2@@2@U?$less@V?$basic_string@DU?$char_traits@D@std@@V?$allocator@D@2@@std@@@2@V?$allocator@UTransferInfo@@@2@@std@@QAE?AViterator@12@V312@0@Z 00412d60 f i GameServer.obj
 0001:00011ea0       ??0?$pair@$$CBV?$basic_string@DU?$char_traits@D@std@@V?$allocator@D@2@@std@@UTransferInfo@@@std@@QAE@ABV?$basic_string@DU?$char_traits@D@std@@V?$allocator@D@2@@1@ABUTransferInfo@@@Z 00412ea0 f i GameServer.obj
 0001:00011fd0       ?_Inc@const_iterator@?$_Tree@V?$basic_string@DU?$char_traits@D@std@@V?$allocator@D@2@@std@@U?$pair@$$CBV?$basic_string@DU?$char_traits@D@std@@V?$allocator@D@2@@std@@UTransferInfo@@@2@U_Kfn@?$map@V?$basic_string@DU?$char_traits@D@std@@V?$allocator@D@2@@std@@UTransferInfo@@U?$less@V?$basic_string@DU?$char_traits@D@std@@V?$allocator@D@2@@std@@@2@V?$allocator@UTransferInfo@@@2@@2@U?$less@V?$basic_string@DU?$char_traits@D@std@@V?$allocator@D@2@@std@@@2@V?$allocator@UTransferInfo@@@2@@std@@QAEXXZ 00412fd0 f i GameServer.obj
 0001:00012080       ??0?$pair@Viterator@?$_Tree@V?$basic_string@DU?$char_traits@D@std@@V?$allocator@D@2@@std@@U?$pair@$$CBV?$basic_string@DU?$char_traits@D@std@@V?$allocator@D@2@@std@@PAX@2@U_Kfn@?$map@V?$basic_string@DU?$char_traits@D@std@@V?$allocator@D@2@@std@@PAXU?$less@V?$basic_string@DU?$char_traits@D@std@@V?$allocator@D@2@@std@@@2@V?$allocator@PAX@2@@2@U?$less@V?$basic_string@DU?$char_traits@D@std@@V?$allocator@D@2@@std@@@2@V?$allocator@PAX@2@@std@@_N@std@@QAE@ABViterator@?$_Tree@V?$basic_string@DU?$char_traits@D@std@@V?$allocator@D@2@@std@@U?$pair@$$CBV?$basic_string@DU?$char_traits@D@std@@V?$allocator@D@2@@std@@PAX@2@U_Kfn@?$map@V?$basic_string@DU?$char_traits@D@std@@V?$allocator@D@2@@std@@PAXU?$less@V?$basic_string@DU?$char_traits@D@std@@V?$allocator@D@2@@std@@@2@V?$allocator@PAX@2@@2@U?$less@V?$basic_string@DU?$char_traits@D@std@@V?$allocator@D@2@@std@@@2@V?$allocator@PAX@2@@1@AB_N@Z 00413080 f i GameServer.obj
 0001:000120a0       ?erase@?$_Tree@IU?$pair@$$CBIV?$list@PAVIGServer@@V?$allocator@PAVIGServer@@@std@@@std@@@std@@U_Kfn@?$map@IV?$list@PAVIGServer@@V?$allocator@PAVIGServer@@@std@@@std@@U?$less@I@2@V?$allocator@V?$list@PAVIGServer@@V?$allocator@PAVIGServer@@@std@@@std@@@2@@2@U?$less@I@2@V?$allocator@V?$list@PAVIGServer@@V?$allocator@PAVIGServer@@@std@@@std@@@2@@std@@QAE?AViterator@12@V312@@Z 004130a0 f i GameServer.obj
 0001:000125e0       ?erase@?$list@PAVIGServer@@V?$allocator@PAVIGServer@@@std@@@std@@QAE?AViterator@12@V312@@Z 004135e0 f i GameServer.obj
 0001:00012620       ?_Next@_Acc@?$list@PAVIGServer@@V?$allocator@PAVIGServer@@@std@@@std@@SAAAPAU_Node@23@PAU423@@Z 00413620 f i GameServer.obj
 0001:00012630       ?_Erase@?$_Tree@IU?$pair@$$CBIV?$list@PAVIGServer@@V?$allocator@PAVIGServer@@@std@@@std@@@std@@U_Kfn@?$map@IV?$list@PAVIGServer@@V?$allocator@PAVIGServer@@@std@@@std@@U?$less@I@2@V?$allocator@V?$list@PAVIGServer@@V?$allocator@PAVIGServer@@@std@@@std@@@2@@2@U?$less@I@2@V?$allocator@V?$list@PAVIGServer@@V?$allocator@PAVIGServer@@@std@@@std@@@2@@std@@IAEXPAU_Node@12@@Z 00413630 f i GameServer.obj
 0001:00012710       ?_Insert@?$_Tree@IU?$pair@$$CBIV?$list@PAVIGServer@@V?$allocator@PAVIGServer@@@std@@@std@@@std@@U_Kfn@?$map@IV?$list@PAVIGServer@@V?$allocator@PAVIGServer@@@std@@@std@@U?$less@I@2@V?$allocator@V?$list@PAVIGServer@@V?$allocator@PAVIGServer@@@std@@@std@@@2@@2@U?$less@I@2@V?$allocator@V?$list@PAVIGServer@@V?$allocator@PAVIGServer@@@std@@@std@@@2@@std@@IAE?AViterator@12@PAU_Node@12@0ABU?$pair@$$CBIV?$list@PAVIGServer@@V?$allocator@PAVIGServer@@@std@@@std@@@2@@Z 00413710 f i GameServer.obj
 0001:00012a10       ?begin@?$list@PAVIGServer@@V?$allocator@PAVIGServer@@@std@@@std@@QBE?AVconst_iterator@12@XZ 00413a10 f i GameServer.obj
 0001:00012a20       ?end@?$list@PAVIGServer@@V?$allocator@PAVIGServer@@@std@@@std@@QBE?AVconst_iterator@12@XZ 00413a20 f i GameServer.obj
 0001:00012a30       ?insert@?$list@PAVIGServer@@V?$allocator@PAVIGServer@@@std@@@std@@QAEXViterator@12@Vconst_iterator@12@1@Z 00413a30 f i GameServer.obj
 0001:00012aa0       ?_Inc@const_iterator@?$_Tree@IU?$pair@$$CBIV?$list@PAVIGServer@@V?$allocator@PAVIGServer@@@std@@@std@@@std@@U_Kfn@?$map@IV?$list@PAVIGServer@@V?$allocator@PAVIGServer@@@std@@@std@@U?$less@I@2@V?$allocator@V?$list@PAVIGServer@@V?$allocator@PAVIGServer@@@std@@@std@@@2@@2@U?$less@I@2@V?$allocator@V?$list@PAVIGServer@@V?$allocator@PAVIGServer@@@std@@@std@@@2@@std@@QAEXXZ 00413aa0 f i GameServer.obj
 0001:00012b50       ?lower_bound@?$_Tree@IU?$pair@$$CBIPAVIGServer@@@std@@U_Kfn@?$map@IPAVIGServer@@U?$less@I@std@@V?$allocator@PAVIGServer@@@3@@2@U?$less@I@2@V?$allocator@PAVIGServer@@@2@@std@@QAE?AViterator@12@ABI@Z 00413b50 f i GameServer.obj
 0001:00012b70       ?_Erase@?$_Tree@IU?$pair@$$CBIPAVIGServer@@@std@@U_Kfn@?$map@IPAVIGServer@@U?$less@I@std@@V?$allocator@PAVIGServer@@@3@@2@U?$less@I@2@V?$allocator@PAVIGServer@@@2@@std@@IAEXPAU_Node@12@@Z 00413b70 f i GameServer.obj
 0001:00012c00       ?_Insert@?$_Tree@IU?$pair@$$CBIPAVIGServer@@@std@@U_Kfn@?$map@IPAVIGServer@@U?$less@I@std@@V?$allocator@PAVIGServer@@@3@@2@U?$less@I@2@V?$allocator@PAVIGServer@@@2@@std@@IAE?AViterator@12@PAU_Node@12@0ABU?$pair@$$CBIPAVIGServer@@@2@@Z 00413c00 f i GameServer.obj
 0001:00012f00       ?_Min@?$_Tree@IU?$pair@$$CBIPAVIGServer@@@std@@U_Kfn@?$map@IPAVIGServer@@U?$less@I@std@@V?$allocator@PAVIGServer@@@3@@2@U?$less@I@2@V?$allocator@PAVIGServer@@@2@@std@@KAPAU_Node@12@PAU312@@Z 00413f00 f i GameServer.obj
 0001:00012f40       ?lower_bound@?$_Tree@V?$basic_string@DU?$char_traits@D@std@@V?$allocator@D@2@@std@@U?$pair@$$CBV?$basic_string@DU?$char_traits@D@std@@V?$allocator@D@2@@std@@PAX@2@U_Kfn@?$map@V?$basic_string@DU?$char_traits@D@std@@V?$allocator@D@2@@std@@PAXU?$less@V?$basic_string@DU?$char_traits@D@std@@V?$allocator@D@2@@std@@@2@V?$allocator@PAX@2@@2@U?$less@V?$basic_string@DU?$char_traits@D@std@@V?$allocator@D@2@@std@@@2@V?$allocator@PAX@2@@std@@QAE?AViterator@12@ABV?$basic_string@DU?$char_traits@D@std@@V?$allocator@D@2@@2@@Z 00413f40 f i GameServer.obj
 0001:00012f60       ?_Erase@?$_Tree@V?$basic_string@DU?$char_traits@D@std@@V?$allocator@D@2@@std@@U?$pair@$$CBV?$basic_string@DU?$char_traits@D@std@@V?$allocator@D@2@@std@@PAX@2@U_Kfn@?$map@V?$basic_string@DU?$char_traits@D@std@@V?$allocator@D@2@@std@@PAXU?$less@V?$basic_string@DU?$char_traits@D@std@@V?$allocator@D@2@@std@@@2@V?$allocator@PAX@2@@2@U?$less@V?$basic_string@DU?$char_traits@D@std@@V?$allocator@D@2@@std@@@2@V?$allocator@PAX@2@@std@@IAEXPAU_Node@12@@Z 00413f60 f i GameServer.obj
 0001:00013010       ?_Insert@?$_Tree@V?$basic_string@DU?$char_traits@D@std@@V?$allocator@D@2@@std@@U?$pair@$$CBV?$basic_string@DU?$char_traits@D@std@@V?$allocator@D@2@@std@@PAX@2@U_Kfn@?$map@V?$basic_string@DU?$char_traits@D@std@@V?$allocator@D@2@@std@@PAXU?$less@V?$basic_string@DU?$char_traits@D@std@@V?$allocator@D@2@@std@@@2@V?$allocator@PAX@2@@2@U?$less@V?$basic_string@DU?$char_traits@D@std@@V?$allocator@D@2@@std@@@2@V?$allocator@PAX@2@@std@@IAE?AViterator@12@PAU_Node@12@0ABU?$pair@$$CBV?$basic_string@DU?$char_traits@D@std@@V?$allocator@D@2@@std@@PAX@2@@Z 00414010 f i GameServer.obj
 0001:00013320       ?_Inc@const_iterator@?$_Tree@V?$basic_string@DU?$char_traits@D@std@@V?$allocator@D@2@@std@@U?$pair@$$CBV?$basic_string@DU?$char_traits@D@std@@V?$allocator@D@2@@std@@PAX@2@U_Kfn@?$map@V?$basic_string@DU?$char_traits@D@std@@V?$allocator@D@2@@std@@PAXU?$less@V?$basic_string@DU?$char_traits@D@std@@V?$allocator@D@2@@std@@@2@V?$allocator@PAX@2@@2@U?$less@V?$basic_string@DU?$char_traits@D@std@@V?$allocator@D@2@@std@@@2@V?$allocator@PAX@2@@std@@QAEXXZ 00414320 f i GameServer.obj
 0001:000133d0       ?insert@?$_Tree@V?$basic_string@DU?$char_traits@D@std@@V?$allocator@D@2@@std@@U?$pair@$$CBV?$basic_string@DU?$char_traits@D@std@@V?$allocator@D@2@@std@@UTransferInfo@@@2@U_Kfn@?$map@V?$basic_string@DU?$char_traits@D@std@@V?$allocator@D@2@@std@@UTransferInfo@@U?$less@V?$basic_string@DU?$char_traits@D@std@@V?$allocator@D@2@@std@@@2@V?$allocator@UTransferInfo@@@2@@2@U?$less@V?$basic_string@DU?$char_traits@D@std@@V?$allocator@D@2@@std@@@2@V?$allocator@UTransferInfo@@@2@@std@@QAE?AU?$pair@Viterator@?$_Tree@V?$basic_string@DU?$char_traits@D@std@@V?$allocator@D@2@@std@@U?$pair@$$CBV?$basic_string@DU?$char_traits@D@std@@V?$allocator@D@2@@std@@UTransferInfo@@@2@U_Kfn@?$map@V?$basic_string@DU?$char_traits@D@std@@V?$allocator@D@2@@std@@UTransferInfo@@U?$less@V?$basic_string@DU?$char_traits@D@std@@V?$allocator@D@2@@std@@@2@V?$allocator@UTransferInfo@@@2@@2@U?$less@V?$basic_string@DU?$char_traits@D@std@@V?$allocator@D@2@@std@@@2@V?$allocator@UTransferInfo@@@2@@std@@_N@2@ABU?$pair@$$CBV?$basic_string@DU?$char_traits@D@std@@V?$allocator@D@2@@std@@UTransferInfo@@@2@@Z 004143d0 f i GameServer.obj
 0001:00013540       ?erase@?$_Tree@V?$basic_string@DU?$char_traits@D@std@@V?$allocator@D@2@@std@@U?$pair@$$CBV?$basic_string@DU?$char_traits@D@std@@V?$allocator@D@2@@std@@UTransferInfo@@@2@U_Kfn@?$map@V?$basic_string@DU?$char_traits@D@std@@V?$allocator@D@2@@std@@UTransferInfo@@U?$less@V?$basic_string@DU?$char_traits@D@std@@V?$allocator@D@2@@std@@@2@V?$allocator@UTransferInfo@@@2@@2@U?$less@V?$basic_string@DU?$char_traits@D@std@@V?$allocator@D@2@@std@@@2@V?$allocator@UTransferInfo@@@2@@std@@QAE?AViterator@12@V312@@Z 00414540 f i GameServer.obj
 0001:00013ab0       ?equal_range@?$_Tree@V?$basic_string@DU?$char_traits@D@std@@V?$allocator@D@2@@std@@U?$pair@$$CBV?$basic_string@DU?$char_traits@D@std@@V?$allocator@D@2@@std@@UTransferInfo@@@2@U_Kfn@?$map@V?$basic_string@DU?$char_traits@D@std@@V?$allocator@D@2@@std@@UTransferInfo@@U?$less@V?$basic_string@DU?$char_traits@D@std@@V?$allocator@D@2@@std@@@2@V?$allocator@UTransferInfo@@@2@@2@U?$less@V?$basic_string@DU?$char_traits@D@std@@V?$allocator@D@2@@std@@@2@V?$allocator@UTransferInfo@@@2@@std@@QAE?AU?$pair@Viterator@?$_Tree@V?$basic_string@DU?$char_traits@D@std@@V?$allocator@D@2@@std@@U?$pair@$$CBV?$basic_string@DU?$char_traits@D@std@@V?$allocator@D@2@@std@@UTransferInfo@@@2@U_Kfn@?$map@V?$basic_string@DU?$char_traits@D@std@@V?$allocator@D@2@@std@@UTransferInfo@@U?$less@V?$basic_string@DU?$char_traits@D@std@@V?$allocator@D@2@@std@@@2@V?$allocator@UTransferInfo@@@2@@2@U?$less@V?$basic_string@DU?$char_traits@D@std@@V?$allocator@D@2@@std@@@2@V?$allocator@UTransferInfo@@@2@@std@@V123@@2@ABV?$basic_string@DU?$char_traits@D@std@@V?$allocator@D@2@@2@@Z 00414ab0 f i GameServer.obj
 0001:00013ae0       ?_Erase@?$_Tree@V?$basic_string@DU?$char_traits@D@std@@V?$allocator@D@2@@std@@U?$pair@$$CBV?$basic_string@DU?$char_traits@D@std@@V?$allocator@D@2@@std@@UTransferInfo@@@2@U_Kfn@?$map@V?$basic_string@DU?$char_traits@D@std@@V?$allocator@D@2@@std@@UTransferInfo@@U?$less@V?$basic_string@DU?$char_traits@D@std@@V?$allocator@D@2@@std@@@2@V?$allocator@UTransferInfo@@@2@@2@U?$less@V?$basic_string@DU?$char_traits@D@std@@V?$allocator@D@2@@std@@@2@V?$allocator@UTransferInfo@@@2@@std@@IAEXPAU_Node@12@@Z 00414ae0 f i GameServer.obj
 0001:00013bc0       ?insert@?$vector@V?$basic_string@DU?$char_traits@D@std@@V?$allocator@D@2@@std@@V?$allocator@V?$basic_string@DU?$char_traits@D@std@@V?$allocator@D@2@@std@@@2@@std@@QAEXPAV?$basic_string@DU?$char_traits@D@std@@V?$allocator@D@2@@2@IABV32@@Z 00414bc0 f i GameServer.obj
 0001:00013e80       ??0?$pair@Viterator@?$_Tree@V?$basic_string@DU?$char_traits@D@std@@V?$allocator@D@2@@std@@U?$pair@$$CBV?$basic_string@DU?$char_traits@D@std@@V?$allocator@D@2@@std@@UTransferInfo@@@2@U_Kfn@?$map@V?$basic_string@DU?$char_traits@D@std@@V?$allocator@D@2@@std@@UTransferInfo@@U?$less@V?$basic_string@DU?$char_traits@D@std@@V?$allocator@D@2@@std@@@2@V?$allocator@UTransferInfo@@@2@@2@U?$less@V?$basic_string@DU?$char_traits@D@std@@V?$allocator@D@2@@std@@@2@V?$allocator@UTransferInfo@@@2@@std@@_N@std@@QAE@ABViterator@?$_Tree@V?$basic_string@DU?$char_traits@D@std@@V?$allocator@D@2@@std@@U?$pair@$$CBV?$basic_string@DU?$char_traits@D@std@@V?$allocator@D@2@@std@@UTransferInfo@@@2@U_Kfn@?$map@V?$basic_string@DU?$char_traits@D@std@@V?$allocator@D@2@@std@@UTransferInfo@@U?$less@V?$basic_string@DU?$char_traits@D@std@@V?$allocator@D@2@@std@@@2@V?$allocator@UTransferInfo@@@2@@2@U?$less@V?$basic_string@DU?$char_traits@D@std@@V?$allocator@D@2@@std@@@2@V?$allocator@UTransferInfo@@@2@@1@AB_N@Z 00414e80 f i GameServer.obj
 0001:00013ea0       ?_Lbound@?$_Tree@IU?$pair@$$CBIV?$list@PAVIGServer@@V?$allocator@PAVIGServer@@@std@@@std@@@std@@U_Kfn@?$map@IV?$list@PAVIGServer@@V?$allocator@PAVIGServer@@@std@@@std@@U?$less@I@2@V?$allocator@V?$list@PAVIGServer@@V?$allocator@PAVIGServer@@@std@@@std@@@2@@2@U?$less@I@2@V?$allocator@V?$list@PAVIGServer@@V?$allocator@PAVIGServer@@@std@@@std@@@2@@std@@IBEPAU_Node@12@ABI@Z 00414ea0 f i GameServer.obj
 0001:00013ef0       ?_Dec@const_iterator@?$_Tree@IU?$pair@$$CBIV?$list@PAVIGServer@@V?$allocator@PAVIGServer@@@std@@@std@@@std@@U_Kfn@?$map@IV?$list@PAVIGServer@@V?$allocator@PAVIGServer@@@std@@@std@@U?$less@I@2@V?$allocator@V?$list@PAVIGServer@@V?$allocator@PAVIGServer@@@std@@@std@@@2@@2@U?$less@I@2@V?$allocator@V?$list@PAVIGServer@@V?$allocator@PAVIGServer@@@std@@@std@@@2@@std@@QAEXXZ 00414ef0 f i GameServer.obj
 0001:00013fb0       ?_Lbound@?$_Tree@IU?$pair@$$CBIPAVIGServer@@@std@@U_Kfn@?$map@IPAVIGServer@@U?$less@I@std@@V?$allocator@PAVIGServer@@@3@@2@U?$less@I@2@V?$allocator@PAVIGServer@@@2@@std@@IBEPAU_Node@12@ABI@Z 00414fb0 f i GameServer.obj
 0001:00014000       ?_Dec@const_iterator@?$_Tree@IU?$pair@$$CBIPAVIGServer@@@std@@U_Kfn@?$map@IPAVIGServer@@U?$less@I@std@@V?$allocator@PAVIGServer@@@3@@2@U?$less@I@2@V?$allocator@PAVIGServer@@@2@@std@@QAEXXZ 00415000 f i GameServer.obj
 0001:000140c0       ?_Lbound@?$_Tree@V?$basic_string@DU?$char_traits@D@std@@V?$allocator@D@2@@std@@U?$pair@$$CBV?$basic_string@DU?$char_traits@D@std@@V?$allocator@D@2@@std@@PAX@2@U_Kfn@?$map@V?$basic_string@DU?$char_traits@D@std@@V?$allocator@D@2@@std@@PAXU?$less@V?$basic_string@DU?$char_traits@D@std@@V?$allocator@D@2@@std@@@2@V?$allocator@PAX@2@@2@U?$less@V?$basic_string@DU?$char_traits@D@std@@V?$allocator@D@2@@std@@@2@V?$allocator@PAX@2@@std@@IBEPAU_Node@12@ABV?$basic_string@DU?$char_traits@D@std@@V?$allocator@D@2@@2@@Z 004150c0 f i GameServer.obj
 0001:00014180       ?_Dec@const_iterator@?$_Tree@V?$basic_string@DU?$char_traits@D@std@@V?$allocator@D@2@@std@@U?$pair@$$CBV?$basic_string@DU?$char_traits@D@std@@V?$allocator@D@2@@std@@PAX@2@U_Kfn@?$map@V?$basic_string@DU?$char_traits@D@std@@V?$allocator@D@2@@std@@PAXU?$less@V?$basic_string@DU?$char_traits@D@std@@V?$allocator@D@2@@std@@@2@V?$allocator@PAX@2@@2@U?$less@V?$basic_string@DU?$char_traits@D@std@@V?$allocator@D@2@@std@@@2@V?$allocator@PAX@2@@std@@QAEXXZ 00415180 f i GameServer.obj
 0001:00014240       ?lower_bound@?$_Tree@V?$basic_string@DU?$char_traits@D@std@@V?$allocator@D@2@@std@@U?$pair@$$CBV?$basic_string@DU?$char_traits@D@std@@V?$allocator@D@2@@std@@UTransferInfo@@@2@U_Kfn@?$map@V?$basic_string@DU?$char_traits@D@std@@V?$allocator@D@2@@std@@UTransferInfo@@U?$less@V?$basic_string@DU?$char_traits@D@std@@V?$allocator@D@2@@std@@@2@V?$allocator@UTransferInfo@@@2@@2@U?$less@V?$basic_string@DU?$char_traits@D@std@@V?$allocator@D@2@@std@@@2@V?$allocator@UTransferInfo@@@2@@std@@QAE?AViterator@12@ABV?$basic_string@DU?$char_traits@D@std@@V?$allocator@D@2@@2@@Z 00415240 f i GameServer.obj
 0001:00014260       ?upper_bound@?$_Tree@V?$basic_string@DU?$char_traits@D@std@@V?$allocator@D@2@@std@@U?$pair@$$CBV?$basic_string@DU?$char_traits@D@std@@V?$allocator@D@2@@std@@UTransferInfo@@@2@U_Kfn@?$map@V?$basic_string@DU?$char_traits@D@std@@V?$allocator@D@2@@std@@UTransferInfo@@U?$less@V?$basic_string@DU?$char_traits@D@std@@V?$allocator@D@2@@std@@@2@V?$allocator@UTransferInfo@@@2@@2@U?$less@V?$basic_string@DU?$char_traits@D@std@@V?$allocator@D@2@@std@@@2@V?$allocator@UTransferInfo@@@2@@std@@QAE?AViterator@12@ABV?$basic_string@DU?$char_traits@D@std@@V?$allocator@D@2@@2@@Z 00415260 f i GameServer.obj
 0001:00014280       ?_Insert@?$_Tree@V?$basic_string@DU?$char_traits@D@std@@V?$allocator@D@2@@std@@U?$pair@$$CBV?$basic_string@DU?$char_traits@D@std@@V?$allocator@D@2@@std@@UTransferInfo@@@2@U_Kfn@?$map@V?$basic_string@DU?$char_traits@D@std@@V?$allocator@D@2@@std@@UTransferInfo@@U?$less@V?$basic_string@DU?$char_traits@D@std@@V?$allocator@D@2@@std@@@2@V?$allocator@UTransferInfo@@@2@@2@U?$less@V?$basic_string@DU?$char_traits@D@std@@V?$allocator@D@2@@std@@@2@V?$allocator@UTransferInfo@@@2@@std@@IAE?AViterator@12@PAU_Node@12@0ABU?$pair@$$CBV?$basic_string@DU?$char_traits@D@std@@V?$allocator@D@2@@std@@UTransferInfo@@@2@@Z 00415280 f i GameServer.obj
 0001:00014590       ?_Lbound@?$_Tree@V?$basic_string@DU?$char_traits@D@std@@V?$allocator@D@2@@std@@U?$pair@$$CBV?$basic_string@DU?$char_traits@D@std@@V?$allocator@D@2@@std@@UTransferInfo@@@2@U_Kfn@?$map@V?$basic_string@DU?$char_traits@D@std@@V?$allocator@D@2@@std@@UTransferInfo@@U?$less@V?$basic_string@DU?$char_traits@D@std@@V?$allocator@D@2@@std@@@2@V?$allocator@UTransferInfo@@@2@@2@U?$less@V?$basic_string@DU?$char_traits@D@std@@V?$allocator@D@2@@std@@@2@V?$allocator@UTransferInfo@@@2@@std@@IBEPAU_Node@12@ABV?$basic_string@DU?$char_traits@D@std@@V?$allocator@D@2@@2@@Z 00415590 f i GameServer.obj
 0001:00014650       ?_Ubound@?$_Tree@V?$basic_string@DU?$char_traits@D@std@@V?$allocator@D@2@@std@@U?$pair@$$CBV?$basic_string@DU?$char_traits@D@std@@V?$allocator@D@2@@std@@UTransferInfo@@@2@U_Kfn@?$map@V?$basic_string@DU?$char_traits@D@std@@V?$allocator@D@2@@std@@UTransferInfo@@U?$less@V?$basic_string@DU?$char_traits@D@std@@V?$allocator@D@2@@std@@@2@V?$allocator@UTransferInfo@@@2@@2@U?$less@V?$basic_string@DU?$char_traits@D@std@@V?$allocator@D@2@@std@@@2@V?$allocator@UTransferInfo@@@2@@std@@IBEPAU_Node@12@ABV?$basic_string@DU?$char_traits@D@std@@V?$allocator@D@2@@2@@Z 00415650 f i GameServer.obj
 0001:00014720       ?_Dec@const_iterator@?$_Tree@V?$basic_string@DU?$char_traits@D@std@@V?$allocator@D@2@@std@@U?$pair@$$CBV?$basic_string@DU?$char_traits@D@std@@V?$allocator@D@2@@std@@UTransferInfo@@@2@U_Kfn@?$map@V?$basic_string@DU?$char_traits@D@std@@V?$allocator@D@2@@std@@UTransferInfo@@U?$less@V?$basic_string@DU?$char_traits@D@std@@V?$allocator@D@2@@std@@@2@V?$allocator@UTransferInfo@@@2@@2@U?$less@V?$basic_string@DU?$char_traits@D@std@@V?$allocator@D@2@@std@@@2@V?$allocator@UTransferInfo@@@2@@std@@QAEXXZ 00415720 f i GameServer.obj
 0001:000147e0       ?_Distance@std@@YAXViterator@?$_Tree@V?$basic_string@DU?$char_traits@D@std@@V?$allocator@D@2@@std@@U?$pair@$$CBV?$basic_string@DU?$char_traits@D@std@@V?$allocator@D@2@@std@@UTransferInfo@@@2@U_Kfn@?$map@V?$basic_string@DU?$char_traits@D@std@@V?$allocator@D@2@@std@@UTransferInfo@@U?$less@V?$basic_string@DU?$char_traits@D@std@@V?$allocator@D@2@@std@@@2@V?$allocator@UTransferInfo@@@2@@2@U?$less@V?$basic_string@DU?$char_traits@D@std@@V?$allocator@D@2@@std@@@2@V?$allocator@UTransferInfo@@@2@@1@0AAI@Z 004157e0 f i GameServer.obj
 0001:00014810       ?_Construct@std@@YAXPAU?$pair@$$CBIV?$list@PAVIGServer@@V?$allocator@PAVIGServer@@@std@@@std@@@1@ABU21@@Z 00415810 f i GameServer.obj
 0001:000148d0       ?_Construct@std@@YAXPAU?$pair@$$CBIPAVIGServer@@@1@ABU21@@Z 004158d0 f i GameServer.obj
 0001:000148f0       ?_Construct@std@@YAXPAU?$pair@$$CBV?$basic_string@DU?$char_traits@D@std@@V?$allocator@D@2@@std@@PAX@1@ABU21@@Z 004158f0 f i GameServer.obj
[...]
 0001:0001d3f0       _$E23                      0041e3f0 f   common:Buffer.obj
 0001:0001d410       _$E22                      0041e410 f   common:Buffer.obj
 0001:0001b170       _$E19                      0041c170 f   common:Exception.obj
 0001:0001b190       _$E18                      0041c190 f   common:Exception.obj
 0001:0001acd0       _$E21                      0041bcd0 f   common:Win32Exception.obj
 0001:0001acf0       _$E20                      0041bcf0 f   common:Win32Exception.obj
 0001:0001a810       ?Create@Win32@OnlineGameLib@@YAPAXPAU_SECURITY_ATTRIBUTES@@HHPBD@Z 0041b810 f   common:Mutex.obj
 0001:0001ac10       _$E19                      0041bc10 f   common:Mutex.obj
 0001:0001ac30       _$E18                      0041bc30 f   common:Mutex.obj
 0001:0002fbe1       __Mbrtowc_lk               00430be1 f   libcpmt:xmbtowc.obj
 0001:0002f4ad       _$E37                      004304ad f   libcpmt:xlocale.obj
 0001:0002f4c2       _$E36                      004304c2 f   libcpmt:xlocale.obj
 0001:0002c5e4       _$E47                      0042d5e4 f   libcpmt:wlocale.obj
 0001:0002c5f9       _$E46                      0042d5f9 f   libcpmt:wlocale.obj
 0001:000263f6       _$E2                       004273f6 f   libcpmt:nomemory.obj
 0001:0002546f       _$E18                      0042646f f   libcpmt:wiostrea.obj
 0001:00025479       _$E15                      00426479 f   libcpmt:wiostrea.obj
 0001:00025483       _$E17                      00426483 f   libcpmt:wiostrea.obj
 0001:0002548f       _$E16                      0042648f f   libcpmt:wiostrea.obj
 0001:00025499       _$E24                      00426499 f   libcpmt:wiostrea.obj
 0001:000254a3       _$E21                      004264a3 f   libcpmt:wiostrea.obj
 0001:000254ad       _$E23                      004264ad f   libcpmt:wiostrea.obj
 0001:000254b9       _$E22                      004264b9 f   libcpmt:wiostrea.obj
 0001:000254c3       _$E29                      004264c3 f   libcpmt:wiostrea.obj
 0001:000254cd       _$E26                      004264cd f   libcpmt:wiostrea.obj
 0001:000254da       _$E28                      004264da f   libcpmt:wiostrea.obj
 0001:000254e6       _$E27                      004264e6 f   libcpmt:wiostrea.obj
 0001:000254f0       _$E34                      004264f0 f   libcpmt:wiostrea.obj
 0001:000254fa       _$E31                      004264fa f   libcpmt:wiostrea.obj
 0001:00025507       _$E33                      00426507 f   libcpmt:wiostrea.obj
 0001:00025513       _$E32                      00426513 f   libcpmt:wiostrea.obj
 0001:0002551d       _$E39                      0042651d f   libcpmt:wiostrea.obj
 0001:00025527       _$E36                      00426527 f   libcpmt:wiostrea.obj
 0001:00025534       _$E38                      00426534 f   libcpmt:wiostrea.obj
 0001:00025540       _$E37                      00426540 f   libcpmt:wiostrea.obj
 0001:0002554a       _$E44                      0042654a f   libcpmt:wiostrea.obj
 0001:00025554       _$E41                      00426554 f   libcpmt:wiostrea.obj
 0001:00025563       _$E43                      00426563 f   libcpmt:wiostrea.obj
 0001:0002556f       _$E42                      0042656f f   libcpmt:wiostrea.obj
 0001:0002558e       _$E49                      0042658e f   libcpmt:wiostrea.obj
 0001:00025598       _$E46                      00426598 f   libcpmt:wiostrea.obj
 0001:000255a7       _$E48                      004265a7 f   libcpmt:wiostrea.obj
 0001:000255b3       _$E47                      004265b3 f   libcpmt:wiostrea.obj
 0001:000255d2       _$E54                      004265d2 f   libcpmt:wiostrea.obj
 0001:000255dc       _$E51                      004265dc f   libcpmt:wiostrea.obj
 0001:000255eb       _$E53                      004265eb f   libcpmt:wiostrea.obj
 0001:000255f7       _$E52                      004265f7 f   libcpmt:wiostrea.obj
 0001:00025601       _$E59                      00426601 f   libcpmt:wiostrea.obj
 0001:0002560b       _$E56                      0042660b f   libcpmt:wiostrea.obj
 0001:0002561a       _$E58                      0042661a f   libcpmt:wiostrea.obj
 0001:00025626       _$E57                      00426626 f   libcpmt:wiostrea.obj
 0001:000262f4       _$E70                      004272f4 f   libcpmt:wiostrea.obj
 0001:0002631e       _$E66                      0042731e f   libcpmt:wiostrea.obj
 0001:0002632a       _$E69                      0042732a f   libcpmt:wiostrea.obj
 0001:00024f31       _$E18                      00425f31 f   libcpmt:iostream.obj
 0001:00024f3b       _$E15                      00425f3b f   libcpmt:iostream.obj
 0001:00024f48       _$E17                      00425f48 f   libcpmt:iostream.obj
 0001:00024f54       _$E16                      00425f54 f   libcpmt:iostream.obj
 0001:00024f5e       _$E23                      00425f5e f   libcpmt:iostream.obj
 0001:00024f68       _$E20                      00425f68 f   libcpmt:iostream.obj
 0001:00024f75       _$E22                      00425f75 f   libcpmt:iostream.obj
 0001:00024f81       _$E21                      00425f81 f   libcpmt:iostream.obj
 0001:00024f8b       _$E28                      00425f8b f   libcpmt:iostream.obj
 0001:00024f95       _$E25                      00425f95 f   libcpmt:iostream.obj
 0001:00024fa4       _$E27                      00425fa4 f   libcpmt:iostream.obj
 0001:00024fb0       _$E26                      00425fb0 f   libcpmt:iostream.obj
 0001:00024fba       _$E33                      00425fba f   libcpmt:iostream.obj
 0001:00024fc4       _$E30                      00425fc4 f   libcpmt:iostream.obj
 0001:00024fd3       _$E32                      00425fd3 f   libcpmt:iostream.obj
 0001:00024fdf       _$E31                      00425fdf f   libcpmt:iostream.obj
 0001:00024fe9       _$E38                      00425fe9 f   libcpmt:iostream.obj
 0001:00024ff3       _$E35                      00425ff3 f   libcpmt:iostream.obj
 0001:00025000       _$E37                      00426000 f   libcpmt:iostream.obj
 0001:0002500c       _$E36                      0042600c f   libcpmt:iostream.obj
 0001:00025016       _$E43                      00426016 f   libcpmt:iostream.obj
 0001:00025020       _$E40                      00426020 f   libcpmt:iostream.obj
 0001:0002502f       _$E42                      0042602f f   libcpmt:iostream.obj
 0001:0002503b       _$E41                      0042603b f   libcpmt:iostream.obj
 0001:00025045       _$E48                      00426045 f   libcpmt:iostream.obj
 0001:0002504f       _$E45                      0042604f f   libcpmt:iostream.obj
 0001:0002505e       _$E47                      0042605e f   libcpmt:iostream.obj
 0001:0002506a       _$E46                      0042606a f   libcpmt:iostream.obj
 0001:0002542d       _$E60                      0042642d f   libcpmt:iostream.obj
 0001:00025457       _$E56                      00426457 f   libcpmt:iostream.obj
 0001:00025463       _$E59                      00426463 f   libcpmt:iostream.obj
 0001:00024eef       _$E32                      00425eef f   libcpmt:locale.obj
 0001:00024f19       _$E28                      00425f19 f   libcpmt:locale.obj
 0001:00024f25       _$E31                      00425f25 f   libcpmt:locale.obj
 0001:000224cd       _$E18                      004234cd f   libcpmt:locale0.obj
 0001:000224d7       _$E15                      004234d7 f   libcpmt:locale0.obj
 0001:000224d8       _$E17                      004234d8 f   libcpmt:locale0.obj
 0001:000224e4       _$E16                      004234e4 f   libcpmt:locale0.obj
 0001:00022916       _$E29                      00423916 f   libcpmt:locale0.obj
 0001:00022940       _$E25                      00423940 f   libcpmt:locale0.obj
 0001:0002294c       _$E28                      0042394c f   libcpmt:locale0.obj
 0001:0002248b       _$E24                      0042348b f   libcpmt:strstrea.obj
 0001:000224b5       _$E20                      004234b5 f   libcpmt:strstrea.obj
 0001:000224c1       _$E23                      004234c1 f   libcpmt:strstrea.obj
 0001:000215b6       ?_CleanUp@std@@YAXXZ       004225b6 f   libcpmt:xlock.obj
 0001:000214f5       _$E24                      004224f5 f   libcpmt:string.obj
 0001:0002151f       _$E20                      0042251f f   libcpmt:string.obj
 0001:0002152b       _$E23                      0042252b f   libcpmt:string.obj
 0001:0003e3ce       _findenv                   0043f3ce f   LIBCMT:setenv.obj
 0001:0003e426       _copy_environ              0043f426 f   LIBCMT:setenv.obj
 0001:0003d42e       _ctrlevent_capture@4       0043e42e f   LIBCMT:winsig.obj
 0001:0003d612       _siglookup                 0043e612 f   LIBCMT:winsig.obj
 0001:0003ca81       _xtoa                      0043da81 f   LIBCMT:xtoa.obj
 0001:0003cb53       _x64toa@20                 0043db53 f   LIBCMT:xtoa.obj
 0001:0003c143       _getSystemCP               0043d143 f   LIBCMT:mbctype.obj
 0001:0003c18d       _CPtoLCID                  0043d18d f   LIBCMT:mbctype.obj
 0001:0003c1c0       _setSBCS                   0043d1c0 f   LIBCMT:mbctype.obj
 0001:0003c1e9       _setSBUpLow                0043d1e9 f   LIBCMT:mbctype.obj
 0001:0003bf65       _x_ismbbtype               0043cf65 f   LIBCMT:ismbbyte.obj
 0001:0003b5d0       __abstract_cw              0043c5d0 f   LIBCMT:ieee87.obj
 0001:0003b662       __hw_cw                    0043c662 f   LIBCMT:ieee87.obj
 0001:0003b6eb       __abstract_sw              0043c6eb f   LIBCMT:ieee87.obj
 0001:0003a50e       __tzset_lk                 0043b50e f   LIBCMT:tzset.obj
 0001:0003a7b6       __isindst_lk               0043b7b6 f   LIBCMT:tzset.obj
 0001:0003a962       _cvtdate                   0043b962 f   LIBCMT:tzset.obj
 0001:00039857       _TranslateName             0043a857 f   LIBCMT:getqloc.obj
 0001:000398af       _GetLcidFromLangCountry    0043a8af f   LIBCMT:getqloc.obj
 0001:00039936       _LangCountryEnumProc@4     0043a936 f   LIBCMT:getqloc.obj
 0001:00039b3a       _GetLcidFromLanguage       0043ab3a f   LIBCMT:getqloc.obj
 0001:00039b90       _LanguageEnumProc@4        0043ab90 f   LIBCMT:getqloc.obj
 0001:00039c4d       _GetLcidFromCountry        0043ac4d f   LIBCMT:getqloc.obj
 0001:00039c84       _CountryEnumProc@4         0043ac84 f   LIBCMT:getqloc.obj
 0001:00039d0a       _GetLcidFromDefault        0043ad0a f   LIBCMT:getqloc.obj
 0001:00039d24       _ProcessCodePage           0043ad24 f   LIBCMT:getqloc.obj
 0001:00039d8a       _TestDefaultCountry        0043ad8a f   LIBCMT:getqloc.obj
 0001:00039da9       _TestDefaultLanguage       0043ada9 f   LIBCMT:getqloc.obj
 0001:00039e0b       _IsThisWindowsNT           0043ae0b f   LIBCMT:getqloc.obj
 0001:00039e41       _crtGetLocaleInfoA@16      0043ae41 f   LIBCMT:getqloc.obj
 0001:00039f27       _LcidFromHexString         0043af27 f   LIBCMT:getqloc.obj
 0001:00039f60       _GetPrimaryLen             0043af60 f   LIBCMT:getqloc.obj
 0001:00039262       __get_lc_lconv             0043a262 f   LIBCMT:initmon.obj
 0001:00039384       _fix_grouping              0043a384 f   LIBCMT:initmon.obj
 0001:000393bb       __free_lc_lconv            0043a3bb f   LIBCMT:initmon.obj
 0001:00039160       _fix_grouping              0043a160 f   LIBCMT:initnum.obj
 0001:00038aad       __get_lc_time              00439aad f   LIBCMT:inittime.obj
 0001:00038dfb       __free_lc_time             00439dfb f   LIBCMT:inittime.obj
 0001:00036ae6       _parse_cmdline             00437ae6 f   LIBCMT:stdargv.obj
 0001:00036902       _xcptlookup                00437902 f   LIBCMT:winxfltr.obj
 0001:000364c8       __cftoe2                   004374c8 f   LIBCMT:cvt.obj
 0001:000365df       __cftof2                   004375df f   LIBCMT:cvt.obj
 0001:0003676a       __shift                    0043776a f   LIBCMT:cvt.obj
 0001:00035b64       _write_char                00436b64 f   LIBCMT:output.obj
 0001:00035b99       _write_multi_char          00436b99 f   LIBCMT:output.obj
 0001:00035bca       _write_string              00436bca f   LIBCMT:output.obj
 0001:00035c02       _get_int_arg               00436c02 f   LIBCMT:output.obj
 0001:00035c0f       _get_int64_arg             00436c0f f   LIBCMT:output.obj
 0001:00035c1f       _get_short_arg             00436c1f f   LIBCMT:output.obj
 0001:00034a67       ?FindHandler@@YAXPAUEHExceptionRecord@@PAUEHRegistrationNode@@PAU_CONTEXT@@PAXPBU_s_FuncInfo@@EH1@Z 00435a67 f   LIBCMT:frame.obj
 0001:00034c1a       ?FindHandlerForForeignException@@YAXPAUEHExceptionRecord@@PAUEHRegistrationNode@@PAU_CONTEXT@@PAXPBU_s_FuncInfo@@HH1@Z 00435c1a f   LIBCMT:frame.obj
 0001:00034cc4       ?TypeMatch@@YAHPBU_s_HandlerType@@PBU_s_CatchableType@@PBU_s_ThrowInfo@@@Z 00435cc4 f   LIBCMT:frame.obj
 0001:00034dbf       ?FrameUnwindFilter@@YAHPAU_EXCEPTION_POINTERS@@@Z 00435dbf f   LIBCMT:frame.obj
 0001:00034dd5       ?CatchIt@@YAXPAUEHExceptionRecord@@PAUEHRegistrationNode@@PAU_CONTEXT@@PAXPBU_s_FuncInfo@@PBU_s_HandlerType@@PBU_s_CatchableType@@PBU_s_TryBlockMapEntry@@H1E@Z 00435dd5 f   LIBCMT:frame.obj
 0001:00034e50       ?CallCatchBlock@@YAPAXPAUEHExceptionRecord@@PAUEHRegistrationNode@@PAU_CONTEXT@@PBU_s_FuncInfo@@PAXHK@Z 00435e50 f   LIBCMT:frame.obj
 0001:00034f6b       ?ExFilterRethrow@@YAHPAU_EXCEPTION_POINTERS@@@Z 00435f6b f   LIBCMT:frame.obj
 0001:00034f95       ?BuildCatchObject@@YAXPAUEHExceptionRecord@@PAUEHRegistrationNode@@PBU_s_HandlerType@@PBU_s_CatchableType@@@Z 00435f95 f   LIBCMT:frame.obj
 0001:000351c0       ?AdjustPointer@@YAPAXPAXABUPMD@@@Z 004361c0 f   LIBCMT:frame.obj
 0001:0003465c       _doexit                    0043565c f   LIBCMT:crt0dat.obj
 0001:00034713       __initterm                 00435713 f   LIBCMT:crt0dat.obj
 0001:000345c4       _strncnt                   004355c4 f   LIBCMT:a_cmp.obj
 0001:000341fd       _strncnt                   004351fd f   LIBCMT:a_map.obj
 0001:000336fc       __expandtime               004346fc f   LIBCMT:strftime.obj
 0001:00033aeb       __store_str                00434aeb f   LIBCMT:strftime.obj
 0001:00033b12       __store_num                00434b12 f   LIBCMT:strftime.obj
 0001:00033b81       __store_number             00434b81 f   LIBCMT:strftime.obj
 0001:00033bca       __store_winword            00434bca f   LIBCMT:strftime.obj
 0001:00032ac0       _strtoxl                   00433ac0 f   LIBCMT:strtol.obj
 0001:000324b2       __setlocale_set_cat        004334b2 f   LIBCMT:setlocal.obj
 0001:000325cd       __setlocale_get_all        004335cd f   LIBCMT:setlocal.obj
 0001:00031ef0       LeadUp1                    00432ef0 f   LIBCMT:memcpy.obj
 0001:00031f1c       LeadUp2                    00432f1c f   LIBCMT:memcpy.obj
 0001:00031f40       LeadUp3                    00432f40 f   LIBCMT:memcpy.obj
 0001:00031fbf       UnwindUp0                  00432fbf f   LIBCMT:memcpy.obj
 0001:00031fac       UnwindUp1                  00432fac f   LIBCMT:memcpy.obj
 0001:00031fa4       UnwindUp2                  00432fa4 f   LIBCMT:memcpy.obj
 0001:00031f9c       UnwindUp3                  00432f9c f   LIBCMT:memcpy.obj
 0001:00031f94       UnwindUp4                  00432f94 f   LIBCMT:memcpy.obj
 0001:00031f8c       UnwindUp5                  00432f8c f   LIBCMT:memcpy.obj
 0001:00031f84       UnwindUp6                  00432f84 f   LIBCMT:memcpy.obj
 0001:00031f7c       UnwindUp7                  00432f7c f   LIBCMT:memcpy.obj
 0001:00031fd8       TrailUp0                   00432fd8 f   LIBCMT:memcpy.obj
 0001:00031fe0       TrailUp1                   00432fe0 f   LIBCMT:memcpy.obj
 0001:00031fec       TrailUp2                   00432fec f   LIBCMT:memcpy.obj
 0001:00032000       TrailUp3                   00433000 f   LIBCMT:memcpy.obj
 0001:00032078       LeadDown1                  00433078 f   LIBCMT:memcpy.obj
 0001:00032098       LeadDown2                  00433098 f   LIBCMT:memcpy.obj
 0001:000320c0       LeadDown3                  004330c0 f   LIBCMT:memcpy.obj
 0001:00032114       UnwindDown7                00433114 f   LIBCMT:memcpy.obj
 0001:0003211c       UnwindDown6                0043311c f   LIBCMT:memcpy.obj
 0001:00032124       UnwindDown5                00433124 f   LIBCMT:memcpy.obj
 0001:0003212c       UnwindDown4                0043312c f   LIBCMT:memcpy.obj
 0001:00032134       UnwindDown3                00433134 f   LIBCMT:memcpy.obj
 0001:0003213c       UnwindDown2                0043313c f   LIBCMT:memcpy.obj
 0001:00032144       UnwindDown1                00433144 f   LIBCMT:memcpy.obj
 0001:00032157       UnwindDown0                00433157 f   LIBCMT:memcpy.obj
 0001:00032170       TrailDown0                 00433170 f   LIBCMT:memcpy.obj
 0001:00032178       TrailDown1                 00433178 f   LIBCMT:memcpy.obj
 0001:00032188       TrailDown2                 00433188 f   LIBCMT:memcpy.obj
 0001:0003219c       TrailDown3                 0043319c f   LIBCMT:memcpy.obj
 0001:00031ceb       _flsall                    00432ceb f   LIBCMT:fflush.obj
 0001:0003140c       _fast_error_exit           0043240c f   LIBCMT:wincrt0.obj
 0001:00030bbc       ?ArrayUnwindFilter@@YAHPAU_EXCEPTION_POINTERS@@@Z 00431bbc f   LIBCMT:ehvecdtr.obj
 0001:00030810       LeadUp1                    00431810 f   LIBCMT:memmove.obj
 0001:0003083c       LeadUp2                    0043183c f   LIBCMT:memmove.obj
 0001:00030860       LeadUp3                    00431860 f   LIBCMT:memmove.obj
 0001:000308df       UnwindUp0                  004318df f   LIBCMT:memmove.obj
 0001:000308cc       UnwindUp1                  004318cc f   LIBCMT:memmove.obj
 0001:000308c4       UnwindUp2                  004318c4 f   LIBCMT:memmove.obj
 0001:000308bc       UnwindUp3                  004318bc f   LIBCMT:memmove.obj
 0001:000308b4       UnwindUp4                  004318b4 f   LIBCMT:memmove.obj
 0001:000308ac       UnwindUp5                  004318ac f   LIBCMT:memmove.obj
 0001:000308a4       UnwindUp6                  004318a4 f   LIBCMT:memmove.obj
 0001:0003089c       UnwindUp7                  0043189c f   LIBCMT:memmove.obj
 0001:000308f8       TrailUp0                   004318f8 f   LIBCMT:memmove.obj
 0001:00030900       TrailUp1                   00431900 f   LIBCMT:memmove.obj
 0001:0003090c       TrailUp2                   0043190c f   LIBCMT:memmove.obj
 0001:00030920       TrailUp3                   00431920 f   LIBCMT:memmove.obj
 0001:00030998       LeadDown1                  00431998 f   LIBCMT:memmove.obj
 0001:000309b8       LeadDown2                  004319b8 f   LIBCMT:memmove.obj
 0001:000309e0       LeadDown3                  004319e0 f   LIBCMT:memmove.obj
 0001:00030a34       UnwindDown7                00431a34 f   LIBCMT:memmove.obj
 0001:00030a3c       UnwindDown6                00431a3c f   LIBCMT:memmove.obj
 0001:00030a44       UnwindDown5                00431a44 f   LIBCMT:memmove.obj
 0001:00030a4c       UnwindDown4                00431a4c f   LIBCMT:memmove.obj
 0001:00030a54       UnwindDown3                00431a54 f   LIBCMT:memmove.obj
 0001:00030a5c       UnwindDown2                00431a5c f   LIBCMT:memmove.obj
 0001:00030a64       UnwindDown1                00431a64 f   LIBCMT:memmove.obj
 0001:00030a77       UnwindDown0                00431a77 f   LIBCMT:memmove.obj
 0001:00030a90       TrailDown0                 00431a90 f   LIBCMT:memmove.obj
 0001:00030a98       TrailDown1                 00431a98 f   LIBCMT:memmove.obj
 0001:00030aa8       TrailDown2                 00431aa8 f   LIBCMT:memmove.obj
 0001:00030abc       TrailDown3                 00431abc f   LIBCMT:memmove.obj
 0001:00030584       _gu_return                 00431584 f   LIBCMT:exsup.obj
 0001:0003058c       __unwind_handler           0043158c f   LIBCMT:exsup.obj
 0001:000303a0       ?CatchGuardHandler@@YA?AW4_EXCEPTION_DISPOSITION@@PAUEHExceptionRecord@@PAUCatchGuardRN@@PAX2@Z 004313a0 f   LIBCMT:trnsctrl.obj
 0001:0003047b       ?TranslatorGuardHandler@@YA?AW4_EXCEPTION_DISPOSITION@@PAUEHExceptionRecord@@PAUTranslatorGuardRN@@PAX2@Z 0043147b f   LIBCMT:trnsctrl.obj
