 CoreClient

 Timestamp is 68843341 (Sat Jul 26 08:45:37 2025)

 Preferred load address is 10000000

 Start         Length     Name                   Class
 0001:00000000 000b7aeeH .text                   CODE
 0001:000b7af0 00001790H .text$x                 CODE
 0002:00000000 0000032cH .idata$5                DATA
 0002:00000330 0000abfdH .rdata                  DATA
 0002:0000af30 00001b00H .xdata$x                DATA
 0002:0000ca30 00000078H .idata$2                DATA
 0002:0000caa8 00000014H .idata$3                DATA
 0002:0000cabc 0000032cH .idata$4                DATA
 0002:0000cde8 0000156cH .idata$6                DATA
 0002:0000e360 00001a00H .edata                  DATA
 0003:00000000 00000004H .CRT$XCA                DATA
 0003:00000004 000000e4H .CRT$XCU                DATA
 0003:000000e8 00000004H .CRT$XCZ                DATA
 0003:000000ec 00000004H .CRT$XIA                DATA
 0003:000000f0 00000004H .CRT$XIZ                DATA
 0003:00000100 0000d730H .data                   DATA
 0003:0000d830 01d442f4H .bss                    DATA

  Address         Publics by Value              Rva+Base     Lib:Object

 0001:00000000       ?GetMoney@KInventory@@QAEHXZ 10001000 f i KThiefSkill.obj
 0001:00000020       ?SetMoney@KInventory@@QAEHH@Z 10001020 f i KThiefSkill.obj
 0001:00000050       ??4KInventory@@QAEAAV0@ABV0@@Z 10001050 f i KThiefSkill.obj
 0001:00000090       ?GetBuildItem@KItemList@@QAEHH@Z 10001090 f i KThiefSkill.obj
 0001:000000c0       ?GetEquipment@KItemList@@QBEHH@Z 100010c0 f i KThiefSkill.obj
 0001:000000f0       ?GetMoney@KItemList@@QAEHH@Z 100010f0 f i KThiefSkill.obj
 0001:00000130       ?Hand@KItemList@@QAEHXZ    10001130 f i KThiefSkill.obj
 0001:00000150       ?GetMaskLock@KItemList@@QAEHXZ 10001150 f i KThiefSkill.obj
 0001:00000170       ?IsLockOperation@KItemList@@QAEHXZ 10001170 f i KThiefSkill.obj
 0001:00000190       ?IsActiveSet@KItemList@@QBEHXZ 10001190 f i KThiefSkill.obj
 0001:000001b0       ??4KItemList@@QAEAAV0@ABV0@@Z 100011b0 f i KThiefSkill.obj
 0001:000001e0       ??0KThiefSkill@@QAE@XZ     100011e0 f   KThiefSkill.obj
 0001:00000258       ??1KThiefSkill@@UAE@XZ     10001258 f   KThiefSkill.obj
 0001:00000285       ?GetSkillId@KThiefSkill@@UAEHXZ 10001285 f   KThiefSkill.obj
 0001:0000029c       ?GetSkillName@KThiefSkill@@UAEPBDXZ 1000129c f   KThiefSkill.obj
 0001:000002b4       ?GetSkillStyle@KThiefSkill@@UAEHXZ 100012b4 f   KThiefSkill.obj
 0001:000002cb       ?LoadSkillLevelData@KThiefSkill@@UAEXKH@Z 100012cb f   KThiefSkill.obj
 0001:000002df       ?DoSkill@KThiefSkill@@QAEHPAVKNpc@@HH@Z 100012df f   KThiefSkill.obj
 0001:00000401       ?Cast@KThiefSkill@@QAEHPAVKPlayer@@0@Z 10001401 f   KThiefSkill.obj
 0001:0000041a       ?OnSkill@KThiefSkill@@QAEHPAVKNpc@@@Z 1000141a f   KThiefSkill.obj
 0001:000005be       ?CanCastSkill@KThiefSkill@@UBEHHAAH0@Z 100015be f   KThiefSkill.obj
 0001:000006b5       ?GetDesc@KThiefSkill@@QAEXKKPADH_N@Z 100016b5 f   KThiefSkill.obj
 0001:000006e8       ?LoadSetting@KThiefSkill@@QAEHPAD@Z 100016e8 f   KThiefSkill.obj
 0001:00000ba4       ?GetSkillCost@KThiefSkill@@UBEHPAX@Z 10001ba4 f   KThiefSkill.obj
 0001:00000cd1       ?DrawSkillIcon@KThiefSkill@@UAEXHHHHH@Z 10001cd1 f   KThiefSkill.obj
 0001:00000fd0       ?GetSkillCostType@KThiefSkill@@UBE?AW4NPCATTRIB@@XZ 10001fd0 f i KThiefSkill.obj
 0001:00000ff0       ?GetAttackRadius@KThiefSkill@@UBEHXZ 10001ff0 f i KThiefSkill.obj
 0001:00001010       ?IsTargetOnly@KThiefSkill@@UBEHXZ 10002010 f i KThiefSkill.obj
 0001:00001030       ?IsTargetSelf@KThiefSkill@@UBEHXZ 10002030 f i KThiefSkill.obj
 0001:00001050       ?IsTargetEnemy@KThiefSkill@@UBEHXZ 10002050 f i KThiefSkill.obj
 0001:00001070       ?IsTargetAlly@KThiefSkill@@UBEHXZ 10002070 f i KThiefSkill.obj
 0001:00001090       ?IsTargetObj@KThiefSkill@@UBEHXZ 10002090 f i KThiefSkill.obj
 0001:000010b0       ??_EKThiefSkill@@UAEPAXI@Z 100020b0 f i KThiefSkill.obj
 0001:000010b0       ??_GKThiefSkill@@UAEPAXI@Z 100020b0 f i KThiefSkill.obj
 0001:000010f0       ??0ISkill@@QAE@XZ          100020f0 f i KThiefSkill.obj
 0001:00001110       ?GetDelayPerCast@KThiefSkill@@QAEKXZ 10002110 f i KThiefSkill.obj
 0001:00001130       ??1ISkill@@UAE@XZ          10002130 f i KThiefSkill.obj
 0001:00001150       ?IsAura@ISkill@@UBEHXZ     10002150 f i KThiefSkill.obj
 0001:00001170       ?IsPhysical@ISkill@@UBEHXZ 10002170 f i KThiefSkill.obj
 0001:00001190       ?GetSkillAttrib@ISkill@@UBEFXZ 10002190 f i KThiefSkill.obj
 0001:000011b0       ?IsExpSkill@ISkill@@UBEHXZ 100021b0 f i KThiefSkill.obj
 0001:000011d0       ?GetSkillLevelUpScriptId@ISkill@@UBEKXZ 100021d0 f i KThiefSkill.obj
 0001:000011f0       ??_GISkill@@UAEPAXI@Z      100021f0 f i KThiefSkill.obj
 0001:000011f0       ??_EISkill@@UAEPAXI@Z      100021f0 f i KThiefSkill.obj
 0001:00001230       ??4KMapMusic@@QAEAAV0@ABV0@@Z 10002230 f i KMissle.obj
 0001:00001260       ?GetGameTime@KSubWorldSet@@QAEHXZ 10002260 f i KMissle.obj
 0001:00001280       ?GetGameVersion@KSubWorldSet@@QAEHXZ 10002280 f i KMissle.obj
 0001:000012a0       ?SetPing@KSubWorldSet@@QAEXK@Z 100022a0 f i KMissle.obj
 0001:000012c0       ?GetPing@KSubWorldSet@@QAEKXZ 100022c0 f i KMissle.obj
 0001:000012e0       ??4KSubWorldSet@@QAEAAV0@ABV0@@Z 100022e0 f i KMissle.obj
 0001:00001310       ??1KSubWorldSet@@QAE@XZ    10002310 f i KMissle.obj
 0001:00001340       ??0KMissleSet@@QAE@XZ      10002340 f i KMissle.obj
 0001:000013c0       ??4KMissleSet@@QAEAAV0@ABV0@@Z 100023c0 f i KMissle.obj
 0001:00001400       ??1KMissleSet@@QAE@XZ      10002400 f i KMissle.obj
 0001:0000157c       ??0KMissle@@QAE@XZ         1000257c f   KMissle.obj
 0001:000016a3       ?Release@KMissle@@AAEXXZ   100026a3 f   KMissle.obj
 0001:00001713       ??1KMissle@@UAE@XZ         10002713 f   KMissle.obj
 0001:0000177e       ?GetInfoFromTabFile@KMissle@@QAEHH@Z 1000277e f   KMissle.obj
 0001:000017c6       ?GetInfoFromTabFile@KMissle@@QAEHPAVKITabFile@@H@Z 100027c6 f   KMissle.obj
 0001:000021b6       ?Init@KMissle@@AAEHHHHHH@Z 100031b6 f   KMissle.obj
 0001:000021e7       ?Activate@KMissle@@QAEHXZ  100031e7 f   KMissle.obj
 0001:000026fd       ?OnWait@KMissle@@AAEXXZ    100036fd f   KMissle.obj
 0001:0000270f       ?OnCollision@KMissle@@AAEXXZ 1000370f f   KMissle.obj
 0001:00002721       ?CheckCollision@KMissle@@AAEHXZ 10003721 f   KMissle.obj
 0001:00002a5c       ?OnFly@KMissle@@AAEXXZ     10003a5c f   KMissle.obj
 0001:000039df       ?OnVanish@KMissle@@AAEXXZ  100049df f   KMissle.obj
 0001:000039f1       ?Paint@KMissle@@QAEXXZ     100049f1 f   KMissle.obj
 0001:00003ba9       ?CheckBeyondRegion@KMissle@@AAEHHH@Z 10004ba9 f   KMissle.obj
 0001:00003fe5       ??4KMissle@@AAEAAV0@AAV0@@Z 10004fe5 f   KMissle.obj
 0001:00004421       ?ProcessDamage@KMissle@@AAEHH@Z 10005421 f   KMissle.obj
 0001:00004437       ?DoVanish@KMissle@@AAEXXZ  10005437 f   KMissle.obj
 0001:0000456e       ?DoCollision@KMissle@@AAEXXZ 1000556e f   KMissle.obj
 0001:0000475b       ?DoFly@KMissle@@AAEXXZ     1000575b f   KMissle.obj
 0001:00004788       ?GetOffsetAxis@KMissle@@SAHHHHHHHAAH00@Z 10005788 f   KMissle.obj
 0001:00004910       ?ProcessCollision@KMissle@@AAEHHHHHHH@Z 10005910 f   KMissle.obj
 0001:00004ba4       ?ProcessCollision@KMissle@@AAEHXZ 10005ba4 f   KMissle.obj
 0001:00004c0e       ?CreateSpecialEffect@KMissle@@QAEHW4eMissleStatus@@HHHH@Z 10005c0e f   KMissle.obj
 0001:00004e63       ?CreateMissleForShow@KMissle@@SAHPAD00PAUTMissleForShow@@@Z 10005e63 f   KMissle.obj
 0001:00005143       ?GetLightInfo@KMissle@@QAEXPAUKLightInfo@@@Z 10006143 f   KMissle.obj
 0001:000051ec       ?DoWait@KMissle@@AAEXXZ    100061ec f   KMissle.obj
 0001:00005295       ?PrePareFly@KMissle@@AAEHXZ 10006295 f   KMissle.obj
 0001:000055b8       ?CheckNearestCollision@KMissle@@AAEHXZ 100065b8 f   KMissle.obj
 0001:000058bb       ?FindNearestCollision@KMissle@@AAEHHH@Z 100068bb f   KMissle.obj
 0001:00005a15       ?GetMpsPos@KMissle@@QAEXPAH0@Z 10006a15 f   KMissle.obj
 0001:00005a90       ??_GKMissle@@UAEPAXI@Z     10006a90 f i KMissle.obj
 0001:00005a90       ??_EKMissle@@UAEPAXI@Z     10006a90 f i KMissle.obj
 0001:00005ad0       ??0KIndexNode@@QAE@XZ      10006ad0 f i KMissle.obj
 0001:00005b20       ??0KNode@@QAE@XZ           10006b20 f i KMissle.obj
 0001:00005b60       ??_EKNode@@UAEPAXI@Z       10006b60 f i KMissle.obj
 0001:00005b60       ??_GKNode@@UAEPAXI@Z       10006b60 f i KMissle.obj
 0001:00005ba0       ??1KNode@@UAE@XZ           10006ba0 f i KMissle.obj
 0001:00005bc0       ??_EKIndexNode@@UAEPAXI@Z  10006bc0 f i KMissle.obj
 0001:00005bc0       ??_GKIndexNode@@UAEPAXI@Z  10006bc0 f i KMissle.obj
 0001:00005c00       ??1KIndexNode@@UAE@XZ      10006c00 f i KMissle.obj
 0001:00005c30       ?IsMatch@KNpc@@QAEHK@Z     10006c30 f i KMissle.obj
 0001:00005c60       ?g_DirSin@@YAHHH@Z         10006c60 f i KMissle.obj
 0001:00005c90       ?g_DirCos@@YAHHH@Z         10006c90 f i KMissle.obj
 0001:00005cc0       ?g_GetDirIndex@@YAHHHHH@Z  10006cc0 f i KMissle.obj
 0001:00005cf0       ?g_GetDirIdxForFindPath@@YAHHHHH@Z 10006cf0 f i KMissle.obj
 0001:00005df0       ?g_GetDistance@@YAHHHHH@Z  10006df0 f i KMissle.obj
 0001:00005e70       ?qsqrt@@YAMM@Z             10006e70 f i KMissle.obj
 0001:00005ed0       ?Send@KWorldMsg@@QAEHKHHH@Z 10006ed0 f i KMissle.obj
 0001:00005fb0       ?AddTail@KList@@QAEXPAVKNode@@@Z 10006fb0 f i KMissle.obj
 0001:00005fe0       ?InsertBefore@KNode@@QAEXPAV1@@Z 10006fe0 f i KMissle.obj
 0001:00006060       ??0KWorldMsgNode@@QAE@XZ   10007060 f i KMissle.obj
 0001:00006090       ??_EKWorldMsgNode@@UAEPAXI@Z 10007090 f i KMissle.obj
 0001:00006090       ??_GKWorldMsgNode@@UAEPAXI@Z 10007090 f i KMissle.obj
 0001:000060d0       ??1KWorldMsgNode@@UAE@XZ   100070d0 f i KMissle.obj
 0001:00006100       ?ZAxisMove@KMissle@@AAEXXZ 10007100 f i KMissle.obj
 0001:00006170       ?TestBarrier@KMissle@@AAEHXZ 10007170 f i KMissle.obj
 0001:00006210       ?g_DirIndex2Dir@@YAHHH@Z   10007210 f i KMissle.obj
 0001:00006250       ?SpecialMovieIsAllEnd@KMissleRes@@QAEHXZ 10007250 f i KMissle.obj
 0001:00006290       ?GetHead@KList@@QAEPAVKNode@@XZ 10007290 f i KMissle.obj
 0001:000062c0       ?GetNext@KNode@@QAEPAV1@XZ 100072c0 f i KMissle.obj
 0001:000062f0       ?GetSkill@KSkillManager@@QAEPAVISkill@@HH@Z 100072f0 f i KMissle.obj
 0001:000063a0       ??0KSkillSpecialNode@@QAE@XZ 100073a0 f i KMissle.obj
 0001:000063e0       ??_EKSkillSpecialNode@@UAEPAXI@Z 100073e0 f i KMissle.obj
 0001:000063e0       ??_GKSkillSpecialNode@@UAEPAXI@Z 100073e0 f i KMissle.obj
 0001:00006420       ??1KSkillSpecialNode@@UAE@XZ 10007420 f i KMissle.obj
 0001:00006470       ?g_Dir2DirIndex@@YAHHH@Z   10007470 f i KMissle.obj
 0001:000064b0       ?KSG_StringGetInt@@YAHPAPADH@Z 100074b0 f i KMissle.obj
 0001:000064e0       ?KSG_StringSkipSymbol@@YA_NPAPADH@Z 100074e0 f i KMissle.obj
 0001:00006510       ??0KMissleRes@@QAE@XZ      10007510 f   KMissleRes.obj
 0001:00006649       ??1KMissleRes@@QAE@XZ      10007649 f   KMissleRes.obj
 0001:00006723       ?LoadResource@KMissleRes@@QAEXHPAD0@Z 10007723 f   KMissleRes.obj
 0001:0000677e       ?Init@KMissleRes@@QAEHXZ   1000777e f   KMissleRes.obj
 0001:000067a7       ?Remove@KMissleRes@@QAEXXZ 100077a7 f   KMissleRes.obj
 0001:000067b9       ?Clear@KMissleRes@@QAEXXZ  100077b9 f   KMissleRes.obj
 0001:000068be       ?Draw@KMissleRes@@QAEHHHHHHHH@Z 100078be f   KMissleRes.obj
 0001:00006d75       ?PlaySoundA@KMissleRes@@QAEXHHHH@Z 10007d75 f   KMissleRes.obj
 0001:00006ea6       ?GetSndVolume@KMissleRes@@QAEHH@Z 10007ea6 f   KMissleRes.obj
 0001:00006ee9       ?StopSound@KMissleRes@@QAEXXZ 10007ee9 f   KMissleRes.obj
 0001:00006fa0       ??0KList@@QAE@XZ           10007fa0 f i KMissleRes.obj
 0001:00007020       ??1KList@@QAE@XZ           10008020 f i KMissleRes.obj
 0001:00007080       ?GetTail@KList@@QAEPAVKNode@@XZ 10008080 f i KMissleRes.obj
 0001:000070b0       ?GetPrev@KNode@@QAEPAV1@XZ 100080b0 f i KMissleRes.obj
 0001:000070e0       ?RemoveTail@KList@@QAEPAVKNode@@XZ 100080e0 f i KMissleRes.obj
 0001:00007130       ?Remove@KNode@@QAEXXZ      10008130 f i KMissleRes.obj
 0001:000071e0       ?RemoveHead@KList@@QAEPAVKNode@@XZ 100081e0 f i KMissleRes.obj
 0001:00007230       ?GetSndVolume@KOption@@QAEHXZ 10008230 f i KMissleRes.obj
 0001:000072ab       ?Init@KMissleSet@@QAEXXZ   100082ab f   KMissleSet.obj
 0001:00007345       ?FindFree@KMissleSet@@QAEHXZ 10008345 f   KMissleSet.obj
 0001:00007377       ?Add@KMissleSet@@QAEHHHHHHH@Z 10008377 f   KMissleSet.obj
 0001:0000748a       ?Add@KMissleSet@@QAEHHHH@Z 1000848a f   KMissleSet.obj
 0001:0000768b       ?CreateMissile@KMissleSet@@QAEHHHHHHHHH@Z 1000868b f   KMissleSet.obj
 0001:000076e5       ?Activate@KMissleSet@@QAEHXZ 100086e5 f   KMissleSet.obj
 0001:00007740       ?Remove@KMissleSet@@QAEXH@Z 10008740 f   KMissleSet.obj
 0001:000077bf       ?Draw@KMissleSet@@QAEXXZ   100087bf f   KMissleSet.obj
 0001:00007815       ?GetCount@KMissleSet@@QAEHXZ 10008815 f   KMissleSet.obj
 0001:00007879       ?ClearMissles@KMissleSet@@QAEXXZ 10008879 f   KMissleSet.obj
 0001:000078f0       ??0KSkillList@@QAE@XZ      100088f0 f   KSkillList.obj
 0001:00007932       ??1KSkillList@@QAE@XZ      10008932 f   KSkillList.obj
 0001:00007944       ?FindSame@KSkillList@@QAEHH@Z 10008944 f   KSkillList.obj
 0001:000079ab       ?FindFree@KSkillList@@QAEHXZ 100089ab f   KSkillList.obj
 0001:000079f7       ?GetCount@KSkillList@@QAEHXZ 100089f7 f   KSkillList.obj
 0001:00007a56       ?SetSkillLevel@KSkillList@@QAEXHH@Z 10008a56 f   KSkillList.obj
 0001:00007ab6       ?SetLevel@KSkillList@@QAEHHH@Z 10008ab6 f   KSkillList.obj
 0001:00007b27       ?IncreaseLevel@KSkillList@@QAEHHHH@Z 10008b27 f   KSkillList.obj
 0001:00007c6e       ?Add@KSkillList@@QAEHHH_N@Z 10008c6e f   KSkillList.obj
 0001:00007e91       ?Remove@KSkillList@@QAEXH@Z 10008e91 f   KSkillList.obj
 0001:00007f79       ?GetLevel@KSkillList@@QAEHH@Z 10008f79 f   KSkillList.obj
 0001:00008014       ?GetCurrentLevel@KSkillList@@QAEHH@Z 10009014 f   KSkillList.obj
 0001:0000806b       ?GetPointAdd@KSkillList@@QAEDH@Z 1000906b f   KSkillList.obj
 0001:000080c2       ?CanCast@KSkillList@@QAEHHK@Z 100090c2 f   KSkillList.obj
 0001:00008137       ?SetNextCastTime@KSkillList@@QAEXHK@Z 10009137 f   KSkillList.obj
 0001:0000818d       ?SetMaxCastTime@KSkillList@@QAEXHK@Z 1000918d f   KSkillList.obj
 0001:000081e3       ?GetEnhanceSkills@KSkillList@@QAEHH@Z 100091e3 f   KSkillList.obj
 0001:000082ed       ?GetSkillSortList@KSkillList@@QAEHPAUKUiSkillData@@@Z 100092ed f   KSkillList.obj
 0001:0000850e       ?GetLeftSkillSortList@KSkillList@@QAEHPAUKUiSkillData@@@Z 1000950e f   KSkillList.obj
 0001:00008733       ?GetRightSkillSortList@KSkillList@@QAEHPAUKUiSkillData@@@Z 10009733 f   KSkillList.obj
 0001:0000894b       ?GetSkillPosition@KSkillList@@QAEHH@Z 1000994b f   KSkillList.obj
 0001:00008b00       ?GetNextCastTime@KSkillList@@QAEKH@Z 10009b00 f   KSkillList.obj
 0001:00008b57       ?GetMaxCastTime@KSkillList@@QAEKH@Z 10009b57 f   KSkillList.obj
 0001:00008bae       ?GetSkillInfoList@KSkillList@@QAEHHPAUKUiSkillItem@@H@Z 10009bae f   KSkillList.obj
 0001:00008f5c       ?GetSkillState@KSkillList@@QAEHH@Z 10009f5c f   KSkillList.obj
 0001:00009218       ?GetSkillFight@KSkillList@@QAEHH@Z 1000a218 f   KSkillList.obj
 0001:00009488       ?FindSkillAura@KSkillList@@QAEHH@Z 1000a488 f   KSkillList.obj
 0001:0000967d       ?FindSkillRight@KSkillList@@QAEHH@Z 1000a67d f   KSkillList.obj
 0001:00009907       ?FindSkillLifeReplenish@KSkillList@@QAEHXZ 1000a907 f   KSkillList.obj
 0001:00009a00       ?IsSkillLifeReplenish@KSkill@@QBEHXZ 1000aa00 f i KSkillList.obj
 0001:00009a20       ?GetSkillLRInfo@KSkill@@QBE?AW4eSkillLRInfo@@XZ 1000aa20 f i KSkillList.obj
 0001:00009a40       ?IsBuffEffect@KSkill@@QBEHXZ 1000aa40 f i KSkillList.obj
 0001:00009a60       ?GetEnhanceSkills@KSkill@@QAEPAUKMagicAttrib@@XZ 1000aa60 f i KSkillList.obj
 0001:00009a80       ?GetEnhanceSkillsNum@KSkill@@QAEHXZ 1000aa80 f i KSkillList.obj
 0001:00009afb       ??0KSkillManager@@QAE@XZ   1000aafb f   KSkillManager.obj
 0001:00009b10       ??1KSkillManager@@QAE@XZ   1000ab10 f   KSkillManager.obj
 0001:00009c08       ?Init@KSkillManager@@QAEHXZ 1000ac08 f   KSkillManager.obj
 0001:00009f45       ?InstanceSkill@KSkillManager@@AAEPAVISkill@@KK@Z 1000af45 f   KSkillManager.obj
 0001:0000a240       ??4KSkill@@QAEAAV0@ABV0@@Z 1000b240 f i KSkillManager.obj
 0001:0000aaa0       ??4ISkill@@QAEAAV0@ABV0@@Z 1000baa0 f i KSkillManager.obj
 0001:0000aac0       ?SetSkillId@KSkill@@QAEXH@Z 1000bac0 f i KSkillManager.obj
 0001:0000aae0       ?SetSkillLevel@KSkill@@QAEXK@Z 1000bae0 f i KSkillManager.obj
 0001:0000ab00       ?GetSkillStyle@KSkillManager@@AAEHK@Z 1000bb00 f i KSkillManager.obj
 0001:0000ab40       ??0KSkill@@QAE@XZ          1000bb40 f   KSkills.obj
 0001:0000acf1       ??1KSkill@@UAE@XZ          1000bcf1 f   KSkills.obj
 0001:0000ad1e       ?CanCastSkill@KSkill@@UBEHHAAH0@Z 1000bd1e f   KSkills.obj
 0001:0000afd8       ?Cast@KSkill@@QBEHHHHHW4eSkillLauncherType@@H@Z 1000bfd8 f   KSkills.obj
 0001:0000b23f       ?Vanish@KSkill@@ABEXPAVKMissle@@@Z 1000c23f f   KSkills.obj
 0001:0000b26b       ?OnMissleEvent@KSkill@@QBEHGPAVKMissle@@@Z 1000c26b f   KSkills.obj
 0001:0000b5ba       ?FlyEvent@KSkill@@ABEXPAVKMissle@@@Z 1000c5ba f   KSkills.obj
 0001:0000b5e6       ?Collidsion@KSkill@@ABEXPAVKMissle@@@Z 1000c5e6 f   KSkills.obj
 0001:0000b612       ?CastMissles@KSkill@@ABEHHHHHW4eSkillLauncherType@@@Z 1000c612 f   KSkills.obj
 0001:0000ccdf       ?CastZone@KSkill@@ABEHPAUTOrdinSkillParam@@HHHHH@Z 1000dcdf f   KSkills.obj
 0001:0000d3f8       ?CastLine@KSkill@@ABEHPAUTOrdinSkillParam@@HHHHH@Z 1000e3f8 f   KSkills.obj
 0001:0000d96c       ?CastExtractiveLineMissle@KSkill@@ABEHPAUTOrdinSkillParam@@HHHHHHH@Z 1000e96c f   KSkills.obj
 0001:0000de63       ?CastWall@KSkill@@ABEHPAUTOrdinSkillParam@@HHHHH@Z 1000ee63 f   KSkills.obj
 0001:0000e4c5       ?CastCircle@KSkill@@ABEHPAUTOrdinSkillParam@@HHH@Z 1000f4c5 f   KSkills.obj
 0001:0000e975       ?CastSpread@KSkill@@ABEHPAUTOrdinSkillParam@@HHH@Z 1000f975 f   KSkills.obj
 0001:0000f02a       ?GetChildSkillNum@KSkill@@QBEHH@Z 1001002a f   KSkills.obj
 0001:0000f047       ?CreateMissle@KSkill@@ABEXHHH@Z 10010047 f   KSkills.obj
 0001:0000f43e       ?GetInfoFromTabFile@KSkill@@QAEHH@Z 1001043e f   KSkills.obj
 0001:0000f47d       ?GetInfoFromTabFile@KSkill@@QAEHPAVKITabFile@@H@Z 1001047d f   KSkills.obj
 0001:0000ff94       ?LoadSkillLevelData@KSkill@@UAEXKH@Z 10010f94 f   KSkills.obj
 0001:000104a9       ?GetMissleGenerateTime@KSkill@@QBEIH@Z 100114a9 f   KSkills.obj
 0001:0001066b       ?GetSkillIdFromName@KSkill@@SAHPAD@Z 1001166b f   KSkills.obj
 0001:000106fa       ?CastInitiativeSkill@KSkill@@ABEHHHHH@Z 100116fa f   KSkills.obj
 0001:00010713       ?CastPassivitySkill@KSkill@@ABEHHHHHH@Z 10011713 f   KSkills.obj
 0001:0001072c       ?ParseString2MagicAttrib@KSkill@@AAEHKPAD0@Z 1001172c f   KSkills.obj
 0001:000113a6       ?DrawSkillIcon@KSkill@@UAEXHHHHH@Z 100123a6 f   KSkills.obj
 0001:000116bb       ?GetDesc@KSkill@@SAXKKPADH_N@Z 100126bb f   KSkills.obj
 0001:00012b5a       ?GetDescAboutLevel@KSkill@@QAEXPADHH@Z 10013b5a f   KSkills.obj
 0001:00013181       ?GetDescAboutEventSkillLevel@KSkill@@QAEXPADH@Z 10014181 f   KSkills.obj
 0001:00013337       ?PlayPreCastSound@KSkill@@QBEXHHH@Z 10014337 f   KSkills.obj
 0001:00013460       ??0KMagicAttrib@@QAE@XZ    10014460 f i KSkills.obj
 0001:000134a0       ??_GKSkill@@UAEPAXI@Z      100144a0 f i KSkills.obj
 0001:000134a0       ??_EKSkill@@UAEPAXI@Z      100144a0 f i KSkills.obj
 0001:000134e0       ??_H@YGXPAXIHP6EX0@Z@Z     100144e0 f i KSkills.obj
 0001:00013520       ?Param2PCoordinate@KSkill@@ABEHHHHPAH0W4eSkillLauncherType@@@Z 10014520 f i KSkills.obj
 0001:000136d0       ?IsTargetOnly@KSkill@@UBEHXZ 100146d0 f i KSkills.obj
 0001:000136f0       ?IsTargetSelf@KSkill@@UBEHXZ 100146f0 f i KSkills.obj
 0001:00013710       ?IsTargetEnemy@KSkill@@UBEHXZ 10014710 f i KSkills.obj
 0001:00013730       ?IsTargetAlly@KSkill@@UBEHXZ 10014730 f i KSkills.obj
 0001:00013750       ?IsTargetObj@KSkill@@UBEHXZ 10014750 f i KSkills.obj
 0001:00013770       ?GetSkillName@KSkill@@UAEPBDXZ 10014770 f i KSkills.obj
 0001:00013790       ?GetSkillStyle@KSkill@@UAEHXZ 10014790 f i KSkills.obj
 0001:000137b0       ?GetAttackRadius@KSkill@@UBEHXZ 100147b0 f i KSkills.obj
 0001:000137d0       ?GetSkillCost@KSkill@@UBEHPAX@Z 100147d0 f i KSkills.obj
 0001:000137f0       ?GetSkillCostType@KSkill@@UBE?AW4NPCATTRIB@@XZ 100147f0 f i KSkills.obj
 0001:00013810       ?GetSkillId@KSkill@@UAEHXZ 10014810 f i KSkills.obj
 0001:00013830       ?IsAura@KSkill@@UBEHXZ     10014830 f i KSkills.obj
 0001:00013850       ?IsPhysical@KSkill@@UBEHXZ 10014850 f i KSkills.obj
 0001:00013870       ?GetSkillAttrib@KSkill@@UBEFXZ 10014870 f i KSkills.obj
 0001:00013890       ?IsExpSkill@KSkill@@UBEHXZ 10014890 f i KSkills.obj
 0001:000138b0       ?MagicAttrib2String@KSkill@@ABEPBDH@Z 100148b0 f i KSkills.obj
 0001:000138e0       ?GetSkillReqLevel@KSkill@@QBEGXZ 100148e0 f i KSkills.obj
 0001:00013900       ?GetFlySkillId@KSkill@@QBEHXZ 10014900 f i KSkills.obj
 0001:00013920       ?GetStartSkillId@KSkill@@QBEHXZ 10014920 f i KSkills.obj
 0001:00013940       ?GetVanishedSkillId@KSkill@@QBEHXZ 10014940 f i KSkills.obj
 0001:00013960       ?GetCollideSkillId@KSkill@@QBEHXZ 10014960 f i KSkills.obj
 0001:00013980       ?GetEventSkillLevel@KSkill@@QBEHXZ 10014980 f i KSkills.obj
 0001:000139a0       ?GetStatePriority@KSkill@@QBEEXZ 100149a0 f i KSkills.obj
 0001:000139c0       ?GetSkillMaxLevel@KSkillManager@@QAEEH@Z 100149c0 f i KSkills.obj
 0001:00013a00       ?GetDamageAttribs@KSkill@@QAEPAUKMagicAttrib@@XZ 10014a00 f i KSkills.obj
 0001:00013a7b       ??0KSkillSpecial@@QAE@XZ   10014a7b f   KSkillSpecial.obj
 0001:00013b14       ?Init@KSkillSpecial@@QAEHXZ 10014b14 f   KSkillSpecial.obj
 0001:00013b3f       ?Draw@KSkillSpecial@@QAEXH@Z 10014b3f f   KSkillSpecial.obj
 0001:00013d99       ?SetAnimation@KSkillSpecial@@QAEXPADI@Z 10014d99 f   KSkillSpecial.obj
 0001:00013ddc       ?Remove@KSkillSpecial@@QAEXXZ 10014ddc f   KSkillSpecial.obj
 0001:00013df0       ?Init@KFaction@@QAEHXZ     10014df0 f   KFaction.obj
 0001:00014446       ?GetID@KFaction@@QAEHHH@Z  10015446 f   KFaction.obj
 0001:00014480       ?GetID@KFaction@@QAEHHPAD@Z 10015480 f   KFaction.obj
 0001:0001452e       ?GetCamp@KFaction@@QAEHH@Z 1001552e f   KFaction.obj
 0001:000145de       ??0KNpc@@QAE@XZ            100155de f   KNpc.obj
 0001:00014764       ?Init@KNpc@@QAEXXZ         10015764 f   KNpc.obj
 0001:00014f22       ?GetActiveSkill@KNpc@@QAEPAVISkill@@XZ 10015f22 f   KNpc.obj
 0001:00014ffd       ?SetCurrentCamp@KNpc@@QAEXH@Z 10015ffd f   KNpc.obj
 0001:0001501d       ?SetCamp@KNpc@@QAEXH@Z     1001601d f   KNpc.obj
 0001:0001503d       ?RestoreCurrentCamp@KNpc@@QAEXXZ 1001603d f   KNpc.obj
 0001:00015061       ?Activate@KNpc@@QAEXXZ     10016061 f   KNpc.obj
 0001:00015566       ?AutoFixXY@KNpc@@AAEXXZ    10016566 f   KNpc.obj
 0001:00015814       ?ProcStatus@KNpc@@QAEXXZ   10016814 f   KNpc.obj
 0001:0001598e       ?ProcCommand@KNpc@@QAEXH@Z 1001698e f   KNpc.obj
 0001:00015c60       ?ProcessState@KNpc@@QAEHXZ 10016c60 f   KNpc.obj
 0001:00016285       ?DoDeath@KNpc@@AAEXHH@Z    10017285 f   KNpc.obj
 0001:000163ac       ?OnDeath@KNpc@@AAEXXZ      100173ac f   KNpc.obj
 0001:00016597       ?DoDefense@KNpc@@AAEXXZ    10017597 f   KNpc.obj
 0001:000165b6       ?OnDefense@KNpc@@AAEXXZ    100175b6 f   KNpc.obj
 0001:000165c8       ?DoIdle@KNpc@@AAEXXZ       100175c8 f   KNpc.obj
 0001:000165f5       ?OnIdle@KNpc@@AAEXXZ       100175f5 f   KNpc.obj
 0001:00016607       ?DoHurt@KNpc@@AAEXHHH@Z    10017607 f   KNpc.obj
 0001:00016746       ?OnHurt@KNpc@@AAEXXZ       10017746 f   KNpc.obj
 0001:00016a9a       ?DoSpecial1@KNpc@@AAEXXZ   10017a9a f   KNpc.obj
 0001:00016abe       ?OnSpecial1@KNpc@@AAEXXZ   10017abe f   KNpc.obj
 0001:00016bd5       ?DoSpecial2@KNpc@@AAEXXZ   10017bd5 f   KNpc.obj
 0001:00016be7       ?OnSpecial2@KNpc@@AAEXXZ   10017be7 f   KNpc.obj
 0001:00016ccf       ?DoSpecial3@KNpc@@AAEXXZ   10017ccf f   KNpc.obj
 0001:00016ce1       ?OnSpecial3@KNpc@@AAEXXZ   10017ce1 f   KNpc.obj
 0001:00016cf3       ?DoSpecial4@KNpc@@AAEXXZ   10017cf3 f   KNpc.obj
 0001:00016d05       ?OnSpecial4@KNpc@@AAEXXZ   10017d05 f   KNpc.obj
 0001:00016d17       ?DoGlide@KNpc@@AAEHF@Z     10017d17 f   KNpc.obj
 0001:00017334       ?OnGlide@KNpc@@AAEXXZ      10018334 f   KNpc.obj
 0001:00017346       ?GlideTo@KNpc@@AAEXHHF@Z   10018346 f   KNpc.obj
 0001:0001739c       ?DoStand@KNpc@@AAEXXZ      1001839c f   KNpc.obj
 0001:00017470       ?OnStand@KNpc@@AAEXXZ      10018470 f   KNpc.obj
 0001:000174ea       ?DoRevive@KNpc@@AAEXXZ     100184ea f   KNpc.obj
 0001:000175bf       ?OnRevive@KNpc@@AAEXXZ     100185bf f   KNpc.obj
 0001:000175e6       ?DoRun@KNpc@@AAEXXZ        100185e6 f   KNpc.obj
 0001:00017757       ?OnRun@KNpc@@AAEXH@Z       10018757 f   KNpc.obj
 0001:0001782f       ?DoSit@KNpc@@AAEXXZ        1001882f f   KNpc.obj
 0001:000178d2       ?OnSit@KNpc@@AAEXXZ        100188d2 f   KNpc.obj
 0001:0001790f       ?DoSkill@KNpc@@AAEXHH@Z    1001890f f   KNpc.obj
 0001:00017afd       ?UnDoSkill@KNpc@@AAEXXZ    10018afd f   KNpc.obj
 0001:00017b57       ?DoOrdinSkill@KNpc@@AAEHPAVKSkill@@HH@Z 10018b57 f   KNpc.obj
 0001:00017f90       ?DoAttack@KNpc@@AAEXXZ     10018f90 f   KNpc.obj
 0001:00018040       ?CastMeleeSkill@KNpc@@AAEHPAVKSkill@@@Z 10019040 f   KNpc.obj
 0001:0001838c       ?DoBlurAttack@KNpc@@AAEHXZ 1001938c f   KNpc.obj
 0001:0001848e       ?DoMagic@KNpc@@AAEXXZ      1001948e f   KNpc.obj
 0001:00018507       ?OnSkill@KNpc@@AAEXXZ      10019507 f   KNpc.obj
 0001:000186ba       ?JumpTo@KNpc@@AAEXHH@Z     100196ba f   KNpc.obj
 0001:00018706       ?RunTo@KNpc@@AAEXHH@Z      10019706 f   KNpc.obj
 0001:00018740       ?Goto@KNpc@@AAEXHH@Z       10019740 f   KNpc.obj
 0001:0001877a       ?DoWalk@KNpc@@AAEXXZ       1001977a f   KNpc.obj
 0001:0001888f       ?DoPlayerTalk@KNpc@@QAEXPAD@Z 1001988f f   KNpc.obj
 0001:000188a3       ?OnPlayerTalk@KNpc@@AAEXXZ 100198a3 f   KNpc.obj
 0001:000188b5       ?OnWalk@KNpc@@AAEXXZ       100198b5 f   KNpc.obj
 0001:000188f0       ?GetSkillLevel@KNpc@@QAEHH@Z 100198f0 f   KNpc.obj
 0001:00018946       ?ModifyAttrib@KNpc@@QAEXHPAX@Z 10019946 f   KNpc.obj
 0001:0001897c       ?SetImmediatelySkillEffect@KNpc@@QAEXHPAXH@Z 1001997c f   KNpc.obj
 0001:00018a2d       ?AppendSkillEffect@KNpc@@QAEXKHHPAX0@Z 10019a2d f   KNpc.obj
 0001:000196ae       ?ProcMove@KNpc@@AAEXH@Z    1001a6ae f   KNpc.obj
 0001:00019ddb       ?ProcJump@KNpc@@AAEXH@Z    1001addb f   KNpc.obj
 0001:0001a259       ?SendCommand@KNpc@@QAEXW4NPCCMD@@HHH@Z 1001b259 f   KNpc.obj
 0001:0001a37a       ?SendCommandRandMove@KNpc@@QAEXHHH@Z 1001b37a f   KNpc.obj
 0001:0001a47b       ?NewPath@KNpc@@AAEHHH@Z    1001b47b f   KNpc.obj
 0001:0001a4ac       ?NewJump@KNpc@@AAEHHH@Z    1001b4ac f   KNpc.obj
 0001:0001a7db       ?NewGlide@KNpc@@AAEHHHH@Z  1001b7db f   KNpc.obj
 0001:0001aaee       ?SelfDamage@KNpc@@QAEXH@Z  1001baee f   KNpc.obj
 0001:0001ab30       ?Cost@KNpc@@QAEHW4NPCATTRIB@@HH@Z 1001bb30 f   KNpc.obj
 0001:0001acce       ?DoJump@KNpc@@AAEXXZ       1001bcce f   KNpc.obj
 0001:0001adbe       ?OnJump@KNpc@@AAEHXZ       1001bdbe f   KNpc.obj
 0001:0001ae48       ?WaitForFrame@KNpc@@AAEHXZ 1001be48 f   KNpc.obj
 0001:0001ae99       ?IsReachFrame@KNpc@@AAEHH@Z 1001be99 f   KNpc.obj
 0001:0001aed6       ?Load@KNpc@@QAEXHHH@Z      1001bed6 f   KNpc.obj
 0001:0001b3a5       ?GetMpsPos@KNpc@@QAEXPAH0@Z 1001c3a5 f   KNpc.obj
 0001:0001b417       ?SetActiveSkill@KNpc@@QAEHH@Z 1001c417 f   KNpc.obj
 0001:0001b54d       ?SetAuraSkill@KNpc@@QAEXH@Z 1001c54d f   KNpc.obj
 0001:0001b6dd       ?SetPlayerIdx@KNpc@@QAEHH@Z 1001c6dd f   KNpc.obj
 0001:0001b723       ?SetPos@KNpc@@QAE_NHH@Z    1001c723 f   KNpc.obj
 0001:0001b935       ?MoveNpc@KNpc@@QAEXHHHHH_N@Z 1001c935 f   KNpc.obj
 0001:0001bbbe       ?PaintInfo@KNpc@@QAEHH_NHK@Z 1001cbbe f   KNpc.obj
 0001:0001c7d5       ?PaintNpcAuto@KNpc@@QAEXH_NHK@Z 1001d7d5 f   KNpc.obj
 0001:0001ca01       ?PaintSeriesNpc@KNpc@@QAEXHH@Z 1001da01 f   KNpc.obj
 0001:0001cb59       ?PaintHorseState@KNpc@@QAEXHH@Z 1001db59 f   KNpc.obj
 0001:0001cd43       ?PaintRankInfo@KNpc@@QAEXHHK@Z 1001dd43 f   KNpc.obj
 0001:0001d1b3       ?PaintTransLifeInfo@KNpc@@QAEXHH@Z 1001e1b3 f   KNpc.obj
 0001:0001d43b       ?PaintShopInfo@KNpc@@QAEXHH@Z 1001e43b f   KNpc.obj
 0001:0001d87f       ?PaintChat@KNpc@@QAEHH@Z   1001e87f f   KNpc.obj
 0001:0001da2c       ?SetChatInfo@KNpc@@QAEHPBD0G@Z 1001ea2c f   KNpc.obj
 0001:0001de8c       ?SetWarning@KNpc@@QAEHH@Z  1001ee8c f   KNpc.obj
 0001:0001deb5       ?PaintWarning@KNpc@@QAEHH_N@Z 1001eeb5 f   KNpc.obj
 0001:0001e052       ?PaintLife@KNpc@@QAEHH_N@Z 1001f052 f   KNpc.obj
 0001:0001e2d0       ?PaintMana@KNpc@@QAEHH@Z   1001f2d0 f   KNpc.obj
 0001:0001e48e       ?Paint@KNpc@@QAEXXZ        1001f48e f   KNpc.obj
 0001:0001e85b       ?AddBaseLifeMax@KNpc@@QAEXH@Z 1001f85b f   KNpc.obj
 0001:0001e896       ?AddCurLifeMax@KNpc@@QAEXH@Z 1001f896 f   KNpc.obj
 0001:0001e8bf       ?AddBaseStaminaMax@KNpc@@QAEXH@Z 1001f8bf f   KNpc.obj
 0001:0001e8fa       ?AddCurStaminaMax@KNpc@@QAEXH@Z 1001f8fa f   KNpc.obj
 0001:0001e923       ?AddBaseManaMax@KNpc@@QAEXH@Z 1001f923 f   KNpc.obj
 0001:0001e95e       ?AddCurManaMax@KNpc@@QAEXH@Z 1001f95e f   KNpc.obj
 0001:0001e987       ?CalcCurLifeReplenish@KNpc@@QAEXXZ 1001f987 f   KNpc.obj
 0001:0001e9ab       ?Remove@KNpc@@QAEXXZ       1001f9ab f   KNpc.obj
 0001:0001e9d7       ?RemoveRes@KNpc@@QAEXXZ    1001f9d7 f   KNpc.obj
 0001:0001ea08       ?SetSeries@KNpc@@QAEXH@Z   1001fa08 f   KNpc.obj
 0001:0001ea3a       ?SetStateSkillEffect@KNpc@@QAEXHHHPAXHHH@Z 1001fa3a f   KNpc.obj
 0001:0001ee83       ?ModifyMissleCollsion@KNpc@@QAEHH@Z 1001fe83 f   KNpc.obj
 0001:0001eece       ?ModifyMissleLifeTime@KNpc@@QAEHH@Z 1001fece f   KNpc.obj
 0001:0001ef00       ?ModifyMissleSpeed@KNpc@@QAEHH@Z 1001ff00 f   KNpc.obj
 0001:0001ef2d       ?DoManyAttack@KNpc@@AAEHXZ 1001ff2d f   KNpc.obj
 0001:0001f0e5       ?OnManyAttack@KNpc@@AAEXXZ 100200e5 f   KNpc.obj
 0001:0001f1b7       ?DoRunAttack@KNpc@@AAEHXZ  100201b7 f   KNpc.obj
 0001:0001f4e1       ?OnRunAttack@KNpc@@AAEXXZ  100204e1 f   KNpc.obj
 0001:0001f759       ?DoJumpAttack@KNpc@@AAEHXZ 10020759 f   KNpc.obj
 0001:0001f977       ?OnJumpAttack@KNpc@@AAEHXZ 10020977 f   KNpc.obj
 0001:0001fb28       ?CheckHitTarget@KNpc@@AAEHHHH@Z 10020b28 f   KNpc.obj
 0001:0001fbec       ?AddStateInfo@KNpc@@AAEXH@Z 10020bec f   KNpc.obj
 0001:0001fcae       ?AddStateSkillList@KNpc@@AAEXPAVKStateNode@@@Z 10020cae f   KNpc.obj
 0001:0001fd3f       ?AddStateSkillListClient@KNpc@@AAEXPAVKStateNode@@@Z 10020d3f f   KNpc.obj
 0001:0001fde0       ?RemoveStateSkillList@KNpc@@AAEXPAE@Z 10020de0 f   KNpc.obj
 0001:0001fefd       ?GetNpcCopyFromTemplate@KNpc@@QAEXHHH@Z 10020efd f   KNpc.obj
 0001:000202cf       ?LoadDataFromTemplate@KNpc@@QAEXHHH@Z 100212cf f   KNpc.obj
 0001:00020509       ?SetPhysicsDamage@KNpc@@QAEXHH@Z 10021509 f   KNpc.obj
 0001:00020535       ?SetBaseAttackRating@KNpc@@QAEXH@Z 10021535 f   KNpc.obj
 0001:00020569       ?SetBaseDefence@KNpc@@QAEXH@Z 10021569 f   KNpc.obj
 0001:0002059d       ?SetMenuState@KNpc@@QAEXHPADH@Z 1002159d f   KNpc.obj
 0001:000205d5       ?GetMenuState@KNpc@@QAEHXZ 100215d5 f   KNpc.obj
 0001:000205ff       ?SearchAroundID@KNpc@@QAEKK@Z 100215ff f   KNpc.obj
 0001:000206c3       ?SetSpecialSpr@KNpc@@QAEXPAD@Z 100216c3 f   KNpc.obj
 0001:000206f3       ?SetInstantSpr@KNpc@@QAEXH@Z 100216f3 f   KNpc.obj
 0001:0002074b       ?GetNormalNpcStandDir@KNpc@@QAEHH@Z 1002174b f   KNpc.obj
 0001:0002077b       ?SetNpcState@KNpc@@QAEXPAE@Z 1002177b f   KNpc.obj
 0001:0002086f       ?ClearNpcState@KNpc@@QAEXXZ 1002186f f   KNpc.obj
 0001:00020912       ?RestoreNpcBaseInfo@KNpc@@QAEXXZ 10021912 f   KNpc.obj
 0001:00020ef1       ?DrawBorder@KNpc@@QAEXXZ   10021ef1 f   KNpc.obj
 0001:00020f26       ?DrawMenuState@KNpc@@QAEHH@Z 10021f26 f   KNpc.obj
 0001:00020f64       ?IsPlayer@KNpc@@QAEHXZ     10021f64 f   KNpc.obj
 0001:00020f87       ?IsAlive@KNpc@@QAEHXZ      10021f87 f   KNpc.obj
 0001:00020fbe       ?ClearStateSkillEffect@KNpc@@QAEXXZ 10021fbe f   KNpc.obj
 0001:00021107       ?ClearNormalState@KNpc@@QAEXXZ 10022107 f   KNpc.obj
 0001:000211fb       ?CheckTrap@KNpc@@QAEXXZ    100221fb f   KNpc.obj
 0001:000212f4       ?SetFightMode@KNpc@@QAEXH@Z 100222f4 f   KNpc.obj
 0001:00021348       ?TurnTo@KNpc@@QAEXH@Z      10022348 f   KNpc.obj
 0001:000213df       ?ReCalcStateEffect@KNpc@@QAEXXZ 100223df f   KNpc.obj
 0001:000214dd       ?GetCurActiveWeaponSkill@KNpc@@QAEHXZ 100224dd f   KNpc.obj
 0001:000215d2       ?HurtAutoMove@KNpc@@AAEXXZ 100225d2 f   KNpc.obj
 0001:00021ae5       ?ProcNetCommand@KNpc@@QAEXW4NPCCMD@@HHH@Z 10022ae5 f   KNpc.obj
 0001:00021bd5       ?ClearBlood@KNpc@@QAEXH@Z  10022bd5 f   KNpc.obj
 0001:00021c14       ?SetBlood@KNpc@@QAEXH@Z    10022c14 f   KNpc.obj
 0001:00021cd5       ?PaintBlood@KNpc@@QAEHH@Z  10022cd5 f   KNpc.obj
 0001:00021e9d       ?EditPos@KNpc@@QAEX_N@Z    10022e9d f   KNpc.obj
 0001:00021ef6       ?SendClientPos2Server@KNpc@@QAEXXZ 10022ef6 f   KNpc.obj
 0001:00021feb       ?GetNpcPate@KNpc@@QAEHXZ   10022feb f   KNpc.obj
 0001:000220ed       ?GetNpcPatePeopleInfo@KNpc@@QAEHXZ 100230ed f   KNpc.obj
 0001:000221f6       ?FindStateSkill@KNpc@@QAEHH@Z 100231f6 f   KNpc.obj
 0001:00022266       ?GetFrameCopyFromTemplate@KNpc@@QAEXHHH@Z 10023266 f   KNpc.obj
 0001:000225e5       ?LoadFrameFromTemplate@KNpc@@QAEXHHH@Z 100235e5 f   KNpc.obj
 0001:000226d1       ?ReSetRes@KNpc@@QAEXH@Z    100236d1 f   KNpc.obj
 0001:00022959       ?AutoDoSkill@KNpc@@QAEXHHHH@Z 10023959 f   KNpc.obj
 0001:00022f0f       ?RandMove@KNpc@@QAEXHHH@Z  10023f0f f   KNpc.obj
 0001:00022fcf       ?ExecuteStand@KNpc@@QAEXXZ 10023fcf f   KNpc.obj
 0001:0002300d       ?SetTitleEffect@KNpc@@QAEXH@Z 1002400d f   KNpc.obj
 0001:000231ba       ?ClientGotoPos@KNpc@@QAEXHHH@Z 100241ba f   KNpc.obj
 0001:000232cf       ?ExecuteScript@KNpc@@QAEHPAD0H@Z 100242cf f   KNpc.obj
 0001:0002333a       ?ExecuteScript@KNpc@@QAEHKPADH@Z 1002433a f   KNpc.obj
 0001:00023572       ?ExecuteScript@KNpc@@QAEHKPAD0@Z 10024572 f   KNpc.obj
 0001:000237df       ?ExecuteScript@KNpc@@QAEHPAD00@Z 100247df f   KNpc.obj
 0001:00023859       ?ExecuteScript2@KNpc@@QAEHKPAD00@Z 10024859 f   KNpc.obj
 0001:00023ada       ?ExecuteScript2@KNpc@@QAEHKPADHH@Z 10024ada f   KNpc.obj
 0001:00023d17       ?ExecuteScript2@KNpc@@QAEHPAD0HH@Z 10024d17 f   KNpc.obj
 0001:00023d86       ?ExecuteScript2@KNpc@@QAEHPAD000@Z 10024d86 f   KNpc.obj
 0001:00023e10       ??1KNpc@@QAE@XZ            10024e10 f i KNpc.obj
 0001:00023eb0       ?Clear@KSkillList@@QAEXXZ  10024eb0 f i KNpc.obj
 0001:00023ef0       ?SetAdjustColorId@KNpcRes@@QAEXK@Z 10024ef0 f i KNpc.obj
 0001:00023f10       ?GetChildSkillId@KSkill@@QBEHXZ 10024f10 f i KNpc.obj
 0001:00023f30       ?IsNeedShadow@KSkill@@QBEHXZ 10024f30 f i KNpc.obj
 0001:00023f50       ?GetPreCastEffectFile@KSkill@@QBEPBDXZ 10024f50 f i KNpc.obj
 0001:00023f70       ?GetActionType@KSkill@@QBE?AW4CLIENTACTION@@XZ 10024f70 f i KNpc.obj
 0001:00023f90       ?GetParam1@KSkill@@QBEHXZ  10024f90 f i KNpc.obj
 0001:00023fb0       ?GetDelayPerCast@KSkill@@QBEHXZ 10024fb0 f i KNpc.obj
 0001:00023fd0       ?GetDelayPerCastOnHorse@KSkill@@QBEHXZ 10024fd0 f i KNpc.obj
 0001:00023ff0       ?GetMeleeType@KSkill@@QBEHXZ 10024ff0 f i KNpc.obj
 0001:00024010       ?GetPlayerWalkSpeed@KNpcSet@@QAEHXZ 10025010 f i KNpc.obj
 0001:00024030       ?GetPlayerRunSpeed@KNpcSet@@QAEHXZ 10025030 f i KNpc.obj
 0001:00024050       ?GetPlayerAttackFrame@KNpcSet@@QAEHXZ 10025050 f i KNpc.obj
 0001:00024070       ?GetPlayerHurtFrame@KNpcSet@@QAEHXZ 10025070 f i KNpc.obj
 0001:00024090       ?GetPlayerStandFrame@KNpcSet@@QAEHH@Z 10025090 f i KNpc.obj
 0001:000240c0       ?GetPlayerWalkFrame@KNpcSet@@QAEHH@Z 100250c0 f i KNpc.obj
 0001:000240f0       ?GetPlayerRunFrame@KNpcSet@@QAEHH@Z 100250f0 f i KNpc.obj
 0001:00024120       ?GetPlayerID@KPlayer@@QAEKXZ 10025120 f i KNpc.obj
 0001:00024140       ?GetNodeCount@KList@@QAEJXZ 10025140 f i KNpc.obj
 0001:000241a0       ??0KOutputTextParam@@QAE@XZ 100251a0 f i KNpc.obj
 0001:00024210       ?GetEnmityPKState@KPlayerPK@@QAEHXZ 10025210 f i KNpc.obj
 0001:00024230       ?GetStateSpecailId@KSkill@@QBEHXZ 10025230 f i KNpc.obj
 0001:00024250       ??0KStateNode@@QAE@XZ      10025250 f i KNpc.obj
 0001:000242d0       ??_EKStateNode@@UAEPAXI@Z  100252d0 f i KNpc.obj
 0001:000242d0       ??_GKStateNode@@UAEPAXI@Z  100252d0 f i KNpc.obj
 0001:00024310       ??1KStateNode@@UAE@XZ      10025310 f i KNpc.obj
 0001:00024340       ?g_RandPercent@@YAHH@Z     10025340 f i KNpc.obj
 0001:00024370       ?GetChildSkillNum@KSkill@@QBEHXZ 10025370 f i KNpc.obj
 0001:00024390       ?GetSkill@KSkillManager@@QAEPAVISkill@@HHW4eSKillStyle@@@Z 10025390 f i KNpc.obj
 0001:00024400       ?AddHead@KList@@QAEXPAVKNode@@@Z 10025400 f i KNpc.obj
 0001:00024430       ?InsertAfter@KNode@@QAEXPAV1@@Z 10025430 f i KNpc.obj
 0001:000244b0       ??0KNpcTemplate@@QAE@XZ    100254b0 f i KNpc.obj
 0001:000244e0       ?GetMapX@KNpc@@QBEHXZ      100254e0 f i KNpc.obj
 0001:00024500       ?GetMapY@KNpc@@QBEHXZ      10025500 f i KNpc.obj
 0001:00024520       ?GetOffX@KNpc@@QBEHXZ      10025520 f i KNpc.obj
 0001:00024540       ?GetOffY@KNpc@@QBEHXZ      10025540 f i KNpc.obj
 0001:00024560       ??0?$vector@UFindPathNode@@V?$allocator@UFindPathNode@@@std@@@std@@QAE@ABV?$allocator@UFindPathNode@@@1@@Z 10025560 f i KNpc.obj
 0001:000245a0       ??1?$vector@UFindPathNode@@V?$allocator@UFindPathNode@@@std@@@std@@QAE@XZ 100255a0 f i KNpc.obj
 0001:00024610       ?_Destroy@?$vector@UFindPathNode@@V?$allocator@UFindPathNode@@@std@@@std@@IAEXPAUFindPathNode@@0@Z 10025610 f i KNpc.obj
 0001:00024650       ?deallocate@?$allocator@UFindPathNode@@@std@@QAEXPAXI@Z 10025650 f i KNpc.obj
 0001:00024680       ?destroy@?$allocator@UFindPathNode@@@std@@QAEXPAUFindPathNode@@@Z 10025680 f i KNpc.obj
 0001:000246b0       ?_Destroy@std@@YAXPAUFindPathNode@@@Z 100256b0 f i KNpc.obj
 0001:000246e7       ??0KNpcAI@@QAE@XZ          100256e7 f   KNpcAI.obj
 0001:0002470f       ?Activate@KNpcAI@@QAEXH@Z  1002570f f   KNpcAI.obj
 0001:000247e4       ?ProcessShowNpc@KNpcAI@@AAEHXZ 100257e4 f   KNpcAI.obj
 0001:00024915       ?ShowNpcType11@KNpcAI@@AAEHXZ 10025915 f   KNpcAI.obj
 0001:00024b38       ?ShowNpcType12@KNpcAI@@AAEHXZ 10025b38 f   KNpcAI.obj
 0001:00024d77       ?ShowNpcType13@KNpcAI@@AAEHXZ 10025d77 f   KNpcAI.obj
 0001:00024f58       ?ShowNpcType14@KNpcAI@@AAEHXZ 10025f58 f   KNpcAI.obj
 0001:000251b5       ?ShowNpcType15@KNpcAI@@AAEHXZ 100261b5 f   KNpcAI.obj
 0001:00025396       ?ShowNpcType16@KNpcAI@@AAEHXZ 10026396 f   KNpcAI.obj
 0001:000255d3       ?ShowNpcType17@KNpcAI@@AAEHXZ 100265d3 f   KNpcAI.obj
 0001:00025825       ?ProcessPlayer@KNpcAI@@AAEXXZ 10026825 f   KNpcAI.obj
 0001:00025896       ?FollowObject@KNpcAI@@AAEXH@Z 10026896 f   KNpcAI.obj
 0001:00025933       ?FollowPeople@KNpcAI@@AAEXH@Z 10026933 f   KNpcAI.obj
 0001:00025d97       ?TriggerMapTrap@KNpcAI@@AAEXXZ 10026d97 f   KNpcAI.obj
 0001:00025dc9       ?TriggerObjectTrap@KNpcAI@@AAEXXZ 10026dc9 f   KNpcAI.obj
 0001:00025ddb       ?GetNearestNpc@KNpcAI@@AAEHH@Z 10026ddb f   KNpcAI.obj
 0001:0002654f       ?IsPlayerCome@KNpcAI@@AAEHXZ 1002754f f   KNpcAI.obj
 0001:00026615       ?GetNpcNumber@KNpcAI@@AAEHH@Z 10027615 f   KNpcAI.obj
 0001:000268c2       ?KeepAttackRange@KNpcAI@@AAEXHH@Z 100278c2 f   KNpcAI.obj
 0001:000269ad       ?FollowAttack@KNpcAI@@AAEXH@Z 100279ad f   KNpcAI.obj
 0001:00026acd       ?InEyeshot@KNpcAI@@AAEHH@Z 10027acd f   KNpcAI.obj
 0001:00026b22       ?CommonAction@KNpcAI@@AAEXXZ 10027b22 f   KNpcAI.obj
 0001:00026c7f       ?KeepActiveRange@KNpcAI@@AAEHXZ 10027c7f f   KNpcAI.obj
 0001:00026dbc       ?DoShowFlee@KNpcAI@@AAEHH@Z 10027dbc f   KNpcAI.obj
 0001:00026ef4       ?Flee@KNpcAI@@AAEXH@Z      10027ef4 f   KNpcAI.obj
 0001:00026f93       ?ProcessAIType01@KNpcAI@@AAEXXZ 10027f93 f   KNpcAI.obj
 0001:00027200       ?ProcessAIType02@KNpcAI@@AAEXXZ 10028200 f   KNpcAI.obj
 0001:00027521       ?ProcessAIType03@KNpcAI@@AAEXXZ 10028521 f   KNpcAI.obj
 0001:000277cf       ?ProcessAIType04@KNpcAI@@AAEXXZ 100287cf f   KNpcAI.obj
 0001:000279f3       ?ProcessAIType05@KNpcAI@@AAEXXZ 100289f3 f   KNpcAI.obj
 0001:00027ccb       ?ProcessAIType06@KNpcAI@@AAEXXZ 10028ccb f   KNpcAI.obj
 0001:00027f30       ?ProcessAIType07@KNpcAI@@AAEXXZ 10028f30 f   KNpcAI.obj
 0001:000280d0       ?CanShowNpc@KNpcAI@@AAEHXZ 100290d0 f i KNpcAI.obj
 0001:00028150       ?GetNpcMoveOffset@KNpcAI@@AAEHHHPAH0@Z 10029150 f i KNpcAI.obj
 0001:00028220       ?GetRandomNumber@@YAHHH@Z  10029220 f i KNpcAI.obj
 0001:000282ab       ??0KNpcAttribModify@@QAE@XZ 100292ab f   KNpcAttribModify.obj
 0001:0002890c       ??1KNpcAttribModify@@QAE@XZ 1002990c f   KNpcAttribModify.obj
 0001:0002891e       ?ModifyAttrib@KNpcAttribModify@@QAEXPAVKNpc@@PAX@Z 1002991e f   KNpcAttribModify.obj
 0001:0002899d       ?AddColdDamageV@KNpcAttribModify@@AAEXPAVKNpc@@PAX@Z 1002999d f   KNpcAttribModify.obj
 0001:00028a67       ?AddFireDamageV@KNpcAttribModify@@AAEXPAVKNpc@@PAX@Z 10029a67 f   KNpcAttribModify.obj
 0001:00028aee       ?AddLightingDamageV@KNpcAttribModify@@AAEXPAVKNpc@@PAX@Z 10029aee f   KNpcAttribModify.obj
 0001:00028b75       ?AddPhysicsDamageP@KNpcAttribModify@@AAEXPAVKNpc@@PAX@Z 10029b75 f   KNpcAttribModify.obj
 0001:00028cf5       ?AddPoisonDamageV@KNpcAttribModify@@AAEXPAVKNpc@@PAX@Z 10029cf5 f   KNpcAttribModify.obj
 0001:00028dca       ?AddPhysicsDamageV@KNpcAttribModify@@AAEXPAVKNpc@@PAX@Z 10029dca f   KNpcAttribModify.obj
 0001:00028e08       ?AllresP@KNpcAttribModify@@AAEXPAVKNpc@@PAX@Z 10029e08 f   KNpcAttribModify.obj
 0001:00028ef1       ?AllSkillV@KNpcAttribModify@@AAEXPAVKNpc@@PAX@Z 10029ef1 f   KNpcAttribModify.obj
 0001:00028fce       ?AttackRatingP@KNpcAttribModify@@AAEXPAVKNpc@@PAX@Z 10029fce f   KNpcAttribModify.obj
 0001:0002906d       ?AttackRatingV@KNpcAttribModify@@AAEXPAVKNpc@@PAX@Z 1002a06d f   KNpcAttribModify.obj
 0001:000290df       ?AttackSpeedV@KNpcAttribModify@@AAEXPAVKNpc@@PAX@Z 1002a0df f   KNpcAttribModify.obj
 0001:00029151       ?BadStatusTimeReduceV@KNpcAttribModify@@AAEXPAVKNpc@@PAX@Z 1002a151 f   KNpcAttribModify.obj
 0001:00029174       ?BurnTimeReduceP@KNpcAttribModify@@AAEXPAVKNpc@@PAX@Z 1002a174 f   KNpcAttribModify.obj
 0001:00029188       ?CastSpeedV@KNpcAttribModify@@AAEXPAVKNpc@@PAX@Z 1002a188 f   KNpcAttribModify.obj
 0001:000291fa       ?ChangeCampV@KNpcAttribModify@@AAEXPAVKNpc@@PAX@Z 1002a1fa f   KNpcAttribModify.obj
 0001:00029293       ?ColdArmorV@KNpcAttribModify@@AAEXPAVKNpc@@PAX@Z 1002a293 f   KNpcAttribModify.obj
 0001:000292a7       ?ColdresP@KNpcAttribModify@@AAEXPAVKNpc@@PAX@Z 1002a2a7 f   KNpcAttribModify.obj
 0001:00029319       ?DeadlyStrikeP@KNpcAttribModify@@AAEXPAVKNpc@@PAX@Z 1002a319 f   KNpcAttribModify.obj
 0001:0002938b       ?DexterityV@KNpcAttribModify@@AAEXPAVKNpc@@PAX@Z 1002a38b f   KNpcAttribModify.obj
 0001:0002941f       ?EarthSkillV@KNpcAttribModify@@AAEXPAVKNpc@@PAX@Z 1002a41f f   KNpcAttribModify.obj
 0001:00029475       ?EnergyV@KNpcAttribModify@@AAEXPAVKNpc@@PAX@Z 1002a475 f   KNpcAttribModify.obj
 0001:00029509       ?FastHitRecoverV@KNpcAttribModify@@AAEXPAVKNpc@@PAX@Z 1002a509 f   KNpcAttribModify.obj
 0001:0002957b       ?FastWalkRunP@KNpcAttribModify@@AAEXPAVKNpc@@PAX@Z 1002a57b f   KNpcAttribModify.obj
 0001:00029634       ?FireArmorV@KNpcAttribModify@@AAEXPAVKNpc@@PAX@Z 1002a634 f   KNpcAttribModify.obj
 0001:00029648       ?FireSkillV@KNpcAttribModify@@AAEXPAVKNpc@@PAX@Z 1002a648 f   KNpcAttribModify.obj
 0001:0002969e       ?FreezeTimeReduceP@KNpcAttribModify@@AAEXPAVKNpc@@PAX@Z 1002a69e f   KNpcAttribModify.obj
 0001:000296dc       ?KnockBackP@KNpcAttribModify@@AAEXPAVKNpc@@PAX@Z 1002a6dc f   KNpcAttribModify.obj
 0001:0002974e       ?LifeMaxP@KNpcAttribModify@@AAEXPAVKNpc@@PAX@Z 1002a74e f   KNpcAttribModify.obj
 0001:00029820       ?LifeMaxV@KNpcAttribModify@@AAEXPAVKNpc@@PAX@Z 1002a820 f   KNpcAttribModify.obj
 0001:0002988f       ?LifeReplenishV@KNpcAttribModify@@AAEXPAVKNpc@@PAX@Z 1002a88f f   KNpcAttribModify.obj
 0001:000298fe       ?LifeV@KNpcAttribModify@@AAEXPAVKNpc@@PAX@Z 1002a8fe f   KNpcAttribModify.obj
 0001:0002996d       ?LightingArmorV@KNpcAttribModify@@AAEXPAVKNpc@@PAX@Z 1002a96d f   KNpcAttribModify.obj
 0001:00029981       ?LightingresP@KNpcAttribModify@@AAEXPAVKNpc@@PAX@Z 1002a981 f   KNpcAttribModify.obj
 0001:000299f3       ?LuckyV@KNpcAttribModify@@AAEXPAVKNpc@@PAX@Z 1002a9f3 f   KNpcAttribModify.obj
 0001:00029a5c       ?ManaMaxP@KNpcAttribModify@@AAEXPAVKNpc@@PAX@Z 1002aa5c f   KNpcAttribModify.obj
 0001:00029af8       ?ManaMaxV@KNpcAttribModify@@AAEXPAVKNpc@@PAX@Z 1002aaf8 f   KNpcAttribModify.obj
 0001:00029b67       ?ManaReplenishV@KNpcAttribModify@@AAEXPAVKNpc@@PAX@Z 1002ab67 f   KNpcAttribModify.obj
 0001:00029bd9       ?ManaV@KNpcAttribModify@@AAEXPAVKNpc@@PAX@Z 1002abd9 f   KNpcAttribModify.obj
 0001:00029c48       ?ManaShieldP@KNpcAttribModify@@AAEXPAVKNpc@@PAX@Z 1002ac48 f   KNpcAttribModify.obj
 0001:00029cc1       ?MeleeDamageReturnP@KNpcAttribModify@@AAEXPAVKNpc@@PAX@Z 1002acc1 f   KNpcAttribModify.obj
 0001:00029d33       ?MeleeDamageReturnV@KNpcAttribModify@@AAEXPAVKNpc@@PAX@Z 1002ad33 f   KNpcAttribModify.obj
 0001:00029da5       ?MetalSkillV@KNpcAttribModify@@AAEXPAVKNpc@@PAX@Z 1002ada5 f   KNpcAttribModify.obj
 0001:00029dfb       ?PhysicsArmorV@KNpcAttribModify@@AAEXPAVKNpc@@PAX@Z 1002adfb f   KNpcAttribModify.obj
 0001:00029e0f       ?PhysicsresP@KNpcAttribModify@@AAEXPAVKNpc@@PAX@Z 1002ae0f f   KNpcAttribModify.obj
 0001:00029e81       ?Damage2ManaP@KNpcAttribModify@@AAEXPAVKNpc@@PAX@Z 1002ae81 f   KNpcAttribModify.obj
 0001:00029ef3       ?PoisonArmorV@KNpcAttribModify@@AAEXPAVKNpc@@PAX@Z 1002aef3 f   KNpcAttribModify.obj
 0001:00029f07       ?PoisonDamageReduceV@KNpcAttribModify@@AAEXPAVKNpc@@PAX@Z 1002af07 f   KNpcAttribModify.obj
 0001:00029f8e       ?PoisonresP@KNpcAttribModify@@AAEXPAVKNpc@@PAX@Z 1002af8e f   KNpcAttribModify.obj
 0001:0002a000       ?PoisonTimeReduceP@KNpcAttribModify@@AAEXPAVKNpc@@PAX@Z 1002b000 f   KNpcAttribModify.obj
 0001:0002a072       ?RangeDamageReturnV@KNpcAttribModify@@AAEXPAVKNpc@@PAX@Z 1002b072 f   KNpcAttribModify.obj
 0001:0002a0e4       ?RangeDamageReturnP@KNpcAttribModify@@AAEXPAVKNpc@@PAX@Z 1002b0e4 f   KNpcAttribModify.obj
 0001:0002a156       ?SlowMissleB@KNpcAttribModify@@AAEXPAVKNpc@@PAX@Z 1002b156 f   KNpcAttribModify.obj
 0001:0002a1b9       ?StaminaMaxP@KNpcAttribModify@@AAEXPAVKNpc@@PAX@Z 1002b1b9 f   KNpcAttribModify.obj
 0001:0002a255       ?StaminaMaxV@KNpcAttribModify@@AAEXPAVKNpc@@PAX@Z 1002b255 f   KNpcAttribModify.obj
 0001:0002a2c4       ?StaminaReplenishV@KNpcAttribModify@@AAEXPAVKNpc@@PAX@Z 1002b2c4 f   KNpcAttribModify.obj
 0001:0002a336       ?StaminaV@KNpcAttribModify@@AAEXPAVKNpc@@PAX@Z 1002b336 f   KNpcAttribModify.obj
 0001:0002a3a5       ?StealLifeP@KNpcAttribModify@@AAEXPAVKNpc@@PAX@Z 1002b3a5 f   KNpcAttribModify.obj
 0001:0002a41e       ?StealManaP@KNpcAttribModify@@AAEXPAVKNpc@@PAX@Z 1002b41e f   KNpcAttribModify.obj
 0001:0002a497       ?StealStaminaP@KNpcAttribModify@@AAEXPAVKNpc@@PAX@Z 1002b497 f   KNpcAttribModify.obj
 0001:0002a510       ?StrengthV@KNpcAttribModify@@AAEXPAVKNpc@@PAX@Z 1002b510 f   KNpcAttribModify.obj
 0001:0002a5a4       ?StunTimeReduceP@KNpcAttribModify@@AAEXPAVKNpc@@PAX@Z 1002b5a4 f   KNpcAttribModify.obj
 0001:0002a616       ?VisionRadiusP@KNpcAttribModify@@AAEXPAVKNpc@@PAX@Z 1002b616 f   KNpcAttribModify.obj
 0001:0002a688       ?VitalityV@KNpcAttribModify@@AAEXPAVKNpc@@PAX@Z 1002b688 f   KNpcAttribModify.obj
 0001:0002a71c       ?WaterSkillV@KNpcAttribModify@@AAEXPAVKNpc@@PAX@Z 1002b71c f   KNpcAttribModify.obj
 0001:0002a772       ?WoodSkillV@KNpcAttribModify@@AAEXPAVKNpc@@PAX@Z 1002b772 f   KNpcAttribModify.obj
 0001:0002a7c8       ?FireresP@KNpcAttribModify@@AAEXPAVKNpc@@PAX@Z 1002b7c8 f   KNpcAttribModify.obj
 0001:0002a844       ?ArmorDefenseV@KNpcAttribModify@@AAEXPAVKNpc@@PAX@Z 1002b844 f   KNpcAttribModify.obj
 0001:0002a8b6       ?ColdEnhanceP@KNpcAttribModify@@AAEXPAVKNpc@@PAX@Z 1002b8b6 f   KNpcAttribModify.obj
 0001:0002a928       ?FireEnhanceP@KNpcAttribModify@@AAEXPAVKNpc@@PAX@Z 1002b928 f   KNpcAttribModify.obj
 0001:0002a99a       ?LightingEnhanceP@KNpcAttribModify@@AAEXPAVKNpc@@PAX@Z 1002b99a f   KNpcAttribModify.obj
 0001:0002aa0c       ?PoisonEnhanceP@KNpcAttribModify@@AAEXPAVKNpc@@PAX@Z 1002ba0c f   KNpcAttribModify.obj
 0001:0002aa7e       ?LifePotionV@KNpcAttribModify@@AAEXPAVKNpc@@PAX@Z 1002ba7e f   KNpcAttribModify.obj
 0001:0002ab6b       ?ManaPotionV@KNpcAttribModify@@AAEXPAVKNpc@@PAX@Z 1002bb6b f   KNpcAttribModify.obj
 0001:0002ac58       ?PhysicsResMaxP@KNpcAttribModify@@AAEXPAVKNpc@@PAX@Z 1002bc58 f   KNpcAttribModify.obj
 0001:0002acca       ?ColdResMaxP@KNpcAttribModify@@AAEXPAVKNpc@@PAX@Z 1002bcca f   KNpcAttribModify.obj
 0001:0002ad3c       ?FireResMaxP@KNpcAttribModify@@AAEXPAVKNpc@@PAX@Z 1002bd3c f   KNpcAttribModify.obj
 0001:0002adb8       ?LightingResMaxP@KNpcAttribModify@@AAEXPAVKNpc@@PAX@Z 1002bdb8 f   KNpcAttribModify.obj
 0001:0002ae2a       ?PoisonResMaxP@KNpcAttribModify@@AAEXPAVKNpc@@PAX@Z 1002be2a f   KNpcAttribModify.obj
 0001:0002ae9c       ?AllResMaxP@KNpcAttribModify@@AAEXPAVKNpc@@PAX@Z 1002be9c f   KNpcAttribModify.obj
 0001:0002af85       ?FatallyStrikeP@KNpcAttribModify@@AAEXPAVKNpc@@PAX@Z 1002bf85 f   KNpcAttribModify.obj
 0001:0002af99       ?MixPoisonDamage@KNpcAttribModify@@QAEXPAUKMagicAttrib@@0@Z 1002bf99 f   KNpcAttribModify.obj
 0001:0002b09d       ?AddPhysicsMagicV@KNpcAttribModify@@AAEXPAVKNpc@@PAX@Z 1002c09d f   KNpcAttribModify.obj
 0001:0002b131       ?AddColdMagicV@KNpcAttribModify@@AAEXPAVKNpc@@PAX@Z 1002c131 f   KNpcAttribModify.obj
 0001:0002b246       ?AddFireMagicV@KNpcAttribModify@@AAEXPAVKNpc@@PAX@Z 1002c246 f   KNpcAttribModify.obj
 0001:0002b2da       ?AddLightingMagicV@KNpcAttribModify@@AAEXPAVKNpc@@PAX@Z 1002c2da f   KNpcAttribModify.obj
 0001:0002b36e       ?AddPoisonMagicV@KNpcAttribModify@@AAEXPAVKNpc@@PAX@Z 1002c36e f   KNpcAttribModify.obj
 0001:0002b443       ?DynamicMagicShieldV@KNpcAttribModify@@AAEXPAVKNpc@@PAX@Z 1002c443 f   KNpcAttribModify.obj
 0001:0002b4bf       ?ReturnResP@KNpcAttribModify@@AAEXPAVKNpc@@PAX@Z 1002c4bf f   KNpcAttribModify.obj
 0001:0002b53b       ?ExpEnhanceP@KNpcAttribModify@@AAEXPAVKNpc@@PAX@Z 1002c53b f   KNpcAttribModify.obj
 0001:0002b5b7       ?PoisonDamageReturnP@KNpcAttribModify@@AAEXPAVKNpc@@PAX@Z 1002c5b7 f   KNpcAttribModify.obj
 0001:0002b633       ?ReturnSkillP@KNpcAttribModify@@AAEXPAVKNpc@@PAX@Z 1002c633 f   KNpcAttribModify.obj
 0001:0002b6af       ?AutoReplySkill@KNpcAttribModify@@AAEXPAVKNpc@@PAX@Z 1002c6af f   KNpcAttribModify.obj
 0001:0002b76e       ?LifeReplenishP@KNpcAttribModify@@AAEXPAVKNpc@@PAX@Z 1002c76e f   KNpcAttribModify.obj
 0001:0002b7ea       ?IgnoreSkillP@KNpcAttribModify@@AAEXPAVKNpc@@PAX@Z 1002c7ea f   KNpcAttribModify.obj
 0001:0002b866       ?AutoAttackSkill@KNpcAttribModify@@AAEXPAVKNpc@@PAX@Z 1002c866 f   KNpcAttribModify.obj
 0001:0002b8f4       ?Poison2DecManaP@KNpcAttribModify@@AAEXPAVKNpc@@PAX@Z 1002c8f4 f   KNpcAttribModify.obj
 0001:0002b9b3       ?SkillAppendSkill@KNpcAttribModify@@AAEXPAVKNpc@@PAX@Z 1002c9b3 f   KNpcAttribModify.obj
 0001:0002bbce       ?HideNpc@KNpcAttribModify@@AAEXPAVKNpc@@PAX@Z 1002cbce f   KNpcAttribModify.obj
 0001:0002bc4d       ?AutoDeathSkill@KNpcAttribModify@@AAEXPAVKNpc@@PAX@Z 1002cc4d f   KNpcAttribModify.obj
 0001:0002bcdb       ?RandMove@KNpcAttribModify@@AAEXPAVKNpc@@PAX@Z 1002ccdb f   KNpcAttribModify.obj
 0001:0002bd63       ?IgnoreNegativeStateP@KNpcAttribModify@@AAEXPAVKNpc@@PAX@Z 1002cd63 f   KNpcAttribModify.obj
 0001:0002be21       ?AutoRescueSkill@KNpcAttribModify@@AAEXPAVKNpc@@PAX@Z 1002ce21 f   KNpcAttribModify.obj
 0001:0002beaf       ?StaticMagicShieldP@KNpcAttribModify@@AAEXPAVKNpc@@PAX@Z 1002ceaf f   KNpcAttribModify.obj
 0001:0002bf30       ??0KNpcFindPath@@QAE@XZ    1002cf30 f   KNpcFindPath.obj
 0001:0002bf94       ?Init@KNpcFindPath@@QAEXH@Z 1002cf94 f   KNpcFindPath.obj
 0001:0002bff6       ?GetDir@KNpcFindPath@@QAEHHHHHHHPAH0@Z 1002cff6 f   KNpcFindPath.obj
 0001:0002c61d       ?Dir64To8@KNpcFindPath@@QAEHH@Z 1002d61d f   KNpcFindPath.obj
 0001:0002c63d       ?Dir8To64@KNpcFindPath@@QAEHH@Z 1002d63d f   KNpcFindPath.obj
 0001:0002c657       ?CheckDistance@KNpcFindPath@@QAEHHHHHH@Z 1002d657 f   KNpcFindPath.obj
 0001:0002c6b9       ?CheckBarrier@KNpcFindPath@@QAEHHH@Z 1002d6b9 f   KNpcFindPath.obj
 0001:0002c770       ?Init@KNpcGold@@QAEXH@Z    1002d770 f   KNpcGold.obj
 0001:0002c79e       ?Release@KNpcGold@@QAEXXZ  1002d79e f   KNpcGold.obj
 0001:0002c841       ?SetGoldType@KNpcGold@@QAEXH@Z 1002d841 f   KNpcGold.obj
 0001:0002c855       ?SetGoldTypeAndBackData@KNpcGold@@QAEXXZ 1002d855 f   KNpcGold.obj
 0001:0002c9a5       ?RecoverBackData@KNpcGold@@QAEXXZ 1002d9a5 f   KNpcGold.obj
 0001:0002ca39       ?UpdateNpcData@KNpcGold@@AAEXH@Z 1002da39 f   KNpcGold.obj
 0001:0002d701       ?GetGoldType@KNpcGold@@QAEHXZ 1002e701 f   KNpcGold.obj
 0001:0002d71e       ?SetGoldCurrentType@KNpcGold@@QAEXH@Z 1002e71e f   KNpcGold.obj
 0001:0002d7c4       ??0KNpcGoldTemplate@@QAE@XZ 1002e7c4 f   KNpcGold.obj
 0001:0002d803       ?Init@KNpcGoldTemplate@@QAEHXZ 1002e803 f   KNpcGold.obj
 0001:0002e260       ??0KNpcRes@@QAE@XZ         1002f260 f   KNpcRes.obj
 0001:0002e3c3       ?Init@KNpcRes@@QAEHPADPAVKNpcResList@@@Z 1002f3c3 f   KNpcRes.obj
 0001:0002e772       ?Remove@KNpcRes@@QAEXH@Z   1002f772 f   KNpcRes.obj
 0001:0002e7c8       ?Draw@KNpcRes@@QAEXHHHHH@Z 1002f7c8 f   KNpcRes.obj
 0001:0002f78c       ?GetShadowName@KNpcRes@@SAXPAD0@Z 1003078c f   KNpcRes.obj
 0001:0002f7a8       ??1KNpcRes@@QAE@XZ         100307a8 f   KNpcRes.obj
 0001:0002f7d2       ?SetHelm@KNpcRes@@QAEHH@Z  100307d2 f   KNpcRes.obj
 0001:0002f934       ?SetArmor@KNpcRes@@QAEHH@Z 10030934 f   KNpcRes.obj
 0001:0002fabc       ?SetWeapon@KNpcRes@@QAEHH@Z 10030abc f   KNpcRes.obj
 0001:000300ef       ?SetHorse@KNpcRes@@QAEHH@Z 100310ef f   KNpcRes.obj
 0001:0003025d       ?SetMantle@KNpcRes@@QAEHF@Z 1003125d f   KNpcRes.obj
 0001:000303f2       ?SetAction@KNpcRes@@QAEHH@Z 100313f2 f   KNpcRes.obj
 0001:00030a2d       ?SetRideHorse@KNpcRes@@QAEHH@Z 10031a2d f   KNpcRes.obj
 0001:0003105f       ?SetPos@KNpcRes@@QAEXHHHHHH@Z 1003205f f   KNpcRes.obj
 0001:000310e8       ?SetState@KNpcRes@@QAEXPAVKList@@PAVKNpcResList@@@Z 100320e8 f   KNpcRes.obj
 0001:000314ea       ?SetSpecialSpr@KNpcRes@@QAEXPAD@Z 100324ea f   KNpcRes.obj
 0001:000315b6       ?SetMenuStateSpr@KNpcRes@@AAEXH@Z 100325b6 f   KNpcRes.obj
 0001:000316ce       ?SetBlur@KNpcRes@@QAEXH@Z  100326ce f   KNpcRes.obj
 0001:00031726       ?GetSoundName@KNpcRes@@AAEXXZ 10032726 f   KNpcRes.obj
 0001:0003176a       ?PlaySoundA@KNpcRes@@AAEXHH@Z 1003276a f   KNpcRes.obj
 0001:00031899       ?GetSndVolume@KNpcRes@@QAEHH@Z 10032899 f   KNpcRes.obj
 0001:000318dc       ?StopSound@KNpcRes@@QAEXXZ 100328dc f   KNpcRes.obj
 0001:00031961       ?SetMenuState@KNpcRes@@QAEXHPADH@Z 10032961 f   KNpcRes.obj
 0001:000319f3       ?GetMenuState@KNpcRes@@QAEHXZ 100329f3 f   KNpcRes.obj
 0001:00031a25       ?SetSleepState@KNpcRes@@QAEXH@Z 10032a25 f   KNpcRes.obj
 0001:00031aa1       ?GetSleepState@KNpcRes@@QAEHXZ 10032aa1 f   KNpcRes.obj
 0001:00031ac4       ?DrawBorder@KNpcRes@@QAEXXZ 10032ac4 f   KNpcRes.obj
 0001:00031cb1       ?DrawMenuState@KNpcRes@@QAEHH@Z 10032cb1 f   KNpcRes.obj
 0001:00031e56       ?GetNormalNpcStandDir@KNpcRes@@QAEHH@Z 10032e56 f   KNpcRes.obj
 0001:00031ec9       ?GetSprNumFrames@KNpcRes@@QAEHPBDH@Z 10032ec9 f   KNpcRes.obj
 0001:00031f27       ?SetBlurSecMove@KNpcRes@@QAEXHHHH@Z 10032f27 f   KNpcRes.obj
 0001:00032092       ?RemoveBlurSecMove@KNpcRes@@QAEXH@Z 10033092 f   KNpcRes.obj
 0001:000320c2       ??0KStateSpr@@QAE@XZ       100330c2 f   KNpcRes.obj
 0001:000320f4       ?Release@KStateSpr@@QAEXXZ 100330f4 f   KNpcRes.obj
 0001:0003214c       ??0KNpcBlur@@QAE@XZ        1003314c f   KNpcRes.obj
 0001:00032188       ??1KNpcBlur@@QAE@XZ        10033188 f   KNpcRes.obj
 0001:0003219a       ?SetNextNo@KNpcBlur@@QAEXXZ 1003319a f   KNpcRes.obj
 0001:000321ce       ?SetMapPos@KNpcBlur@@QAEXHHHH@Z 100331ce f   KNpcRes.obj
 0001:00032266       ?ChangeAlpha@KNpcBlur@@QAEXXZ 10033266 f   KNpcRes.obj
 0001:000324c7       ?ClearCurNo@KNpcBlur@@QAEXXZ 100334c7 f   KNpcRes.obj
 0001:00032520       ?SetFile@KNpcBlur@@QAEXHPADHHHHH@Z 10033520 f   KNpcRes.obj
 0001:0003267c       ?Draw@KNpcBlur@@QAEXH@Z    1003367c f   KNpcRes.obj
 0001:000326da       ?NowGetBlur@KNpcBlur@@QAEHXZ 100336da f   KNpcRes.obj
 0001:000326fe       ?Init@KNpcBlur@@QAEHXZ     100336fe f   KNpcRes.obj
 0001:000327f8       ?Remove@KNpcBlur@@QAEXXZ   100337f8 f   KNpcRes.obj
 0001:00032885       ?Remove@KNpcBlur@@QAEXH@Z  10033885 f   KNpcRes.obj
 0001:00032993       ?AddObj@KNpcBlur@@QAEXXZ   10033993 f   KNpcRes.obj
 0001:000329a5       ?RemoveObj@KNpcBlur@@QAEXXZ 100339a5 f   KNpcRes.obj
 0001:000329c0       ?CheckExist@KSprControl@@QAEHXZ 100339c0 f i KNpcRes.obj
 0001:000329f0       ?GetNpcKind@KNpcResNode@@QAEHXZ 100339f0 f i KNpcRes.obj
 0001:00032a6b       ??0KNpcResList@@QAE@XZ     10033a6b f   KNpcResList.obj
 0001:00032ae6       ??1KNpcResList@@QAE@XZ     10033ae6 f   KNpcResList.obj
 0001:00032bb0       ?Init@KNpcResList@@QAEHXZ  10033bb0 f   KNpcResList.obj
 0001:00032c30       ?FindNpcRes@KNpcResList@@AAEPAVKNpcResNode@@PAD@Z 10033c30 f   KNpcResList.obj
 0001:00032cde       ?AddNpcRes@KNpcResList@@QAEPAVKNpcResNode@@PAD@Z 10033cde f   KNpcResList.obj
 0001:00032e20       ??0KNpcResNode@@QAE@XZ     10033e20 f   KNpcResNode.obj
 0001:00032f38       ??1KNpcResNode@@UAE@XZ     10033f38 f   KNpcResNode.obj
 0001:00032fef       ?Init@KNpcResNode@@QAEHPADPAVCActionName@@1@Z 10033fef f   KNpcResNode.obj
 0001:000348ca       ?ComposePathAndName@KNpcResNode@@QAEXPAD00@Z 100358ca f   KNpcResNode.obj
 0001:0003498f       ?CheckPartExist@KNpcResNode@@QAEHH@Z 1003598f f   KNpcResNode.obj
 0001:000349d2       ?GetFileName@KNpcResNode@@QAEHHHHPAD0H@Z 100359d2 f   KNpcResNode.obj
 0001:00034a34       ?GetInterval@KNpcResNode@@QAEHHHHH@Z 10035a34 f   KNpcResNode.obj
 0001:00034a81       ?GetTotalFrames@KNpcResNode@@QAEHHHHH@Z 10035a81 f   KNpcResNode.obj
 0001:00034ace       ?GetTotalDirs@KNpcResNode@@QAEHHHHH@Z 10035ace f   KNpcResNode.obj
 0001:00034b1b       ?GetActNo@KNpcResNode@@QAEHHHH@Z 10035b1b f   KNpcResNode.obj
 0001:00034b7b       ?GetSort@KNpcResNode@@QAEHHHHPAHH@Z 10035b7b f   KNpcResNode.obj
 0001:00034c23       ?GetActionSoundName@KNpcResNode@@QAEXHPAD@Z 10035c23 f   KNpcResNode.obj
 0001:00034c83       ?GetShadowName@KNpcResNode@@SAXPAD0@Z 10035c83 f   KNpcResNode.obj
 0001:00034d0d       ??0CActionName@@QAE@XZ     10035d0d f   KNpcResNode.obj
 0001:00034d6f       ?Init@CActionName@@QAEHPAD@Z 10035d6f f   KNpcResNode.obj
 0001:00034f6e       ?GetActionNo@CActionName@@QAEHPAD@Z 10035f6e f   KNpcResNode.obj
 0001:00034ff0       ?GetActionCount@CActionName@@QAEHXZ 10035ff0 f   KNpcResNode.obj
 0001:0003500b       ?GetActionName@CActionName@@QAEHHPADH@Z 1003600b f   KNpcResNode.obj
 0001:00035085       ??0CShadowFileName@@QAE@XZ 10036085 f   KNpcResNode.obj
 0001:000350ad       ??1CShadowFileName@@QAE@XZ 100360ad f   KNpcResNode.obj
 0001:00035101       ?Init@CShadowFileName@@QAEXH@Z 10036101 f   KNpcResNode.obj
 0001:000351a0       ?GetFile@CShadowFileName@@QAEHHPAH0000PAD@Z 100361a0 f   KNpcResNode.obj
 0001:00035268       ??0CStateMagicTable@@QAE@XZ 10036268 f   KNpcResNode.obj
 0001:0003532e       ?Init@CStateMagicTable@@QAEHXZ 1003632e f   KNpcResNode.obj
 0001:000356c2       ?GetInfo@CStateMagicTable@@QAEXHPADPAH111111@Z 100366c2 f   KNpcResNode.obj
 0001:000357df       ??0CRESINFO@@QAE@XZ        100367df f   KNpcResNode.obj
 0001:00035811       ??1CRESINFO@@QAE@XZ        10036811 f   KNpcResNode.obj
 0001:00035835       ?AutoDelete@CRESINFO@@QAEXXZ 10036835 f   KNpcResNode.obj
 0001:00035895       ?AutoNew@CRESINFO@@QAEHHH@Z 10036895 f   KNpcResNode.obj
 0001:000359a5       ?GetName@CRESINFO@@QAEHHHPAD0H@Z 100369a5 f   KNpcResNode.obj
 0001:00035a53       ?GetInterval@CRESINFO@@QAEHHHH@Z 10036a53 f   KNpcResNode.obj
 0001:00035aa6       ?GetTotalFrames@CRESINFO@@QAEHHHH@Z 10036aa6 f   KNpcResNode.obj
 0001:00035af8       ?GetTotalDirs@CRESINFO@@QAEHHHH@Z 10036af8 f   KNpcResNode.obj
 0001:00035b4b       ??0CEquipStyleTable@@QAE@XZ 10036b4b f   KNpcResNode.obj
 0001:00035b7d       ??1CEquipStyleTable@@QAE@XZ 10036b7d f   KNpcResNode.obj
 0001:00035ba1       ?AutoDelete@CEquipStyleTable@@QAEXXZ 10036ba1 f   KNpcResNode.obj
 0001:00035c01       ?AutoNew@CEquipStyleTable@@QAEHHH@Z 10036c01 f   KNpcResNode.obj
 0001:00035cb9       ?SetValue@CEquipStyleTable@@QAEXHHH@Z 10036cb9 f   KNpcResNode.obj
 0001:00035d08       ?GetValue@CEquipStyleTable@@QAEHHH@Z 10036d08 f   KNpcResNode.obj
 0001:00035d65       ??0CSortTable@@QAE@XZ      10036d65 f   KNpcResNode.obj
 0001:00035dd7       ??1CSortTable@@QAE@XZ      10036dd7 f   KNpcResNode.obj
 0001:00035dfb       ?Release@CSortTable@@AAEXXZ 10036dfb f   KNpcResNode.obj
 0001:00035e92       ?SortStrToNum@CSortTable@@AAEXPADPAHH@Z 10036e92 f   KNpcResNode.obj
 0001:00035ff1       ?GetTable@CSortTable@@QAEHPADPAVCActionName@@H@Z 10036ff1 f   KNpcResNode.obj
 0001:00036120       ?GetTable@CSortTable@@QAEHPAVKIniFile@@PAVCActionName@@H@Z 10037120 f   KNpcResNode.obj
 0001:0003699d       ?GetSort@CSortTable@@QAEHHHHPAHH@Z 1003799d f   KNpcResNode.obj
 0001:00036ec0       ??_EKNpcResNode@@UAEPAXI@Z 10037ec0 f i KNpcResNode.obj
 0001:00036ec0       ??_GKNpcResNode@@UAEPAXI@Z 10037ec0 f i KNpcResNode.obj
 0001:00036f00       ??0SACTTABLEOFF@@QAE@XZ    10037f00 f i KNpcResNode.obj
 0001:00036f30       ?Clear@SACTTABLEOFF@@QAEXXZ 10037f30 f i KNpcResNode.obj
 0001:00036f60       ??0SECTINFO@KNpcResNode@@QAE@XZ 10037f60 f i KNpcResNode.obj
 0001:00036f90       ?Clear@SECTINFO@KNpcResNode@@QAEXXZ 10037f90 f i KNpcResNode.obj
 0001:0003701b       ??0KNpcSet@@QAE@XZ         1003801b f   KNpcSet.obj
 0001:000370f4       ?Init@KNpcSet@@QAEXXZ      100380f4 f   KNpcSet.obj
 0001:00037260       ?LoadPlayerBaseValue@KNpcSet@@QAEXPAD@Z 10038260 f   KNpcSet.obj
 0001:00037494       ?IsNpcExist@KNpcSet@@QAEHHK@Z 10038494 f   KNpcSet.obj
 0001:000374c5       ?GenOneRelation@KNpcSet@@AAE?AW4NPC_RELATION@@W4NPCKIND@@0W4NPCCAMP@@1W4NPCFIGHT@@2@Z 100384c5 f   KNpcSet.obj
 0001:000375d1       ?GenRelationTable@KNpcSet@@AAEHXZ 100385d1 f   KNpcSet.obj
 0001:00037740       ?SearchID@KNpcSet@@QAEHK@Z 10038740 f   KNpcSet.obj
 0001:000377bd       ?SearchClientID@KNpcSet@@QAEHUKClientNpcID@@@Z 100387bd f   KNpcSet.obj
 0001:0003784e       ?SearchName@KNpcSet@@QAEHPAD@Z 1003884e f   KNpcSet.obj
 0001:000378e0       ?SearchNameID@KNpcSet@@QAEHK@Z 100388e0 f   KNpcSet.obj
 0001:0003799c       ?FindFree@KNpcSet@@AAEHXZ  1003899c f   KNpcSet.obj
 0001:000379d4       ?AddClientNpc@KNpcSet@@QAEHHHHHHH@Z 100389d4 f   KNpcSet.obj
 0001:00037b4b       ?Add@KNpcSet@@QAEHHHPAX@Z  10038b4b f   KNpcSet.obj
 0001:00037cb9       ?Add@KNpcSet@@QAEHHHHHH@Z  10038cb9 f   KNpcSet.obj
 0001:00037d5b       ?Add@KNpcSet@@QAEHHHHHHHHH@Z 10038d5b f   KNpcSet.obj
 0001:0003800c       ?Remove@KNpcSet@@QAEXH@Z   1003900c f   KNpcSet.obj
 0001:000380b1       ?RemoveAll@KNpcSet@@QAEXXZ 100390b1 f   KNpcSet.obj
 0001:000381ab       ?InsertNpcToRegion@KNpcSet@@QAEXH@Z 100391ab f   KNpcSet.obj
 0001:000382e1       ?GetDistance@KNpcSet@@SAHHH@Z 100392e1 f   KNpcSet.obj
 0001:00038594       ?GetDistanceSquare@KNpcSet@@SAHHH@Z 10039594 f   KNpcSet.obj
 0001:0003880f       ?GetNextIdx@KNpcSet@@QAEHH@Z 1003980f f   KNpcSet.obj
 0001:0003885e       ?CheckBalance@KNpcSet@@QAEXXZ 1003985e f   KNpcSet.obj
 0001:00038b73       ?GetAroundPlayerForTeamInvite@KNpcSet@@QAEHPAUKUiPlayerItem@@H@Z 10039b73 f   KNpcSet.obj
 0001:00038e38       ?GetAroundPlayer@KNpcSet@@QAEHPAUKUiPlayerItem@@H@Z 10039e38 f   KNpcSet.obj
 0001:00038ff1       ?SetShowNameFlag@KNpcSet@@QAEXH@Z 10039ff1 f   KNpcSet.obj
 0001:00039037       ?CheckShowName@KNpcSet@@QAEHXZ 1003a037 f   KNpcSet.obj
 0001:00039055       ?SetShowLifeFlag@KNpcSet@@QAEXH@Z 1003a055 f   KNpcSet.obj
 0001:0003909b       ?CheckShowLife@KNpcSet@@QAEHXZ 1003a09b f   KNpcSet.obj
 0001:000390b9       ?SetShowChatFlag@KNpcSet@@QAEXH@Z 1003a0b9 f   KNpcSet.obj
 0001:000390ff       ?CheckShowChat@KNpcSet@@QAEHXZ 1003a0ff f   KNpcSet.obj
 0001:0003911d       ?SetShowManaFlag@KNpcSet@@QAEXH@Z 1003a11d f   KNpcSet.obj
 0001:00039163       ?CheckShowMana@KNpcSet@@QAEHXZ 1003a163 f   KNpcSet.obj
 0001:00039181       ?AutoGetNpcNear@KNpcSet@@QAEHHHHHQAHHHH@Z 1003a181 f   KNpcSet.obj
 0001:00039359       ?GetDistanceMps@KNpcSet@@QAEHHHHH@Z 1003a359 f   KNpcSet.obj
 0001:000393b9       ?AutoGetPlayerPk@KNpcSet@@QAEHHHHH@Z 1003a3b9 f   KNpcSet.obj
 0001:00039536       ?ClearActivateFlagOfAllNpc@KNpcSet@@QAEXXZ 1003a536 f   KNpcSet.obj
 0001:000395a9       ?GetAroundOpenCaptain@KNpcSet@@QAEXH@Z 1003a5a9 f   KNpcSet.obj
 0001:00039808       ?SearchNpcAt@KNpcSet@@QAEHHHHH@Z 1003a808 f   KNpcSet.obj
 0001:000399eb       ?IsNpcRequestExist@KNpcSet@@QAEHK@Z 1003a9eb f   KNpcSet.obj
 0001:00039a1e       ?InsertNpcRequest@KNpcSet@@QAEXK@Z 1003aa1e f   KNpcSet.obj
 0001:00039b00       ?RemoveNpcRequest@KNpcSet@@QAEXK@Z 1003ab00 f   KNpcSet.obj
 0001:00039bcd       ?GetRequestIndex@KNpcSet@@QAEHK@Z 1003abcd f   KNpcSet.obj
 0001:00039c53       ?GetRelation@KNpcSet@@QAE?AW4NPC_RELATION@@HH@Z 1003ac53 f   KNpcSet.obj
 0001:0003a2b1       ??0KInstantSpecial@@QAE@XZ 1003b2b1 f   KNpcSet.obj
 0001:0003a345       ?LoadSprName@KInstantSpecial@@AAEXXZ 1003b345 f   KNpcSet.obj
 0001:0003a46a       ?LoadSoundName@KInstantSpecial@@AAEXXZ 1003b46a f   KNpcSet.obj
 0001:0003a5f9       ?GetSprName@KInstantSpecial@@QAEXHPADH@Z 1003b5f9 f   KNpcSet.obj
 0001:0003a697       ?PlaySoundA@KInstantSpecial@@QAEXH@Z 1003b697 f   KNpcSet.obj
 0001:0003a7b0       ??1KNpcSet@@QAE@XZ         1003b7b0 f i KNpcSet.obj
 0001:0003a870       ?GetEnmityPKAimNpcID@KPlayerPK@@QAEHXZ 1003b870 f i KNpcSet.obj
 0001:0003a890       ?GetExercisePKAim@KPlayerPK@@QAEHXZ 1003b890 f i KNpcSet.obj
 0001:0003a8b0       ?InitNpcBaseData@KNpcTemplate@@QAEXH@Z 1003b8b0 f   KNpcTemplate.obj
 0001:0003ace7       ?InitNpcLevelData@KNpcTemplate@@QAEXPAVKTabFile@@HPAVKLuaScript@@HH@Z 1003bce7 f   KNpcTemplate.obj
 0001:0003ae9b       ?GetNpcLevelDataFromScript@KNpcTemplate@@SAHPAVKLuaScript@@PADHH1@Z 1003be9b f   KNpcTemplate.obj
 0001:0003af88       ?GetNpcLevelDataFromScript@KNpcTemplate@@SAHPAVKLuaScript@@PADHHNNN@Z 1003bf88 f   KNpcTemplate.obj
 0001:0003b072       ?SkillString2Id@KNpcTemplate@@SAHPAD@Z 1003c072 f   KNpcTemplate.obj
 0001:0003b1e8       ??0KPlayer@@QAE@XZ         1003c1e8 f   KPlayer.obj
 0001:0003b2dc       ??1KPlayer@@QAE@XZ         1003c2dc f   KPlayer.obj
 0001:0003b36e       ?Release@KPlayer@@QAEXXZ   1003c36e f   KPlayer.obj
 0001:0003b622       ?SetPlayerIndex@KPlayer@@QAEXH@Z 1003c622 f   KPlayer.obj
 0001:0003b651       ?GetPlayerIndex@KPlayer@@QAEHXZ 1003c651 f   KPlayer.obj
 0001:0003b669       ?Active@KPlayer@@QAEXXZ    1003c669 f   KPlayer.obj
 0001:0003b85a       ?ProcessMsg@KPlayer@@QAEXPAVKWorldMsgNode@@@Z 1003c85a f   KPlayer.obj
 0001:0003b880       ?ProcessInputMsg@KPlayer@@QAEXIIJ@Z 1003c880 f   KPlayer.obj
 0001:0003badb       ?OnButtonDown@KPlayer@@AAEXHHHW4MOUSE_BUTTON@@@Z 1003cadb f   KPlayer.obj
 0001:0003bb41       ?OnButtonMove@KPlayer@@AAEXHHHW4MOUSE_BUTTON@@@Z 1003cb41 f   KPlayer.obj
 0001:0003bb84       ?OnButtonUp@KPlayer@@AAEXHHW4MOUSE_BUTTON@@@Z 1003cb84 f   KPlayer.obj
 0001:0003bba6       ?OnMouseMove@KPlayer@@AAEXHH@Z 1003cba6 f   KPlayer.obj
 0001:0003bd74       ?ProcessMouse@KPlayer@@AAEXHHHW4MOUSE_BUTTON@@@Z 1003cd74 f   KPlayer.obj
 0001:0003c3fe       ?Walk@KPlayer@@QAEXHH@Z    1003d3fe f   KPlayer.obj
 0001:0003c5e9       ?TurnLeft@KPlayer@@QAEXXZ  1003d5e9 f   KPlayer.obj
 0001:0003c68d       ?TurnRight@KPlayer@@QAEXXZ 1003d68d f   KPlayer.obj
 0001:0003c731       ?TurnBack@KPlayer@@QAEXXZ  1003d731 f   KPlayer.obj
 0001:0003c7e9       ?FindSelectNpc@KPlayer@@QAEXHHH@Z 1003d7e9 f   KPlayer.obj
 0001:0003c886       ?FindSelectObject@KPlayer@@QAEXHH@Z 1003d886 f   KPlayer.obj
 0001:0003c8e6       ?NetCommandPlayerTalk@KPlayer@@AAEHPAE@Z 1003d8e6 f   KPlayer.obj
 0001:0003c8fc       ?ConformIdx@KPlayer@@QAEHH@Z 1003d8fc f   KPlayer.obj
 0001:0003c92d       ?ResetBaseAttribute@KPlayer@@QAEXD@Z 1003d92d f   KPlayer.obj
 0001:0003cc40       ?CalcCurLucky@KPlayer@@AAEXXZ 1003dc40 f   KPlayer.obj
 0001:0003cc64       ?ChangeCurStrength@KPlayer@@QAEXH@Z 1003dc64 f   KPlayer.obj
 0001:0003cc9f       ?ChangeCurDexterity@KPlayer@@QAEXH@Z 1003dc9f f   KPlayer.obj
 0001:0003cd62       ?ChangeCurVitality@KPlayer@@QAEXH@Z 1003dd62 f   KPlayer.obj
 0001:0003ce17       ?ChangeCurEngergy@KPlayer@@QAEXH@Z 1003de17 f   KPlayer.obj
 0001:0003ce8b       ?AddBaseLucky@KPlayer@@QAEXH@Z 1003de8b f   KPlayer.obj
 0001:0003cec6       ?SetNpcPhysicsDamage@KPlayer@@AAEXXZ 1003dec6 f   KPlayer.obj
 0001:0003cffe       ?SetNpcAttackRating@KPlayer@@AAEXXZ 1003dffe f   KPlayer.obj
 0001:0003d054       ?SetNpcDefence@KPlayer@@AAEXXZ 1003e054 f   KPlayer.obj
 0001:0003d0ac       ?AddExp@KPlayer@@QAEXMHH@Z 1003e0ac f   KPlayer.obj
 0001:0003d0df       ?AddSelfExp@KPlayer@@QAEXHH@Z 1003e0df f   KPlayer.obj
 0001:0003d2a0       ?DirectAddExp@KPlayer@@QAEXH@Z 1003e2a0 f   KPlayer.obj
 0001:0003d326       ?LevelUp@KPlayer@@QAEXXZ   1003e326 f   KPlayer.obj
 0001:0003d892       ?UpdataCurData@KPlayer@@QAEXXZ 1003e892 f   KPlayer.obj
 0001:0003e2a4       ?ReCalcEquip@KPlayer@@QAEXXZ 1003f2a4 f   KPlayer.obj
 0001:0003e3db       ?ReCalcState@KPlayer@@QAEXXZ 1003f3db f   KPlayer.obj
 0001:0003e460       ?AddLeadExp@KPlayer@@QAEXH@Z 1003f460 f   KPlayer.obj
 0001:0003e536       ?LevelAddBaseLifeMax@KPlayer@@AAEXXZ 1003f536 f   KPlayer.obj
 0001:0003e5cc       ?LevelAddBaseStaminaMax@KPlayer@@AAEXXZ 1003f5cc f   KPlayer.obj
 0001:0003e678       ?LevelAddBaseManaMax@KPlayer@@AAEXXZ 1003f678 f   KPlayer.obj
 0001:0003e70e       ?ChangePlayerCamp@KPlayer@@QAEXH@Z 1003f70e f   KPlayer.obj
 0001:0003e748       ?ApplyTeamInfo@KPlayer@@QAEXK@Z 1003f748 f   KPlayer.obj
 0001:0003e7cc       ?ApplySelfTeamInfo@KPlayer@@QAEXXZ 1003f7cc f   KPlayer.obj
 0001:0003e806       ?ApplyCreateTeam@KPlayer@@QAEHXZ 1003f806 f   KPlayer.obj
 0001:0003e830       ?ApplyTeamOpenClose@KPlayer@@QAEHH@Z 1003f830 f   KPlayer.obj
 0001:0003e93d       ?ApplyAddTeam@KPlayer@@QAEXH@Z 1003f93d f   KPlayer.obj
 0001:0003eafe       ?AcceptTeamMember@KPlayer@@QAEXK@Z 1003fafe f   KPlayer.obj
 0001:0003ec12       ?TeamDropApplyOne@KPlayer@@QAEXK@Z 1003fc12 f   KPlayer.obj
 0001:0003ecb5       ?LeaveTeam@KPlayer@@QAEXXZ 1003fcb5 f   KPlayer.obj
 0001:0003ed38       ?TeamKickMember@KPlayer@@QAEXK@Z 1003fd38 f   KPlayer.obj
 0001:0003ede0       ?ApplyTeamChangeCaptain@KPlayer@@QAEXK@Z 1003fde0 f   KPlayer.obj
 0001:0003ee88       ?ApplyTeamDismiss@KPlayer@@QAEXXZ 1003fe88 f   KPlayer.obj
 0001:0003ef24       ?ApplySetPK@KPlayer@@QAEXH@Z 1003ff24 f   KPlayer.obj
 0001:0003efb1       ?ApplyFactionData@KPlayer@@QAEXXZ 1003ffb1 f   KPlayer.obj
 0001:0003f034       ?SendChat@KPlayer@@QAEXPAUKUiMsgParam@@PAD@Z 10040034 f   KPlayer.obj
 0001:0003f0ef       ?ApplyAddBaseAttribute@KPlayer@@QAEXHH@Z 100400ef f   KPlayer.obj
 0001:0003f19e       ?ApplyAddSkillLevel@KPlayer@@QAEHHH@Z 1004019e f   KPlayer.obj
 0001:0003f29c       ?ApplyUseItem@KPlayer@@QAEHHUItemPos@@@Z 1004029c f   KPlayer.obj
 0001:0003f69b       ?PickUpObj@KPlayer@@QAEXH@Z 1004069b f   KPlayer.obj
 0001:0003f886       ?ObjMouseClick@KPlayer@@QAEXH@Z 10040886 f   KPlayer.obj
 0001:0003f947       ?MoveItem@KPlayer@@QAEXUItemPos@@0@Z 10040947 f   KPlayer.obj
 0001:0003fd65       ?ThrowAwayItem@KPlayer@@QAEHXZ 10040d65 f   KPlayer.obj
 0001:000400eb       ?AutoThrowAwayItem@KPlayer@@QAEHH@Z 100410eb f   KPlayer.obj
 0001:000402a8       ?ChatAddFriend@KPlayer@@QAEXH@Z 100412a8 f   KPlayer.obj
 0001:00040335       ?ChatRefuseFriend@KPlayer@@QAEXH@Z 10041335 f   KPlayer.obj
 0001:000403c2       ?TradeApplyOpen@KPlayer@@QAEXPADH@Z 100413c2 f   KPlayer.obj
 0001:00040481       ?TradeApplyClose@KPlayer@@QAEXXZ 10041481 f   KPlayer.obj
 0001:00040512       ?TradeApplyStart@KPlayer@@QAEXH@Z 10041512 f   KPlayer.obj
 0001:0004065c       ?TradeMoveMoney@KPlayer@@QAEHH@Z 1004165c f   KPlayer.obj
 0001:00040743       ?TradeDecision@KPlayer@@QAEXH@Z 10041743 f   KPlayer.obj
 0001:00040814       ?TradeApplyLock@KPlayer@@QAEXH@Z 10041814 f   KPlayer.obj
 0001:000408d0       ?s2cApplyAddTeam@KPlayer@@QAEXPAE@Z 100418d0 f   KPlayer.obj
 0001:00040b67       ?TaskGetSaveVal@KPlayer@@QAEHH@Z 10041b67 f   KPlayer.obj
 0001:00040b97       ?TaskSetSaveVal@KPlayer@@QAEXHH@Z 10041b97 f   KPlayer.obj
 0001:00040c40       ?TaskGetClearVal@KPlayer@@QAEHH@Z 10041c40 f   KPlayer.obj
 0001:00040c70       ?TaskSetClearVal@KPlayer@@QAEXHH@Z 10041c70 f   KPlayer.obj
 0001:00040ca4       ?CheckRideHorse@KPlayer@@QAEXH@Z 10041ca4 f   KPlayer.obj
 0001:00040d7a       ?SetLevel@KPlayer@@QAEXE@Z 10041d7a f   KPlayer.obj
 0001:000415d6       ?RefeshPlayer@KPlayer@@QAEX_N@Z 100425d6 f   KPlayer.obj
 0001:0004163e       ?AddAllSkillPoint@KPlayer@@QAEXH@Z 1004263e f   KPlayer.obj
 0001:000416c9       ?AddSkillPoint@KPlayer@@QAEXHH@Z 100426c9 f   KPlayer.obj
 0001:0004186a       ?UpdateSkillPointAdd@KPlayer@@QAEXXZ 1004286a f   KPlayer.obj
 0001:000418eb       ?SetDefaultImmedSkill@KPlayer@@QAEXXZ 100428eb f   KPlayer.obj
 0001:000419bc       ?SetLeftSkill@KPlayer@@QAEXH@Z 100429bc f   KPlayer.obj
 0001:00041a32       ?SetRightSkill@KPlayer@@QAEXH@Z 10042a32 f   KPlayer.obj
 0001:00041b1a       ?UpdateWeaponSkill@KPlayer@@QAEXXZ 10042b1a f   KPlayer.obj
 0001:00041c15       ?SetChatCurChannel@KPlayer@@QAEXH@Z 10042c15 f   KPlayer.obj
 0001:00041c49       ?TeamInviteAdd@KPlayer@@QAEXK@Z 10042c49 f   KPlayer.obj
 0001:00041c79       ?ExecuteScript@KPlayer@@QAEHPAD0H@Z 10042c79 f   KPlayer.obj
 0001:00041ce4       ?ExecuteScript@KPlayer@@QAEHKPADH@Z 10042ce4 f   KPlayer.obj
 0001:00041f4b       ?ExecuteScript@KPlayer@@QAEHKPAD0@Z 10042f4b f   KPlayer.obj
 0001:000421e7       ?ExecuteScript@KPlayer@@QAEHPAD00@Z 100431e7 f   KPlayer.obj
 0001:00042261       ?ExecuteScript2@KPlayer@@QAEHPAD0HHH@Z 10043261 f   KPlayer.obj
 0001:000422d2       ?ExecuteScript2@KPlayer@@QAEHKPADHHH@Z 100432d2 f   KPlayer.obj
 0001:0004254e       ?ExecuteScript2@KPlayer@@QAEHPAD0H0H@Z 1004354e f   KPlayer.obj
 0001:000425bf       ?ExecuteScript2@KPlayer@@QAEHKPADH0H@Z 100435bf f   KPlayer.obj
 0001:0004283b       ?DoScriptAction@KPlayer@@QAEXPAUPLAYER_SCRIPTACTION_SYNC@@@Z 1004383b f   KPlayer.obj
 0001:0004287b       ?ProcessPlayerSelectFromUI@KPlayer@@QAEXPAE@Z 1004387b f   KPlayer.obj
 0001:00042a54       ?OnSelectFromUI@KPlayer@@QAEXPAUPLAYER_SELECTUI_COMMAND@@W4UIInfo@@@Z 10043a54 f   KPlayer.obj
 0001:00042d01       ?ChatFriendOnLine@KPlayer@@QAEXKH@Z 10043d01 f   KPlayer.obj
 0001:00042e4e       ?GetFactionName@KPlayer@@QAEXPADH@Z 10043e4e f   KPlayer.obj
 0001:00042e7e       ?OnScriptAction@KPlayer@@QAEXPAUPLAYER_SCRIPTACTION_SYNC@@@Z 10043e7e f   KPlayer.obj
 0001:000445b0       ?s2cTradeChangeState@KPlayer@@QAEXPAE@Z 100455b0 f   KPlayer.obj
 0001:00044aa0       ?s2cLevelUp@KPlayer@@QAEXPAE@Z 10045aa0 f   KPlayer.obj
 0001:00045434       ?s2cGetCurAttribute@KPlayer@@QAEXPAE@Z 10046434 f   KPlayer.obj
 0001:00045945       ?s2cSetExp@KPlayer@@QAEXH@Z 10046945 f   KPlayer.obj
 0001:00045a7b       ?s2cSyncMoney@KPlayer@@QAEXPAE@Z 10046a7b f   KPlayer.obj
 0001:00045c14       ?s2cTradeApplyStart@KPlayer@@QAEXPAE@Z 10046c14 f   KPlayer.obj
 0001:00045d10       ?s2cTradeMoneySync@KPlayer@@QAEXPAE@Z 10046d10 f   KPlayer.obj
 0001:00045d83       ?s2cTradeDecision@KPlayer@@QAEXPAE@Z 10046d83 f   KPlayer.obj
 0001:00045fd5       ?SyncCurPlayer@KPlayer@@QAEXPAE@Z 10046fd5 f   KPlayer.obj
 0001:00046556       ?CheckTrading@KPlayer@@QAEHXZ 10047556 f   KPlayer.obj
 0001:00046579       ?SetFirstDamage@KPlayer@@QAEXXZ 10047579 f   KPlayer.obj
 0001:000469c3       ?SetBaseAttackRating@KPlayer@@QAEXXZ 100479c3 f   KPlayer.obj
 0001:000469fa       ?SetBaseDefence@KPlayer@@QAEXXZ 100479fa f   KPlayer.obj
 0001:00046a2d       ?SetBaseResistData@KPlayer@@QAEXXZ 10047a2d f   KPlayer.obj
 0001:00046c51       ?SetBaseSpeedAndRadius@KPlayer@@QAEXXZ 10047c51 f   KPlayer.obj
 0001:00046cf9       ?DialogNpc@KPlayer@@QAEXH@Z 10047cf9 f   KPlayer.obj
 0001:00046dea       ?CheckObject@KPlayer@@QAEXH@Z 10047dea f   KPlayer.obj
 0001:00046eba       ?ShopApplyOpen@KPlayer@@QAEHXZ 10047eba f   KPlayer.obj
 0001:00047060       ?ShopApplyClose@KPlayer@@QAEHXZ 10048060 f   KPlayer.obj
 0001:0004714e       ?DrawSelectInfo@KPlayer@@QAEXXZ 1004814e f   KPlayer.obj
 0001:000472ae       ?GetEchoDamage@KPlayer@@QAEXPAH00H@Z 100482ae f   KPlayer.obj
 0001:00047d1f       ?SetNpcDamageAttrib@KPlayer@@QAEXXZ 10048d1f f   KPlayer.obj
 0001:00047d43       ?SetBronzeCoin@KPlayer@@QAEXH@Z 10048d43 f   KPlayer.obj
 0001:00047d60       ?GetBronzeCoin@KPlayer@@QAEHXZ 10048d60 f   KPlayer.obj
 0001:00047d78       ?SetLockBronzeCoin@KPlayer@@QAEXH@Z 10048d78 f   KPlayer.obj
 0001:00047d95       ?GetLockBronzeCoin@KPlayer@@QAEHXZ 10048d95 f   KPlayer.obj
 0001:00047dad       ?HideMask@KPlayer@@QAEXH@Z 10048dad f   KPlayer.obj
 0001:00047eb8       ?SetExpAddNo@KPlayer@@AAEXH@Z 10048eb8 f   KPlayer.obj
 0001:00047f3c       ?ClientSystemMsg@KPlayer@@QAEXPBD0@Z 10048f3c f   KPlayer.obj
 0001:00047f8e       ?SetAutoFlag@KPlayer@@QAEXH@Z 10048f8e f   KPlayer.obj
 0001:00047fae       ?SetStoreBoxNum@KPlayer@@QAEXE@Z 10048fae f   KPlayer.obj
 0001:00047fd3       ?SetExpandBoxNum@KPlayer@@QAEXE@Z 10048fd3 f   KPlayer.obj
 0001:00048000       ??0KPlayerAI@@QAE@XZ       10049000 f i KPlayer.obj
 0001:00048070       ??1KPlayerAI@@QAE@XZ       10049070 f i KPlayer.obj
 0001:000480a0       ??0KEquipmentArray@@QAE@XZ 100490a0 f i KPlayer.obj
 0001:000480e0       ??1KEquipmentArray@@QAE@XZ 100490e0 f i KPlayer.obj
 0001:00048110       ??0KAutoMove@@QAE@XZ       10049110 f i KPlayer.obj
 0001:00048130       ??0KPlayerChat@@QAE@XZ     10049130 f i KPlayer.obj
 0001:000481c0       ??1KPlayerChat@@QAE@XZ     100491c0 f i KPlayer.obj
 0001:00048250       ??1CChatFriendTeam@@QAE@XZ 10049250 f i KPlayer.obj
 0001:00048280       ?Clear@BuySellInfo@@QAEXXZ 10049280 f i KPlayer.obj
 0001:000482c0       ?IsCanInput@KNpc@@QAEHXZ   100492c0 f i KPlayer.obj
 0001:000482e0       ?GetWidth@KItem@@QBEEXZ    100492e0 f i KPlayer.obj
 0001:00048300       ?GetHeight@KItem@@QBEEXZ   10049300 f i KPlayer.obj
 0001:00048320       ?GetGenre@KItem@@QBEDXZ    10049320 f i KPlayer.obj
 0001:00048340       ?GetDetailType@KItem@@QBEFXZ 10049340 f i KPlayer.obj
 0001:00048360       ?GetParticular@KItem@@QAEFXZ 10049360 f i KPlayer.obj
 0001:00048380       ?GetMaxStackCount@KItem@@QBEHXZ 10049380 f i KPlayer.obj
 0001:000483a0       ?GetBindState@KItem@@QBEKXZ 100493a0 f i KPlayer.obj
 0001:000483c0       ?GetID@KItem@@QBEKXZ       100493c0 f i KPlayer.obj
 0001:000483e0       ?GetSkillIdxLevel@KSkillList@@QBEHH@Z 100493e0 f i KPlayer.obj
 0001:00048410       ?ResetSkillPointAdd@KSkillList@@QAEXH@Z 10049410 f i KPlayer.obj
 0001:00048440       ??_EKLuaScript@@UAEPAXI@Z  10049440 f i KPlayer.obj
 0001:00048440       ??_GKLuaScript@@UAEPAXI@Z  10049440 f i KPlayer.obj
 0001:00048490       ?GetBaseMagic@KItem@@QBEHXZ 10049490 f i KPlayer.obj
 0001:000484b0       ?FindSame@KEquipmentArray@@QAEHH@Z 100494b0 f   KPlayerAI.obj
 0001:0004851b       ?Init@KPlayerAI@@QAEXXZ    1004951b f   KPlayerAI.obj
 0001:0004853f       ?Release@KPlayerAI@@QAEXXZ 1004953f f   KPlayerAI.obj
 0001:00048b32       ?ResetAuto@KPlayerAI@@QAEXXZ 10049b32 f   KPlayerAI.obj
 0001:00048c35       ?SendAroundAuto@KPlayerAI@@QAEXH@Z 10049c35 f   KPlayerAI.obj
 0001:00048d5e       ?Active@KPlayerAI@@QAEXXZ  10049d5e f   KPlayerAI.obj
[...]
 0003:01cd5580       ?g_ClientWeaponSkillTabFile@@3VKTabFile@@A 11da0580     KCore.obj
 0003:01cd55a0       ?g_pAdjustColorTab@@3PAIA  11da05a0     KCore.obj
 0003:01cd55a4       ?g_ulAdjustColorCount@@3IA 11da05a4     KCore.obj
 0003:01cd55a8       ?g_bUISelIntelActiveWithServer@@3HA 11da05a8     KCore.obj
 0003:01cd55ac       ?g_bUISpeakActiveWithServer@@3HA 11da05ac     KCore.obj
 0003:01cd55b0       ?g_bUISelLastSelCount@@3HA 11da05b0     KCore.obj
 0003:01cd55b4       ?g_pMusic@@3PAVKMusic@@A   11da05b4     KCore.obj
 0003:01cd55b8       ?g_pNpcLevelScript@@3PAVKLuaScript@@A 11da05b8     KCore.obj
 0003:01cd55c0       ?SubWorld@@3PAVKSubWorld@@A 11da05c0     KSubWorld.obj
 0003:01cd56c8       ?nActiveRegionCount@@3HA   11da06c8     KSubWorldSet.obj
 0003:01cd56d0       ?g_SubWorldSet@@3VKSubWorldSet@@A 11da06d0     KSubWorldSet.obj
 0003:01ce17d8       ?g_nConquerSeries@@3PAHA   11dac7d8     KMath.obj
 0003:01ce17ec       ?g_nAccrueSeries@@3PAHA    11dac7ec     KMath.obj
 0003:01ce1800       ?g_ProtocolProcess@@3VKProtocolProcess@@A 11dac800     KProtocolProcess.obj
 0003:01ce1bf8       ?g_TempValue@@3PAHA        11dacbf8     ScriptFuns.obj
 0003:01ce23c8       ?g_StoryScriptList@@3VKScriptList@@A 11dad3c8     ScriptFuns.obj
 0003:01ce23e0       ?g_ScriptValueSet@@3VKScriptValueSet@@A 11dad3e0     KScriptValueSet.obj
 0003:01ce2414       ?g_pMainScript@@3PAVKLuaScript@@A 11dad414     KScriptValueSet.obj
 0003:01ce2428       ?g_szCurScriptDir@@3PADA   11dad428     KSortScript.obj
 0003:01ce252c       ?nCurrentScriptNum@@3IA    11dad52c     KSortScript.obj
 0003:01ce2530       ?g_ScriptBinTree@@3V?$BinSTree@VKSortScriptNode@@@@A 11dad530     KSortScript.obj
 0003:01ce2540       ?g_ScriptSet@@3PAVKLuaScript@@A 11dad540     KSortScript.obj
 0003:01ce25bc       ?l_pDataChangedNotifyFunc@@3PAUIClientCallback@@A 11dad5bc     CoreShell.obj
 0003:01ce2608       ?g_ScenePlace@@3VKScenePlaceC@@A 11dad608     KScenePlaceC.obj
 0003:01d4fa9c       ?g_bShowGameInfo@@3_NA     11e1aa9c     KScenePlaceC.obj
 0003:01d4faa0       ?g_nMapIndex@@3HA          11e1aaa0     KScenePlaceC.obj
 0003:01d4faa4       ?g_bShowObstacle@@3HA      11e1aaa4     KScenePlaceC.obj
 0003:01d4fb24       ?g_pRepresent@@3PAUiRepresentShell@@A 11e1ab24     ImgRef.obj
 0003:01d4fb28       ?l_Time@@3IA               11e1ab28     ImgRef.obj
 0003:01d4fb30       ?g_MagicDesc@@3VKMagicDesc@@A 11e1ab30     KMagicDesc.obj
 0003:01d4fd90       ?g_StringResourseTabFile@@3VKTabFile@@A 11e1ad90     KTaskFuns.obj
 0003:01d4fdb8       ?Option@@3VKOption@@A      11e1adb8     KOption.obj
 0003:01d4fdc8       ?Ladder@@3VKLadder@@A      11e1adc8     KLadder.obj
 0003:01d517b0       ?g_LoadFile@@3VZLoadFile@@A 11e1c7b0     ZLoadFile.obj
 0003:01d51ac8       ?g_JXPathFinder@@3VKJXPathFinder@@A 11e1cac8     KJXPathFinder.obj
 0003:01d51b14       __adjust_fdiv              11e1cb14     <common>
 0003:01d51b18       __pRawDllMain              11e1cb18     <common>
 0003:01d51b1c       ___onexitend               11e1cb1c     <common>
 0003:01d51b20       ___onexitbegin             11e1cb20     <common>

 entry point at        0001:000b7980

 Static symbols

 0001:000b2e30       _$E9                       100b3e30 f   KJXPathFinder.obj
 0001:000b2e46       _$E6                       100b3e46 f   KJXPathFinder.obj
 0001:000b2e5e       _$E8                       100b3e5e f   KJXPathFinder.obj
 0001:000b2e77       _$E7                       100b3e77 f   KJXPathFinder.obj
 0001:000b2830       _$E28                      100b3830 f   Kautoai.obj
 0001:000b2846       _$E25                      100b3846 f   Kautoai.obj
 0001:000b2868       _$E27                      100b3868 f   Kautoai.obj
 0001:000b2881       _$E26                      100b3881 f   Kautoai.obj
 0001:000b28a3       _$E34                      100b38a3 f   Kautoai.obj
 0001:000b28b9       _$E31                      100b38b9 f   Kautoai.obj
 0001:000b28db       _$E33                      100b38db f   Kautoai.obj
 0001:000b28f4       _$E32                      100b38f4 f   Kautoai.obj
 0001:000b1d20       _$E9                       100b2d20 f   ZLoadFile.obj
 0001:000b1d36       _$E6                       100b2d36 f   ZLoadFile.obj
 0001:000b1d4c       _$E8                       100b2d4c f   ZLoadFile.obj
 0001:000b1d65       _$E7                       100b2d65 f   ZLoadFile.obj
 0001:000b1a50       _$E9                       100b2a50 f   KLadder.obj
 0001:000b1a66       _$E6                       100b2a66 f   KLadder.obj
 0001:000b1a7c       _$E8                       100b2a7c f   KLadder.obj
 0001:000b1a95       _$E7                       100b2a95 f   KLadder.obj
 0001:000b00c0       _$E32                      100b10c0 f   KTaskFuns.obj
 0001:000b00d6       _$E29                      100b10d6 f   KTaskFuns.obj
 0001:000b00f8       _$E31                      100b10f8 f   KTaskFuns.obj
 0001:000b0111       _$E30                      100b1111 f   KTaskFuns.obj
 0001:000af730       _$E9                       100b0730 f   KMagicDesc.obj
 0001:000af746       _$E6                       100b0746 f   KMagicDesc.obj
 0001:000af75c       _$E8                       100b075c f   KMagicDesc.obj
 0001:000af775       _$E7                       100b0775 f   KMagicDesc.obj
 0001:000aa88f       _$E7                       100ab88f f   SceneMath.obj
 0001:000aa8a0       _$E6                       100ab8a0 f   SceneMath.obj
 0001:0009e540       _$E13                      1009f540 f   KScenePlaceC.obj
 0001:0009e556       _$E10                      1009f556 f   KScenePlaceC.obj
 0001:0009e56c       _$E12                      1009f56c f   KScenePlaceC.obj
 0001:0009e585       _$E11                      1009f585 f   KScenePlaceC.obj
 0001:0008d760       _$E33                      1008e760 f   CoreShell.obj
 0001:0008d771       _$E32                      1008e771 f   CoreShell.obj
 0001:0008c7f0       _$E9                       1008d7f0 f   KSortScript.obj
 0001:0008c806       _$E6                       1008d806 f   KSortScript.obj
 0001:0008c82d       _$E8                       1008d82d f   KSortScript.obj
 0001:0008c846       _$E7                       1008d846 f   KSortScript.obj
 0001:0008c866       _$E14                      1008d866 f   KSortScript.obj
 0001:0008c87c       _$E11                      1008d87c f   KSortScript.obj
 0001:0008c892       _$E13                      1008d892 f   KSortScript.obj
 0001:0008c8ab       _$E12                      1008d8ab f   KSortScript.obj
 0001:0008c944       ?LoadAllScript@@YAKPAD@Z   1008d944 f   KSortScript.obj
 0001:0008cd56       ?LoadScriptToSortList@@YAHPAD@Z 1008dd56 f   KSortScript.obj
 0001:0008cef0       ?LoadScriptToSortListA@@YAHPAD@Z 1008def0 f   KSortScript.obj
 0001:0008bd50       _$E9                       1008cd50 f   KScriptValueSet.obj
 0001:0008bd66       _$E6                       1008cd66 f   KScriptValueSet.obj
 0001:0008bd7c       _$E8                       1008cd7c f   KScriptValueSet.obj
 0001:0008bd95       _$E7                       1008cd95 f   KScriptValueSet.obj
 0001:00088d20       _$E32                      10089d20 f   ScriptFuns.obj
 0001:00088d36       _$E29                      10089d36 f   ScriptFuns.obj
 0001:00088d58       _$E31                      10089d58 f   ScriptFuns.obj
 0001:00088d71       _$E30                      10089d71 f   ScriptFuns.obj
 0001:0007f780       _$E35                      10080780 f   KProtocolProcess.obj
 0001:0007f796       _$E32                      10080796 f   KProtocolProcess.obj
 0001:0007f7ac       _$E34                      100807ac f   KProtocolProcess.obj
 0001:0007f7c5       _$E33                      100807c5 f   KProtocolProcess.obj
 0001:000864e3       ?sParseUGName@@YAHABV?$basic_string@DU?$char_traits@D@std@@V?$allocator@D@2@@std@@PAV12@1@Z 100874e3 f   KProtocolProcess.obj
 0001:0007bb50       _$E31                      1007cb50 f   KSubWorldSet.obj
 0001:0007bb66       _$E28                      1007cb66 f   KSubWorldSet.obj
 0001:0007bb7c       _$E30                      1007cb7c f   KSubWorldSet.obj
 0001:0007bb95       _$E29                      1007cb95 f   KSubWorldSet.obj
 0001:00078720       _$E35                      10079720 f   KSubWorld.obj
 0001:00078736       _$E32                      10079736 f   KSubWorld.obj
 0001:0007875d       _$E34                      1007975d f   KSubWorld.obj
 0001:00078776       _$E33                      10079776 f   KSubWorld.obj
 0001:00076f90       _$E10                      10077f90 f   KCore.obj
 0001:00076fa6       _$E7                       10077fa6 f   KCore.obj
 0001:00076fc8       _$E9                       10077fc8 f   KCore.obj
 0001:00076fe1       _$E8                       10077fe1 f   KCore.obj
 0001:00077003       _$E19                      10078003 f   KCore.obj
 0001:00077019       _$E16                      10078019 f   KCore.obj
 0001:0007703b       _$E18                      1007803b f   KCore.obj
 0001:00077054       _$E17                      10078054 f   KCore.obj
 0001:00077076       _$E24                      10078076 f   KCore.obj
 0001:0007708c       _$E21                      1007808c f   KCore.obj
 0001:000770ae       _$E23                      100780ae f   KCore.obj
 0001:000770c7       _$E22                      100780c7 f   KCore.obj
 0001:000770e9       _$E29                      100780e9 f   KCore.obj
 0001:000770ff       _$E26                      100780ff f   KCore.obj
 0001:00077121       _$E28                      10078121 f   KCore.obj
 0001:0007713a       _$E27                      1007813a f   KCore.obj
 0001:0007715c       _$E34                      1007815c f   KCore.obj
 0001:00077172       _$E31                      10078172 f   KCore.obj
 0001:00077194       _$E33                      10078194 f   KCore.obj
 0001:000771ad       _$E32                      100781ad f   KCore.obj
 0001:000771cf       _$E39                      100781cf f   KCore.obj
 0001:000771e5       _$E36                      100781e5 f   KCore.obj
 0001:0007721b       _$E38                      1007821b f   KCore.obj
 0001:00077234       _$E37                      10078234 f   KCore.obj
 0001:0007726a       _$E44                      1007826a f   KCore.obj
 0001:00077280       _$E41                      10078280 f   KCore.obj
 0001:000772a2       _$E43                      100782a2 f   KCore.obj
 0001:000772bb       _$E42                      100782bb f   KCore.obj
 0001:000772dd       _$E49                      100782dd f   KCore.obj
 0001:000772f3       _$E46                      100782f3 f   KCore.obj
 0001:00077315       _$E48                      10078315 f   KCore.obj
 0001:0007732e       _$E47                      1007832e f   KCore.obj
 0001:00077350       _$E54                      10078350 f   KCore.obj
 0001:00077366       _$E51                      10078366 f   KCore.obj
 0001:00077388       _$E53                      10078388 f   KCore.obj
 0001:000773a1       _$E52                      100783a1 f   KCore.obj
 0001:000773c3       _$E59                      100783c3 f   KCore.obj
 0001:000773d9       _$E56                      100783d9 f   KCore.obj
 0001:000773fb       _$E58                      100783fb f   KCore.obj
 0001:00077414       _$E57                      10078414 f   KCore.obj
 0001:00077436       _$E64                      10078436 f   KCore.obj
 0001:0007744c       _$E61                      1007844c f   KCore.obj
 0001:0007746e       _$E63                      1007846e f   KCore.obj
 0001:00077487       _$E62                      10078487 f   KCore.obj
 0001:000774a9       _$E69                      100784a9 f   KCore.obj
 0001:000774bf       _$E66                      100784bf f   KCore.obj
 0001:000774e1       _$E68                      100784e1 f   KCore.obj
 0001:000774fa       _$E67                      100784fa f   KCore.obj
 0001:0007751c       _$E74                      1007851c f   KCore.obj
 0001:00077532       _$E71                      10078532 f   KCore.obj
 0001:00077554       _$E73                      10078554 f   KCore.obj
 0001:0007756d       _$E72                      1007856d f   KCore.obj
 0001:0007758f       _$E79                      1007858f f   KCore.obj
 0001:000775a5       _$E76                      100785a5 f   KCore.obj
 0001:000775c7       _$E78                      100785c7 f   KCore.obj
 0001:000775e0       _$E77                      100785e0 f   KCore.obj
 0001:00077602       _$E84                      10078602 f   KCore.obj
 0001:00077618       _$E81                      10078618 f   KCore.obj
 0001:0007763a       _$E83                      1007863a f   KCore.obj
 0001:00077653       _$E82                      10078653 f   KCore.obj
 0001:00077675       _$E89                      10078675 f   KCore.obj
 0001:0007768b       _$E86                      1007868b f   KCore.obj
 0001:000776ad       _$E88                      100786ad f   KCore.obj
 0001:000776c6       _$E87                      100786c6 f   KCore.obj
 0001:000776e8       _$E94                      100786e8 f   KCore.obj
 0001:000776fe       _$E91                      100786fe f   KCore.obj
 0001:00077720       _$E93                      10078720 f   KCore.obj
 0001:00077739       _$E92                      10078739 f   KCore.obj
 0001:00076b90       _$E29                      10077b90 f   KViewItem.obj
 0001:00076ba1       _$E28                      10077ba1 f   KViewItem.obj
 0001:00074bd0       _$E35                      10075bd0 f   KObjSet.obj
 0001:00074be6       _$E32                      10075be6 f   KObjSet.obj
 0001:00074bfc       _$E34                      10075bfc f   KObjSet.obj
 0001:00074c15       _$E33                      10075c15 f   KObjSet.obj
 0001:00072cd0       _$E33                      10073cd0 f   KObj.obj
 0001:00072ce1       _$E32                      10073ce1 f   KObj.obj
 0001:00071e30       _$E9                       10072e30 f   KItemSet.obj
 0001:00071e46       _$E6                       10072e46 f   KItemSet.obj
 0001:00071e5c       _$E8                       10072e5c f   KItemSet.obj
 0001:00071e75       _$E7                       10072e75 f   KItemSet.obj
 0001:00066500       _$E28                      10067500 f   KItemGenerator.obj
 0001:00066516       _$E25                      10067516 f   KItemGenerator.obj
 0001:00066538       _$E27                      10067538 f   KItemGenerator.obj
 0001:00066551       _$E26                      10067551 f   KItemGenerator.obj
 0001:00066573       _$E34                      10067573 f   KItemGenerator.obj
 0001:00066589       _$E31                      10067589 f   KItemGenerator.obj
 0001:000665ab       _$E33                      100675ab f   KItemGenerator.obj
 0001:000665c4       _$E32                      100675c4 f   KItemGenerator.obj
 0001:000665e6       _$E39                      100675e6 f   KItemGenerator.obj
 0001:000665fc       _$E36                      100675fc f   KItemGenerator.obj
 0001:00066612       _$E38                      10067612 f   KItemGenerator.obj
 0001:0006662b       _$E37                      1006762b f   KItemGenerator.obj
 0001:00065ed0       _$E9                       10066ed0 f   KItemChangeRes.obj
 0001:00065ee6       _$E6                       10066ee6 f   KItemChangeRes.obj
 0001:00065efc       _$E8                       10066efc f   KItemChangeRes.obj
 0001:00065f15       _$E7                       10066f15 f   KItemChangeRes.obj
 0001:00061b90       _$E31                      10062b90 f   KItem.obj
 0001:00061ba6       _$E28                      10062ba6 f   KItem.obj
 0001:00061bd0       _$E30                      10062bd0 f   KItem.obj
 0001:00061be9       _$E29                      10062be9 f   KItem.obj
 0001:0005f690       _$E31                      10060690 f   KBuySell.obj
 0001:0005f6a6       _$E28                      100606a6 f   KBuySell.obj
 0001:0005f6bc       _$E30                      100606bc f   KBuySell.obj
 0001:0005f6d5       _$E29                      100606d5 f   KBuySell.obj
 0001:000572c0       _$E29                      100582c0 f   KPlayerTeam.obj
 0001:000572d1       _$E28                      100582d1 f   KPlayerTeam.obj
 0001:000555d0       _$E31                      100565d0 f   KPlayerSet.obj
 0001:000555e6       _$E28                      100565e6 f   KPlayerSet.obj
 0001:000555fc       _$E30                      100565fc f   KPlayerSet.obj
 0001:00055615       _$E29                      10056615 f   KPlayerSet.obj
 0001:0003b170       _$E36                      1003c170 f   KPlayer.obj
 0001:0003b186       _$E33                      1003c186 f   KPlayer.obj
 0001:0003b1ad       _$E35                      1003c1ad f   KPlayer.obj
 0001:0003b1c6       _$E34                      1003c1c6 f   KPlayer.obj
 0001:00036fc0       _$E35                      10037fc0 f   KNpcSet.obj
 0001:00036fd6       _$E32                      10037fd6 f   KNpcSet.obj
 0001:00036fec       _$E34                      10037fec f   KNpcSet.obj
 0001:00037005       _$E33                      10038005 f   KNpcSet.obj
 0001:00032a10       _$E9                       10033a10 f   KNpcResList.obj
 0001:00032a26       _$E6                       10033a26 f   KNpcResList.obj
 0001:00032a3c       _$E8                       10033a3c f   KNpcResList.obj
 0001:00032a55       _$E7                       10033a55 f   KNpcResList.obj
 0001:00028250       _$E31                      10029250 f   KNpcAttribModify.obj
 0001:00028266       _$E28                      10029266 f   KNpcAttribModify.obj
 0001:0002827c       _$E30                      1002927c f   KNpcAttribModify.obj
 0001:00028295       _$E29                      10029295 f   KNpcAttribModify.obj
 0001:000246c0       _$E29                      100256c0 f   KNpcAI.obj
 0001:000246d1       _$E28                      100256d1 f   KNpcAI.obj
 0001:00014560       _$E35                      10015560 f   KNpc.obj
 0001:00014576       _$E32                      10015576 f   KNpc.obj
 0001:000145a0       _$E34                      100155a0 f   KNpc.obj
 0001:000145b9       _$E33                      100155b9 f   KNpc.obj
 0001:00013a20       _$E13                      10014a20 f   KSkillSpecial.obj
 0001:00013a36       _$E10                      10014a36 f   KSkillSpecial.obj
 0001:00013a4c       _$E12                      10014a4c f   KSkillSpecial.obj
 0001:00013a65       _$E11                      10014a65 f   KSkillSpecial.obj
 0001:00009aa0       _$E31                      1000aaa0 f   KSkillManager.obj
 0001:00009ab6       _$E28                      1000aab6 f   KSkillManager.obj
 0001:00009acc       _$E30                      1000aacc f   KSkillManager.obj
 0001:00009ae5       _$E29                      1000aae5 f   KSkillManager.obj
 0001:00007250       _$E9                       10008250 f   KMissleSet.obj
 0001:00007266       _$E6                       10008266 f   KMissleSet.obj
 0001:0000727c       _$E8                       1000827c f   KMissleSet.obj
 0001:00007295       _$E7                       10008295 f   KMissleSet.obj
 0001:00001480       _$E35                      10002480 f   KMissle.obj
 0001:00001496       _$E32                      10002496 f   KMissle.obj
 0001:000014c0       _$E34                      100024c0 f   KMissle.obj
 0001:000014d9       _$E33                      100024d9 f   KMissle.obj
 0001:000014fe       _$E40                      100024fe f   KMissle.obj
 0001:00001514       _$E37                      10002514 f   KMissle.obj
 0001:0000153e       _$E39                      1000253e f   KMissle.obj
 0001:00001557       _$E38                      10002557 f   KMissle.obj
 0001:000b77e0       _$$$00001                  100b87e0 f   MSVCRTD:chkstk.obj
 0001:000b77ec       probepages                 100b87ec f   MSVCRTD:chkstk.obj
 0001:000b7800       lastpage                   100b8800 f   MSVCRTD:chkstk.obj
 0001:000b7750       ?ArrayUnwindFilter@@YAHPAU_EXCEPTION_POINTERS@@@Z 100b8750 f   MSVCRTD:ehvecdtr.obj
